ForkPoolWorker-1: Calling delphi to calculate conformer (1/692) GLU01A0697_001 in /tmp/pbe_data.data.home.granepura.5-Kinases.Kinases_MCCE.Trial01.run_apo.4G5J_GLU01A0697_001
ForkPoolWorker-1: Calling delphi to calculate conformer (2/692) GLU01A0697_002 in /tmp/pbe_data.data.home.granepura.5-Kinases.Kinases_MCCE.Trial01.run_apo.4G5J_GLU01A0697_002
ForkPoolWorker-1: Calling delphi to calculate conformer (3/692) GLU02A0697_003 in /tmp/pbe_data.data.home.granepura.5-Kinases.Kinases_MCCE.Trial01.run_apo.4G5J_GLU02A0697_003
ForkPoolWorker-1: Calling delphi to calculate conformer (4/692) GLU02A0697_004 in /tmp/pbe_data.data.home.granepura.5-Kinases.Kinases_MCCE.Trial01.run_apo.4G5J_GLU02A0697_004
ForkPoolWorker-1: Calling delphi to calculate conformer (5/692) GLU-1A0697_005 in /tmp/pbe_data.data.home.granepura.5-Kinases.Kinases_MCCE.Trial01.run_apo.4G5J_GLU-1A0697_005
Skipping PBE solver for non-charge conformer (6/692) ALA01A0698_001...
Skipping PBE solver for non-charge conformer (7/692) PRO01A0699_001...
ForkPoolWorker-1: Calling delphi to calculate conformer (8/692) ASN01A0700_001 in /tmp/pbe_data.data.home.granepura.5-Kinases.Kinases_MCCE.Trial01.run_apo.4G5J_ASN01A0700_001
ForkPoolWorker-1: Calling delphi to calculate conformer (9/692) ASN01A0700_002 in /tmp/pbe_data.data.home.granepura.5-Kinases.Kinases_MCCE.Trial01.run_apo.4G5J_ASN01A0700_002
ForkPoolWorker-1: Calling delphi to calculate conformer (10/692) ASN01A0700_003 in /tmp/pbe_data.data.home.granepura.5-Kinases.Kinases_MCCE.Trial01.run_apo.4G5J_ASN01A0700_003
ForkPoolWorker-1: Calling delphi to calculate conformer (11/692) ASN01A0700_004 in /tmp/pbe_data.data.home.granepura.5-Kinases.Kinases_MCCE.Trial01.run_apo.4G5J_ASN01A0700_004
ForkPoolWorker-1: Calling delphi to calculate conformer (12/692) ASN01A0700_005 in /tmp/pbe_data.data.home.granepura.5-Kinases.Kinases_MCCE.Trial01.run_apo.4G5J_ASN01A0700_005
ForkPoolWorker-1: Calling delphi to calculate conformer (13/692) GLN01A0701_001 in /tmp/pbe_data.data.home.granepura.5-Kinases.Kinases_MCCE.Trial01.run_apo.4G5J_GLN01A0701_001
ForkPoolWorker-1: Calling delphi to calculate conformer (14/692) GLN01A0701_002 in /tmp/pbe_data.data.home.granepura.5-Kinases.Kinases_MCCE.Trial01.run_apo.4G5J_GLN01A0701_002
Skipping PBE solver for non-charge conformer (15/692) ALA01A0702_001...
Skipping PBE solver for non-charge conformer (16/692) LEU01A0703_001...
Skipping PBE solver for non-charge conformer (17/692) LEU01A0704_001...
ForkPoolWorker-1: Calling delphi to calculate conformer (18/692) ARG01A0705_001 in /tmp/pbe_data.data.home.granepura.5-Kinases.Kinases_MCCE.Trial01.run_apo.4G5J_ARG01A0705_001
ForkPoolWorker-1: Calling delphi to calculate conformer (19/692) ARG02A0705_002 in /tmp/pbe_data.data.home.granepura.5-Kinases.Kinases_MCCE.Trial01.run_apo.4G5J_ARG02A0705_002
ForkPoolWorker-1: Calling delphi to calculate conformer (20/692) ARG03A0705_003 in /tmp/pbe_data.data.home.granepura.5-Kinases.Kinases_MCCE.Trial01.run_apo.4G5J_ARG03A0705_003
ForkPoolWorker-1: Calling delphi to calculate conformer (21/692) ARG+1A0705_004 in /tmp/pbe_data.data.home.granepura.5-Kinases.Kinases_MCCE.Trial01.run_apo.4G5J_ARG+1A0705_004
Skipping PBE solver for non-charge conformer (22/692) ILE01A0706_001...
Skipping PBE solver for non-charge conformer (23/692) LEU01A0707_001...
ForkPoolWorker-1: Calling delphi to calculate conformer (24/692) LYS01A0708_001 in /tmp/pbe_data.data.home.granepura.5-Kinases.Kinases_MCCE.Trial01.run_apo.4G5J_LYS01A0708_001
ForkPoolWorker-1: Calling delphi to calculate conformer (25/692) LYS+1A0708_002 in /tmp/pbe_data.data.home.granepura.5-Kinases.Kinases_MCCE.Trial01.run_apo.4G5J_LYS+1A0708_002
ForkPoolWorker-1: Calling delphi to calculate conformer (26/692) GLU01A0709_001 in /tmp/pbe_data.data.home.granepura.5-Kinases.Kinases_MCCE.Trial01.run_apo.4G5J_GLU01A0709_001
ForkPoolWorker-1: Calling delphi to calculate conformer (27/692) GLU01A0709_002 in /tmp/pbe_data.data.home.granepura.5-Kinases.Kinases_MCCE.Trial01.run_apo.4G5J_GLU01A0709_002
ForkPoolWorker-1: Calling delphi to calculate conformer (28/692) GLU02A0709_003 in /tmp/pbe_data.data.home.granepura.5-Kinases.Kinases_MCCE.Trial01.run_apo.4G5J_GLU02A0709_003
ForkPoolWorker-1: Calling delphi to calculate conformer (29/692) GLU02A0709_004 in /tmp/pbe_data.data.home.granepura.5-Kinases.Kinases_MCCE.Trial01.run_apo.4G5J_GLU02A0709_004
ForkPoolWorker-1: Calling delphi to calculate conformer (30/692) GLU-1A0709_005 in /tmp/pbe_data.data.home.granepura.5-Kinases.Kinases_MCCE.Trial01.run_apo.4G5J_GLU-1A0709_005
ForkPoolWorker-1: Calling delphi to calculate conformer (31/692) THR01A0710_001 in /tmp/pbe_data.data.home.granepura.5-Kinases.Kinases_MCCE.Trial01.run_apo.4G5J_THR01A0710_001
ForkPoolWorker-1: Calling delphi to calculate conformer (32/692) THR01A0710_002 in /tmp/pbe_data.data.home.granepura.5-Kinases.Kinases_MCCE.Trial01.run_apo.4G5J_THR01A0710_002
ForkPoolWorker-1: Calling delphi to calculate conformer (33/692) GLU01A0711_001 in /tmp/pbe_data.data.home.granepura.5-Kinases.Kinases_MCCE.Trial01.run_apo.4G5J_GLU01A0711_001
ForkPoolWorker-1: Calling delphi to calculate conformer (34/692) GLU01A0711_002 in /tmp/pbe_data.data.home.granepura.5-Kinases.Kinases_MCCE.Trial01.run_apo.4G5J_GLU01A0711_002
ForkPoolWorker-1: Calling delphi to calculate conformer (35/692) GLU02A0711_003 in /tmp/pbe_data.data.home.granepura.5-Kinases.Kinases_MCCE.Trial01.run_apo.4G5J_GLU02A0711_003
ForkPoolWorker-1: Calling delphi to calculate conformer (36/692) GLU02A0711_004 in /tmp/pbe_data.data.home.granepura.5-Kinases.Kinases_MCCE.Trial01.run_apo.4G5J_GLU02A0711_004
ForkPoolWorker-1: Calling delphi to calculate conformer (37/692) GLU-1A0711_005 in /tmp/pbe_data.data.home.granepura.5-Kinases.Kinases_MCCE.Trial01.run_apo.4G5J_GLU-1A0711_005
Skipping PBE solver for non-charge conformer (38/692) PHE01A0712_001...
ForkPoolWorker-1: Calling delphi to calculate conformer (39/692) LYS01A0713_001 in /tmp/pbe_data.data.home.granepura.5-Kinases.Kinases_MCCE.Trial01.run_apo.4G5J_LYS01A0713_001
ForkPoolWorker-1: Calling delphi to calculate conformer (40/692) LYS+1A0713_002 in /tmp/pbe_data.data.home.granepura.5-Kinases.Kinases_MCCE.Trial01.run_apo.4G5J_LYS+1A0713_002
ForkPoolWorker-1: Calling delphi to calculate conformer (41/692) LYS01A0714_001 in /tmp/pbe_data.data.home.granepura.5-Kinases.Kinases_MCCE.Trial01.run_apo.4G5J_LYS01A0714_001
ForkPoolWorker-1: Calling delphi to calculate conformer (42/692) LYS+1A0714_002 in /tmp/pbe_data.data.home.granepura.5-Kinases.Kinases_MCCE.Trial01.run_apo.4G5J_LYS+1A0714_002
Skipping PBE solver for non-charge conformer (43/692) ILE01A0715_001...
ForkPoolWorker-1: Calling delphi to calculate conformer (44/692) LYS01A0716_001 in /tmp/pbe_data.data.home.granepura.5-Kinases.Kinases_MCCE.Trial01.run_apo.4G5J_LYS01A0716_001
ForkPoolWorker-1: Calling delphi to calculate conformer (45/692) LYS+1A0716_002 in /tmp/pbe_data.data.home.granepura.5-Kinases.Kinases_MCCE.Trial01.run_apo.4G5J_LYS+1A0716_002
Skipping PBE solver for non-charge conformer (46/692) VAL01A0717_001...
Skipping PBE solver for non-charge conformer (47/692) LEU01A0718_001...
ForkPoolWorker-1: Calling delphi to calculate conformer (48/692) SER01A0720_001 in /tmp/pbe_data.data.home.granepura.5-Kinases.Kinases_MCCE.Trial01.run_apo.4G5J_SER01A0720_001
ForkPoolWorker-1: Calling delphi to calculate conformer (49/692) SER01A0720_002 in /tmp/pbe_data.data.home.granepura.5-Kinases.Kinases_MCCE.Trial01.run_apo.4G5J_SER01A0720_002
ForkPoolWorker-1: Calling delphi to calculate conformer (50/692) THR01A0725_001 in /tmp/pbe_data.data.home.granepura.5-Kinases.Kinases_MCCE.Trial01.run_apo.4G5J_THR01A0725_001
ForkPoolWorker-1: Calling delphi to calculate conformer (51/692) THR01A0725_002 in /tmp/pbe_data.data.home.granepura.5-Kinases.Kinases_MCCE.Trial01.run_apo.4G5J_THR01A0725_002
Skipping PBE solver for non-charge conformer (52/692) VAL01A0726_001...
ForkPoolWorker-1: Calling delphi to calculate conformer (53/692) TYR01A0727_001 in /tmp/pbe_data.data.home.granepura.5-Kinases.Kinases_MCCE.Trial01.run_apo.4G5J_TYR01A0727_001
ForkPoolWorker-1: Calling delphi to calculate conformer (54/692) TYR01A0727_002 in /tmp/pbe_data.data.home.granepura.5-Kinases.Kinases_MCCE.Trial01.run_apo.4G5J_TYR01A0727_002
ForkPoolWorker-1: Calling delphi to calculate conformer (55/692) TYR-1A0727_003 in /tmp/pbe_data.data.home.granepura.5-Kinases.Kinases_MCCE.Trial01.run_apo.4G5J_TYR-1A0727_003
ForkPoolWorker-1: Calling delphi to calculate conformer (56/692) LYS01A0728_001 in /tmp/pbe_data.data.home.granepura.5-Kinases.Kinases_MCCE.Trial01.run_apo.4G5J_LYS01A0728_001
ForkPoolWorker-1: Calling delphi to calculate conformer (57/692) LYS+1A0728_002 in /tmp/pbe_data.data.home.granepura.5-Kinases.Kinases_MCCE.Trial01.run_apo.4G5J_LYS+1A0728_002
Skipping PBE solver for non-charge conformer (58/692) LEU01A0730_001...
Skipping PBE solver for non-charge conformer (59/692) TRP01A0731_001...
Skipping PBE solver for non-charge conformer (60/692) ILE01A0732_001...
Skipping PBE solver for non-charge conformer (61/692) PRO01A0733_001...
ForkPoolWorker-1: Calling delphi to calculate conformer (62/692) GLU01A0734_001 in /tmp/pbe_data.data.home.granepura.5-Kinases.Kinases_MCCE.Trial01.run_apo.4G5J_GLU01A0734_001
ForkPoolWorker-1: Calling delphi to calculate conformer (63/692) GLU01A0734_002 in /tmp/pbe_data.data.home.granepura.5-Kinases.Kinases_MCCE.Trial01.run_apo.4G5J_GLU01A0734_002
ForkPoolWorker-1: Calling delphi to calculate conformer (64/692) GLU02A0734_003 in /tmp/pbe_data.data.home.granepura.5-Kinases.Kinases_MCCE.Trial01.run_apo.4G5J_GLU02A0734_003
ForkPoolWorker-1: Calling delphi to calculate conformer (65/692) GLU02A0734_004 in /tmp/pbe_data.data.home.granepura.5-Kinases.Kinases_MCCE.Trial01.run_apo.4G5J_GLU02A0734_004
ForkPoolWorker-1: Calling delphi to calculate conformer (66/692) GLU-1A0734_005 in /tmp/pbe_data.data.home.granepura.5-Kinases.Kinases_MCCE.Trial01.run_apo.4G5J_GLU-1A0734_005
ForkPoolWorker-1: Calling delphi to calculate conformer (67/692) GLU01A0736_001 in /tmp/pbe_data.data.home.granepura.5-Kinases.Kinases_MCCE.Trial01.run_apo.4G5J_GLU01A0736_001
ForkPoolWorker-1: Calling delphi to calculate conformer (68/692) GLU01A0736_002 in /tmp/pbe_data.data.home.granepura.5-Kinases.Kinases_MCCE.Trial01.run_apo.4G5J_GLU01A0736_002
ForkPoolWorker-1: Calling delphi to calculate conformer (69/692) GLU02A0736_003 in /tmp/pbe_data.data.home.granepura.5-Kinases.Kinases_MCCE.Trial01.run_apo.4G5J_GLU02A0736_003
ForkPoolWorker-1: Calling delphi to calculate conformer (70/692) GLU02A0736_004 in /tmp/pbe_data.data.home.granepura.5-Kinases.Kinases_MCCE.Trial01.run_apo.4G5J_GLU02A0736_004
ForkPoolWorker-1: Calling delphi to calculate conformer (71/692) GLU-1A0736_005 in /tmp/pbe_data.data.home.granepura.5-Kinases.Kinases_MCCE.Trial01.run_apo.4G5J_GLU-1A0736_005
ForkPoolWorker-1: Calling delphi to calculate conformer (72/692) LYS01A0737_001 in /tmp/pbe_data.data.home.granepura.5-Kinases.Kinases_MCCE.Trial01.run_apo.4G5J_LYS01A0737_001
ForkPoolWorker-1: Calling delphi to calculate conformer (73/692) LYS+1A0737_002 in /tmp/pbe_data.data.home.granepura.5-Kinases.Kinases_MCCE.Trial01.run_apo.4G5J_LYS+1A0737_002
Skipping PBE solver for non-charge conformer (74/692) VAL01A0738_001...
ForkPoolWorker-1: Calling delphi to calculate conformer (75/692) LYS01A0739_001 in /tmp/pbe_data.data.home.granepura.5-Kinases.Kinases_MCCE.Trial01.run_apo.4G5J_LYS01A0739_001
ForkPoolWorker-1: Calling delphi to calculate conformer (76/692) LYS+1A0739_002 in /tmp/pbe_data.data.home.granepura.5-Kinases.Kinases_MCCE.Trial01.run_apo.4G5J_LYS+1A0739_002
Skipping PBE solver for non-charge conformer (77/692) ILE01A0740_001...
Skipping PBE solver for non-charge conformer (78/692) PRO01A0741_001...
Skipping PBE solver for non-charge conformer (79/692) VAL01A0742_001...
Skipping PBE solver for non-charge conformer (80/692) ALA01A0743_001...
Skipping PBE solver for non-charge conformer (81/692) ILE01A0744_001...
ForkPoolWorker-1: Calling delphi to calculate conformer (82/692) LYS01A0745_001 in /tmp/pbe_data.data.home.granepura.5-Kinases.Kinases_MCCE.Trial01.run_apo.4G5J_LYS01A0745_001
ForkPoolWorker-1: Calling delphi to calculate conformer (83/692) LYS+1A0745_002 in /tmp/pbe_data.data.home.granepura.5-Kinases.Kinases_MCCE.Trial01.run_apo.4G5J_LYS+1A0745_002
ForkPoolWorker-1: Calling delphi to calculate conformer (84/692) GLU01A0746_001 in /tmp/pbe_data.data.home.granepura.5-Kinases.Kinases_MCCE.Trial01.run_apo.4G5J_GLU01A0746_001
ForkPoolWorker-1: Calling delphi to calculate conformer (85/692) GLU01A0746_002 in /tmp/pbe_data.data.home.granepura.5-Kinases.Kinases_MCCE.Trial01.run_apo.4G5J_GLU01A0746_002
ForkPoolWorker-1: Calling delphi to calculate conformer (86/692) GLU02A0746_003 in /tmp/pbe_data.data.home.granepura.5-Kinases.Kinases_MCCE.Trial01.run_apo.4G5J_GLU02A0746_003
ForkPoolWorker-1: Calling delphi to calculate conformer (87/692) GLU02A0746_004 in /tmp/pbe_data.data.home.granepura.5-Kinases.Kinases_MCCE.Trial01.run_apo.4G5J_GLU02A0746_004
ForkPoolWorker-1: Calling delphi to calculate conformer (88/692) GLU-1A0746_005 in /tmp/pbe_data.data.home.granepura.5-Kinases.Kinases_MCCE.Trial01.run_apo.4G5J_GLU-1A0746_005
ForkPoolWorker-1: Calling delphi to calculate conformer (89/692) LYS01A0757_001 in /tmp/pbe_data.data.home.granepura.5-Kinases.Kinases_MCCE.Trial01.run_apo.4G5J_LYS01A0757_001
ForkPoolWorker-1: Calling delphi to calculate conformer (90/692) LYS+1A0757_002 in /tmp/pbe_data.data.home.granepura.5-Kinases.Kinases_MCCE.Trial01.run_apo.4G5J_LYS+1A0757_002
ForkPoolWorker-1: Calling delphi to calculate conformer (91/692) GLU01A0758_001 in /tmp/pbe_data.data.home.granepura.5-Kinases.Kinases_MCCE.Trial01.run_apo.4G5J_GLU01A0758_001
ForkPoolWorker-1: Calling delphi to calculate conformer (92/692) GLU01A0758_002 in /tmp/pbe_data.data.home.granepura.5-Kinases.Kinases_MCCE.Trial01.run_apo.4G5J_GLU01A0758_002
ForkPoolWorker-1: Calling delphi to calculate conformer (93/692) GLU02A0758_003 in /tmp/pbe_data.data.home.granepura.5-Kinases.Kinases_MCCE.Trial01.run_apo.4G5J_GLU02A0758_003
ForkPoolWorker-1: Calling delphi to calculate conformer (94/692) GLU02A0758_004 in /tmp/pbe_data.data.home.granepura.5-Kinases.Kinases_MCCE.Trial01.run_apo.4G5J_GLU02A0758_004
ForkPoolWorker-1: Calling delphi to calculate conformer (95/692) GLU-1A0758_005 in /tmp/pbe_data.data.home.granepura.5-Kinases.Kinases_MCCE.Trial01.run_apo.4G5J_GLU-1A0758_005
Skipping PBE solver for non-charge conformer (96/692) ILE01A0759_001...
Skipping PBE solver for non-charge conformer (97/692) LEU01A0760_001...
ForkPoolWorker-1: Calling delphi to calculate conformer (98/692) ASP01A0761_001 in /tmp/pbe_data.data.home.granepura.5-Kinases.Kinases_MCCE.Trial01.run_apo.4G5J_ASP01A0761_001
ForkPoolWorker-1: Calling delphi to calculate conformer (99/692) ASP01A0761_002 in /tmp/pbe_data.data.home.granepura.5-Kinases.Kinases_MCCE.Trial01.run_apo.4G5J_ASP01A0761_002
ForkPoolWorker-1: Calling delphi to calculate conformer (100/692) ASP02A0761_003 in /tmp/pbe_data.data.home.granepura.5-Kinases.Kinases_MCCE.Trial01.run_apo.4G5J_ASP02A0761_003
ForkPoolWorker-1: Calling delphi to calculate conformer (101/692) ASP02A0761_004 in /tmp/pbe_data.data.home.granepura.5-Kinases.Kinases_MCCE.Trial01.run_apo.4G5J_ASP02A0761_004
ForkPoolWorker-1: Calling delphi to calculate conformer (102/692) ASP-1A0761_005 in /tmp/pbe_data.data.home.granepura.5-Kinases.Kinases_MCCE.Trial01.run_apo.4G5J_ASP-1A0761_005
ForkPoolWorker-1: Calling delphi to calculate conformer (103/692) GLU01A0762_001 in /tmp/pbe_data.data.home.granepura.5-Kinases.Kinases_MCCE.Trial01.run_apo.4G5J_GLU01A0762_001
ForkPoolWorker-1: Calling delphi to calculate conformer (104/692) GLU01A0762_002 in /tmp/pbe_data.data.home.granepura.5-Kinases.Kinases_MCCE.Trial01.run_apo.4G5J_GLU01A0762_002
ForkPoolWorker-1: Calling delphi to calculate conformer (105/692) GLU02A0762_003 in /tmp/pbe_data.data.home.granepura.5-Kinases.Kinases_MCCE.Trial01.run_apo.4G5J_GLU02A0762_003
ForkPoolWorker-1: Calling delphi to calculate conformer (106/692) GLU02A0762_004 in /tmp/pbe_data.data.home.granepura.5-Kinases.Kinases_MCCE.Trial01.run_apo.4G5J_GLU02A0762_004
ForkPoolWorker-1: Calling delphi to calculate conformer (107/692) GLU-1A0762_005 in /tmp/pbe_data.data.home.granepura.5-Kinases.Kinases_MCCE.Trial01.run_apo.4G5J_GLU-1A0762_005
Skipping PBE solver for non-charge conformer (108/692) ALA01A0763_001...
ForkPoolWorker-1: Calling delphi to calculate conformer (109/692) TYR01A0764_001 in /tmp/pbe_data.data.home.granepura.5-Kinases.Kinases_MCCE.Trial01.run_apo.4G5J_TYR01A0764_001
ForkPoolWorker-1: Calling delphi to calculate conformer (110/692) TYR01A0764_002 in /tmp/pbe_data.data.home.granepura.5-Kinases.Kinases_MCCE.Trial01.run_apo.4G5J_TYR01A0764_002
ForkPoolWorker-1: Calling delphi to calculate conformer (111/692) TYR-1A0764_003 in /tmp/pbe_data.data.home.granepura.5-Kinases.Kinases_MCCE.Trial01.run_apo.4G5J_TYR-1A0764_003
Skipping PBE solver for non-charge conformer (112/692) VAL01A0765_001...
ForkPoolWorker-1: Calling delphi to calculate conformer (113/692) MET01A0766_001 in /tmp/pbe_data.data.home.granepura.5-Kinases.Kinases_MCCE.Trial01.run_apo.4G5J_MET01A0766_001
Skipping PBE solver for non-charge conformer (114/692) ALA01A0767_001...
ForkPoolWorker-1: Calling delphi to calculate conformer (115/692) SER01A0768_001 in /tmp/pbe_data.data.home.granepura.5-Kinases.Kinases_MCCE.Trial01.run_apo.4G5J_SER01A0768_001
ForkPoolWorker-1: Calling delphi to calculate conformer (116/692) SER01A0768_002 in /tmp/pbe_data.data.home.granepura.5-Kinases.Kinases_MCCE.Trial01.run_apo.4G5J_SER01A0768_002
ForkPoolWorker-1: Calling delphi to calculate conformer (117/692) SER01A0768_003 in /tmp/pbe_data.data.home.granepura.5-Kinases.Kinases_MCCE.Trial01.run_apo.4G5J_SER01A0768_003
Skipping PBE solver for non-charge conformer (118/692) VAL01A0769_001...
ForkPoolWorker-1: Calling delphi to calculate conformer (119/692) ASP01A0770_001 in /tmp/pbe_data.data.home.granepura.5-Kinases.Kinases_MCCE.Trial01.run_apo.4G5J_ASP01A0770_001
ForkPoolWorker-1: Calling delphi to calculate conformer (120/692) ASP01A0770_002 in /tmp/pbe_data.data.home.granepura.5-Kinases.Kinases_MCCE.Trial01.run_apo.4G5J_ASP01A0770_002
ForkPoolWorker-1: Calling delphi to calculate conformer (121/692) ASP02A0770_003 in /tmp/pbe_data.data.home.granepura.5-Kinases.Kinases_MCCE.Trial01.run_apo.4G5J_ASP02A0770_003
ForkPoolWorker-1: Calling delphi to calculate conformer (122/692) ASP02A0770_004 in /tmp/pbe_data.data.home.granepura.5-Kinases.Kinases_MCCE.Trial01.run_apo.4G5J_ASP02A0770_004
ForkPoolWorker-1: Calling delphi to calculate conformer (123/692) ASP-1A0770_005 in /tmp/pbe_data.data.home.granepura.5-Kinases.Kinases_MCCE.Trial01.run_apo.4G5J_ASP-1A0770_005
ForkPoolWorker-1: Calling delphi to calculate conformer (124/692) ASN01A0771_001 in /tmp/pbe_data.data.home.granepura.5-Kinases.Kinases_MCCE.Trial01.run_apo.4G5J_ASN01A0771_001
ForkPoolWorker-1: Calling delphi to calculate conformer (125/692) ASN01A0771_002 in /tmp/pbe_data.data.home.granepura.5-Kinases.Kinases_MCCE.Trial01.run_apo.4G5J_ASN01A0771_002
Skipping PBE solver for non-charge conformer (126/692) PRO01A0772_001...
ForkPoolWorker-1: Calling delphi to calculate conformer (127/692) HIS01A0773_001 in /tmp/pbe_data.data.home.granepura.5-Kinases.Kinases_MCCE.Trial01.run_apo.4G5J_HIS01A0773_001
ForkPoolWorker-1: Calling delphi to calculate conformer (128/692) HIS01A0773_002 in /tmp/pbe_data.data.home.granepura.5-Kinases.Kinases_MCCE.Trial01.run_apo.4G5J_HIS01A0773_002
ForkPoolWorker-1: Calling delphi to calculate conformer (129/692) HIS02A0773_003 in /tmp/pbe_data.data.home.granepura.5-Kinases.Kinases_MCCE.Trial01.run_apo.4G5J_HIS02A0773_003
ForkPoolWorker-1: Calling delphi to calculate conformer (130/692) HIS02A0773_004 in /tmp/pbe_data.data.home.granepura.5-Kinases.Kinases_MCCE.Trial01.run_apo.4G5J_HIS02A0773_004
ForkPoolWorker-1: Calling delphi to calculate conformer (131/692) HIS+1A0773_005 in /tmp/pbe_data.data.home.granepura.5-Kinases.Kinases_MCCE.Trial01.run_apo.4G5J_HIS+1A0773_005
ForkPoolWorker-1: Calling delphi to calculate conformer (132/692) HIS+1A0773_006 in /tmp/pbe_data.data.home.granepura.5-Kinases.Kinases_MCCE.Trial01.run_apo.4G5J_HIS+1A0773_006
Skipping PBE solver for non-charge conformer (133/692) VAL01A0774_001...
ForkPoolWorker-1: Calling delphi to calculate conformer (134/692) CYS01A0775_001 in /tmp/pbe_data.data.home.granepura.5-Kinases.Kinases_MCCE.Trial01.run_apo.4G5J_CYS01A0775_001
ForkPoolWorker-1: Calling delphi to calculate conformer (135/692) CYS01A0775_002 in /tmp/pbe_data.data.home.granepura.5-Kinases.Kinases_MCCE.Trial01.run_apo.4G5J_CYS01A0775_002
ForkPoolWorker-1: Calling delphi to calculate conformer (136/692) CYS01A0775_003 in /tmp/pbe_data.data.home.granepura.5-Kinases.Kinases_MCCE.Trial01.run_apo.4G5J_CYS01A0775_003
ForkPoolWorker-1: Calling delphi to calculate conformer (137/692) CYS-1A0775_004 in /tmp/pbe_data.data.home.granepura.5-Kinases.Kinases_MCCE.Trial01.run_apo.4G5J_CYS-1A0775_004
ForkPoolWorker-1: Calling delphi to calculate conformer (138/692) ARG01A0776_001 in /tmp/pbe_data.data.home.granepura.5-Kinases.Kinases_MCCE.Trial01.run_apo.4G5J_ARG01A0776_001
ForkPoolWorker-1: Calling delphi to calculate conformer (139/692) ARG02A0776_002 in /tmp/pbe_data.data.home.granepura.5-Kinases.Kinases_MCCE.Trial01.run_apo.4G5J_ARG02A0776_002
ForkPoolWorker-1: Calling delphi to calculate conformer (140/692) ARG03A0776_003 in /tmp/pbe_data.data.home.granepura.5-Kinases.Kinases_MCCE.Trial01.run_apo.4G5J_ARG03A0776_003
ForkPoolWorker-1: Calling delphi to calculate conformer (141/692) ARG+1A0776_004 in /tmp/pbe_data.data.home.granepura.5-Kinases.Kinases_MCCE.Trial01.run_apo.4G5J_ARG+1A0776_004
Skipping PBE solver for non-charge conformer (142/692) LEU01A0777_001...
Skipping PBE solver for non-charge conformer (143/692) LEU01A0778_001...
Skipping PBE solver for non-charge conformer (144/692) ILE01A0780_001...
ForkPoolWorker-1: Calling delphi to calculate conformer (145/692) CYS01A0781_001 in /tmp/pbe_data.data.home.granepura.5-Kinases.Kinases_MCCE.Trial01.run_apo.4G5J_CYS01A0781_001
ForkPoolWorker-1: Calling delphi to calculate conformer (146/692) CYS01A0781_002 in /tmp/pbe_data.data.home.granepura.5-Kinases.Kinases_MCCE.Trial01.run_apo.4G5J_CYS01A0781_002
ForkPoolWorker-1: Calling delphi to calculate conformer (147/692) CYS01A0781_003 in /tmp/pbe_data.data.home.granepura.5-Kinases.Kinases_MCCE.Trial01.run_apo.4G5J_CYS01A0781_003
ForkPoolWorker-1: Calling delphi to calculate conformer (148/692) CYS-1A0781_004 in /tmp/pbe_data.data.home.granepura.5-Kinases.Kinases_MCCE.Trial01.run_apo.4G5J_CYS-1A0781_004
Skipping PBE solver for non-charge conformer (149/692) LEU01A0782_001...
ForkPoolWorker-1: Calling delphi to calculate conformer (150/692) THR01A0783_001 in /tmp/pbe_data.data.home.granepura.5-Kinases.Kinases_MCCE.Trial01.run_apo.4G5J_THR01A0783_001
ForkPoolWorker-1: Calling delphi to calculate conformer (151/692) THR01A0783_002 in /tmp/pbe_data.data.home.granepura.5-Kinases.Kinases_MCCE.Trial01.run_apo.4G5J_THR01A0783_002
ForkPoolWorker-1: Calling delphi to calculate conformer (152/692) SER01A0784_001 in /tmp/pbe_data.data.home.granepura.5-Kinases.Kinases_MCCE.Trial01.run_apo.4G5J_SER01A0784_001
ForkPoolWorker-1: Calling delphi to calculate conformer (153/692) SER01A0784_002 in /tmp/pbe_data.data.home.granepura.5-Kinases.Kinases_MCCE.Trial01.run_apo.4G5J_SER01A0784_002
ForkPoolWorker-1: Calling delphi to calculate conformer (154/692) THR01A0785_001 in /tmp/pbe_data.data.home.granepura.5-Kinases.Kinases_MCCE.Trial01.run_apo.4G5J_THR01A0785_001
Skipping PBE solver for non-charge conformer (155/692) VAL01A0786_001...
ForkPoolWorker-1: Calling delphi to calculate conformer (156/692) GLN01A0787_001 in /tmp/pbe_data.data.home.granepura.5-Kinases.Kinases_MCCE.Trial01.run_apo.4G5J_GLN01A0787_001
ForkPoolWorker-1: Calling delphi to calculate conformer (157/692) GLN01A0787_002 in /tmp/pbe_data.data.home.granepura.5-Kinases.Kinases_MCCE.Trial01.run_apo.4G5J_GLN01A0787_002
Skipping PBE solver for non-charge conformer (158/692) LEU01A0788_001...
Skipping PBE solver for non-charge conformer (159/692) ILE01A0789_001...
ForkPoolWorker-1: Calling delphi to calculate conformer (160/692) THR01A0790_001 in /tmp/pbe_data.data.home.granepura.5-Kinases.Kinases_MCCE.Trial01.run_apo.4G5J_THR01A0790_001
ForkPoolWorker-1: Calling delphi to calculate conformer (161/692) THR01A0790_002 in /tmp/pbe_data.data.home.granepura.5-Kinases.Kinases_MCCE.Trial01.run_apo.4G5J_THR01A0790_002
ForkPoolWorker-1: Calling delphi to calculate conformer (162/692) GLN01A0791_001 in /tmp/pbe_data.data.home.granepura.5-Kinases.Kinases_MCCE.Trial01.run_apo.4G5J_GLN01A0791_001
ForkPoolWorker-1: Calling delphi to calculate conformer (163/692) GLN01A0791_002 in /tmp/pbe_data.data.home.granepura.5-Kinases.Kinases_MCCE.Trial01.run_apo.4G5J_GLN01A0791_002
Skipping PBE solver for non-charge conformer (164/692) LEU01A0792_001...
ForkPoolWorker-1: Calling delphi to calculate conformer (165/692) MET01A0793_001 in /tmp/pbe_data.data.home.granepura.5-Kinases.Kinases_MCCE.Trial01.run_apo.4G5J_MET01A0793_001
Skipping PBE solver for non-charge conformer (166/692) PRO01A0794_001...
Skipping PBE solver for non-charge conformer (167/692) PHE01A0795_001...
ForkPoolWorker-1: Calling delphi to calculate conformer (168/692) CYS01A0797_001 in /tmp/pbe_data.data.home.granepura.5-Kinases.Kinases_MCCE.Trial01.run_apo.4G5J_CYS01A0797_001
ForkPoolWorker-1: Calling delphi to calculate conformer (169/692) CYS01A0797_002 in /tmp/pbe_data.data.home.granepura.5-Kinases.Kinases_MCCE.Trial01.run_apo.4G5J_CYS01A0797_002
ForkPoolWorker-1: Calling delphi to calculate conformer (170/692) CYS01A0797_003 in /tmp/pbe_data.data.home.granepura.5-Kinases.Kinases_MCCE.Trial01.run_apo.4G5J_CYS01A0797_003
ForkPoolWorker-1: Calling delphi to calculate conformer (171/692) CYS-1A0797_004 in /tmp/pbe_data.data.home.granepura.5-Kinases.Kinases_MCCE.Trial01.run_apo.4G5J_CYS-1A0797_004
Skipping PBE solver for non-charge conformer (172/692) LEU01A0798_001...
Skipping PBE solver for non-charge conformer (173/692) LEU01A0799_001...
ForkPoolWorker-1: Calling delphi to calculate conformer (174/692) ASP01A0800_001 in /tmp/pbe_data.data.home.granepura.5-Kinases.Kinases_MCCE.Trial01.run_apo.4G5J_ASP01A0800_001
ForkPoolWorker-1: Calling delphi to calculate conformer (175/692) ASP01A0800_002 in /tmp/pbe_data.data.home.granepura.5-Kinases.Kinases_MCCE.Trial01.run_apo.4G5J_ASP01A0800_002
ForkPoolWorker-1: Calling delphi to calculate conformer (176/692) ASP02A0800_003 in /tmp/pbe_data.data.home.granepura.5-Kinases.Kinases_MCCE.Trial01.run_apo.4G5J_ASP02A0800_003
ForkPoolWorker-1: Calling delphi to calculate conformer (177/692) ASP02A0800_004 in /tmp/pbe_data.data.home.granepura.5-Kinases.Kinases_MCCE.Trial01.run_apo.4G5J_ASP02A0800_004
ForkPoolWorker-1: Calling delphi to calculate conformer (178/692) ASP-1A0800_005 in /tmp/pbe_data.data.home.granepura.5-Kinases.Kinases_MCCE.Trial01.run_apo.4G5J_ASP-1A0800_005
ForkPoolWorker-1: Calling delphi to calculate conformer (179/692) TYR01A0801_001 in /tmp/pbe_data.data.home.granepura.5-Kinases.Kinases_MCCE.Trial01.run_apo.4G5J_TYR01A0801_001
ForkPoolWorker-1: Calling delphi to calculate conformer (180/692) TYR01A0801_002 in /tmp/pbe_data.data.home.granepura.5-Kinases.Kinases_MCCE.Trial01.run_apo.4G5J_TYR01A0801_002
ForkPoolWorker-1: Calling delphi to calculate conformer (181/692) TYR-1A0801_003 in /tmp/pbe_data.data.home.granepura.5-Kinases.Kinases_MCCE.Trial01.run_apo.4G5J_TYR-1A0801_003
Skipping PBE solver for non-charge conformer (182/692) VAL01A0802_001...
ForkPoolWorker-1: Calling delphi to calculate conformer (183/692) ARG01A0803_001 in /tmp/pbe_data.data.home.granepura.5-Kinases.Kinases_MCCE.Trial01.run_apo.4G5J_ARG01A0803_001
ForkPoolWorker-1: Calling delphi to calculate conformer (184/692) ARG02A0803_002 in /tmp/pbe_data.data.home.granepura.5-Kinases.Kinases_MCCE.Trial01.run_apo.4G5J_ARG02A0803_002
ForkPoolWorker-1: Calling delphi to calculate conformer (185/692) ARG03A0803_003 in /tmp/pbe_data.data.home.granepura.5-Kinases.Kinases_MCCE.Trial01.run_apo.4G5J_ARG03A0803_003
ForkPoolWorker-1: Calling delphi to calculate conformer (186/692) ARG+1A0803_004 in /tmp/pbe_data.data.home.granepura.5-Kinases.Kinases_MCCE.Trial01.run_apo.4G5J_ARG+1A0803_004
ForkPoolWorker-1: Calling delphi to calculate conformer (187/692) GLU01A0804_001 in /tmp/pbe_data.data.home.granepura.5-Kinases.Kinases_MCCE.Trial01.run_apo.4G5J_GLU01A0804_001
ForkPoolWorker-1: Calling delphi to calculate conformer (188/692) GLU01A0804_002 in /tmp/pbe_data.data.home.granepura.5-Kinases.Kinases_MCCE.Trial01.run_apo.4G5J_GLU01A0804_002
ForkPoolWorker-1: Calling delphi to calculate conformer (189/692) GLU02A0804_003 in /tmp/pbe_data.data.home.granepura.5-Kinases.Kinases_MCCE.Trial01.run_apo.4G5J_GLU02A0804_003
ForkPoolWorker-1: Calling delphi to calculate conformer (190/692) GLU02A0804_004 in /tmp/pbe_data.data.home.granepura.5-Kinases.Kinases_MCCE.Trial01.run_apo.4G5J_GLU02A0804_004
ForkPoolWorker-1: Calling delphi to calculate conformer (191/692) GLU-1A0804_005 in /tmp/pbe_data.data.home.granepura.5-Kinases.Kinases_MCCE.Trial01.run_apo.4G5J_GLU-1A0804_005
ForkPoolWorker-1: Calling delphi to calculate conformer (192/692) HIS01A0805_001 in /tmp/pbe_data.data.home.granepura.5-Kinases.Kinases_MCCE.Trial01.run_apo.4G5J_HIS01A0805_001
ForkPoolWorker-1: Calling delphi to calculate conformer (193/692) HIS01A0805_002 in /tmp/pbe_data.data.home.granepura.5-Kinases.Kinases_MCCE.Trial01.run_apo.4G5J_HIS01A0805_002
ForkPoolWorker-1: Calling delphi to calculate conformer (194/692) HIS02A0805_003 in /tmp/pbe_data.data.home.granepura.5-Kinases.Kinases_MCCE.Trial01.run_apo.4G5J_HIS02A0805_003
ForkPoolWorker-1: Calling delphi to calculate conformer (195/692) HIS02A0805_004 in /tmp/pbe_data.data.home.granepura.5-Kinases.Kinases_MCCE.Trial01.run_apo.4G5J_HIS02A0805_004
ForkPoolWorker-1: Calling delphi to calculate conformer (196/692) HIS+1A0805_005 in /tmp/pbe_data.data.home.granepura.5-Kinases.Kinases_MCCE.Trial01.run_apo.4G5J_HIS+1A0805_005
ForkPoolWorker-1: Calling delphi to calculate conformer (197/692) HIS+1A0805_006 in /tmp/pbe_data.data.home.granepura.5-Kinases.Kinases_MCCE.Trial01.run_apo.4G5J_HIS+1A0805_006
ForkPoolWorker-1: Calling delphi to calculate conformer (198/692) LYS01A0806_001 in /tmp/pbe_data.data.home.granepura.5-Kinases.Kinases_MCCE.Trial01.run_apo.4G5J_LYS01A0806_001
ForkPoolWorker-1: Calling delphi to calculate conformer (199/692) LYS+1A0806_002 in /tmp/pbe_data.data.home.granepura.5-Kinases.Kinases_MCCE.Trial01.run_apo.4G5J_LYS+1A0806_002
ForkPoolWorker-1: Calling delphi to calculate conformer (200/692) ASP01A0807_001 in /tmp/pbe_data.data.home.granepura.5-Kinases.Kinases_MCCE.Trial01.run_apo.4G5J_ASP01A0807_001
ForkPoolWorker-1: Calling delphi to calculate conformer (201/692) ASP01A0807_002 in /tmp/pbe_data.data.home.granepura.5-Kinases.Kinases_MCCE.Trial01.run_apo.4G5J_ASP01A0807_002
ForkPoolWorker-1: Calling delphi to calculate conformer (202/692) ASP02A0807_003 in /tmp/pbe_data.data.home.granepura.5-Kinases.Kinases_MCCE.Trial01.run_apo.4G5J_ASP02A0807_003
ForkPoolWorker-1: Calling delphi to calculate conformer (203/692) ASP02A0807_004 in /tmp/pbe_data.data.home.granepura.5-Kinases.Kinases_MCCE.Trial01.run_apo.4G5J_ASP02A0807_004
ForkPoolWorker-1: Calling delphi to calculate conformer (204/692) ASP-1A0807_005 in /tmp/pbe_data.data.home.granepura.5-Kinases.Kinases_MCCE.Trial01.run_apo.4G5J_ASP-1A0807_005
ForkPoolWorker-1: Calling delphi to calculate conformer (205/692) ASN01A0808_001 in /tmp/pbe_data.data.home.granepura.5-Kinases.Kinases_MCCE.Trial01.run_apo.4G5J_ASN01A0808_001
ForkPoolWorker-1: Calling delphi to calculate conformer (206/692) ASN01A0808_002 in /tmp/pbe_data.data.home.granepura.5-Kinases.Kinases_MCCE.Trial01.run_apo.4G5J_ASN01A0808_002
Skipping PBE solver for non-charge conformer (207/692) ILE01A0809_001...
ForkPoolWorker-1: Calling delphi to calculate conformer (208/692) SER01A0811_001 in /tmp/pbe_data.data.home.granepura.5-Kinases.Kinases_MCCE.Trial01.run_apo.4G5J_SER01A0811_001
ForkPoolWorker-1: Calling delphi to calculate conformer (209/692) SER01A0811_002 in /tmp/pbe_data.data.home.granepura.5-Kinases.Kinases_MCCE.Trial01.run_apo.4G5J_SER01A0811_002
ForkPoolWorker-1: Calling delphi to calculate conformer (210/692) SER01A0811_003 in /tmp/pbe_data.data.home.granepura.5-Kinases.Kinases_MCCE.Trial01.run_apo.4G5J_SER01A0811_003
ForkPoolWorker-1: Calling delphi to calculate conformer (211/692) GLN01A0812_001 in /tmp/pbe_data.data.home.granepura.5-Kinases.Kinases_MCCE.Trial01.run_apo.4G5J_GLN01A0812_001
ForkPoolWorker-1: Calling delphi to calculate conformer (212/692) GLN01A0812_002 in /tmp/pbe_data.data.home.granepura.5-Kinases.Kinases_MCCE.Trial01.run_apo.4G5J_GLN01A0812_002
ForkPoolWorker-1: Calling delphi to calculate conformer (213/692) TYR01A0813_001 in /tmp/pbe_data.data.home.granepura.5-Kinases.Kinases_MCCE.Trial01.run_apo.4G5J_TYR01A0813_001
ForkPoolWorker-1: Calling delphi to calculate conformer (214/692) TYR01A0813_002 in /tmp/pbe_data.data.home.granepura.5-Kinases.Kinases_MCCE.Trial01.run_apo.4G5J_TYR01A0813_002
ForkPoolWorker-1: Calling delphi to calculate conformer (215/692) TYR-1A0813_003 in /tmp/pbe_data.data.home.granepura.5-Kinases.Kinases_MCCE.Trial01.run_apo.4G5J_TYR-1A0813_003
Skipping PBE solver for non-charge conformer (216/692) LEU01A0814_001...
Skipping PBE solver for non-charge conformer (217/692) LEU01A0815_001...
ForkPoolWorker-1: Calling delphi to calculate conformer (218/692) ASN01A0816_001 in /tmp/pbe_data.data.home.granepura.5-Kinases.Kinases_MCCE.Trial01.run_apo.4G5J_ASN01A0816_001
ForkPoolWorker-1: Calling delphi to calculate conformer (219/692) ASN01A0816_002 in /tmp/pbe_data.data.home.granepura.5-Kinases.Kinases_MCCE.Trial01.run_apo.4G5J_ASN01A0816_002
Skipping PBE solver for non-charge conformer (220/692) TRP01A0817_001...
ForkPoolWorker-1: Calling delphi to calculate conformer (221/692) CYS01A0818_001 in /tmp/pbe_data.data.home.granepura.5-Kinases.Kinases_MCCE.Trial01.run_apo.4G5J_CYS01A0818_001
ForkPoolWorker-1: Calling delphi to calculate conformer (222/692) CYS01A0818_002 in /tmp/pbe_data.data.home.granepura.5-Kinases.Kinases_MCCE.Trial01.run_apo.4G5J_CYS01A0818_002
ForkPoolWorker-1: Calling delphi to calculate conformer (223/692) CYS01A0818_003 in /tmp/pbe_data.data.home.granepura.5-Kinases.Kinases_MCCE.Trial01.run_apo.4G5J_CYS01A0818_003
ForkPoolWorker-1: Calling delphi to calculate conformer (224/692) CYS-1A0818_004 in /tmp/pbe_data.data.home.granepura.5-Kinases.Kinases_MCCE.Trial01.run_apo.4G5J_CYS-1A0818_004
Skipping PBE solver for non-charge conformer (225/692) VAL01A0819_001...
ForkPoolWorker-1: Calling delphi to calculate conformer (226/692) GLN01A0820_001 in /tmp/pbe_data.data.home.granepura.5-Kinases.Kinases_MCCE.Trial01.run_apo.4G5J_GLN01A0820_001
Skipping PBE solver for non-charge conformer (227/692) ILE01A0821_001...
Skipping PBE solver for non-charge conformer (228/692) ALA01A0822_001...
ForkPoolWorker-1: Calling delphi to calculate conformer (229/692) LYS01A0823_001 in /tmp/pbe_data.data.home.granepura.5-Kinases.Kinases_MCCE.Trial01.run_apo.4G5J_LYS01A0823_001
ForkPoolWorker-1: Calling delphi to calculate conformer (230/692) LYS+1A0823_002 in /tmp/pbe_data.data.home.granepura.5-Kinases.Kinases_MCCE.Trial01.run_apo.4G5J_LYS+1A0823_002
ForkPoolWorker-1: Calling delphi to calculate conformer (231/692) MET01A0825_001 in /tmp/pbe_data.data.home.granepura.5-Kinases.Kinases_MCCE.Trial01.run_apo.4G5J_MET01A0825_001
ForkPoolWorker-1: Calling delphi to calculate conformer (232/692) ASN01A0826_001 in /tmp/pbe_data.data.home.granepura.5-Kinases.Kinases_MCCE.Trial01.run_apo.4G5J_ASN01A0826_001
ForkPoolWorker-1: Calling delphi to calculate conformer (233/692) ASN01A0826_002 in /tmp/pbe_data.data.home.granepura.5-Kinases.Kinases_MCCE.Trial01.run_apo.4G5J_ASN01A0826_002
ForkPoolWorker-1: Calling delphi to calculate conformer (234/692) TYR01A0827_001 in /tmp/pbe_data.data.home.granepura.5-Kinases.Kinases_MCCE.Trial01.run_apo.4G5J_TYR01A0827_001
ForkPoolWorker-1: Calling delphi to calculate conformer (235/692) TYR01A0827_002 in /tmp/pbe_data.data.home.granepura.5-Kinases.Kinases_MCCE.Trial01.run_apo.4G5J_TYR01A0827_002
ForkPoolWorker-1: Calling delphi to calculate conformer (236/692) TYR-1A0827_003 in /tmp/pbe_data.data.home.granepura.5-Kinases.Kinases_MCCE.Trial01.run_apo.4G5J_TYR-1A0827_003
Skipping PBE solver for non-charge conformer (237/692) LEU01A0828_001...
ForkPoolWorker-1: Calling delphi to calculate conformer (238/692) GLU01A0829_001 in /tmp/pbe_data.data.home.granepura.5-Kinases.Kinases_MCCE.Trial01.run_apo.4G5J_GLU01A0829_001
ForkPoolWorker-1: Calling delphi to calculate conformer (239/692) GLU01A0829_002 in /tmp/pbe_data.data.home.granepura.5-Kinases.Kinases_MCCE.Trial01.run_apo.4G5J_GLU01A0829_002
ForkPoolWorker-1: Calling delphi to calculate conformer (240/692) GLU02A0829_003 in /tmp/pbe_data.data.home.granepura.5-Kinases.Kinases_MCCE.Trial01.run_apo.4G5J_GLU02A0829_003
ForkPoolWorker-1: Calling delphi to calculate conformer (241/692) GLU02A0829_004 in /tmp/pbe_data.data.home.granepura.5-Kinases.Kinases_MCCE.Trial01.run_apo.4G5J_GLU02A0829_004
ForkPoolWorker-1: Calling delphi to calculate conformer (242/692) GLU-1A0829_005 in /tmp/pbe_data.data.home.granepura.5-Kinases.Kinases_MCCE.Trial01.run_apo.4G5J_GLU-1A0829_005
ForkPoolWorker-1: Calling delphi to calculate conformer (243/692) ASP01A0830_001 in /tmp/pbe_data.data.home.granepura.5-Kinases.Kinases_MCCE.Trial01.run_apo.4G5J_ASP01A0830_001
ForkPoolWorker-1: Calling delphi to calculate conformer (244/692) ASP01A0830_002 in /tmp/pbe_data.data.home.granepura.5-Kinases.Kinases_MCCE.Trial01.run_apo.4G5J_ASP01A0830_002
ForkPoolWorker-1: Calling delphi to calculate conformer (245/692) ASP02A0830_003 in /tmp/pbe_data.data.home.granepura.5-Kinases.Kinases_MCCE.Trial01.run_apo.4G5J_ASP02A0830_003
ForkPoolWorker-1: Calling delphi to calculate conformer (246/692) ASP02A0830_004 in /tmp/pbe_data.data.home.granepura.5-Kinases.Kinases_MCCE.Trial01.run_apo.4G5J_ASP02A0830_004
ForkPoolWorker-1: Calling delphi to calculate conformer (247/692) ASP-1A0830_005 in /tmp/pbe_data.data.home.granepura.5-Kinases.Kinases_MCCE.Trial01.run_apo.4G5J_ASP-1A0830_005
ForkPoolWorker-1: Calling delphi to calculate conformer (248/692) ARG01A0831_001 in /tmp/pbe_data.data.home.granepura.5-Kinases.Kinases_MCCE.Trial01.run_apo.4G5J_ARG01A0831_001
ForkPoolWorker-1: Calling delphi to calculate conformer (249/692) ARG02A0831_002 in /tmp/pbe_data.data.home.granepura.5-Kinases.Kinases_MCCE.Trial01.run_apo.4G5J_ARG02A0831_002
ForkPoolWorker-1: Calling delphi to calculate conformer (250/692) ARG03A0831_003 in /tmp/pbe_data.data.home.granepura.5-Kinases.Kinases_MCCE.Trial01.run_apo.4G5J_ARG03A0831_003
ForkPoolWorker-1: Calling delphi to calculate conformer (251/692) ARG+1A0831_004 in /tmp/pbe_data.data.home.granepura.5-Kinases.Kinases_MCCE.Trial01.run_apo.4G5J_ARG+1A0831_004
ForkPoolWorker-1: Calling delphi to calculate conformer (252/692) ARG01A0832_001 in /tmp/pbe_data.data.home.granepura.5-Kinases.Kinases_MCCE.Trial01.run_apo.4G5J_ARG01A0832_001
ForkPoolWorker-1: Calling delphi to calculate conformer (253/692) ARG02A0832_002 in /tmp/pbe_data.data.home.granepura.5-Kinases.Kinases_MCCE.Trial01.run_apo.4G5J_ARG02A0832_002
ForkPoolWorker-1: Calling delphi to calculate conformer (254/692) ARG03A0832_003 in /tmp/pbe_data.data.home.granepura.5-Kinases.Kinases_MCCE.Trial01.run_apo.4G5J_ARG03A0832_003
ForkPoolWorker-1: Calling delphi to calculate conformer (255/692) ARG+1A0832_004 in /tmp/pbe_data.data.home.granepura.5-Kinases.Kinases_MCCE.Trial01.run_apo.4G5J_ARG+1A0832_004
Skipping PBE solver for non-charge conformer (256/692) LEU01A0833_001...
Skipping PBE solver for non-charge conformer (257/692) VAL01A0834_001...
ForkPoolWorker-1: Calling delphi to calculate conformer (258/692) HIS01A0835_001 in /tmp/pbe_data.data.home.granepura.5-Kinases.Kinases_MCCE.Trial01.run_apo.4G5J_HIS01A0835_001
ForkPoolWorker-1: Calling delphi to calculate conformer (259/692) HIS01A0835_002 in /tmp/pbe_data.data.home.granepura.5-Kinases.Kinases_MCCE.Trial01.run_apo.4G5J_HIS01A0835_002
ForkPoolWorker-1: Calling delphi to calculate conformer (260/692) HIS02A0835_003 in /tmp/pbe_data.data.home.granepura.5-Kinases.Kinases_MCCE.Trial01.run_apo.4G5J_HIS02A0835_003
ForkPoolWorker-1: Calling delphi to calculate conformer (261/692) HIS02A0835_004 in /tmp/pbe_data.data.home.granepura.5-Kinases.Kinases_MCCE.Trial01.run_apo.4G5J_HIS02A0835_004
ForkPoolWorker-1: Calling delphi to calculate conformer (262/692) HIS+1A0835_005 in /tmp/pbe_data.data.home.granepura.5-Kinases.Kinases_MCCE.Trial01.run_apo.4G5J_HIS+1A0835_005
ForkPoolWorker-1: Calling delphi to calculate conformer (263/692) HIS+1A0835_006 in /tmp/pbe_data.data.home.granepura.5-Kinases.Kinases_MCCE.Trial01.run_apo.4G5J_HIS+1A0835_006
ForkPoolWorker-1: Calling delphi to calculate conformer (264/692) ARG01A0836_001 in /tmp/pbe_data.data.home.granepura.5-Kinases.Kinases_MCCE.Trial01.run_apo.4G5J_ARG01A0836_001
ForkPoolWorker-1: Calling delphi to calculate conformer (265/692) ARG02A0836_002 in /tmp/pbe_data.data.home.granepura.5-Kinases.Kinases_MCCE.Trial01.run_apo.4G5J_ARG02A0836_002
ForkPoolWorker-1: Calling delphi to calculate conformer (266/692) ARG03A0836_003 in /tmp/pbe_data.data.home.granepura.5-Kinases.Kinases_MCCE.Trial01.run_apo.4G5J_ARG03A0836_003
ForkPoolWorker-1: Calling delphi to calculate conformer (267/692) ARG03A0836_004 in /tmp/pbe_data.data.home.granepura.5-Kinases.Kinases_MCCE.Trial01.run_apo.4G5J_ARG03A0836_004
ForkPoolWorker-1: Calling delphi to calculate conformer (268/692) ARG+1A0836_005 in /tmp/pbe_data.data.home.granepura.5-Kinases.Kinases_MCCE.Trial01.run_apo.4G5J_ARG+1A0836_005
ForkPoolWorker-1: Calling delphi to calculate conformer (269/692) ASP01A0837_001 in /tmp/pbe_data.data.home.granepura.5-Kinases.Kinases_MCCE.Trial01.run_apo.4G5J_ASP01A0837_001
ForkPoolWorker-1: Calling delphi to calculate conformer (270/692) ASP01A0837_002 in /tmp/pbe_data.data.home.granepura.5-Kinases.Kinases_MCCE.Trial01.run_apo.4G5J_ASP01A0837_002
ForkPoolWorker-1: Calling delphi to calculate conformer (271/692) ASP02A0837_003 in /tmp/pbe_data.data.home.granepura.5-Kinases.Kinases_MCCE.Trial01.run_apo.4G5J_ASP02A0837_003
ForkPoolWorker-1: Calling delphi to calculate conformer (272/692) ASP02A0837_004 in /tmp/pbe_data.data.home.granepura.5-Kinases.Kinases_MCCE.Trial01.run_apo.4G5J_ASP02A0837_004
ForkPoolWorker-1: Calling delphi to calculate conformer (273/692) ASP-1A0837_005 in /tmp/pbe_data.data.home.granepura.5-Kinases.Kinases_MCCE.Trial01.run_apo.4G5J_ASP-1A0837_005
Skipping PBE solver for non-charge conformer (274/692) LEU01A0838_001...
Skipping PBE solver for non-charge conformer (275/692) ALA01A0839_001...
Skipping PBE solver for non-charge conformer (276/692) ALA01A0840_001...
ForkPoolWorker-1: Calling delphi to calculate conformer (277/692) ARG01A0841_001 in /tmp/pbe_data.data.home.granepura.5-Kinases.Kinases_MCCE.Trial01.run_apo.4G5J_ARG01A0841_001
ForkPoolWorker-1: Calling delphi to calculate conformer (278/692) ARG02A0841_002 in /tmp/pbe_data.data.home.granepura.5-Kinases.Kinases_MCCE.Trial01.run_apo.4G5J_ARG02A0841_002
ForkPoolWorker-1: Calling delphi to calculate conformer (279/692) ARG02A0841_003 in /tmp/pbe_data.data.home.granepura.5-Kinases.Kinases_MCCE.Trial01.run_apo.4G5J_ARG02A0841_003
