INFO - step3.py: Step 3. Energies calculation with PBE solver.
INFO - step3.py: Calling new VDW....No Scaling Applied
INFO - step3.py:    Process run time options & convert step2_out.pdb.
INFO - step3.py:    Prepare input for PB solver.
INFO - step3.py:    Time needed: 0 seconds.
INFO - step3.py:    Set up parallel envrionment and run PB solver.
INFO - step3.py:    Running PBE solver in 1 threads
!!! Detected an existing run.prm.
If you intend to use this run.prm, either use mcce directly or rename run.prm and use "-load_runprm" to load it.
For now, run.prm is overwritten and will be restored at the end of this program. 

Warning: VDW_RAD SO401 " HO1" not defined in RADIUS parameter
Warning: VDW_RAD SO401 " HO2" not defined in RADIUS parameter
Warning: VDW_RAD SO4-1 " HO1" not defined in RADIUS parameter
INFO - step3.py: ForkPoolWorker-1: Calling delphi to calculate conformer (1/656) ASN01A1093_001 in /tmp/pbe_data.data.home.granepura.5-Kinases.Kinases_MCCE.Trial01.run_apo.4MKC_ASN01A1093_001
INFO - step3.py: ForkPoolWorker-1: Calling delphi to calculate conformer (2/656) ASN01A1093_002 in /tmp/pbe_data.data.home.granepura.5-Kinases.Kinases_MCCE.Trial01.run_apo.4MKC_ASN01A1093_002
INFO - step3.py: Skipping PBE solver for non-charge conformer (3/656) PRO01A1094_001...
INFO - step3.py: ForkPoolWorker-1: Calling delphi to calculate conformer (4/656) ASN01A1095_001 in /tmp/pbe_data.data.home.granepura.5-Kinases.Kinases_MCCE.Trial01.run_apo.4MKC_ASN01A1095_001
INFO - step3.py: ForkPoolWorker-1: Calling delphi to calculate conformer (5/656) ASN01A1095_002 in /tmp/pbe_data.data.home.granepura.5-Kinases.Kinases_MCCE.Trial01.run_apo.4MKC_ASN01A1095_002
INFO - step3.py: ForkPoolWorker-1: Calling delphi to calculate conformer (6/656) TYR01A1096_001 in /tmp/pbe_data.data.home.granepura.5-Kinases.Kinases_MCCE.Trial01.run_apo.4MKC_TYR01A1096_001
INFO - step3.py: ForkPoolWorker-1: Calling delphi to calculate conformer (7/656) TYR01A1096_002 in /tmp/pbe_data.data.home.granepura.5-Kinases.Kinases_MCCE.Trial01.run_apo.4MKC_TYR01A1096_002
INFO - step3.py: ForkPoolWorker-1: Calling delphi to calculate conformer (8/656) TYR-1A1096_003 in /tmp/pbe_data.data.home.granepura.5-Kinases.Kinases_MCCE.Trial01.run_apo.4MKC_TYR-1A1096_003
INFO - step3.py: ForkPoolWorker-1: Calling delphi to calculate conformer (9/656) CYS01A1097_001 in /tmp/pbe_data.data.home.granepura.5-Kinases.Kinases_MCCE.Trial01.run_apo.4MKC_CYS01A1097_001
INFO - step3.py: ForkPoolWorker-1: Calling delphi to calculate conformer (10/656) CYS01A1097_002 in /tmp/pbe_data.data.home.granepura.5-Kinases.Kinases_MCCE.Trial01.run_apo.4MKC_CYS01A1097_002
INFO - step3.py: ForkPoolWorker-1: Calling delphi to calculate conformer (11/656) CYS01A1097_003 in /tmp/pbe_data.data.home.granepura.5-Kinases.Kinases_MCCE.Trial01.run_apo.4MKC_CYS01A1097_003
INFO - step3.py: ForkPoolWorker-1: Calling delphi to calculate conformer (12/656) CYS-1A1097_004 in /tmp/pbe_data.data.home.granepura.5-Kinases.Kinases_MCCE.Trial01.run_apo.4MKC_CYS-1A1097_004
INFO - step3.py: Skipping PBE solver for non-charge conformer (13/656) PHE01A1098_001...
INFO - step3.py: Skipping PBE solver for non-charge conformer (14/656) ALA01A1099_001...
INFO - step3.py: ForkPoolWorker-1: Calling delphi to calculate conformer (15/656) LYS01A1101_001 in /tmp/pbe_data.data.home.granepura.5-Kinases.Kinases_MCCE.Trial01.run_apo.4MKC_LYS01A1101_001
INFO - step3.py: ForkPoolWorker-1: Calling delphi to calculate conformer (16/656) LYS+1A1101_002 in /tmp/pbe_data.data.home.granepura.5-Kinases.Kinases_MCCE.Trial01.run_apo.4MKC_LYS+1A1101_002
INFO - step3.py: ForkPoolWorker-1: Calling delphi to calculate conformer (17/656) THR01A1102_001 in /tmp/pbe_data.data.home.granepura.5-Kinases.Kinases_MCCE.Trial01.run_apo.4MKC_THR01A1102_001
INFO - step3.py: ForkPoolWorker-1: Calling delphi to calculate conformer (18/656) THR01A1102_002 in /tmp/pbe_data.data.home.granepura.5-Kinases.Kinases_MCCE.Trial01.run_apo.4MKC_THR01A1102_002
INFO - step3.py: ForkPoolWorker-1: Calling delphi to calculate conformer (19/656) SER01A1103_001 in /tmp/pbe_data.data.home.granepura.5-Kinases.Kinases_MCCE.Trial01.run_apo.4MKC_SER01A1103_001
INFO - step3.py: ForkPoolWorker-1: Calling delphi to calculate conformer (20/656) SER01A1103_002 in /tmp/pbe_data.data.home.granepura.5-Kinases.Kinases_MCCE.Trial01.run_apo.4MKC_SER01A1103_002
INFO - step3.py: ForkPoolWorker-1: Calling delphi to calculate conformer (21/656) SER01A1103_003 in /tmp/pbe_data.data.home.granepura.5-Kinases.Kinases_MCCE.Trial01.run_apo.4MKC_SER01A1103_003
INFO - step3.py: ForkPoolWorker-1: Calling delphi to calculate conformer (22/656) SER01A1104_001 in /tmp/pbe_data.data.home.granepura.5-Kinases.Kinases_MCCE.Trial01.run_apo.4MKC_SER01A1104_001
INFO - step3.py: ForkPoolWorker-1: Calling delphi to calculate conformer (23/656) SER01A1104_002 in /tmp/pbe_data.data.home.granepura.5-Kinases.Kinases_MCCE.Trial01.run_apo.4MKC_SER01A1104_002
INFO - step3.py: Skipping PBE solver for non-charge conformer (24/656) ILE01A1105_001...
INFO - step3.py: ForkPoolWorker-1: Calling delphi to calculate conformer (25/656) SER01A1106_001 in /tmp/pbe_data.data.home.granepura.5-Kinases.Kinases_MCCE.Trial01.run_apo.4MKC_SER01A1106_001
INFO - step3.py: ForkPoolWorker-1: Calling delphi to calculate conformer (26/656) SER01A1106_002 in /tmp/pbe_data.data.home.granepura.5-Kinases.Kinases_MCCE.Trial01.run_apo.4MKC_SER01A1106_002
INFO - step3.py: ForkPoolWorker-1: Calling delphi to calculate conformer (27/656) ASP01A1107_001 in /tmp/pbe_data.data.home.granepura.5-Kinases.Kinases_MCCE.Trial01.run_apo.4MKC_ASP01A1107_001
INFO - step3.py: ForkPoolWorker-1: Calling delphi to calculate conformer (28/656) ASP01A1107_002 in /tmp/pbe_data.data.home.granepura.5-Kinases.Kinases_MCCE.Trial01.run_apo.4MKC_ASP01A1107_002
INFO - step3.py: ForkPoolWorker-1: Calling delphi to calculate conformer (29/656) ASP02A1107_003 in /tmp/pbe_data.data.home.granepura.5-Kinases.Kinases_MCCE.Trial01.run_apo.4MKC_ASP02A1107_003
INFO - step3.py: ForkPoolWorker-1: Calling delphi to calculate conformer (30/656) ASP02A1107_004 in /tmp/pbe_data.data.home.granepura.5-Kinases.Kinases_MCCE.Trial01.run_apo.4MKC_ASP02A1107_004
INFO - step3.py: ForkPoolWorker-1: Calling delphi to calculate conformer (31/656) ASP-1A1107_005 in /tmp/pbe_data.data.home.granepura.5-Kinases.Kinases_MCCE.Trial01.run_apo.4MKC_ASP-1A1107_005
INFO - step3.py: Skipping PBE solver for non-charge conformer (32/656) LEU01A1108_001...
INFO - step3.py: ForkPoolWorker-1: Calling delphi to calculate conformer (33/656) LYS01A1109_001 in /tmp/pbe_data.data.home.granepura.5-Kinases.Kinases_MCCE.Trial01.run_apo.4MKC_LYS01A1109_001
INFO - step3.py: ForkPoolWorker-1: Calling delphi to calculate conformer (34/656) LYS+1A1109_002 in /tmp/pbe_data.data.home.granepura.5-Kinases.Kinases_MCCE.Trial01.run_apo.4MKC_LYS+1A1109_002
INFO - step3.py: ForkPoolWorker-1: Calling delphi to calculate conformer (35/656) GLU01A1110_001 in /tmp/pbe_data.data.home.granepura.5-Kinases.Kinases_MCCE.Trial01.run_apo.4MKC_GLU01A1110_001
INFO - step3.py: ForkPoolWorker-1: Calling delphi to calculate conformer (36/656) GLU01A1110_002 in /tmp/pbe_data.data.home.granepura.5-Kinases.Kinases_MCCE.Trial01.run_apo.4MKC_GLU01A1110_002
INFO - step3.py: ForkPoolWorker-1: Calling delphi to calculate conformer (37/656) GLU02A1110_003 in /tmp/pbe_data.data.home.granepura.5-Kinases.Kinases_MCCE.Trial01.run_apo.4MKC_GLU02A1110_003
INFO - step3.py: ForkPoolWorker-1: Calling delphi to calculate conformer (38/656) GLU02A1110_004 in /tmp/pbe_data.data.home.granepura.5-Kinases.Kinases_MCCE.Trial01.run_apo.4MKC_GLU02A1110_004
INFO - step3.py: ForkPoolWorker-1: Calling delphi to calculate conformer (39/656) GLU-1A1110_005 in /tmp/pbe_data.data.home.granepura.5-Kinases.Kinases_MCCE.Trial01.run_apo.4MKC_GLU-1A1110_005
INFO - step3.py: Skipping PBE solver for non-charge conformer (40/656) VAL01A1111_001...
INFO - step3.py: Skipping PBE solver for non-charge conformer (41/656) PRO01A1112_001...
INFO - step3.py: ForkPoolWorker-1: Calling delphi to calculate conformer (42/656) ARG01A1113_001 in /tmp/pbe_data.data.home.granepura.5-Kinases.Kinases_MCCE.Trial01.run_apo.4MKC_ARG01A1113_001
INFO - step3.py: ForkPoolWorker-1: Calling delphi to calculate conformer (43/656) ARG02A1113_002 in /tmp/pbe_data.data.home.granepura.5-Kinases.Kinases_MCCE.Trial01.run_apo.4MKC_ARG02A1113_002
INFO - step3.py: ForkPoolWorker-1: Calling delphi to calculate conformer (44/656) ARG02A1113_003 in /tmp/pbe_data.data.home.granepura.5-Kinases.Kinases_MCCE.Trial01.run_apo.4MKC_ARG02A1113_003
INFO - step3.py: ForkPoolWorker-1: Calling delphi to calculate conformer (45/656) ARG03A1113_004 in /tmp/pbe_data.data.home.granepura.5-Kinases.Kinases_MCCE.Trial01.run_apo.4MKC_ARG03A1113_004
INFO - step3.py: ForkPoolWorker-1: Calling delphi to calculate conformer (46/656) ARG+1A1113_005 in /tmp/pbe_data.data.home.granepura.5-Kinases.Kinases_MCCE.Trial01.run_apo.4MKC_ARG+1A1113_005
INFO - step3.py: ForkPoolWorker-1: Calling delphi to calculate conformer (47/656) LYS01A1114_001 in /tmp/pbe_data.data.home.granepura.5-Kinases.Kinases_MCCE.Trial01.run_apo.4MKC_LYS01A1114_001
INFO - step3.py: ForkPoolWorker-1: Calling delphi to calculate conformer (48/656) LYS+1A1114_002 in /tmp/pbe_data.data.home.granepura.5-Kinases.Kinases_MCCE.Trial01.run_apo.4MKC_LYS+1A1114_002
INFO - step3.py: ForkPoolWorker-1: Calling delphi to calculate conformer (49/656) ASN01A1115_001 in /tmp/pbe_data.data.home.granepura.5-Kinases.Kinases_MCCE.Trial01.run_apo.4MKC_ASN01A1115_001
INFO - step3.py: ForkPoolWorker-1: Calling delphi to calculate conformer (50/656) ASN01A1115_002 in /tmp/pbe_data.data.home.granepura.5-Kinases.Kinases_MCCE.Trial01.run_apo.4MKC_ASN01A1115_002
INFO - step3.py: Skipping PBE solver for non-charge conformer (51/656) ILE01A1116_001...
INFO - step3.py: ForkPoolWorker-1: Calling delphi to calculate conformer (52/656) THR01A1117_001 in /tmp/pbe_data.data.home.granepura.5-Kinases.Kinases_MCCE.Trial01.run_apo.4MKC_THR01A1117_001
INFO - step3.py: Skipping PBE solver for non-charge conformer (53/656) LEU01A1118_001...
INFO - step3.py: Skipping PBE solver for non-charge conformer (54/656) ILE01A1119_001...
INFO - step3.py: ForkPoolWorker-1: Calling delphi to calculate conformer (55/656) ARG01A1120_001 in /tmp/pbe_data.data.home.granepura.5-Kinases.Kinases_MCCE.Trial01.run_apo.4MKC_ARG01A1120_001
INFO - step3.py: ForkPoolWorker-1: Calling delphi to calculate conformer (56/656) ARG02A1120_002 in /tmp/pbe_data.data.home.granepura.5-Kinases.Kinases_MCCE.Trial01.run_apo.4MKC_ARG02A1120_002
INFO - step3.py: ForkPoolWorker-1: Calling delphi to calculate conformer (57/656) ARG03A1120_003 in /tmp/pbe_data.data.home.granepura.5-Kinases.Kinases_MCCE.Trial01.run_apo.4MKC_ARG03A1120_003
INFO - step3.py: ForkPoolWorker-1: Calling delphi to calculate conformer (58/656) ARG+1A1120_004 in /tmp/pbe_data.data.home.granepura.5-Kinases.Kinases_MCCE.Trial01.run_apo.4MKC_ARG+1A1120_004
INFO - step3.py: Skipping PBE solver for non-charge conformer (59/656) LEU01A1122_001...
INFO - step3.py: ForkPoolWorker-1: Calling delphi to calculate conformer (60/656) HIS01A1124_001 in /tmp/pbe_data.data.home.granepura.5-Kinases.Kinases_MCCE.Trial01.run_apo.4MKC_HIS01A1124_001
INFO - step3.py: ForkPoolWorker-1: Calling delphi to calculate conformer (61/656) HIS01A1124_002 in /tmp/pbe_data.data.home.granepura.5-Kinases.Kinases_MCCE.Trial01.run_apo.4MKC_HIS01A1124_002
INFO - step3.py: ForkPoolWorker-1: Calling delphi to calculate conformer (62/656) HIS02A1124_003 in /tmp/pbe_data.data.home.granepura.5-Kinases.Kinases_MCCE.Trial01.run_apo.4MKC_HIS02A1124_003
INFO - step3.py: ForkPoolWorker-1: Calling delphi to calculate conformer (63/656) HIS02A1124_004 in /tmp/pbe_data.data.home.granepura.5-Kinases.Kinases_MCCE.Trial01.run_apo.4MKC_HIS02A1124_004
INFO - step3.py: ForkPoolWorker-1: Calling delphi to calculate conformer (64/656) HIS+1A1124_005 in /tmp/pbe_data.data.home.granepura.5-Kinases.Kinases_MCCE.Trial01.run_apo.4MKC_HIS+1A1124_005
INFO - step3.py: ForkPoolWorker-1: Calling delphi to calculate conformer (65/656) HIS+1A1124_006 in /tmp/pbe_data.data.home.granepura.5-Kinases.Kinases_MCCE.Trial01.run_apo.4MKC_HIS+1A1124_006
INFO - step3.py: Skipping PBE solver for non-charge conformer (66/656) ALA01A1126_001...
INFO - step3.py: Skipping PBE solver for non-charge conformer (67/656) PHE01A1127_001...
INFO - step3.py: ForkPoolWorker-1: Calling delphi to calculate conformer (68/656) GLU01A1129_001 in /tmp/pbe_data.data.home.granepura.5-Kinases.Kinases_MCCE.Trial01.run_apo.4MKC_GLU01A1129_001
INFO - step3.py: ForkPoolWorker-1: Calling delphi to calculate conformer (69/656) GLU01A1129_002 in /tmp/pbe_data.data.home.granepura.5-Kinases.Kinases_MCCE.Trial01.run_apo.4MKC_GLU01A1129_002
INFO - step3.py: ForkPoolWorker-1: Calling delphi to calculate conformer (70/656) GLU02A1129_003 in /tmp/pbe_data.data.home.granepura.5-Kinases.Kinases_MCCE.Trial01.run_apo.4MKC_GLU02A1129_003
INFO - step3.py: ForkPoolWorker-1: Calling delphi to calculate conformer (71/656) GLU02A1129_004 in /tmp/pbe_data.data.home.granepura.5-Kinases.Kinases_MCCE.Trial01.run_apo.4MKC_GLU02A1129_004
INFO - step3.py: ForkPoolWorker-1: Calling delphi to calculate conformer (72/656) GLU-1A1129_005 in /tmp/pbe_data.data.home.granepura.5-Kinases.Kinases_MCCE.Trial01.run_apo.4MKC_GLU-1A1129_005
INFO - step3.py: Skipping PBE solver for non-charge conformer (73/656) VAL01A1130_001...
INFO - step3.py: ForkPoolWorker-1: Calling delphi to calculate conformer (74/656) TYR01A1131_001 in /tmp/pbe_data.data.home.granepura.5-Kinases.Kinases_MCCE.Trial01.run_apo.4MKC_TYR01A1131_001
INFO - step3.py: ForkPoolWorker-1: Calling delphi to calculate conformer (75/656) TYR01A1131_002 in /tmp/pbe_data.data.home.granepura.5-Kinases.Kinases_MCCE.Trial01.run_apo.4MKC_TYR01A1131_002
INFO - step3.py: ForkPoolWorker-1: Calling delphi to calculate conformer (76/656) TYR-1A1131_003 in /tmp/pbe_data.data.home.granepura.5-Kinases.Kinases_MCCE.Trial01.run_apo.4MKC_TYR-1A1131_003
INFO - step3.py: ForkPoolWorker-1: Calling delphi to calculate conformer (77/656) GLU01A1132_001 in /tmp/pbe_data.data.home.granepura.5-Kinases.Kinases_MCCE.Trial01.run_apo.4MKC_GLU01A1132_001
INFO - step3.py: ForkPoolWorker-1: Calling delphi to calculate conformer (78/656) GLU01A1132_002 in /tmp/pbe_data.data.home.granepura.5-Kinases.Kinases_MCCE.Trial01.run_apo.4MKC_GLU01A1132_002
INFO - step3.py: ForkPoolWorker-1: Calling delphi to calculate conformer (79/656) GLU02A1132_003 in /tmp/pbe_data.data.home.granepura.5-Kinases.Kinases_MCCE.Trial01.run_apo.4MKC_GLU02A1132_003
INFO - step3.py: ForkPoolWorker-1: Calling delphi to calculate conformer (80/656) GLU02A1132_004 in /tmp/pbe_data.data.home.granepura.5-Kinases.Kinases_MCCE.Trial01.run_apo.4MKC_GLU02A1132_004
INFO - step3.py: ForkPoolWorker-1: Calling delphi to calculate conformer (81/656) GLU-1A1132_005 in /tmp/pbe_data.data.home.granepura.5-Kinases.Kinases_MCCE.Trial01.run_apo.4MKC_GLU-1A1132_005
INFO - step3.py: ForkPoolWorker-1: Calling delphi to calculate conformer (82/656) GLN01A1134_001 in /tmp/pbe_data.data.home.granepura.5-Kinases.Kinases_MCCE.Trial01.run_apo.4MKC_GLN01A1134_001
INFO - step3.py: ForkPoolWorker-1: Calling delphi to calculate conformer (83/656) GLN01A1134_002 in /tmp/pbe_data.data.home.granepura.5-Kinases.Kinases_MCCE.Trial01.run_apo.4MKC_GLN01A1134_002
INFO - step3.py: Skipping PBE solver for non-charge conformer (84/656) VAL01A1135_001...
INFO - step3.py: ForkPoolWorker-1: Calling delphi to calculate conformer (85/656) SER01A1136_001 in /tmp/pbe_data.data.home.granepura.5-Kinases.Kinases_MCCE.Trial01.run_apo.4MKC_SER01A1136_001
INFO - step3.py: ForkPoolWorker-1: Calling delphi to calculate conformer (86/656) SER01A1143_001 in /tmp/pbe_data.data.home.granepura.5-Kinases.Kinases_MCCE.Trial01.run_apo.4MKC_SER01A1143_001
INFO - step3.py: Skipping PBE solver for non-charge conformer (87/656) PRO01A1144_001...
INFO - step3.py: Skipping PBE solver for non-charge conformer (88/656) LEU01A1145_001...
INFO - step3.py: ForkPoolWorker-1: Calling delphi to calculate conformer (89/656) GLN01A1146_001 in /tmp/pbe_data.data.home.granepura.5-Kinases.Kinases_MCCE.Trial01.run_apo.4MKC_GLN01A1146_001
INFO - step3.py: ForkPoolWorker-1: Calling delphi to calculate conformer (90/656) GLN01A1146_002 in /tmp/pbe_data.data.home.granepura.5-Kinases.Kinases_MCCE.Trial01.run_apo.4MKC_GLN01A1146_002
INFO - step3.py: Skipping PBE solver for non-charge conformer (91/656) VAL01A1147_001...
INFO - step3.py: Skipping PBE solver for non-charge conformer (92/656) ALA01A1148_001...
INFO - step3.py: Skipping PBE solver for non-charge conformer (93/656) VAL01A1149_001...
INFO - step3.py: ForkPoolWorker-1: Calling delphi to calculate conformer (94/656) LYS01A1150_001 in /tmp/pbe_data.data.home.granepura.5-Kinases.Kinases_MCCE.Trial01.run_apo.4MKC_LYS01A1150_001
INFO - step3.py: ForkPoolWorker-1: Calling delphi to calculate conformer (95/656) LYS+1A1150_002 in /tmp/pbe_data.data.home.granepura.5-Kinases.Kinases_MCCE.Trial01.run_apo.4MKC_LYS+1A1150_002
INFO - step3.py: ForkPoolWorker-1: Calling delphi to calculate conformer (96/656) THR01A1151_001 in /tmp/pbe_data.data.home.granepura.5-Kinases.Kinases_MCCE.Trial01.run_apo.4MKC_THR01A1151_001
INFO - step3.py: ForkPoolWorker-1: Calling delphi to calculate conformer (97/656) THR01A1151_002 in /tmp/pbe_data.data.home.granepura.5-Kinases.Kinases_MCCE.Trial01.run_apo.4MKC_THR01A1151_002
INFO - step3.py: Skipping PBE solver for non-charge conformer (98/656) LEU01A1152_001...
INFO - step3.py: Skipping PBE solver for non-charge conformer (99/656) PRO01A1153_001...
INFO - step3.py: ForkPoolWorker-1: Calling delphi to calculate conformer (100/656) GLU01A1154_001 in /tmp/pbe_data.data.home.granepura.5-Kinases.Kinases_MCCE.Trial01.run_apo.4MKC_GLU01A1154_001
INFO - step3.py: ForkPoolWorker-1: Calling delphi to calculate conformer (101/656) GLU01A1154_002 in /tmp/pbe_data.data.home.granepura.5-Kinases.Kinases_MCCE.Trial01.run_apo.4MKC_GLU01A1154_002
INFO - step3.py: ForkPoolWorker-1: Calling delphi to calculate conformer (102/656) GLU02A1154_003 in /tmp/pbe_data.data.home.granepura.5-Kinases.Kinases_MCCE.Trial01.run_apo.4MKC_GLU02A1154_003
INFO - step3.py: ForkPoolWorker-1: Calling delphi to calculate conformer (103/656) GLU02A1154_004 in /tmp/pbe_data.data.home.granepura.5-Kinases.Kinases_MCCE.Trial01.run_apo.4MKC_GLU02A1154_004
INFO - step3.py: ForkPoolWorker-1: Calling delphi to calculate conformer (104/656) GLU-1A1154_005 in /tmp/pbe_data.data.home.granepura.5-Kinases.Kinases_MCCE.Trial01.run_apo.4MKC_GLU-1A1154_005
INFO - step3.py: Skipping PBE solver for non-charge conformer (105/656) VAL01A1155_001...
INFO - step3.py: ForkPoolWorker-1: Calling delphi to calculate conformer (106/656) CYS01A1156_001 in /tmp/pbe_data.data.home.granepura.5-Kinases.Kinases_MCCE.Trial01.run_apo.4MKC_CYS01A1156_001
INFO - step3.py: ForkPoolWorker-1: Calling delphi to calculate conformer (107/656) CYS01A1156_002 in /tmp/pbe_data.data.home.granepura.5-Kinases.Kinases_MCCE.Trial01.run_apo.4MKC_CYS01A1156_002
INFO - step3.py: ForkPoolWorker-1: Calling delphi to calculate conformer (108/656) CYS01A1156_003 in /tmp/pbe_data.data.home.granepura.5-Kinases.Kinases_MCCE.Trial01.run_apo.4MKC_CYS01A1156_003
INFO - step3.py: ForkPoolWorker-1: Calling delphi to calculate conformer (109/656) CYS-1A1156_004 in /tmp/pbe_data.data.home.granepura.5-Kinases.Kinases_MCCE.Trial01.run_apo.4MKC_CYS-1A1156_004
INFO - step3.py: ForkPoolWorker-1: Calling delphi to calculate conformer (110/656) SER01A1157_001 in /tmp/pbe_data.data.home.granepura.5-Kinases.Kinases_MCCE.Trial01.run_apo.4MKC_SER01A1157_001
INFO - step3.py: ForkPoolWorker-1: Calling delphi to calculate conformer (111/656) SER01A1157_002 in /tmp/pbe_data.data.home.granepura.5-Kinases.Kinases_MCCE.Trial01.run_apo.4MKC_SER01A1157_002
INFO - step3.py: ForkPoolWorker-1: Calling delphi to calculate conformer (112/656) GLU01A1158_001 in /tmp/pbe_data.data.home.granepura.5-Kinases.Kinases_MCCE.Trial01.run_apo.4MKC_GLU01A1158_001
INFO - step3.py: ForkPoolWorker-1: Calling delphi to calculate conformer (113/656) GLU01A1158_002 in /tmp/pbe_data.data.home.granepura.5-Kinases.Kinases_MCCE.Trial01.run_apo.4MKC_GLU01A1158_002
INFO - step3.py: ForkPoolWorker-1: Calling delphi to calculate conformer (114/656) GLU02A1158_003 in /tmp/pbe_data.data.home.granepura.5-Kinases.Kinases_MCCE.Trial01.run_apo.4MKC_GLU02A1158_003
INFO - step3.py: ForkPoolWorker-1: Calling delphi to calculate conformer (115/656) GLU02A1158_004 in /tmp/pbe_data.data.home.granepura.5-Kinases.Kinases_MCCE.Trial01.run_apo.4MKC_GLU02A1158_004
INFO - step3.py: ForkPoolWorker-1: Calling delphi to calculate conformer (116/656) GLU-1A1158_005 in /tmp/pbe_data.data.home.granepura.5-Kinases.Kinases_MCCE.Trial01.run_apo.4MKC_GLU-1A1158_005
INFO - step3.py: ForkPoolWorker-1: Calling delphi to calculate conformer (117/656) GLN01A1159_001 in /tmp/pbe_data.data.home.granepura.5-Kinases.Kinases_MCCE.Trial01.run_apo.4MKC_GLN01A1159_001
INFO - step3.py: ForkPoolWorker-1: Calling delphi to calculate conformer (118/656) GLN01A1159_002 in /tmp/pbe_data.data.home.granepura.5-Kinases.Kinases_MCCE.Trial01.run_apo.4MKC_GLN01A1159_002
INFO - step3.py: ForkPoolWorker-1: Calling delphi to calculate conformer (119/656) ASP01A1160_001 in /tmp/pbe_data.data.home.granepura.5-Kinases.Kinases_MCCE.Trial01.run_apo.4MKC_ASP01A1160_001
INFO - step3.py: ForkPoolWorker-1: Calling delphi to calculate conformer (120/656) ASP01A1160_002 in /tmp/pbe_data.data.home.granepura.5-Kinases.Kinases_MCCE.Trial01.run_apo.4MKC_ASP01A1160_002
INFO - step3.py: ForkPoolWorker-1: Calling delphi to calculate conformer (121/656) ASP01A1160_003 in /tmp/pbe_data.data.home.granepura.5-Kinases.Kinases_MCCE.Trial01.run_apo.4MKC_ASP01A1160_003
INFO - step3.py: ForkPoolWorker-1: Calling delphi to calculate conformer (122/656) ASP01A1160_004 in /tmp/pbe_data.data.home.granepura.5-Kinases.Kinases_MCCE.Trial01.run_apo.4MKC_ASP01A1160_004
INFO - step3.py: ForkPoolWorker-1: Calling delphi to calculate conformer (123/656) ASP02A1160_005 in /tmp/pbe_data.data.home.granepura.5-Kinases.Kinases_MCCE.Trial01.run_apo.4MKC_ASP02A1160_005
INFO - step3.py: ForkPoolWorker-1: Calling delphi to calculate conformer (124/656) ASP02A1160_006 in /tmp/pbe_data.data.home.granepura.5-Kinases.Kinases_MCCE.Trial01.run_apo.4MKC_ASP02A1160_006
INFO - step3.py: ForkPoolWorker-1: Calling delphi to calculate conformer (125/656) ASP02A1160_007 in /tmp/pbe_data.data.home.granepura.5-Kinases.Kinases_MCCE.Trial01.run_apo.4MKC_ASP02A1160_007
INFO - step3.py: ForkPoolWorker-1: Calling delphi to calculate conformer (126/656) ASP02A1160_008 in /tmp/pbe_data.data.home.granepura.5-Kinases.Kinases_MCCE.Trial01.run_apo.4MKC_ASP02A1160_008
INFO - step3.py: ForkPoolWorker-1: Calling delphi to calculate conformer (127/656) ASP-1A1160_009 in /tmp/pbe_data.data.home.granepura.5-Kinases.Kinases_MCCE.Trial01.run_apo.4MKC_ASP-1A1160_009
INFO - step3.py: ForkPoolWorker-1: Calling delphi to calculate conformer (128/656) ASP-1A1160_010 in /tmp/pbe_data.data.home.granepura.5-Kinases.Kinases_MCCE.Trial01.run_apo.4MKC_ASP-1A1160_010
INFO - step3.py: ForkPoolWorker-1: Calling delphi to calculate conformer (129/656) GLU01A1161_001 in /tmp/pbe_data.data.home.granepura.5-Kinases.Kinases_MCCE.Trial01.run_apo.4MKC_GLU01A1161_001
INFO - step3.py: ForkPoolWorker-1: Calling delphi to calculate conformer (130/656) GLU01A1161_002 in /tmp/pbe_data.data.home.granepura.5-Kinases.Kinases_MCCE.Trial01.run_apo.4MKC_GLU01A1161_002
INFO - step3.py: ForkPoolWorker-1: Calling delphi to calculate conformer (131/656) GLU01A1161_003 in /tmp/pbe_data.data.home.granepura.5-Kinases.Kinases_MCCE.Trial01.run_apo.4MKC_GLU01A1161_003
INFO - step3.py: ForkPoolWorker-1: Calling delphi to calculate conformer (132/656) GLU01A1161_004 in /tmp/pbe_data.data.home.granepura.5-Kinases.Kinases_MCCE.Trial01.run_apo.4MKC_GLU01A1161_004
INFO - step3.py: ForkPoolWorker-1: Calling delphi to calculate conformer (133/656) GLU02A1161_005 in /tmp/pbe_data.data.home.granepura.5-Kinases.Kinases_MCCE.Trial01.run_apo.4MKC_GLU02A1161_005
INFO - step3.py: ForkPoolWorker-1: Calling delphi to calculate conformer (134/656) GLU02A1161_006 in /tmp/pbe_data.data.home.granepura.5-Kinases.Kinases_MCCE.Trial01.run_apo.4MKC_GLU02A1161_006
INFO - step3.py: ForkPoolWorker-1: Calling delphi to calculate conformer (135/656) GLU02A1161_007 in /tmp/pbe_data.data.home.granepura.5-Kinases.Kinases_MCCE.Trial01.run_apo.4MKC_GLU02A1161_007
INFO - step3.py: ForkPoolWorker-1: Calling delphi to calculate conformer (136/656) GLU02A1161_008 in /tmp/pbe_data.data.home.granepura.5-Kinases.Kinases_MCCE.Trial01.run_apo.4MKC_GLU02A1161_008
INFO - step3.py: ForkPoolWorker-1: Calling delphi to calculate conformer (137/656) GLU-1A1161_009 in /tmp/pbe_data.data.home.granepura.5-Kinases.Kinases_MCCE.Trial01.run_apo.4MKC_GLU-1A1161_009
INFO - step3.py: ForkPoolWorker-1: Calling delphi to calculate conformer (138/656) GLU-1A1161_010 in /tmp/pbe_data.data.home.granepura.5-Kinases.Kinases_MCCE.Trial01.run_apo.4MKC_GLU-1A1161_010
INFO - step3.py: Skipping PBE solver for non-charge conformer (139/656) LEU01A1162_001...
INFO - step3.py: ForkPoolWorker-1: Calling delphi to calculate conformer (140/656) ASP01A1163_001 in /tmp/pbe_data.data.home.granepura.5-Kinases.Kinases_MCCE.Trial01.run_apo.4MKC_ASP01A1163_001
INFO - step3.py: ForkPoolWorker-1: Calling delphi to calculate conformer (141/656) ASP01A1163_002 in /tmp/pbe_data.data.home.granepura.5-Kinases.Kinases_MCCE.Trial01.run_apo.4MKC_ASP01A1163_002
INFO - step3.py: ForkPoolWorker-1: Calling delphi to calculate conformer (142/656) ASP01A1163_003 in /tmp/pbe_data.data.home.granepura.5-Kinases.Kinases_MCCE.Trial01.run_apo.4MKC_ASP01A1163_003
INFO - step3.py: ForkPoolWorker-1: Calling delphi to calculate conformer (143/656) ASP01A1163_004 in /tmp/pbe_data.data.home.granepura.5-Kinases.Kinases_MCCE.Trial01.run_apo.4MKC_ASP01A1163_004
INFO - step3.py: ForkPoolWorker-1: Calling delphi to calculate conformer (144/656) ASP02A1163_005 in /tmp/pbe_data.data.home.granepura.5-Kinases.Kinases_MCCE.Trial01.run_apo.4MKC_ASP02A1163_005
INFO - step3.py: ForkPoolWorker-1: Calling delphi to calculate conformer (145/656) ASP02A1163_006 in /tmp/pbe_data.data.home.granepura.5-Kinases.Kinases_MCCE.Trial01.run_apo.4MKC_ASP02A1163_006
INFO - step3.py: ForkPoolWorker-1: Calling delphi to calculate conformer (146/656) ASP02A1163_007 in /tmp/pbe_data.data.home.granepura.5-Kinases.Kinases_MCCE.Trial01.run_apo.4MKC_ASP02A1163_007
INFO - step3.py: ForkPoolWorker-1: Calling delphi to calculate conformer (147/656) ASP02A1163_008 in /tmp/pbe_data.data.home.granepura.5-Kinases.Kinases_MCCE.Trial01.run_apo.4MKC_ASP02A1163_008
INFO - step3.py: ForkPoolWorker-1: Calling delphi to calculate conformer (148/656) ASP-1A1163_009 in /tmp/pbe_data.data.home.granepura.5-Kinases.Kinases_MCCE.Trial01.run_apo.4MKC_ASP-1A1163_009
INFO - step3.py: ForkPoolWorker-1: Calling delphi to calculate conformer (149/656) ASP-1A1163_010 in /tmp/pbe_data.data.home.granepura.5-Kinases.Kinases_MCCE.Trial01.run_apo.4MKC_ASP-1A1163_010
INFO - step3.py: Skipping PBE solver for non-charge conformer (150/656) PHE01A1164_001...
INFO - step3.py: Skipping PBE solver for non-charge conformer (151/656) LEU01A1165_001...
INFO - step3.py: ForkPoolWorker-1: Calling delphi to calculate conformer (152/656) MET01A1166_001 in /tmp/pbe_data.data.home.granepura.5-Kinases.Kinases_MCCE.Trial01.run_apo.4MKC_MET01A1166_001
INFO - step3.py: ForkPoolWorker-1: Calling delphi to calculate conformer (153/656) GLU01A1167_001 in /tmp/pbe_data.data.home.granepura.5-Kinases.Kinases_MCCE.Trial01.run_apo.4MKC_GLU01A1167_001
INFO - step3.py: ForkPoolWorker-1: Calling delphi to calculate conformer (154/656) GLU01A1167_002 in /tmp/pbe_data.data.home.granepura.5-Kinases.Kinases_MCCE.Trial01.run_apo.4MKC_GLU01A1167_002
INFO - step3.py: ForkPoolWorker-1: Calling delphi to calculate conformer (155/656) GLU02A1167_003 in /tmp/pbe_data.data.home.granepura.5-Kinases.Kinases_MCCE.Trial01.run_apo.4MKC_GLU02A1167_003
INFO - step3.py: ForkPoolWorker-1: Calling delphi to calculate conformer (156/656) GLU02A1167_004 in /tmp/pbe_data.data.home.granepura.5-Kinases.Kinases_MCCE.Trial01.run_apo.4MKC_GLU02A1167_004
INFO - step3.py: ForkPoolWorker-1: Calling delphi to calculate conformer (157/656) GLU-1A1167_005 in /tmp/pbe_data.data.home.granepura.5-Kinases.Kinases_MCCE.Trial01.run_apo.4MKC_GLU-1A1167_005
INFO - step3.py: Skipping PBE solver for non-charge conformer (158/656) ALA01A1168_001...
INFO - step3.py: Skipping PBE solver for non-charge conformer (159/656) LEU01A1169_001...
INFO - step3.py: Skipping PBE solver for non-charge conformer (160/656) ILE01A1170_001...
INFO - step3.py: Skipping PBE solver for non-charge conformer (161/656) ILE01A1171_001...
INFO - step3.py: ForkPoolWorker-1: Calling delphi to calculate conformer (162/656) SER01A1172_001 in /tmp/pbe_data.data.home.granepura.5-Kinases.Kinases_MCCE.Trial01.run_apo.4MKC_SER01A1172_001
INFO - step3.py: ForkPoolWorker-1: Calling delphi to calculate conformer (163/656) SER01A1172_002 in /tmp/pbe_data.data.home.granepura.5-Kinases.Kinases_MCCE.Trial01.run_apo.4MKC_SER01A1172_002
INFO - step3.py: ForkPoolWorker-1: Calling delphi to calculate conformer (164/656) SER01A1172_003 in /tmp/pbe_data.data.home.granepura.5-Kinases.Kinases_MCCE.Trial01.run_apo.4MKC_SER01A1172_003
INFO - step3.py: ForkPoolWorker-1: Calling delphi to calculate conformer (165/656) LYS01A1173_001 in /tmp/pbe_data.data.home.granepura.5-Kinases.Kinases_MCCE.Trial01.run_apo.4MKC_LYS01A1173_001
INFO - step3.py: ForkPoolWorker-1: Calling delphi to calculate conformer (166/656) LYS+1A1173_002 in /tmp/pbe_data.data.home.granepura.5-Kinases.Kinases_MCCE.Trial01.run_apo.4MKC_LYS+1A1173_002
INFO - step3.py: Skipping PBE solver for non-charge conformer (167/656) PHE01A1174_001...
INFO - step3.py: ForkPoolWorker-1: Calling delphi to calculate conformer (168/656) ASN01A1175_001 in /tmp/pbe_data.data.home.granepura.5-Kinases.Kinases_MCCE.Trial01.run_apo.4MKC_ASN01A1175_001
INFO - step3.py: ForkPoolWorker-1: Calling delphi to calculate conformer (169/656) ASN01A1175_002 in /tmp/pbe_data.data.home.granepura.5-Kinases.Kinases_MCCE.Trial01.run_apo.4MKC_ASN01A1175_002
INFO - step3.py: ForkPoolWorker-1: Calling delphi to calculate conformer (170/656) HIS01A1176_001 in /tmp/pbe_data.data.home.granepura.5-Kinases.Kinases_MCCE.Trial01.run_apo.4MKC_HIS01A1176_001
INFO - step3.py: ForkPoolWorker-1: Calling delphi to calculate conformer (171/656) HIS01A1176_002 in /tmp/pbe_data.data.home.granepura.5-Kinases.Kinases_MCCE.Trial01.run_apo.4MKC_HIS01A1176_002
INFO - step3.py: ForkPoolWorker-1: Calling delphi to calculate conformer (172/656) HIS02A1176_003 in /tmp/pbe_data.data.home.granepura.5-Kinases.Kinases_MCCE.Trial01.run_apo.4MKC_HIS02A1176_003
INFO - step3.py: ForkPoolWorker-1: Calling delphi to calculate conformer (173/656) HIS02A1176_004 in /tmp/pbe_data.data.home.granepura.5-Kinases.Kinases_MCCE.Trial01.run_apo.4MKC_HIS02A1176_004
INFO - step3.py: ForkPoolWorker-1: Calling delphi to calculate conformer (174/656) HIS+1A1176_005 in /tmp/pbe_data.data.home.granepura.5-Kinases.Kinases_MCCE.Trial01.run_apo.4MKC_HIS+1A1176_005
INFO - step3.py: ForkPoolWorker-1: Calling delphi to calculate conformer (175/656) HIS+1A1176_006 in /tmp/pbe_data.data.home.granepura.5-Kinases.Kinases_MCCE.Trial01.run_apo.4MKC_HIS+1A1176_006
INFO - step3.py: ForkPoolWorker-1: Calling delphi to calculate conformer (176/656) GLN01A1177_001 in /tmp/pbe_data.data.home.granepura.5-Kinases.Kinases_MCCE.Trial01.run_apo.4MKC_GLN01A1177_001
INFO - step3.py: ForkPoolWorker-1: Calling delphi to calculate conformer (177/656) ASN01A1178_001 in /tmp/pbe_data.data.home.granepura.5-Kinases.Kinases_MCCE.Trial01.run_apo.4MKC_ASN01A1178_001
INFO - step3.py: ForkPoolWorker-1: Calling delphi to calculate conformer (178/656) ASN01A1178_002 in /tmp/pbe_data.data.home.granepura.5-Kinases.Kinases_MCCE.Trial01.run_apo.4MKC_ASN01A1178_002
INFO - step3.py: Skipping PBE solver for non-charge conformer (179/656) ILE01A1179_001...
INFO - step3.py: Skipping PBE solver for non-charge conformer (180/656) VAL01A1180_001...
INFO - step3.py: ForkPoolWorker-1: Calling delphi to calculate conformer (181/656) ARG01A1181_001 in /tmp/pbe_data.data.home.granepura.5-Kinases.Kinases_MCCE.Trial01.run_apo.4MKC_ARG01A1181_001
INFO - step3.py: ForkPoolWorker-1: Calling delphi to calculate conformer (182/656) ARG02A1181_002 in /tmp/pbe_data.data.home.granepura.5-Kinases.Kinases_MCCE.Trial01.run_apo.4MKC_ARG02A1181_002
INFO - step3.py: ForkPoolWorker-1: Calling delphi to calculate conformer (183/656) ARG02A1181_003 in /tmp/pbe_data.data.home.granepura.5-Kinases.Kinases_MCCE.Trial01.run_apo.4MKC_ARG02A1181_003
INFO - step3.py: ForkPoolWorker-1: Calling delphi to calculate conformer (184/656) ARG03A1181_004 in /tmp/pbe_data.data.home.granepura.5-Kinases.Kinases_MCCE.Trial01.run_apo.4MKC_ARG03A1181_004
INFO - step3.py: ForkPoolWorker-1: Calling delphi to calculate conformer (185/656) ARG+1A1181_005 in /tmp/pbe_data.data.home.granepura.5-Kinases.Kinases_MCCE.Trial01.run_apo.4MKC_ARG+1A1181_005
INFO - step3.py: ForkPoolWorker-1: Calling delphi to calculate conformer (186/656) CYS01A1182_001 in /tmp/pbe_data.data.home.granepura.5-Kinases.Kinases_MCCE.Trial01.run_apo.4MKC_CYS01A1182_001
INFO - step3.py: ForkPoolWorker-1: Calling delphi to calculate conformer (187/656) CYS01A1182_002 in /tmp/pbe_data.data.home.granepura.5-Kinases.Kinases_MCCE.Trial01.run_apo.4MKC_CYS01A1182_002
INFO - step3.py: ForkPoolWorker-1: Calling delphi to calculate conformer (188/656) CYS01A1182_003 in /tmp/pbe_data.data.home.granepura.5-Kinases.Kinases_MCCE.Trial01.run_apo.4MKC_CYS01A1182_003
INFO - step3.py: ForkPoolWorker-1: Calling delphi to calculate conformer (189/656) CYS-1A1182_004 in /tmp/pbe_data.data.home.granepura.5-Kinases.Kinases_MCCE.Trial01.run_apo.4MKC_CYS-1A1182_004
INFO - step3.py: Skipping PBE solver for non-charge conformer (190/656) ILE01A1183_001...
INFO - step3.py: Skipping PBE solver for non-charge conformer (191/656) VAL01A1185_001...
INFO - step3.py: ForkPoolWorker-1: Calling delphi to calculate conformer (192/656) SER01A1186_001 in /tmp/pbe_data.data.home.granepura.5-Kinases.Kinases_MCCE.Trial01.run_apo.4MKC_SER01A1186_001
INFO - step3.py: ForkPoolWorker-1: Calling delphi to calculate conformer (193/656) SER01A1186_002 in /tmp/pbe_data.data.home.granepura.5-Kinases.Kinases_MCCE.Trial01.run_apo.4MKC_SER01A1186_002
INFO - step3.py: ForkPoolWorker-1: Calling delphi to calculate conformer (194/656) SER01A1186_003 in /tmp/pbe_data.data.home.granepura.5-Kinases.Kinases_MCCE.Trial01.run_apo.4MKC_SER01A1186_003
INFO - step3.py: Skipping PBE solver for non-charge conformer (195/656) LEU01A1187_001...
INFO - step3.py: ForkPoolWorker-1: Calling delphi to calculate conformer (196/656) GLN01A1188_001 in /tmp/pbe_data.data.home.granepura.5-Kinases.Kinases_MCCE.Trial01.run_apo.4MKC_GLN01A1188_001
INFO - step3.py: ForkPoolWorker-1: Calling delphi to calculate conformer (197/656) GLN01A1188_002 in /tmp/pbe_data.data.home.granepura.5-Kinases.Kinases_MCCE.Trial01.run_apo.4MKC_GLN01A1188_002
INFO - step3.py: ForkPoolWorker-1: Calling delphi to calculate conformer (198/656) SER01A1189_001 in /tmp/pbe_data.data.home.granepura.5-Kinases.Kinases_MCCE.Trial01.run_apo.4MKC_SER01A1189_001
INFO - step3.py: ForkPoolWorker-1: Calling delphi to calculate conformer (199/656) SER01A1189_002 in /tmp/pbe_data.data.home.granepura.5-Kinases.Kinases_MCCE.Trial01.run_apo.4MKC_SER01A1189_002
INFO - step3.py: Skipping PBE solver for non-charge conformer (200/656) LEU01A1190_001...
INFO - step3.py: Skipping PBE solver for non-charge conformer (201/656) PRO01A1191_001...
INFO - step3.py: ForkPoolWorker-1: Calling delphi to calculate conformer (202/656) ARG01A1192_001 in /tmp/pbe_data.data.home.granepura.5-Kinases.Kinases_MCCE.Trial01.run_apo.4MKC_ARG01A1192_001
INFO - step3.py: ForkPoolWorker-1: Calling delphi to calculate conformer (203/656) ARG02A1192_002 in /tmp/pbe_data.data.home.granepura.5-Kinases.Kinases_MCCE.Trial01.run_apo.4MKC_ARG02A1192_002
INFO - step3.py: ForkPoolWorker-1: Calling delphi to calculate conformer (204/656) ARG02A1192_003 in /tmp/pbe_data.data.home.granepura.5-Kinases.Kinases_MCCE.Trial01.run_apo.4MKC_ARG02A1192_003
INFO - step3.py: ForkPoolWorker-1: Calling delphi to calculate conformer (205/656) ARG03A1192_004 in /tmp/pbe_data.data.home.granepura.5-Kinases.Kinases_MCCE.Trial01.run_apo.4MKC_ARG03A1192_004
INFO - step3.py: ForkPoolWorker-1: Calling delphi to calculate conformer (206/656) ARG+1A1192_005 in /tmp/pbe_data.data.home.granepura.5-Kinases.Kinases_MCCE.Trial01.run_apo.4MKC_ARG+1A1192_005
INFO - step3.py: Skipping PBE solver for non-charge conformer (207/656) PHE01A1193_001...
INFO - step3.py: Skipping PBE solver for non-charge conformer (208/656) ILE01A1194_001...
INFO - step3.py: Skipping PBE solver for non-charge conformer (209/656) LEU01A1195_001...
INFO - step3.py: Skipping PBE solver for non-charge conformer (210/656) LEU01A1196_001...
INFO - step3.py: ForkPoolWorker-1: Calling delphi to calculate conformer (211/656) GLU01A1197_001 in /tmp/pbe_data.data.home.granepura.5-Kinases.Kinases_MCCE.Trial01.run_apo.4MKC_GLU01A1197_001
INFO - step3.py: ForkPoolWorker-1: Calling delphi to calculate conformer (212/656) GLU01A1197_002 in /tmp/pbe_data.data.home.granepura.5-Kinases.Kinases_MCCE.Trial01.run_apo.4MKC_GLU01A1197_002
INFO - step3.py: ForkPoolWorker-1: Calling delphi to calculate conformer (213/656) GLU02A1197_003 in /tmp/pbe_data.data.home.granepura.5-Kinases.Kinases_MCCE.Trial01.run_apo.4MKC_GLU02A1197_003
INFO - step3.py: ForkPoolWorker-1: Calling delphi to calculate conformer (214/656) GLU02A1197_004 in /tmp/pbe_data.data.home.granepura.5-Kinases.Kinases_MCCE.Trial01.run_apo.4MKC_GLU02A1197_004
INFO - step3.py: ForkPoolWorker-1: Calling delphi to calculate conformer (215/656) GLU-1A1197_005 in /tmp/pbe_data.data.home.granepura.5-Kinases.Kinases_MCCE.Trial01.run_apo.4MKC_GLU-1A1197_005
INFO - step3.py: Skipping PBE solver for non-charge conformer (216/656) LEU01A1198_001...
INFO - step3.py: ForkPoolWorker-1: Calling delphi to calculate conformer (217/656) MET01A1199_001 in /tmp/pbe_data.data.home.granepura.5-Kinases.Kinases_MCCE.Trial01.run_apo.4MKC_MET01A1199_001
INFO - step3.py: Skipping PBE solver for non-charge conformer (218/656) ALA01A1200_001...
INFO - step3.py: ForkPoolWorker-1: Calling delphi to calculate conformer (219/656) ASP01A1203_001 in /tmp/pbe_data.data.home.granepura.5-Kinases.Kinases_MCCE.Trial01.run_apo.4MKC_ASP01A1203_001
INFO - step3.py: ForkPoolWorker-1: Calling delphi to calculate conformer (220/656) ASP01A1203_002 in /tmp/pbe_data.data.home.granepura.5-Kinases.Kinases_MCCE.Trial01.run_apo.4MKC_ASP01A1203_002
INFO - step3.py: ForkPoolWorker-1: Calling delphi to calculate conformer (221/656) ASP02A1203_003 in /tmp/pbe_data.data.home.granepura.5-Kinases.Kinases_MCCE.Trial01.run_apo.4MKC_ASP02A1203_003
INFO - step3.py: ForkPoolWorker-1: Calling delphi to calculate conformer (222/656) ASP02A1203_004 in /tmp/pbe_data.data.home.granepura.5-Kinases.Kinases_MCCE.Trial01.run_apo.4MKC_ASP02A1203_004
INFO - step3.py: ForkPoolWorker-1: Calling delphi to calculate conformer (223/656) ASP-1A1203_005 in /tmp/pbe_data.data.home.granepura.5-Kinases.Kinases_MCCE.Trial01.run_apo.4MKC_ASP-1A1203_005
INFO - step3.py: Skipping PBE solver for non-charge conformer (224/656) LEU01A1204_001...
INFO - step3.py: ForkPoolWorker-1: Calling delphi to calculate conformer (225/656) LYS01A1205_001 in /tmp/pbe_data.data.home.granepura.5-Kinases.Kinases_MCCE.Trial01.run_apo.4MKC_LYS01A1205_001
INFO - step3.py: ForkPoolWorker-1: Calling delphi to calculate conformer (226/656) LYS+1A1205_002 in /tmp/pbe_data.data.home.granepura.5-Kinases.Kinases_MCCE.Trial01.run_apo.4MKC_LYS+1A1205_002
INFO - step3.py: ForkPoolWorker-1: Calling delphi to calculate conformer (227/656) SER01A1206_001 in /tmp/pbe_data.data.home.granepura.5-Kinases.Kinases_MCCE.Trial01.run_apo.4MKC_SER01A1206_001
INFO - step3.py: ForkPoolWorker-1: Calling delphi to calculate conformer (228/656) SER01A1206_002 in /tmp/pbe_data.data.home.granepura.5-Kinases.Kinases_MCCE.Trial01.run_apo.4MKC_SER01A1206_002
INFO - step3.py: ForkPoolWorker-1: Calling delphi to calculate conformer (229/656) SER01A1206_003 in /tmp/pbe_data.data.home.granepura.5-Kinases.Kinases_MCCE.Trial01.run_apo.4MKC_SER01A1206_003
INFO - step3.py: ForkPoolWorker-1: Calling delphi to calculate conformer (230/656) SER01A1206_004 in /tmp/pbe_data.data.home.granepura.5-Kinases.Kinases_MCCE.Trial01.run_apo.4MKC_SER01A1206_004
INFO - step3.py: ForkPoolWorker-1: Calling delphi to calculate conformer (231/656) SER01A1206_005 in /tmp/pbe_data.data.home.granepura.5-Kinases.Kinases_MCCE.Trial01.run_apo.4MKC_SER01A1206_005
INFO - step3.py: ForkPoolWorker-1: Calling delphi to calculate conformer (232/656) SER01A1206_006 in /tmp/pbe_data.data.home.granepura.5-Kinases.Kinases_MCCE.Trial01.run_apo.4MKC_SER01A1206_006
INFO - step3.py: Skipping PBE solver for non-charge conformer (233/656) PHE01A1207_001...
INFO - step3.py: Skipping PBE solver for non-charge conformer (234/656) LEU01A1208_001...
INFO - step3.py: ForkPoolWorker-1: Calling delphi to calculate conformer (235/656) ARG01A1209_001 in /tmp/pbe_data.data.home.granepura.5-Kinases.Kinases_MCCE.Trial01.run_apo.4MKC_ARG01A1209_001
INFO - step3.py: ForkPoolWorker-1: Calling delphi to calculate conformer (236/656) ARG02A1209_002 in /tmp/pbe_data.data.home.granepura.5-Kinases.Kinases_MCCE.Trial01.run_apo.4MKC_ARG02A1209_002
INFO - step3.py: ForkPoolWorker-1: Calling delphi to calculate conformer (237/656) ARG03A1209_003 in /tmp/pbe_data.data.home.granepura.5-Kinases.Kinases_MCCE.Trial01.run_apo.4MKC_ARG03A1209_003
INFO - step3.py: ForkPoolWorker-1: Calling delphi to calculate conformer (238/656) ARG+1A1209_004 in /tmp/pbe_data.data.home.granepura.5-Kinases.Kinases_MCCE.Trial01.run_apo.4MKC_ARG+1A1209_004
INFO - step3.py: ForkPoolWorker-1: Calling delphi to calculate conformer (239/656) GLU01A1210_001 in /tmp/pbe_data.data.home.granepura.5-Kinases.Kinases_MCCE.Trial01.run_apo.4MKC_GLU01A1210_001
INFO - step3.py: ForkPoolWorker-1: Calling delphi to calculate conformer (240/656) GLU01A1210_002 in /tmp/pbe_data.data.home.granepura.5-Kinases.Kinases_MCCE.Trial01.run_apo.4MKC_GLU01A1210_002
INFO - step3.py: ForkPoolWorker-1: Calling delphi to calculate conformer (241/656) GLU02A1210_003 in /tmp/pbe_data.data.home.granepura.5-Kinases.Kinases_MCCE.Trial01.run_apo.4MKC_GLU02A1210_003
INFO - step3.py: ForkPoolWorker-1: Calling delphi to calculate conformer (242/656) GLU02A1210_004 in /tmp/pbe_data.data.home.granepura.5-Kinases.Kinases_MCCE.Trial01.run_apo.4MKC_GLU02A1210_004
INFO - step3.py: ForkPoolWorker-1: Calling delphi to calculate conformer (243/656) GLU-1A1210_005 in /tmp/pbe_data.data.home.granepura.5-Kinases.Kinases_MCCE.Trial01.run_apo.4MKC_GLU-1A1210_005
INFO - step3.py: ForkPoolWorker-1: Calling delphi to calculate conformer (244/656) THR01A1211_001 in /tmp/pbe_data.data.home.granepura.5-Kinases.Kinases_MCCE.Trial01.run_apo.4MKC_THR01A1211_001
INFO - step3.py: ForkPoolWorker-1: Calling delphi to calculate conformer (245/656) THR01A1211_002 in /tmp/pbe_data.data.home.granepura.5-Kinases.Kinases_MCCE.Trial01.run_apo.4MKC_THR01A1211_002
INFO - step3.py: ForkPoolWorker-1: Calling delphi to calculate conformer (246/656) ARG01A1212_001 in /tmp/pbe_data.data.home.granepura.5-Kinases.Kinases_MCCE.Trial01.run_apo.4MKC_ARG01A1212_001
INFO - step3.py: ForkPoolWorker-1: Calling delphi to calculate conformer (247/656) ARG02A1212_002 in /tmp/pbe_data.data.home.granepura.5-Kinases.Kinases_MCCE.Trial01.run_apo.4MKC_ARG02A1212_002
INFO - step3.py: ForkPoolWorker-1: Calling delphi to calculate conformer (248/656) ARG03A1212_003 in /tmp/pbe_data.data.home.granepura.5-Kinases.Kinases_MCCE.Trial01.run_apo.4MKC_ARG03A1212_003
INFO - step3.py: ForkPoolWorker-1: Calling delphi to calculate conformer (249/656) ARG03A1212_004 in /tmp/pbe_data.data.home.granepura.5-Kinases.Kinases_MCCE.Trial01.run_apo.4MKC_ARG03A1212_004
INFO - step3.py: ForkPoolWorker-1: Calling delphi to calculate conformer (250/656) ARG+1A1212_005 in /tmp/pbe_data.data.home.granepura.5-Kinases.Kinases_MCCE.Trial01.run_apo.4MKC_ARG+1A1212_005
INFO - step3.py: Skipping PBE solver for non-charge conformer (251/656) PRO01A1213_001...
INFO - step3.py: ForkPoolWorker-1: Calling delphi to calculate conformer (252/656) ARG01A1214_001 in /tmp/pbe_data.data.home.granepura.5-Kinases.Kinases_MCCE.Trial01.run_apo.4MKC_ARG01A1214_001
INFO - step3.py: ForkPoolWorker-1: Calling delphi to calculate conformer (253/656) ARG02A1214_002 in /tmp/pbe_data.data.home.granepura.5-Kinases.Kinases_MCCE.Trial01.run_apo.4MKC_ARG02A1214_002
INFO - step3.py: ForkPoolWorker-1: Calling delphi to calculate conformer (254/656) ARG02A1214_003 in /tmp/pbe_data.data.home.granepura.5-Kinases.Kinases_MCCE.Trial01.run_apo.4MKC_ARG02A1214_003
INFO - step3.py: ForkPoolWorker-1: Calling delphi to calculate conformer (255/656) ARG03A1214_004 in /tmp/pbe_data.data.home.granepura.5-Kinases.Kinases_MCCE.Trial01.run_apo.4MKC_ARG03A1214_004
INFO - step3.py: ForkPoolWorker-1: Calling delphi to calculate conformer (256/656) ARG03A1214_005 in /tmp/pbe_data.data.home.granepura.5-Kinases.Kinases_MCCE.Trial01.run_apo.4MKC_ARG03A1214_005
INFO - step3.py: ForkPoolWorker-1: Calling delphi to calculate conformer (257/656) ARG+1A1214_006 in /tmp/pbe_data.data.home.granepura.5-Kinases.Kinases_MCCE.Trial01.run_apo.4MKC_ARG+1A1214_006
INFO - step3.py: Skipping PBE solver for non-charge conformer (258/656) PRO01A1215_001...
INFO - step3.py: ForkPoolWorker-1: Calling delphi to calculate conformer (259/656) SER01A1216_001 in /tmp/pbe_data.data.home.granepura.5-Kinases.Kinases_MCCE.Trial01.run_apo.4MKC_SER01A1216_001
INFO - step3.py: ForkPoolWorker-1: Calling delphi to calculate conformer (260/656) GLN01A1217_001 in /tmp/pbe_data.data.home.granepura.5-Kinases.Kinases_MCCE.Trial01.run_apo.4MKC_GLN01A1217_001
INFO - step3.py: ForkPoolWorker-1: Calling delphi to calculate conformer (261/656) GLN01A1217_002 in /tmp/pbe_data.data.home.granepura.5-Kinases.Kinases_MCCE.Trial01.run_apo.4MKC_GLN01A1217_002
INFO - step3.py: Skipping PBE solver for non-charge conformer (262/656) PRO01A1218_001...
INFO - step3.py: ForkPoolWorker-1: Calling delphi to calculate conformer (263/656) SER01A1219_001 in /tmp/pbe_data.data.home.granepura.5-Kinases.Kinases_MCCE.Trial01.run_apo.4MKC_SER01A1219_001
INFO - step3.py: ForkPoolWorker-1: Calling delphi to calculate conformer (264/656) SER01A1220_001 in /tmp/pbe_data.data.home.granepura.5-Kinases.Kinases_MCCE.Trial01.run_apo.4MKC_SER01A1220_001
INFO - step3.py: ForkPoolWorker-1: Calling delphi to calculate conformer (265/656) SER01A1220_002 in /tmp/pbe_data.data.home.granepura.5-Kinases.Kinases_MCCE.Trial01.run_apo.4MKC_SER01A1220_002
INFO - step3.py: Skipping PBE solver for non-charge conformer (266/656) LEU01A1221_001...
INFO - step3.py: Skipping PBE solver for non-charge conformer (267/656) ALA01A1222_001...
INFO - step3.py: ForkPoolWorker-1: Calling delphi to calculate conformer (268/656) MET01A1223_001 in /tmp/pbe_data.data.home.granepura.5-Kinases.Kinases_MCCE.Trial01.run_apo.4MKC_MET01A1223_001
INFO - step3.py: Skipping PBE solver for non-charge conformer (269/656) LEU01A1224_001...
INFO - step3.py: ForkPoolWorker-1: Calling delphi to calculate conformer (270/656) ASP01A1225_001 in /tmp/pbe_data.data.home.granepura.5-Kinases.Kinases_MCCE.Trial01.run_apo.4MKC_ASP01A1225_001
INFO - step3.py: ForkPoolWorker-1: Calling delphi to calculate conformer (271/656) ASP01A1225_002 in /tmp/pbe_data.data.home.granepura.5-Kinases.Kinases_MCCE.Trial01.run_apo.4MKC_ASP01A1225_002
INFO - step3.py: ForkPoolWorker-1: Calling delphi to calculate conformer (272/656) ASP02A1225_003 in /tmp/pbe_data.data.home.granepura.5-Kinases.Kinases_MCCE.Trial01.run_apo.4MKC_ASP02A1225_003
INFO - step3.py: ForkPoolWorker-1: Calling delphi to calculate conformer (273/656) ASP02A1225_004 in /tmp/pbe_data.data.home.granepura.5-Kinases.Kinases_MCCE.Trial01.run_apo.4MKC_ASP02A1225_004
INFO - step3.py: ForkPoolWorker-1: Calling delphi to calculate conformer (274/656) ASP-1A1225_005 in /tmp/pbe_data.data.home.granepura.5-Kinases.Kinases_MCCE.Trial01.run_apo.4MKC_ASP-1A1225_005
INFO - step3.py: Skipping PBE solver for non-charge conformer (275/656) LEU01A1226_001...
INFO - step3.py: Skipping PBE solver for non-charge conformer (276/656) LEU01A1227_001...
INFO - step3.py: ForkPoolWorker-1: Calling delphi to calculate conformer (277/656) HIS01A1228_001 in /tmp/pbe_data.data.home.granepura.5-Kinases.Kinases_MCCE.Trial01.run_apo.4MKC_HIS01A1228_001
INFO - step3.py: ForkPoolWorker-1: Calling delphi to calculate conformer (278/656) HIS01A1228_002 in /tmp/pbe_data.data.home.granepura.5-Kinases.Kinases_MCCE.Trial01.run_apo.4MKC_HIS01A1228_002
INFO - step3.py: ForkPoolWorker-1: Calling delphi to calculate conformer (279/656) HIS02A1228_003 in /tmp/pbe_data.data.home.granepura.5-Kinases.Kinases_MCCE.Trial01.run_apo.4MKC_HIS02A1228_003
INFO - step3.py: ForkPoolWorker-1: Calling delphi to calculate conformer (280/656) HIS02A1228_004 in /tmp/pbe_data.data.home.granepura.5-Kinases.Kinases_MCCE.Trial01.run_apo.4MKC_HIS02A1228_004
INFO - step3.py: ForkPoolWorker-1: Calling delphi to calculate conformer (281/656) HIS+1A1228_005 in /tmp/pbe_data.data.home.granepura.5-Kinases.Kinases_MCCE.Trial01.run_apo.4MKC_HIS+1A1228_005
INFO - step3.py: ForkPoolWorker-1: Calling delphi to calculate conformer (282/656) HIS+1A1228_006 in /tmp/pbe_data.data.home.granepura.5-Kinases.Kinases_MCCE.Trial01.run_apo.4MKC_HIS+1A1228_006
