ForkPoolWorker-1: Calling delphi to calculate conformer (1/575) ASP01A0233_001 in /tmp/pbe_data.data.home.granepura.5-Kinases.Kinases_MCCE.Trial03.run_apo.3CS9_ASP01A0233_001
ForkPoolWorker-3: Calling delphi to calculate conformer (3/575) ASP02A0233_003 in /tmp/pbe_data.data.home.granepura.5-Kinases.Kinases_MCCE.Trial03.run_apo.3CS9_ASP02A0233_003
ForkPoolWorker-2: Calling delphi to calculate conformer (2/575) ASP01A0233_002 in /tmp/pbe_data.data.home.granepura.5-Kinases.Kinases_MCCE.Trial03.run_apo.3CS9_ASP01A0233_002
ForkPoolWorker-5: Calling delphi to calculate conformer (5/575) ASP-1A0233_005 in /tmp/pbe_data.data.home.granepura.5-Kinases.Kinases_MCCE.Trial03.run_apo.3CS9_ASP-1A0233_005
ForkPoolWorker-4: Calling delphi to calculate conformer (4/575) ASP02A0233_004 in /tmp/pbe_data.data.home.granepura.5-Kinases.Kinases_MCCE.Trial03.run_apo.3CS9_ASP02A0233_004
ForkPoolWorker-1: Calling delphi to calculate conformer (6/575) LYS01A0234_001 in /tmp/pbe_data.data.home.granepura.5-Kinases.Kinases_MCCE.Trial03.run_apo.3CS9_LYS01A0234_001
ForkPoolWorker-5: Calling delphi to calculate conformer (7/575) LYS+1A0234_002 in /tmp/pbe_data.data.home.granepura.5-Kinases.Kinases_MCCE.Trial03.run_apo.3CS9_LYS+1A0234_002
Skipping PBE solver for non-charge conformer (8/575) TRP01A0235_001...
ForkPoolWorker-3: Calling delphi to calculate conformer (9/575) GLU01A0236_001 in /tmp/pbe_data.data.home.granepura.5-Kinases.Kinases_MCCE.Trial03.run_apo.3CS9_GLU01A0236_001
ForkPoolWorker-4: Calling delphi to calculate conformer (10/575) GLU01A0236_002 in /tmp/pbe_data.data.home.granepura.5-Kinases.Kinases_MCCE.Trial03.run_apo.3CS9_GLU01A0236_002
ForkPoolWorker-2: Calling delphi to calculate conformer (11/575) GLU01A0236_003 in /tmp/pbe_data.data.home.granepura.5-Kinases.Kinases_MCCE.Trial03.run_apo.3CS9_GLU01A0236_003
ForkPoolWorker-1: Calling delphi to calculate conformer (12/575) GLU01A0236_004 in /tmp/pbe_data.data.home.granepura.5-Kinases.Kinases_MCCE.Trial03.run_apo.3CS9_GLU01A0236_004
ForkPoolWorker-4: Calling delphi to calculate conformer (13/575) GLU02A0236_005 in /tmp/pbe_data.data.home.granepura.5-Kinases.Kinases_MCCE.Trial03.run_apo.3CS9_GLU02A0236_005
ForkPoolWorker-5: Calling delphi to calculate conformer (14/575) GLU02A0236_006 in /tmp/pbe_data.data.home.granepura.5-Kinases.Kinases_MCCE.Trial03.run_apo.3CS9_GLU02A0236_006
ForkPoolWorker-3: Calling delphi to calculate conformer (15/575) GLU02A0236_007 in /tmp/pbe_data.data.home.granepura.5-Kinases.Kinases_MCCE.Trial03.run_apo.3CS9_GLU02A0236_007
ForkPoolWorker-2: Calling delphi to calculate conformer (16/575) GLU02A0236_008 in /tmp/pbe_data.data.home.granepura.5-Kinases.Kinases_MCCE.Trial03.run_apo.3CS9_GLU02A0236_008
ForkPoolWorker-1: Calling delphi to calculate conformer (17/575) GLU-1A0236_009 in /tmp/pbe_data.data.home.granepura.5-Kinases.Kinases_MCCE.Trial03.run_apo.3CS9_GLU-1A0236_009
ForkPoolWorker-4: Calling delphi to calculate conformer (18/575) GLU-1A0236_010 in /tmp/pbe_data.data.home.granepura.5-Kinases.Kinases_MCCE.Trial03.run_apo.3CS9_GLU-1A0236_010
ForkPoolWorker-5: Calling delphi to calculate conformer (19/575) MET01A0237_001 in /tmp/pbe_data.data.home.granepura.5-Kinases.Kinases_MCCE.Trial03.run_apo.3CS9_MET01A0237_001
ForkPoolWorker-2: Calling delphi to calculate conformer (20/575) GLU01A0238_001 in /tmp/pbe_data.data.home.granepura.5-Kinases.Kinases_MCCE.Trial03.run_apo.3CS9_GLU01A0238_001
ForkPoolWorker-3: Calling delphi to calculate conformer (21/575) GLU01A0238_002 in /tmp/pbe_data.data.home.granepura.5-Kinases.Kinases_MCCE.Trial03.run_apo.3CS9_GLU01A0238_002
ForkPoolWorker-5: Calling delphi to calculate conformer (22/575) GLU02A0238_003 in /tmp/pbe_data.data.home.granepura.5-Kinases.Kinases_MCCE.Trial03.run_apo.3CS9_GLU02A0238_003
ForkPoolWorker-1: Calling delphi to calculate conformer (23/575) GLU02A0238_004 in /tmp/pbe_data.data.home.granepura.5-Kinases.Kinases_MCCE.Trial03.run_apo.3CS9_GLU02A0238_004
ForkPoolWorker-2: Calling delphi to calculate conformer (24/575) GLU-1A0238_005 in /tmp/pbe_data.data.home.granepura.5-Kinases.Kinases_MCCE.Trial03.run_apo.3CS9_GLU-1A0238_005
ForkPoolWorker-4: Calling delphi to calculate conformer (25/575) ARG01A0239_001 in /tmp/pbe_data.data.home.granepura.5-Kinases.Kinases_MCCE.Trial03.run_apo.3CS9_ARG01A0239_001
ForkPoolWorker-3: Calling delphi to calculate conformer (26/575) ARG02A0239_002 in /tmp/pbe_data.data.home.granepura.5-Kinases.Kinases_MCCE.Trial03.run_apo.3CS9_ARG02A0239_002
ForkPoolWorker-5: Calling delphi to calculate conformer (27/575) ARG03A0239_003 in /tmp/pbe_data.data.home.granepura.5-Kinases.Kinases_MCCE.Trial03.run_apo.3CS9_ARG03A0239_003
ForkPoolWorker-1: Calling delphi to calculate conformer (28/575) ARG03A0239_004 in /tmp/pbe_data.data.home.granepura.5-Kinases.Kinases_MCCE.Trial03.run_apo.3CS9_ARG03A0239_004
ForkPoolWorker-2: Calling delphi to calculate conformer (29/575) ARG+1A0239_005 in /tmp/pbe_data.data.home.granepura.5-Kinases.Kinases_MCCE.Trial03.run_apo.3CS9_ARG+1A0239_005
ForkPoolWorker-4: Calling delphi to calculate conformer (30/575) THR01A0240_001 in /tmp/pbe_data.data.home.granepura.5-Kinases.Kinases_MCCE.Trial03.run_apo.3CS9_THR01A0240_001
ForkPoolWorker-3: Calling delphi to calculate conformer (31/575) ASP01A0241_001 in /tmp/pbe_data.data.home.granepura.5-Kinases.Kinases_MCCE.Trial03.run_apo.3CS9_ASP01A0241_001
ForkPoolWorker-5: Calling delphi to calculate conformer (32/575) ASP01A0241_002 in /tmp/pbe_data.data.home.granepura.5-Kinases.Kinases_MCCE.Trial03.run_apo.3CS9_ASP01A0241_002
ForkPoolWorker-1: Calling delphi to calculate conformer (33/575) ASP02A0241_003 in /tmp/pbe_data.data.home.granepura.5-Kinases.Kinases_MCCE.Trial03.run_apo.3CS9_ASP02A0241_003
ForkPoolWorker-2: Calling delphi to calculate conformer (34/575) ASP02A0241_004 in /tmp/pbe_data.data.home.granepura.5-Kinases.Kinases_MCCE.Trial03.run_apo.3CS9_ASP02A0241_004
ForkPoolWorker-4: Calling delphi to calculate conformer (35/575) ASP-1A0241_005 in /tmp/pbe_data.data.home.granepura.5-Kinases.Kinases_MCCE.Trial03.run_apo.3CS9_ASP-1A0241_005
Skipping PBE solver for non-charge conformer (36/575) ILE01A0242_001...
ForkPoolWorker-3: Calling delphi to calculate conformer (37/575) THR01A0243_001 in /tmp/pbe_data.data.home.granepura.5-Kinases.Kinases_MCCE.Trial03.run_apo.3CS9_THR01A0243_001
ForkPoolWorker-1: Calling delphi to calculate conformer (38/575) MET01A0244_001 in /tmp/pbe_data.data.home.granepura.5-Kinases.Kinases_MCCE.Trial03.run_apo.3CS9_MET01A0244_001
ForkPoolWorker-5: Calling delphi to calculate conformer (39/575) LYS01A0245_001 in /tmp/pbe_data.data.home.granepura.5-Kinases.Kinases_MCCE.Trial03.run_apo.3CS9_LYS01A0245_001
ForkPoolWorker-2: Calling delphi to calculate conformer (40/575) LYS+1A0245_002 in /tmp/pbe_data.data.home.granepura.5-Kinases.Kinases_MCCE.Trial03.run_apo.3CS9_LYS+1A0245_002
ForkPoolWorker-4: Calling delphi to calculate conformer (41/575) HIS01A0246_001 in /tmp/pbe_data.data.home.granepura.5-Kinases.Kinases_MCCE.Trial03.run_apo.3CS9_HIS01A0246_001
ForkPoolWorker-3: Calling delphi to calculate conformer (42/575) HIS01A0246_002 in /tmp/pbe_data.data.home.granepura.5-Kinases.Kinases_MCCE.Trial03.run_apo.3CS9_HIS01A0246_002
ForkPoolWorker-1: Calling delphi to calculate conformer (43/575) HIS02A0246_003 in /tmp/pbe_data.data.home.granepura.5-Kinases.Kinases_MCCE.Trial03.run_apo.3CS9_HIS02A0246_003
ForkPoolWorker-5: Calling delphi to calculate conformer (44/575) HIS02A0246_004 in /tmp/pbe_data.data.home.granepura.5-Kinases.Kinases_MCCE.Trial03.run_apo.3CS9_HIS02A0246_004
ForkPoolWorker-2: Calling delphi to calculate conformer (45/575) HIS+1A0246_005 in /tmp/pbe_data.data.home.granepura.5-Kinases.Kinases_MCCE.Trial03.run_apo.3CS9_HIS+1A0246_005
ForkPoolWorker-4: Calling delphi to calculate conformer (46/575) HIS+1A0246_006 in /tmp/pbe_data.data.home.granepura.5-Kinases.Kinases_MCCE.Trial03.run_apo.3CS9_HIS+1A0246_006
ForkPoolWorker-3: Calling delphi to calculate conformer (47/575) LYS01A0247_001 in /tmp/pbe_data.data.home.granepura.5-Kinases.Kinases_MCCE.Trial03.run_apo.3CS9_LYS01A0247_001
ForkPoolWorker-1: Calling delphi to calculate conformer (48/575) LYS+1A0247_002 in /tmp/pbe_data.data.home.granepura.5-Kinases.Kinases_MCCE.Trial03.run_apo.3CS9_LYS+1A0247_002
Skipping PBE solver for non-charge conformer (49/575) LEU01A0248_001...
ForkPoolWorker-5: Calling delphi to calculate conformer (50/575) GLN01A0252_001 in /tmp/pbe_data.data.home.granepura.5-Kinases.Kinases_MCCE.Trial03.run_apo.3CS9_GLN01A0252_001
ForkPoolWorker-2: Calling delphi to calculate conformer (51/575) GLN01A0252_002 in /tmp/pbe_data.data.home.granepura.5-Kinases.Kinases_MCCE.Trial03.run_apo.3CS9_GLN01A0252_002
ForkPoolWorker-4: Calling delphi to calculate conformer (52/575) TYR01A0253_001 in /tmp/pbe_data.data.home.granepura.5-Kinases.Kinases_MCCE.Trial03.run_apo.3CS9_TYR01A0253_001
ForkPoolWorker-3: Calling delphi to calculate conformer (53/575) TYR01A0253_002 in /tmp/pbe_data.data.home.granepura.5-Kinases.Kinases_MCCE.Trial03.run_apo.3CS9_TYR01A0253_002
ForkPoolWorker-1: Calling delphi to calculate conformer (54/575) TYR-1A0253_003 in /tmp/pbe_data.data.home.granepura.5-Kinases.Kinases_MCCE.Trial03.run_apo.3CS9_TYR-1A0253_003
ForkPoolWorker-5: Calling delphi to calculate conformer (55/575) GLU01A0255_001 in /tmp/pbe_data.data.home.granepura.5-Kinases.Kinases_MCCE.Trial03.run_apo.3CS9_GLU01A0255_001
ForkPoolWorker-2: Calling delphi to calculate conformer (56/575) GLU01A0255_002 in /tmp/pbe_data.data.home.granepura.5-Kinases.Kinases_MCCE.Trial03.run_apo.3CS9_GLU01A0255_002
ForkPoolWorker-4: Calling delphi to calculate conformer (57/575) GLU02A0255_003 in /tmp/pbe_data.data.home.granepura.5-Kinases.Kinases_MCCE.Trial03.run_apo.3CS9_GLU02A0255_003
ForkPoolWorker-3: Calling delphi to calculate conformer (58/575) GLU02A0255_004 in /tmp/pbe_data.data.home.granepura.5-Kinases.Kinases_MCCE.Trial03.run_apo.3CS9_GLU02A0255_004
ForkPoolWorker-1: Calling delphi to calculate conformer (59/575) GLU-1A0255_005 in /tmp/pbe_data.data.home.granepura.5-Kinases.Kinases_MCCE.Trial03.run_apo.3CS9_GLU-1A0255_005
Skipping PBE solver for non-charge conformer (60/575) VAL01A0256_001...
ForkPoolWorker-5: Calling delphi to calculate conformer (61/575) TYR01A0257_001 in /tmp/pbe_data.data.home.granepura.5-Kinases.Kinases_MCCE.Trial03.run_apo.3CS9_TYR01A0257_001
ForkPoolWorker-2: Calling delphi to calculate conformer (62/575) TYR01A0257_002 in /tmp/pbe_data.data.home.granepura.5-Kinases.Kinases_MCCE.Trial03.run_apo.3CS9_TYR01A0257_002
ForkPoolWorker-4: Calling delphi to calculate conformer (63/575) TYR-1A0257_003 in /tmp/pbe_data.data.home.granepura.5-Kinases.Kinases_MCCE.Trial03.run_apo.3CS9_TYR-1A0257_003
ForkPoolWorker-3: Calling delphi to calculate conformer (64/575) GLU01A0258_001 in /tmp/pbe_data.data.home.granepura.5-Kinases.Kinases_MCCE.Trial03.run_apo.3CS9_GLU01A0258_001
ForkPoolWorker-1: Calling delphi to calculate conformer (65/575) GLU01A0258_002 in /tmp/pbe_data.data.home.granepura.5-Kinases.Kinases_MCCE.Trial03.run_apo.3CS9_GLU01A0258_002
ForkPoolWorker-5: Calling delphi to calculate conformer (66/575) GLU02A0258_003 in /tmp/pbe_data.data.home.granepura.5-Kinases.Kinases_MCCE.Trial03.run_apo.3CS9_GLU02A0258_003
ForkPoolWorker-2: Calling delphi to calculate conformer (67/575) GLU02A0258_004 in /tmp/pbe_data.data.home.granepura.5-Kinases.Kinases_MCCE.Trial03.run_apo.3CS9_GLU02A0258_004
ForkPoolWorker-4: Calling delphi to calculate conformer (68/575) GLU-1A0258_005 in /tmp/pbe_data.data.home.granepura.5-Kinases.Kinases_MCCE.Trial03.run_apo.3CS9_GLU-1A0258_005
Skipping PBE solver for non-charge conformer (69/575) VAL01A0260_001...
Skipping PBE solver for non-charge conformer (70/575) TRP01A0261_001...
ForkPoolWorker-3: Calling delphi to calculate conformer (71/575) LYS01A0262_001 in /tmp/pbe_data.data.home.granepura.5-Kinases.Kinases_MCCE.Trial03.run_apo.3CS9_LYS01A0262_001
ForkPoolWorker-1: Calling delphi to calculate conformer (72/575) LYS+1A0262_002 in /tmp/pbe_data.data.home.granepura.5-Kinases.Kinases_MCCE.Trial03.run_apo.3CS9_LYS+1A0262_002
ForkPoolWorker-5: Calling delphi to calculate conformer (73/575) LYS01A0263_001 in /tmp/pbe_data.data.home.granepura.5-Kinases.Kinases_MCCE.Trial03.run_apo.3CS9_LYS01A0263_001
ForkPoolWorker-2: Calling delphi to calculate conformer (75/575) TYR01A0264_001 in /tmp/pbe_data.data.home.granepura.5-Kinases.Kinases_MCCE.Trial03.run_apo.3CS9_TYR01A0264_001
ForkPoolWorker-4: Calling delphi to calculate conformer (74/575) LYS+1A0263_002 in /tmp/pbe_data.data.home.granepura.5-Kinases.Kinases_MCCE.Trial03.run_apo.3CS9_LYS+1A0263_002
ForkPoolWorker-3: Calling delphi to calculate conformer (76/575) TYR01A0264_002 in /tmp/pbe_data.data.home.granepura.5-Kinases.Kinases_MCCE.Trial03.run_apo.3CS9_TYR01A0264_002
ForkPoolWorker-1: Calling delphi to calculate conformer (77/575) TYR-1A0264_003 in /tmp/pbe_data.data.home.granepura.5-Kinases.Kinases_MCCE.Trial03.run_apo.3CS9_TYR-1A0264_003
ForkPoolWorker-5: Calling delphi to calculate conformer (78/575) SER01A0265_001 in /tmp/pbe_data.data.home.granepura.5-Kinases.Kinases_MCCE.Trial03.run_apo.3CS9_SER01A0265_001
Skipping PBE solver for non-charge conformer (79/575) LEU01A0266_001...
ForkPoolWorker-4: Calling delphi to calculate conformer (80/575) THR01A0267_001 in /tmp/pbe_data.data.home.granepura.5-Kinases.Kinases_MCCE.Trial03.run_apo.3CS9_THR01A0267_001
ForkPoolWorker-2: Calling delphi to calculate conformer (81/575) THR01A0267_002 in /tmp/pbe_data.data.home.granepura.5-Kinases.Kinases_MCCE.Trial03.run_apo.3CS9_THR01A0267_002
Skipping PBE solver for non-charge conformer (82/575) VAL01A0268_001...
Skipping PBE solver for non-charge conformer (83/575) ALA01A0269_001...
Skipping PBE solver for non-charge conformer (84/575) VAL01A0270_001...
ForkPoolWorker-3: Calling delphi to calculate conformer (85/575) LYS01A0271_001 in /tmp/pbe_data.data.home.granepura.5-Kinases.Kinases_MCCE.Trial03.run_apo.3CS9_LYS01A0271_001
ForkPoolWorker-1: Calling delphi to calculate conformer (86/575) LYS+1A0271_002 in /tmp/pbe_data.data.home.granepura.5-Kinases.Kinases_MCCE.Trial03.run_apo.3CS9_LYS+1A0271_002
ForkPoolWorker-5: Calling delphi to calculate conformer (87/575) THR01A0272_001 in /tmp/pbe_data.data.home.granepura.5-Kinases.Kinases_MCCE.Trial03.run_apo.3CS9_THR01A0272_001
ForkPoolWorker-4: Calling delphi to calculate conformer (88/575) THR01A0272_002 in /tmp/pbe_data.data.home.granepura.5-Kinases.Kinases_MCCE.Trial03.run_apo.3CS9_THR01A0272_002
Skipping PBE solver for non-charge conformer (89/575) LEU01A0273_001...
ForkPoolWorker-2: Calling delphi to calculate conformer (90/575) LYS01A0274_001 in /tmp/pbe_data.data.home.granepura.5-Kinases.Kinases_MCCE.Trial03.run_apo.3CS9_LYS01A0274_001
ForkPoolWorker-3: Calling delphi to calculate conformer (91/575) LYS+1A0274_002 in /tmp/pbe_data.data.home.granepura.5-Kinases.Kinases_MCCE.Trial03.run_apo.3CS9_LYS+1A0274_002
ForkPoolWorker-1: Calling delphi to calculate conformer (92/575) GLU01A0279_001 in /tmp/pbe_data.data.home.granepura.5-Kinases.Kinases_MCCE.Trial03.run_apo.3CS9_GLU01A0279_001
ForkPoolWorker-4: Calling delphi to calculate conformer (93/575) GLU01A0279_002 in /tmp/pbe_data.data.home.granepura.5-Kinases.Kinases_MCCE.Trial03.run_apo.3CS9_GLU01A0279_002
ForkPoolWorker-5: Calling delphi to calculate conformer (94/575) GLU02A0279_003 in /tmp/pbe_data.data.home.granepura.5-Kinases.Kinases_MCCE.Trial03.run_apo.3CS9_GLU02A0279_003
ForkPoolWorker-2: Calling delphi to calculate conformer (95/575) GLU02A0279_004 in /tmp/pbe_data.data.home.granepura.5-Kinases.Kinases_MCCE.Trial03.run_apo.3CS9_GLU02A0279_004
ForkPoolWorker-3: Calling delphi to calculate conformer (96/575) GLU-1A0279_005 in /tmp/pbe_data.data.home.granepura.5-Kinases.Kinases_MCCE.Trial03.run_apo.3CS9_GLU-1A0279_005
Skipping PBE solver for non-charge conformer (97/575) VAL01A0280_001...
ForkPoolWorker-1: Calling delphi to calculate conformer (98/575) GLU01A0281_001 in /tmp/pbe_data.data.home.granepura.5-Kinases.Kinases_MCCE.Trial03.run_apo.3CS9_GLU01A0281_001
ForkPoolWorker-4: Calling delphi to calculate conformer (99/575) GLU01A0281_002 in /tmp/pbe_data.data.home.granepura.5-Kinases.Kinases_MCCE.Trial03.run_apo.3CS9_GLU01A0281_002
ForkPoolWorker-5: Calling delphi to calculate conformer (100/575) GLU02A0281_003 in /tmp/pbe_data.data.home.granepura.5-Kinases.Kinases_MCCE.Trial03.run_apo.3CS9_GLU02A0281_003
ForkPoolWorker-2: Calling delphi to calculate conformer (101/575) GLU02A0281_004 in /tmp/pbe_data.data.home.granepura.5-Kinases.Kinases_MCCE.Trial03.run_apo.3CS9_GLU02A0281_004
ForkPoolWorker-3: Calling delphi to calculate conformer (102/575) GLU-1A0281_005 in /tmp/pbe_data.data.home.granepura.5-Kinases.Kinases_MCCE.Trial03.run_apo.3CS9_GLU-1A0281_005
ForkPoolWorker-1: Calling delphi to calculate conformer (103/575) GLU01A0282_001 in /tmp/pbe_data.data.home.granepura.5-Kinases.Kinases_MCCE.Trial03.run_apo.3CS9_GLU01A0282_001
ForkPoolWorker-4: Calling delphi to calculate conformer (104/575) GLU01A0282_002 in /tmp/pbe_data.data.home.granepura.5-Kinases.Kinases_MCCE.Trial03.run_apo.3CS9_GLU01A0282_002
ForkPoolWorker-5: Calling delphi to calculate conformer (105/575) GLU01A0282_003 in /tmp/pbe_data.data.home.granepura.5-Kinases.Kinases_MCCE.Trial03.run_apo.3CS9_GLU01A0282_003
ForkPoolWorker-2: Calling delphi to calculate conformer (106/575) GLU01A0282_004 in /tmp/pbe_data.data.home.granepura.5-Kinases.Kinases_MCCE.Trial03.run_apo.3CS9_GLU01A0282_004
ForkPoolWorker-3: Calling delphi to calculate conformer (107/575) GLU02A0282_005 in /tmp/pbe_data.data.home.granepura.5-Kinases.Kinases_MCCE.Trial03.run_apo.3CS9_GLU02A0282_005
ForkPoolWorker-1: Calling delphi to calculate conformer (108/575) GLU02A0282_006 in /tmp/pbe_data.data.home.granepura.5-Kinases.Kinases_MCCE.Trial03.run_apo.3CS9_GLU02A0282_006
ForkPoolWorker-4: Calling delphi to calculate conformer (109/575) GLU02A0282_007 in /tmp/pbe_data.data.home.granepura.5-Kinases.Kinases_MCCE.Trial03.run_apo.3CS9_GLU02A0282_007
ForkPoolWorker-5: Calling delphi to calculate conformer (110/575) GLU02A0282_008 in /tmp/pbe_data.data.home.granepura.5-Kinases.Kinases_MCCE.Trial03.run_apo.3CS9_GLU02A0282_008
ForkPoolWorker-2: Calling delphi to calculate conformer (111/575) GLU-1A0282_009 in /tmp/pbe_data.data.home.granepura.5-Kinases.Kinases_MCCE.Trial03.run_apo.3CS9_GLU-1A0282_009
ForkPoolWorker-3: Calling delphi to calculate conformer (112/575) GLU-1A0282_010 in /tmp/pbe_data.data.home.granepura.5-Kinases.Kinases_MCCE.Trial03.run_apo.3CS9_GLU-1A0282_010
Skipping PBE solver for non-charge conformer (113/575) PHE01A0283_001...
Skipping PBE solver for non-charge conformer (114/575) LEU01A0284_001...
ForkPoolWorker-1: Calling delphi to calculate conformer (115/575) LYS01A0285_001 in /tmp/pbe_data.data.home.granepura.5-Kinases.Kinases_MCCE.Trial03.run_apo.3CS9_LYS01A0285_001
ForkPoolWorker-5: Calling delphi to calculate conformer (116/575) LYS+1A0285_002 in /tmp/pbe_data.data.home.granepura.5-Kinases.Kinases_MCCE.Trial03.run_apo.3CS9_LYS+1A0285_002
ForkPoolWorker-4: Calling delphi to calculate conformer (117/575) GLU01A0286_001 in /tmp/pbe_data.data.home.granepura.5-Kinases.Kinases_MCCE.Trial03.run_apo.3CS9_GLU01A0286_001
ForkPoolWorker-2: Calling delphi to calculate conformer (118/575) GLU01A0286_002 in /tmp/pbe_data.data.home.granepura.5-Kinases.Kinases_MCCE.Trial03.run_apo.3CS9_GLU01A0286_002
ForkPoolWorker-3: Calling delphi to calculate conformer (119/575) GLU02A0286_003 in /tmp/pbe_data.data.home.granepura.5-Kinases.Kinases_MCCE.Trial03.run_apo.3CS9_GLU02A0286_003
ForkPoolWorker-1: Calling delphi to calculate conformer (120/575) GLU02A0286_004 in /tmp/pbe_data.data.home.granepura.5-Kinases.Kinases_MCCE.Trial03.run_apo.3CS9_GLU02A0286_004
ForkPoolWorker-5: Calling delphi to calculate conformer (121/575) GLU-1A0286_005 in /tmp/pbe_data.data.home.granepura.5-Kinases.Kinases_MCCE.Trial03.run_apo.3CS9_GLU-1A0286_005
Skipping PBE solver for non-charge conformer (122/575) ALA01A0287_001...
Skipping PBE solver for non-charge conformer (123/575) ALA01A0288_001...
Skipping PBE solver for non-charge conformer (124/575) VAL01A0289_001...
ForkPoolWorker-4: Calling delphi to calculate conformer (125/575) MET01A0290_001 in /tmp/pbe_data.data.home.granepura.5-Kinases.Kinases_MCCE.Trial03.run_apo.3CS9_MET01A0290_001
ForkPoolWorker-2: Calling delphi to calculate conformer (126/575) LYS01A0291_001 in /tmp/pbe_data.data.home.granepura.5-Kinases.Kinases_MCCE.Trial03.run_apo.3CS9_LYS01A0291_001
ForkPoolWorker-3: Calling delphi to calculate conformer (127/575) LYS+1A0291_002 in /tmp/pbe_data.data.home.granepura.5-Kinases.Kinases_MCCE.Trial03.run_apo.3CS9_LYS+1A0291_002
ForkPoolWorker-1: Calling delphi to calculate conformer (128/575) GLU01A0292_001 in /tmp/pbe_data.data.home.granepura.5-Kinases.Kinases_MCCE.Trial03.run_apo.3CS9_GLU01A0292_001
ForkPoolWorker-5: Calling delphi to calculate conformer (129/575) GLU01A0292_002 in /tmp/pbe_data.data.home.granepura.5-Kinases.Kinases_MCCE.Trial03.run_apo.3CS9_GLU01A0292_002
ForkPoolWorker-4: Calling delphi to calculate conformer (130/575) GLU02A0292_003 in /tmp/pbe_data.data.home.granepura.5-Kinases.Kinases_MCCE.Trial03.run_apo.3CS9_GLU02A0292_003
ForkPoolWorker-2: Calling delphi to calculate conformer (131/575) GLU02A0292_004 in /tmp/pbe_data.data.home.granepura.5-Kinases.Kinases_MCCE.Trial03.run_apo.3CS9_GLU02A0292_004
ForkPoolWorker-3: Calling delphi to calculate conformer (132/575) GLU-1A0292_005 in /tmp/pbe_data.data.home.granepura.5-Kinases.Kinases_MCCE.Trial03.run_apo.3CS9_GLU-1A0292_005
Skipping PBE solver for non-charge conformer (133/575) ILE01A0293_001...
ForkPoolWorker-2: Calling delphi to calculate conformer (134/575) LYS01A0294_001 in /tmp/pbe_data.data.home.granepura.5-Kinases.Kinases_MCCE.Trial03.run_apo.3CS9_LYS01A0294_001
ForkPoolWorker-1: Calling delphi to calculate conformer (135/575) LYS+1A0294_002 in /tmp/pbe_data.data.home.granepura.5-Kinases.Kinases_MCCE.Trial03.run_apo.3CS9_LYS+1A0294_002
ForkPoolWorker-5: Calling delphi to calculate conformer (136/575) HIS01A0295_001 in /tmp/pbe_data.data.home.granepura.5-Kinases.Kinases_MCCE.Trial03.run_apo.3CS9_HIS01A0295_001
ForkPoolWorker-4: Calling delphi to calculate conformer (137/575) HIS02A0295_002 in /tmp/pbe_data.data.home.granepura.5-Kinases.Kinases_MCCE.Trial03.run_apo.3CS9_HIS02A0295_002
ForkPoolWorker-3: Calling delphi to calculate conformer (138/575) HIS+1A0295_003 in /tmp/pbe_data.data.home.granepura.5-Kinases.Kinases_MCCE.Trial03.run_apo.3CS9_HIS+1A0295_003
Skipping PBE solver for non-charge conformer (139/575) PRO01A0296_001...
ForkPoolWorker-1: Calling delphi to calculate conformer (140/575) ASN01A0297_001 in /tmp/pbe_data.data.home.granepura.5-Kinases.Kinases_MCCE.Trial03.run_apo.3CS9_ASN01A0297_001
ForkPoolWorker-2: Calling delphi to calculate conformer (141/575) ASN01A0297_002 in /tmp/pbe_data.data.home.granepura.5-Kinases.Kinases_MCCE.Trial03.run_apo.3CS9_ASN01A0297_002
Skipping PBE solver for non-charge conformer (142/575) LEU01A0298_001...
Skipping PBE solver for non-charge conformer (143/575) VAL01A0299_001...
ForkPoolWorker-5: Calling delphi to calculate conformer (144/575) GLN01A0300_001 in /tmp/pbe_data.data.home.granepura.5-Kinases.Kinases_MCCE.Trial03.run_apo.3CS9_GLN01A0300_001
ForkPoolWorker-3: Calling delphi to calculate conformer (145/575) GLN01A0300_002 in /tmp/pbe_data.data.home.granepura.5-Kinases.Kinases_MCCE.Trial03.run_apo.3CS9_GLN01A0300_002
Skipping PBE solver for non-charge conformer (146/575) LEU01A0301_001...
Skipping PBE solver for non-charge conformer (147/575) LEU01A0302_001...
Skipping PBE solver for non-charge conformer (148/575) VAL01A0304_001...
ForkPoolWorker-4: Calling delphi to calculate conformer (149/575) CYS01A0305_001 in /tmp/pbe_data.data.home.granepura.5-Kinases.Kinases_MCCE.Trial03.run_apo.3CS9_CYS01A0305_001
ForkPoolWorker-1: Calling delphi to calculate conformer (150/575) CYS01A0305_002 in /tmp/pbe_data.data.home.granepura.5-Kinases.Kinases_MCCE.Trial03.run_apo.3CS9_CYS01A0305_002
ForkPoolWorker-2: Calling delphi to calculate conformer (151/575) CYS01A0305_003 in /tmp/pbe_data.data.home.granepura.5-Kinases.Kinases_MCCE.Trial03.run_apo.3CS9_CYS01A0305_003
ForkPoolWorker-5: Calling delphi to calculate conformer (152/575) CYS-1A0305_004 in /tmp/pbe_data.data.home.granepura.5-Kinases.Kinases_MCCE.Trial03.run_apo.3CS9_CYS-1A0305_004
ForkPoolWorker-3: Calling delphi to calculate conformer (153/575) THR01A0306_001 in /tmp/pbe_data.data.home.granepura.5-Kinases.Kinases_MCCE.Trial03.run_apo.3CS9_THR01A0306_001
ForkPoolWorker-4: Calling delphi to calculate conformer (154/575) THR01A0306_002 in /tmp/pbe_data.data.home.granepura.5-Kinases.Kinases_MCCE.Trial03.run_apo.3CS9_THR01A0306_002
ForkPoolWorker-1: Calling delphi to calculate conformer (155/575) THR01A0306_003 in /tmp/pbe_data.data.home.granepura.5-Kinases.Kinases_MCCE.Trial03.run_apo.3CS9_THR01A0306_003
ForkPoolWorker-2: Calling delphi to calculate conformer (156/575) THR01A0306_004 in /tmp/pbe_data.data.home.granepura.5-Kinases.Kinases_MCCE.Trial03.run_apo.3CS9_THR01A0306_004
ForkPoolWorker-3: Calling delphi to calculate conformer (157/575) THR01A0306_005 in /tmp/pbe_data.data.home.granepura.5-Kinases.Kinases_MCCE.Trial03.run_apo.3CS9_THR01A0306_005
ForkPoolWorker-4: Calling delphi to calculate conformer (159/575) ARG02A0307_002 in /tmp/pbe_data.data.home.granepura.5-Kinases.Kinases_MCCE.Trial03.run_apo.3CS9_ARG02A0307_002
ForkPoolWorker-5: Calling delphi to calculate conformer (158/575) ARG01A0307_001 in /tmp/pbe_data.data.home.granepura.5-Kinases.Kinases_MCCE.Trial03.run_apo.3CS9_ARG01A0307_001
ForkPoolWorker-2: Calling delphi to calculate conformer (160/575) ARG03A0307_003 in /tmp/pbe_data.data.home.granepura.5-Kinases.Kinases_MCCE.Trial03.run_apo.3CS9_ARG03A0307_003
ForkPoolWorker-1: Calling delphi to calculate conformer (161/575) ARG+1A0307_004 in /tmp/pbe_data.data.home.granepura.5-Kinases.Kinases_MCCE.Trial03.run_apo.3CS9_ARG+1A0307_004
ForkPoolWorker-4: Calling delphi to calculate conformer (162/575) GLU01A0308_001 in /tmp/pbe_data.data.home.granepura.5-Kinases.Kinases_MCCE.Trial03.run_apo.3CS9_GLU01A0308_001
ForkPoolWorker-3: Calling delphi to calculate conformer (163/575) GLU01A0308_002 in /tmp/pbe_data.data.home.granepura.5-Kinases.Kinases_MCCE.Trial03.run_apo.3CS9_GLU01A0308_002
ForkPoolWorker-5: Calling delphi to calculate conformer (164/575) GLU02A0308_003 in /tmp/pbe_data.data.home.granepura.5-Kinases.Kinases_MCCE.Trial03.run_apo.3CS9_GLU02A0308_003
ForkPoolWorker-1: Calling delphi to calculate conformer (165/575) GLU02A0308_004 in /tmp/pbe_data.data.home.granepura.5-Kinases.Kinases_MCCE.Trial03.run_apo.3CS9_GLU02A0308_004
ForkPoolWorker-2: Calling delphi to calculate conformer (166/575) GLU-1A0308_005 in /tmp/pbe_data.data.home.granepura.5-Kinases.Kinases_MCCE.Trial03.run_apo.3CS9_GLU-1A0308_005
Skipping PBE solver for non-charge conformer (167/575) PRO01A0309_001...
Skipping PBE solver for non-charge conformer (168/575) PRO01A0310_001...
Skipping PBE solver for non-charge conformer (169/575) PHE01A0311_001...
ForkPoolWorker-4: Calling delphi to calculate conformer (170/575) TYR01A0312_001 in /tmp/pbe_data.data.home.granepura.5-Kinases.Kinases_MCCE.Trial03.run_apo.3CS9_TYR01A0312_001
Skipping PBE solver for non-charge conformer (172/575) ILE01A0313_001...
Skipping PBE solver for non-charge conformer (173/575) ILE01A0314_001...
ForkPoolWorker-3: Calling delphi to calculate conformer (171/575) TYR-1A0312_002 in /tmp/pbe_data.data.home.granepura.5-Kinases.Kinases_MCCE.Trial03.run_apo.3CS9_TYR-1A0312_002
ForkPoolWorker-5: Calling delphi to calculate conformer (174/575) THR01A0315_001 in /tmp/pbe_data.data.home.granepura.5-Kinases.Kinases_MCCE.Trial03.run_apo.3CS9_THR01A0315_001
ForkPoolWorker-2: Calling delphi to calculate conformer (175/575) THR01A0315_002 in /tmp/pbe_data.data.home.granepura.5-Kinases.Kinases_MCCE.Trial03.run_apo.3CS9_THR01A0315_002
ForkPoolWorker-1: Calling delphi to calculate conformer (176/575) THR01A0315_003 in /tmp/pbe_data.data.home.granepura.5-Kinases.Kinases_MCCE.Trial03.run_apo.3CS9_THR01A0315_003
ForkPoolWorker-4: Calling delphi to calculate conformer (177/575) GLU01A0316_001 in /tmp/pbe_data.data.home.granepura.5-Kinases.Kinases_MCCE.Trial03.run_apo.3CS9_GLU01A0316_001
ForkPoolWorker-3: Calling delphi to calculate conformer (178/575) GLU01A0316_002 in /tmp/pbe_data.data.home.granepura.5-Kinases.Kinases_MCCE.Trial03.run_apo.3CS9_GLU01A0316_002
ForkPoolWorker-5: Calling delphi to calculate conformer (179/575) GLU02A0316_003 in /tmp/pbe_data.data.home.granepura.5-Kinases.Kinases_MCCE.Trial03.run_apo.3CS9_GLU02A0316_003
ForkPoolWorker-2: Calling delphi to calculate conformer (180/575) GLU02A0316_004 in /tmp/pbe_data.data.home.granepura.5-Kinases.Kinases_MCCE.Trial03.run_apo.3CS9_GLU02A0316_004
ForkPoolWorker-1: Calling delphi to calculate conformer (181/575) GLU-1A0316_005 in /tmp/pbe_data.data.home.granepura.5-Kinases.Kinases_MCCE.Trial03.run_apo.3CS9_GLU-1A0316_005
Skipping PBE solver for non-charge conformer (182/575) PHE01A0317_001...
ForkPoolWorker-4: Calling delphi to calculate conformer (183/575) MET01A0318_001 in /tmp/pbe_data.data.home.granepura.5-Kinases.Kinases_MCCE.Trial03.run_apo.3CS9_MET01A0318_001
ForkPoolWorker-5: Calling delphi to calculate conformer (184/575) THR01A0319_001 in /tmp/pbe_data.data.home.granepura.5-Kinases.Kinases_MCCE.Trial03.run_apo.3CS9_THR01A0319_001
ForkPoolWorker-3: Calling delphi to calculate conformer (185/575) THR01A0319_002 in /tmp/pbe_data.data.home.granepura.5-Kinases.Kinases_MCCE.Trial03.run_apo.3CS9_THR01A0319_002
ForkPoolWorker-2: Calling delphi to calculate conformer (187/575) TYR01A0320_002 in /tmp/pbe_data.data.home.granepura.5-Kinases.Kinases_MCCE.Trial03.run_apo.3CS9_TYR01A0320_002
ForkPoolWorker-1: Calling delphi to calculate conformer (186/575) TYR01A0320_001 in /tmp/pbe_data.data.home.granepura.5-Kinases.Kinases_MCCE.Trial03.run_apo.3CS9_TYR01A0320_001
ForkPoolWorker-4: Calling delphi to calculate conformer (188/575) TYR-1A0320_003 in /tmp/pbe_data.data.home.granepura.5-Kinases.Kinases_MCCE.Trial03.run_apo.3CS9_TYR-1A0320_003
ForkPoolWorker-5: Calling delphi to calculate conformer (189/575) ASN01A0322_001 in /tmp/pbe_data.data.home.granepura.5-Kinases.Kinases_MCCE.Trial03.run_apo.3CS9_ASN01A0322_001
ForkPoolWorker-3: Calling delphi to calculate conformer (190/575) ASN01A0322_002 in /tmp/pbe_data.data.home.granepura.5-Kinases.Kinases_MCCE.Trial03.run_apo.3CS9_ASN01A0322_002
ForkPoolWorker-1: Calling delphi to calculate conformer (191/575) ASN01A0322_003 in /tmp/pbe_data.data.home.granepura.5-Kinases.Kinases_MCCE.Trial03.run_apo.3CS9_ASN01A0322_003
ForkPoolWorker-2: Calling delphi to calculate conformer (192/575) ASN01A0322_004 in /tmp/pbe_data.data.home.granepura.5-Kinases.Kinases_MCCE.Trial03.run_apo.3CS9_ASN01A0322_004
Skipping PBE solver for non-charge conformer (193/575) LEU01A0323_001...
Skipping PBE solver for non-charge conformer (194/575) LEU01A0324_001...
ForkPoolWorker-5: Calling delphi to calculate conformer (195/575) ASP01A0325_001 in /tmp/pbe_data.data.home.granepura.5-Kinases.Kinases_MCCE.Trial03.run_apo.3CS9_ASP01A0325_001
ForkPoolWorker-4: Calling delphi to calculate conformer (197/575) ASP01A0325_003 in /tmp/pbe_data.data.home.granepura.5-Kinases.Kinases_MCCE.Trial03.run_apo.3CS9_ASP01A0325_003
ForkPoolWorker-3: Calling delphi to calculate conformer (196/575) ASP01A0325_002 in /tmp/pbe_data.data.home.granepura.5-Kinases.Kinases_MCCE.Trial03.run_apo.3CS9_ASP01A0325_002
ForkPoolWorker-1: Calling delphi to calculate conformer (198/575) ASP01A0325_004 in /tmp/pbe_data.data.home.granepura.5-Kinases.Kinases_MCCE.Trial03.run_apo.3CS9_ASP01A0325_004
ForkPoolWorker-2: Calling delphi to calculate conformer (199/575) ASP02A0325_005 in /tmp/pbe_data.data.home.granepura.5-Kinases.Kinases_MCCE.Trial03.run_apo.3CS9_ASP02A0325_005
ForkPoolWorker-3: Calling delphi to calculate conformer (200/575) ASP02A0325_006 in /tmp/pbe_data.data.home.granepura.5-Kinases.Kinases_MCCE.Trial03.run_apo.3CS9_ASP02A0325_006
ForkPoolWorker-4: Calling delphi to calculate conformer (201/575) ASP02A0325_007 in /tmp/pbe_data.data.home.granepura.5-Kinases.Kinases_MCCE.Trial03.run_apo.3CS9_ASP02A0325_007
ForkPoolWorker-5: Calling delphi to calculate conformer (202/575) ASP02A0325_008 in /tmp/pbe_data.data.home.granepura.5-Kinases.Kinases_MCCE.Trial03.run_apo.3CS9_ASP02A0325_008
ForkPoolWorker-1: Calling delphi to calculate conformer (203/575) ASP-1A0325_009 in /tmp/pbe_data.data.home.granepura.5-Kinases.Kinases_MCCE.Trial03.run_apo.3CS9_ASP-1A0325_009
ForkPoolWorker-2: Calling delphi to calculate conformer (204/575) ASP-1A0325_010 in /tmp/pbe_data.data.home.granepura.5-Kinases.Kinases_MCCE.Trial03.run_apo.3CS9_ASP-1A0325_010
ForkPoolWorker-3: Calling delphi to calculate conformer (205/575) TYR01A0326_001 in /tmp/pbe_data.data.home.granepura.5-Kinases.Kinases_MCCE.Trial03.run_apo.3CS9_TYR01A0326_001
ForkPoolWorker-5: Calling delphi to calculate conformer (206/575) TYR-1A0326_002 in /tmp/pbe_data.data.home.granepura.5-Kinases.Kinases_MCCE.Trial03.run_apo.3CS9_TYR-1A0326_002
Skipping PBE solver for non-charge conformer (207/575) LEU01A0327_001...
ForkPoolWorker-4: Calling delphi to calculate conformer (208/575) ARG01A0328_001 in /tmp/pbe_data.data.home.granepura.5-Kinases.Kinases_MCCE.Trial03.run_apo.3CS9_ARG01A0328_001
ForkPoolWorker-2: Calling delphi to calculate conformer (210/575) ARG03A0328_003 in /tmp/pbe_data.data.home.granepura.5-Kinases.Kinases_MCCE.Trial03.run_apo.3CS9_ARG03A0328_003
ForkPoolWorker-1: Calling delphi to calculate conformer (209/575) ARG02A0328_002 in /tmp/pbe_data.data.home.granepura.5-Kinases.Kinases_MCCE.Trial03.run_apo.3CS9_ARG02A0328_002
ForkPoolWorker-3: Calling delphi to calculate conformer (211/575) ARG+1A0328_004 in /tmp/pbe_data.data.home.granepura.5-Kinases.Kinases_MCCE.Trial03.run_apo.3CS9_ARG+1A0328_004
ForkPoolWorker-5: Calling delphi to calculate conformer (212/575) GLU01A0329_001 in /tmp/pbe_data.data.home.granepura.5-Kinases.Kinases_MCCE.Trial03.run_apo.3CS9_GLU01A0329_001
ForkPoolWorker-4: Calling delphi to calculate conformer (213/575) GLU01A0329_002 in /tmp/pbe_data.data.home.granepura.5-Kinases.Kinases_MCCE.Trial03.run_apo.3CS9_GLU01A0329_002
ForkPoolWorker-1: Calling delphi to calculate conformer (214/575) GLU02A0329_003 in /tmp/pbe_data.data.home.granepura.5-Kinases.Kinases_MCCE.Trial03.run_apo.3CS9_GLU02A0329_003
ForkPoolWorker-2: Calling delphi to calculate conformer (215/575) GLU02A0329_004 in /tmp/pbe_data.data.home.granepura.5-Kinases.Kinases_MCCE.Trial03.run_apo.3CS9_GLU02A0329_004
ForkPoolWorker-3: Calling delphi to calculate conformer (216/575) GLU-1A0329_005 in /tmp/pbe_data.data.home.granepura.5-Kinases.Kinases_MCCE.Trial03.run_apo.3CS9_GLU-1A0329_005
ForkPoolWorker-5: Calling delphi to calculate conformer (217/575) CYS01A0330_001 in /tmp/pbe_data.data.home.granepura.5-Kinases.Kinases_MCCE.Trial03.run_apo.3CS9_CYS01A0330_001
ForkPoolWorker-4: Calling delphi to calculate conformer (218/575) CYS01A0330_002 in /tmp/pbe_data.data.home.granepura.5-Kinases.Kinases_MCCE.Trial03.run_apo.3CS9_CYS01A0330_002
ForkPoolWorker-1: Calling delphi to calculate conformer (219/575) CYS01A0330_003 in /tmp/pbe_data.data.home.granepura.5-Kinases.Kinases_MCCE.Trial03.run_apo.3CS9_CYS01A0330_003
ForkPoolWorker-2: Calling delphi to calculate conformer (220/575) CYS-1A0330_004 in /tmp/pbe_data.data.home.granepura.5-Kinases.Kinases_MCCE.Trial03.run_apo.3CS9_CYS-1A0330_004
ForkPoolWorker-3: Calling delphi to calculate conformer (221/575) ASN01A0331_001 in /tmp/pbe_data.data.home.granepura.5-Kinases.Kinases_MCCE.Trial03.run_apo.3CS9_ASN01A0331_001
ForkPoolWorker-5: Calling delphi to calculate conformer (222/575) ARG01A0332_001 in /tmp/pbe_data.data.home.granepura.5-Kinases.Kinases_MCCE.Trial03.run_apo.3CS9_ARG01A0332_001
ForkPoolWorker-4: Calling delphi to calculate conformer (223/575) ARG02A0332_002 in /tmp/pbe_data.data.home.granepura.5-Kinases.Kinases_MCCE.Trial03.run_apo.3CS9_ARG02A0332_002
ForkPoolWorker-1: Calling delphi to calculate conformer (224/575) ARG03A0332_003 in /tmp/pbe_data.data.home.granepura.5-Kinases.Kinases_MCCE.Trial03.run_apo.3CS9_ARG03A0332_003
ForkPoolWorker-2: Calling delphi to calculate conformer (225/575) ARG+1A0332_004 in /tmp/pbe_data.data.home.granepura.5-Kinases.Kinases_MCCE.Trial03.run_apo.3CS9_ARG+1A0332_004
ForkPoolWorker-3: Calling delphi to calculate conformer (226/575) GLN01A0333_001 in /tmp/pbe_data.data.home.granepura.5-Kinases.Kinases_MCCE.Trial03.run_apo.3CS9_GLN01A0333_001
ForkPoolWorker-5: Calling delphi to calculate conformer (227/575) GLN01A0333_002 in /tmp/pbe_data.data.home.granepura.5-Kinases.Kinases_MCCE.Trial03.run_apo.3CS9_GLN01A0333_002
ForkPoolWorker-4: Calling delphi to calculate conformer (228/575) GLU01A0334_001 in /tmp/pbe_data.data.home.granepura.5-Kinases.Kinases_MCCE.Trial03.run_apo.3CS9_GLU01A0334_001
ForkPoolWorker-2: Calling delphi to calculate conformer (230/575) GLU02A0334_003 in /tmp/pbe_data.data.home.granepura.5-Kinases.Kinases_MCCE.Trial03.run_apo.3CS9_GLU02A0334_003
ForkPoolWorker-1: Calling delphi to calculate conformer (229/575) GLU01A0334_002 in /tmp/pbe_data.data.home.granepura.5-Kinases.Kinases_MCCE.Trial03.run_apo.3CS9_GLU01A0334_002
ForkPoolWorker-3: Calling delphi to calculate conformer (231/575) GLU02A0334_004 in /tmp/pbe_data.data.home.granepura.5-Kinases.Kinases_MCCE.Trial03.run_apo.3CS9_GLU02A0334_004
ForkPoolWorker-4: Calling delphi to calculate conformer (232/575) GLU-1A0334_005 in /tmp/pbe_data.data.home.granepura.5-Kinases.Kinases_MCCE.Trial03.run_apo.3CS9_GLU-1A0334_005
Skipping PBE solver for non-charge conformer (233/575) VAL01A0335_001...
ForkPoolWorker-5: Calling delphi to calculate conformer (234/575) ASN01A0336_001 in /tmp/pbe_data.data.home.granepura.5-Kinases.Kinases_MCCE.Trial03.run_apo.3CS9_ASN01A0336_001
Skipping PBE solver for non-charge conformer (236/575) ALA01A0337_001...
ForkPoolWorker-2: Calling delphi to calculate conformer (235/575) ASN01A0336_002 in /tmp/pbe_data.data.home.granepura.5-Kinases.Kinases_MCCE.Trial03.run_apo.3CS9_ASN01A0336_002
Skipping PBE solver for non-charge conformer (237/575) VAL01A0338_001...
Skipping PBE solver for non-charge conformer (238/575) VAL01A0339_001...
Skipping PBE solver for non-charge conformer (239/575) LEU01A0340_001...
Skipping PBE solver for non-charge conformer (240/575) LEU01A0341_001...
ForkPoolWorker-1: Calling delphi to calculate conformer (241/575) TYR01A0342_001 in /tmp/pbe_data.data.home.granepura.5-Kinases.Kinases_MCCE.Trial03.run_apo.3CS9_TYR01A0342_001
ForkPoolWorker-3: Calling delphi to calculate conformer (242/575) TYR-1A0342_002 in /tmp/pbe_data.data.home.granepura.5-Kinases.Kinases_MCCE.Trial03.run_apo.3CS9_TYR-1A0342_002
ForkPoolWorker-4: Calling delphi to calculate conformer (243/575) MET01A0343_001 in /tmp/pbe_data.data.home.granepura.5-Kinases.Kinases_MCCE.Trial03.run_apo.3CS9_MET01A0343_001
Skipping PBE solver for non-charge conformer (244/575) ALA01A0344_001...
ForkPoolWorker-5: Calling delphi to calculate conformer (245/575) THR01A0345_001 in /tmp/pbe_data.data.home.granepura.5-Kinases.Kinases_MCCE.Trial03.run_apo.3CS9_THR01A0345_001
ForkPoolWorker-2: Calling delphi to calculate conformer (246/575) THR01A0345_002 in /tmp/pbe_data.data.home.granepura.5-Kinases.Kinases_MCCE.Trial03.run_apo.3CS9_THR01A0345_002
ForkPoolWorker-1: Calling delphi to calculate conformer (247/575) GLN01A0346_001 in /tmp/pbe_data.data.home.granepura.5-Kinases.Kinases_MCCE.Trial03.run_apo.3CS9_GLN01A0346_001
ForkPoolWorker-3: Calling delphi to calculate conformer (248/575) GLN01A0346_002 in /tmp/pbe_data.data.home.granepura.5-Kinases.Kinases_MCCE.Trial03.run_apo.3CS9_GLN01A0346_002
Skipping PBE solver for non-charge conformer (249/575) ILE01A0347_001...
ForkPoolWorker-4: Calling delphi to calculate conformer (250/575) SER01A0348_001 in /tmp/pbe_data.data.home.granepura.5-Kinases.Kinases_MCCE.Trial03.run_apo.3CS9_SER01A0348_001
ForkPoolWorker-5: Calling delphi to calculate conformer (251/575) SER01A0348_002 in /tmp/pbe_data.data.home.granepura.5-Kinases.Kinases_MCCE.Trial03.run_apo.3CS9_SER01A0348_002
ForkPoolWorker-2: Calling delphi to calculate conformer (252/575) SER01A0348_003 in /tmp/pbe_data.data.home.granepura.5-Kinases.Kinases_MCCE.Trial03.run_apo.3CS9_SER01A0348_003
ForkPoolWorker-1: Calling delphi to calculate conformer (253/575) SER01A0349_001 in /tmp/pbe_data.data.home.granepura.5-Kinases.Kinases_MCCE.Trial03.run_apo.3CS9_SER01A0349_001
ForkPoolWorker-3: Calling delphi to calculate conformer (254/575) SER01A0349_002 in /tmp/pbe_data.data.home.granepura.5-Kinases.Kinases_MCCE.Trial03.run_apo.3CS9_SER01A0349_002
Skipping PBE solver for non-charge conformer (255/575) ALA01A0350_001...
ForkPoolWorker-4: Calling delphi to calculate conformer (256/575) MET01A0351_001 in /tmp/pbe_data.data.home.granepura.5-Kinases.Kinases_MCCE.Trial03.run_apo.3CS9_MET01A0351_001
ForkPoolWorker-5: Calling delphi to calculate conformer (257/575) GLU01A0352_001 in /tmp/pbe_data.data.home.granepura.5-Kinases.Kinases_MCCE.Trial03.run_apo.3CS9_GLU01A0352_001
ForkPoolWorker-2: Calling delphi to calculate conformer (258/575) GLU01A0352_002 in /tmp/pbe_data.data.home.granepura.5-Kinases.Kinases_MCCE.Trial03.run_apo.3CS9_GLU01A0352_002
ForkPoolWorker-1: Calling delphi to calculate conformer (259/575) GLU02A0352_003 in /tmp/pbe_data.data.home.granepura.5-Kinases.Kinases_MCCE.Trial03.run_apo.3CS9_GLU02A0352_003
ForkPoolWorker-3: Calling delphi to calculate conformer (260/575) GLU02A0352_004 in /tmp/pbe_data.data.home.granepura.5-Kinases.Kinases_MCCE.Trial03.run_apo.3CS9_GLU02A0352_004
ForkPoolWorker-4: Calling delphi to calculate conformer (261/575) GLU-1A0352_005 in /tmp/pbe_data.data.home.granepura.5-Kinases.Kinases_MCCE.Trial03.run_apo.3CS9_GLU-1A0352_005
ForkPoolWorker-5: Calling delphi to calculate conformer (262/575) TYR01A0353_001 in /tmp/pbe_data.data.home.granepura.5-Kinases.Kinases_MCCE.Trial03.run_apo.3CS9_TYR01A0353_001
ForkPoolWorker-2: Calling delphi to calculate conformer (263/575) TYR-1A0353_002 in /tmp/pbe_data.data.home.granepura.5-Kinases.Kinases_MCCE.Trial03.run_apo.3CS9_TYR-1A0353_002
Skipping PBE solver for non-charge conformer (264/575) LEU01A0354_001...
ForkPoolWorker-1: Calling delphi to calculate conformer (265/575) GLU01A0355_001 in /tmp/pbe_data.data.home.granepura.5-Kinases.Kinases_MCCE.Trial03.run_apo.3CS9_GLU01A0355_001
ForkPoolWorker-3: Calling delphi to calculate conformer (266/575) GLU01A0355_002 in /tmp/pbe_data.data.home.granepura.5-Kinases.Kinases_MCCE.Trial03.run_apo.3CS9_GLU01A0355_002
ForkPoolWorker-4: Calling delphi to calculate conformer (267/575) GLU02A0355_003 in /tmp/pbe_data.data.home.granepura.5-Kinases.Kinases_MCCE.Trial03.run_apo.3CS9_GLU02A0355_003
ForkPoolWorker-5: Calling delphi to calculate conformer (268/575) GLU02A0355_004 in /tmp/pbe_data.data.home.granepura.5-Kinases.Kinases_MCCE.Trial03.run_apo.3CS9_GLU02A0355_004
ForkPoolWorker-2: Calling delphi to calculate conformer (269/575) GLU-1A0355_005 in /tmp/pbe_data.data.home.granepura.5-Kinases.Kinases_MCCE.Trial03.run_apo.3CS9_GLU-1A0355_005
ForkPoolWorker-1: Calling delphi to calculate conformer (270/575) LYS01A0356_001 in /tmp/pbe_data.data.home.granepura.5-Kinases.Kinases_MCCE.Trial03.run_apo.3CS9_LYS01A0356_001
ForkPoolWorker-4: Calling delphi to calculate conformer (272/575) LYS01A0357_001 in /tmp/pbe_data.data.home.granepura.5-Kinases.Kinases_MCCE.Trial03.run_apo.3CS9_LYS01A0357_001
ForkPoolWorker-3: Calling delphi to calculate conformer (271/575) LYS+1A0356_002 in /tmp/pbe_data.data.home.granepura.5-Kinases.Kinases_MCCE.Trial03.run_apo.3CS9_LYS+1A0356_002
ForkPoolWorker-5: Calling delphi to calculate conformer (273/575) LYS+1A0357_002 in /tmp/pbe_data.data.home.granepura.5-Kinases.Kinases_MCCE.Trial03.run_apo.3CS9_LYS+1A0357_002
ForkPoolWorker-2: Calling delphi to calculate conformer (274/575) ASN01A0358_001 in /tmp/pbe_data.data.home.granepura.5-Kinases.Kinases_MCCE.Trial03.run_apo.3CS9_ASN01A0358_001
ForkPoolWorker-1: Calling delphi to calculate conformer (275/575) ASN01A0358_002 in /tmp/pbe_data.data.home.granepura.5-Kinases.Kinases_MCCE.Trial03.run_apo.3CS9_ASN01A0358_002
Skipping PBE solver for non-charge conformer (276/575) PHE01A0359_001...
Skipping PBE solver for non-charge conformer (277/575) ILE01A0360_001...
ForkPoolWorker-3: Calling delphi to calculate conformer (279/575) HIS02A0361_002 in /tmp/pbe_data.data.home.granepura.5-Kinases.Kinases_MCCE.Trial03.run_apo.3CS9_HIS02A0361_002
ForkPoolWorker-4: Calling delphi to calculate conformer (278/575) HIS01A0361_001 in /tmp/pbe_data.data.home.granepura.5-Kinases.Kinases_MCCE.Trial03.run_apo.3CS9_HIS01A0361_001
ForkPoolWorker-5: Calling delphi to calculate conformer (280/575) HIS+1A0361_003 in /tmp/pbe_data.data.home.granepura.5-Kinases.Kinases_MCCE.Trial03.run_apo.3CS9_HIS+1A0361_003
ForkPoolWorker-2: Calling delphi to calculate conformer (281/575) ARG01A0362_001 in /tmp/pbe_data.data.home.granepura.5-Kinases.Kinases_MCCE.Trial03.run_apo.3CS9_ARG01A0362_001
ForkPoolWorker-1: Calling delphi to calculate conformer (282/575) ARG02A0362_002 in /tmp/pbe_data.data.home.granepura.5-Kinases.Kinases_MCCE.Trial03.run_apo.3CS9_ARG02A0362_002
ForkPoolWorker-3: Calling delphi to calculate conformer (283/575) ARG03A0362_003 in /tmp/pbe_data.data.home.granepura.5-Kinases.Kinases_MCCE.Trial03.run_apo.3CS9_ARG03A0362_003
ForkPoolWorker-4: Calling delphi to calculate conformer (284/575) ARG+1A0362_004 in /tmp/pbe_data.data.home.granepura.5-Kinases.Kinases_MCCE.Trial03.run_apo.3CS9_ARG+1A0362_004
ForkPoolWorker-5: Calling delphi to calculate conformer (285/575) ASP01A0363_001 in /tmp/pbe_data.data.home.granepura.5-Kinases.Kinases_MCCE.Trial03.run_apo.3CS9_ASP01A0363_001
ForkPoolWorker-2: Calling delphi to calculate conformer (286/575) ASP01A0363_002 in /tmp/pbe_data.data.home.granepura.5-Kinases.Kinases_MCCE.Trial03.run_apo.3CS9_ASP01A0363_002
ForkPoolWorker-1: Calling delphi to calculate conformer (287/575) ASP02A0363_003 in /tmp/pbe_data.data.home.granepura.5-Kinases.Kinases_MCCE.Trial03.run_apo.3CS9_ASP02A0363_003
ForkPoolWorker-4: Calling delphi to calculate conformer (288/575) ASP02A0363_004 in /tmp/pbe_data.data.home.granepura.5-Kinases.Kinases_MCCE.Trial03.run_apo.3CS9_ASP02A0363_004
ForkPoolWorker-3: Calling delphi to calculate conformer (289/575) ASP-1A0363_005 in /tmp/pbe_data.data.home.granepura.5-Kinases.Kinases_MCCE.Trial03.run_apo.3CS9_ASP-1A0363_005
Skipping PBE solver for non-charge conformer (290/575) LEU01A0364_001...
Skipping PBE solver for non-charge conformer (291/575) ALA01A0365_001...
Skipping PBE solver for non-charge conformer (292/575) ALA01A0366_001...
ForkPoolWorker-5: Calling delphi to calculate conformer (293/575) ARG01A0367_001 in /tmp/pbe_data.data.home.granepura.5-Kinases.Kinases_MCCE.Trial03.run_apo.3CS9_ARG01A0367_001
ForkPoolWorker-2: Calling delphi to calculate conformer (294/575) ARG02A0367_002 in /tmp/pbe_data.data.home.granepura.5-Kinases.Kinases_MCCE.Trial03.run_apo.3CS9_ARG02A0367_002
ForkPoolWorker-1: Calling delphi to calculate conformer (295/575) ARG03A0367_003 in /tmp/pbe_data.data.home.granepura.5-Kinases.Kinases_MCCE.Trial03.run_apo.3CS9_ARG03A0367_003
ForkPoolWorker-4: Calling delphi to calculate conformer (296/575) ARG03A0367_004 in /tmp/pbe_data.data.home.granepura.5-Kinases.Kinases_MCCE.Trial03.run_apo.3CS9_ARG03A0367_004
ForkPoolWorker-3: Calling delphi to calculate conformer (297/575) ARG+1A0367_005 in /tmp/pbe_data.data.home.granepura.5-Kinases.Kinases_MCCE.Trial03.run_apo.3CS9_ARG+1A0367_005
ForkPoolWorker-5: Calling delphi to calculate conformer (298/575) ASN01A0368_001 in /tmp/pbe_data.data.home.granepura.5-Kinases.Kinases_MCCE.Trial03.run_apo.3CS9_ASN01A0368_001
ForkPoolWorker-2: Calling delphi to calculate conformer (299/575) ASN01A0368_002 in /tmp/pbe_data.data.home.granepura.5-Kinases.Kinases_MCCE.Trial03.run_apo.3CS9_ASN01A0368_002
ForkPoolWorker-1: Calling delphi to calculate conformer (300/575) CYS01A0369_001 in /tmp/pbe_data.data.home.granepura.5-Kinases.Kinases_MCCE.Trial03.run_apo.3CS9_CYS01A0369_001
ForkPoolWorker-4: Calling delphi to calculate conformer (301/575) CYS01A0369_002 in /tmp/pbe_data.data.home.granepura.5-Kinases.Kinases_MCCE.Trial03.run_apo.3CS9_CYS01A0369_002
ForkPoolWorker-3: Calling delphi to calculate conformer (302/575) CYS01A0369_003 in /tmp/pbe_data.data.home.granepura.5-Kinases.Kinases_MCCE.Trial03.run_apo.3CS9_CYS01A0369_003
ForkPoolWorker-5: Calling delphi to calculate conformer (303/575) CYS-1A0369_004 in /tmp/pbe_data.data.home.granepura.5-Kinases.Kinases_MCCE.Trial03.run_apo.3CS9_CYS-1A0369_004
Skipping PBE solver for non-charge conformer (304/575) LEU01A0370_001...
Skipping PBE solver for non-charge conformer (305/575) VAL01A0371_001...
ForkPoolWorker-2: Calling delphi to calculate conformer (306/575) GLU01A0373_001 in /tmp/pbe_data.data.home.granepura.5-Kinases.Kinases_MCCE.Trial03.run_apo.3CS9_GLU01A0373_001
ForkPoolWorker-1: Calling delphi to calculate conformer (307/575) GLU01A0373_002 in /tmp/pbe_data.data.home.granepura.5-Kinases.Kinases_MCCE.Trial03.run_apo.3CS9_GLU01A0373_002
ForkPoolWorker-4: Calling delphi to calculate conformer (308/575) GLU02A0373_003 in /tmp/pbe_data.data.home.granepura.5-Kinases.Kinases_MCCE.Trial03.run_apo.3CS9_GLU02A0373_003
ForkPoolWorker-3: Calling delphi to calculate conformer (309/575) GLU02A0373_004 in /tmp/pbe_data.data.home.granepura.5-Kinases.Kinases_MCCE.Trial03.run_apo.3CS9_GLU02A0373_004
ForkPoolWorker-5: Calling delphi to calculate conformer (310/575) GLU-1A0373_005 in /tmp/pbe_data.data.home.granepura.5-Kinases.Kinases_MCCE.Trial03.run_apo.3CS9_GLU-1A0373_005
ForkPoolWorker-2: Calling delphi to calculate conformer (311/575) ASN01A0374_001 in /tmp/pbe_data.data.home.granepura.5-Kinases.Kinases_MCCE.Trial03.run_apo.3CS9_ASN01A0374_001
ForkPoolWorker-1: Calling delphi to calculate conformer (312/575) ASN01A0374_002 in /tmp/pbe_data.data.home.granepura.5-Kinases.Kinases_MCCE.Trial03.run_apo.3CS9_ASN01A0374_002
ForkPoolWorker-3: Calling delphi to calculate conformer (313/575) HIS01A0375_001 in /tmp/pbe_data.data.home.granepura.5-Kinases.Kinases_MCCE.Trial03.run_apo.3CS9_HIS01A0375_001
ForkPoolWorker-4: Calling delphi to calculate conformer (314/575) HIS02A0375_002 in /tmp/pbe_data.data.home.granepura.5-Kinases.Kinases_MCCE.Trial03.run_apo.3CS9_HIS02A0375_002
ForkPoolWorker-5: Calling delphi to calculate conformer (315/575) HIS+1A0375_003 in /tmp/pbe_data.data.home.granepura.5-Kinases.Kinases_MCCE.Trial03.run_apo.3CS9_HIS+1A0375_003
Skipping PBE solver for non-charge conformer (316/575) LEU01A0376_001...
Skipping PBE solver for non-charge conformer (317/575) VAL01A0377_001...
ForkPoolWorker-2: Calling delphi to calculate conformer (318/575) LYS01A0378_001 in /tmp/pbe_data.data.home.granepura.5-Kinases.Kinases_MCCE.Trial03.run_apo.3CS9_LYS01A0378_001
ForkPoolWorker-1: Calling delphi to calculate conformer (319/575) LYS+1A0378_002 in /tmp/pbe_data.data.home.granepura.5-Kinases.Kinases_MCCE.Trial03.run_apo.3CS9_LYS+1A0378_002
Skipping PBE solver for non-charge conformer (320/575) VAL01A0379_001...
Skipping PBE solver for non-charge conformer (321/575) ALA01A0380_001...
ForkPoolWorker-4: Calling delphi to calculate conformer (322/575) ASP01A0381_001 in /tmp/pbe_data.data.home.granepura.5-Kinases.Kinases_MCCE.Trial03.run_apo.3CS9_ASP01A0381_001
ForkPoolWorker-3: Calling delphi to calculate conformer (323/575) ASP01A0381_002 in /tmp/pbe_data.data.home.granepura.5-Kinases.Kinases_MCCE.Trial03.run_apo.3CS9_ASP01A0381_002
ForkPoolWorker-5: Calling delphi to calculate conformer (324/575) ASP02A0381_003 in /tmp/pbe_data.data.home.granepura.5-Kinases.Kinases_MCCE.Trial03.run_apo.3CS9_ASP02A0381_003
ForkPoolWorker-2: Calling delphi to calculate conformer (325/575) ASP02A0381_004 in /tmp/pbe_data.data.home.granepura.5-Kinases.Kinases_MCCE.Trial03.run_apo.3CS9_ASP02A0381_004
ForkPoolWorker-1: Calling delphi to calculate conformer (326/575) ASP-1A0381_005 in /tmp/pbe_data.data.home.granepura.5-Kinases.Kinases_MCCE.Trial03.run_apo.3CS9_ASP-1A0381_005
Skipping PBE solver for non-charge conformer (327/575) PHE01A0382_001...
Skipping PBE solver for non-charge conformer (328/575) LEU01A0384_001...
ForkPoolWorker-4: Calling delphi to calculate conformer (329/575) SER01A0385_001 in /tmp/pbe_data.data.home.granepura.5-Kinases.Kinases_MCCE.Trial03.run_apo.3CS9_SER01A0385_001
ForkPoolWorker-3: Calling delphi to calculate conformer (330/575) SER01A0385_002 in /tmp/pbe_data.data.home.granepura.5-Kinases.Kinases_MCCE.Trial03.run_apo.3CS9_SER01A0385_002
ForkPoolWorker-5: Calling delphi to calculate conformer (331/575) ARG01A0386_001 in /tmp/pbe_data.data.home.granepura.5-Kinases.Kinases_MCCE.Trial03.run_apo.3CS9_ARG01A0386_001
ForkPoolWorker-2: Calling delphi to calculate conformer (332/575) ARG02A0386_002 in /tmp/pbe_data.data.home.granepura.5-Kinases.Kinases_MCCE.Trial03.run_apo.3CS9_ARG02A0386_002
ForkPoolWorker-1: Calling delphi to calculate conformer (333/575) ARG02A0386_003 in /tmp/pbe_data.data.home.granepura.5-Kinases.Kinases_MCCE.Trial03.run_apo.3CS9_ARG02A0386_003
ForkPoolWorker-4: Calling delphi to calculate conformer (334/575) ARG03A0386_004 in /tmp/pbe_data.data.home.granepura.5-Kinases.Kinases_MCCE.Trial03.run_apo.3CS9_ARG03A0386_004
ForkPoolWorker-3: Calling delphi to calculate conformer (335/575) ARG03A0386_005 in /tmp/pbe_data.data.home.granepura.5-Kinases.Kinases_MCCE.Trial03.run_apo.3CS9_ARG03A0386_005
ForkPoolWorker-5: Calling delphi to calculate conformer (336/575) ARG+1A0386_006 in /tmp/pbe_data.data.home.granepura.5-Kinases.Kinases_MCCE.Trial03.run_apo.3CS9_ARG+1A0386_006
Skipping PBE solver for non-charge conformer (337/575) LEU01A0387_001...
ForkPoolWorker-2: Calling delphi to calculate conformer (338/575) MET01A0388_001 in /tmp/pbe_data.data.home.granepura.5-Kinases.Kinases_MCCE.Trial03.run_apo.3CS9_MET01A0388_001
ForkPoolWorker-4: Calling delphi to calculate conformer (339/575) THR01A0389_001 in /tmp/pbe_data.data.home.granepura.5-Kinases.Kinases_MCCE.Trial03.run_apo.3CS9_THR01A0389_001
ForkPoolWorker-1: Calling delphi to calculate conformer (340/575) THR01A0389_002 in /tmp/pbe_data.data.home.granepura.5-Kinases.Kinases_MCCE.Trial03.run_apo.3CS9_THR01A0389_002
ForkPoolWorker-3: Calling delphi to calculate conformer (341/575) ASP01A0391_001 in /tmp/pbe_data.data.home.granepura.5-Kinases.Kinases_MCCE.Trial03.run_apo.3CS9_ASP01A0391_001
ForkPoolWorker-5: Calling delphi to calculate conformer (342/575) ASP01A0391_002 in /tmp/pbe_data.data.home.granepura.5-Kinases.Kinases_MCCE.Trial03.run_apo.3CS9_ASP01A0391_002
ForkPoolWorker-2: Calling delphi to calculate conformer (343/575) ASP02A0391_003 in /tmp/pbe_data.data.home.granepura.5-Kinases.Kinases_MCCE.Trial03.run_apo.3CS9_ASP02A0391_003
ForkPoolWorker-4: Calling delphi to calculate conformer (344/575) ASP02A0391_004 in /tmp/pbe_data.data.home.granepura.5-Kinases.Kinases_MCCE.Trial03.run_apo.3CS9_ASP02A0391_004
ForkPoolWorker-1: Calling delphi to calculate conformer (345/575) ASP-1A0391_005 in /tmp/pbe_data.data.home.granepura.5-Kinases.Kinases_MCCE.Trial03.run_apo.3CS9_ASP-1A0391_005
ForkPoolWorker-3: Calling delphi to calculate conformer (346/575) THR01A0392_001 in /tmp/pbe_data.data.home.granepura.5-Kinases.Kinases_MCCE.Trial03.run_apo.3CS9_THR01A0392_001
ForkPoolWorker-5: Calling delphi to calculate conformer (347/575) TYR01A0393_001 in /tmp/pbe_data.data.home.granepura.5-Kinases.Kinases_MCCE.Trial03.run_apo.3CS9_TYR01A0393_001
ForkPoolWorker-2: Calling delphi to calculate conformer (348/575) TYR01A0393_002 in /tmp/pbe_data.data.home.granepura.5-Kinases.Kinases_MCCE.Trial03.run_apo.3CS9_TYR01A0393_002
ForkPoolWorker-4: Calling delphi to calculate conformer (349/575) TYR-1A0393_003 in /tmp/pbe_data.data.home.granepura.5-Kinases.Kinases_MCCE.Trial03.run_apo.3CS9_TYR-1A0393_003
ForkPoolWorker-1: Calling delphi to calculate conformer (350/575) THR01A0394_001 in /tmp/pbe_data.data.home.granepura.5-Kinases.Kinases_MCCE.Trial03.run_apo.3CS9_THR01A0394_001
ForkPoolWorker-3: Calling delphi to calculate conformer (351/575) THR01A0394_002 in /tmp/pbe_data.data.home.granepura.5-Kinases.Kinases_MCCE.Trial03.run_apo.3CS9_THR01A0394_002
Skipping PBE solver for non-charge conformer (352/575) ALA01A0395_001...
ForkPoolWorker-5: Calling delphi to calculate conformer (353/575) HIS01A0396_001 in /tmp/pbe_data.data.home.granepura.5-Kinases.Kinases_MCCE.Trial03.run_apo.3CS9_HIS01A0396_001
ForkPoolWorker-2: Calling delphi to calculate conformer (354/575) HIS02A0396_002 in /tmp/pbe_data.data.home.granepura.5-Kinases.Kinases_MCCE.Trial03.run_apo.3CS9_HIS02A0396_002
ForkPoolWorker-1: Calling delphi to calculate conformer (355/575) HIS+1A0396_003 in /tmp/pbe_data.data.home.granepura.5-Kinases.Kinases_MCCE.Trial03.run_apo.3CS9_HIS+1A0396_003
Skipping PBE solver for non-charge conformer (356/575) ALA01A0397_001...
Skipping PBE solver for non-charge conformer (357/575) ALA01A0399_001...
ForkPoolWorker-4: Calling delphi to calculate conformer (358/575) LYS01A0400_001 in /tmp/pbe_data.data.home.granepura.5-Kinases.Kinases_MCCE.Trial03.run_apo.3CS9_LYS01A0400_001
ForkPoolWorker-3: Calling delphi to calculate conformer (359/575) LYS+1A0400_002 in /tmp/pbe_data.data.home.granepura.5-Kinases.Kinases_MCCE.Trial03.run_apo.3CS9_LYS+1A0400_002
Skipping PBE solver for non-charge conformer (360/575) PHE01A0401_001...
Skipping PBE solver for non-charge conformer (361/575) PRO01A0402_001...
Skipping PBE solver for non-charge conformer (362/575) ILE01A0403_001...
ForkPoolWorker-5: Calling delphi to calculate conformer (363/575) LYS01A0404_001 in /tmp/pbe_data.data.home.granepura.5-Kinases.Kinases_MCCE.Trial03.run_apo.3CS9_LYS01A0404_001
ForkPoolWorker-2: Calling delphi to calculate conformer (364/575) LYS+1A0404_002 in /tmp/pbe_data.data.home.granepura.5-Kinases.Kinases_MCCE.Trial03.run_apo.3CS9_LYS+1A0404_002
Skipping PBE solver for non-charge conformer (365/575) TRP01A0405_001...
ForkPoolWorker-1: Calling delphi to calculate conformer (366/575) THR01A0406_001 in /tmp/pbe_data.data.home.granepura.5-Kinases.Kinases_MCCE.Trial03.run_apo.3CS9_THR01A0406_001
Skipping PBE solver for non-charge conformer (367/575) ALA01A0407_001...
Skipping PBE solver for non-charge conformer (368/575) PRO01A0408_001...
ForkPoolWorker-4: Calling delphi to calculate conformer (369/575) GLU01A0409_001 in /tmp/pbe_data.data.home.granepura.5-Kinases.Kinases_MCCE.Trial03.run_apo.3CS9_GLU01A0409_001
ForkPoolWorker-3: Calling delphi to calculate conformer (370/575) GLU01A0409_002 in /tmp/pbe_data.data.home.granepura.5-Kinases.Kinases_MCCE.Trial03.run_apo.3CS9_GLU01A0409_002
ForkPoolWorker-5: Calling delphi to calculate conformer (371/575) GLU02A0409_003 in /tmp/pbe_data.data.home.granepura.5-Kinases.Kinases_MCCE.Trial03.run_apo.3CS9_GLU02A0409_003
ForkPoolWorker-2: Calling delphi to calculate conformer (372/575) GLU02A0409_004 in /tmp/pbe_data.data.home.granepura.5-Kinases.Kinases_MCCE.Trial03.run_apo.3CS9_GLU02A0409_004
ForkPoolWorker-1: Calling delphi to calculate conformer (373/575) GLU-1A0409_005 in /tmp/pbe_data.data.home.granepura.5-Kinases.Kinases_MCCE.Trial03.run_apo.3CS9_GLU-1A0409_005
ForkPoolWorker-4: Calling delphi to calculate conformer (374/575) SER01A0410_001 in /tmp/pbe_data.data.home.granepura.5-Kinases.Kinases_MCCE.Trial03.run_apo.3CS9_SER01A0410_001
ForkPoolWorker-3: Calling delphi to calculate conformer (375/575) SER01A0410_002 in /tmp/pbe_data.data.home.granepura.5-Kinases.Kinases_MCCE.Trial03.run_apo.3CS9_SER01A0410_002
ForkPoolWorker-5: Calling delphi to calculate conformer (376/575) SER01A0410_003 in /tmp/pbe_data.data.home.granepura.5-Kinases.Kinases_MCCE.Trial03.run_apo.3CS9_SER01A0410_003
Skipping PBE solver for non-charge conformer (377/575) LEU01A0411_001...
Skipping PBE solver for non-charge conformer (378/575) ALA01A0412_001...
ForkPoolWorker-2: Calling delphi to calculate conformer (379/575) TYR01A0413_001 in /tmp/pbe_data.data.home.granepura.5-Kinases.Kinases_MCCE.Trial03.run_apo.3CS9_TYR01A0413_001
ForkPoolWorker-1: Calling delphi to calculate conformer (380/575) TYR01A0413_002 in /tmp/pbe_data.data.home.granepura.5-Kinases.Kinases_MCCE.Trial03.run_apo.3CS9_TYR01A0413_002
ForkPoolWorker-4: Calling delphi to calculate conformer (381/575) TYR-1A0413_003 in /tmp/pbe_data.data.home.granepura.5-Kinases.Kinases_MCCE.Trial03.run_apo.3CS9_TYR-1A0413_003
ForkPoolWorker-3: Calling delphi to calculate conformer (382/575) ASN01A0414_001 in /tmp/pbe_data.data.home.granepura.5-Kinases.Kinases_MCCE.Trial03.run_apo.3CS9_ASN01A0414_001
ForkPoolWorker-5: Calling delphi to calculate conformer (383/575) ASN01A0414_002 in /tmp/pbe_data.data.home.granepura.5-Kinases.Kinases_MCCE.Trial03.run_apo.3CS9_ASN01A0414_002
ForkPoolWorker-2: Calling delphi to calculate conformer (384/575) LYS01A0415_001 in /tmp/pbe_data.data.home.granepura.5-Kinases.Kinases_MCCE.Trial03.run_apo.3CS9_LYS01A0415_001
ForkPoolWorker-1: Calling delphi to calculate conformer (385/575) LYS+1A0415_002 in /tmp/pbe_data.data.home.granepura.5-Kinases.Kinases_MCCE.Trial03.run_apo.3CS9_LYS+1A0415_002
Skipping PBE solver for non-charge conformer (386/575) PHE01A0416_001...
ForkPoolWorker-4: Calling delphi to calculate conformer (387/575) SER01A0417_001 in /tmp/pbe_data.data.home.granepura.5-Kinases.Kinases_MCCE.Trial03.run_apo.3CS9_SER01A0417_001
Skipping PBE solver for non-charge conformer (388/575) ILE01A0418_001...
ForkPoolWorker-3: Calling delphi to calculate conformer (389/575) LYS01A0419_001 in /tmp/pbe_data.data.home.granepura.5-Kinases.Kinases_MCCE.Trial03.run_apo.3CS9_LYS01A0419_001
ForkPoolWorker-5: Calling delphi to calculate conformer (390/575) LYS+1A0419_002 in /tmp/pbe_data.data.home.granepura.5-Kinases.Kinases_MCCE.Trial03.run_apo.3CS9_LYS+1A0419_002
ForkPoolWorker-2: Calling delphi to calculate conformer (391/575) SER01A0420_001 in /tmp/pbe_data.data.home.granepura.5-Kinases.Kinases_MCCE.Trial03.run_apo.3CS9_SER01A0420_001
ForkPoolWorker-1: Calling delphi to calculate conformer (392/575) SER01A0420_002 in /tmp/pbe_data.data.home.granepura.5-Kinases.Kinases_MCCE.Trial03.run_apo.3CS9_SER01A0420_002
ForkPoolWorker-4: Calling delphi to calculate conformer (393/575) SER01A0420_003 in /tmp/pbe_data.data.home.granepura.5-Kinases.Kinases_MCCE.Trial03.run_apo.3CS9_SER01A0420_003
ForkPoolWorker-3: Calling delphi to calculate conformer (394/575) ASP01A0421_001 in /tmp/pbe_data.data.home.granepura.5-Kinases.Kinases_MCCE.Trial03.run_apo.3CS9_ASP01A0421_001
ForkPoolWorker-5: Calling delphi to calculate conformer (395/575) ASP01A0421_002 in /tmp/pbe_data.data.home.granepura.5-Kinases.Kinases_MCCE.Trial03.run_apo.3CS9_ASP01A0421_002
ForkPoolWorker-2: Calling delphi to calculate conformer (396/575) ASP02A0421_003 in /tmp/pbe_data.data.home.granepura.5-Kinases.Kinases_MCCE.Trial03.run_apo.3CS9_ASP02A0421_003
ForkPoolWorker-4: Calling delphi to calculate conformer (397/575) ASP02A0421_004 in /tmp/pbe_data.data.home.granepura.5-Kinases.Kinases_MCCE.Trial03.run_apo.3CS9_ASP02A0421_004
ForkPoolWorker-1: Calling delphi to calculate conformer (398/575) ASP-1A0421_005 in /tmp/pbe_data.data.home.granepura.5-Kinases.Kinases_MCCE.Trial03.run_apo.3CS9_ASP-1A0421_005
Skipping PBE solver for non-charge conformer (399/575) VAL01A0422_001...
Skipping PBE solver for non-charge conformer (400/575) TRP01A0423_001...
Skipping PBE solver for non-charge conformer (401/575) ALA01A0424_001...
Skipping PBE solver for non-charge conformer (402/575) PHE01A0425_001...
Skipping PBE solver for non-charge conformer (403/575) VAL01A0427_001...
Skipping PBE solver for non-charge conformer (404/575) LEU01A0428_001...
Skipping PBE solver for non-charge conformer (405/575) LEU01A0429_001...
Skipping PBE solver for non-charge conformer (406/575) TRP01A0430_001...
ForkPoolWorker-3: Calling delphi to calculate conformer (408/575) GLU01A0431_002 in /tmp/pbe_data.data.home.granepura.5-Kinases.Kinases_MCCE.Trial03.run_apo.3CS9_GLU01A0431_002
ForkPoolWorker-5: Calling delphi to calculate conformer (407/575) GLU01A0431_001 in /tmp/pbe_data.data.home.granepura.5-Kinases.Kinases_MCCE.Trial03.run_apo.3CS9_GLU01A0431_001
ForkPoolWorker-2: Calling delphi to calculate conformer (409/575) GLU02A0431_003 in /tmp/pbe_data.data.home.granepura.5-Kinases.Kinases_MCCE.Trial03.run_apo.3CS9_GLU02A0431_003
ForkPoolWorker-1: Calling delphi to calculate conformer (410/575) GLU02A0431_004 in /tmp/pbe_data.data.home.granepura.5-Kinases.Kinases_MCCE.Trial03.run_apo.3CS9_GLU02A0431_004
ForkPoolWorker-4: Calling delphi to calculate conformer (411/575) GLU-1A0431_005 in /tmp/pbe_data.data.home.granepura.5-Kinases.Kinases_MCCE.Trial03.run_apo.3CS9_GLU-1A0431_005
Skipping PBE solver for non-charge conformer (412/575) ILE01A0432_001...
Skipping PBE solver for non-charge conformer (413/575) ALA01A0433_001...
ForkPoolWorker-5: Calling delphi to calculate conformer (414/575) THR01A0434_001 in /tmp/pbe_data.data.home.granepura.5-Kinases.Kinases_MCCE.Trial03.run_apo.3CS9_THR01A0434_001
ForkPoolWorker-3: Calling delphi to calculate conformer (415/575) THR01A0434_002 in /tmp/pbe_data.data.home.granepura.5-Kinases.Kinases_MCCE.Trial03.run_apo.3CS9_THR01A0434_002
ForkPoolWorker-2: Calling delphi to calculate conformer (416/575) TYR01A0435_001 in /tmp/pbe_data.data.home.granepura.5-Kinases.Kinases_MCCE.Trial03.run_apo.3CS9_TYR01A0435_001
ForkPoolWorker-4: Calling delphi to calculate conformer (417/575) TYR01A0435_002 in /tmp/pbe_data.data.home.granepura.5-Kinases.Kinases_MCCE.Trial03.run_apo.3CS9_TYR01A0435_002
ForkPoolWorker-1: Calling delphi to calculate conformer (418/575) TYR-1A0435_003 in /tmp/pbe_data.data.home.granepura.5-Kinases.Kinases_MCCE.Trial03.run_apo.3CS9_TYR-1A0435_003
ForkPoolWorker-5: Calling delphi to calculate conformer (419/575) MET01A0437_001 in /tmp/pbe_data.data.home.granepura.5-Kinases.Kinases_MCCE.Trial03.run_apo.3CS9_MET01A0437_001
ForkPoolWorker-3: Calling delphi to calculate conformer (420/575) SER01A0438_001 in /tmp/pbe_data.data.home.granepura.5-Kinases.Kinases_MCCE.Trial03.run_apo.3CS9_SER01A0438_001
Skipping PBE solver for non-charge conformer (421/575) PRO01A0439_001...
ForkPoolWorker-2: Calling delphi to calculate conformer (422/575) TYR01A0440_001 in /tmp/pbe_data.data.home.granepura.5-Kinases.Kinases_MCCE.Trial03.run_apo.3CS9_TYR01A0440_001
ForkPoolWorker-4: Calling delphi to calculate conformer (423/575) TYR01A0440_002 in /tmp/pbe_data.data.home.granepura.5-Kinases.Kinases_MCCE.Trial03.run_apo.3CS9_TYR01A0440_002
ForkPoolWorker-1: Calling delphi to calculate conformer (424/575) TYR-1A0440_003 in /tmp/pbe_data.data.home.granepura.5-Kinases.Kinases_MCCE.Trial03.run_apo.3CS9_TYR-1A0440_003
Skipping PBE solver for non-charge conformer (425/575) PRO01A0441_001...
Skipping PBE solver for non-charge conformer (426/575) ILE01A0443_001...
ForkPoolWorker-5: Calling delphi to calculate conformer (427/575) ASP01A0444_001 in /tmp/pbe_data.data.home.granepura.5-Kinases.Kinases_MCCE.Trial03.run_apo.3CS9_ASP01A0444_001
ForkPoolWorker-3: Calling delphi to calculate conformer (428/575) ASP01A0444_002 in /tmp/pbe_data.data.home.granepura.5-Kinases.Kinases_MCCE.Trial03.run_apo.3CS9_ASP01A0444_002
ForkPoolWorker-2: Calling delphi to calculate conformer (429/575) ASP01A0444_003 in /tmp/pbe_data.data.home.granepura.5-Kinases.Kinases_MCCE.Trial03.run_apo.3CS9_ASP01A0444_003
ForkPoolWorker-4: Calling delphi to calculate conformer (430/575) ASP02A0444_004 in /tmp/pbe_data.data.home.granepura.5-Kinases.Kinases_MCCE.Trial03.run_apo.3CS9_ASP02A0444_004
ForkPoolWorker-1: Calling delphi to calculate conformer (431/575) ASP02A0444_005 in /tmp/pbe_data.data.home.granepura.5-Kinases.Kinases_MCCE.Trial03.run_apo.3CS9_ASP02A0444_005
ForkPoolWorker-5: Calling delphi to calculate conformer (432/575) ASP02A0444_006 in /tmp/pbe_data.data.home.granepura.5-Kinases.Kinases_MCCE.Trial03.run_apo.3CS9_ASP02A0444_006
ForkPoolWorker-3: Calling delphi to calculate conformer (433/575) ASP-1A0444_007 in /tmp/pbe_data.data.home.granepura.5-Kinases.Kinases_MCCE.Trial03.run_apo.3CS9_ASP-1A0444_007
Skipping PBE solver for non-charge conformer (434/575) LEU01A0445_001...
ForkPoolWorker-2: Calling delphi to calculate conformer (435/575) SER01A0446_001 in /tmp/pbe_data.data.home.granepura.5-Kinases.Kinases_MCCE.Trial03.run_apo.3CS9_SER01A0446_001
ForkPoolWorker-4: Calling delphi to calculate conformer (436/575) SER01A0446_002 in /tmp/pbe_data.data.home.granepura.5-Kinases.Kinases_MCCE.Trial03.run_apo.3CS9_SER01A0446_002
ForkPoolWorker-1: Calling delphi to calculate conformer (437/575) GLN01A0447_001 in /tmp/pbe_data.data.home.granepura.5-Kinases.Kinases_MCCE.Trial03.run_apo.3CS9_GLN01A0447_001
ForkPoolWorker-5: Calling delphi to calculate conformer (438/575) GLN01A0447_002 in /tmp/pbe_data.data.home.granepura.5-Kinases.Kinases_MCCE.Trial03.run_apo.3CS9_GLN01A0447_002
Skipping PBE solver for non-charge conformer (439/575) VAL01A0448_001...
ForkPoolWorker-3: Calling delphi to calculate conformer (440/575) TYR01A0449_001 in /tmp/pbe_data.data.home.granepura.5-Kinases.Kinases_MCCE.Trial03.run_apo.3CS9_TYR01A0449_001
ForkPoolWorker-2: Calling delphi to calculate conformer (441/575) TYR01A0449_002 in /tmp/pbe_data.data.home.granepura.5-Kinases.Kinases_MCCE.Trial03.run_apo.3CS9_TYR01A0449_002
ForkPoolWorker-1: Calling delphi to calculate conformer (442/575) TYR-1A0449_003 in /tmp/pbe_data.data.home.granepura.5-Kinases.Kinases_MCCE.Trial03.run_apo.3CS9_TYR-1A0449_003
ForkPoolWorker-4: Calling delphi to calculate conformer (443/575) GLU01A0450_001 in /tmp/pbe_data.data.home.granepura.5-Kinases.Kinases_MCCE.Trial03.run_apo.3CS9_GLU01A0450_001
ForkPoolWorker-5: Calling delphi to calculate conformer (444/575) GLU01A0450_002 in /tmp/pbe_data.data.home.granepura.5-Kinases.Kinases_MCCE.Trial03.run_apo.3CS9_GLU01A0450_002
ForkPoolWorker-3: Calling delphi to calculate conformer (445/575) GLU02A0450_003 in /tmp/pbe_data.data.home.granepura.5-Kinases.Kinases_MCCE.Trial03.run_apo.3CS9_GLU02A0450_003
ForkPoolWorker-2: Calling delphi to calculate conformer (446/575) GLU02A0450_004 in /tmp/pbe_data.data.home.granepura.5-Kinases.Kinases_MCCE.Trial03.run_apo.3CS9_GLU02A0450_004
ForkPoolWorker-4: Calling delphi to calculate conformer (447/575) GLU-1A0450_005 in /tmp/pbe_data.data.home.granepura.5-Kinases.Kinases_MCCE.Trial03.run_apo.3CS9_GLU-1A0450_005
Skipping PBE solver for non-charge conformer (448/575) LEU01A0451_001...
Skipping PBE solver for non-charge conformer (449/575) LEU01A0452_001...
ForkPoolWorker-1: Calling delphi to calculate conformer (450/575) GLU01A0453_001 in /tmp/pbe_data.data.home.granepura.5-Kinases.Kinases_MCCE.Trial03.run_apo.3CS9_GLU01A0453_001
ForkPoolWorker-5: Calling delphi to calculate conformer (451/575) GLU01A0453_002 in /tmp/pbe_data.data.home.granepura.5-Kinases.Kinases_MCCE.Trial03.run_apo.3CS9_GLU01A0453_002
ForkPoolWorker-3: Calling delphi to calculate conformer (452/575) GLU02A0453_003 in /tmp/pbe_data.data.home.granepura.5-Kinases.Kinases_MCCE.Trial03.run_apo.3CS9_GLU02A0453_003
ForkPoolWorker-2: Calling delphi to calculate conformer (453/575) GLU02A0453_004 in /tmp/pbe_data.data.home.granepura.5-Kinases.Kinases_MCCE.Trial03.run_apo.3CS9_GLU02A0453_004
ForkPoolWorker-4: Calling delphi to calculate conformer (454/575) GLU-1A0453_005 in /tmp/pbe_data.data.home.granepura.5-Kinases.Kinases_MCCE.Trial03.run_apo.3CS9_GLU-1A0453_005
ForkPoolWorker-1: Calling delphi to calculate conformer (455/575) LYS01A0454_001 in /tmp/pbe_data.data.home.granepura.5-Kinases.Kinases_MCCE.Trial03.run_apo.3CS9_LYS01A0454_001
ForkPoolWorker-5: Calling delphi to calculate conformer (456/575) LYS+1A0454_002 in /tmp/pbe_data.data.home.granepura.5-Kinases.Kinases_MCCE.Trial03.run_apo.3CS9_LYS+1A0454_002
ForkPoolWorker-3: Calling delphi to calculate conformer (457/575) ASP01A0455_001 in /tmp/pbe_data.data.home.granepura.5-Kinases.Kinases_MCCE.Trial03.run_apo.3CS9_ASP01A0455_001
ForkPoolWorker-2: Calling delphi to calculate conformer (458/575) ASP01A0455_002 in /tmp/pbe_data.data.home.granepura.5-Kinases.Kinases_MCCE.Trial03.run_apo.3CS9_ASP01A0455_002
ForkPoolWorker-4: Calling delphi to calculate conformer (459/575) ASP02A0455_003 in /tmp/pbe_data.data.home.granepura.5-Kinases.Kinases_MCCE.Trial03.run_apo.3CS9_ASP02A0455_003
ForkPoolWorker-1: Calling delphi to calculate conformer (460/575) ASP02A0455_004 in /tmp/pbe_data.data.home.granepura.5-Kinases.Kinases_MCCE.Trial03.run_apo.3CS9_ASP02A0455_004
ForkPoolWorker-5: Calling delphi to calculate conformer (461/575) ASP-1A0455_005 in /tmp/pbe_data.data.home.granepura.5-Kinases.Kinases_MCCE.Trial03.run_apo.3CS9_ASP-1A0455_005
ForkPoolWorker-3: Calling delphi to calculate conformer (462/575) TYR01A0456_001 in /tmp/pbe_data.data.home.granepura.5-Kinases.Kinases_MCCE.Trial03.run_apo.3CS9_TYR01A0456_001
ForkPoolWorker-2: Calling delphi to calculate conformer (463/575) TYR-1A0456_002 in /tmp/pbe_data.data.home.granepura.5-Kinases.Kinases_MCCE.Trial03.run_apo.3CS9_TYR-1A0456_002
ForkPoolWorker-4: Calling delphi to calculate conformer (464/575) ARG01A0457_001 in /tmp/pbe_data.data.home.granepura.5-Kinases.Kinases_MCCE.Trial03.run_apo.3CS9_ARG01A0457_001
ForkPoolWorker-1: Calling delphi to calculate conformer (465/575) ARG02A0457_002 in /tmp/pbe_data.data.home.granepura.5-Kinases.Kinases_MCCE.Trial03.run_apo.3CS9_ARG02A0457_002
ForkPoolWorker-5: Calling delphi to calculate conformer (466/575) ARG02A0457_003 in /tmp/pbe_data.data.home.granepura.5-Kinases.Kinases_MCCE.Trial03.run_apo.3CS9_ARG02A0457_003
ForkPoolWorker-3: Calling delphi to calculate conformer (467/575) ARG03A0457_004 in /tmp/pbe_data.data.home.granepura.5-Kinases.Kinases_MCCE.Trial03.run_apo.3CS9_ARG03A0457_004
ForkPoolWorker-2: Calling delphi to calculate conformer (468/575) ARG+1A0457_005 in /tmp/pbe_data.data.home.granepura.5-Kinases.Kinases_MCCE.Trial03.run_apo.3CS9_ARG+1A0457_005
ForkPoolWorker-4: Calling delphi to calculate conformer (469/575) MET01A0458_001 in /tmp/pbe_data.data.home.granepura.5-Kinases.Kinases_MCCE.Trial03.run_apo.3CS9_MET01A0458_001
ForkPoolWorker-1: Calling delphi to calculate conformer (470/575) GLU01A0459_001 in /tmp/pbe_data.data.home.granepura.5-Kinases.Kinases_MCCE.Trial03.run_apo.3CS9_GLU01A0459_001
ForkPoolWorker-5: Calling delphi to calculate conformer (471/575) GLU01A0459_002 in /tmp/pbe_data.data.home.granepura.5-Kinases.Kinases_MCCE.Trial03.run_apo.3CS9_GLU01A0459_002
ForkPoolWorker-3: Calling delphi to calculate conformer (472/575) GLU02A0459_003 in /tmp/pbe_data.data.home.granepura.5-Kinases.Kinases_MCCE.Trial03.run_apo.3CS9_GLU02A0459_003
ForkPoolWorker-2: Calling delphi to calculate conformer (473/575) GLU02A0459_004 in /tmp/pbe_data.data.home.granepura.5-Kinases.Kinases_MCCE.Trial03.run_apo.3CS9_GLU02A0459_004
ForkPoolWorker-1: Calling delphi to calculate conformer (474/575) GLU-1A0459_005 in /tmp/pbe_data.data.home.granepura.5-Kinases.Kinases_MCCE.Trial03.run_apo.3CS9_GLU-1A0459_005
ForkPoolWorker-4: Calling delphi to calculate conformer (475/575) ARG01A0460_001 in /tmp/pbe_data.data.home.granepura.5-Kinases.Kinases_MCCE.Trial03.run_apo.3CS9_ARG01A0460_001
ForkPoolWorker-5: Calling delphi to calculate conformer (476/575) ARG02A0460_002 in /tmp/pbe_data.data.home.granepura.5-Kinases.Kinases_MCCE.Trial03.run_apo.3CS9_ARG02A0460_002
ForkPoolWorker-3: Calling delphi to calculate conformer (477/575) ARG03A0460_003 in /tmp/pbe_data.data.home.granepura.5-Kinases.Kinases_MCCE.Trial03.run_apo.3CS9_ARG03A0460_003
ForkPoolWorker-2: Calling delphi to calculate conformer (478/575) ARG+1A0460_004 in /tmp/pbe_data.data.home.granepura.5-Kinases.Kinases_MCCE.Trial03.run_apo.3CS9_ARG+1A0460_004
Skipping PBE solver for non-charge conformer (479/575) PRO01A0461_001...
ForkPoolWorker-1: Calling delphi to calculate conformer (480/575) GLU01A0462_001 in /tmp/pbe_data.data.home.granepura.5-Kinases.Kinases_MCCE.Trial03.run_apo.3CS9_GLU01A0462_001
ForkPoolWorker-4: Calling delphi to calculate conformer (481/575) GLU01A0462_002 in /tmp/pbe_data.data.home.granepura.5-Kinases.Kinases_MCCE.Trial03.run_apo.3CS9_GLU01A0462_002
ForkPoolWorker-5: Calling delphi to calculate conformer (482/575) GLU02A0462_003 in /tmp/pbe_data.data.home.granepura.5-Kinases.Kinases_MCCE.Trial03.run_apo.3CS9_GLU02A0462_003
ForkPoolWorker-3: Calling delphi to calculate conformer (483/575) GLU02A0462_004 in /tmp/pbe_data.data.home.granepura.5-Kinases.Kinases_MCCE.Trial03.run_apo.3CS9_GLU02A0462_004
ForkPoolWorker-2: Calling delphi to calculate conformer (484/575) GLU-1A0462_005 in /tmp/pbe_data.data.home.granepura.5-Kinases.Kinases_MCCE.Trial03.run_apo.3CS9_GLU-1A0462_005
ForkPoolWorker-1: Calling delphi to calculate conformer (485/575) CYS01A0464_001 in /tmp/pbe_data.data.home.granepura.5-Kinases.Kinases_MCCE.Trial03.run_apo.3CS9_CYS01A0464_001
ForkPoolWorker-4: Calling delphi to calculate conformer (486/575) CYS01A0464_002 in /tmp/pbe_data.data.home.granepura.5-Kinases.Kinases_MCCE.Trial03.run_apo.3CS9_CYS01A0464_002
ForkPoolWorker-5: Calling delphi to calculate conformer (487/575) CYS01A0464_003 in /tmp/pbe_data.data.home.granepura.5-Kinases.Kinases_MCCE.Trial03.run_apo.3CS9_CYS01A0464_003
ForkPoolWorker-3: Calling delphi to calculate conformer (488/575) CYS-1A0464_004 in /tmp/pbe_data.data.home.granepura.5-Kinases.Kinases_MCCE.Trial03.run_apo.3CS9_CYS-1A0464_004
Skipping PBE solver for non-charge conformer (489/575) PRO01A0465_001...
ForkPoolWorker-2: Calling delphi to calculate conformer (490/575) GLU01A0466_001 in /tmp/pbe_data.data.home.granepura.5-Kinases.Kinases_MCCE.Trial03.run_apo.3CS9_GLU01A0466_001
ForkPoolWorker-1: Calling delphi to calculate conformer (491/575) GLU01A0466_002 in /tmp/pbe_data.data.home.granepura.5-Kinases.Kinases_MCCE.Trial03.run_apo.3CS9_GLU01A0466_002
ForkPoolWorker-4: Calling delphi to calculate conformer (492/575) GLU02A0466_003 in /tmp/pbe_data.data.home.granepura.5-Kinases.Kinases_MCCE.Trial03.run_apo.3CS9_GLU02A0466_003
ForkPoolWorker-5: Calling delphi to calculate conformer (493/575) GLU02A0466_004 in /tmp/pbe_data.data.home.granepura.5-Kinases.Kinases_MCCE.Trial03.run_apo.3CS9_GLU02A0466_004
ForkPoolWorker-3: Calling delphi to calculate conformer (494/575) GLU-1A0466_005 in /tmp/pbe_data.data.home.granepura.5-Kinases.Kinases_MCCE.Trial03.run_apo.3CS9_GLU-1A0466_005
ForkPoolWorker-2: Calling delphi to calculate conformer (495/575) LYS01A0467_001 in /tmp/pbe_data.data.home.granepura.5-Kinases.Kinases_MCCE.Trial03.run_apo.3CS9_LYS01A0467_001
ForkPoolWorker-1: Calling delphi to calculate conformer (496/575) LYS+1A0467_002 in /tmp/pbe_data.data.home.granepura.5-Kinases.Kinases_MCCE.Trial03.run_apo.3CS9_LYS+1A0467_002
Skipping PBE solver for non-charge conformer (497/575) VAL01A0468_001...
ForkPoolWorker-4: Calling delphi to calculate conformer (498/575) TYR01A0469_001 in /tmp/pbe_data.data.home.granepura.5-Kinases.Kinases_MCCE.Trial03.run_apo.3CS9_TYR01A0469_001
ForkPoolWorker-5: Calling delphi to calculate conformer (499/575) TYR01A0469_002 in /tmp/pbe_data.data.home.granepura.5-Kinases.Kinases_MCCE.Trial03.run_apo.3CS9_TYR01A0469_002
ForkPoolWorker-3: Calling delphi to calculate conformer (500/575) TYR-1A0469_003 in /tmp/pbe_data.data.home.granepura.5-Kinases.Kinases_MCCE.Trial03.run_apo.3CS9_TYR-1A0469_003
ForkPoolWorker-2: Calling delphi to calculate conformer (501/575) GLU01A0470_001 in /tmp/pbe_data.data.home.granepura.5-Kinases.Kinases_MCCE.Trial03.run_apo.3CS9_GLU01A0470_001
ForkPoolWorker-1: Calling delphi to calculate conformer (502/575) GLU01A0470_002 in /tmp/pbe_data.data.home.granepura.5-Kinases.Kinases_MCCE.Trial03.run_apo.3CS9_GLU01A0470_002
ForkPoolWorker-4: Calling delphi to calculate conformer (503/575) GLU02A0470_003 in /tmp/pbe_data.data.home.granepura.5-Kinases.Kinases_MCCE.Trial03.run_apo.3CS9_GLU02A0470_003
ForkPoolWorker-5: Calling delphi to calculate conformer (504/575) GLU02A0470_004 in /tmp/pbe_data.data.home.granepura.5-Kinases.Kinases_MCCE.Trial03.run_apo.3CS9_GLU02A0470_004
ForkPoolWorker-3: Calling delphi to calculate conformer (505/575) GLU-1A0470_005 in /tmp/pbe_data.data.home.granepura.5-Kinases.Kinases_MCCE.Trial03.run_apo.3CS9_GLU-1A0470_005
Skipping PBE solver for non-charge conformer (506/575) LEU01A0471_001...
ForkPoolWorker-2: Calling delphi to calculate conformer (507/575) MET01A0472_001 in /tmp/pbe_data.data.home.granepura.5-Kinases.Kinases_MCCE.Trial03.run_apo.3CS9_MET01A0472_001
ForkPoolWorker-1: Calling delphi to calculate conformer (508/575) ARG01A0473_001 in /tmp/pbe_data.data.home.granepura.5-Kinases.Kinases_MCCE.Trial03.run_apo.3CS9_ARG01A0473_001
ForkPoolWorker-4: Calling delphi to calculate conformer (509/575) ARG02A0473_002 in /tmp/pbe_data.data.home.granepura.5-Kinases.Kinases_MCCE.Trial03.run_apo.3CS9_ARG02A0473_002
ForkPoolWorker-5: Calling delphi to calculate conformer (510/575) ARG03A0473_003 in /tmp/pbe_data.data.home.granepura.5-Kinases.Kinases_MCCE.Trial03.run_apo.3CS9_ARG03A0473_003
ForkPoolWorker-3: Calling delphi to calculate conformer (511/575) ARG03A0473_004 in /tmp/pbe_data.data.home.granepura.5-Kinases.Kinases_MCCE.Trial03.run_apo.3CS9_ARG03A0473_004
ForkPoolWorker-2: Calling delphi to calculate conformer (512/575) ARG+1A0473_005 in /tmp/pbe_data.data.home.granepura.5-Kinases.Kinases_MCCE.Trial03.run_apo.3CS9_ARG+1A0473_005
Skipping PBE solver for non-charge conformer (513/575) ALA01A0474_001...
ForkPoolWorker-1: Calling delphi to calculate conformer (514/575) CYS01A0475_001 in /tmp/pbe_data.data.home.granepura.5-Kinases.Kinases_MCCE.Trial03.run_apo.3CS9_CYS01A0475_001
ForkPoolWorker-4: Calling delphi to calculate conformer (515/575) CYS01A0475_002 in /tmp/pbe_data.data.home.granepura.5-Kinases.Kinases_MCCE.Trial03.run_apo.3CS9_CYS01A0475_002
ForkPoolWorker-5: Calling delphi to calculate conformer (516/575) CYS01A0475_003 in /tmp/pbe_data.data.home.granepura.5-Kinases.Kinases_MCCE.Trial03.run_apo.3CS9_CYS01A0475_003
ForkPoolWorker-3: Calling delphi to calculate conformer (517/575) CYS-1A0475_004 in /tmp/pbe_data.data.home.granepura.5-Kinases.Kinases_MCCE.Trial03.run_apo.3CS9_CYS-1A0475_004
Skipping PBE solver for non-charge conformer (518/575) TRP01A0476_001...
ForkPoolWorker-2: Calling delphi to calculate conformer (519/575) GLN01A0477_001 in /tmp/pbe_data.data.home.granepura.5-Kinases.Kinases_MCCE.Trial03.run_apo.3CS9_GLN01A0477_001
ForkPoolWorker-1: Calling delphi to calculate conformer (520/575) GLN01A0477_002 in /tmp/pbe_data.data.home.granepura.5-Kinases.Kinases_MCCE.Trial03.run_apo.3CS9_GLN01A0477_002
Skipping PBE solver for non-charge conformer (521/575) TRP01A0478_001...
ForkPoolWorker-4: Calling delphi to calculate conformer (522/575) ASN01A0479_001 in /tmp/pbe_data.data.home.granepura.5-Kinases.Kinases_MCCE.Trial03.run_apo.3CS9_ASN01A0479_001
ForkPoolWorker-5: Calling delphi to calculate conformer (523/575) ASN01A0479_002 in /tmp/pbe_data.data.home.granepura.5-Kinases.Kinases_MCCE.Trial03.run_apo.3CS9_ASN01A0479_002
Skipping PBE solver for non-charge conformer (524/575) PRO01A0480_001...
ForkPoolWorker-3: Calling delphi to calculate conformer (525/575) SER01A0481_001 in /tmp/pbe_data.data.home.granepura.5-Kinases.Kinases_MCCE.Trial03.run_apo.3CS9_SER01A0481_001
ForkPoolWorker-2: Calling delphi to calculate conformer (526/575) ASP01A0482_001 in /tmp/pbe_data.data.home.granepura.5-Kinases.Kinases_MCCE.Trial03.run_apo.3CS9_ASP01A0482_001
ForkPoolWorker-1: Calling delphi to calculate conformer (527/575) ASP01A0482_002 in /tmp/pbe_data.data.home.granepura.5-Kinases.Kinases_MCCE.Trial03.run_apo.3CS9_ASP01A0482_002
ForkPoolWorker-4: Calling delphi to calculate conformer (528/575) ASP02A0482_003 in /tmp/pbe_data.data.home.granepura.5-Kinases.Kinases_MCCE.Trial03.run_apo.3CS9_ASP02A0482_003
ForkPoolWorker-5: Calling delphi to calculate conformer (529/575) ASP02A0482_004 in /tmp/pbe_data.data.home.granepura.5-Kinases.Kinases_MCCE.Trial03.run_apo.3CS9_ASP02A0482_004
ForkPoolWorker-3: Calling delphi to calculate conformer (530/575) ASP-1A0482_005 in /tmp/pbe_data.data.home.granepura.5-Kinases.Kinases_MCCE.Trial03.run_apo.3CS9_ASP-1A0482_005
ForkPoolWorker-2: Calling delphi to calculate conformer (531/575) ARG01A0483_001 in /tmp/pbe_data.data.home.granepura.5-Kinases.Kinases_MCCE.Trial03.run_apo.3CS9_ARG01A0483_001
ForkPoolWorker-1: Calling delphi to calculate conformer (532/575) ARG02A0483_002 in /tmp/pbe_data.data.home.granepura.5-Kinases.Kinases_MCCE.Trial03.run_apo.3CS9_ARG02A0483_002
ForkPoolWorker-4: Calling delphi to calculate conformer (533/575) ARG02A0483_003 in /tmp/pbe_data.data.home.granepura.5-Kinases.Kinases_MCCE.Trial03.run_apo.3CS9_ARG02A0483_003
ForkPoolWorker-5: Calling delphi to calculate conformer (534/575) ARG03A0483_004 in /tmp/pbe_data.data.home.granepura.5-Kinases.Kinases_MCCE.Trial03.run_apo.3CS9_ARG03A0483_004
ForkPoolWorker-3: Calling delphi to calculate conformer (535/575) ARG03A0483_005 in /tmp/pbe_data.data.home.granepura.5-Kinases.Kinases_MCCE.Trial03.run_apo.3CS9_ARG03A0483_005
ForkPoolWorker-2: Calling delphi to calculate conformer (536/575) ARG+1A0483_006 in /tmp/pbe_data.data.home.granepura.5-Kinases.Kinases_MCCE.Trial03.run_apo.3CS9_ARG+1A0483_006
Skipping PBE solver for non-charge conformer (537/575) PRO01A0484_001...
ForkPoolWorker-1: Calling delphi to calculate conformer (538/575) SER01A0485_001 in /tmp/pbe_data.data.home.granepura.5-Kinases.Kinases_MCCE.Trial03.run_apo.3CS9_SER01A0485_001
ForkPoolWorker-4: Calling delphi to calculate conformer (539/575) SER01A0485_002 in /tmp/pbe_data.data.home.granepura.5-Kinases.Kinases_MCCE.Trial03.run_apo.3CS9_SER01A0485_002
ForkPoolWorker-5: Calling delphi to calculate conformer (540/575) SER01A0485_003 in /tmp/pbe_data.data.home.granepura.5-Kinases.Kinases_MCCE.Trial03.run_apo.3CS9_SER01A0485_003
Skipping PBE solver for non-charge conformer (541/575) PHE01A0486_001...
Skipping PBE solver for non-charge conformer (542/575) ALA01A0487_001...
ForkPoolWorker-3: Calling delphi to calculate conformer (543/575) GLU01A0488_001 in /tmp/pbe_data.data.home.granepura.5-Kinases.Kinases_MCCE.Trial03.run_apo.3CS9_GLU01A0488_001
ForkPoolWorker-2: Calling delphi to calculate conformer (544/575) GLU01A0488_002 in /tmp/pbe_data.data.home.granepura.5-Kinases.Kinases_MCCE.Trial03.run_apo.3CS9_GLU01A0488_002
ForkPoolWorker-1: Calling delphi to calculate conformer (545/575) GLU02A0488_003 in /tmp/pbe_data.data.home.granepura.5-Kinases.Kinases_MCCE.Trial03.run_apo.3CS9_GLU02A0488_003
ForkPoolWorker-4: Calling delphi to calculate conformer (546/575) GLU02A0488_004 in /tmp/pbe_data.data.home.granepura.5-Kinases.Kinases_MCCE.Trial03.run_apo.3CS9_GLU02A0488_004
ForkPoolWorker-5: Calling delphi to calculate conformer (547/575) GLU-1A0488_005 in /tmp/pbe_data.data.home.granepura.5-Kinases.Kinases_MCCE.Trial03.run_apo.3CS9_GLU-1A0488_005
Skipping PBE solver for non-charge conformer (548/575) ILE01A0489_001...
ForkPoolWorker-3: Calling delphi to calculate conformer (549/575) HIS01A0490_001 in /tmp/pbe_data.data.home.granepura.5-Kinases.Kinases_MCCE.Trial03.run_apo.3CS9_HIS01A0490_001
ForkPoolWorker-2: Calling delphi to calculate conformer (550/575) HIS01A0490_002 in /tmp/pbe_data.data.home.granepura.5-Kinases.Kinases_MCCE.Trial03.run_apo.3CS9_HIS01A0490_002
ForkPoolWorker-4: Calling delphi to calculate conformer (552/575) HIS02A0490_004 in /tmp/pbe_data.data.home.granepura.5-Kinases.Kinases_MCCE.Trial03.run_apo.3CS9_HIS02A0490_004
ForkPoolWorker-1: Calling delphi to calculate conformer (551/575) HIS02A0490_003 in /tmp/pbe_data.data.home.granepura.5-Kinases.Kinases_MCCE.Trial03.run_apo.3CS9_HIS02A0490_003
ForkPoolWorker-5: Calling delphi to calculate conformer (553/575) HIS+1A0490_005 in /tmp/pbe_data.data.home.granepura.5-Kinases.Kinases_MCCE.Trial03.run_apo.3CS9_HIS+1A0490_005
ForkPoolWorker-3: Calling delphi to calculate conformer (554/575) HIS+1A0490_006 in /tmp/pbe_data.data.home.granepura.5-Kinases.Kinases_MCCE.Trial03.run_apo.3CS9_HIS+1A0490_006
ForkPoolWorker-2: Calling delphi to calculate conformer (555/575) GLN01A0491_001 in /tmp/pbe_data.data.home.granepura.5-Kinases.Kinases_MCCE.Trial03.run_apo.3CS9_GLN01A0491_001
ForkPoolWorker-1: Calling delphi to calculate conformer (556/575) GLN01A0491_002 in /tmp/pbe_data.data.home.granepura.5-Kinases.Kinases_MCCE.Trial03.run_apo.3CS9_GLN01A0491_002
Skipping PBE solver for non-charge conformer (557/575) ALA01A0492_001...
Skipping PBE solver for non-charge conformer (558/575) PHE01A0493_001...
ForkPoolWorker-4: Calling delphi to calculate conformer (559/575) GLU01A0494_001 in /tmp/pbe_data.data.home.granepura.5-Kinases.Kinases_MCCE.Trial03.run_apo.3CS9_GLU01A0494_001
ForkPoolWorker-5: Calling delphi to calculate conformer (560/575) GLU01A0494_002 in /tmp/pbe_data.data.home.granepura.5-Kinases.Kinases_MCCE.Trial03.run_apo.3CS9_GLU01A0494_002
ForkPoolWorker-3: Calling delphi to calculate conformer (561/575) GLU02A0494_003 in /tmp/pbe_data.data.home.granepura.5-Kinases.Kinases_MCCE.Trial03.run_apo.3CS9_GLU02A0494_003
ForkPoolWorker-2: Calling delphi to calculate conformer (562/575) GLU02A0494_004 in /tmp/pbe_data.data.home.granepura.5-Kinases.Kinases_MCCE.Trial03.run_apo.3CS9_GLU02A0494_004
ForkPoolWorker-1: Calling delphi to calculate conformer (563/575) GLU-1A0494_005 in /tmp/pbe_data.data.home.granepura.5-Kinases.Kinases_MCCE.Trial03.run_apo.3CS9_GLU-1A0494_005
ForkPoolWorker-4: Calling delphi to calculate conformer (564/575) THR01A0495_001 in /tmp/pbe_data.data.home.granepura.5-Kinases.Kinases_MCCE.Trial03.run_apo.3CS9_THR01A0495_001
ForkPoolWorker-5: Calling delphi to calculate conformer (565/575) THR01A0495_002 in /tmp/pbe_data.data.home.granepura.5-Kinases.Kinases_MCCE.Trial03.run_apo.3CS9_THR01A0495_002
ForkPoolWorker-3: Calling delphi to calculate conformer (566/575) MET01A0496_001 in /tmp/pbe_data.data.home.granepura.5-Kinases.Kinases_MCCE.Trial03.run_apo.3CS9_MET01A0496_001
Skipping PBE solver for non-charge conformer (567/575) PHE01A0497_001...
ForkPoolWorker-2: Calling delphi to calculate conformer (568/575) GLN01A0498_001 in /tmp/pbe_data.data.home.granepura.5-Kinases.Kinases_MCCE.Trial03.run_apo.3CS9_GLN01A0498_001
ForkPoolWorker-1: Calling delphi to calculate conformer (569/575) GLN01A0498_002 in /tmp/pbe_data.data.home.granepura.5-Kinases.Kinases_MCCE.Trial03.run_apo.3CS9_GLN01A0498_002
ForkPoolWorker-4: Calling delphi to calculate conformer (570/575) GLU01A0499_001 in /tmp/pbe_data.data.home.granepura.5-Kinases.Kinases_MCCE.Trial03.run_apo.3CS9_GLU01A0499_001
ForkPoolWorker-5: Calling delphi to calculate conformer (571/575) GLU01A0499_002 in /tmp/pbe_data.data.home.granepura.5-Kinases.Kinases_MCCE.Trial03.run_apo.3CS9_GLU01A0499_002
ForkPoolWorker-3: Calling delphi to calculate conformer (572/575) GLU02A0499_003 in /tmp/pbe_data.data.home.granepura.5-Kinases.Kinases_MCCE.Trial03.run_apo.3CS9_GLU02A0499_003
ForkPoolWorker-2: Calling delphi to calculate conformer (573/575) GLU02A0499_004 in /tmp/pbe_data.data.home.granepura.5-Kinases.Kinases_MCCE.Trial03.run_apo.3CS9_GLU02A0499_004
ForkPoolWorker-1: Calling delphi to calculate conformer (574/575) GLU-1A0499_005 in /tmp/pbe_data.data.home.granepura.5-Kinases.Kinases_MCCE.Trial03.run_apo.3CS9_GLU-1A0499_005
ForkPoolWorker-4: Calling delphi to calculate conformer (575/575) SER01A0500_001 in /tmp/pbe_data.data.home.granepura.5-Kinases.Kinases_MCCE.Trial03.run_apo.3CS9_SER01A0500_001
