INFO - step3.py: Step 3. Energies calculation with PBE solver.
INFO - step3.py: Calling new VDW....No Scaling Applied
INFO - step3.py:    Process run time options & convert step2_out.pdb.
INFO - step3.py:    Prepare input for PB solver.
INFO - step3.py:    Time needed: 0 seconds.
INFO - step3.py:    Set up parallel envrionment and run PB solver.
INFO - step3.py:    Running PBE solver in 5 threads
!!! Detected an existing run.prm.
If you intend to use this run.prm, either use mcce directly or rename run.prm and use "-load_runprm" to load it.
For now, run.prm is overwritten and will be restored at the end of this program. 

Warning: VDW_RAD SO401 " HO1" not defined in RADIUS parameter
Warning: VDW_RAD SO401 " HO2" not defined in RADIUS parameter
Warning: VDW_RAD SO4-1 " HO1" not defined in RADIUS parameter
INFO - step3.py: ForkPoolWorker-1: Calling delphi to calculate conformer (1/674) GLU01A0697_001 in /tmp/pbe_data.data.home.granepura.5-Kinases.Kinases_MCCE.Trial03.run_holo.2ITO_GLU01A0697_001
INFO - step3.py: ForkPoolWorker-5: Calling delphi to calculate conformer (5/674) GLU-1A0697_005 in /tmp/pbe_data.data.home.granepura.5-Kinases.Kinases_MCCE.Trial03.run_holo.2ITO_GLU-1A0697_005
INFO - step3.py: ForkPoolWorker-2: Calling delphi to calculate conformer (2/674) GLU01A0697_002 in /tmp/pbe_data.data.home.granepura.5-Kinases.Kinases_MCCE.Trial03.run_holo.2ITO_GLU01A0697_002
INFO - step3.py: ForkPoolWorker-4: Calling delphi to calculate conformer (4/674) GLU02A0697_004 in /tmp/pbe_data.data.home.granepura.5-Kinases.Kinases_MCCE.Trial03.run_holo.2ITO_GLU02A0697_004
INFO - step3.py: ForkPoolWorker-3: Calling delphi to calculate conformer (3/674) GLU02A0697_003 in /tmp/pbe_data.data.home.granepura.5-Kinases.Kinases_MCCE.Trial03.run_holo.2ITO_GLU02A0697_003
INFO - step3.py: Skipping PBE solver for non-charge conformer (6/674) ALA01A0698_001...
INFO - step3.py: Skipping PBE solver for non-charge conformer (7/674) PRO01A0699_001...
INFO - step3.py: ForkPoolWorker-2: Calling delphi to calculate conformer (8/674) ASN01A0700_001 in /tmp/pbe_data.data.home.granepura.5-Kinases.Kinases_MCCE.Trial03.run_holo.2ITO_ASN01A0700_001
INFO - step3.py: ForkPoolWorker-5: Calling delphi to calculate conformer (9/674) ASN01A0700_002 in /tmp/pbe_data.data.home.granepura.5-Kinases.Kinases_MCCE.Trial03.run_holo.2ITO_ASN01A0700_002
INFO - step3.py: ForkPoolWorker-4: Calling delphi to calculate conformer (10/674) ASN01A0700_003 in /tmp/pbe_data.data.home.granepura.5-Kinases.Kinases_MCCE.Trial03.run_holo.2ITO_ASN01A0700_003
INFO - step3.py: ForkPoolWorker-3: Calling delphi to calculate conformer (11/674) GLN01A0701_001 in /tmp/pbe_data.data.home.granepura.5-Kinases.Kinases_MCCE.Trial03.run_holo.2ITO_GLN01A0701_001
INFO - step3.py: ForkPoolWorker-1: Calling delphi to calculate conformer (12/674) GLN01A0701_002 in /tmp/pbe_data.data.home.granepura.5-Kinases.Kinases_MCCE.Trial03.run_holo.2ITO_GLN01A0701_002
INFO - step3.py: Skipping PBE solver for non-charge conformer (13/674) ALA01A0702_001...
INFO - step3.py: Skipping PBE solver for non-charge conformer (14/674) LEU01A0703_001...
INFO - step3.py: Skipping PBE solver for non-charge conformer (15/674) LEU01A0704_001...
INFO - step3.py: ForkPoolWorker-2: Calling delphi to calculate conformer (16/674) ARG01A0705_001 in /tmp/pbe_data.data.home.granepura.5-Kinases.Kinases_MCCE.Trial03.run_holo.2ITO_ARG01A0705_001
INFO - step3.py: ForkPoolWorker-5: Calling delphi to calculate conformer (17/674) ARG01A0705_002 in /tmp/pbe_data.data.home.granepura.5-Kinases.Kinases_MCCE.Trial03.run_holo.2ITO_ARG01A0705_002
INFO - step3.py: ForkPoolWorker-3: Calling delphi to calculate conformer (18/674) ARG02A0705_003 in /tmp/pbe_data.data.home.granepura.5-Kinases.Kinases_MCCE.Trial03.run_holo.2ITO_ARG02A0705_003
INFO - step3.py: ForkPoolWorker-4: Calling delphi to calculate conformer (19/674) ARG02A0705_004 in /tmp/pbe_data.data.home.granepura.5-Kinases.Kinases_MCCE.Trial03.run_holo.2ITO_ARG02A0705_004
INFO - step3.py: ForkPoolWorker-1: Calling delphi to calculate conformer (20/674) ARG02A0705_005 in /tmp/pbe_data.data.home.granepura.5-Kinases.Kinases_MCCE.Trial03.run_holo.2ITO_ARG02A0705_005
INFO - step3.py: ForkPoolWorker-2: Calling delphi to calculate conformer (21/674) ARG02A0705_006 in /tmp/pbe_data.data.home.granepura.5-Kinases.Kinases_MCCE.Trial03.run_holo.2ITO_ARG02A0705_006
INFO - step3.py: ForkPoolWorker-3: Calling delphi to calculate conformer (22/674) ARG03A0705_007 in /tmp/pbe_data.data.home.granepura.5-Kinases.Kinases_MCCE.Trial03.run_holo.2ITO_ARG03A0705_007
INFO - step3.py: ForkPoolWorker-4: Calling delphi to calculate conformer (23/674) ARG03A0705_008 in /tmp/pbe_data.data.home.granepura.5-Kinases.Kinases_MCCE.Trial03.run_holo.2ITO_ARG03A0705_008
INFO - step3.py: ForkPoolWorker-5: Calling delphi to calculate conformer (24/674) ARG03A0705_009 in /tmp/pbe_data.data.home.granepura.5-Kinases.Kinases_MCCE.Trial03.run_holo.2ITO_ARG03A0705_009
INFO - step3.py: ForkPoolWorker-1: Calling delphi to calculate conformer (25/674) ARG+1A0705_010 in /tmp/pbe_data.data.home.granepura.5-Kinases.Kinases_MCCE.Trial03.run_holo.2ITO_ARG+1A0705_010
INFO - step3.py: ForkPoolWorker-2: Calling delphi to calculate conformer (26/674) ARG+1A0705_011 in /tmp/pbe_data.data.home.granepura.5-Kinases.Kinases_MCCE.Trial03.run_holo.2ITO_ARG+1A0705_011
INFO - step3.py: Skipping PBE solver for non-charge conformer (27/674) ILE01A0706_001...
INFO - step3.py: Skipping PBE solver for non-charge conformer (28/674) LEU01A0707_001...
INFO - step3.py: ForkPoolWorker-3: Calling delphi to calculate conformer (29/674) LYS01A0708_001 in /tmp/pbe_data.data.home.granepura.5-Kinases.Kinases_MCCE.Trial03.run_holo.2ITO_LYS01A0708_001
INFO - step3.py: ForkPoolWorker-4: Calling delphi to calculate conformer (30/674) LYS+1A0708_002 in /tmp/pbe_data.data.home.granepura.5-Kinases.Kinases_MCCE.Trial03.run_holo.2ITO_LYS+1A0708_002
INFO - step3.py: ForkPoolWorker-5: Calling delphi to calculate conformer (31/674) GLU01A0709_001 in /tmp/pbe_data.data.home.granepura.5-Kinases.Kinases_MCCE.Trial03.run_holo.2ITO_GLU01A0709_001
INFO - step3.py: ForkPoolWorker-1: Calling delphi to calculate conformer (32/674) GLU01A0709_002 in /tmp/pbe_data.data.home.granepura.5-Kinases.Kinases_MCCE.Trial03.run_holo.2ITO_GLU01A0709_002
INFO - step3.py: ForkPoolWorker-2: Calling delphi to calculate conformer (33/674) GLU02A0709_003 in /tmp/pbe_data.data.home.granepura.5-Kinases.Kinases_MCCE.Trial03.run_holo.2ITO_GLU02A0709_003
INFO - step3.py: ForkPoolWorker-3: Calling delphi to calculate conformer (34/674) GLU02A0709_004 in /tmp/pbe_data.data.home.granepura.5-Kinases.Kinases_MCCE.Trial03.run_holo.2ITO_GLU02A0709_004
INFO - step3.py: ForkPoolWorker-4: Calling delphi to calculate conformer (35/674) GLU-1A0709_005 in /tmp/pbe_data.data.home.granepura.5-Kinases.Kinases_MCCE.Trial03.run_holo.2ITO_GLU-1A0709_005
INFO - step3.py: ForkPoolWorker-5: Calling delphi to calculate conformer (36/674) THR01A0710_001 in /tmp/pbe_data.data.home.granepura.5-Kinases.Kinases_MCCE.Trial03.run_holo.2ITO_THR01A0710_001
INFO - step3.py: ForkPoolWorker-1: Calling delphi to calculate conformer (37/674) THR01A0710_002 in /tmp/pbe_data.data.home.granepura.5-Kinases.Kinases_MCCE.Trial03.run_holo.2ITO_THR01A0710_002
INFO - step3.py: ForkPoolWorker-2: Calling delphi to calculate conformer (38/674) GLU01A0711_001 in /tmp/pbe_data.data.home.granepura.5-Kinases.Kinases_MCCE.Trial03.run_holo.2ITO_GLU01A0711_001
INFO - step3.py: ForkPoolWorker-3: Calling delphi to calculate conformer (39/674) GLU01A0711_002 in /tmp/pbe_data.data.home.granepura.5-Kinases.Kinases_MCCE.Trial03.run_holo.2ITO_GLU01A0711_002
INFO - step3.py: ForkPoolWorker-4: Calling delphi to calculate conformer (40/674) GLU02A0711_003 in /tmp/pbe_data.data.home.granepura.5-Kinases.Kinases_MCCE.Trial03.run_holo.2ITO_GLU02A0711_003
INFO - step3.py: ForkPoolWorker-5: Calling delphi to calculate conformer (41/674) GLU02A0711_004 in /tmp/pbe_data.data.home.granepura.5-Kinases.Kinases_MCCE.Trial03.run_holo.2ITO_GLU02A0711_004
INFO - step3.py: ForkPoolWorker-1: Calling delphi to calculate conformer (42/674) GLU-1A0711_005 in /tmp/pbe_data.data.home.granepura.5-Kinases.Kinases_MCCE.Trial03.run_holo.2ITO_GLU-1A0711_005
INFO - step3.py: Skipping PBE solver for non-charge conformer (43/674) PHE01A0712_001...
INFO - step3.py: ForkPoolWorker-2: Calling delphi to calculate conformer (44/674) LYS01A0713_001 in /tmp/pbe_data.data.home.granepura.5-Kinases.Kinases_MCCE.Trial03.run_holo.2ITO_LYS01A0713_001
INFO - step3.py: ForkPoolWorker-3: Calling delphi to calculate conformer (45/674) LYS+1A0713_002 in /tmp/pbe_data.data.home.granepura.5-Kinases.Kinases_MCCE.Trial03.run_holo.2ITO_LYS+1A0713_002
INFO - step3.py: ForkPoolWorker-4: Calling delphi to calculate conformer (46/674) LYS01A0714_001 in /tmp/pbe_data.data.home.granepura.5-Kinases.Kinases_MCCE.Trial03.run_holo.2ITO_LYS01A0714_001
INFO - step3.py: ForkPoolWorker-5: Calling delphi to calculate conformer (47/674) LYS+1A0714_002 in /tmp/pbe_data.data.home.granepura.5-Kinases.Kinases_MCCE.Trial03.run_holo.2ITO_LYS+1A0714_002
INFO - step3.py: Skipping PBE solver for non-charge conformer (48/674) ILE01A0715_001...
INFO - step3.py: ForkPoolWorker-1: Calling delphi to calculate conformer (49/674) LYS01A0716_001 in /tmp/pbe_data.data.home.granepura.5-Kinases.Kinases_MCCE.Trial03.run_holo.2ITO_LYS01A0716_001
INFO - step3.py: ForkPoolWorker-2: Calling delphi to calculate conformer (50/674) LYS+1A0716_002 in /tmp/pbe_data.data.home.granepura.5-Kinases.Kinases_MCCE.Trial03.run_holo.2ITO_LYS+1A0716_002
INFO - step3.py: Skipping PBE solver for non-charge conformer (51/674) VAL01A0717_001...
INFO - step3.py: Skipping PBE solver for non-charge conformer (52/674) LEU01A0718_001...
INFO - step3.py: ForkPoolWorker-3: Calling delphi to calculate conformer (53/674) SER01A0719_001 in /tmp/pbe_data.data.home.granepura.5-Kinases.Kinases_MCCE.Trial03.run_holo.2ITO_SER01A0719_001
INFO - step3.py: ForkPoolWorker-4: Calling delphi to calculate conformer (54/674) SER01A0719_002 in /tmp/pbe_data.data.home.granepura.5-Kinases.Kinases_MCCE.Trial03.run_holo.2ITO_SER01A0719_002
INFO - step3.py: ForkPoolWorker-5: Calling delphi to calculate conformer (55/674) SER01A0720_001 in /tmp/pbe_data.data.home.granepura.5-Kinases.Kinases_MCCE.Trial03.run_holo.2ITO_SER01A0720_001
INFO - step3.py: Skipping PBE solver for non-charge conformer (56/674) ALA01A0722_001...
INFO - step3.py: Skipping PBE solver for non-charge conformer (57/674) PHE01A0723_001...
INFO - step3.py: ForkPoolWorker-1: Calling delphi to calculate conformer (58/674) THR01A0725_001 in /tmp/pbe_data.data.home.granepura.5-Kinases.Kinases_MCCE.Trial03.run_holo.2ITO_THR01A0725_001
INFO - step3.py: ForkPoolWorker-2: Calling delphi to calculate conformer (59/674) THR01A0725_002 in /tmp/pbe_data.data.home.granepura.5-Kinases.Kinases_MCCE.Trial03.run_holo.2ITO_THR01A0725_002
INFO - step3.py: Skipping PBE solver for non-charge conformer (60/674) VAL01A0726_001...
INFO - step3.py: ForkPoolWorker-3: Calling delphi to calculate conformer (61/674) TYR01A0727_001 in /tmp/pbe_data.data.home.granepura.5-Kinases.Kinases_MCCE.Trial03.run_holo.2ITO_TYR01A0727_001
INFO - step3.py: ForkPoolWorker-4: Calling delphi to calculate conformer (62/674) TYR01A0727_002 in /tmp/pbe_data.data.home.granepura.5-Kinases.Kinases_MCCE.Trial03.run_holo.2ITO_TYR01A0727_002
INFO - step3.py: ForkPoolWorker-5: Calling delphi to calculate conformer (63/674) TYR-1A0727_003 in /tmp/pbe_data.data.home.granepura.5-Kinases.Kinases_MCCE.Trial03.run_holo.2ITO_TYR-1A0727_003
INFO - step3.py: ForkPoolWorker-1: Calling delphi to calculate conformer (64/674) LYS01A0728_001 in /tmp/pbe_data.data.home.granepura.5-Kinases.Kinases_MCCE.Trial03.run_holo.2ITO_LYS01A0728_001
INFO - step3.py: ForkPoolWorker-2: Calling delphi to calculate conformer (65/674) LYS+1A0728_002 in /tmp/pbe_data.data.home.granepura.5-Kinases.Kinases_MCCE.Trial03.run_holo.2ITO_LYS+1A0728_002
INFO - step3.py: Skipping PBE solver for non-charge conformer (66/674) LEU01A0730_001...
INFO - step3.py: Skipping PBE solver for non-charge conformer (67/674) TRP01A0731_001...
INFO - step3.py: Skipping PBE solver for non-charge conformer (68/674) ILE01A0732_001...
INFO - step3.py: Skipping PBE solver for non-charge conformer (69/674) PRO01A0733_001...
INFO - step3.py: ForkPoolWorker-3: Calling delphi to calculate conformer (70/674) GLU01A0734_001 in /tmp/pbe_data.data.home.granepura.5-Kinases.Kinases_MCCE.Trial03.run_holo.2ITO_GLU01A0734_001
INFO - step3.py: ForkPoolWorker-4: Calling delphi to calculate conformer (71/674) GLU01A0734_002 in /tmp/pbe_data.data.home.granepura.5-Kinases.Kinases_MCCE.Trial03.run_holo.2ITO_GLU01A0734_002
INFO - step3.py: ForkPoolWorker-5: Calling delphi to calculate conformer (72/674) GLU02A0734_003 in /tmp/pbe_data.data.home.granepura.5-Kinases.Kinases_MCCE.Trial03.run_holo.2ITO_GLU02A0734_003
INFO - step3.py: ForkPoolWorker-1: Calling delphi to calculate conformer (73/674) GLU02A0734_004 in /tmp/pbe_data.data.home.granepura.5-Kinases.Kinases_MCCE.Trial03.run_holo.2ITO_GLU02A0734_004
INFO - step3.py: ForkPoolWorker-2: Calling delphi to calculate conformer (74/674) GLU-1A0734_005 in /tmp/pbe_data.data.home.granepura.5-Kinases.Kinases_MCCE.Trial03.run_holo.2ITO_GLU-1A0734_005
INFO - step3.py: ForkPoolWorker-3: Calling delphi to calculate conformer (75/674) GLU01A0736_001 in /tmp/pbe_data.data.home.granepura.5-Kinases.Kinases_MCCE.Trial03.run_holo.2ITO_GLU01A0736_001
INFO - step3.py: ForkPoolWorker-4: Calling delphi to calculate conformer (76/674) GLU01A0736_002 in /tmp/pbe_data.data.home.granepura.5-Kinases.Kinases_MCCE.Trial03.run_holo.2ITO_GLU01A0736_002
INFO - step3.py: ForkPoolWorker-5: Calling delphi to calculate conformer (77/674) GLU02A0736_003 in /tmp/pbe_data.data.home.granepura.5-Kinases.Kinases_MCCE.Trial03.run_holo.2ITO_GLU02A0736_003
INFO - step3.py: ForkPoolWorker-1: Calling delphi to calculate conformer (78/674) GLU02A0736_004 in /tmp/pbe_data.data.home.granepura.5-Kinases.Kinases_MCCE.Trial03.run_holo.2ITO_GLU02A0736_004
INFO - step3.py: ForkPoolWorker-2: Calling delphi to calculate conformer (79/674) GLU-1A0736_005 in /tmp/pbe_data.data.home.granepura.5-Kinases.Kinases_MCCE.Trial03.run_holo.2ITO_GLU-1A0736_005
INFO - step3.py: ForkPoolWorker-3: Calling delphi to calculate conformer (80/674) LYS01A0737_001 in /tmp/pbe_data.data.home.granepura.5-Kinases.Kinases_MCCE.Trial03.run_holo.2ITO_LYS01A0737_001
INFO - step3.py: ForkPoolWorker-4: Calling delphi to calculate conformer (81/674) LYS+1A0737_002 in /tmp/pbe_data.data.home.granepura.5-Kinases.Kinases_MCCE.Trial03.run_holo.2ITO_LYS+1A0737_002
INFO - step3.py: Skipping PBE solver for non-charge conformer (82/674) VAL01A0738_001...
INFO - step3.py: ForkPoolWorker-5: Calling delphi to calculate conformer (83/674) LYS01A0739_001 in /tmp/pbe_data.data.home.granepura.5-Kinases.Kinases_MCCE.Trial03.run_holo.2ITO_LYS01A0739_001
INFO - step3.py: ForkPoolWorker-1: Calling delphi to calculate conformer (84/674) LYS+1A0739_002 in /tmp/pbe_data.data.home.granepura.5-Kinases.Kinases_MCCE.Trial03.run_holo.2ITO_LYS+1A0739_002
INFO - step3.py: Skipping PBE solver for non-charge conformer (85/674) ILE01A0740_001...
INFO - step3.py: Skipping PBE solver for non-charge conformer (86/674) PRO01A0741_001...
INFO - step3.py: Skipping PBE solver for non-charge conformer (87/674) VAL01A0742_001...
INFO - step3.py: Skipping PBE solver for non-charge conformer (88/674) ALA01A0743_001...
INFO - step3.py: Skipping PBE solver for non-charge conformer (89/674) ILE01A0744_001...
INFO - step3.py: ForkPoolWorker-2: Calling delphi to calculate conformer (90/674) LYS01A0745_001 in /tmp/pbe_data.data.home.granepura.5-Kinases.Kinases_MCCE.Trial03.run_holo.2ITO_LYS01A0745_001
INFO - step3.py: ForkPoolWorker-3: Calling delphi to calculate conformer (91/674) LYS+1A0745_002 in /tmp/pbe_data.data.home.granepura.5-Kinases.Kinases_MCCE.Trial03.run_holo.2ITO_LYS+1A0745_002
INFO - step3.py: ForkPoolWorker-4: Calling delphi to calculate conformer (92/674) GLU01A0746_001 in /tmp/pbe_data.data.home.granepura.5-Kinases.Kinases_MCCE.Trial03.run_holo.2ITO_GLU01A0746_001
INFO - step3.py: ForkPoolWorker-5: Calling delphi to calculate conformer (93/674) GLU01A0746_002 in /tmp/pbe_data.data.home.granepura.5-Kinases.Kinases_MCCE.Trial03.run_holo.2ITO_GLU01A0746_002
INFO - step3.py: ForkPoolWorker-1: Calling delphi to calculate conformer (94/674) GLU02A0746_003 in /tmp/pbe_data.data.home.granepura.5-Kinases.Kinases_MCCE.Trial03.run_holo.2ITO_GLU02A0746_003
INFO - step3.py: ForkPoolWorker-2: Calling delphi to calculate conformer (95/674) GLU02A0746_004 in /tmp/pbe_data.data.home.granepura.5-Kinases.Kinases_MCCE.Trial03.run_holo.2ITO_GLU02A0746_004
INFO - step3.py: ForkPoolWorker-3: Calling delphi to calculate conformer (96/674) GLU-1A0746_005 in /tmp/pbe_data.data.home.granepura.5-Kinases.Kinases_MCCE.Trial03.run_holo.2ITO_GLU-1A0746_005
INFO - step3.py: Skipping PBE solver for non-charge conformer (97/674) LEU01A0747_001...
INFO - step3.py: ForkPoolWorker-4: Calling delphi to calculate conformer (98/674) ARG01A0748_001 in /tmp/pbe_data.data.home.granepura.5-Kinases.Kinases_MCCE.Trial03.run_holo.2ITO_ARG01A0748_001
INFO - step3.py: ForkPoolWorker-5: Calling delphi to calculate conformer (99/674) ARG02A0748_002 in /tmp/pbe_data.data.home.granepura.5-Kinases.Kinases_MCCE.Trial03.run_holo.2ITO_ARG02A0748_002
INFO - step3.py: ForkPoolWorker-1: Calling delphi to calculate conformer (100/674) ARG03A0748_003 in /tmp/pbe_data.data.home.granepura.5-Kinases.Kinases_MCCE.Trial03.run_holo.2ITO_ARG03A0748_003
INFO - step3.py: ForkPoolWorker-2: Calling delphi to calculate conformer (101/674) ARG03A0748_004 in /tmp/pbe_data.data.home.granepura.5-Kinases.Kinases_MCCE.Trial03.run_holo.2ITO_ARG03A0748_004
INFO - step3.py: ForkPoolWorker-3: Calling delphi to calculate conformer (102/674) ARG+1A0748_005 in /tmp/pbe_data.data.home.granepura.5-Kinases.Kinases_MCCE.Trial03.run_holo.2ITO_ARG+1A0748_005
INFO - step3.py: ForkPoolWorker-4: Calling delphi to calculate conformer (103/674) GLU01A0749_001 in /tmp/pbe_data.data.home.granepura.5-Kinases.Kinases_MCCE.Trial03.run_holo.2ITO_GLU01A0749_001
INFO - step3.py: ForkPoolWorker-5: Calling delphi to calculate conformer (104/674) GLU01A0749_002 in /tmp/pbe_data.data.home.granepura.5-Kinases.Kinases_MCCE.Trial03.run_holo.2ITO_GLU01A0749_002
INFO - step3.py: ForkPoolWorker-1: Calling delphi to calculate conformer (105/674) GLU02A0749_003 in /tmp/pbe_data.data.home.granepura.5-Kinases.Kinases_MCCE.Trial03.run_holo.2ITO_GLU02A0749_003
INFO - step3.py: ForkPoolWorker-2: Calling delphi to calculate conformer (106/674) GLU02A0749_004 in /tmp/pbe_data.data.home.granepura.5-Kinases.Kinases_MCCE.Trial03.run_holo.2ITO_GLU02A0749_004
INFO - step3.py: ForkPoolWorker-3: Calling delphi to calculate conformer (107/674) GLU-1A0749_005 in /tmp/pbe_data.data.home.granepura.5-Kinases.Kinases_MCCE.Trial03.run_holo.2ITO_GLU-1A0749_005
INFO - step3.py: Skipping PBE solver for non-charge conformer (108/674) ALA01A0750_001...
INFO - step3.py: ForkPoolWorker-4: Calling delphi to calculate conformer (109/674) THR01A0751_001 in /tmp/pbe_data.data.home.granepura.5-Kinases.Kinases_MCCE.Trial03.run_holo.2ITO_THR01A0751_001
INFO - step3.py: ForkPoolWorker-5: Calling delphi to calculate conformer (110/674) THR01A0751_002 in /tmp/pbe_data.data.home.granepura.5-Kinases.Kinases_MCCE.Trial03.run_holo.2ITO_THR01A0751_002
INFO - step3.py: ForkPoolWorker-1: Calling delphi to calculate conformer (111/674) SER01A0752_001 in /tmp/pbe_data.data.home.granepura.5-Kinases.Kinases_MCCE.Trial03.run_holo.2ITO_SER01A0752_001
INFO - step3.py: ForkPoolWorker-2: Calling delphi to calculate conformer (112/674) SER01A0752_002 in /tmp/pbe_data.data.home.granepura.5-Kinases.Kinases_MCCE.Trial03.run_holo.2ITO_SER01A0752_002
INFO - step3.py: Skipping PBE solver for non-charge conformer (113/674) PRO01A0753_001...
INFO - step3.py: ForkPoolWorker-3: Calling delphi to calculate conformer (114/674) LYS01A0754_001 in /tmp/pbe_data.data.home.granepura.5-Kinases.Kinases_MCCE.Trial03.run_holo.2ITO_LYS01A0754_001
INFO - step3.py: ForkPoolWorker-4: Calling delphi to calculate conformer (115/674) LYS+1A0754_002 in /tmp/pbe_data.data.home.granepura.5-Kinases.Kinases_MCCE.Trial03.run_holo.2ITO_LYS+1A0754_002
INFO - step3.py: Skipping PBE solver for non-charge conformer (116/674) ALA01A0755_001...
INFO - step3.py: ForkPoolWorker-5: Calling delphi to calculate conformer (117/674) ASN01A0756_001 in /tmp/pbe_data.data.home.granepura.5-Kinases.Kinases_MCCE.Trial03.run_holo.2ITO_ASN01A0756_001
INFO - step3.py: ForkPoolWorker-1: Calling delphi to calculate conformer (118/674) ASN01A0756_002 in /tmp/pbe_data.data.home.granepura.5-Kinases.Kinases_MCCE.Trial03.run_holo.2ITO_ASN01A0756_002
INFO - step3.py: ForkPoolWorker-2: Calling delphi to calculate conformer (119/674) LYS01A0757_001 in /tmp/pbe_data.data.home.granepura.5-Kinases.Kinases_MCCE.Trial03.run_holo.2ITO_LYS01A0757_001
INFO - step3.py: ForkPoolWorker-3: Calling delphi to calculate conformer (120/674) LYS+1A0757_002 in /tmp/pbe_data.data.home.granepura.5-Kinases.Kinases_MCCE.Trial03.run_holo.2ITO_LYS+1A0757_002
INFO - step3.py: ForkPoolWorker-4: Calling delphi to calculate conformer (121/674) GLU01A0758_001 in /tmp/pbe_data.data.home.granepura.5-Kinases.Kinases_MCCE.Trial03.run_holo.2ITO_GLU01A0758_001
INFO - step3.py: ForkPoolWorker-5: Calling delphi to calculate conformer (122/674) GLU01A0758_002 in /tmp/pbe_data.data.home.granepura.5-Kinases.Kinases_MCCE.Trial03.run_holo.2ITO_GLU01A0758_002
INFO - step3.py: ForkPoolWorker-1: Calling delphi to calculate conformer (123/674) GLU02A0758_003 in /tmp/pbe_data.data.home.granepura.5-Kinases.Kinases_MCCE.Trial03.run_holo.2ITO_GLU02A0758_003
INFO - step3.py: ForkPoolWorker-2: Calling delphi to calculate conformer (124/674) GLU02A0758_004 in /tmp/pbe_data.data.home.granepura.5-Kinases.Kinases_MCCE.Trial03.run_holo.2ITO_GLU02A0758_004
INFO - step3.py: ForkPoolWorker-3: Calling delphi to calculate conformer (125/674) GLU-1A0758_005 in /tmp/pbe_data.data.home.granepura.5-Kinases.Kinases_MCCE.Trial03.run_holo.2ITO_GLU-1A0758_005
INFO - step3.py: Skipping PBE solver for non-charge conformer (126/674) ILE01A0759_001...
INFO - step3.py: Skipping PBE solver for non-charge conformer (127/674) LEU01A0760_001...
INFO - step3.py: ForkPoolWorker-4: Calling delphi to calculate conformer (128/674) ASP01A0761_001 in /tmp/pbe_data.data.home.granepura.5-Kinases.Kinases_MCCE.Trial03.run_holo.2ITO_ASP01A0761_001
INFO - step3.py: ForkPoolWorker-5: Calling delphi to calculate conformer (129/674) ASP01A0761_002 in /tmp/pbe_data.data.home.granepura.5-Kinases.Kinases_MCCE.Trial03.run_holo.2ITO_ASP01A0761_002
INFO - step3.py: ForkPoolWorker-1: Calling delphi to calculate conformer (130/674) ASP02A0761_003 in /tmp/pbe_data.data.home.granepura.5-Kinases.Kinases_MCCE.Trial03.run_holo.2ITO_ASP02A0761_003
INFO - step3.py: ForkPoolWorker-2: Calling delphi to calculate conformer (131/674) ASP02A0761_004 in /tmp/pbe_data.data.home.granepura.5-Kinases.Kinases_MCCE.Trial03.run_holo.2ITO_ASP02A0761_004
INFO - step3.py: ForkPoolWorker-3: Calling delphi to calculate conformer (132/674) ASP-1A0761_005 in /tmp/pbe_data.data.home.granepura.5-Kinases.Kinases_MCCE.Trial03.run_holo.2ITO_ASP-1A0761_005
INFO - step3.py: ForkPoolWorker-4: Calling delphi to calculate conformer (133/674) GLU01A0762_001 in /tmp/pbe_data.data.home.granepura.5-Kinases.Kinases_MCCE.Trial03.run_holo.2ITO_GLU01A0762_001
INFO - step3.py: ForkPoolWorker-5: Calling delphi to calculate conformer (134/674) GLU01A0762_002 in /tmp/pbe_data.data.home.granepura.5-Kinases.Kinases_MCCE.Trial03.run_holo.2ITO_GLU01A0762_002
INFO - step3.py: ForkPoolWorker-1: Calling delphi to calculate conformer (135/674) GLU02A0762_003 in /tmp/pbe_data.data.home.granepura.5-Kinases.Kinases_MCCE.Trial03.run_holo.2ITO_GLU02A0762_003
INFO - step3.py: ForkPoolWorker-2: Calling delphi to calculate conformer (136/674) GLU02A0762_004 in /tmp/pbe_data.data.home.granepura.5-Kinases.Kinases_MCCE.Trial03.run_holo.2ITO_GLU02A0762_004
INFO - step3.py: ForkPoolWorker-3: Calling delphi to calculate conformer (137/674) GLU-1A0762_005 in /tmp/pbe_data.data.home.granepura.5-Kinases.Kinases_MCCE.Trial03.run_holo.2ITO_GLU-1A0762_005
INFO - step3.py: Skipping PBE solver for non-charge conformer (138/674) ALA01A0763_001...
INFO - step3.py: ForkPoolWorker-4: Calling delphi to calculate conformer (139/674) TYR01A0764_001 in /tmp/pbe_data.data.home.granepura.5-Kinases.Kinases_MCCE.Trial03.run_holo.2ITO_TYR01A0764_001
INFO - step3.py: ForkPoolWorker-5: Calling delphi to calculate conformer (140/674) TYR-1A0764_002 in /tmp/pbe_data.data.home.granepura.5-Kinases.Kinases_MCCE.Trial03.run_holo.2ITO_TYR-1A0764_002
INFO - step3.py: Skipping PBE solver for non-charge conformer (141/674) VAL01A0765_001...
INFO - step3.py: ForkPoolWorker-1: Calling delphi to calculate conformer (142/674) MET01A0766_001 in /tmp/pbe_data.data.home.granepura.5-Kinases.Kinases_MCCE.Trial03.run_holo.2ITO_MET01A0766_001
INFO - step3.py: Skipping PBE solver for non-charge conformer (143/674) ALA01A0767_001...
INFO - step3.py: ForkPoolWorker-2: Calling delphi to calculate conformer (144/674) SER01A0768_001 in /tmp/pbe_data.data.home.granepura.5-Kinases.Kinases_MCCE.Trial03.run_holo.2ITO_SER01A0768_001
INFO - step3.py: ForkPoolWorker-3: Calling delphi to calculate conformer (145/674) SER01A0768_002 in /tmp/pbe_data.data.home.granepura.5-Kinases.Kinases_MCCE.Trial03.run_holo.2ITO_SER01A0768_002
INFO - step3.py: ForkPoolWorker-4: Calling delphi to calculate conformer (146/674) SER01A0768_003 in /tmp/pbe_data.data.home.granepura.5-Kinases.Kinases_MCCE.Trial03.run_holo.2ITO_SER01A0768_003
INFO - step3.py: ForkPoolWorker-5: Calling delphi to calculate conformer (147/674) SER01A0768_004 in /tmp/pbe_data.data.home.granepura.5-Kinases.Kinases_MCCE.Trial03.run_holo.2ITO_SER01A0768_004
INFO - step3.py: ForkPoolWorker-1: Calling delphi to calculate conformer (148/674) SER01A0768_005 in /tmp/pbe_data.data.home.granepura.5-Kinases.Kinases_MCCE.Trial03.run_holo.2ITO_SER01A0768_005
INFO - step3.py: ForkPoolWorker-2: Calling delphi to calculate conformer (149/674) SER01A0768_006 in /tmp/pbe_data.data.home.granepura.5-Kinases.Kinases_MCCE.Trial03.run_holo.2ITO_SER01A0768_006
INFO - step3.py: Skipping PBE solver for non-charge conformer (150/674) VAL01A0769_001...
INFO - step3.py: ForkPoolWorker-3: Calling delphi to calculate conformer (151/674) ASP01A0770_001 in /tmp/pbe_data.data.home.granepura.5-Kinases.Kinases_MCCE.Trial03.run_holo.2ITO_ASP01A0770_001
INFO - step3.py: ForkPoolWorker-4: Calling delphi to calculate conformer (152/674) ASP01A0770_002 in /tmp/pbe_data.data.home.granepura.5-Kinases.Kinases_MCCE.Trial03.run_holo.2ITO_ASP01A0770_002
INFO - step3.py: ForkPoolWorker-5: Calling delphi to calculate conformer (153/674) ASP02A0770_003 in /tmp/pbe_data.data.home.granepura.5-Kinases.Kinases_MCCE.Trial03.run_holo.2ITO_ASP02A0770_003
INFO - step3.py: ForkPoolWorker-1: Calling delphi to calculate conformer (154/674) ASP02A0770_004 in /tmp/pbe_data.data.home.granepura.5-Kinases.Kinases_MCCE.Trial03.run_holo.2ITO_ASP02A0770_004
INFO - step3.py: ForkPoolWorker-2: Calling delphi to calculate conformer (155/674) ASP-1A0770_005 in /tmp/pbe_data.data.home.granepura.5-Kinases.Kinases_MCCE.Trial03.run_holo.2ITO_ASP-1A0770_005
INFO - step3.py: ForkPoolWorker-3: Calling delphi to calculate conformer (156/674) ASN01A0771_001 in /tmp/pbe_data.data.home.granepura.5-Kinases.Kinases_MCCE.Trial03.run_holo.2ITO_ASN01A0771_001
INFO - step3.py: ForkPoolWorker-4: Calling delphi to calculate conformer (157/674) ASN01A0771_002 in /tmp/pbe_data.data.home.granepura.5-Kinases.Kinases_MCCE.Trial03.run_holo.2ITO_ASN01A0771_002
INFO - step3.py: Skipping PBE solver for non-charge conformer (158/674) PRO01A0772_001...
INFO - step3.py: ForkPoolWorker-5: Calling delphi to calculate conformer (159/674) HIS01A0773_001 in /tmp/pbe_data.data.home.granepura.5-Kinases.Kinases_MCCE.Trial03.run_holo.2ITO_HIS01A0773_001
INFO - step3.py: ForkPoolWorker-1: Calling delphi to calculate conformer (160/674) HIS01A0773_002 in /tmp/pbe_data.data.home.granepura.5-Kinases.Kinases_MCCE.Trial03.run_holo.2ITO_HIS01A0773_002
INFO - step3.py: ForkPoolWorker-2: Calling delphi to calculate conformer (161/674) HIS02A0773_003 in /tmp/pbe_data.data.home.granepura.5-Kinases.Kinases_MCCE.Trial03.run_holo.2ITO_HIS02A0773_003
INFO - step3.py: ForkPoolWorker-3: Calling delphi to calculate conformer (162/674) HIS02A0773_004 in /tmp/pbe_data.data.home.granepura.5-Kinases.Kinases_MCCE.Trial03.run_holo.2ITO_HIS02A0773_004
INFO - step3.py: ForkPoolWorker-4: Calling delphi to calculate conformer (163/674) HIS+1A0773_005 in /tmp/pbe_data.data.home.granepura.5-Kinases.Kinases_MCCE.Trial03.run_holo.2ITO_HIS+1A0773_005
INFO - step3.py: ForkPoolWorker-5: Calling delphi to calculate conformer (164/674) HIS+1A0773_006 in /tmp/pbe_data.data.home.granepura.5-Kinases.Kinases_MCCE.Trial03.run_holo.2ITO_HIS+1A0773_006
INFO - step3.py: Skipping PBE solver for non-charge conformer (165/674) VAL01A0774_001...
INFO - step3.py: ForkPoolWorker-1: Calling delphi to calculate conformer (166/674) CYS01A0775_001 in /tmp/pbe_data.data.home.granepura.5-Kinases.Kinases_MCCE.Trial03.run_holo.2ITO_CYS01A0775_001
INFO - step3.py: ForkPoolWorker-2: Calling delphi to calculate conformer (167/674) CYS01A0775_002 in /tmp/pbe_data.data.home.granepura.5-Kinases.Kinases_MCCE.Trial03.run_holo.2ITO_CYS01A0775_002
INFO - step3.py: ForkPoolWorker-3: Calling delphi to calculate conformer (168/674) CYS01A0775_003 in /tmp/pbe_data.data.home.granepura.5-Kinases.Kinases_MCCE.Trial03.run_holo.2ITO_CYS01A0775_003
INFO - step3.py: ForkPoolWorker-4: Calling delphi to calculate conformer (169/674) CYS-1A0775_004 in /tmp/pbe_data.data.home.granepura.5-Kinases.Kinases_MCCE.Trial03.run_holo.2ITO_CYS-1A0775_004
INFO - step3.py: ForkPoolWorker-5: Calling delphi to calculate conformer (170/674) ARG01A0776_001 in /tmp/pbe_data.data.home.granepura.5-Kinases.Kinases_MCCE.Trial03.run_holo.2ITO_ARG01A0776_001
INFO - step3.py: ForkPoolWorker-1: Calling delphi to calculate conformer (171/674) ARG02A0776_002 in /tmp/pbe_data.data.home.granepura.5-Kinases.Kinases_MCCE.Trial03.run_holo.2ITO_ARG02A0776_002
INFO - step3.py: ForkPoolWorker-2: Calling delphi to calculate conformer (172/674) ARG03A0776_003 in /tmp/pbe_data.data.home.granepura.5-Kinases.Kinases_MCCE.Trial03.run_holo.2ITO_ARG03A0776_003
INFO - step3.py: ForkPoolWorker-3: Calling delphi to calculate conformer (173/674) ARG+1A0776_004 in /tmp/pbe_data.data.home.granepura.5-Kinases.Kinases_MCCE.Trial03.run_holo.2ITO_ARG+1A0776_004
INFO - step3.py: Skipping PBE solver for non-charge conformer (174/674) LEU01A0777_001...
INFO - step3.py: Skipping PBE solver for non-charge conformer (175/674) LEU01A0778_001...
INFO - step3.py: Skipping PBE solver for non-charge conformer (176/674) ILE01A0780_001...
INFO - step3.py: ForkPoolWorker-4: Calling delphi to calculate conformer (177/674) CYS01A0781_001 in /tmp/pbe_data.data.home.granepura.5-Kinases.Kinases_MCCE.Trial03.run_holo.2ITO_CYS01A0781_001
INFO - step3.py: ForkPoolWorker-5: Calling delphi to calculate conformer (178/674) CYS01A0781_002 in /tmp/pbe_data.data.home.granepura.5-Kinases.Kinases_MCCE.Trial03.run_holo.2ITO_CYS01A0781_002
INFO - step3.py: ForkPoolWorker-1: Calling delphi to calculate conformer (179/674) CYS01A0781_003 in /tmp/pbe_data.data.home.granepura.5-Kinases.Kinases_MCCE.Trial03.run_holo.2ITO_CYS01A0781_003
INFO - step3.py: ForkPoolWorker-2: Calling delphi to calculate conformer (180/674) CYS-1A0781_004 in /tmp/pbe_data.data.home.granepura.5-Kinases.Kinases_MCCE.Trial03.run_holo.2ITO_CYS-1A0781_004
INFO - step3.py: Skipping PBE solver for non-charge conformer (181/674) LEU01A0782_001...
INFO - step3.py: ForkPoolWorker-3: Calling delphi to calculate conformer (182/674) THR01A0783_001 in /tmp/pbe_data.data.home.granepura.5-Kinases.Kinases_MCCE.Trial03.run_holo.2ITO_THR01A0783_001
INFO - step3.py: ForkPoolWorker-4: Calling delphi to calculate conformer (183/674) THR01A0783_002 in /tmp/pbe_data.data.home.granepura.5-Kinases.Kinases_MCCE.Trial03.run_holo.2ITO_THR01A0783_002
INFO - step3.py: ForkPoolWorker-5: Calling delphi to calculate conformer (184/674) THR01A0783_003 in /tmp/pbe_data.data.home.granepura.5-Kinases.Kinases_MCCE.Trial03.run_holo.2ITO_THR01A0783_003
INFO - step3.py: ForkPoolWorker-1: Calling delphi to calculate conformer (185/674) SER01A0784_001 in /tmp/pbe_data.data.home.granepura.5-Kinases.Kinases_MCCE.Trial03.run_holo.2ITO_SER01A0784_001
INFO - step3.py: ForkPoolWorker-2: Calling delphi to calculate conformer (186/674) THR01A0785_001 in /tmp/pbe_data.data.home.granepura.5-Kinases.Kinases_MCCE.Trial03.run_holo.2ITO_THR01A0785_001
INFO - step3.py: ForkPoolWorker-3: Calling delphi to calculate conformer (187/674) THR01A0785_002 in /tmp/pbe_data.data.home.granepura.5-Kinases.Kinases_MCCE.Trial03.run_holo.2ITO_THR01A0785_002
INFO - step3.py: Skipping PBE solver for non-charge conformer (188/674) VAL01A0786_001...
INFO - step3.py: ForkPoolWorker-5: Calling delphi to calculate conformer (189/674) GLN01A0787_001 in /tmp/pbe_data.data.home.granepura.5-Kinases.Kinases_MCCE.Trial03.run_holo.2ITO_GLN01A0787_001
INFO - step3.py: ForkPoolWorker-4: Calling delphi to calculate conformer (190/674) GLN01A0787_002 in /tmp/pbe_data.data.home.granepura.5-Kinases.Kinases_MCCE.Trial03.run_holo.2ITO_GLN01A0787_002
INFO - step3.py: Skipping PBE solver for non-charge conformer (191/674) LEU01A0788_001...
INFO - step3.py: Skipping PBE solver for non-charge conformer (192/674) ILE01A0789_001...
INFO - step3.py: ForkPoolWorker-1: Calling delphi to calculate conformer (193/674) THR01A0790_001 in /tmp/pbe_data.data.home.granepura.5-Kinases.Kinases_MCCE.Trial03.run_holo.2ITO_THR01A0790_001
INFO - step3.py: ForkPoolWorker-2: Calling delphi to calculate conformer (194/674) THR01A0790_002 in /tmp/pbe_data.data.home.granepura.5-Kinases.Kinases_MCCE.Trial03.run_holo.2ITO_THR01A0790_002
INFO - step3.py: ForkPoolWorker-3: Calling delphi to calculate conformer (195/674) GLN01A0791_001 in /tmp/pbe_data.data.home.granepura.5-Kinases.Kinases_MCCE.Trial03.run_holo.2ITO_GLN01A0791_001
INFO - step3.py: ForkPoolWorker-5: Calling delphi to calculate conformer (196/674) GLN01A0791_002 in /tmp/pbe_data.data.home.granepura.5-Kinases.Kinases_MCCE.Trial03.run_holo.2ITO_GLN01A0791_002
INFO - step3.py: Skipping PBE solver for non-charge conformer (197/674) LEU01A0792_001...
INFO - step3.py: ForkPoolWorker-4: Calling delphi to calculate conformer (198/674) MET01A0793_001 in /tmp/pbe_data.data.home.granepura.5-Kinases.Kinases_MCCE.Trial03.run_holo.2ITO_MET01A0793_001
INFO - step3.py: Skipping PBE solver for non-charge conformer (199/674) PRO01A0794_001...
INFO - step3.py: Skipping PBE solver for non-charge conformer (200/674) PHE01A0795_001...
INFO - step3.py: ForkPoolWorker-1: Calling delphi to calculate conformer (201/674) CYS01A0797_001 in /tmp/pbe_data.data.home.granepura.5-Kinases.Kinases_MCCE.Trial03.run_holo.2ITO_CYS01A0797_001
INFO - step3.py: ForkPoolWorker-2: Calling delphi to calculate conformer (202/674) CYS01A0797_002 in /tmp/pbe_data.data.home.granepura.5-Kinases.Kinases_MCCE.Trial03.run_holo.2ITO_CYS01A0797_002
INFO - step3.py: ForkPoolWorker-3: Calling delphi to calculate conformer (203/674) CYS01A0797_003 in /tmp/pbe_data.data.home.granepura.5-Kinases.Kinases_MCCE.Trial03.run_holo.2ITO_CYS01A0797_003
INFO - step3.py: ForkPoolWorker-5: Calling delphi to calculate conformer (204/674) CYS-1A0797_004 in /tmp/pbe_data.data.home.granepura.5-Kinases.Kinases_MCCE.Trial03.run_holo.2ITO_CYS-1A0797_004
INFO - step3.py: Skipping PBE solver for non-charge conformer (205/674) LEU01A0798_001...
INFO - step3.py: Skipping PBE solver for non-charge conformer (206/674) LEU01A0799_001...
INFO - step3.py: ForkPoolWorker-4: Calling delphi to calculate conformer (207/674) ASP01A0800_001 in /tmp/pbe_data.data.home.granepura.5-Kinases.Kinases_MCCE.Trial03.run_holo.2ITO_ASP01A0800_001
INFO - step3.py: ForkPoolWorker-1: Calling delphi to calculate conformer (208/674) ASP01A0800_002 in /tmp/pbe_data.data.home.granepura.5-Kinases.Kinases_MCCE.Trial03.run_holo.2ITO_ASP01A0800_002
INFO - step3.py: ForkPoolWorker-2: Calling delphi to calculate conformer (209/674) ASP02A0800_003 in /tmp/pbe_data.data.home.granepura.5-Kinases.Kinases_MCCE.Trial03.run_holo.2ITO_ASP02A0800_003
INFO - step3.py: ForkPoolWorker-3: Calling delphi to calculate conformer (210/674) ASP02A0800_004 in /tmp/pbe_data.data.home.granepura.5-Kinases.Kinases_MCCE.Trial03.run_holo.2ITO_ASP02A0800_004
INFO - step3.py: ForkPoolWorker-5: Calling delphi to calculate conformer (211/674) ASP-1A0800_005 in /tmp/pbe_data.data.home.granepura.5-Kinases.Kinases_MCCE.Trial03.run_holo.2ITO_ASP-1A0800_005
INFO - step3.py: ForkPoolWorker-4: Calling delphi to calculate conformer (212/674) TYR01A0801_001 in /tmp/pbe_data.data.home.granepura.5-Kinases.Kinases_MCCE.Trial03.run_holo.2ITO_TYR01A0801_001
INFO - step3.py: ForkPoolWorker-1: Calling delphi to calculate conformer (213/674) TYR-1A0801_002 in /tmp/pbe_data.data.home.granepura.5-Kinases.Kinases_MCCE.Trial03.run_holo.2ITO_TYR-1A0801_002
INFO - step3.py: Skipping PBE solver for non-charge conformer (214/674) VAL01A0802_001...
INFO - step3.py: ForkPoolWorker-2: Calling delphi to calculate conformer (215/674) ARG01A0803_001 in /tmp/pbe_data.data.home.granepura.5-Kinases.Kinases_MCCE.Trial03.run_holo.2ITO_ARG01A0803_001
INFO - step3.py: ForkPoolWorker-3: Calling delphi to calculate conformer (216/674) ARG02A0803_002 in /tmp/pbe_data.data.home.granepura.5-Kinases.Kinases_MCCE.Trial03.run_holo.2ITO_ARG02A0803_002
INFO - step3.py: ForkPoolWorker-5: Calling delphi to calculate conformer (217/674) ARG03A0803_003 in /tmp/pbe_data.data.home.granepura.5-Kinases.Kinases_MCCE.Trial03.run_holo.2ITO_ARG03A0803_003
INFO - step3.py: ForkPoolWorker-4: Calling delphi to calculate conformer (218/674) ARG+1A0803_004 in /tmp/pbe_data.data.home.granepura.5-Kinases.Kinases_MCCE.Trial03.run_holo.2ITO_ARG+1A0803_004
INFO - step3.py: ForkPoolWorker-1: Calling delphi to calculate conformer (219/674) GLU01A0804_001 in /tmp/pbe_data.data.home.granepura.5-Kinases.Kinases_MCCE.Trial03.run_holo.2ITO_GLU01A0804_001
INFO - step3.py: ForkPoolWorker-2: Calling delphi to calculate conformer (220/674) GLU01A0804_002 in /tmp/pbe_data.data.home.granepura.5-Kinases.Kinases_MCCE.Trial03.run_holo.2ITO_GLU01A0804_002
INFO - step3.py: ForkPoolWorker-3: Calling delphi to calculate conformer (221/674) GLU02A0804_003 in /tmp/pbe_data.data.home.granepura.5-Kinases.Kinases_MCCE.Trial03.run_holo.2ITO_GLU02A0804_003
INFO - step3.py: ForkPoolWorker-5: Calling delphi to calculate conformer (222/674) GLU02A0804_004 in /tmp/pbe_data.data.home.granepura.5-Kinases.Kinases_MCCE.Trial03.run_holo.2ITO_GLU02A0804_004
INFO - step3.py: ForkPoolWorker-4: Calling delphi to calculate conformer (223/674) GLU-1A0804_005 in /tmp/pbe_data.data.home.granepura.5-Kinases.Kinases_MCCE.Trial03.run_holo.2ITO_GLU-1A0804_005
INFO - step3.py: ForkPoolWorker-1: Calling delphi to calculate conformer (224/674) HIS01A0805_001 in /tmp/pbe_data.data.home.granepura.5-Kinases.Kinases_MCCE.Trial03.run_holo.2ITO_HIS01A0805_001
