ForkPoolWorker-1: Calling delphi to calculate conformer NIL01A0601_001 in /tmp/pbe_data.data.home.granepura.5-kinases.cof_tpl_mg.run_cof2.5mo4_NIL01A0601_001
ForkPoolWorker-1: Calling delphi to calculate conformer NIL01A0601_002 in /tmp/pbe_data.data.home.granepura.5-kinases.cof_tpl_mg.run_cof2.5mo4_NIL01A0601_002
ForkPoolWorker-1: Calling delphi to calculate conformer NIL01A0601_003 in /tmp/pbe_data.data.home.granepura.5-kinases.cof_tpl_mg.run_cof2.5mo4_NIL01A0601_003
ForkPoolWorker-1: Calling delphi to calculate conformer NIL01A0601_004 in /tmp/pbe_data.data.home.granepura.5-kinases.cof_tpl_mg.run_cof2.5mo4_NIL01A0601_004
ForkPoolWorker-1: Calling delphi to calculate conformer NIL+1A0601_005 in /tmp/pbe_data.data.home.granepura.5-kinases.cof_tpl_mg.run_cof2.5mo4_NIL+1A0601_005
ForkPoolWorker-1: Calling delphi to calculate conformer NIL+1A0601_006 in /tmp/pbe_data.data.home.granepura.5-kinases.cof_tpl_mg.run_cof2.5mo4_NIL+1A0601_006
ForkPoolWorker-1: Calling delphi to calculate conformer NIL+1A0601_007 in /tmp/pbe_data.data.home.granepura.5-kinases.cof_tpl_mg.run_cof2.5mo4_NIL+1A0601_007
ForkPoolWorker-1: Calling delphi to calculate conformer NIL+1A0601_008 in /tmp/pbe_data.data.home.granepura.5-kinases.cof_tpl_mg.run_cof2.5mo4_NIL+1A0601_008
ForkPoolWorker-1: Calling delphi to calculate conformer NIL+2A0601_009 in /tmp/pbe_data.data.home.granepura.5-kinases.cof_tpl_mg.run_cof2.5mo4_NIL+2A0601_009
ForkPoolWorker-1: Calling delphi to calculate conformer NIL+2A0601_010 in /tmp/pbe_data.data.home.granepura.5-kinases.cof_tpl_mg.run_cof2.5mo4_NIL+2A0601_010
ForkPoolWorker-1: Calling delphi to calculate conformer NIL+2A0601_011 in /tmp/pbe_data.data.home.granepura.5-kinases.cof_tpl_mg.run_cof2.5mo4_NIL+2A0601_011
ForkPoolWorker-1: Calling delphi to calculate conformer NIL+2A0601_012 in /tmp/pbe_data.data.home.granepura.5-kinases.cof_tpl_mg.run_cof2.5mo4_NIL+2A0601_012
ForkPoolWorker-1: Calling delphi to calculate conformer NIL01A0601_001 in /tmp/pbe_data.data.home.granepura.5-kinases.cof_tpl_mg.run_cof2.5MO4_NIL01A0601_001
ForkPoolWorker-1: Calling delphi to calculate conformer NIL01A0601_002 in /tmp/pbe_data.data.home.granepura.5-kinases.cof_tpl_mg.run_cof2.5MO4_NIL01A0601_002
ForkPoolWorker-1: Calling delphi to calculate conformer NIL01A0601_003 in /tmp/pbe_data.data.home.granepura.5-kinases.cof_tpl_mg.run_cof2.5MO4_NIL01A0601_003
ForkPoolWorker-1: Calling delphi to calculate conformer NIL01A0601_004 in /tmp/pbe_data.data.home.granepura.5-kinases.cof_tpl_mg.run_cof2.5MO4_NIL01A0601_004
ForkPoolWorker-1: Calling delphi to calculate conformer NIL+1A0601_005 in /tmp/pbe_data.data.home.granepura.5-kinases.cof_tpl_mg.run_cof2.5MO4_NIL+1A0601_005
ForkPoolWorker-1: Calling delphi to calculate conformer NIL+1A0601_006 in /tmp/pbe_data.data.home.granepura.5-kinases.cof_tpl_mg.run_cof2.5MO4_NIL+1A0601_006
ForkPoolWorker-1: Calling delphi to calculate conformer NIL+1A0601_007 in /tmp/pbe_data.data.home.granepura.5-kinases.cof_tpl_mg.run_cof2.5MO4_NIL+1A0601_007
ForkPoolWorker-1: Calling delphi to calculate conformer NIL+1A0601_008 in /tmp/pbe_data.data.home.granepura.5-kinases.cof_tpl_mg.run_cof2.5MO4_NIL+1A0601_008
ForkPoolWorker-1: Calling delphi to calculate conformer NIL+2A0601_009 in /tmp/pbe_data.data.home.granepura.5-kinases.cof_tpl_mg.run_cof2.5MO4_NIL+2A0601_009
ForkPoolWorker-1: Calling delphi to calculate conformer NIL+2A0601_010 in /tmp/pbe_data.data.home.granepura.5-kinases.cof_tpl_mg.run_cof2.5MO4_NIL+2A0601_010
ForkPoolWorker-1: Calling delphi to calculate conformer NIL+2A0601_011 in /tmp/pbe_data.data.home.granepura.5-kinases.cof_tpl_mg.run_cof2.5MO4_NIL+2A0601_011
ForkPoolWorker-1: Calling delphi to calculate conformer NIL+2A0601_012 in /tmp/pbe_data.data.home.granepura.5-kinases.cof_tpl_mg.run_cof2.5MO4_NIL+2A0601_012
ForkPoolWorker-1: Calling delphi to calculate conformer NIL01A0601_001 in /tmp/pbe_data.data.home.granepura.5-kinases.cof_tpl_mg.run_cof2.5MO4_NIL01A0601_001
ForkPoolWorker-1: Calling delphi to calculate conformer NIL01A0601_002 in /tmp/pbe_data.data.home.granepura.5-kinases.cof_tpl_mg.run_cof2.5MO4_NIL01A0601_002
ForkPoolWorker-1: Calling delphi to calculate conformer NIL01A0601_003 in /tmp/pbe_data.data.home.granepura.5-kinases.cof_tpl_mg.run_cof2.5MO4_NIL01A0601_003
ForkPoolWorker-1: Calling delphi to calculate conformer NIL01A0601_004 in /tmp/pbe_data.data.home.granepura.5-kinases.cof_tpl_mg.run_cof2.5MO4_NIL01A0601_004
ForkPoolWorker-1: Calling delphi to calculate conformer NIL+1A0601_005 in /tmp/pbe_data.data.home.granepura.5-kinases.cof_tpl_mg.run_cof2.5MO4_NIL+1A0601_005
ForkPoolWorker-1: Calling delphi to calculate conformer NIL+1A0601_006 in /tmp/pbe_data.data.home.granepura.5-kinases.cof_tpl_mg.run_cof2.5MO4_NIL+1A0601_006
ForkPoolWorker-1: Calling delphi to calculate conformer NIL+1A0601_007 in /tmp/pbe_data.data.home.granepura.5-kinases.cof_tpl_mg.run_cof2.5MO4_NIL+1A0601_007
ForkPoolWorker-1: Calling delphi to calculate conformer NIL+1A0601_008 in /tmp/pbe_data.data.home.granepura.5-kinases.cof_tpl_mg.run_cof2.5MO4_NIL+1A0601_008
ForkPoolWorker-1: Calling delphi to calculate conformer NIL+2A0601_009 in /tmp/pbe_data.data.home.granepura.5-kinases.cof_tpl_mg.run_cof2.5MO4_NIL+2A0601_009
ForkPoolWorker-1: Calling delphi to calculate conformer NIL+2A0601_010 in /tmp/pbe_data.data.home.granepura.5-kinases.cof_tpl_mg.run_cof2.5MO4_NIL+2A0601_010
ForkPoolWorker-1: Calling delphi to calculate conformer NIL+2A0601_011 in /tmp/pbe_data.data.home.granepura.5-kinases.cof_tpl_mg.run_cof2.5MO4_NIL+2A0601_011
ForkPoolWorker-1: Calling delphi to calculate conformer NIL+2A0601_012 in /tmp/pbe_data.data.home.granepura.5-kinases.cof_tpl_mg.run_cof2.5MO4_NIL+2A0601_012
ForkPoolWorker-1: Calling delphi to calculate conformer NIL01A0601_001 in /tmp/pbe_data.data.home.granepura.5-kinases.cof_tpl_mg.run_cof2.5MO4_NIL01A0601_001
ForkPoolWorker-1: Calling delphi to calculate conformer NIL01A0601_002 in /tmp/pbe_data.data.home.granepura.5-kinases.cof_tpl_mg.run_cof2.5MO4_NIL01A0601_002
ForkPoolWorker-1: Calling delphi to calculate conformer NIL01A0601_003 in /tmp/pbe_data.data.home.granepura.5-kinases.cof_tpl_mg.run_cof2.5MO4_NIL01A0601_003
ForkPoolWorker-1: Calling delphi to calculate conformer NIL01A0601_004 in /tmp/pbe_data.data.home.granepura.5-kinases.cof_tpl_mg.run_cof2.5MO4_NIL01A0601_004
ForkPoolWorker-1: Calling delphi to calculate conformer NIL+1A0601_005 in /tmp/pbe_data.data.home.granepura.5-kinases.cof_tpl_mg.run_cof2.5MO4_NIL+1A0601_005
ForkPoolWorker-1: Calling delphi to calculate conformer NIL+1A0601_006 in /tmp/pbe_data.data.home.granepura.5-kinases.cof_tpl_mg.run_cof2.5MO4_NIL+1A0601_006
ForkPoolWorker-1: Calling delphi to calculate conformer NIL+1A0601_007 in /tmp/pbe_data.data.home.granepura.5-kinases.cof_tpl_mg.run_cof2.5MO4_NIL+1A0601_007
ForkPoolWorker-1: Calling delphi to calculate conformer NIL+1A0601_008 in /tmp/pbe_data.data.home.granepura.5-kinases.cof_tpl_mg.run_cof2.5MO4_NIL+1A0601_008
ForkPoolWorker-1: Calling delphi to calculate conformer NIL+2A0601_009 in /tmp/pbe_data.data.home.granepura.5-kinases.cof_tpl_mg.run_cof2.5MO4_NIL+2A0601_009
ForkPoolWorker-1: Calling delphi to calculate conformer NIL+2A0601_010 in /tmp/pbe_data.data.home.granepura.5-kinases.cof_tpl_mg.run_cof2.5MO4_NIL+2A0601_010
ForkPoolWorker-1: Calling delphi to calculate conformer NIL+2A0601_011 in /tmp/pbe_data.data.home.granepura.5-kinases.cof_tpl_mg.run_cof2.5MO4_NIL+2A0601_011
ForkPoolWorker-1: Calling delphi to calculate conformer NIL+2A0601_012 in /tmp/pbe_data.data.home.granepura.5-kinases.cof_tpl_mg.run_cof2.5MO4_NIL+2A0601_012
ForkPoolWorker-1: Calling delphi to calculate conformer NIL01A0601_001 in /tmp/pbe_data.data.home.granepura.5-kinases.cof_tpl_mg.run_cof2.5MO4_NIL01A0601_001
ForkPoolWorker-1: Calling delphi to calculate conformer NIL01A0601_002 in /tmp/pbe_data.data.home.granepura.5-kinases.cof_tpl_mg.run_cof2.5MO4_NIL01A0601_002
ForkPoolWorker-1: Calling delphi to calculate conformer NIL01A0601_003 in /tmp/pbe_data.data.home.granepura.5-kinases.cof_tpl_mg.run_cof2.5MO4_NIL01A0601_003
ForkPoolWorker-1: Calling delphi to calculate conformer NIL01A0601_004 in /tmp/pbe_data.data.home.granepura.5-kinases.cof_tpl_mg.run_cof2.5MO4_NIL01A0601_004
ForkPoolWorker-1: Calling delphi to calculate conformer NIL+1A0601_005 in /tmp/pbe_data.data.home.granepura.5-kinases.cof_tpl_mg.run_cof2.5MO4_NIL+1A0601_005
ForkPoolWorker-1: Calling delphi to calculate conformer NIL+1A0601_006 in /tmp/pbe_data.data.home.granepura.5-kinases.cof_tpl_mg.run_cof2.5MO4_NIL+1A0601_006
ForkPoolWorker-1: Calling delphi to calculate conformer NIL+1A0601_007 in /tmp/pbe_data.data.home.granepura.5-kinases.cof_tpl_mg.run_cof2.5MO4_NIL+1A0601_007
ForkPoolWorker-1: Calling delphi to calculate conformer NIL+1A0601_008 in /tmp/pbe_data.data.home.granepura.5-kinases.cof_tpl_mg.run_cof2.5MO4_NIL+1A0601_008
ForkPoolWorker-1: Calling delphi to calculate conformer NIL+2A0601_009 in /tmp/pbe_data.data.home.granepura.5-kinases.cof_tpl_mg.run_cof2.5MO4_NIL+2A0601_009
ForkPoolWorker-1: Calling delphi to calculate conformer NIL+2A0601_010 in /tmp/pbe_data.data.home.granepura.5-kinases.cof_tpl_mg.run_cof2.5MO4_NIL+2A0601_010
ForkPoolWorker-1: Calling delphi to calculate conformer NIL+2A0601_011 in /tmp/pbe_data.data.home.granepura.5-kinases.cof_tpl_mg.run_cof2.5MO4_NIL+2A0601_011
ForkPoolWorker-1: Calling delphi to calculate conformer NIL+2A0601_012 in /tmp/pbe_data.data.home.granepura.5-kinases.cof_tpl_mg.run_cof2.5MO4_NIL+2A0601_012
ForkPoolWorker-1: Calling delphi to calculate conformer NIL01A0601_001 in /tmp/pbe_data.data.home.granepura.5-kinases.cof_tpl_mg.run_cof2.5MO4_NIL01A0601_001
ForkPoolWorker-1: Calling delphi to calculate conformer NIL01A0601_002 in /tmp/pbe_data.data.home.granepura.5-kinases.cof_tpl_mg.run_cof2.5MO4_NIL01A0601_002
ForkPoolWorker-1: Calling delphi to calculate conformer NIL01A0601_003 in /tmp/pbe_data.data.home.granepura.5-kinases.cof_tpl_mg.run_cof2.5MO4_NIL01A0601_003
ForkPoolWorker-1: Calling delphi to calculate conformer NIL01A0601_004 in /tmp/pbe_data.data.home.granepura.5-kinases.cof_tpl_mg.run_cof2.5MO4_NIL01A0601_004
ForkPoolWorker-1: Calling delphi to calculate conformer NIL+1A0601_005 in /tmp/pbe_data.data.home.granepura.5-kinases.cof_tpl_mg.run_cof2.5MO4_NIL+1A0601_005
ForkPoolWorker-1: Calling delphi to calculate conformer NIL+1A0601_006 in /tmp/pbe_data.data.home.granepura.5-kinases.cof_tpl_mg.run_cof2.5MO4_NIL+1A0601_006
ForkPoolWorker-1: Calling delphi to calculate conformer NIL+1A0601_007 in /tmp/pbe_data.data.home.granepura.5-kinases.cof_tpl_mg.run_cof2.5MO4_NIL+1A0601_007
ForkPoolWorker-1: Calling delphi to calculate conformer NIL+1A0601_008 in /tmp/pbe_data.data.home.granepura.5-kinases.cof_tpl_mg.run_cof2.5MO4_NIL+1A0601_008
ForkPoolWorker-1: Calling delphi to calculate conformer NIL+2A0601_009 in /tmp/pbe_data.data.home.granepura.5-kinases.cof_tpl_mg.run_cof2.5MO4_NIL+2A0601_009
ForkPoolWorker-1: Calling delphi to calculate conformer NIL+2A0601_010 in /tmp/pbe_data.data.home.granepura.5-kinases.cof_tpl_mg.run_cof2.5MO4_NIL+2A0601_010
ForkPoolWorker-1: Calling delphi to calculate conformer NIL+2A0601_011 in /tmp/pbe_data.data.home.granepura.5-kinases.cof_tpl_mg.run_cof2.5MO4_NIL+2A0601_011
ForkPoolWorker-1: Calling delphi to calculate conformer NIL+2A0601_012 in /tmp/pbe_data.data.home.granepura.5-kinases.cof_tpl_mg.run_cof2.5MO4_NIL+2A0601_012
ForkPoolWorker-1: Calling delphi to calculate conformer (1/12) NIL01A0601_001 in /tmp/pbe_data.data.home.schowdhury.Project_kinases.cof_tpl_mg.run_cof2.5MO4_NIL01A0601_001
ForkPoolWorker-1: Calling delphi to calculate conformer (2/12) NIL01A0601_002 in /tmp/pbe_data.data.home.schowdhury.Project_kinases.cof_tpl_mg.run_cof2.5MO4_NIL01A0601_002
ForkPoolWorker-1: Calling delphi to calculate conformer (3/12) NIL01A0601_003 in /tmp/pbe_data.data.home.schowdhury.Project_kinases.cof_tpl_mg.run_cof2.5MO4_NIL01A0601_003
ForkPoolWorker-1: Calling delphi to calculate conformer (4/12) NIL01A0601_004 in /tmp/pbe_data.data.home.schowdhury.Project_kinases.cof_tpl_mg.run_cof2.5MO4_NIL01A0601_004
ForkPoolWorker-1: Calling delphi to calculate conformer (5/12) NIL+1A0601_005 in /tmp/pbe_data.data.home.schowdhury.Project_kinases.cof_tpl_mg.run_cof2.5MO4_NIL+1A0601_005
ForkPoolWorker-1: Calling delphi to calculate conformer (6/12) NIL+1A0601_006 in /tmp/pbe_data.data.home.schowdhury.Project_kinases.cof_tpl_mg.run_cof2.5MO4_NIL+1A0601_006
ForkPoolWorker-1: Calling delphi to calculate conformer (7/12) NIL+1A0601_007 in /tmp/pbe_data.data.home.schowdhury.Project_kinases.cof_tpl_mg.run_cof2.5MO4_NIL+1A0601_007
ForkPoolWorker-1: Calling delphi to calculate conformer (8/12) NIL+1A0601_008 in /tmp/pbe_data.data.home.schowdhury.Project_kinases.cof_tpl_mg.run_cof2.5MO4_NIL+1A0601_008
ForkPoolWorker-1: Calling delphi to calculate conformer (9/12) NIL+2A0601_009 in /tmp/pbe_data.data.home.schowdhury.Project_kinases.cof_tpl_mg.run_cof2.5MO4_NIL+2A0601_009
ForkPoolWorker-1: Calling delphi to calculate conformer (10/12) NIL+2A0601_010 in /tmp/pbe_data.data.home.schowdhury.Project_kinases.cof_tpl_mg.run_cof2.5MO4_NIL+2A0601_010
ForkPoolWorker-1: Calling delphi to calculate conformer (11/12) NIL+2A0601_011 in /tmp/pbe_data.data.home.schowdhury.Project_kinases.cof_tpl_mg.run_cof2.5MO4_NIL+2A0601_011
ForkPoolWorker-1: Calling delphi to calculate conformer (12/12) NIL+2A0601_012 in /tmp/pbe_data.data.home.schowdhury.Project_kinases.cof_tpl_mg.run_cof2.5MO4_NIL+2A0601_012
