 ph              7.4
ASP01A0233_001 0.000
ASP01A0233_002 0.000
ASP02A0233_003 0.000
ASP02A0233_004 0.000
ASP-1A0233_005 0.000
LYS01A0234_001 0.000
LYS+1A0234_002 0.000
TRP01A0235_001 0.000
GLU01A0236_001 0.251
GLU01A0236_002 0.251
GLU02A0236_003 0.251
GLU02A0236_004 0.251
GLU-1A0236_005 0.000
MET01A0237_001 0.000
GLU01A0238_001 0.000
GLU01A0238_002 0.000
GLU02A0238_003 0.000
GLU02A0238_004 0.000
GLU-1A0238_005 0.000
ARG01A0239_001 0.000
ARG02A0239_002 0.000
ARG02A0239_003 0.000
ARG03A0239_004 0.000
ARG03A0239_005 0.000
ARG+1A0239_006 0.000
THR01A0240_001 0.205
THR01A0240_002 0.205
ASP01A0241_001 0.000
ASP01A0241_002 0.000
ASP02A0241_003 0.000
ASP02A0241_004 0.000
ASP-1A0241_005 0.000
ILE01A0242_001 0.000
THR01A0243_001 0.000
MET01A0244_001 0.000
LYS01A0245_001 0.000
LYS+1A0245_002 0.000
HIS01A0246_001 0.721
HIS01A0246_002 0.721
HIS02A0246_003 0.721
HIS02A0246_004 0.721
HIS+1A0246_005 0.381
HIS+1A0246_006 0.381
LYS01A0247_001 0.000
LYS+1A0247_002 0.000
LEU01A0248_001 0.000
GLN01A0252_001 0.000
TYR01A0253_001 0.000
TYR-1A0253_002 0.000
GLU01A0255_001 0.000
GLU01A0255_002 0.000
GLU02A0255_003 0.000
GLU02A0255_004 0.000
GLU-1A0255_005 0.000
VAL01A0256_001 0.000
TYR01A0257_001 0.236
TYR01A0257_002 0.236
TYR-1A0257_003 0.000
GLU01A0258_001 0.000
GLU01A0258_002 0.000
GLU02A0258_003 0.000
GLU02A0258_004 0.000
GLU-1A0258_005 0.000
VAL01A0260_001 0.000
TRP01A0261_001 0.000
LYS01A0262_001 0.000
LYS+1A0262_002 0.000
LYS01A0263_001 0.000
LYS+1A0263_002 0.000
TYR01A0264_001 0.310
TYR01A0264_002 0.310
TYR-1A0264_003 0.000
SER01A0265_001 0.000
LEU01A0266_001 0.000
THR01A0267_001 0.000
VAL01A0268_001 0.000
ALA01A0269_001 0.000
VAL01A0270_001 0.000
LYS01A0271_001 0.000
LYS+1A0271_002 0.000
THR01A0272_001 0.156
THR01A0272_002 0.156
LEU01A0273_001 0.000
LYS01A0274_001 0.000
LYS+1A0274_002 0.000
GLU01A0275_001 0.000
GLU01A0275_002 0.000
GLU02A0275_003 0.000
GLU02A0275_004 0.000
GLU-1A0275_005 0.000
ASP01A0276_001 0.000
ASP01A0276_002 0.000
ASP02A0276_003 0.000
ASP02A0276_004 0.000
ASP-1A0276_005 0.000
THR01A0277_001 0.009
THR01A0277_002 0.009
MET01A0278_001 0.000
GLU01A0279_001 0.000
GLU01A0279_002 0.000
GLU02A0279_003 0.000
GLU02A0279_004 0.000
GLU-1A0279_005 0.000
VAL01A0280_001 0.000
GLU01A0281_001 0.000
GLU01A0281_002 0.000
GLU02A0281_003 0.000
GLU02A0281_004 0.000
GLU-1A0281_005 0.000
GLU01A0282_001 0.775
GLU01A0282_002 0.775
GLU02A0282_003 0.775
GLU02A0282_004 0.775
GLU-1A0282_005 0.000
PHE01A0283_001 0.000
LEU01A0284_001 0.000
LYS01A0285_001 0.000
LYS+1A0285_002 0.000
GLU01A0286_001 0.413
GLU01A0286_002 0.413
GLU02A0286_003 0.413
GLU02A0286_004 0.413
GLU-1A0286_005 0.000
ALA01A0287_001 0.000
ALA01A0288_001 0.000
VAL01A0289_001 0.000
MET01A0290_001 0.000
LYS01A0291_001 0.000
LYS+1A0291_002 0.000
GLU01A0292_001 0.000
GLU01A0292_002 0.000
GLU02A0292_003 0.000
GLU02A0292_004 0.000
GLU-1A0292_005 0.000
ILE01A0293_001 0.000
LYS01A0294_001 0.000
LYS+1A0294_002 0.000
HIS01A0295_001 0.107
HIS01A0295_002 0.107
HIS02A0295_003 0.107
HIS02A0295_004 0.107
HIS+1A0295_005 0.000
HIS+1A0295_006 0.000
PRO01A0296_001 0.000
ASN01A0297_001 0.020
ASN01A0297_002 0.020
LEU01A0298_001 0.000
VAL01A0299_001 0.000
GLN01A0300_001 0.325
GLN01A0300_002 0.325
LEU01A0301_001 0.000
LEU01A0302_001 0.000
VAL01A0304_001 0.000
CYS01A0305_001 0.176
CYS01A0305_002 0.176
CYS01A0305_003 0.176
CYS-1A0305_004 0.000
THR01A0306_001 0.014
THR01A0306_002 0.014
ARG01A0307_001 0.000
ARG02A0307_002 0.000
ARG03A0307_003 0.000
ARG+1A0307_004 0.000
GLU01A0308_001 0.000
GLU01A0308_002 0.000
GLU01A0308_003 0.000
GLU01A0308_004 0.000
GLU02A0308_005 0.000
GLU02A0308_006 0.000
GLU02A0308_007 0.000
GLU02A0308_008 0.000
GLU-1A0308_009 0.402
GLU-1A0308_010 0.402
PRO01A0309_001 0.000
PRO01A0310_001 0.000
PHE01A0311_001 0.000
TYR01A0312_001 0.409
TYR01A0312_002 0.409
TYR-1A0312_003 0.000
ILE01A0313_001 0.000
ILE01A0314_001 0.000
THR01A0315_001 0.409
THR01A0315_002 0.409
GLU01A0316_001 0.000
GLU01A0316_002 0.000
GLU02A0316_003 0.000
GLU02A0316_004 0.000
GLU-1A0316_005 0.000
PHE01A0317_001 0.000
MET01A0318_001 0.000
THR01A0319_001 0.208
THR01A0319_002 0.208
TYR01A0320_001 0.000
TYR-1A0320_002 0.000
ASN01A0322_001 0.007
ASN01A0322_002 0.007
ASN01A0322_003 0.007
LEU01A0323_001 0.000
LEU01A0324_001 0.000
ASP01A0325_001 0.000
ASP01A0325_002 0.000
ASP02A0325_003 0.000
ASP02A0325_004 0.000
ASP-1A0325_005 0.000
TYR01A0326_001 0.091
TYR01A0326_002 0.091
TYR-1A0326_003 0.000
LEU01A0327_001 0.000
ARG01A0328_001 0.000
ARG02A0328_002 0.000
ARG03A0328_003 0.000
ARG+1A0328_004 0.000
GLU01A0329_001 0.799
GLU01A0329_002 0.799
GLU02A0329_003 0.799
GLU02A0329_004 0.799
GLU-1A0329_005 0.000
CYS01A0330_001 0.558
CYS01A0330_002 0.558
CYS01A0330_003 0.558
CYS-1A0330_004 0.000
ASN01A0331_001 0.000
ARG01A0332_001 0.000
ARG02A0332_002 0.000
ARG03A0332_003 0.000
ARG+1A0332_004 0.000
GLN01A0333_001 0.410
GLN01A0333_002 0.410
GLU01A0334_001 0.393
GLU01A0334_002 0.393
GLU02A0334_003 0.393
GLU02A0334_004 0.393
GLU-1A0334_005 0.000
VAL01A0335_001 0.000
ASN01A0336_001 0.000
ALA01A0337_001 0.000
VAL01A0338_001 0.000
VAL01A0339_001 0.000
LEU01A0340_001 0.000
LEU01A0341_001 0.000
TYR01A0342_001 0.000
TYR-1A0342_002 0.000
MET01A0343_001 0.000
ALA01A0344_001 0.000
THR01A0345_001 0.110
THR01A0345_002 0.110
GLN01A0346_001 0.000
GLN01A0346_002 0.000
ILE01A0347_001 0.000
SER01A0348_001 0.393
SER01A0348_002 0.393
SER01A0348_003 0.393
SER01A0349_001 0.237
SER01A0349_002 0.237
SER01A0349_003 0.237
SER01A0349_004 0.237
ALA01A0350_001 0.000
MET01A0351_001 0.000
GLU01A0352_001 0.000
GLU01A0352_002 0.000
GLU02A0352_003 0.000
GLU02A0352_004 0.000
GLU-1A0352_005 0.000
TYR01A0353_001 0.000
TYR-1A0353_002 0.000
LEU01A0354_001 0.000
GLU01A0355_001 0.000
GLU01A0355_002 0.000
GLU02A0355_003 0.000
GLU02A0355_004 0.000
GLU-1A0355_005 0.000
LYS01A0356_001 0.000
LYS+1A0356_002 0.000
LYS01A0357_001 0.000
LYS+1A0357_002 0.000
ASN01A0358_001 0.396
ASN01A0358_002 0.396
PHE01A0359_001 0.000
ILE01A0360_001 0.000
HIS01A0361_001 0.000
HIS02A0361_002 0.000
HIS+1A0361_003 0.000
ARG01A0362_001 0.000
ARG02A0362_002 0.000
ARG03A0362_003 0.000
ARG+1A0362_004 0.000
ASP01A0363_001 0.000
ASP01A0363_002 0.000
ASP02A0363_003 0.000
ASP02A0363_004 0.000
ASP-1A0363_005 0.000
LEU01A0364_001 0.000
ALA01A0365_001 0.000
ALA01A0366_001 0.000
ARG01A0367_001 0.000
ARG02A0367_002 0.000
ARG03A0367_003 0.000
ARG03A0367_004 0.000
ARG+1A0367_005 0.000
ASN01A0368_001 0.000
ASN01A0368_002 0.000
CYS01A0369_001 0.599
CYS01A0369_002 0.599
CYS01A0369_003 0.599
CYS-1A0369_004 0.000
LEU01A0370_001 0.000
VAL01A0371_001 0.000
GLU01A0373_001 0.000
GLU01A0373_002 0.000
GLU02A0373_003 0.000
GLU02A0373_004 0.000
GLU-1A0373_005 0.000
ASN01A0374_001 0.409
ASN01A0374_002 0.409
HIS01A0375_001 0.530
HIS01A0375_002 0.530
HIS02A0375_003 0.530
HIS02A0375_004 0.530
HIS+1A0375_005 0.315
HIS+1A0375_006 0.315
LEU01A0376_001 0.000
VAL01A0377_001 0.000
LYS01A0378_001 0.000
LYS+1A0378_002 0.000
VAL01A0379_001 0.000
ALA01A0380_001 0.000
ASP01A0381_001 0.145
ASP01A0381_002 0.145
ASP02A0381_003 0.145
ASP02A0381_004 0.145
ASP-1A0381_005 0.000
PHE01A0382_001 0.000
LEU01A0384_001 0.000
SER01A0385_001 0.212
SER01A0385_002 0.212
SER01A0385_003 0.212
SER01A0385_004 0.212
ARG01A0386_001 0.000
ARG02A0386_002 0.000
ARG02A0386_003 0.000
ARG03A0386_004 0.000
ARG03A0386_005 0.000
ARG+1A0386_006 0.000
LEU01A0387_001 0.000
MET01A0388_001 0.000
THR01A0389_001 0.000
ASP01A0391_001 0.000
ASP01A0391_002 0.000
ASP02A0391_003 0.000
ASP02A0391_004 0.000
ASP-1A0391_005 0.000
THR01A0392_001 0.000
TYR01A0393_001 0.000
TYR-1A0393_002 0.000
THR01A0394_001 0.037
THR01A0394_002 0.037
ALA01A0395_001 0.000
HIS01A0396_001 0.479
HIS01A0396_002 0.479
HIS02A0396_003 0.479
HIS02A0396_004 0.479
HIS+1A0396_005 0.282
HIS+1A0396_006 0.282
ALA01A0397_001 0.000
ALA01A0399_001 0.000
LYS01A0400_001 0.000
LYS+1A0400_002 0.000
PHE01A0401_001 0.000
PRO01A0402_001 0.000
ILE01A0403_001 0.000
LYS01A0404_001 0.000
LYS+1A0404_002 0.000
TRP01A0405_001 0.000
THR01A0406_001 0.000
ALA01A0407_001 0.000
PRO01A0408_001 0.000
GLU01A0409_001 0.000
GLU01A0409_002 0.000
GLU02A0409_003 0.000
GLU02A0409_004 0.000
GLU-1A0409_005 0.000
SER01A0410_001 0.123
SER01A0410_002 0.123
SER01A0410_003 0.123
LEU01A0411_001 0.000
ALA01A0412_001 0.000
TYR01A0413_001 0.000
TYR-1A0413_002 0.000
ASN01A0414_001 0.174
ASN01A0414_002 0.174
LYS01A0415_001 0.000
LYS+1A0415_002 0.000
PHE01A0416_001 0.000
SER01A0417_001 0.034
SER01A0417_002 0.034
ILE01A0418_001 0.000
LYS01A0419_001 0.000
LYS+1A0419_002 0.000
SER01A0420_001 0.062
SER01A0420_002 0.062
SER01A0420_003 0.062
ASP01A0421_001 0.024
ASP01A0421_002 0.024
ASP02A0421_003 0.024
ASP02A0421_004 0.024
ASP-1A0421_005 0.000
VAL01A0422_001 0.000
TRP01A0423_001 0.000
ALA01A0424_001 0.000
PHE01A0425_001 0.000
VAL01A0427_001 0.000
LEU01A0428_001 0.000
LEU01A0429_001 0.000
TRP01A0430_001 0.000
GLU01A0431_001 0.000
GLU01A0431_002 0.000
GLU02A0431_003 0.000
GLU02A0431_004 0.000
GLU-1A0431_005 0.000
ILE01A0432_001 0.000
ALA01A0433_001 0.000
THR01A0434_001 0.246
THR01A0434_002 0.246
TYR01A0435_001 0.022
TYR01A0435_002 0.022
TYR-1A0435_003 0.000
MET01A0437_001 0.000
SER01A0438_001 0.410
SER01A0438_002 0.410
PRO01A0439_001 0.000
TYR01A0440_001 0.081
TYR01A0440_002 0.081
TYR-1A0440_003 0.000
PRO01A0441_001 0.000
ILE01A0443_001 0.000
ASP01A0444_001 0.000
ASP01A0444_002 0.000
ASP02A0444_003 0.000
ASP02A0444_004 0.000
ASP02A0444_005 0.000
ASP02A0444_006 0.000
ASP-1A0444_007 0.231
ASP-1A0444_008 0.231
LEU01A0445_001 0.000
SER01A0446_001 0.504
SER01A0446_002 0.504
SER01A0446_003 0.504
SER01A0446_004 0.504
GLN01A0447_001 0.199
GLN01A0447_002 0.199
VAL01A0448_001 0.000
TYR01A0449_001 0.365
TYR01A0449_002 0.365
TYR-1A0449_003 0.000
GLU01A0450_001 0.000
GLU01A0450_002 0.000
GLU02A0450_003 0.000
GLU02A0450_004 0.000
GLU-1A0450_005 0.000
LEU01A0451_001 0.000
LEU01A0452_001 0.000
GLU01A0453_001 0.615
GLU01A0453_002 0.615
GLU02A0453_003 0.615
GLU02A0453_004 0.615
GLU-1A0453_005 0.000
LYS01A0454_001 0.000
LYS+1A0454_002 0.000
ASP01A0455_001 0.000
ASP01A0455_002 0.000
ASP02A0455_003 0.000
ASP02A0455_004 0.000
ASP-1A0455_005 0.000
TYR01A0456_001 0.000
TYR-1A0456_002 0.000
ARG01A0457_001 0.000
ARG02A0457_002 0.000
ARG03A0457_003 0.000
ARG+1A0457_004 0.000
MET01A0458_001 0.000
GLU01A0459_001 0.000
GLU01A0459_002 0.000
GLU02A0459_003 0.000
GLU02A0459_004 0.000
GLU-1A0459_005 0.000
ARG01A0460_001 0.000
ARG02A0460_002 0.000
ARG03A0460_003 0.000
ARG+1A0460_004 0.000
PRO01A0461_001 0.000
GLU01A0462_001 0.000
GLU01A0462_002 0.000
GLU02A0462_003 0.000
GLU02A0462_004 0.000
GLU-1A0462_005 0.000
CYS01A0464_001 0.507
CYS01A0464_002 0.507
CYS01A0464_003 0.507
CYS-1A0464_004 0.000
PRO01A0465_001 0.000
GLU01A0466_001 0.632
GLU01A0466_002 0.632
GLU02A0466_003 0.632
GLU02A0466_004 0.632
GLU-1A0466_005 0.000
LYS01A0467_001 0.000
LYS+1A0467_002 0.000
VAL01A0468_001 0.000
TYR01A0469_001 0.000
TYR01A0469_002 0.000
TYR-1A0469_003 0.000
GLU01A0470_001 0.745
GLU01A0470_002 0.745
GLU02A0470_003 0.745
GLU02A0470_004 0.745
GLU-1A0470_005 0.000
LEU01A0471_001 0.000
MET01A0472_001 0.000
ARG01A0473_001 0.000
ARG02A0473_002 0.000
ARG02A0473_003 0.000
ARG03A0473_004 0.000
ARG+1A0473_005 0.000
ALA01A0474_001 0.000
CYS01A0475_001 0.593
CYS01A0475_002 0.593
CYS01A0475_003 0.593
CYS-1A0475_004 0.000
TRP01A0476_001 0.000
GLN01A0477_001 0.368
GLN01A0477_002 0.368
TRP01A0478_001 0.000
ASN01A0479_001 0.076
ASN01A0479_002 0.076
PRO01A0480_001 0.000
SER01A0481_001 0.382
SER01A0481_002 0.382
ASP01A0482_001 0.000
ASP01A0482_002 0.000
ASP02A0482_003 0.000
ASP02A0482_004 0.000
ASP-1A0482_005 0.000
ARG01A0483_001 0.000
ARG02A0483_002 0.000
ARG02A0483_003 0.000
ARG03A0483_004 0.000
ARG03A0483_005 0.000
ARG+1A0483_006 0.000
PRO01A0484_001 0.000
SER01A0485_001 0.333
SER01A0485_002 0.333
SER01A0485_003 0.333
PHE01A0486_001 0.000
ALA01A0487_001 0.000
GLU01A0488_001 0.379
GLU01A0488_002 0.379
GLU02A0488_003 0.379
GLU02A0488_004 0.379
GLU-1A0488_005 0.000
ILE01A0489_001 0.000
HIS01A0490_001 0.601
HIS01A0490_002 0.601
HIS02A0490_003 0.601
HIS02A0490_004 0.601
HIS+1A0490_005 0.334
HIS+1A0490_006 0.334
GLN01A0491_001 0.397
GLN01A0491_002 0.397
ALA01A0492_001 0.000
PHE01A0493_001 0.000
GLU01A0494_001 0.299
GLU01A0494_002 0.299
GLU02A0494_003 0.299
GLU02A0494_004 0.299
GLU-1A0494_005 0.000
THR01A0495_001 0.386
THR01A0495_002 0.386
MET01A0496_001 0.000
PHE01A0497_001 0.000
GLN01A0498_001 0.010
GLN01A0498_002 0.010
GLU01A0499_001 0.164
GLU01A0499_002 0.164
GLU02A0499_003 0.164
GLU02A0499_004 0.164
GLU-1A0499_005 0.000
SER01A0500_001 0.333
SER01A0500_002 0.333
SER01A0501_001 0.178
SER01A0501_002 0.178
ILE01A0502_001 0.000
