  pH             pKa/Em  n(slope) 1000*chi2
GLU-A0818_        <7.4                     
GLU-A0819_        <7.4                     
ARG+A0820_        >7.4                     
HIS+A0821_        >7.4                     
LYS+A0823_        >7.4                     
TYR-A0824_        >7.4                     
LYS+A0830_        >7.4                     
GLU-A0837_        <7.4                     
CYS-A0839_        >7.4                     
ARG+A0840_        >7.4                     
TYR-A0841_        >7.4                     
ASP-A0842_        <7.4                     
ASP-A0846_        <7.4                     
LYS+A0855_        >7.4                     
HIS+A0859_        >7.4                     
ASP-A0863_        <7.4                     
ARG+A0866_        >7.4                     
ASP-A0867_        <7.4                     
ARG+A0870_        >7.4                     
GLU-A0871_        <7.4                     
LYS+A0876_        >7.4                     
HIS+A0879_        >7.4                     
ASP-A0881_        <7.4                     
LYS+A0885_        >7.4                     
TYR-A0886_        >7.4                     
ARG+A0887_        >7.4                     
TYR-A0891_        >7.4                     
ARG+A0895_        >7.4                     
ARG+A0899_        >7.4                     
GLU-A0903_        <7.4                     
TYR-A0904_        >7.4                     
CYS-A0909_        >7.4                     
ARG+A0911_        >7.4                     
ASP-A0912_        <7.4                     
ARG+A0916_        >7.4                     
HIS+A0917_        >7.4                     
ARG+A0918_        >7.4                     
ARG+A0920_        >7.4                     
ASP-A0922_        <7.4                     
ARG+A0925_        >7.4                     
TYR-A0929_        >7.4                     
CYS-A0934_        >7.4                     
LYS+A0935_        >7.4                     
GLU-A0938_        <7.4                     
TYR-A0939_        >7.4                     
ARG+A0943_        >7.4                     
ARG+A0944_        >7.4                     
CYS-A0945_        >7.4                     
HIS+A0947_        <7.4                     
ARG+A0948_        >7.4                     
ASP-A0949_        <7.4                     
ARG+A0953_        >7.4                     
GLU-A0958_        <7.4                     
GLU-A0960_        <7.4                     
HIS+A0962_        >7.4                     
LYS+A0964_        >7.4                     
ASP-A0967_        <7.4                     
LYS+A0972_        >7.4                     
ASP-A0977_        <7.4                     
LYS+A0978_        >7.4                     
ASP-A0979_        <7.4                     
TYR-A0980_        >7.4                     
TYR-A0981_        >7.4                     
ARG+A0984_        >7.4                     
GLU-A0985_        <7.4                     
TYR-A0994_        >7.4                     
GLU-A0997_        <7.4                     
ASP-A1001_        <7.4                     
ARG+A1006_        >7.4                     
ASP-A1009_        <7.4                     
TYR-A1018_        >7.4                     
GLU-A1019_        <7.4                     
TYR-A1023_        >7.4                     
CYS-A1024_        >7.4                     
ASP-A1025_        <7.4                     
LYS+A1026_        >7.4                     
CYS-A1028_        >7.4                     
GLU-A1033_        <7.4                     
ARG+A1036_        >7.4                     
ARG+A1049_        >7.4                     
GLU-A1052_        <7.4                     
GLU-A1055_        >7.4                     
GLU-A1056_        >7.4                     
ARG+A1059_        >7.4                     
CYS-A1066_        >7.4                     
GLU-A1069_        <7.4                     
HIS+A1071_        <7.4                     
GLU-A1072_        <7.4                     
LYS+A1075_        >7.4                     
CYS-A1077_        >7.4                     
ASP-A1084_        <7.4                     
ARG+A1085_        >7.4                     
ASP-A1096_        <7.4                     
