 ph              7.4 
ASP-A0010_     -1.00 
TYR-A0013_      0.00 
GLU-A0014_     -0.99 
CYS-A0015_     -0.24 
GLU-A0018_     -0.99 
GLU-A0021_     -1.00 
TYR-A0024_      0.00 
LYS+A0026_      1.00 
LYS+A0029_      1.00 
ARG+A0031_      1.00 
ASP-A0032_     -1.00 
LYS+A0034_      1.00 
ARG+A0038_      1.00 
LYS+A0043_      0.97 
ARG+A0044_      1.00 
ARG+A0046_      1.00 
ARG+A0060_      1.00 
GLU-A0061_     -1.00 
ARG+A0066_      1.00 
HIS+A0067_      0.16 
GLU-A0069_     -1.00 
GLU-A0072_     -1.00 
HIS+A0073_      0.00 
ARG+A0078_      1.00 
ASP-A0081_     -1.00 
CYS-A0083_      0.00 
LYS+A0093_      1.00 
GLU-A0099_     -1.00 
HIS+A0100_      0.00 
ASP-A0102_     -1.00 
ASP-A0104_     -1.00 
TYR-A0108_      0.00 
ASP-A0110_     -1.00 
LYS+A0111_      1.00 
GLU-A0114_     -1.00 
GLU-A0120_     -1.00 
LYS+A0123_      1.00 
ASP-A0124_     -1.00 
ARG+A0131_      1.00 
ASP-A0134_     -1.00 
HIS+A0137_      0.66 
HIS+A0139_      0.27 
ARG+A0140_      1.00 
HIS+A0143_      0.00 
ARG+A0144_      1.00 
ASP-A0145_     -1.00 
LYS+A0147_      1.00 
LYS+A0160_      0.96 
ASP-A0163_     -0.88 
TYR-A0185_      0.00 
ARG+A0186_      1.00 
GLU-A0189_     -1.00 
TYR-A0196_      0.00 
ASP-A0201_     -1.00 
CYS-A0207_      0.00 
GLU-A0211_     -0.98 
ARG+A0214_      1.00 
ARG+A0215_      1.00 
LYS+A0216_      0.99 
ARG+A0220_      1.00 
ASP-A0224_     -1.00 
ASP-A0226_     -1.00 
LYS+A0230_      1.00 
ASP-A0233_     -1.00 
GLU-A0240_     -0.99 
GLU-A0241_     -1.00 
ASP-A0242_     -1.00 
ARG+A0245_      1.00 
ASP-A0246_     -1.00 
ARG+A0251_      1.00 
LYS+A0257_      0.88 
GLU-A0263_     -1.00 
LYS+A0264_      0.98 
ASP-A0268_     -1.00 
ASP-A0270_     -1.00 
GLU-A0271_     -0.94 
LYS+A0274_      1.00 
ASP-A0275_     -1.00 
LYS+A0279_      0.91 
CYS-A0280_      0.00 
LYS+A0287_      1.00 
ARG+A0288_      1.00 
TYR-A0292_     -0.00 
HIS+A0297_      0.00 
TYR-A0299_      0.00 
LQQ+A0900_      1.00 
---------------------
Net_Charge      0.74 
Protons        -0.25
Electrons       0.00
