INFO - step3.py: Step 3. Energies calculation with PBE solver.
INFO - step3.py: Calling new VDW....No Scaling Applied
INFO - step3.py:    Process run time options & convert step2_out.pdb.
INFO - step3.py:    Prepare input for PB solver.
INFO - step3.py:    Time needed: 0 seconds.
INFO - step3.py:    Set up parallel envrionment and run PB solver.
INFO - step3.py:    Running PBE solver in 1 threads
!!! Detected an existing run.prm.
If you intend to use this run.prm, either use mcce directly or rename run.prm and use "-load_runprm" to load it.
For now, run.prm is overwritten and will be restored at the end of this program. 

Warning: VDW_RAD SO401 " HO1" not defined in RADIUS parameter
Warning: VDW_RAD SO401 " HO2" not defined in RADIUS parameter
Warning: VDW_RAD SO4-1 " HO1" not defined in RADIUS parameter
INFO - step3.py: ForkPoolWorker-1: Calling delphi to calculate conformer (1/677) GLU01A0815_001 in /tmp/pbe_data.data.home.granepura.5-Kinases.Kinases_MCCE.Trial01.run_apo.3WZE_GLU01A0815_001
INFO - step3.py: ForkPoolWorker-1: Calling delphi to calculate conformer (2/677) GLU01A0815_002 in /tmp/pbe_data.data.home.granepura.5-Kinases.Kinases_MCCE.Trial01.run_apo.3WZE_GLU01A0815_002
INFO - step3.py: ForkPoolWorker-1: Calling delphi to calculate conformer (3/677) GLU02A0815_003 in /tmp/pbe_data.data.home.granepura.5-Kinases.Kinases_MCCE.Trial01.run_apo.3WZE_GLU02A0815_003
INFO - step3.py: ForkPoolWorker-1: Calling delphi to calculate conformer (4/677) GLU02A0815_004 in /tmp/pbe_data.data.home.granepura.5-Kinases.Kinases_MCCE.Trial01.run_apo.3WZE_GLU02A0815_004
INFO - step3.py: ForkPoolWorker-1: Calling delphi to calculate conformer (5/677) GLU-1A0815_005 in /tmp/pbe_data.data.home.granepura.5-Kinases.Kinases_MCCE.Trial01.run_apo.3WZE_GLU-1A0815_005
INFO - step3.py: ForkPoolWorker-1: Calling delphi to calculate conformer (6/677) HIS01A0816_001 in /tmp/pbe_data.data.home.granepura.5-Kinases.Kinases_MCCE.Trial01.run_apo.3WZE_HIS01A0816_001
INFO - step3.py: ForkPoolWorker-1: Calling delphi to calculate conformer (7/677) HIS01A0816_002 in /tmp/pbe_data.data.home.granepura.5-Kinases.Kinases_MCCE.Trial01.run_apo.3WZE_HIS01A0816_002
INFO - step3.py: ForkPoolWorker-1: Calling delphi to calculate conformer (8/677) HIS02A0816_003 in /tmp/pbe_data.data.home.granepura.5-Kinases.Kinases_MCCE.Trial01.run_apo.3WZE_HIS02A0816_003
INFO - step3.py: ForkPoolWorker-1: Calling delphi to calculate conformer (9/677) HIS02A0816_004 in /tmp/pbe_data.data.home.granepura.5-Kinases.Kinases_MCCE.Trial01.run_apo.3WZE_HIS02A0816_004
INFO - step3.py: ForkPoolWorker-1: Calling delphi to calculate conformer (10/677) HIS+1A0816_005 in /tmp/pbe_data.data.home.granepura.5-Kinases.Kinases_MCCE.Trial01.run_apo.3WZE_HIS+1A0816_005
INFO - step3.py: ForkPoolWorker-1: Calling delphi to calculate conformer (11/677) HIS+1A0816_006 in /tmp/pbe_data.data.home.granepura.5-Kinases.Kinases_MCCE.Trial01.run_apo.3WZE_HIS+1A0816_006
INFO - step3.py: ForkPoolWorker-1: Calling delphi to calculate conformer (12/677) CYS01A0817_001 in /tmp/pbe_data.data.home.granepura.5-Kinases.Kinases_MCCE.Trial01.run_apo.3WZE_CYS01A0817_001
INFO - step3.py: ForkPoolWorker-1: Calling delphi to calculate conformer (13/677) CYS01A0817_002 in /tmp/pbe_data.data.home.granepura.5-Kinases.Kinases_MCCE.Trial01.run_apo.3WZE_CYS01A0817_002
INFO - step3.py: ForkPoolWorker-1: Calling delphi to calculate conformer (14/677) CYS01A0817_003 in /tmp/pbe_data.data.home.granepura.5-Kinases.Kinases_MCCE.Trial01.run_apo.3WZE_CYS01A0817_003
INFO - step3.py: ForkPoolWorker-1: Calling delphi to calculate conformer (15/677) CYS-1A0817_004 in /tmp/pbe_data.data.home.granepura.5-Kinases.Kinases_MCCE.Trial01.run_apo.3WZE_CYS-1A0817_004
INFO - step3.py: ForkPoolWorker-1: Calling delphi to calculate conformer (16/677) GLU01A0818_001 in /tmp/pbe_data.data.home.granepura.5-Kinases.Kinases_MCCE.Trial01.run_apo.3WZE_GLU01A0818_001
INFO - step3.py: ForkPoolWorker-1: Calling delphi to calculate conformer (17/677) GLU01A0818_002 in /tmp/pbe_data.data.home.granepura.5-Kinases.Kinases_MCCE.Trial01.run_apo.3WZE_GLU01A0818_002
INFO - step3.py: ForkPoolWorker-1: Calling delphi to calculate conformer (18/677) GLU02A0818_003 in /tmp/pbe_data.data.home.granepura.5-Kinases.Kinases_MCCE.Trial01.run_apo.3WZE_GLU02A0818_003
INFO - step3.py: ForkPoolWorker-1: Calling delphi to calculate conformer (19/677) GLU02A0818_004 in /tmp/pbe_data.data.home.granepura.5-Kinases.Kinases_MCCE.Trial01.run_apo.3WZE_GLU02A0818_004
INFO - step3.py: ForkPoolWorker-1: Calling delphi to calculate conformer (20/677) GLU-1A0818_005 in /tmp/pbe_data.data.home.granepura.5-Kinases.Kinases_MCCE.Trial01.run_apo.3WZE_GLU-1A0818_005
INFO - step3.py: ForkPoolWorker-1: Calling delphi to calculate conformer (21/677) ARG01A0819_001 in /tmp/pbe_data.data.home.granepura.5-Kinases.Kinases_MCCE.Trial01.run_apo.3WZE_ARG01A0819_001
INFO - step3.py: ForkPoolWorker-1: Calling delphi to calculate conformer (22/677) ARG02A0819_002 in /tmp/pbe_data.data.home.granepura.5-Kinases.Kinases_MCCE.Trial01.run_apo.3WZE_ARG02A0819_002
INFO - step3.py: ForkPoolWorker-1: Calling delphi to calculate conformer (23/677) ARG03A0819_003 in /tmp/pbe_data.data.home.granepura.5-Kinases.Kinases_MCCE.Trial01.run_apo.3WZE_ARG03A0819_003
INFO - step3.py: ForkPoolWorker-1: Calling delphi to calculate conformer (24/677) ARG+1A0819_004 in /tmp/pbe_data.data.home.granepura.5-Kinases.Kinases_MCCE.Trial01.run_apo.3WZE_ARG+1A0819_004
INFO - step3.py: Skipping PBE solver for non-charge conformer (25/677) LEU01A0820_001...
INFO - step3.py: Skipping PBE solver for non-charge conformer (26/677) PRO01A0821_001...
INFO - step3.py: ForkPoolWorker-1: Calling delphi to calculate conformer (27/677) TYR01A0822_001 in /tmp/pbe_data.data.home.granepura.5-Kinases.Kinases_MCCE.Trial01.run_apo.3WZE_TYR01A0822_001
INFO - step3.py: ForkPoolWorker-1: Calling delphi to calculate conformer (28/677) TYR01A0822_002 in /tmp/pbe_data.data.home.granepura.5-Kinases.Kinases_MCCE.Trial01.run_apo.3WZE_TYR01A0822_002
INFO - step3.py: ForkPoolWorker-1: Calling delphi to calculate conformer (29/677) TYR-1A0822_003 in /tmp/pbe_data.data.home.granepura.5-Kinases.Kinases_MCCE.Trial01.run_apo.3WZE_TYR-1A0822_003
INFO - step3.py: ForkPoolWorker-1: Calling delphi to calculate conformer (30/677) ASP01A0823_001 in /tmp/pbe_data.data.home.granepura.5-Kinases.Kinases_MCCE.Trial01.run_apo.3WZE_ASP01A0823_001
INFO - step3.py: ForkPoolWorker-1: Calling delphi to calculate conformer (31/677) ASP01A0823_002 in /tmp/pbe_data.data.home.granepura.5-Kinases.Kinases_MCCE.Trial01.run_apo.3WZE_ASP01A0823_002
INFO - step3.py: ForkPoolWorker-1: Calling delphi to calculate conformer (32/677) ASP01A0823_003 in /tmp/pbe_data.data.home.granepura.5-Kinases.Kinases_MCCE.Trial01.run_apo.3WZE_ASP01A0823_003
INFO - step3.py: ForkPoolWorker-1: Calling delphi to calculate conformer (33/677) ASP01A0823_004 in /tmp/pbe_data.data.home.granepura.5-Kinases.Kinases_MCCE.Trial01.run_apo.3WZE_ASP01A0823_004
INFO - step3.py: ForkPoolWorker-1: Calling delphi to calculate conformer (34/677) ASP02A0823_005 in /tmp/pbe_data.data.home.granepura.5-Kinases.Kinases_MCCE.Trial01.run_apo.3WZE_ASP02A0823_005
INFO - step3.py: ForkPoolWorker-1: Calling delphi to calculate conformer (35/677) ASP02A0823_006 in /tmp/pbe_data.data.home.granepura.5-Kinases.Kinases_MCCE.Trial01.run_apo.3WZE_ASP02A0823_006
INFO - step3.py: ForkPoolWorker-1: Calling delphi to calculate conformer (36/677) ASP02A0823_007 in /tmp/pbe_data.data.home.granepura.5-Kinases.Kinases_MCCE.Trial01.run_apo.3WZE_ASP02A0823_007
INFO - step3.py: ForkPoolWorker-1: Calling delphi to calculate conformer (37/677) ASP02A0823_008 in /tmp/pbe_data.data.home.granepura.5-Kinases.Kinases_MCCE.Trial01.run_apo.3WZE_ASP02A0823_008
INFO - step3.py: ForkPoolWorker-1: Calling delphi to calculate conformer (38/677) ASP-1A0823_009 in /tmp/pbe_data.data.home.granepura.5-Kinases.Kinases_MCCE.Trial01.run_apo.3WZE_ASP-1A0823_009
INFO - step3.py: ForkPoolWorker-1: Calling delphi to calculate conformer (39/677) ASP-1A0823_010 in /tmp/pbe_data.data.home.granepura.5-Kinases.Kinases_MCCE.Trial01.run_apo.3WZE_ASP-1A0823_010
INFO - step3.py: Skipping PBE solver for non-charge conformer (40/677) ALA01A0824_001...
INFO - step3.py: ForkPoolWorker-1: Calling delphi to calculate conformer (41/677) SER01A0825_001 in /tmp/pbe_data.data.home.granepura.5-Kinases.Kinases_MCCE.Trial01.run_apo.3WZE_SER01A0825_001
INFO - step3.py: ForkPoolWorker-1: Calling delphi to calculate conformer (42/677) SER01A0825_002 in /tmp/pbe_data.data.home.granepura.5-Kinases.Kinases_MCCE.Trial01.run_apo.3WZE_SER01A0825_002
INFO - step3.py: ForkPoolWorker-1: Calling delphi to calculate conformer (43/677) SER01A0825_003 in /tmp/pbe_data.data.home.granepura.5-Kinases.Kinases_MCCE.Trial01.run_apo.3WZE_SER01A0825_003
INFO - step3.py: ForkPoolWorker-1: Calling delphi to calculate conformer (44/677) SER01A0825_004 in /tmp/pbe_data.data.home.granepura.5-Kinases.Kinases_MCCE.Trial01.run_apo.3WZE_SER01A0825_004
INFO - step3.py: ForkPoolWorker-1: Calling delphi to calculate conformer (45/677) LYS01A0826_001 in /tmp/pbe_data.data.home.granepura.5-Kinases.Kinases_MCCE.Trial01.run_apo.3WZE_LYS01A0826_001
INFO - step3.py: ForkPoolWorker-1: Calling delphi to calculate conformer (46/677) LYS+1A0826_002 in /tmp/pbe_data.data.home.granepura.5-Kinases.Kinases_MCCE.Trial01.run_apo.3WZE_LYS+1A0826_002
INFO - step3.py: Skipping PBE solver for non-charge conformer (47/677) TRP01A0827_001...
INFO - step3.py: ForkPoolWorker-1: Calling delphi to calculate conformer (48/677) GLU01A0828_001 in /tmp/pbe_data.data.home.granepura.5-Kinases.Kinases_MCCE.Trial01.run_apo.3WZE_GLU01A0828_001
INFO - step3.py: ForkPoolWorker-1: Calling delphi to calculate conformer (49/677) GLU01A0828_002 in /tmp/pbe_data.data.home.granepura.5-Kinases.Kinases_MCCE.Trial01.run_apo.3WZE_GLU01A0828_002
INFO - step3.py: ForkPoolWorker-1: Calling delphi to calculate conformer (50/677) GLU02A0828_003 in /tmp/pbe_data.data.home.granepura.5-Kinases.Kinases_MCCE.Trial01.run_apo.3WZE_GLU02A0828_003
INFO - step3.py: ForkPoolWorker-1: Calling delphi to calculate conformer (51/677) GLU02A0828_004 in /tmp/pbe_data.data.home.granepura.5-Kinases.Kinases_MCCE.Trial01.run_apo.3WZE_GLU02A0828_004
INFO - step3.py: ForkPoolWorker-1: Calling delphi to calculate conformer (52/677) GLU-1A0828_005 in /tmp/pbe_data.data.home.granepura.5-Kinases.Kinases_MCCE.Trial01.run_apo.3WZE_GLU-1A0828_005
INFO - step3.py: Skipping PBE solver for non-charge conformer (53/677) PHE01A0829_001...
INFO - step3.py: Skipping PBE solver for non-charge conformer (54/677) PRO01A0830_001...
INFO - step3.py: ForkPoolWorker-1: Calling delphi to calculate conformer (55/677) ARG01A0831_001 in /tmp/pbe_data.data.home.granepura.5-Kinases.Kinases_MCCE.Trial01.run_apo.3WZE_ARG01A0831_001
INFO - step3.py: ForkPoolWorker-1: Calling delphi to calculate conformer (56/677) ARG02A0831_002 in /tmp/pbe_data.data.home.granepura.5-Kinases.Kinases_MCCE.Trial01.run_apo.3WZE_ARG02A0831_002
INFO - step3.py: ForkPoolWorker-1: Calling delphi to calculate conformer (57/677) ARG03A0831_003 in /tmp/pbe_data.data.home.granepura.5-Kinases.Kinases_MCCE.Trial01.run_apo.3WZE_ARG03A0831_003
INFO - step3.py: ForkPoolWorker-1: Calling delphi to calculate conformer (58/677) ARG03A0831_004 in /tmp/pbe_data.data.home.granepura.5-Kinases.Kinases_MCCE.Trial01.run_apo.3WZE_ARG03A0831_004
INFO - step3.py: ForkPoolWorker-1: Calling delphi to calculate conformer (59/677) ARG+1A0831_005 in /tmp/pbe_data.data.home.granepura.5-Kinases.Kinases_MCCE.Trial01.run_apo.3WZE_ARG+1A0831_005
INFO - step3.py: ForkPoolWorker-1: Calling delphi to calculate conformer (60/677) ASP01A0832_001 in /tmp/pbe_data.data.home.granepura.5-Kinases.Kinases_MCCE.Trial01.run_apo.3WZE_ASP01A0832_001
INFO - step3.py: ForkPoolWorker-1: Calling delphi to calculate conformer (61/677) ASP01A0832_002 in /tmp/pbe_data.data.home.granepura.5-Kinases.Kinases_MCCE.Trial01.run_apo.3WZE_ASP01A0832_002
INFO - step3.py: ForkPoolWorker-1: Calling delphi to calculate conformer (62/677) ASP02A0832_003 in /tmp/pbe_data.data.home.granepura.5-Kinases.Kinases_MCCE.Trial01.run_apo.3WZE_ASP02A0832_003
INFO - step3.py: ForkPoolWorker-1: Calling delphi to calculate conformer (63/677) ASP02A0832_004 in /tmp/pbe_data.data.home.granepura.5-Kinases.Kinases_MCCE.Trial01.run_apo.3WZE_ASP02A0832_004
INFO - step3.py: ForkPoolWorker-1: Calling delphi to calculate conformer (64/677) ASP-1A0832_005 in /tmp/pbe_data.data.home.granepura.5-Kinases.Kinases_MCCE.Trial01.run_apo.3WZE_ASP-1A0832_005
INFO - step3.py: ForkPoolWorker-1: Calling delphi to calculate conformer (65/677) ARG01A0833_001 in /tmp/pbe_data.data.home.granepura.5-Kinases.Kinases_MCCE.Trial01.run_apo.3WZE_ARG01A0833_001
INFO - step3.py: ForkPoolWorker-1: Calling delphi to calculate conformer (66/677) ARG02A0833_002 in /tmp/pbe_data.data.home.granepura.5-Kinases.Kinases_MCCE.Trial01.run_apo.3WZE_ARG02A0833_002
INFO - step3.py: ForkPoolWorker-1: Calling delphi to calculate conformer (67/677) ARG03A0833_003 in /tmp/pbe_data.data.home.granepura.5-Kinases.Kinases_MCCE.Trial01.run_apo.3WZE_ARG03A0833_003
INFO - step3.py: ForkPoolWorker-1: Calling delphi to calculate conformer (68/677) ARG+1A0833_004 in /tmp/pbe_data.data.home.granepura.5-Kinases.Kinases_MCCE.Trial01.run_apo.3WZE_ARG+1A0833_004
INFO - step3.py: Skipping PBE solver for non-charge conformer (69/677) LEU01A0834_001...
INFO - step3.py: ForkPoolWorker-1: Calling delphi to calculate conformer (70/677) LYS01A0835_001 in /tmp/pbe_data.data.home.granepura.5-Kinases.Kinases_MCCE.Trial01.run_apo.3WZE_LYS01A0835_001
INFO - step3.py: ForkPoolWorker-1: Calling delphi to calculate conformer (71/677) LYS+1A0835_002 in /tmp/pbe_data.data.home.granepura.5-Kinases.Kinases_MCCE.Trial01.run_apo.3WZE_LYS+1A0835_002
INFO - step3.py: Skipping PBE solver for non-charge conformer (72/677) LEU01A0836_001...
INFO - step3.py: ForkPoolWorker-1: Calling delphi to calculate conformer (73/677) LYS01A0838_001 in /tmp/pbe_data.data.home.granepura.5-Kinases.Kinases_MCCE.Trial01.run_apo.3WZE_LYS01A0838_001
INFO - step3.py: ForkPoolWorker-1: Calling delphi to calculate conformer (74/677) LYS+1A0838_002 in /tmp/pbe_data.data.home.granepura.5-Kinases.Kinases_MCCE.Trial01.run_apo.3WZE_LYS+1A0838_002
INFO - step3.py: Skipping PBE solver for non-charge conformer (75/677) PRO01A0839_001...
INFO - step3.py: Skipping PBE solver for non-charge conformer (76/677) LEU01A0840_001...
INFO - step3.py: ForkPoolWorker-1: Calling delphi to calculate conformer (77/677) ARG01A0842_001 in /tmp/pbe_data.data.home.granepura.5-Kinases.Kinases_MCCE.Trial01.run_apo.3WZE_ARG01A0842_001
INFO - step3.py: ForkPoolWorker-1: Calling delphi to calculate conformer (78/677) ARG02A0842_002 in /tmp/pbe_data.data.home.granepura.5-Kinases.Kinases_MCCE.Trial01.run_apo.3WZE_ARG02A0842_002
INFO - step3.py: ForkPoolWorker-1: Calling delphi to calculate conformer (79/677) ARG03A0842_003 in /tmp/pbe_data.data.home.granepura.5-Kinases.Kinases_MCCE.Trial01.run_apo.3WZE_ARG03A0842_003
INFO - step3.py: ForkPoolWorker-1: Calling delphi to calculate conformer (80/677) ARG+1A0842_004 in /tmp/pbe_data.data.home.granepura.5-Kinases.Kinases_MCCE.Trial01.run_apo.3WZE_ARG+1A0842_004
INFO - step3.py: Skipping PBE solver for non-charge conformer (81/677) ALA01A0844_001...
INFO - step3.py: Skipping PBE solver for non-charge conformer (82/677) PHE01A0845_001...
INFO - step3.py: ForkPoolWorker-1: Calling delphi to calculate conformer (83/677) GLN01A0847_001 in /tmp/pbe_data.data.home.granepura.5-Kinases.Kinases_MCCE.Trial01.run_apo.3WZE_GLN01A0847_001
INFO - step3.py: ForkPoolWorker-1: Calling delphi to calculate conformer (84/677) GLN01A0847_002 in /tmp/pbe_data.data.home.granepura.5-Kinases.Kinases_MCCE.Trial01.run_apo.3WZE_GLN01A0847_002
INFO - step3.py: Skipping PBE solver for non-charge conformer (85/677) VAL01A0848_001...
INFO - step3.py: Skipping PBE solver for non-charge conformer (86/677) ILE01A0849_001...
INFO - step3.py: ForkPoolWorker-1: Calling delphi to calculate conformer (87/677) GLU01A0850_001 in /tmp/pbe_data.data.home.granepura.5-Kinases.Kinases_MCCE.Trial01.run_apo.3WZE_GLU01A0850_001
INFO - step3.py: ForkPoolWorker-1: Calling delphi to calculate conformer (88/677) GLU01A0850_002 in /tmp/pbe_data.data.home.granepura.5-Kinases.Kinases_MCCE.Trial01.run_apo.3WZE_GLU01A0850_002
INFO - step3.py: ForkPoolWorker-1: Calling delphi to calculate conformer (89/677) GLU02A0850_003 in /tmp/pbe_data.data.home.granepura.5-Kinases.Kinases_MCCE.Trial01.run_apo.3WZE_GLU02A0850_003
INFO - step3.py: ForkPoolWorker-1: Calling delphi to calculate conformer (90/677) GLU02A0850_004 in /tmp/pbe_data.data.home.granepura.5-Kinases.Kinases_MCCE.Trial01.run_apo.3WZE_GLU02A0850_004
INFO - step3.py: ForkPoolWorker-1: Calling delphi to calculate conformer (91/677) GLU-1A0850_005 in /tmp/pbe_data.data.home.granepura.5-Kinases.Kinases_MCCE.Trial01.run_apo.3WZE_GLU-1A0850_005
INFO - step3.py: Skipping PBE solver for non-charge conformer (92/677) ALA01A0851_001...
INFO - step3.py: ForkPoolWorker-1: Calling delphi to calculate conformer (93/677) ASP01A0852_001 in /tmp/pbe_data.data.home.granepura.5-Kinases.Kinases_MCCE.Trial01.run_apo.3WZE_ASP01A0852_001
INFO - step3.py: ForkPoolWorker-1: Calling delphi to calculate conformer (94/677) ASP01A0852_002 in /tmp/pbe_data.data.home.granepura.5-Kinases.Kinases_MCCE.Trial01.run_apo.3WZE_ASP01A0852_002
INFO - step3.py: ForkPoolWorker-1: Calling delphi to calculate conformer (95/677) ASP02A0852_003 in /tmp/pbe_data.data.home.granepura.5-Kinases.Kinases_MCCE.Trial01.run_apo.3WZE_ASP02A0852_003
INFO - step3.py: ForkPoolWorker-1: Calling delphi to calculate conformer (96/677) ASP02A0852_004 in /tmp/pbe_data.data.home.granepura.5-Kinases.Kinases_MCCE.Trial01.run_apo.3WZE_ASP02A0852_004
INFO - step3.py: ForkPoolWorker-1: Calling delphi to calculate conformer (97/677) ASP-1A0852_005 in /tmp/pbe_data.data.home.granepura.5-Kinases.Kinases_MCCE.Trial01.run_apo.3WZE_ASP-1A0852_005
INFO - step3.py: Skipping PBE solver for non-charge conformer (98/677) ALA01A0853_001...
INFO - step3.py: Skipping PBE solver for non-charge conformer (99/677) PHE01A0854_001...
INFO - step3.py: Skipping PBE solver for non-charge conformer (100/677) ILE01A0856_001...
INFO - step3.py: ForkPoolWorker-1: Calling delphi to calculate conformer (101/677) ASP01A0857_001 in /tmp/pbe_data.data.home.granepura.5-Kinases.Kinases_MCCE.Trial01.run_apo.3WZE_ASP01A0857_001
INFO - step3.py: ForkPoolWorker-1: Calling delphi to calculate conformer (102/677) ASP01A0857_002 in /tmp/pbe_data.data.home.granepura.5-Kinases.Kinases_MCCE.Trial01.run_apo.3WZE_ASP01A0857_002
INFO - step3.py: ForkPoolWorker-1: Calling delphi to calculate conformer (103/677) ASP02A0857_003 in /tmp/pbe_data.data.home.granepura.5-Kinases.Kinases_MCCE.Trial01.run_apo.3WZE_ASP02A0857_003
INFO - step3.py: ForkPoolWorker-1: Calling delphi to calculate conformer (104/677) ASP02A0857_004 in /tmp/pbe_data.data.home.granepura.5-Kinases.Kinases_MCCE.Trial01.run_apo.3WZE_ASP02A0857_004
INFO - step3.py: ForkPoolWorker-1: Calling delphi to calculate conformer (105/677) ASP-1A0857_005 in /tmp/pbe_data.data.home.granepura.5-Kinases.Kinases_MCCE.Trial01.run_apo.3WZE_ASP-1A0857_005
INFO - step3.py: ForkPoolWorker-1: Calling delphi to calculate conformer (106/677) LYS01A0858_001 in /tmp/pbe_data.data.home.granepura.5-Kinases.Kinases_MCCE.Trial01.run_apo.3WZE_LYS01A0858_001
INFO - step3.py: ForkPoolWorker-1: Calling delphi to calculate conformer (107/677) LYS+1A0858_002 in /tmp/pbe_data.data.home.granepura.5-Kinases.Kinases_MCCE.Trial01.run_apo.3WZE_LYS+1A0858_002
INFO - step3.py: ForkPoolWorker-1: Calling delphi to calculate conformer (108/677) THR01A0859_001 in /tmp/pbe_data.data.home.granepura.5-Kinases.Kinases_MCCE.Trial01.run_apo.3WZE_THR01A0859_001
INFO - step3.py: Skipping PBE solver for non-charge conformer (109/677) ALA01A0860_001...
INFO - step3.py: ForkPoolWorker-1: Calling delphi to calculate conformer (110/677) THR01A0861_001 in /tmp/pbe_data.data.home.granepura.5-Kinases.Kinases_MCCE.Trial01.run_apo.3WZE_THR01A0861_001
INFO - step3.py: ForkPoolWorker-1: Calling delphi to calculate conformer (111/677) THR01A0861_002 in /tmp/pbe_data.data.home.granepura.5-Kinases.Kinases_MCCE.Trial01.run_apo.3WZE_THR01A0861_002
INFO - step3.py: ForkPoolWorker-1: Calling delphi to calculate conformer (112/677) THR01A0861_003 in /tmp/pbe_data.data.home.granepura.5-Kinases.Kinases_MCCE.Trial01.run_apo.3WZE_THR01A0861_003
INFO - step3.py: ForkPoolWorker-1: Calling delphi to calculate conformer (113/677) CYS01A0862_001 in /tmp/pbe_data.data.home.granepura.5-Kinases.Kinases_MCCE.Trial01.run_apo.3WZE_CYS01A0862_001
INFO - step3.py: ForkPoolWorker-1: Calling delphi to calculate conformer (114/677) CYS01A0862_002 in /tmp/pbe_data.data.home.granepura.5-Kinases.Kinases_MCCE.Trial01.run_apo.3WZE_CYS01A0862_002
INFO - step3.py: ForkPoolWorker-1: Calling delphi to calculate conformer (115/677) CYS01A0862_003 in /tmp/pbe_data.data.home.granepura.5-Kinases.Kinases_MCCE.Trial01.run_apo.3WZE_CYS01A0862_003
INFO - step3.py: ForkPoolWorker-1: Calling delphi to calculate conformer (116/677) CYS-1A0862_004 in /tmp/pbe_data.data.home.granepura.5-Kinases.Kinases_MCCE.Trial01.run_apo.3WZE_CYS-1A0862_004
INFO - step3.py: ForkPoolWorker-1: Calling delphi to calculate conformer (117/677) ARG01A0863_001 in /tmp/pbe_data.data.home.granepura.5-Kinases.Kinases_MCCE.Trial01.run_apo.3WZE_ARG01A0863_001
INFO - step3.py: ForkPoolWorker-1: Calling delphi to calculate conformer (118/677) ARG02A0863_002 in /tmp/pbe_data.data.home.granepura.5-Kinases.Kinases_MCCE.Trial01.run_apo.3WZE_ARG02A0863_002
INFO - step3.py: ForkPoolWorker-1: Calling delphi to calculate conformer (119/677) ARG02A0863_003 in /tmp/pbe_data.data.home.granepura.5-Kinases.Kinases_MCCE.Trial01.run_apo.3WZE_ARG02A0863_003
INFO - step3.py: ForkPoolWorker-1: Calling delphi to calculate conformer (120/677) ARG03A0863_004 in /tmp/pbe_data.data.home.granepura.5-Kinases.Kinases_MCCE.Trial01.run_apo.3WZE_ARG03A0863_004
INFO - step3.py: ForkPoolWorker-1: Calling delphi to calculate conformer (121/677) ARG+1A0863_005 in /tmp/pbe_data.data.home.granepura.5-Kinases.Kinases_MCCE.Trial01.run_apo.3WZE_ARG+1A0863_005
INFO - step3.py: ForkPoolWorker-1: Calling delphi to calculate conformer (122/677) THR01A0864_001 in /tmp/pbe_data.data.home.granepura.5-Kinases.Kinases_MCCE.Trial01.run_apo.3WZE_THR01A0864_001
INFO - step3.py: ForkPoolWorker-1: Calling delphi to calculate conformer (123/677) THR01A0864_002 in /tmp/pbe_data.data.home.granepura.5-Kinases.Kinases_MCCE.Trial01.run_apo.3WZE_THR01A0864_002
INFO - step3.py: Skipping PBE solver for non-charge conformer (124/677) VAL01A0865_001...
INFO - step3.py: Skipping PBE solver for non-charge conformer (125/677) ALA01A0866_001...
INFO - step3.py: Skipping PBE solver for non-charge conformer (126/677) VAL01A0867_001...
INFO - step3.py: ForkPoolWorker-1: Calling delphi to calculate conformer (127/677) LYS01A0868_001 in /tmp/pbe_data.data.home.granepura.5-Kinases.Kinases_MCCE.Trial01.run_apo.3WZE_LYS01A0868_001
INFO - step3.py: ForkPoolWorker-1: Calling delphi to calculate conformer (128/677) LYS+1A0868_002 in /tmp/pbe_data.data.home.granepura.5-Kinases.Kinases_MCCE.Trial01.run_apo.3WZE_LYS+1A0868_002
INFO - step3.py: ForkPoolWorker-1: Calling delphi to calculate conformer (129/677) MET01A0869_001 in /tmp/pbe_data.data.home.granepura.5-Kinases.Kinases_MCCE.Trial01.run_apo.3WZE_MET01A0869_001
INFO - step3.py: Skipping PBE solver for non-charge conformer (130/677) LEU01A0870_001...
INFO - step3.py: ForkPoolWorker-1: Calling delphi to calculate conformer (131/677) LYS01A0871_001 in /tmp/pbe_data.data.home.granepura.5-Kinases.Kinases_MCCE.Trial01.run_apo.3WZE_LYS01A0871_001
INFO - step3.py: ForkPoolWorker-1: Calling delphi to calculate conformer (132/677) LYS+1A0871_002 in /tmp/pbe_data.data.home.granepura.5-Kinases.Kinases_MCCE.Trial01.run_apo.3WZE_LYS+1A0871_002
INFO - step3.py: ForkPoolWorker-1: Calling delphi to calculate conformer (133/677) GLU01A0872_001 in /tmp/pbe_data.data.home.granepura.5-Kinases.Kinases_MCCE.Trial01.run_apo.3WZE_GLU01A0872_001
INFO - step3.py: ForkPoolWorker-1: Calling delphi to calculate conformer (134/677) GLU01A0872_002 in /tmp/pbe_data.data.home.granepura.5-Kinases.Kinases_MCCE.Trial01.run_apo.3WZE_GLU01A0872_002
INFO - step3.py: ForkPoolWorker-1: Calling delphi to calculate conformer (135/677) GLU02A0872_003 in /tmp/pbe_data.data.home.granepura.5-Kinases.Kinases_MCCE.Trial01.run_apo.3WZE_GLU02A0872_003
INFO - step3.py: ForkPoolWorker-1: Calling delphi to calculate conformer (136/677) GLU02A0872_004 in /tmp/pbe_data.data.home.granepura.5-Kinases.Kinases_MCCE.Trial01.run_apo.3WZE_GLU02A0872_004
INFO - step3.py: ForkPoolWorker-1: Calling delphi to calculate conformer (137/677) GLU-1A0872_005 in /tmp/pbe_data.data.home.granepura.5-Kinases.Kinases_MCCE.Trial01.run_apo.3WZE_GLU-1A0872_005
INFO - step3.py: Skipping PBE solver for non-charge conformer (138/677) ALA01A0874_001...
INFO - step3.py: ForkPoolWorker-1: Calling delphi to calculate conformer (139/677) THR01A0875_001 in /tmp/pbe_data.data.home.granepura.5-Kinases.Kinases_MCCE.Trial01.run_apo.3WZE_THR01A0875_001
INFO - step3.py: ForkPoolWorker-1: Calling delphi to calculate conformer (140/677) THR01A0875_002 in /tmp/pbe_data.data.home.granepura.5-Kinases.Kinases_MCCE.Trial01.run_apo.3WZE_THR01A0875_002
INFO - step3.py: ForkPoolWorker-1: Calling delphi to calculate conformer (141/677) THR01A0875_003 in /tmp/pbe_data.data.home.granepura.5-Kinases.Kinases_MCCE.Trial01.run_apo.3WZE_THR01A0875_003
INFO - step3.py: ForkPoolWorker-1: Calling delphi to calculate conformer (142/677) THR01A0875_004 in /tmp/pbe_data.data.home.granepura.5-Kinases.Kinases_MCCE.Trial01.run_apo.3WZE_THR01A0875_004
INFO - step3.py: ForkPoolWorker-1: Calling delphi to calculate conformer (143/677) HIS01A0876_001 in /tmp/pbe_data.data.home.granepura.5-Kinases.Kinases_MCCE.Trial01.run_apo.3WZE_HIS01A0876_001
INFO - step3.py: ForkPoolWorker-1: Calling delphi to calculate conformer (144/677) HIS01A0876_002 in /tmp/pbe_data.data.home.granepura.5-Kinases.Kinases_MCCE.Trial01.run_apo.3WZE_HIS01A0876_002
INFO - step3.py: ForkPoolWorker-1: Calling delphi to calculate conformer (145/677) HIS01A0876_003 in /tmp/pbe_data.data.home.granepura.5-Kinases.Kinases_MCCE.Trial01.run_apo.3WZE_HIS01A0876_003
INFO - step3.py: ForkPoolWorker-1: Calling delphi to calculate conformer (146/677) HIS02A0876_004 in /tmp/pbe_data.data.home.granepura.5-Kinases.Kinases_MCCE.Trial01.run_apo.3WZE_HIS02A0876_004
INFO - step3.py: ForkPoolWorker-1: Calling delphi to calculate conformer (147/677) HIS02A0876_005 in /tmp/pbe_data.data.home.granepura.5-Kinases.Kinases_MCCE.Trial01.run_apo.3WZE_HIS02A0876_005
INFO - step3.py: ForkPoolWorker-1: Calling delphi to calculate conformer (148/677) HIS02A0876_006 in /tmp/pbe_data.data.home.granepura.5-Kinases.Kinases_MCCE.Trial01.run_apo.3WZE_HIS02A0876_006
INFO - step3.py: ForkPoolWorker-1: Calling delphi to calculate conformer (149/677) HIS+1A0876_007 in /tmp/pbe_data.data.home.granepura.5-Kinases.Kinases_MCCE.Trial01.run_apo.3WZE_HIS+1A0876_007
INFO - step3.py: ForkPoolWorker-1: Calling delphi to calculate conformer (150/677) HIS+1A0876_008 in /tmp/pbe_data.data.home.granepura.5-Kinases.Kinases_MCCE.Trial01.run_apo.3WZE_HIS+1A0876_008
INFO - step3.py: ForkPoolWorker-1: Calling delphi to calculate conformer (151/677) HIS+1A0876_009 in /tmp/pbe_data.data.home.granepura.5-Kinases.Kinases_MCCE.Trial01.run_apo.3WZE_HIS+1A0876_009
INFO - step3.py: ForkPoolWorker-1: Calling delphi to calculate conformer (152/677) SER01A0877_001 in /tmp/pbe_data.data.home.granepura.5-Kinases.Kinases_MCCE.Trial01.run_apo.3WZE_SER01A0877_001
INFO - step3.py: ForkPoolWorker-1: Calling delphi to calculate conformer (153/677) SER01A0877_002 in /tmp/pbe_data.data.home.granepura.5-Kinases.Kinases_MCCE.Trial01.run_apo.3WZE_SER01A0877_002
INFO - step3.py: ForkPoolWorker-1: Calling delphi to calculate conformer (154/677) SER01A0877_003 in /tmp/pbe_data.data.home.granepura.5-Kinases.Kinases_MCCE.Trial01.run_apo.3WZE_SER01A0877_003
INFO - step3.py: ForkPoolWorker-1: Calling delphi to calculate conformer (155/677) SER01A0877_004 in /tmp/pbe_data.data.home.granepura.5-Kinases.Kinases_MCCE.Trial01.run_apo.3WZE_SER01A0877_004
INFO - step3.py: ForkPoolWorker-1: Calling delphi to calculate conformer (156/677) GLU01A0878_001 in /tmp/pbe_data.data.home.granepura.5-Kinases.Kinases_MCCE.Trial01.run_apo.3WZE_GLU01A0878_001
INFO - step3.py: ForkPoolWorker-1: Calling delphi to calculate conformer (157/677) GLU01A0878_002 in /tmp/pbe_data.data.home.granepura.5-Kinases.Kinases_MCCE.Trial01.run_apo.3WZE_GLU01A0878_002
INFO - step3.py: ForkPoolWorker-1: Calling delphi to calculate conformer (158/677) GLU02A0878_003 in /tmp/pbe_data.data.home.granepura.5-Kinases.Kinases_MCCE.Trial01.run_apo.3WZE_GLU02A0878_003
INFO - step3.py: ForkPoolWorker-1: Calling delphi to calculate conformer (159/677) GLU02A0878_004 in /tmp/pbe_data.data.home.granepura.5-Kinases.Kinases_MCCE.Trial01.run_apo.3WZE_GLU02A0878_004
INFO - step3.py: ForkPoolWorker-1: Calling delphi to calculate conformer (160/677) GLU-1A0878_005 in /tmp/pbe_data.data.home.granepura.5-Kinases.Kinases_MCCE.Trial01.run_apo.3WZE_GLU-1A0878_005
INFO - step3.py: ForkPoolWorker-1: Calling delphi to calculate conformer (161/677) HIS01A0879_001 in /tmp/pbe_data.data.home.granepura.5-Kinases.Kinases_MCCE.Trial01.run_apo.3WZE_HIS01A0879_001
INFO - step3.py: ForkPoolWorker-1: Calling delphi to calculate conformer (162/677) HIS01A0879_002 in /tmp/pbe_data.data.home.granepura.5-Kinases.Kinases_MCCE.Trial01.run_apo.3WZE_HIS01A0879_002
INFO - step3.py: ForkPoolWorker-1: Calling delphi to calculate conformer (163/677) HIS02A0879_003 in /tmp/pbe_data.data.home.granepura.5-Kinases.Kinases_MCCE.Trial01.run_apo.3WZE_HIS02A0879_003
INFO - step3.py: ForkPoolWorker-1: Calling delphi to calculate conformer (164/677) HIS02A0879_004 in /tmp/pbe_data.data.home.granepura.5-Kinases.Kinases_MCCE.Trial01.run_apo.3WZE_HIS02A0879_004
INFO - step3.py: ForkPoolWorker-1: Calling delphi to calculate conformer (165/677) HIS+1A0879_005 in /tmp/pbe_data.data.home.granepura.5-Kinases.Kinases_MCCE.Trial01.run_apo.3WZE_HIS+1A0879_005
INFO - step3.py: ForkPoolWorker-1: Calling delphi to calculate conformer (166/677) HIS+1A0879_006 in /tmp/pbe_data.data.home.granepura.5-Kinases.Kinases_MCCE.Trial01.run_apo.3WZE_HIS+1A0879_006
INFO - step3.py: ForkPoolWorker-1: Calling delphi to calculate conformer (167/677) ARG01A0880_001 in /tmp/pbe_data.data.home.granepura.5-Kinases.Kinases_MCCE.Trial01.run_apo.3WZE_ARG01A0880_001
INFO - step3.py: ForkPoolWorker-1: Calling delphi to calculate conformer (168/677) ARG02A0880_002 in /tmp/pbe_data.data.home.granepura.5-Kinases.Kinases_MCCE.Trial01.run_apo.3WZE_ARG02A0880_002
INFO - step3.py: ForkPoolWorker-1: Calling delphi to calculate conformer (169/677) ARG03A0880_003 in /tmp/pbe_data.data.home.granepura.5-Kinases.Kinases_MCCE.Trial01.run_apo.3WZE_ARG03A0880_003
INFO - step3.py: ForkPoolWorker-1: Calling delphi to calculate conformer (170/677) ARG03A0880_004 in /tmp/pbe_data.data.home.granepura.5-Kinases.Kinases_MCCE.Trial01.run_apo.3WZE_ARG03A0880_004
INFO - step3.py: ForkPoolWorker-1: Calling delphi to calculate conformer (171/677) ARG+1A0880_005 in /tmp/pbe_data.data.home.granepura.5-Kinases.Kinases_MCCE.Trial01.run_apo.3WZE_ARG+1A0880_005
INFO - step3.py: Skipping PBE solver for non-charge conformer (172/677) ALA01A0881_001...
INFO - step3.py: Skipping PBE solver for non-charge conformer (173/677) LEU01A0882_001...
INFO - step3.py: ForkPoolWorker-1: Calling delphi to calculate conformer (174/677) MET01A0883_001 in /tmp/pbe_data.data.home.granepura.5-Kinases.Kinases_MCCE.Trial01.run_apo.3WZE_MET01A0883_001
INFO - step3.py: ForkPoolWorker-1: Calling delphi to calculate conformer (175/677) SER01A0884_001 in /tmp/pbe_data.data.home.granepura.5-Kinases.Kinases_MCCE.Trial01.run_apo.3WZE_SER01A0884_001
INFO - step3.py: ForkPoolWorker-1: Calling delphi to calculate conformer (176/677) GLU01A0885_001 in /tmp/pbe_data.data.home.granepura.5-Kinases.Kinases_MCCE.Trial01.run_apo.3WZE_GLU01A0885_001
INFO - step3.py: ForkPoolWorker-1: Calling delphi to calculate conformer (177/677) GLU01A0885_002 in /tmp/pbe_data.data.home.granepura.5-Kinases.Kinases_MCCE.Trial01.run_apo.3WZE_GLU01A0885_002
INFO - step3.py: ForkPoolWorker-1: Calling delphi to calculate conformer (178/677) GLU01A0885_003 in /tmp/pbe_data.data.home.granepura.5-Kinases.Kinases_MCCE.Trial01.run_apo.3WZE_GLU01A0885_003
INFO - step3.py: ForkPoolWorker-1: Calling delphi to calculate conformer (179/677) GLU01A0885_004 in /tmp/pbe_data.data.home.granepura.5-Kinases.Kinases_MCCE.Trial01.run_apo.3WZE_GLU01A0885_004
INFO - step3.py: ForkPoolWorker-1: Calling delphi to calculate conformer (180/677) GLU02A0885_005 in /tmp/pbe_data.data.home.granepura.5-Kinases.Kinases_MCCE.Trial01.run_apo.3WZE_GLU02A0885_005
INFO - step3.py: ForkPoolWorker-1: Calling delphi to calculate conformer (181/677) GLU02A0885_006 in /tmp/pbe_data.data.home.granepura.5-Kinases.Kinases_MCCE.Trial01.run_apo.3WZE_GLU02A0885_006
INFO - step3.py: ForkPoolWorker-1: Calling delphi to calculate conformer (182/677) GLU02A0885_007 in /tmp/pbe_data.data.home.granepura.5-Kinases.Kinases_MCCE.Trial01.run_apo.3WZE_GLU02A0885_007
INFO - step3.py: ForkPoolWorker-1: Calling delphi to calculate conformer (183/677) GLU02A0885_008 in /tmp/pbe_data.data.home.granepura.5-Kinases.Kinases_MCCE.Trial01.run_apo.3WZE_GLU02A0885_008
INFO - step3.py: ForkPoolWorker-1: Calling delphi to calculate conformer (184/677) GLU-1A0885_009 in /tmp/pbe_data.data.home.granepura.5-Kinases.Kinases_MCCE.Trial01.run_apo.3WZE_GLU-1A0885_009
INFO - step3.py: ForkPoolWorker-1: Calling delphi to calculate conformer (185/677) GLU-1A0885_010 in /tmp/pbe_data.data.home.granepura.5-Kinases.Kinases_MCCE.Trial01.run_apo.3WZE_GLU-1A0885_010
INFO - step3.py: Skipping PBE solver for non-charge conformer (186/677) LEU01A0886_001...
INFO - step3.py: ForkPoolWorker-1: Calling delphi to calculate conformer (187/677) LYS01A0887_001 in /tmp/pbe_data.data.home.granepura.5-Kinases.Kinases_MCCE.Trial01.run_apo.3WZE_LYS01A0887_001
INFO - step3.py: ForkPoolWorker-1: Calling delphi to calculate conformer (188/677) LYS+1A0887_002 in /tmp/pbe_data.data.home.granepura.5-Kinases.Kinases_MCCE.Trial01.run_apo.3WZE_LYS+1A0887_002
INFO - step3.py: Skipping PBE solver for non-charge conformer (189/677) ILE01A0888_001...
INFO - step3.py: Skipping PBE solver for non-charge conformer (190/677) LEU01A0889_001...
INFO - step3.py: Skipping PBE solver for non-charge conformer (191/677) ILE01A0890_001...
INFO - step3.py: ForkPoolWorker-1: Calling delphi to calculate conformer (192/677) HIS01A0891_001 in /tmp/pbe_data.data.home.granepura.5-Kinases.Kinases_MCCE.Trial01.run_apo.3WZE_HIS01A0891_001
INFO - step3.py: ForkPoolWorker-1: Calling delphi to calculate conformer (193/677) HIS01A0891_002 in /tmp/pbe_data.data.home.granepura.5-Kinases.Kinases_MCCE.Trial01.run_apo.3WZE_HIS01A0891_002
INFO - step3.py: ForkPoolWorker-1: Calling delphi to calculate conformer (194/677) HIS02A0891_003 in /tmp/pbe_data.data.home.granepura.5-Kinases.Kinases_MCCE.Trial01.run_apo.3WZE_HIS02A0891_003
INFO - step3.py: ForkPoolWorker-1: Calling delphi to calculate conformer (195/677) HIS02A0891_004 in /tmp/pbe_data.data.home.granepura.5-Kinases.Kinases_MCCE.Trial01.run_apo.3WZE_HIS02A0891_004
INFO - step3.py: ForkPoolWorker-1: Calling delphi to calculate conformer (196/677) HIS+1A0891_005 in /tmp/pbe_data.data.home.granepura.5-Kinases.Kinases_MCCE.Trial01.run_apo.3WZE_HIS+1A0891_005
INFO - step3.py: ForkPoolWorker-1: Calling delphi to calculate conformer (197/677) HIS+1A0891_006 in /tmp/pbe_data.data.home.granepura.5-Kinases.Kinases_MCCE.Trial01.run_apo.3WZE_HIS+1A0891_006
INFO - step3.py: Skipping PBE solver for non-charge conformer (198/677) ILE01A0892_001...
INFO - step3.py: ForkPoolWorker-1: Calling delphi to calculate conformer (199/677) HIS01A0894_001 in /tmp/pbe_data.data.home.granepura.5-Kinases.Kinases_MCCE.Trial01.run_apo.3WZE_HIS01A0894_001
INFO - step3.py: ForkPoolWorker-1: Calling delphi to calculate conformer (200/677) HIS01A0894_002 in /tmp/pbe_data.data.home.granepura.5-Kinases.Kinases_MCCE.Trial01.run_apo.3WZE_HIS01A0894_002
INFO - step3.py: ForkPoolWorker-1: Calling delphi to calculate conformer (201/677) HIS02A0894_003 in /tmp/pbe_data.data.home.granepura.5-Kinases.Kinases_MCCE.Trial01.run_apo.3WZE_HIS02A0894_003
INFO - step3.py: ForkPoolWorker-1: Calling delphi to calculate conformer (202/677) HIS02A0894_004 in /tmp/pbe_data.data.home.granepura.5-Kinases.Kinases_MCCE.Trial01.run_apo.3WZE_HIS02A0894_004
INFO - step3.py: ForkPoolWorker-1: Calling delphi to calculate conformer (203/677) HIS+1A0894_005 in /tmp/pbe_data.data.home.granepura.5-Kinases.Kinases_MCCE.Trial01.run_apo.3WZE_HIS+1A0894_005
INFO - step3.py: ForkPoolWorker-1: Calling delphi to calculate conformer (204/677) HIS+1A0894_006 in /tmp/pbe_data.data.home.granepura.5-Kinases.Kinases_MCCE.Trial01.run_apo.3WZE_HIS+1A0894_006
INFO - step3.py: ForkPoolWorker-1: Calling delphi to calculate conformer (205/677) HIS01A0895_001 in /tmp/pbe_data.data.home.granepura.5-Kinases.Kinases_MCCE.Trial01.run_apo.3WZE_HIS01A0895_001
INFO - step3.py: ForkPoolWorker-1: Calling delphi to calculate conformer (206/677) HIS01A0895_002 in /tmp/pbe_data.data.home.granepura.5-Kinases.Kinases_MCCE.Trial01.run_apo.3WZE_HIS01A0895_002
INFO - step3.py: ForkPoolWorker-1: Calling delphi to calculate conformer (207/677) HIS02A0895_003 in /tmp/pbe_data.data.home.granepura.5-Kinases.Kinases_MCCE.Trial01.run_apo.3WZE_HIS02A0895_003
INFO - step3.py: ForkPoolWorker-1: Calling delphi to calculate conformer (208/677) HIS02A0895_004 in /tmp/pbe_data.data.home.granepura.5-Kinases.Kinases_MCCE.Trial01.run_apo.3WZE_HIS02A0895_004
INFO - step3.py: ForkPoolWorker-1: Calling delphi to calculate conformer (209/677) HIS+1A0895_005 in /tmp/pbe_data.data.home.granepura.5-Kinases.Kinases_MCCE.Trial01.run_apo.3WZE_HIS+1A0895_005
INFO - step3.py: ForkPoolWorker-1: Calling delphi to calculate conformer (210/677) HIS+1A0895_006 in /tmp/pbe_data.data.home.granepura.5-Kinases.Kinases_MCCE.Trial01.run_apo.3WZE_HIS+1A0895_006
INFO - step3.py: Skipping PBE solver for non-charge conformer (211/677) LEU01A0896_001...
INFO - step3.py: ForkPoolWorker-1: Calling delphi to calculate conformer (212/677) ASN01A0897_001 in /tmp/pbe_data.data.home.granepura.5-Kinases.Kinases_MCCE.Trial01.run_apo.3WZE_ASN01A0897_001
INFO - step3.py: ForkPoolWorker-1: Calling delphi to calculate conformer (213/677) ASN01A0897_002 in /tmp/pbe_data.data.home.granepura.5-Kinases.Kinases_MCCE.Trial01.run_apo.3WZE_ASN01A0897_002
INFO - step3.py: Skipping PBE solver for non-charge conformer (214/677) VAL01A0898_001...
INFO - step3.py: Skipping PBE solver for non-charge conformer (215/677) VAL01A0899_001...
INFO - step3.py: ForkPoolWorker-1: Calling delphi to calculate conformer (216/677) ASN01A0900_001 in /tmp/pbe_data.data.home.granepura.5-Kinases.Kinases_MCCE.Trial01.run_apo.3WZE_ASN01A0900_001
INFO - step3.py: ForkPoolWorker-1: Calling delphi to calculate conformer (217/677) ASN01A0900_002 in /tmp/pbe_data.data.home.granepura.5-Kinases.Kinases_MCCE.Trial01.run_apo.3WZE_ASN01A0900_002
INFO - step3.py: Skipping PBE solver for non-charge conformer (218/677) LEU01A0901_001...
INFO - step3.py: Skipping PBE solver for non-charge conformer (219/677) LEU01A0902_001...
INFO - step3.py: Skipping PBE solver for non-charge conformer (220/677) ALA01A0904_001...
INFO - step3.py: ForkPoolWorker-1: Calling delphi to calculate conformer (221/677) CYS01A0905_001 in /tmp/pbe_data.data.home.granepura.5-Kinases.Kinases_MCCE.Trial01.run_apo.3WZE_CYS01A0905_001
INFO - step3.py: ForkPoolWorker-1: Calling delphi to calculate conformer (222/677) CYS01A0905_002 in /tmp/pbe_data.data.home.granepura.5-Kinases.Kinases_MCCE.Trial01.run_apo.3WZE_CYS01A0905_002
INFO - step3.py: ForkPoolWorker-1: Calling delphi to calculate conformer (223/677) CYS01A0905_003 in /tmp/pbe_data.data.home.granepura.5-Kinases.Kinases_MCCE.Trial01.run_apo.3WZE_CYS01A0905_003
INFO - step3.py: ForkPoolWorker-1: Calling delphi to calculate conformer (224/677) CYS-1A0905_004 in /tmp/pbe_data.data.home.granepura.5-Kinases.Kinases_MCCE.Trial01.run_apo.3WZE_CYS-1A0905_004
INFO - step3.py: ForkPoolWorker-1: Calling delphi to calculate conformer (225/677) THR01A0906_001 in /tmp/pbe_data.data.home.granepura.5-Kinases.Kinases_MCCE.Trial01.run_apo.3WZE_THR01A0906_001
INFO - step3.py: ForkPoolWorker-1: Calling delphi to calculate conformer (226/677) THR01A0906_002 in /tmp/pbe_data.data.home.granepura.5-Kinases.Kinases_MCCE.Trial01.run_apo.3WZE_THR01A0906_002
INFO - step3.py: ForkPoolWorker-1: Calling delphi to calculate conformer (227/677) THR01A0906_003 in /tmp/pbe_data.data.home.granepura.5-Kinases.Kinases_MCCE.Trial01.run_apo.3WZE_THR01A0906_003
INFO - step3.py: ForkPoolWorker-1: Calling delphi to calculate conformer (228/677) LYS01A0907_001 in /tmp/pbe_data.data.home.granepura.5-Kinases.Kinases_MCCE.Trial01.run_apo.3WZE_LYS01A0907_001
INFO - step3.py: ForkPoolWorker-1: Calling delphi to calculate conformer (229/677) LYS+1A0907_002 in /tmp/pbe_data.data.home.granepura.5-Kinases.Kinases_MCCE.Trial01.run_apo.3WZE_LYS+1A0907_002
INFO - step3.py: Skipping PBE solver for non-charge conformer (230/677) PRO01A0908_001...
INFO - step3.py: Skipping PBE solver for non-charge conformer (231/677) PRO01A0911_001...
INFO - step3.py: Skipping PBE solver for non-charge conformer (232/677) LEU01A0912_001...
INFO - step3.py: ForkPoolWorker-1: Calling delphi to calculate conformer (233/677) MET01A0913_001 in /tmp/pbe_data.data.home.granepura.5-Kinases.Kinases_MCCE.Trial01.run_apo.3WZE_MET01A0913_001
INFO - step3.py: Skipping PBE solver for non-charge conformer (234/677) VAL01A0914_001...
INFO - step3.py: Skipping PBE solver for non-charge conformer (235/677) ILE01A0915_001...
INFO - step3.py: Skipping PBE solver for non-charge conformer (236/677) VAL01A0916_001...
INFO - step3.py: ForkPoolWorker-1: Calling delphi to calculate conformer (237/677) GLU01A0917_001 in /tmp/pbe_data.data.home.granepura.5-Kinases.Kinases_MCCE.Trial01.run_apo.3WZE_GLU01A0917_001
INFO - step3.py: ForkPoolWorker-1: Calling delphi to calculate conformer (238/677) GLU01A0917_002 in /tmp/pbe_data.data.home.granepura.5-Kinases.Kinases_MCCE.Trial01.run_apo.3WZE_GLU01A0917_002
INFO - step3.py: ForkPoolWorker-1: Calling delphi to calculate conformer (239/677) GLU02A0917_003 in /tmp/pbe_data.data.home.granepura.5-Kinases.Kinases_MCCE.Trial01.run_apo.3WZE_GLU02A0917_003
INFO - step3.py: ForkPoolWorker-1: Calling delphi to calculate conformer (240/677) GLU02A0917_004 in /tmp/pbe_data.data.home.granepura.5-Kinases.Kinases_MCCE.Trial01.run_apo.3WZE_GLU02A0917_004
INFO - step3.py: ForkPoolWorker-1: Calling delphi to calculate conformer (241/677) GLU-1A0917_005 in /tmp/pbe_data.data.home.granepura.5-Kinases.Kinases_MCCE.Trial01.run_apo.3WZE_GLU-1A0917_005
INFO - step3.py: Skipping PBE solver for non-charge conformer (242/677) PHE01A0918_001...
INFO - step3.py: ForkPoolWorker-1: Calling delphi to calculate conformer (243/677) CYS01A0919_001 in /tmp/pbe_data.data.home.granepura.5-Kinases.Kinases_MCCE.Trial01.run_apo.3WZE_CYS01A0919_001
INFO - step3.py: ForkPoolWorker-1: Calling delphi to calculate conformer (244/677) CYS01A0919_002 in /tmp/pbe_data.data.home.granepura.5-Kinases.Kinases_MCCE.Trial01.run_apo.3WZE_CYS01A0919_002
INFO - step3.py: ForkPoolWorker-1: Calling delphi to calculate conformer (245/677) CYS01A0919_003 in /tmp/pbe_data.data.home.granepura.5-Kinases.Kinases_MCCE.Trial01.run_apo.3WZE_CYS01A0919_003
INFO - step3.py: ForkPoolWorker-1: Calling delphi to calculate conformer (246/677) CYS-1A0919_004 in /tmp/pbe_data.data.home.granepura.5-Kinases.Kinases_MCCE.Trial01.run_apo.3WZE_CYS-1A0919_004
INFO - step3.py: ForkPoolWorker-1: Calling delphi to calculate conformer (247/677) LYS01A0920_001 in /tmp/pbe_data.data.home.granepura.5-Kinases.Kinases_MCCE.Trial01.run_apo.3WZE_LYS01A0920_001
INFO - step3.py: ForkPoolWorker-1: Calling delphi to calculate conformer (248/677) LYS+1A0920_002 in /tmp/pbe_data.data.home.granepura.5-Kinases.Kinases_MCCE.Trial01.run_apo.3WZE_LYS+1A0920_002
INFO - step3.py: Skipping PBE solver for non-charge conformer (249/677) PHE01A0921_001...
INFO - step3.py: ForkPoolWorker-1: Calling delphi to calculate conformer (250/677) ASN01A0923_001 in /tmp/pbe_data.data.home.granepura.5-Kinases.Kinases_MCCE.Trial01.run_apo.3WZE_ASN01A0923_001
INFO - step3.py: ForkPoolWorker-1: Calling delphi to calculate conformer (251/677) ASN01A0923_002 in /tmp/pbe_data.data.home.granepura.5-Kinases.Kinases_MCCE.Trial01.run_apo.3WZE_ASN01A0923_002
INFO - step3.py: Skipping PBE solver for non-charge conformer (252/677) LEU01A0924_001...
INFO - step3.py: ForkPoolWorker-1: Calling delphi to calculate conformer (253/677) SER01A0925_001 in /tmp/pbe_data.data.home.granepura.5-Kinases.Kinases_MCCE.Trial01.run_apo.3WZE_SER01A0925_001
INFO - step3.py: ForkPoolWorker-1: Calling delphi to calculate conformer (254/677) SER01A0925_002 in /tmp/pbe_data.data.home.granepura.5-Kinases.Kinases_MCCE.Trial01.run_apo.3WZE_SER01A0925_002
INFO - step3.py: ForkPoolWorker-1: Calling delphi to calculate conformer (255/677) THR01A0926_001 in /tmp/pbe_data.data.home.granepura.5-Kinases.Kinases_MCCE.Trial01.run_apo.3WZE_THR01A0926_001
INFO - step3.py: ForkPoolWorker-1: Calling delphi to calculate conformer (256/677) THR01A0926_002 in /tmp/pbe_data.data.home.granepura.5-Kinases.Kinases_MCCE.Trial01.run_apo.3WZE_THR01A0926_002
INFO - step3.py: ForkPoolWorker-1: Calling delphi to calculate conformer (257/677) TYR01A0927_001 in /tmp/pbe_data.data.home.granepura.5-Kinases.Kinases_MCCE.Trial01.run_apo.3WZE_TYR01A0927_001
INFO - step3.py: ForkPoolWorker-1: Calling delphi to calculate conformer (258/677) TYR01A0927_002 in /tmp/pbe_data.data.home.granepura.5-Kinases.Kinases_MCCE.Trial01.run_apo.3WZE_TYR01A0927_002
INFO - step3.py: ForkPoolWorker-1: Calling delphi to calculate conformer (259/677) TYR-1A0927_003 in /tmp/pbe_data.data.home.granepura.5-Kinases.Kinases_MCCE.Trial01.run_apo.3WZE_TYR-1A0927_003
INFO - step3.py: Skipping PBE solver for non-charge conformer (260/677) LEU01A0928_001...
INFO - step3.py: ForkPoolWorker-1: Calling delphi to calculate conformer (261/677) ARG01A0929_001 in /tmp/pbe_data.data.home.granepura.5-Kinases.Kinases_MCCE.Trial01.run_apo.3WZE_ARG01A0929_001
INFO - step3.py: ForkPoolWorker-1: Calling delphi to calculate conformer (262/677) ARG02A0929_002 in /tmp/pbe_data.data.home.granepura.5-Kinases.Kinases_MCCE.Trial01.run_apo.3WZE_ARG02A0929_002
INFO - step3.py: ForkPoolWorker-1: Calling delphi to calculate conformer (263/677) ARG03A0929_003 in /tmp/pbe_data.data.home.granepura.5-Kinases.Kinases_MCCE.Trial01.run_apo.3WZE_ARG03A0929_003
INFO - step3.py: ForkPoolWorker-1: Calling delphi to calculate conformer (264/677) ARG+1A0929_004 in /tmp/pbe_data.data.home.granepura.5-Kinases.Kinases_MCCE.Trial01.run_apo.3WZE_ARG+1A0929_004
INFO - step3.py: ForkPoolWorker-1: Calling delphi to calculate conformer (265/677) SER01A0930_001 in /tmp/pbe_data.data.home.granepura.5-Kinases.Kinases_MCCE.Trial01.run_apo.3WZE_SER01A0930_001
INFO - step3.py: ForkPoolWorker-1: Calling delphi to calculate conformer (266/677) SER01A0930_002 in /tmp/pbe_data.data.home.granepura.5-Kinases.Kinases_MCCE.Trial01.run_apo.3WZE_SER01A0930_002
INFO - step3.py: ForkPoolWorker-1: Calling delphi to calculate conformer (267/677) LYS01A0931_001 in /tmp/pbe_data.data.home.granepura.5-Kinases.Kinases_MCCE.Trial01.run_apo.3WZE_LYS01A0931_001
INFO - step3.py: ForkPoolWorker-1: Calling delphi to calculate conformer (268/677) LYS+1A0931_002 in /tmp/pbe_data.data.home.granepura.5-Kinases.Kinases_MCCE.Trial01.run_apo.3WZE_LYS+1A0931_002
INFO - step3.py: ForkPoolWorker-1: Calling delphi to calculate conformer (269/677) ARG01A0932_001 in /tmp/pbe_data.data.home.granepura.5-Kinases.Kinases_MCCE.Trial01.run_apo.3WZE_ARG01A0932_001
INFO - step3.py: ForkPoolWorker-1: Calling delphi to calculate conformer (270/677) ARG02A0932_002 in /tmp/pbe_data.data.home.granepura.5-Kinases.Kinases_MCCE.Trial01.run_apo.3WZE_ARG02A0932_002
INFO - step3.py: ForkPoolWorker-1: Calling delphi to calculate conformer (271/677) ARG03A0932_003 in /tmp/pbe_data.data.home.granepura.5-Kinases.Kinases_MCCE.Trial01.run_apo.3WZE_ARG03A0932_003
INFO - step3.py: ForkPoolWorker-1: Calling delphi to calculate conformer (272/677) ARG+1A0932_004 in /tmp/pbe_data.data.home.granepura.5-Kinases.Kinases_MCCE.Trial01.run_apo.3WZE_ARG+1A0932_004
INFO - step3.py: ForkPoolWorker-1: Calling delphi to calculate conformer (273/677) ASN01A0933_001 in /tmp/pbe_data.data.home.granepura.5-Kinases.Kinases_MCCE.Trial01.run_apo.3WZE_ASN01A0933_001
INFO - step3.py: ForkPoolWorker-1: Calling delphi to calculate conformer (274/677) ASN01A0933_002 in /tmp/pbe_data.data.home.granepura.5-Kinases.Kinases_MCCE.Trial01.run_apo.3WZE_ASN01A0933_002
INFO - step3.py: ForkPoolWorker-1: Calling delphi to calculate conformer (275/677) GLU01A0934_001 in /tmp/pbe_data.data.home.granepura.5-Kinases.Kinases_MCCE.Trial01.run_apo.3WZE_GLU01A0934_001
INFO - step3.py: ForkPoolWorker-1: Calling delphi to calculate conformer (276/677) GLU01A0934_002 in /tmp/pbe_data.data.home.granepura.5-Kinases.Kinases_MCCE.Trial01.run_apo.3WZE_GLU01A0934_002
INFO - step3.py: ForkPoolWorker-1: Calling delphi to calculate conformer (277/677) GLU02A0934_003 in /tmp/pbe_data.data.home.granepura.5-Kinases.Kinases_MCCE.Trial01.run_apo.3WZE_GLU02A0934_003
INFO - step3.py: ForkPoolWorker-1: Calling delphi to calculate conformer (278/677) GLU02A0934_004 in /tmp/pbe_data.data.home.granepura.5-Kinases.Kinases_MCCE.Trial01.run_apo.3WZE_GLU02A0934_004
INFO - step3.py: ForkPoolWorker-1: Calling delphi to calculate conformer (279/677) GLU-1A0934_005 in /tmp/pbe_data.data.home.granepura.5-Kinases.Kinases_MCCE.Trial01.run_apo.3WZE_GLU-1A0934_005
INFO - step3.py: Skipping PBE solver for non-charge conformer (280/677) PHE01A0935_001...
INFO - step3.py: Skipping PBE solver for non-charge conformer (281/677) VAL01A0936_001...
INFO - step3.py: Skipping PBE solver for non-charge conformer (282/677) PRO01A0937_001...
INFO - step3.py: ForkPoolWorker-1: Calling delphi to calculate conformer (283/677) TYR01A0938_001 in /tmp/pbe_data.data.home.granepura.5-Kinases.Kinases_MCCE.Trial01.run_apo.3WZE_TYR01A0938_001
INFO - step3.py: ForkPoolWorker-1: Calling delphi to calculate conformer (284/677) TYR-1A0938_002 in /tmp/pbe_data.data.home.granepura.5-Kinases.Kinases_MCCE.Trial01.run_apo.3WZE_TYR-1A0938_002
INFO - step3.py: ForkPoolWorker-1: Calling delphi to calculate conformer (285/677) LYS01A0939_001 in /tmp/pbe_data.data.home.granepura.5-Kinases.Kinases_MCCE.Trial01.run_apo.3WZE_LYS01A0939_001
INFO - step3.py: ForkPoolWorker-1: Calling delphi to calculate conformer (286/677) LYS+1A0939_002 in /tmp/pbe_data.data.home.granepura.5-Kinases.Kinases_MCCE.Trial01.run_apo.3WZE_LYS+1A0939_002
INFO - step3.py: ForkPoolWorker-1: Calling delphi to calculate conformer (287/677) ASP01A0994_001 in /tmp/pbe_data.data.home.granepura.5-Kinases.Kinases_MCCE.Trial01.run_apo.3WZE_ASP01A0994_001
INFO - step3.py: ForkPoolWorker-1: Calling delphi to calculate conformer (288/677) ASP01A0994_002 in /tmp/pbe_data.data.home.granepura.5-Kinases.Kinases_MCCE.Trial01.run_apo.3WZE_ASP01A0994_002
INFO - step3.py: ForkPoolWorker-1: Calling delphi to calculate conformer (289/677) ASP02A0994_003 in /tmp/pbe_data.data.home.granepura.5-Kinases.Kinases_MCCE.Trial01.run_apo.3WZE_ASP02A0994_003
INFO - step3.py: ForkPoolWorker-1: Calling delphi to calculate conformer (290/677) ASP02A0994_004 in /tmp/pbe_data.data.home.granepura.5-Kinases.Kinases_MCCE.Trial01.run_apo.3WZE_ASP02A0994_004
INFO - step3.py: ForkPoolWorker-1: Calling delphi to calculate conformer (291/677) ASP-1A0994_005 in /tmp/pbe_data.data.home.granepura.5-Kinases.Kinases_MCCE.Trial01.run_apo.3WZE_ASP-1A0994_005
INFO - step3.py: Skipping PBE solver for non-charge conformer (292/677) LEU01A0995_001...
INFO - step3.py: ForkPoolWorker-1: Calling delphi to calculate conformer (293/677) TYR01A0996_001 in /tmp/pbe_data.data.home.granepura.5-Kinases.Kinases_MCCE.Trial01.run_apo.3WZE_TYR01A0996_001
INFO - step3.py: ForkPoolWorker-1: Calling delphi to calculate conformer (294/677) TYR-1A0996_002 in /tmp/pbe_data.data.home.granepura.5-Kinases.Kinases_MCCE.Trial01.run_apo.3WZE_TYR-1A0996_002
INFO - step3.py: ForkPoolWorker-1: Calling delphi to calculate conformer (295/677) LYS01A0997_001 in /tmp/pbe_data.data.home.granepura.5-Kinases.Kinases_MCCE.Trial01.run_apo.3WZE_LYS01A0997_001
INFO - step3.py: ForkPoolWorker-1: Calling delphi to calculate conformer (296/677) LYS+1A0997_002 in /tmp/pbe_data.data.home.granepura.5-Kinases.Kinases_MCCE.Trial01.run_apo.3WZE_LYS+1A0997_002
INFO - step3.py: ForkPoolWorker-1: Calling delphi to calculate conformer (297/677) ASP01A0998_001 in /tmp/pbe_data.data.home.granepura.5-Kinases.Kinases_MCCE.Trial01.run_apo.3WZE_ASP01A0998_001
INFO - step3.py: ForkPoolWorker-1: Calling delphi to calculate conformer (298/677) ASP01A0998_002 in /tmp/pbe_data.data.home.granepura.5-Kinases.Kinases_MCCE.Trial01.run_apo.3WZE_ASP01A0998_002
INFO - step3.py: ForkPoolWorker-1: Calling delphi to calculate conformer (299/677) ASP02A0998_003 in /tmp/pbe_data.data.home.granepura.5-Kinases.Kinases_MCCE.Trial01.run_apo.3WZE_ASP02A0998_003
INFO - step3.py: ForkPoolWorker-1: Calling delphi to calculate conformer (300/677) ASP02A0998_004 in /tmp/pbe_data.data.home.granepura.5-Kinases.Kinases_MCCE.Trial01.run_apo.3WZE_ASP02A0998_004
INFO - step3.py: ForkPoolWorker-1: Calling delphi to calculate conformer (301/677) ASP-1A0998_005 in /tmp/pbe_data.data.home.granepura.5-Kinases.Kinases_MCCE.Trial01.run_apo.3WZE_ASP-1A0998_005
INFO - step3.py: Skipping PBE solver for non-charge conformer (302/677) PHE01A0999_001...
INFO - step3.py: Skipping PBE solver for non-charge conformer (303/677) LEU01A1000_001...
INFO - step3.py: ForkPoolWorker-1: Calling delphi to calculate conformer (304/677) THR01A1001_001 in /tmp/pbe_data.data.home.granepura.5-Kinases.Kinases_MCCE.Trial01.run_apo.3WZE_THR01A1001_001
INFO - step3.py: ForkPoolWorker-1: Calling delphi to calculate conformer (305/677) THR01A1001_002 in /tmp/pbe_data.data.home.granepura.5-Kinases.Kinases_MCCE.Trial01.run_apo.3WZE_THR01A1001_002
INFO - step3.py: Skipping PBE solver for non-charge conformer (306/677) LEU01A1002_001...
INFO - step3.py: ForkPoolWorker-1: Calling delphi to calculate conformer (307/677) GLU01A1003_001 in /tmp/pbe_data.data.home.granepura.5-Kinases.Kinases_MCCE.Trial01.run_apo.3WZE_GLU01A1003_001
INFO - step3.py: ForkPoolWorker-1: Calling delphi to calculate conformer (308/677) GLU01A1003_002 in /tmp/pbe_data.data.home.granepura.5-Kinases.Kinases_MCCE.Trial01.run_apo.3WZE_GLU01A1003_002
INFO - step3.py: ForkPoolWorker-1: Calling delphi to calculate conformer (309/677) GLU02A1003_003 in /tmp/pbe_data.data.home.granepura.5-Kinases.Kinases_MCCE.Trial01.run_apo.3WZE_GLU02A1003_003
INFO - step3.py: ForkPoolWorker-1: Calling delphi to calculate conformer (310/677) GLU02A1003_004 in /tmp/pbe_data.data.home.granepura.5-Kinases.Kinases_MCCE.Trial01.run_apo.3WZE_GLU02A1003_004
