ForkPoolWorker-1: Calling delphi to calculate conformer (1/673) GLU01A0697_001 in /tmp/pbe_data.data.home.granepura.5-Kinases.Kinases_MCCE.Trial03.run_holo.2ITZ_GLU01A0697_001
ForkPoolWorker-4: Calling delphi to calculate conformer (4/673) GLU02A0697_004 in /tmp/pbe_data.data.home.granepura.5-Kinases.Kinases_MCCE.Trial03.run_holo.2ITZ_GLU02A0697_004
ForkPoolWorker-3: Calling delphi to calculate conformer (3/673) GLU02A0697_003 in /tmp/pbe_data.data.home.granepura.5-Kinases.Kinases_MCCE.Trial03.run_holo.2ITZ_GLU02A0697_003
ForkPoolWorker-2: Calling delphi to calculate conformer (2/673) GLU01A0697_002 in /tmp/pbe_data.data.home.granepura.5-Kinases.Kinases_MCCE.Trial03.run_holo.2ITZ_GLU01A0697_002
ForkPoolWorker-5: Calling delphi to calculate conformer (5/673) GLU-1A0697_005 in /tmp/pbe_data.data.home.granepura.5-Kinases.Kinases_MCCE.Trial03.run_holo.2ITZ_GLU-1A0697_005
Skipping PBE solver for non-charge conformer (6/673) ALA01A0698_001...
Skipping PBE solver for non-charge conformer (7/673) PRO01A0699_001...
ForkPoolWorker-1: Calling delphi to calculate conformer (8/673) ASN01A0700_001 in /tmp/pbe_data.data.home.granepura.5-Kinases.Kinases_MCCE.Trial03.run_holo.2ITZ_ASN01A0700_001
ForkPoolWorker-2: Calling delphi to calculate conformer (9/673) ASN01A0700_002 in /tmp/pbe_data.data.home.granepura.5-Kinases.Kinases_MCCE.Trial03.run_holo.2ITZ_ASN01A0700_002
ForkPoolWorker-3: Calling delphi to calculate conformer (10/673) ASN01A0700_003 in /tmp/pbe_data.data.home.granepura.5-Kinases.Kinases_MCCE.Trial03.run_holo.2ITZ_ASN01A0700_003
ForkPoolWorker-5: Calling delphi to calculate conformer (11/673) GLN01A0701_001 in /tmp/pbe_data.data.home.granepura.5-Kinases.Kinases_MCCE.Trial03.run_holo.2ITZ_GLN01A0701_001
ForkPoolWorker-4: Calling delphi to calculate conformer (12/673) GLN01A0701_002 in /tmp/pbe_data.data.home.granepura.5-Kinases.Kinases_MCCE.Trial03.run_holo.2ITZ_GLN01A0701_002
Skipping PBE solver for non-charge conformer (13/673) ALA01A0702_001...
Skipping PBE solver for non-charge conformer (14/673) LEU01A0703_001...
Skipping PBE solver for non-charge conformer (15/673) LEU01A0704_001...
ForkPoolWorker-1: Calling delphi to calculate conformer (16/673) ARG01A0705_001 in /tmp/pbe_data.data.home.granepura.5-Kinases.Kinases_MCCE.Trial03.run_holo.2ITZ_ARG01A0705_001
ForkPoolWorker-2: Calling delphi to calculate conformer (17/673) ARG02A0705_002 in /tmp/pbe_data.data.home.granepura.5-Kinases.Kinases_MCCE.Trial03.run_holo.2ITZ_ARG02A0705_002
ForkPoolWorker-5: Calling delphi to calculate conformer (18/673) ARG02A0705_003 in /tmp/pbe_data.data.home.granepura.5-Kinases.Kinases_MCCE.Trial03.run_holo.2ITZ_ARG02A0705_003
ForkPoolWorker-4: Calling delphi to calculate conformer (19/673) ARG03A0705_004 in /tmp/pbe_data.data.home.granepura.5-Kinases.Kinases_MCCE.Trial03.run_holo.2ITZ_ARG03A0705_004
ForkPoolWorker-3: Calling delphi to calculate conformer (20/673) ARG03A0705_005 in /tmp/pbe_data.data.home.granepura.5-Kinases.Kinases_MCCE.Trial03.run_holo.2ITZ_ARG03A0705_005
ForkPoolWorker-1: Calling delphi to calculate conformer (21/673) ARG+1A0705_006 in /tmp/pbe_data.data.home.granepura.5-Kinases.Kinases_MCCE.Trial03.run_holo.2ITZ_ARG+1A0705_006
Skipping PBE solver for non-charge conformer (22/673) ILE01A0706_001...
Skipping PBE solver for non-charge conformer (23/673) LEU01A0707_001...
ForkPoolWorker-2: Calling delphi to calculate conformer (24/673) LYS01A0708_001 in /tmp/pbe_data.data.home.granepura.5-Kinases.Kinases_MCCE.Trial03.run_holo.2ITZ_LYS01A0708_001
ForkPoolWorker-4: Calling delphi to calculate conformer (25/673) LYS+1A0708_002 in /tmp/pbe_data.data.home.granepura.5-Kinases.Kinases_MCCE.Trial03.run_holo.2ITZ_LYS+1A0708_002
ForkPoolWorker-5: Calling delphi to calculate conformer (26/673) GLU01A0709_001 in /tmp/pbe_data.data.home.granepura.5-Kinases.Kinases_MCCE.Trial03.run_holo.2ITZ_GLU01A0709_001
ForkPoolWorker-3: Calling delphi to calculate conformer (27/673) GLU01A0709_002 in /tmp/pbe_data.data.home.granepura.5-Kinases.Kinases_MCCE.Trial03.run_holo.2ITZ_GLU01A0709_002
ForkPoolWorker-1: Calling delphi to calculate conformer (28/673) GLU02A0709_003 in /tmp/pbe_data.data.home.granepura.5-Kinases.Kinases_MCCE.Trial03.run_holo.2ITZ_GLU02A0709_003
ForkPoolWorker-2: Calling delphi to calculate conformer (29/673) GLU02A0709_004 in /tmp/pbe_data.data.home.granepura.5-Kinases.Kinases_MCCE.Trial03.run_holo.2ITZ_GLU02A0709_004
ForkPoolWorker-5: Calling delphi to calculate conformer (30/673) GLU-1A0709_005 in /tmp/pbe_data.data.home.granepura.5-Kinases.Kinases_MCCE.Trial03.run_holo.2ITZ_GLU-1A0709_005
ForkPoolWorker-4: Calling delphi to calculate conformer (31/673) THR01A0710_001 in /tmp/pbe_data.data.home.granepura.5-Kinases.Kinases_MCCE.Trial03.run_holo.2ITZ_THR01A0710_001
ForkPoolWorker-3: Calling delphi to calculate conformer (32/673) GLU01A0711_001 in /tmp/pbe_data.data.home.granepura.5-Kinases.Kinases_MCCE.Trial03.run_holo.2ITZ_GLU01A0711_001
ForkPoolWorker-1: Calling delphi to calculate conformer (33/673) GLU01A0711_002 in /tmp/pbe_data.data.home.granepura.5-Kinases.Kinases_MCCE.Trial03.run_holo.2ITZ_GLU01A0711_002
ForkPoolWorker-4: Calling delphi to calculate conformer (34/673) GLU02A0711_003 in /tmp/pbe_data.data.home.granepura.5-Kinases.Kinases_MCCE.Trial03.run_holo.2ITZ_GLU02A0711_003
ForkPoolWorker-5: Calling delphi to calculate conformer (35/673) GLU02A0711_004 in /tmp/pbe_data.data.home.granepura.5-Kinases.Kinases_MCCE.Trial03.run_holo.2ITZ_GLU02A0711_004
ForkPoolWorker-2: Calling delphi to calculate conformer (36/673) GLU-1A0711_005 in /tmp/pbe_data.data.home.granepura.5-Kinases.Kinases_MCCE.Trial03.run_holo.2ITZ_GLU-1A0711_005
Skipping PBE solver for non-charge conformer (37/673) PHE01A0712_001...
ForkPoolWorker-3: Calling delphi to calculate conformer (38/673) LYS01A0713_001 in /tmp/pbe_data.data.home.granepura.5-Kinases.Kinases_MCCE.Trial03.run_holo.2ITZ_LYS01A0713_001
ForkPoolWorker-1: Calling delphi to calculate conformer (39/673) LYS+1A0713_002 in /tmp/pbe_data.data.home.granepura.5-Kinases.Kinases_MCCE.Trial03.run_holo.2ITZ_LYS+1A0713_002
ForkPoolWorker-5: Calling delphi to calculate conformer (40/673) LYS01A0714_001 in /tmp/pbe_data.data.home.granepura.5-Kinases.Kinases_MCCE.Trial03.run_holo.2ITZ_LYS01A0714_001
ForkPoolWorker-4: Calling delphi to calculate conformer (41/673) LYS+1A0714_002 in /tmp/pbe_data.data.home.granepura.5-Kinases.Kinases_MCCE.Trial03.run_holo.2ITZ_LYS+1A0714_002
Skipping PBE solver for non-charge conformer (42/673) ILE01A0715_001...
ForkPoolWorker-3: Calling delphi to calculate conformer (43/673) LYS01A0716_001 in /tmp/pbe_data.data.home.granepura.5-Kinases.Kinases_MCCE.Trial03.run_holo.2ITZ_LYS01A0716_001
ForkPoolWorker-2: Calling delphi to calculate conformer (44/673) LYS+1A0716_002 in /tmp/pbe_data.data.home.granepura.5-Kinases.Kinases_MCCE.Trial03.run_holo.2ITZ_LYS+1A0716_002
Skipping PBE solver for non-charge conformer (45/673) VAL01A0717_001...
Skipping PBE solver for non-charge conformer (46/673) LEU01A0718_001...
ForkPoolWorker-1: Calling delphi to calculate conformer (47/673) SER01A0720_001 in /tmp/pbe_data.data.home.granepura.5-Kinases.Kinases_MCCE.Trial03.run_holo.2ITZ_SER01A0720_001
ForkPoolWorker-5: Calling delphi to calculate conformer (48/673) SER01A0720_002 in /tmp/pbe_data.data.home.granepura.5-Kinases.Kinases_MCCE.Trial03.run_holo.2ITZ_SER01A0720_002
Skipping PBE solver for non-charge conformer (49/673) ALA01A0722_001...
Skipping PBE solver for non-charge conformer (50/673) PHE01A0723_001...
ForkPoolWorker-4: Calling delphi to calculate conformer (51/673) THR01A0725_001 in /tmp/pbe_data.data.home.granepura.5-Kinases.Kinases_MCCE.Trial03.run_holo.2ITZ_THR01A0725_001
ForkPoolWorker-3: Calling delphi to calculate conformer (52/673) THR01A0725_002 in /tmp/pbe_data.data.home.granepura.5-Kinases.Kinases_MCCE.Trial03.run_holo.2ITZ_THR01A0725_002
Skipping PBE solver for non-charge conformer (53/673) VAL01A0726_001...
ForkPoolWorker-2: Calling delphi to calculate conformer (54/673) TYR01A0727_001 in /tmp/pbe_data.data.home.granepura.5-Kinases.Kinases_MCCE.Trial03.run_holo.2ITZ_TYR01A0727_001
ForkPoolWorker-1: Calling delphi to calculate conformer (55/673) TYR01A0727_002 in /tmp/pbe_data.data.home.granepura.5-Kinases.Kinases_MCCE.Trial03.run_holo.2ITZ_TYR01A0727_002
ForkPoolWorker-5: Calling delphi to calculate conformer (56/673) TYR-1A0727_003 in /tmp/pbe_data.data.home.granepura.5-Kinases.Kinases_MCCE.Trial03.run_holo.2ITZ_TYR-1A0727_003
ForkPoolWorker-4: Calling delphi to calculate conformer (57/673) LYS01A0728_001 in /tmp/pbe_data.data.home.granepura.5-Kinases.Kinases_MCCE.Trial03.run_holo.2ITZ_LYS01A0728_001
ForkPoolWorker-3: Calling delphi to calculate conformer (58/673) LYS+1A0728_002 in /tmp/pbe_data.data.home.granepura.5-Kinases.Kinases_MCCE.Trial03.run_holo.2ITZ_LYS+1A0728_002
Skipping PBE solver for non-charge conformer (59/673) LEU01A0730_001...
Skipping PBE solver for non-charge conformer (60/673) TRP01A0731_001...
Skipping PBE solver for non-charge conformer (61/673) ILE01A0732_001...
Skipping PBE solver for non-charge conformer (62/673) PRO01A0733_001...
ForkPoolWorker-2: Calling delphi to calculate conformer (63/673) GLU01A0734_001 in /tmp/pbe_data.data.home.granepura.5-Kinases.Kinases_MCCE.Trial03.run_holo.2ITZ_GLU01A0734_001
ForkPoolWorker-1: Calling delphi to calculate conformer (64/673) GLU01A0734_002 in /tmp/pbe_data.data.home.granepura.5-Kinases.Kinases_MCCE.Trial03.run_holo.2ITZ_GLU01A0734_002
ForkPoolWorker-5: Calling delphi to calculate conformer (65/673) GLU02A0734_003 in /tmp/pbe_data.data.home.granepura.5-Kinases.Kinases_MCCE.Trial03.run_holo.2ITZ_GLU02A0734_003
ForkPoolWorker-4: Calling delphi to calculate conformer (66/673) GLU02A0734_004 in /tmp/pbe_data.data.home.granepura.5-Kinases.Kinases_MCCE.Trial03.run_holo.2ITZ_GLU02A0734_004
ForkPoolWorker-3: Calling delphi to calculate conformer (67/673) GLU-1A0734_005 in /tmp/pbe_data.data.home.granepura.5-Kinases.Kinases_MCCE.Trial03.run_holo.2ITZ_GLU-1A0734_005
ForkPoolWorker-2: Calling delphi to calculate conformer (68/673) GLU01A0736_001 in /tmp/pbe_data.data.home.granepura.5-Kinases.Kinases_MCCE.Trial03.run_holo.2ITZ_GLU01A0736_001
ForkPoolWorker-1: Calling delphi to calculate conformer (69/673) GLU01A0736_002 in /tmp/pbe_data.data.home.granepura.5-Kinases.Kinases_MCCE.Trial03.run_holo.2ITZ_GLU01A0736_002
ForkPoolWorker-5: Calling delphi to calculate conformer (70/673) GLU02A0736_003 in /tmp/pbe_data.data.home.granepura.5-Kinases.Kinases_MCCE.Trial03.run_holo.2ITZ_GLU02A0736_003
ForkPoolWorker-4: Calling delphi to calculate conformer (71/673) GLU02A0736_004 in /tmp/pbe_data.data.home.granepura.5-Kinases.Kinases_MCCE.Trial03.run_holo.2ITZ_GLU02A0736_004
ForkPoolWorker-3: Calling delphi to calculate conformer (72/673) GLU-1A0736_005 in /tmp/pbe_data.data.home.granepura.5-Kinases.Kinases_MCCE.Trial03.run_holo.2ITZ_GLU-1A0736_005
ForkPoolWorker-2: Calling delphi to calculate conformer (73/673) LYS01A0737_001 in /tmp/pbe_data.data.home.granepura.5-Kinases.Kinases_MCCE.Trial03.run_holo.2ITZ_LYS01A0737_001
ForkPoolWorker-1: Calling delphi to calculate conformer (74/673) LYS+1A0737_002 in /tmp/pbe_data.data.home.granepura.5-Kinases.Kinases_MCCE.Trial03.run_holo.2ITZ_LYS+1A0737_002
Skipping PBE solver for non-charge conformer (75/673) VAL01A0738_001...
ForkPoolWorker-4: Calling delphi to calculate conformer (76/673) LYS01A0739_001 in /tmp/pbe_data.data.home.granepura.5-Kinases.Kinases_MCCE.Trial03.run_holo.2ITZ_LYS01A0739_001
ForkPoolWorker-5: Calling delphi to calculate conformer (77/673) LYS+1A0739_002 in /tmp/pbe_data.data.home.granepura.5-Kinases.Kinases_MCCE.Trial03.run_holo.2ITZ_LYS+1A0739_002
Skipping PBE solver for non-charge conformer (78/673) ILE01A0740_001...
Skipping PBE solver for non-charge conformer (79/673) PRO01A0741_001...
Skipping PBE solver for non-charge conformer (80/673) VAL01A0742_001...
Skipping PBE solver for non-charge conformer (81/673) ALA01A0743_001...
Skipping PBE solver for non-charge conformer (82/673) ILE01A0744_001...
ForkPoolWorker-3: Calling delphi to calculate conformer (83/673) LYS01A0745_001 in /tmp/pbe_data.data.home.granepura.5-Kinases.Kinases_MCCE.Trial03.run_holo.2ITZ_LYS01A0745_001
ForkPoolWorker-2: Calling delphi to calculate conformer (84/673) LYS+1A0745_002 in /tmp/pbe_data.data.home.granepura.5-Kinases.Kinases_MCCE.Trial03.run_holo.2ITZ_LYS+1A0745_002
ForkPoolWorker-1: Calling delphi to calculate conformer (85/673) GLU01A0746_001 in /tmp/pbe_data.data.home.granepura.5-Kinases.Kinases_MCCE.Trial03.run_holo.2ITZ_GLU01A0746_001
ForkPoolWorker-4: Calling delphi to calculate conformer (86/673) GLU01A0746_002 in /tmp/pbe_data.data.home.granepura.5-Kinases.Kinases_MCCE.Trial03.run_holo.2ITZ_GLU01A0746_002
ForkPoolWorker-5: Calling delphi to calculate conformer (87/673) GLU02A0746_003 in /tmp/pbe_data.data.home.granepura.5-Kinases.Kinases_MCCE.Trial03.run_holo.2ITZ_GLU02A0746_003
ForkPoolWorker-3: Calling delphi to calculate conformer (88/673) GLU02A0746_004 in /tmp/pbe_data.data.home.granepura.5-Kinases.Kinases_MCCE.Trial03.run_holo.2ITZ_GLU02A0746_004
ForkPoolWorker-2: Calling delphi to calculate conformer (89/673) GLU-1A0746_005 in /tmp/pbe_data.data.home.granepura.5-Kinases.Kinases_MCCE.Trial03.run_holo.2ITZ_GLU-1A0746_005
Skipping PBE solver for non-charge conformer (90/673) LEU01A0747_001...
ForkPoolWorker-1: Calling delphi to calculate conformer (91/673) ARG01A0748_001 in /tmp/pbe_data.data.home.granepura.5-Kinases.Kinases_MCCE.Trial03.run_holo.2ITZ_ARG01A0748_001
ForkPoolWorker-4: Calling delphi to calculate conformer (92/673) ARG02A0748_002 in /tmp/pbe_data.data.home.granepura.5-Kinases.Kinases_MCCE.Trial03.run_holo.2ITZ_ARG02A0748_002
ForkPoolWorker-5: Calling delphi to calculate conformer (93/673) ARG02A0748_003 in /tmp/pbe_data.data.home.granepura.5-Kinases.Kinases_MCCE.Trial03.run_holo.2ITZ_ARG02A0748_003
ForkPoolWorker-3: Calling delphi to calculate conformer (94/673) ARG03A0748_004 in /tmp/pbe_data.data.home.granepura.5-Kinases.Kinases_MCCE.Trial03.run_holo.2ITZ_ARG03A0748_004
ForkPoolWorker-2: Calling delphi to calculate conformer (95/673) ARG+1A0748_005 in /tmp/pbe_data.data.home.granepura.5-Kinases.Kinases_MCCE.Trial03.run_holo.2ITZ_ARG+1A0748_005
ForkPoolWorker-1: Calling delphi to calculate conformer (96/673) GLU01A0749_001 in /tmp/pbe_data.data.home.granepura.5-Kinases.Kinases_MCCE.Trial03.run_holo.2ITZ_GLU01A0749_001
ForkPoolWorker-4: Calling delphi to calculate conformer (97/673) GLU01A0749_002 in /tmp/pbe_data.data.home.granepura.5-Kinases.Kinases_MCCE.Trial03.run_holo.2ITZ_GLU01A0749_002
ForkPoolWorker-5: Calling delphi to calculate conformer (98/673) GLU02A0749_003 in /tmp/pbe_data.data.home.granepura.5-Kinases.Kinases_MCCE.Trial03.run_holo.2ITZ_GLU02A0749_003
ForkPoolWorker-3: Calling delphi to calculate conformer (99/673) GLU02A0749_004 in /tmp/pbe_data.data.home.granepura.5-Kinases.Kinases_MCCE.Trial03.run_holo.2ITZ_GLU02A0749_004
ForkPoolWorker-2: Calling delphi to calculate conformer (100/673) GLU-1A0749_005 in /tmp/pbe_data.data.home.granepura.5-Kinases.Kinases_MCCE.Trial03.run_holo.2ITZ_GLU-1A0749_005
Skipping PBE solver for non-charge conformer (101/673) ALA01A0750_001...
ForkPoolWorker-1: Calling delphi to calculate conformer (102/673) THR01A0751_001 in /tmp/pbe_data.data.home.granepura.5-Kinases.Kinases_MCCE.Trial03.run_holo.2ITZ_THR01A0751_001
ForkPoolWorker-4: Calling delphi to calculate conformer (103/673) SER01A0752_001 in /tmp/pbe_data.data.home.granepura.5-Kinases.Kinases_MCCE.Trial03.run_holo.2ITZ_SER01A0752_001
Skipping PBE solver for non-charge conformer (104/673) PRO01A0753_001...
ForkPoolWorker-5: Calling delphi to calculate conformer (105/673) LYS01A0754_001 in /tmp/pbe_data.data.home.granepura.5-Kinases.Kinases_MCCE.Trial03.run_holo.2ITZ_LYS01A0754_001
Skipping PBE solver for non-charge conformer (107/673) ALA01A0755_001...
ForkPoolWorker-3: Calling delphi to calculate conformer (108/673) ASN01A0756_001 in /tmp/pbe_data.data.home.granepura.5-Kinases.Kinases_MCCE.Trial03.run_holo.2ITZ_ASN01A0756_001
ForkPoolWorker-2: Calling delphi to calculate conformer (106/673) LYS+1A0754_002 in /tmp/pbe_data.data.home.granepura.5-Kinases.Kinases_MCCE.Trial03.run_holo.2ITZ_LYS+1A0754_002
ForkPoolWorker-1: Calling delphi to calculate conformer (109/673) ASN01A0756_002 in /tmp/pbe_data.data.home.granepura.5-Kinases.Kinases_MCCE.Trial03.run_holo.2ITZ_ASN01A0756_002
ForkPoolWorker-4: Calling delphi to calculate conformer (110/673) LYS01A0757_001 in /tmp/pbe_data.data.home.granepura.5-Kinases.Kinases_MCCE.Trial03.run_holo.2ITZ_LYS01A0757_001
ForkPoolWorker-5: Calling delphi to calculate conformer (111/673) LYS+1A0757_002 in /tmp/pbe_data.data.home.granepura.5-Kinases.Kinases_MCCE.Trial03.run_holo.2ITZ_LYS+1A0757_002
ForkPoolWorker-2: Calling delphi to calculate conformer (112/673) GLU01A0758_001 in /tmp/pbe_data.data.home.granepura.5-Kinases.Kinases_MCCE.Trial03.run_holo.2ITZ_GLU01A0758_001
ForkPoolWorker-3: Calling delphi to calculate conformer (113/673) GLU01A0758_002 in /tmp/pbe_data.data.home.granepura.5-Kinases.Kinases_MCCE.Trial03.run_holo.2ITZ_GLU01A0758_002
ForkPoolWorker-1: Calling delphi to calculate conformer (114/673) GLU02A0758_003 in /tmp/pbe_data.data.home.granepura.5-Kinases.Kinases_MCCE.Trial03.run_holo.2ITZ_GLU02A0758_003
ForkPoolWorker-4: Calling delphi to calculate conformer (115/673) GLU02A0758_004 in /tmp/pbe_data.data.home.granepura.5-Kinases.Kinases_MCCE.Trial03.run_holo.2ITZ_GLU02A0758_004
ForkPoolWorker-5: Calling delphi to calculate conformer (116/673) GLU-1A0758_005 in /tmp/pbe_data.data.home.granepura.5-Kinases.Kinases_MCCE.Trial03.run_holo.2ITZ_GLU-1A0758_005
Skipping PBE solver for non-charge conformer (117/673) ILE01A0759_001...
Skipping PBE solver for non-charge conformer (118/673) LEU01A0760_001...
ForkPoolWorker-3: Calling delphi to calculate conformer (119/673) ASP01A0761_001 in /tmp/pbe_data.data.home.granepura.5-Kinases.Kinases_MCCE.Trial03.run_holo.2ITZ_ASP01A0761_001
ForkPoolWorker-2: Calling delphi to calculate conformer (120/673) ASP01A0761_002 in /tmp/pbe_data.data.home.granepura.5-Kinases.Kinases_MCCE.Trial03.run_holo.2ITZ_ASP01A0761_002
ForkPoolWorker-1: Calling delphi to calculate conformer (121/673) ASP02A0761_003 in /tmp/pbe_data.data.home.granepura.5-Kinases.Kinases_MCCE.Trial03.run_holo.2ITZ_ASP02A0761_003
ForkPoolWorker-4: Calling delphi to calculate conformer (122/673) ASP02A0761_004 in /tmp/pbe_data.data.home.granepura.5-Kinases.Kinases_MCCE.Trial03.run_holo.2ITZ_ASP02A0761_004
ForkPoolWorker-5: Calling delphi to calculate conformer (123/673) ASP-1A0761_005 in /tmp/pbe_data.data.home.granepura.5-Kinases.Kinases_MCCE.Trial03.run_holo.2ITZ_ASP-1A0761_005
ForkPoolWorker-2: Calling delphi to calculate conformer (124/673) GLU01A0762_001 in /tmp/pbe_data.data.home.granepura.5-Kinases.Kinases_MCCE.Trial03.run_holo.2ITZ_GLU01A0762_001
ForkPoolWorker-3: Calling delphi to calculate conformer (125/673) GLU01A0762_002 in /tmp/pbe_data.data.home.granepura.5-Kinases.Kinases_MCCE.Trial03.run_holo.2ITZ_GLU01A0762_002
ForkPoolWorker-1: Calling delphi to calculate conformer (126/673) GLU02A0762_003 in /tmp/pbe_data.data.home.granepura.5-Kinases.Kinases_MCCE.Trial03.run_holo.2ITZ_GLU02A0762_003
ForkPoolWorker-4: Calling delphi to calculate conformer (127/673) GLU02A0762_004 in /tmp/pbe_data.data.home.granepura.5-Kinases.Kinases_MCCE.Trial03.run_holo.2ITZ_GLU02A0762_004
ForkPoolWorker-5: Calling delphi to calculate conformer (128/673) GLU-1A0762_005 in /tmp/pbe_data.data.home.granepura.5-Kinases.Kinases_MCCE.Trial03.run_holo.2ITZ_GLU-1A0762_005
Skipping PBE solver for non-charge conformer (129/673) ALA01A0763_001...
ForkPoolWorker-2: Calling delphi to calculate conformer (130/673) TYR01A0764_001 in /tmp/pbe_data.data.home.granepura.5-Kinases.Kinases_MCCE.Trial03.run_holo.2ITZ_TYR01A0764_001
ForkPoolWorker-3: Calling delphi to calculate conformer (131/673) TYR-1A0764_002 in /tmp/pbe_data.data.home.granepura.5-Kinases.Kinases_MCCE.Trial03.run_holo.2ITZ_TYR-1A0764_002
Skipping PBE solver for non-charge conformer (132/673) VAL01A0765_001...
ForkPoolWorker-1: Calling delphi to calculate conformer (133/673) MET01A0766_001 in /tmp/pbe_data.data.home.granepura.5-Kinases.Kinases_MCCE.Trial03.run_holo.2ITZ_MET01A0766_001
Skipping PBE solver for non-charge conformer (134/673) ALA01A0767_001...
ForkPoolWorker-4: Calling delphi to calculate conformer (135/673) SER01A0768_001 in /tmp/pbe_data.data.home.granepura.5-Kinases.Kinases_MCCE.Trial03.run_holo.2ITZ_SER01A0768_001
ForkPoolWorker-5: Calling delphi to calculate conformer (136/673) SER01A0768_002 in /tmp/pbe_data.data.home.granepura.5-Kinases.Kinases_MCCE.Trial03.run_holo.2ITZ_SER01A0768_002
ForkPoolWorker-2: Calling delphi to calculate conformer (137/673) SER01A0768_003 in /tmp/pbe_data.data.home.granepura.5-Kinases.Kinases_MCCE.Trial03.run_holo.2ITZ_SER01A0768_003
Skipping PBE solver for non-charge conformer (138/673) VAL01A0769_001...
ForkPoolWorker-3: Calling delphi to calculate conformer (139/673) ASP01A0770_001 in /tmp/pbe_data.data.home.granepura.5-Kinases.Kinases_MCCE.Trial03.run_holo.2ITZ_ASP01A0770_001
ForkPoolWorker-1: Calling delphi to calculate conformer (140/673) ASP01A0770_002 in /tmp/pbe_data.data.home.granepura.5-Kinases.Kinases_MCCE.Trial03.run_holo.2ITZ_ASP01A0770_002
ForkPoolWorker-4: Calling delphi to calculate conformer (141/673) ASP02A0770_003 in /tmp/pbe_data.data.home.granepura.5-Kinases.Kinases_MCCE.Trial03.run_holo.2ITZ_ASP02A0770_003
ForkPoolWorker-5: Calling delphi to calculate conformer (142/673) ASP02A0770_004 in /tmp/pbe_data.data.home.granepura.5-Kinases.Kinases_MCCE.Trial03.run_holo.2ITZ_ASP02A0770_004
ForkPoolWorker-2: Calling delphi to calculate conformer (143/673) ASP-1A0770_005 in /tmp/pbe_data.data.home.granepura.5-Kinases.Kinases_MCCE.Trial03.run_holo.2ITZ_ASP-1A0770_005
ForkPoolWorker-3: Calling delphi to calculate conformer (144/673) ASN01A0771_001 in /tmp/pbe_data.data.home.granepura.5-Kinases.Kinases_MCCE.Trial03.run_holo.2ITZ_ASN01A0771_001
Skipping PBE solver for non-charge conformer (145/673) PRO01A0772_001...
ForkPoolWorker-1: Calling delphi to calculate conformer (146/673) HIS01A0773_001 in /tmp/pbe_data.data.home.granepura.5-Kinases.Kinases_MCCE.Trial03.run_holo.2ITZ_HIS01A0773_001
ForkPoolWorker-4: Calling delphi to calculate conformer (147/673) HIS01A0773_002 in /tmp/pbe_data.data.home.granepura.5-Kinases.Kinases_MCCE.Trial03.run_holo.2ITZ_HIS01A0773_002
ForkPoolWorker-5: Calling delphi to calculate conformer (148/673) HIS02A0773_003 in /tmp/pbe_data.data.home.granepura.5-Kinases.Kinases_MCCE.Trial03.run_holo.2ITZ_HIS02A0773_003
ForkPoolWorker-2: Calling delphi to calculate conformer (149/673) HIS02A0773_004 in /tmp/pbe_data.data.home.granepura.5-Kinases.Kinases_MCCE.Trial03.run_holo.2ITZ_HIS02A0773_004
ForkPoolWorker-3: Calling delphi to calculate conformer (150/673) HIS+1A0773_005 in /tmp/pbe_data.data.home.granepura.5-Kinases.Kinases_MCCE.Trial03.run_holo.2ITZ_HIS+1A0773_005
ForkPoolWorker-1: Calling delphi to calculate conformer (151/673) HIS+1A0773_006 in /tmp/pbe_data.data.home.granepura.5-Kinases.Kinases_MCCE.Trial03.run_holo.2ITZ_HIS+1A0773_006
Skipping PBE solver for non-charge conformer (152/673) VAL01A0774_001...
ForkPoolWorker-4: Calling delphi to calculate conformer (153/673) CYS01A0775_001 in /tmp/pbe_data.data.home.granepura.5-Kinases.Kinases_MCCE.Trial03.run_holo.2ITZ_CYS01A0775_001
ForkPoolWorker-5: Calling delphi to calculate conformer (154/673) CYS01A0775_002 in /tmp/pbe_data.data.home.granepura.5-Kinases.Kinases_MCCE.Trial03.run_holo.2ITZ_CYS01A0775_002
ForkPoolWorker-2: Calling delphi to calculate conformer (155/673) CYS01A0775_003 in /tmp/pbe_data.data.home.granepura.5-Kinases.Kinases_MCCE.Trial03.run_holo.2ITZ_CYS01A0775_003
ForkPoolWorker-3: Calling delphi to calculate conformer (156/673) CYS-1A0775_004 in /tmp/pbe_data.data.home.granepura.5-Kinases.Kinases_MCCE.Trial03.run_holo.2ITZ_CYS-1A0775_004
ForkPoolWorker-1: Calling delphi to calculate conformer (157/673) ARG01A0776_001 in /tmp/pbe_data.data.home.granepura.5-Kinases.Kinases_MCCE.Trial03.run_holo.2ITZ_ARG01A0776_001
ForkPoolWorker-4: Calling delphi to calculate conformer (158/673) ARG02A0776_002 in /tmp/pbe_data.data.home.granepura.5-Kinases.Kinases_MCCE.Trial03.run_holo.2ITZ_ARG02A0776_002
ForkPoolWorker-5: Calling delphi to calculate conformer (159/673) ARG03A0776_003 in /tmp/pbe_data.data.home.granepura.5-Kinases.Kinases_MCCE.Trial03.run_holo.2ITZ_ARG03A0776_003
ForkPoolWorker-2: Calling delphi to calculate conformer (160/673) ARG+1A0776_004 in /tmp/pbe_data.data.home.granepura.5-Kinases.Kinases_MCCE.Trial03.run_holo.2ITZ_ARG+1A0776_004
Skipping PBE solver for non-charge conformer (161/673) LEU01A0777_001...
Skipping PBE solver for non-charge conformer (162/673) LEU01A0778_001...
Skipping PBE solver for non-charge conformer (163/673) ILE01A0780_001...
ForkPoolWorker-3: Calling delphi to calculate conformer (164/673) CYS01A0781_001 in /tmp/pbe_data.data.home.granepura.5-Kinases.Kinases_MCCE.Trial03.run_holo.2ITZ_CYS01A0781_001
ForkPoolWorker-1: Calling delphi to calculate conformer (165/673) CYS01A0781_002 in /tmp/pbe_data.data.home.granepura.5-Kinases.Kinases_MCCE.Trial03.run_holo.2ITZ_CYS01A0781_002
ForkPoolWorker-4: Calling delphi to calculate conformer (166/673) CYS01A0781_003 in /tmp/pbe_data.data.home.granepura.5-Kinases.Kinases_MCCE.Trial03.run_holo.2ITZ_CYS01A0781_003
ForkPoolWorker-5: Calling delphi to calculate conformer (167/673) CYS-1A0781_004 in /tmp/pbe_data.data.home.granepura.5-Kinases.Kinases_MCCE.Trial03.run_holo.2ITZ_CYS-1A0781_004
Skipping PBE solver for non-charge conformer (168/673) LEU01A0782_001...
ForkPoolWorker-2: Calling delphi to calculate conformer (169/673) THR01A0783_001 in /tmp/pbe_data.data.home.granepura.5-Kinases.Kinases_MCCE.Trial03.run_holo.2ITZ_THR01A0783_001
ForkPoolWorker-3: Calling delphi to calculate conformer (170/673) THR01A0783_002 in /tmp/pbe_data.data.home.granepura.5-Kinases.Kinases_MCCE.Trial03.run_holo.2ITZ_THR01A0783_002
ForkPoolWorker-1: Calling delphi to calculate conformer (171/673) SER01A0784_001 in /tmp/pbe_data.data.home.granepura.5-Kinases.Kinases_MCCE.Trial03.run_holo.2ITZ_SER01A0784_001
ForkPoolWorker-4: Calling delphi to calculate conformer (172/673) THR01A0785_001 in /tmp/pbe_data.data.home.granepura.5-Kinases.Kinases_MCCE.Trial03.run_holo.2ITZ_THR01A0785_001
Skipping PBE solver for non-charge conformer (173/673) VAL01A0786_001...
ForkPoolWorker-5: Calling delphi to calculate conformer (174/673) GLN01A0787_001 in /tmp/pbe_data.data.home.granepura.5-Kinases.Kinases_MCCE.Trial03.run_holo.2ITZ_GLN01A0787_001
ForkPoolWorker-2: Calling delphi to calculate conformer (175/673) GLN01A0787_002 in /tmp/pbe_data.data.home.granepura.5-Kinases.Kinases_MCCE.Trial03.run_holo.2ITZ_GLN01A0787_002
Skipping PBE solver for non-charge conformer (176/673) LEU01A0788_001...
Skipping PBE solver for non-charge conformer (177/673) ILE01A0789_001...
ForkPoolWorker-3: Calling delphi to calculate conformer (178/673) THR01A0790_001 in /tmp/pbe_data.data.home.granepura.5-Kinases.Kinases_MCCE.Trial03.run_holo.2ITZ_THR01A0790_001
ForkPoolWorker-1: Calling delphi to calculate conformer (179/673) THR01A0790_002 in /tmp/pbe_data.data.home.granepura.5-Kinases.Kinases_MCCE.Trial03.run_holo.2ITZ_THR01A0790_002
ForkPoolWorker-4: Calling delphi to calculate conformer (180/673) GLN01A0791_001 in /tmp/pbe_data.data.home.granepura.5-Kinases.Kinases_MCCE.Trial03.run_holo.2ITZ_GLN01A0791_001
ForkPoolWorker-5: Calling delphi to calculate conformer (181/673) GLN01A0791_002 in /tmp/pbe_data.data.home.granepura.5-Kinases.Kinases_MCCE.Trial03.run_holo.2ITZ_GLN01A0791_002
ForkPoolWorker-2: Calling delphi to calculate conformer (182/673) GLN01A0791_003 in /tmp/pbe_data.data.home.granepura.5-Kinases.Kinases_MCCE.Trial03.run_holo.2ITZ_GLN01A0791_003
ForkPoolWorker-3: Calling delphi to calculate conformer (183/673) GLN01A0791_004 in /tmp/pbe_data.data.home.granepura.5-Kinases.Kinases_MCCE.Trial03.run_holo.2ITZ_GLN01A0791_004
Skipping PBE solver for non-charge conformer (184/673) LEU01A0792_001...
ForkPoolWorker-1: Calling delphi to calculate conformer (185/673) MET01A0793_001 in /tmp/pbe_data.data.home.granepura.5-Kinases.Kinases_MCCE.Trial03.run_holo.2ITZ_MET01A0793_001
Skipping PBE solver for non-charge conformer (186/673) PRO01A0794_001...
Skipping PBE solver for non-charge conformer (187/673) PHE01A0795_001...
ForkPoolWorker-4: Calling delphi to calculate conformer (188/673) CYS01A0797_001 in /tmp/pbe_data.data.home.granepura.5-Kinases.Kinases_MCCE.Trial03.run_holo.2ITZ_CYS01A0797_001
ForkPoolWorker-5: Calling delphi to calculate conformer (189/673) CYS01A0797_002 in /tmp/pbe_data.data.home.granepura.5-Kinases.Kinases_MCCE.Trial03.run_holo.2ITZ_CYS01A0797_002
ForkPoolWorker-2: Calling delphi to calculate conformer (190/673) CYS01A0797_003 in /tmp/pbe_data.data.home.granepura.5-Kinases.Kinases_MCCE.Trial03.run_holo.2ITZ_CYS01A0797_003
ForkPoolWorker-3: Calling delphi to calculate conformer (191/673) CYS-1A0797_004 in /tmp/pbe_data.data.home.granepura.5-Kinases.Kinases_MCCE.Trial03.run_holo.2ITZ_CYS-1A0797_004
Skipping PBE solver for non-charge conformer (192/673) LEU01A0798_001...
Skipping PBE solver for non-charge conformer (193/673) LEU01A0799_001...
ForkPoolWorker-1: Calling delphi to calculate conformer (194/673) ASP01A0800_001 in /tmp/pbe_data.data.home.granepura.5-Kinases.Kinases_MCCE.Trial03.run_holo.2ITZ_ASP01A0800_001
ForkPoolWorker-4: Calling delphi to calculate conformer (195/673) ASP01A0800_002 in /tmp/pbe_data.data.home.granepura.5-Kinases.Kinases_MCCE.Trial03.run_holo.2ITZ_ASP01A0800_002
ForkPoolWorker-5: Calling delphi to calculate conformer (196/673) ASP02A0800_003 in /tmp/pbe_data.data.home.granepura.5-Kinases.Kinases_MCCE.Trial03.run_holo.2ITZ_ASP02A0800_003
ForkPoolWorker-2: Calling delphi to calculate conformer (197/673) ASP02A0800_004 in /tmp/pbe_data.data.home.granepura.5-Kinases.Kinases_MCCE.Trial03.run_holo.2ITZ_ASP02A0800_004
ForkPoolWorker-3: Calling delphi to calculate conformer (198/673) ASP-1A0800_005 in /tmp/pbe_data.data.home.granepura.5-Kinases.Kinases_MCCE.Trial03.run_holo.2ITZ_ASP-1A0800_005
ForkPoolWorker-1: Calling delphi to calculate conformer (199/673) TYR01A0801_001 in /tmp/pbe_data.data.home.granepura.5-Kinases.Kinases_MCCE.Trial03.run_holo.2ITZ_TYR01A0801_001
ForkPoolWorker-4: Calling delphi to calculate conformer (200/673) TYR01A0801_002 in /tmp/pbe_data.data.home.granepura.5-Kinases.Kinases_MCCE.Trial03.run_holo.2ITZ_TYR01A0801_002
ForkPoolWorker-5: Calling delphi to calculate conformer (201/673) TYR-1A0801_003 in /tmp/pbe_data.data.home.granepura.5-Kinases.Kinases_MCCE.Trial03.run_holo.2ITZ_TYR-1A0801_003
Skipping PBE solver for non-charge conformer (202/673) VAL01A0802_001...
ForkPoolWorker-2: Calling delphi to calculate conformer (203/673) ARG01A0803_001 in /tmp/pbe_data.data.home.granepura.5-Kinases.Kinases_MCCE.Trial03.run_holo.2ITZ_ARG01A0803_001
ForkPoolWorker-3: Calling delphi to calculate conformer (204/673) ARG02A0803_002 in /tmp/pbe_data.data.home.granepura.5-Kinases.Kinases_MCCE.Trial03.run_holo.2ITZ_ARG02A0803_002
ForkPoolWorker-1: Calling delphi to calculate conformer (205/673) ARG03A0803_003 in /tmp/pbe_data.data.home.granepura.5-Kinases.Kinases_MCCE.Trial03.run_holo.2ITZ_ARG03A0803_003
ForkPoolWorker-4: Calling delphi to calculate conformer (206/673) ARG+1A0803_004 in /tmp/pbe_data.data.home.granepura.5-Kinases.Kinases_MCCE.Trial03.run_holo.2ITZ_ARG+1A0803_004
ForkPoolWorker-5: Calling delphi to calculate conformer (207/673) GLU01A0804_001 in /tmp/pbe_data.data.home.granepura.5-Kinases.Kinases_MCCE.Trial03.run_holo.2ITZ_GLU01A0804_001
ForkPoolWorker-2: Calling delphi to calculate conformer (208/673) GLU01A0804_002 in /tmp/pbe_data.data.home.granepura.5-Kinases.Kinases_MCCE.Trial03.run_holo.2ITZ_GLU01A0804_002
ForkPoolWorker-3: Calling delphi to calculate conformer (209/673) GLU02A0804_003 in /tmp/pbe_data.data.home.granepura.5-Kinases.Kinases_MCCE.Trial03.run_holo.2ITZ_GLU02A0804_003
ForkPoolWorker-1: Calling delphi to calculate conformer (210/673) GLU02A0804_004 in /tmp/pbe_data.data.home.granepura.5-Kinases.Kinases_MCCE.Trial03.run_holo.2ITZ_GLU02A0804_004
ForkPoolWorker-4: Calling delphi to calculate conformer (211/673) GLU-1A0804_005 in /tmp/pbe_data.data.home.granepura.5-Kinases.Kinases_MCCE.Trial03.run_holo.2ITZ_GLU-1A0804_005
ForkPoolWorker-5: Calling delphi to calculate conformer (212/673) HIS01A0805_001 in /tmp/pbe_data.data.home.granepura.5-Kinases.Kinases_MCCE.Trial03.run_holo.2ITZ_HIS01A0805_001
ForkPoolWorker-2: Calling delphi to calculate conformer (213/673) HIS01A0805_002 in /tmp/pbe_data.data.home.granepura.5-Kinases.Kinases_MCCE.Trial03.run_holo.2ITZ_HIS01A0805_002
ForkPoolWorker-3: Calling delphi to calculate conformer (214/673) HIS02A0805_003 in /tmp/pbe_data.data.home.granepura.5-Kinases.Kinases_MCCE.Trial03.run_holo.2ITZ_HIS02A0805_003
ForkPoolWorker-1: Calling delphi to calculate conformer (215/673) HIS02A0805_004 in /tmp/pbe_data.data.home.granepura.5-Kinases.Kinases_MCCE.Trial03.run_holo.2ITZ_HIS02A0805_004
ForkPoolWorker-4: Calling delphi to calculate conformer (216/673) HIS+1A0805_005 in /tmp/pbe_data.data.home.granepura.5-Kinases.Kinases_MCCE.Trial03.run_holo.2ITZ_HIS+1A0805_005
ForkPoolWorker-5: Calling delphi to calculate conformer (217/673) HIS+1A0805_006 in /tmp/pbe_data.data.home.granepura.5-Kinases.Kinases_MCCE.Trial03.run_holo.2ITZ_HIS+1A0805_006
ForkPoolWorker-2: Calling delphi to calculate conformer (218/673) LYS01A0806_001 in /tmp/pbe_data.data.home.granepura.5-Kinases.Kinases_MCCE.Trial03.run_holo.2ITZ_LYS01A0806_001
ForkPoolWorker-3: Calling delphi to calculate conformer (219/673) LYS+1A0806_002 in /tmp/pbe_data.data.home.granepura.5-Kinases.Kinases_MCCE.Trial03.run_holo.2ITZ_LYS+1A0806_002
ForkPoolWorker-1: Calling delphi to calculate conformer (220/673) ASP01A0807_001 in /tmp/pbe_data.data.home.granepura.5-Kinases.Kinases_MCCE.Trial03.run_holo.2ITZ_ASP01A0807_001
ForkPoolWorker-4: Calling delphi to calculate conformer (221/673) ASP01A0807_002 in /tmp/pbe_data.data.home.granepura.5-Kinases.Kinases_MCCE.Trial03.run_holo.2ITZ_ASP01A0807_002
ForkPoolWorker-5: Calling delphi to calculate conformer (222/673) ASP02A0807_003 in /tmp/pbe_data.data.home.granepura.5-Kinases.Kinases_MCCE.Trial03.run_holo.2ITZ_ASP02A0807_003
