INFO - step3.py: Step 3. Energies calculation with PBE solver.
INFO - step3.py: Calling new VDW....No Scaling Applied
INFO - step3.py:    Process run time options & convert step2_out.pdb.
INFO - step3.py:    Prepare input for PB solver.
INFO - step3.py:    Time needed: 0 seconds.
INFO - step3.py:    Set up parallel envrionment and run PB solver.
INFO - step3.py:    Running PBE solver in 1 threads
Warning: VDW_RAD HOH-1 " O  " not defined in RADIUS parameter
Warning: VDW_RAD HOH-1 " H1 " not defined in RADIUS parameter
Warning: VDW_RAD HOH+1 " O  " not defined in RADIUS parameter
Warning: VDW_RAD HOH+1 " H1 " not defined in RADIUS parameter
Warning: VDW_RAD HOH+1 " H2 " not defined in RADIUS parameter
Warning: VDW_RAD HOH+1 " H3 " not defined in RADIUS parameter
Warning: VDW_RAD SO401 " HO1" not defined in RADIUS parameter
Warning: VDW_RAD SO401 " HO2" not defined in RADIUS parameter
Warning: VDW_RAD SO4-1 " HO1" not defined in RADIUS parameter
Warning, parameter ('RADIUS', 'AXI02', ' H14') not found, using default values as C
Warning, parameter ('RADIUS', 'AXI02', ' H14') not found, using default values as C
Warning, parameter ('RADIUS', 'AXI+1', ' H47') not found, using default values as C
Warning, parameter ('RADIUS', 'AXI+1', ' H47') not found, using default values as C
INFO - step3.py: ForkPoolWorker-1: Calling delphi to calculate conformer (1/6) AXI01A2000_001 in /tmp/pbe_data.data.home.schowdhury.Project_kinases.cof_tpl_mg.run_cof2.4AG8_AXI01A2000_001
INFO - step3.py: ForkPoolWorker-1: Calling delphi to calculate conformer (2/6) AXI01A2000_002 in /tmp/pbe_data.data.home.schowdhury.Project_kinases.cof_tpl_mg.run_cof2.4AG8_AXI01A2000_002
INFO - step3.py: ForkPoolWorker-1: Calling delphi to calculate conformer (3/6) AXI02A2000_003 in /tmp/pbe_data.data.home.schowdhury.Project_kinases.cof_tpl_mg.run_cof2.4AG8_AXI02A2000_003
INFO - step3.py: ForkPoolWorker-1: Calling delphi to calculate conformer (4/6) AXI02A2000_004 in /tmp/pbe_data.data.home.schowdhury.Project_kinases.cof_tpl_mg.run_cof2.4AG8_AXI02A2000_004
INFO - step3.py: ForkPoolWorker-1: Calling delphi to calculate conformer (5/6) AXI+1A2000_005 in /tmp/pbe_data.data.home.schowdhury.Project_kinases.cof_tpl_mg.run_cof2.4AG8_AXI+1A2000_005
INFO - step3.py: ForkPoolWorker-1: Calling delphi to calculate conformer (6/6) AXI+1A2000_006 in /tmp/pbe_data.data.home.schowdhury.Project_kinases.cof_tpl_mg.run_cof2.4AG8_AXI+1A2000_006
INFO - step3.py:    Time needed: 17 seconds.
INFO - step3.py:    Post-processing of electrostatic potential.
INFO - step3.py:    Processing ele pairwise interaction...
INFO - step3.py:    Time needed: 0 seconds.
INFO - step3.py:    Making atom connectivity ...
INFO - step3.py:    Time needed: 0 seconds.
INFO - step3.py:    Calculating vdw ...
INFO - step3.py:    Time needed: 0 seconds.
INFO - step3.py:    Calculating torsion energy ...
INFO - step3.py:    Time needed: 0 seconds.
INFO - step3.py:    Composing head3.lst ...
INFO - step3.py:    Time needed: 0 seconds.
INFO - step3.py:    Composing opp files ...
INFO - step3.py:    Time needed: 0 seconds.
INFO - step3.py:    Total time for step3 is 17 seconds.
Warning: Atom "  H1" bond to " N15AXI2000A005" was not found
Warning: Atom "  H1" bond to " N15AXI2000A006" was not found
[SUCCESS]: Step 3 completed successfully.
