   Error! get_connect12(): connectivity of atom " N   LEU A0008" is not complete:

          get_connect12(): atom  C   of residue i-1 is not found 

   Error! get_connect12(): connectivity of atom " C   SER A0123" is not complete:

          get_connect12(): atom  N   of residue i+1 is not found 

   Error! get_connect12(): connectivity of atom " N   PHE A0127" is not complete:

          get_connect12(): atom  C   of residue i-1 is not found 

   Error! get_connect12(): connectivity of atom " C   LEU A0254" is not complete:

          get_connect12(): atom  N   of residue i+1 is not found 

   Error! get_connect12(): connectivity of atom " N   ASP B0010" is not complete:

          get_connect12(): atom  C   of residue i-1 is not found 

   Error! get_connect12(): connectivity of atom " C   PRO B0244" is not complete:

          get_connect12(): atom  N   of residue i+1 is not found 

   Error! get_connect12(): connectivity of atom " N   ALA B0259" is not complete:

          get_connect12(): atom  C   of residue i-1 is not found 

   Error! get_connect12(): connectivity of atom " C   ARG B0305" is not complete:

          get_connect12(): atom  N   of residue i+1 is not found 

VDW_RAD  LQQ01  O01   1.66
VDW_EPS  LQQ01  O01   0.21
VDW_RAD  LQQ01  C02   1.91
VDW_EPS  LQQ01  C02   0.11
VDW_RAD  LQQ01  C01   1.91
VDW_EPS  LQQ01  C01   0.11
VDW_RAD  LQQ01  C03   1.91
VDW_EPS  LQQ01  C03   0.11
VDW_RAD  LQQ01  C04   1.91
VDW_EPS  LQQ01  C04   0.11
VDW_RAD  LQQ01  C05   1.91
VDW_EPS  LQQ01  C05   0.11
VDW_RAD  LQQ01  C06   1.91
VDW_EPS  LQQ01  C06   0.11
VDW_RAD  LQQ01  C07   1.91
VDW_EPS  LQQ01  C07   0.11
VDW_RAD  LQQ01  N01   1.82
VDW_EPS  LQQ01  N01   0.17
VDW_RAD  LQQ01  C08   1.91
VDW_EPS  LQQ01  C08   0.11
VDW_RAD  LQQ01  N02   1.82
VDW_EPS  LQQ01  N02   0.17
VDW_RAD  LQQ01  C09   1.91
VDW_EPS  LQQ01  C09   0.11
VDW_RAD  LQQ01  N03   1.82
VDW_EPS  LQQ01  N03   0.17
VDW_RAD  LQQ01  C10   1.91
VDW_EPS  LQQ01  C10   0.11
VDW_RAD  LQQ01  C11   1.91
VDW_EPS  LQQ01  C11   0.11
VDW_RAD  LQQ01  C12   1.91
VDW_EPS  LQQ01  C12   0.11
VDW_RAD  LQQ01  C13   1.91
VDW_EPS  LQQ01  C13   0.11
VDW_RAD  LQQ01  C14   1.91
VDW_EPS  LQQ01  C14   0.11
VDW_RAD  LQQ01  C15   1.91
VDW_EPS  LQQ01  C15   0.11
VDW_RAD  LQQ01  O02   1.66
VDW_EPS  LQQ01  O02   0.21
VDW_RAD  LQQ01  N04   1.82
VDW_EPS  LQQ01  N04   0.17
VDW_RAD  LQQ01  C16   1.91
VDW_EPS  LQQ01  C16   0.11
VDW_RAD  LQQ01  N05   1.82
VDW_EPS  LQQ01  N05   0.17
VDW_RAD  LQQ01  C17   1.91
VDW_EPS  LQQ01  C17   0.11
VDW_RAD  LQQ01  C18   1.91
VDW_EPS  LQQ01  C18   0.11
VDW_RAD  LQQ01  C19   1.91
VDW_EPS  LQQ01  C19   0.11
VDW_RAD  LQQ01  C20   1.91
VDW_EPS  LQQ01  C20   0.11
VDW_RAD  LQQ01  N06   1.82
VDW_EPS  LQQ01  N06   0.17
VDW_RAD  LQQ01  C21   1.91
VDW_EPS  LQQ01  C21   0.11
VDW_RAD  LQQ01  C22   1.91
VDW_EPS  LQQ01  C22   0.11
VDW_RAD  LQQ01  N07   1.82
VDW_EPS  LQQ01  N07   0.17
VDW_RAD  LQQ01  C23   1.91
VDW_EPS  LQQ01  C23   0.11
VDW_RAD  LQQ01  C24   1.91
VDW_EPS  LQQ01  C24   0.11
   Error! get_connect12(): connectivity of atom " N   LEU A0008" is not complete:

          get_connect12(): atom  C   of residue i-1 is not found 

TORSION  LEUBK  H    N    CA   C    f        0.0         2    180.00
   Error! get_connect12(): connectivity of atom " N   LEU A0008" is not complete:

          get_connect12(): atom  C   of residue i-1 is not found 

   Error! get_connect12(): connectivity of atom " N   LEU A0008" is not complete:

          get_connect12(): atom  C   of residue i-1 is not found 

