LEU A0008_ R f 00 S f  0.0 H t 36 M 999
ASN A0009_ R f 00 S f  0.0 H t 36 M 999
ARG A0010_ R f 00 S f  0.0 H t 36 M 999
ALA A0011_ R f 00 S f  0.0 H t 36 M 999
LYS A0012_ R f 00 S f  0.0 H t 36 M 999
ILE A0013_ R f 00 S f  0.0 H t 36 M 999
ASP A0014_ R f 00 S f  0.0 H t 36 M 999
SER A0015_ R f 00 S f  0.0 H t 36 M 999
THR A0016_ R f 00 S f  0.0 H t 36 M 999
THR A0017_ R f 00 S f  0.0 H t 36 M 999
MET A0018_ R f 00 S f  0.0 H t 36 M 999
LYS A0019_ R f 00 S f  0.0 H t 36 M 999
ASP A0020_ R f 00 S f  0.0 H t 36 M 999
PRO A0021_ R f 00 S f  0.0 H t 36 M 999
ARG A0022_ R f 00 S f  0.0 H t 36 M 999
VAL A0023_ R f 00 S f  0.0 H t 36 M 999
LEU A0024_ R f 00 S f  0.0 H t 36 M 999
ASN A0025_ R f 00 S f  0.0 H t 36 M 999
ASN A0026_ R f 00 S f  0.0 H t 36 M 999
LEU A0027_ R f 00 S f  0.0 H t 36 M 999
LYS A0028_ R f 00 S f  0.0 H t 36 M 999
LEU A0029_ R f 00 S f  0.0 H t 36 M 999
ARG A0030_ R f 00 S f  0.0 H t 36 M 999
GLU A0031_ R f 00 S f  0.0 H t 36 M 999
LEU A0032_ R f 00 S f  0.0 H t 36 M 999
LEU A0033_ R f 00 S f  0.0 H t 36 M 999
LEU A0034_ R f 00 S f  0.0 H t 36 M 999
PRO A0035_ R f 00 S f  0.0 H t 36 M 999
LYS A0036_ R f 00 S f  0.0 H t 36 M 999
PHE A0037_ R f 00 S f  0.0 H t 36 M 999
THR A0038_ R f 00 S f  0.0 H t 36 M 999
SER A0039_ R f 00 S f  0.0 H t 36 M 999
LEU A0040_ R f 00 S f  0.0 H t 36 M 999
TRP A0041_ R f 00 S f  0.0 H t 36 M 999
GLU A0042_ R f 00 S f  0.0 H t 36 M 999
ILE A0043_ R f 00 S f  0.0 H t 36 M 999
GLN A0044_ R f 00 S f  0.0 H t 36 M 999
THR A0045_ R f 00 S f  0.0 H t 36 M 999
GLU A0046_ R f 00 S f  0.0 H t 36 M 999
VAL A0047_ R f 00 S f  0.0 H t 36 M 999
THR A0048_ R f 00 S f  0.0 H t 36 M 999
VAL A0049_ R f 00 S f  0.0 H t 36 M 999
ASP A0050_ R f 00 S f  0.0 H t 36 M 999
ASN A0051_ R f 00 S f  0.0 H t 36 M 999
ARG A0052_ R f 00 S f  0.0 H t 36 M 999
THR A0053_ R f 00 S f  0.0 H t 36 M 999
ILE A0054_ R f 00 S f  0.0 H t 36 M 999
LEU A0055_ R f 00 S f  0.0 H t 36 M 999
LEU A0056_ R f 00 S f  0.0 H t 36 M 999
THR A0057_ R f 00 S f  0.0 H t 36 M 999
TRP A0058_ R f 00 S f  0.0 H t 36 M 999
MET A0059_ R f 00 S f  0.0 H t 36 M 999
HIS A0060_ R f 00 S f  0.0 H t 36 M 999
LEU A0061_ R f 00 S f  0.0 H t 36 M 999
LEU A0062_ R f 00 S f  0.0 H t 36 M 999
CYS A0063_ R f 00 S f  0.0 H t 36 M 999
GLU A0064_ R f 00 S f  0.0 H t 36 M 999
SER A0065_ R f 00 S f  0.0 H t 36 M 999
PHE A0066_ R f 00 S f  0.0 H t 36 M 999
GLU A0067_ R f 00 S f  0.0 H t 36 M 999
LEU A0068_ R f 00 S f  0.0 H t 36 M 999
ASP A0069_ R f 00 S f  0.0 H t 36 M 999
LYS A0070_ R f 00 S f  0.0 H t 36 M 999
SER A0071_ R f 00 S f  0.0 H t 36 M 999
VAL A0072_ R f 00 S f  0.0 H t 36 M 999
PHE A0073_ R f 00 S f  0.0 H t 36 M 999
PRO A0074_ R f 00 S f  0.0 H t 36 M 999
LEU A0075_ R f 00 S f  0.0 H t 36 M 999
SER A0076_ R f 00 S f  0.0 H t 36 M 999
VAL A0077_ R f 00 S f  0.0 H t 36 M 999
SER A0078_ R f 00 S f  0.0 H t 36 M 999
ILE A0079_ R f 00 S f  0.0 H t 36 M 999
LEU A0080_ R f 00 S f  0.0 H t 36 M 999
ASP A0081_ R f 00 S f  0.0 H t 36 M 999
ARG A0082_ R f 00 S f  0.0 H t 36 M 999
TYR A0083_ R f 00 S f  0.0 H t 36 M 999
LEU A0084_ R f 00 S f  0.0 H t 36 M 999
CYS A0085_ R f 00 S f  0.0 H t 36 M 999
LYS A0086_ R f 00 S f  0.0 H t 36 M 999
LYS A0087_ R f 00 S f  0.0 H t 36 M 999
GLN A0088_ R f 00 S f  0.0 H t 36 M 999
GLY A0089_ R f 00 S f  0.0 H t 36 M 999
THR A0090_ R f 00 S f  0.0 H t 36 M 999
LYS A0091_ R f 00 S f  0.0 H t 36 M 999
LYS A0092_ R f 00 S f  0.0 H t 36 M 999
THR A0093_ R f 00 S f  0.0 H t 36 M 999
LEU A0094_ R f 00 S f  0.0 H t 36 M 999
GLN A0095_ R f 00 S f  0.0 H t 36 M 999
LYS A0096_ R f 00 S f  0.0 H t 36 M 999
ILE A0097_ R f 00 S f  0.0 H t 36 M 999
GLY A0098_ R f 00 S f  0.0 H t 36 M 999
ALA A0099_ R f 00 S f  0.0 H t 36 M 999
ALA A0100_ R f 00 S f  0.0 H t 36 M 999
CYS A0101_ R f 00 S f  0.0 H t 36 M 999
VAL A0102_ R f 00 S f  0.0 H t 36 M 999
LEU A0103_ R f 00 S f  0.0 H t 36 M 999
ILE A0104_ R f 00 S f  0.0 H t 36 M 999
GLY A0105_ R f 00 S f  0.0 H t 36 M 999
SER A0106_ R f 00 S f  0.0 H t 36 M 999
LYS A0107_ R f 00 S f  0.0 H t 36 M 999
ILE A0108_ R f 00 S f  0.0 H t 36 M 999
ARG A0109_ R f 00 S f  0.0 H t 36 M 999
THR A0110_ R f 00 S f  0.0 H t 36 M 999
VAL A0111_ R f 00 S f  0.0 H t 36 M 999
LYS A0112_ R f 00 S f  0.0 H t 36 M 999
PRO A0113_ R f 00 S f  0.0 H t 36 M 999
MET A0114_ R f 00 S f  0.0 H t 36 M 999
THR A0115_ R f 00 S f  0.0 H t 36 M 999
VAL A0116_ R f 00 S f  0.0 H t 36 M 999
SER A0117_ R f 00 S f  0.0 H t 36 M 999
LYS A0118_ R f 00 S f  0.0 H t 36 M 999
LEU A0119_ R f 00 S f  0.0 H t 36 M 999
THR A0120_ R f 00 S f  0.0 H t 36 M 999
TYR A0121_ R f 00 S f  0.0 H t 36 M 999
LEU A0122_ R f 00 S f  0.0 H t 36 M 999
SER A0123_ R f 00 S f  0.0 H t 36 M 999
PHE A0127_ R f 00 S f  0.0 H t 36 M 999
THR A0128_ R f 00 S f  0.0 H t 36 M 999
ASN A0129_ R f 00 S f  0.0 H t 36 M 999
LEU A0130_ R f 00 S f  0.0 H t 36 M 999
GLU A0131_ R f 00 S f  0.0 H t 36 M 999
LEU A0132_ R f 00 S f  0.0 H t 36 M 999
ILE A0133_ R f 00 S f  0.0 H t 36 M 999
ASN A0134_ R f 00 S f  0.0 H t 36 M 999
GLN A0135_ R f 00 S f  0.0 H t 36 M 999
GLU A0136_ R f 00 S f  0.0 H t 36 M 999
LYS A0137_ R f 00 S f  0.0 H t 36 M 999
ASP A0138_ R f 00 S f  0.0 H t 36 M 999
ILE A0139_ R f 00 S f  0.0 H t 36 M 999
LEU A0140_ R f 00 S f  0.0 H t 36 M 999
GLU A0141_ R f 00 S f  0.0 H t 36 M 999
ALA A0142_ R f 00 S f  0.0 H t 36 M 999
LEU A0143_ R f 00 S f  0.0 H t 36 M 999
LYS A0144_ R f 00 S f  0.0 H t 36 M 999
TRP A0145_ R f 00 S f  0.0 H t 36 M 999
ASP A0146_ R f 00 S f  0.0 H t 36 M 999
THR A0147_ R f 00 S f  0.0 H t 36 M 999
GLU A0148_ R f 00 S f  0.0 H t 36 M 999
ALA A0149_ R f 00 S f  0.0 H t 36 M 999
VAL A0150_ R f 00 S f  0.0 H t 36 M 999
LEU A0151_ R f 00 S f  0.0 H t 36 M 999
ALA A0152_ R f 00 S f  0.0 H t 36 M 999
THR A0153_ R f 00 S f  0.0 H t 36 M 999
ASP A0154_ R f 00 S f  0.0 H t 36 M 999
PHE A0155_ R f 00 S f  0.0 H t 36 M 999
LEU A0156_ R f 00 S f  0.0 H t 36 M 999
ILE A0157_ R f 00 S f  0.0 H t 36 M 999
PRO A0158_ R f 00 S f  0.0 H t 36 M 999
LEU A0159_ R f 00 S f  0.0 H t 36 M 999
CYS A0160_ R f 00 S f  0.0 H t 36 M 999
ASN A0161_ R f 00 S f  0.0 H t 36 M 999
ALA A0162_ R f 00 S f  0.0 H t 36 M 999
LEU A0163_ R f 00 S f  0.0 H t 36 M 999
LYS A0164_ R f 00 S f  0.0 H t 36 M 999
ILE A0165_ R f 00 S f  0.0 H t 36 M 999
PRO A0166_ R f 00 S f  0.0 H t 36 M 999
GLU A0167_ R f 00 S f  0.0 H t 36 M 999
ASP A0168_ R f 00 S f  0.0 H t 36 M 999
LEU A0169_ R f 00 S f  0.0 H t 36 M 999
TRP A0170_ R f 00 S f  0.0 H t 36 M 999
PRO A0171_ R f 00 S f  0.0 H t 36 M 999
GLN A0172_ R f 00 S f  0.0 H t 36 M 999
LEU A0173_ R f 00 S f  0.0 H t 36 M 999
TYR A0174_ R f 00 S f  0.0 H t 36 M 999
GLU A0175_ R f 00 S f  0.0 H t 36 M 999
ALA A0176_ R f 00 S f  0.0 H t 36 M 999
ALA A0177_ R f 00 S f  0.0 H t 36 M 999
SER A0178_ R f 00 S f  0.0 H t 36 M 999
THR A0179_ R f 00 S f  0.0 H t 36 M 999
THR A0180_ R f 00 S f  0.0 H t 36 M 999
ILE A0181_ R f 00 S f  0.0 H t 36 M 999
CYS A0182_ R f 00 S f  0.0 H t 36 M 999
LYS A0183_ R f 00 S f  0.0 H t 36 M 999
ALA A0184_ R f 00 S f  0.0 H t 36 M 999
LEU A0185_ R f 00 S f  0.0 H t 36 M 999
ILE A0186_ R f 00 S f  0.0 H t 36 M 999
GLN A0187_ R f 00 S f  0.0 H t 36 M 999
PRO A0188_ R f 00 S f  0.0 H t 36 M 999
ASN A0189_ R f 00 S f  0.0 H t 36 M 999
ILE A0190_ R f 00 S f  0.0 H t 36 M 999
ALA A0191_ R f 00 S f  0.0 H t 36 M 999
LEU A0192_ R f 00 S f  0.0 H t 36 M 999
LEU A0193_ R f 00 S f  0.0 H t 36 M 999
SER A0194_ R f 00 S f  0.0 H t 36 M 999
PRO A0195_ R f 00 S f  0.0 H t 36 M 999
GLY A0196_ R f 00 S f  0.0 H t 36 M 999
LEU A0197_ R f 00 S f  0.0 H t 36 M 999
ILE A0198_ R f 00 S f  0.0 H t 36 M 999
CYS A0199_ R f 00 S f  0.0 H t 36 M 999
ALA A0200_ R f 00 S f  0.0 H t 36 M 999
GLY A0201_ R f 00 S f  0.0 H t 36 M 999
GLY A0202_ R f 00 S f  0.0 H t 36 M 999
LEU A0203_ R f 00 S f  0.0 H t 36 M 999
LEU A0204_ R f 00 S f  0.0 H t 36 M 999
THR A0205_ R f 00 S f  0.0 H t 36 M 999
THR A0206_ R f 00 S f  0.0 H t 36 M 999
ILE A0207_ R f 00 S f  0.0 H t 36 M 999
GLU A0208_ R f 00 S f  0.0 H t 36 M 999
THR A0209_ R f 00 S f  0.0 H t 36 M 999
ASP A0210_ R f 00 S f  0.0 H t 36 M 999
ASN A0211_ R f 00 S f  0.0 H t 36 M 999
THR A0212_ R f 00 S f  0.0 H t 36 M 999
ASN A0213_ R f 00 S f  0.0 H t 36 M 999
CYS A0214_ R f 00 S f  0.0 H t 36 M 999
ARG A0215_ R f 00 S f  0.0 H t 36 M 999
PRO A0216_ R f 00 S f  0.0 H t 36 M 999
TRP A0217_ R f 00 S f  0.0 H t 36 M 999
THR A0218_ R f 00 S f  0.0 H t 36 M 999
CYS A0219_ R f 00 S f  0.0 H t 36 M 999
TYR A0220_ R f 00 S f  0.0 H t 36 M 999
LEU A0221_ R f 00 S f  0.0 H t 36 M 999
GLU A0222_ R f 00 S f  0.0 H t 36 M 999
ASP A0223_ R f 00 S f  0.0 H t 36 M 999
LEU A0224_ R f 00 S f  0.0 H t 36 M 999
SER A0225_ R f 00 S f  0.0 H t 36 M 999
SER A0226_ R f 00 S f  0.0 H t 36 M 999
ILE A0227_ R f 00 S f  0.0 H t 36 M 999
LEU A0228_ R f 00 S f  0.0 H t 36 M 999
ASN A0229_ R f 00 S f  0.0 H t 36 M 999
PHE A0230_ R f 00 S f  0.0 H t 36 M 999
SER A0231_ R f 00 S f  0.0 H t 36 M 999
THR A0232_ R f 00 S f  0.0 H t 36 M 999
ASN A0233_ R f 00 S f  0.0 H t 36 M 999
THR A0234_ R f 00 S f  0.0 H t 36 M 999
VAL A0235_ R f 00 S f  0.0 H t 36 M 999
ARG A0236_ R f 00 S f  0.0 H t 36 M 999
THR A0237_ R f 00 S f  0.0 H t 36 M 999
VAL A0238_ R f 00 S f  0.0 H t 36 M 999
LYS A0239_ R f 00 S f  0.0 H t 36 M 999
ASP A0240_ R f 00 S f  0.0 H t 36 M 999
GLN A0241_ R f 00 S f  0.0 H t 36 M 999
VAL A0242_ R f 00 S f  0.0 H t 36 M 999
SER A0243_ R f 00 S f  0.0 H t 36 M 999
GLU A0244_ R f 00 S f  0.0 H t 36 M 999
ALA A0245_ R f 00 S f  0.0 H t 36 M 999
PHE A0246_ R f 00 S f  0.0 H t 36 M 999
SER A0247_ R f 00 S f  0.0 H t 36 M 999
LEU A0248_ R f 00 S f  0.0 H t 36 M 999
TYR A0249_ R f 00 S f  0.0 H t 36 M 999
ASP A0250_ R f 00 S f  0.0 H t 36 M 999
LEU A0251_ R f 00 S f  0.0 H t 36 M 999
GLU A0252_ R f 00 S f  0.0 H t 36 M 999
ILE A0253_ R f 00 S f  0.0 H t 36 M 999
LEU A0254_ R f 00 S f  0.0 H t 36 M 999
ASP B0010_ R f 00 S f  0.0 H t 36 M 999
GLN B0011_ R f 00 S f  0.0 H t 36 M 999
GLN B0012_ R f 00 S f  0.0 H t 36 M 999
TYR B0013_ R f 00 S f  0.0 H t 36 M 999
GLU B0014_ R f 00 S f  0.0 H t 36 M 999
CYS B0015_ R f 00 S f  0.0 H t 36 M 999
VAL B0016_ R f 00 S f  0.0 H t 36 M 999
ALA B0017_ R f 00 S f  0.0 H t 36 M 999
GLU B0018_ R f 00 S f  0.0 H t 36 M 999
ILE B0019_ R f 00 S f  0.0 H t 36 M 999
GLY B0020_ R f 00 S f  0.0 H t 36 M 999
GLU B0021_ R f 00 S f  0.0 H t 36 M 999
GLY B0022_ R f 00 S f  0.0 H t 36 M 999
ALA B0023_ R f 00 S f  0.0 H t 36 M 999
TYR B0024_ R f 00 S f  0.0 H t 36 M 999
GLY B0025_ R f 00 S f  0.0 H t 36 M 999
LYS B0026_ R f 00 S f  0.0 H t 36 M 999
VAL B0027_ R f 00 S f  0.0 H t 36 M 999
PHE B0028_ R f 00 S f  0.0 H t 36 M 999
LYS B0029_ R f 00 S f  0.0 H t 36 M 999
ALA B0030_ R f 00 S f  0.0 H t 36 M 999
ARG B0031_ R f 00 S f  0.0 H t 36 M 999
ASP B0032_ R f 00 S f  0.0 H t 36 M 999
LEU B0033_ R f 00 S f  0.0 H t 36 M 999
LYS B0034_ R f 00 S f  0.0 H t 36 M 999
ASN B0035_ R f 00 S f  0.0 H t 36 M 999
GLY B0036_ R f 00 S f  0.0 H t 36 M 999
GLY B0037_ R f 00 S f  0.0 H t 36 M 999
ARG B0038_ R f 00 S f  0.0 H t 36 M 999
PHE B0039_ R f 00 S f  0.0 H t 36 M 999
VAL B0040_ R f 00 S f  0.0 H t 36 M 999
ALA B0041_ R f 00 S f  0.0 H t 36 M 999
LEU B0042_ R f 00 S f  0.0 H t 36 M 999
LYS B0043_ R f 00 S f  0.0 H t 36 M 999
ARG B0044_ R f 00 S f  0.0 H t 36 M 999
VAL B0045_ R f 00 S f  0.0 H t 36 M 999
ARG B0046_ R f 00 S f  0.0 H t 36 M 999
VAL B0047_ R f 00 S f  0.0 H t 36 M 999
GLN B0048_ R f 00 S f  0.0 H t 36 M 999
THR B0049_ R f 00 S f  0.0 H t 36 M 999
GLY B0050_ R f 00 S f  0.0 H t 36 M 999
GLU B0051_ R f 00 S f  0.0 H t 36 M 999
GLU B0052_ R f 00 S f  0.0 H t 36 M 999
GLY B0053_ R f 00 S f  0.0 H t 36 M 999
MET B0054_ R f 00 S f  0.0 H t 36 M 999
PRO B0055_ R f 00 S f  0.0 H t 36 M 999
LEU B0056_ R f 00 S f  0.0 H t 36 M 999
SER B0057_ R f 00 S f  0.0 H t 36 M 999
THR B0058_ R f 00 S f  0.0 H t 36 M 999
ILE B0059_ R f 00 S f  0.0 H t 36 M 999
ARG B0060_ R f 00 S f  0.0 H t 36 M 999
GLU B0061_ R f 00 S f  0.0 H t 36 M 999
VAL B0062_ R f 00 S f  0.0 H t 36 M 999
ALA B0063_ R f 00 S f  0.0 H t 36 M 999
VAL B0064_ R f 00 S f  0.0 H t 36 M 999
LEU B0065_ R f 00 S f  0.0 H t 36 M 999
ARG B0066_ R f 00 S f  0.0 H t 36 M 999
HIS B0067_ R f 00 S f  0.0 H t 36 M 999
LEU B0068_ R f 00 S f  0.0 H t 36 M 999
GLU B0069_ R f 00 S f  0.0 H t 36 M 999
THR B0070_ R f 00 S f  0.0 H t 36 M 999
PHE B0071_ R f 00 S f  0.0 H t 36 M 999
GLU B0072_ R f 00 S f  0.0 H t 36 M 999
HIS B0073_ R f 00 S f  0.0 H t 36 M 999
PRO B0074_ R f 00 S f  0.0 H t 36 M 999
ASN B0075_ R f 00 S f  0.0 H t 36 M 999
VAL B0076_ R f 00 S f  0.0 H t 36 M 999
VAL B0077_ R f 00 S f  0.0 H t 36 M 999
ARG B0078_ R f 00 S f  0.0 H t 36 M 999
LEU B0079_ R f 00 S f  0.0 H t 36 M 999
PHE B0080_ R f 00 S f  0.0 H t 36 M 999
ASP B0081_ R f 00 S f  0.0 H t 36 M 999
VAL B0082_ R f 00 S f  0.0 H t 36 M 999
CYS B0083_ R f 00 S f  0.0 H t 36 M 999
THR B0084_ R f 00 S f  0.0 H t 36 M 999
VAL B0085_ R f 00 S f  0.0 H t 36 M 999
SER B0086_ R f 00 S f  0.0 H t 36 M 999
ARG B0087_ R f 00 S f  0.0 H t 36 M 999
THR B0088_ R f 00 S f  0.0 H t 36 M 999
ASP B0089_ R f 00 S f  0.0 H t 36 M 999
ARG B0090_ R f 00 S f  0.0 H t 36 M 999
GLU B0091_ R f 00 S f  0.0 H t 36 M 999
THR B0092_ R f 00 S f  0.0 H t 36 M 999
LYS B0093_ R f 00 S f  0.0 H t 36 M 999
LEU B0094_ R f 00 S f  0.0 H t 36 M 999
THR B0095_ R f 00 S f  0.0 H t 36 M 999
LEU B0096_ R f 00 S f  0.0 H t 36 M 999
VAL B0097_ R f 00 S f  0.0 H t 36 M 999
PHE B0098_ R f 00 S f  0.0 H t 36 M 999
GLU B0099_ R f 00 S f  0.0 H t 36 M 999
HIS B0100_ R f 00 S f  0.0 H t 36 M 999
VAL B0101_ R f 00 S f  0.0 H t 36 M 999
ASP B0102_ R f 00 S f  0.0 H t 36 M 999
GLN B0103_ R f 00 S f  0.0 H t 36 M 999
ASP B0104_ R f 00 S f  0.0 H t 36 M 999
LEU B0105_ R f 00 S f  0.0 H t 36 M 999
THR B0106_ R f 00 S f  0.0 H t 36 M 999
THR B0107_ R f 00 S f  0.0 H t 36 M 999
TYR B0108_ R f 00 S f  0.0 H t 36 M 999
LEU B0109_ R f 00 S f  0.0 H t 36 M 999
ASP B0110_ R f 00 S f  0.0 H t 36 M 999
LYS B0111_ R f 00 S f  0.0 H t 36 M 999
VAL B0112_ R f 00 S f  0.0 H t 36 M 999
PRO B0113_ R f 00 S f  0.0 H t 36 M 999
GLU B0114_ R f 00 S f  0.0 H t 36 M 999
PRO B0115_ R f 00 S f  0.0 H t 36 M 999
GLY B0116_ R f 00 S f  0.0 H t 36 M 999
VAL B0117_ R f 00 S f  0.0 H t 36 M 999
PRO B0118_ R f 00 S f  0.0 H t 36 M 999
THR B0119_ R f 00 S f  0.0 H t 36 M 999
GLU B0120_ R f 00 S f  0.0 H t 36 M 999
THR B0121_ R f 00 S f  0.0 H t 36 M 999
ILE B0122_ R f 00 S f  0.0 H t 36 M 999
LYS B0123_ R f 00 S f  0.0 H t 36 M 999
ASP B0124_ R f 00 S f  0.0 H t 36 M 999
MET B0125_ R f 00 S f  0.0 H t 36 M 999
MET B0126_ R f 00 S f  0.0 H t 36 M 999
PHE B0127_ R f 00 S f  0.0 H t 36 M 999
GLN B0128_ R f 00 S f  0.0 H t 36 M 999
LEU B0129_ R f 00 S f  0.0 H t 36 M 999
LEU B0130_ R f 00 S f  0.0 H t 36 M 999
ARG B0131_ R f 00 S f  0.0 H t 36 M 999
GLY B0132_ R f 00 S f  0.0 H t 36 M 999
LEU B0133_ R f 00 S f  0.0 H t 36 M 999
ASP B0134_ R f 00 S f  0.0 H t 36 M 999
PHE B0135_ R f 00 S f  0.0 H t 36 M 999
LEU B0136_ R f 00 S f  0.0 H t 36 M 999
HIS B0137_ R f 00 S f  0.0 H t 36 M 999
SER B0138_ R f 00 S f  0.0 H t 36 M 999
HIS B0139_ R f 00 S f  0.0 H t 36 M 999
ARG B0140_ R f 00 S f  0.0 H t 36 M 999
VAL B0141_ R f 00 S f  0.0 H t 36 M 999
VAL B0142_ R f 00 S f  0.0 H t 36 M 999
HIS B0143_ R f 00 S f  0.0 H t 36 M 999
ARG B0144_ R f 00 S f  0.0 H t 36 M 999
ASP B0145_ R f 00 S f  0.0 H t 36 M 999
LEU B0146_ R f 00 S f  0.0 H t 36 M 999
LYS B0147_ R f 00 S f  0.0 H t 36 M 999
PRO B0148_ R f 00 S f  0.0 H t 36 M 999
GLN B0149_ R f 00 S f  0.0 H t 36 M 999
ASN B0150_ R f 00 S f  0.0 H t 36 M 999
ILE B0151_ R f 00 S f  0.0 H t 36 M 999
LEU B0152_ R f 00 S f  0.0 H t 36 M 999
VAL B0153_ R f 00 S f  0.0 H t 36 M 999
THR B0154_ R f 00 S f  0.0 H t 36 M 999
SER B0155_ R f 00 S f  0.0 H t 36 M 999
SER B0156_ R f 00 S f  0.0 H t 36 M 999
GLY B0157_ R f 00 S f  0.0 H t 36 M 999
GLN B0158_ R f 00 S f  0.0 H t 36 M 999
ILE B0159_ R f 00 S f  0.0 H t 36 M 999
LYS B0160_ R f 00 S f  0.0 H t 36 M 999
LEU B0161_ R f 00 S f  0.0 H t 36 M 999
ALA B0162_ R f 00 S f  0.0 H t 36 M 999
ASP B0163_ R f 00 S f  0.0 H t 36 M 999
PHE B0164_ R f 00 S f  0.0 H t 36 M 999
GLY B0165_ R f 00 S f  0.0 H t 36 M 999
LEU B0166_ R f 00 S f  0.0 H t 36 M 999
ALA B0167_ R f 00 S f  0.0 H t 36 M 999
ARG B0168_ R f 00 S f  0.0 H t 36 M 999
ILE B0169_ R f 00 S f  0.0 H t 36 M 999
TYR B0170_ R f 00 S f  0.0 H t 36 M 999
SER B0171_ R f 00 S f  0.0 H t 36 M 999
PHE B0172_ R f 00 S f  0.0 H t 36 M 999
GLN B0173_ R f 00 S f  0.0 H t 36 M 999
MET B0174_ R f 00 S f  0.0 H t 36 M 999
ALA B0175_ R f 00 S f  0.0 H t 36 M 999
LEU B0176_ R f 00 S f  0.0 H t 36 M 999
THR B0177_ R f 00 S f  0.0 H t 36 M 999
SER B0178_ R f 00 S f  0.0 H t 36 M 999
VAL B0179_ R f 00 S f  0.0 H t 36 M 999
VAL B0180_ R f 00 S f  0.0 H t 36 M 999
VAL B0181_ R f 00 S f  0.0 H t 36 M 999
THR B0182_ R f 00 S f  0.0 H t 36 M 999
LEU B0183_ R f 00 S f  0.0 H t 36 M 999
TRP B0184_ R f 00 S f  0.0 H t 36 M 999
TYR B0185_ R f 00 S f  0.0 H t 36 M 999
ARG B0186_ R f 00 S f  0.0 H t 36 M 999
ALA B0187_ R f 00 S f  0.0 H t 36 M 999
PRO B0188_ R f 00 S f  0.0 H t 36 M 999
GLU B0189_ R f 00 S f  0.0 H t 36 M 999
VAL B0190_ R f 00 S f  0.0 H t 36 M 999
LEU B0191_ R f 00 S f  0.0 H t 36 M 999
LEU B0192_ R f 00 S f  0.0 H t 36 M 999
GLN B0193_ R f 00 S f  0.0 H t 36 M 999
SER B0194_ R f 00 S f  0.0 H t 36 M 999
SER B0195_ R f 00 S f  0.0 H t 36 M 999
TYR B0196_ R f 00 S f  0.0 H t 36 M 999
ALA B0197_ R f 00 S f  0.0 H t 36 M 999
THR B0198_ R f 00 S f  0.0 H t 36 M 999
PRO B0199_ R f 00 S f  0.0 H t 36 M 999
VAL B0200_ R f 00 S f  0.0 H t 36 M 999
ASP B0201_ R f 00 S f  0.0 H t 36 M 999
LEU B0202_ R f 00 S f  0.0 H t 36 M 999
TRP B0203_ R f 00 S f  0.0 H t 36 M 999
SER B0204_ R f 00 S f  0.0 H t 36 M 999
VAL B0205_ R f 00 S f  0.0 H t 36 M 999
GLY B0206_ R f 00 S f  0.0 H t 36 M 999
CYS B0207_ R f 00 S f  0.0 H t 36 M 999
ILE B0208_ R f 00 S f  0.0 H t 36 M 999
PHE B0209_ R f 00 S f  0.0 H t 36 M 999
ALA B0210_ R f 00 S f  0.0 H t 36 M 999
GLU B0211_ R f 00 S f  0.0 H t 36 M 999
MET B0212_ R f 00 S f  0.0 H t 36 M 999
PHE B0213_ R f 00 S f  0.0 H t 36 M 999
ARG B0214_ R f 00 S f  0.0 H t 36 M 999
ARG B0215_ R f 00 S f  0.0 H t 36 M 999
LYS B0216_ R f 00 S f  0.0 H t 36 M 999
PRO B0217_ R f 00 S f  0.0 H t 36 M 999
LEU B0218_ R f 00 S f  0.0 H t 36 M 999
PHE B0219_ R f 00 S f  0.0 H t 36 M 999
ARG B0220_ R f 00 S f  0.0 H t 36 M 999
GLY B0221_ R f 00 S f  0.0 H t 36 M 999
SER B0222_ R f 00 S f  0.0 H t 36 M 999
SER B0223_ R f 00 S f  0.0 H t 36 M 999
ASP B0224_ R f 00 S f  0.0 H t 36 M 999
VAL B0225_ R f 00 S f  0.0 H t 36 M 999
ASP B0226_ R f 00 S f  0.0 H t 36 M 999
GLN B0227_ R f 00 S f  0.0 H t 36 M 999
LEU B0228_ R f 00 S f  0.0 H t 36 M 999
GLY B0229_ R f 00 S f  0.0 H t 36 M 999
LYS B0230_ R f 00 S f  0.0 H t 36 M 999
ILE B0231_ R f 00 S f  0.0 H t 36 M 999
LEU B0232_ R f 00 S f  0.0 H t 36 M 999
ASP B0233_ R f 00 S f  0.0 H t 36 M 999
VAL B0234_ R f 00 S f  0.0 H t 36 M 999
ILE B0235_ R f 00 S f  0.0 H t 36 M 999
GLY B0236_ R f 00 S f  0.0 H t 36 M 999
LEU B0237_ R f 00 S f  0.0 H t 36 M 999
PRO B0238_ R f 00 S f  0.0 H t 36 M 999
GLY B0239_ R f 00 S f  0.0 H t 36 M 999
GLU B0240_ R f 00 S f  0.0 H t 36 M 999
GLU B0241_ R f 00 S f  0.0 H t 36 M 999
ASP B0242_ R f 00 S f  0.0 H t 36 M 999
TRP B0243_ R f 00 S f  0.0 H t 36 M 999
PRO B0244_ R f 00 S f  0.0 H t 36 M 999
ALA B0259_ R f 00 S f  0.0 H t 36 M 999
GLN B0260_ R f 00 S f  0.0 H t 36 M 999
PRO B0261_ R f 00 S f  0.0 H t 36 M 999
ILE B0262_ R f 00 S f  0.0 H t 36 M 999
GLU B0263_ R f 00 S f  0.0 H t 36 M 999
LYS B0264_ R f 00 S f  0.0 H t 36 M 999
PHE B0265_ R f 00 S f  0.0 H t 36 M 999
VAL B0266_ R f 00 S f  0.0 H t 36 M 999
THR B0267_ R f 00 S f  0.0 H t 36 M 999
ASP B0268_ R f 00 S f  0.0 H t 36 M 999
ILE B0269_ R f 00 S f  0.0 H t 36 M 999
ASP B0270_ R f 00 S f  0.0 H t 36 M 999
GLU B0271_ R f 00 S f  0.0 H t 36 M 999
LEU B0272_ R f 00 S f  0.0 H t 36 M 999
GLY B0273_ R f 00 S f  0.0 H t 36 M 999
LYS B0274_ R f 00 S f  0.0 H t 36 M 999
ASP B0275_ R f 00 S f  0.0 H t 36 M 999
LEU B0276_ R f 00 S f  0.0 H t 36 M 999
LEU B0277_ R f 00 S f  0.0 H t 36 M 999
LEU B0278_ R f 00 S f  0.0 H t 36 M 999
LYS B0279_ R f 00 S f  0.0 H t 36 M 999
CYS B0280_ R f 00 S f  0.0 H t 36 M 999
LEU B0281_ R f 00 S f  0.0 H t 36 M 999
THR B0282_ R f 00 S f  0.0 H t 36 M 999
PHE B0283_ R f 00 S f  0.0 H t 36 M 999
ASN B0284_ R f 00 S f  0.0 H t 36 M 999
PRO B0285_ R f 00 S f  0.0 H t 36 M 999
ALA B0286_ R f 00 S f  0.0 H t 36 M 999
LYS B0287_ R f 00 S f  0.0 H t 36 M 999
ARG B0288_ R f 00 S f  0.0 H t 36 M 999
ILE B0289_ R f 00 S f  0.0 H t 36 M 999
SER B0290_ R f 00 S f  0.0 H t 36 M 999
ALA B0291_ R f 00 S f  0.0 H t 36 M 999
TYR B0292_ R f 00 S f  0.0 H t 36 M 999
SER B0293_ R f 00 S f  0.0 H t 36 M 999
ALA B0294_ R f 00 S f  0.0 H t 36 M 999
LEU B0295_ R f 00 S f  0.0 H t 36 M 999
SER B0296_ R f 00 S f  0.0 H t 36 M 999
HIS B0297_ R f 00 S f  0.0 H t 36 M 999
PRO B0298_ R f 00 S f  0.0 H t 36 M 999
TYR B0299_ R f 00 S f  0.0 H t 36 M 999
PHE B0300_ R f 00 S f  0.0 H t 36 M 999
GLN B0301_ R f 00 S f  0.0 H t 36 M 999
ASP B0302_ R f 00 S f  0.0 H t 36 M 999
LEU B0303_ R f 00 S f  0.0 H t 36 M 999
GLU B0304_ R f 00 S f  0.0 H t 36 M 999
ARG B0305_ R f 00 S f  0.0 H t 36 M 999
LQQ B0401_ R f 00 S f  0.0 H t 36 M 999
