  pH             pKa/Em  n(slope) 1000*chi2
TYR-A0089_        >7.4                     
ASP-A0090_        <7.4                     
ASP-A0096_        <7.4                     
LYS+A0103_        >7.4                     
GLU-A0105_        <7.4                     
LYS+A0106_        >7.4                     
ARG+A0108_        >7.4                     
TYR-A0112_        >7.4                     
HIS+A0114_        <7.4                     
GLU-A0117_        <7.4                     
CYS-A0119_        >7.4                     
GLU-A0120_        <7.4                     
LYS+A0124_        >7.4                     
TYR-A0134_        >7.4                     
GLU-A0142_        <7.4                     
LYS+A0143_        >7.4                     
HIS+A0144_        <7.4                     
TYR-A0147_        >7.4                     
HIS+A0148_        <7.4                     
ARG+A0153_        >7.4                     
GLU-A0157_        <7.4                     
TYR-A0158_        >7.4                     
ARG+A0171_        >7.4                     
GLU-A0172_        <7.4                     
GLU-A0174_        <7.4                     
ARG+A0180_        >7.4                     
ARG+A0185_        >7.4                     
TYR-A0186_        >7.4                     
GLU-A0187_        <7.4                     
ARG+A0189_        >7.4                     
TYR-A0191_        >7.4                     
HIS+A0192_        <7.4                     
TYR-A0193_        >7.4                     
ARG+A0194_        >7.4                     
ASP-A0200_        <7.4                     
LYS+A0202_        >7.4                     
TYR-A0204_        >7.4                     
GLU-A0208_        >7.4                     
ARG+A0210_        >7.4                     
GLU-A0216_        <7.4                     
HIS+A0219_        >7.4                     
HIS+A0220_        >7.4                     
HIS+A0221_        <7.4                     
ASP-A0226_        <7.4                     
HIS+A0233_        >7.4                     
TYR-A0234_        >7.4                     
LYS+A0238_        >7.4                     
ARG+A0239_        >7.4                     
LYS+A0241_        >7.4                     
TYR-A0245_        >7.4                     
TYR-A0251_        >7.4                     
ASP-A0252_        <7.4                     
LYS+A0253_        >7.4                     
GLU-A0255_        <7.4                     
GLU-A0257_        <7.4                     
ARG+A0258_        >7.4                     
ASP-A0260_        <7.4                     
LYS+A0264_        >7.4                     
HIS+A0265_        >7.4                     
LYS+A0266_        >7.4                     
TYR-A0272_        >7.4                     
GLU-A0274_        <7.4                     
TYR-A0276_        >7.4                     
GLU-A0277_        <7.4                     
LYS+A0281_        >7.4                     
LYS+A0282_        >7.4                     
TYR-A0283_        >7.4                     
LYS+A0290_        >7.4                     
LYS+A0293_        >7.4                     
GLU-A0294_        <7.4                     
ASP-A0295_        <7.4                     
GLU-A0298_        <7.4                     
GLU-A0300_        <7.4                     
GLU-A0301_        <7.4                     
LYS+A0304_        >7.4                     
GLU-A0305_        <7.4                     
LYS+A0310_        >7.4                     
GLU-A0311_        <7.4                     
LYS+A0313_        >7.4                     
HIS+A0314_        <7.4                     
CYS-A0324_        >7.4                     
ARG+A0326_        >7.4                     
GLU-A0327_        <7.4                     
TYR-A0331_        >7.4                     
GLU-A0335_        <7.4                     
TYR-A0339_        >7.4                     
ASP-A0344_        <7.4                     
TYR-A0345_        >7.4                     
ARG+A0347_        >7.4                     
GLU-A0348_        >7.4                     
CYS-A0349_        >7.4                     
ARG+A0351_        >7.4                     
GLU-A0353_        <7.4                     
TYR-A0361_        >7.4                     
GLU-A0371_        <7.4                     
TYR-A0372_        >7.4                     
GLU-A0374_        <7.4                     
LYS+A0375_        >7.4                     
LYS+A0376_        >7.4                     
HIS+A0380_        <7.4                     
ARG+A0381_        >7.4                     
ARG+A0386_        >7.4                     
CYS-A0388_        >7.4                     
GLU-A0392_        <7.4                     
HIS+A0394_        >7.4                     
LYS+A0397_        >7.4                     
ASP-A0400_        >7.4                     
LYS+A0423_        >7.4                     
GLU-A0428_        <7.4                     
TYR-A0432_        >7.4                     
LYS+A0434_        >7.4                     
LYS+A0438_        >7.4                     
ASP-A0440_        <7.4                     
GLU-A0450_        >7.4                     
TYR-A0454_        >7.4                     
TYR-A0459_        >7.4                     
ASP-A0463_        <7.4                     
TYR-A0468_        >7.4                     
GLU-A0469_        <7.4                     
GLU-A0472_        <7.4                     
LYS+A0473_        >7.4                     
ASP-A0474_        <7.4                     
TYR-A0475_        >7.4                     
ARG+A0476_        >7.4                     
GLU-A0478_        <7.4                     
ARG+A0479_        >7.4                     
GLU-A0481_        <7.4                     
CYS-A0483_        >7.4                     
GLU-A0485_        <7.4                     
LYS+A0486_        >7.4                     
TYR-A0488_        >7.4                     
GLU-A0489_        <7.4                     
ARG+A0492_        >7.4                     
CYS-A0494_        >7.4                     
ASP-A0501_        <7.4                     
ARG+A0502_        >7.4                     
GLU-A0507_        <7.4                     
HIS+A0509_        >7.4                     
GLU-A0513_        <7.4                     
GLU-A0518_        <7.4                     
ASP-A0523_        <7.4                     
GLU-A0524_        <7.4                     
GLU-A0526_        <7.4                     
LYS+A0527_        >7.4                     
GLU-A0528_        <7.4                     
LYS+A0531_        >7.4                     
NIL+A0601_        >7.4                     
