ForkPoolWorker-3: Calling delphi to calculate conformer (3/592) HIS02A1052_003 in /tmp/pbe_data.data.home.granepura.5-Kinases.Kinases_MCCE.Trial01.run_holo.2WGJ_HIS02A1052_003
ForkPoolWorker-5: Calling delphi to calculate conformer (5/592) HIS+1A1052_005 in /tmp/pbe_data.data.home.granepura.5-Kinases.Kinases_MCCE.Trial01.run_holo.2WGJ_HIS+1A1052_005
ForkPoolWorker-4: Calling delphi to calculate conformer (4/592) HIS02A1052_004 in /tmp/pbe_data.data.home.granepura.5-Kinases.Kinases_MCCE.Trial01.run_holo.2WGJ_HIS02A1052_004
ForkPoolWorker-1: Calling delphi to calculate conformer (1/592) HIS01A1052_001 in /tmp/pbe_data.data.home.granepura.5-Kinases.Kinases_MCCE.Trial01.run_holo.2WGJ_HIS01A1052_001
ForkPoolWorker-2: Calling delphi to calculate conformer (2/592) HIS01A1052_002 in /tmp/pbe_data.data.home.granepura.5-Kinases.Kinases_MCCE.Trial01.run_holo.2WGJ_HIS01A1052_002
ForkPoolWorker-1: Calling delphi to calculate conformer (6/592) HIS+1A1052_006 in /tmp/pbe_data.data.home.granepura.5-Kinases.Kinases_MCCE.Trial01.run_holo.2WGJ_HIS+1A1052_006
Skipping PBE solver for non-charge conformer (7/592) ILE01A1053_001...
ForkPoolWorker-2: Calling delphi to calculate conformer (8/592) ASP01A1054_001 in /tmp/pbe_data.data.home.granepura.5-Kinases.Kinases_MCCE.Trial01.run_holo.2WGJ_ASP01A1054_001
ForkPoolWorker-3: Calling delphi to calculate conformer (9/592) ASP01A1054_002 in /tmp/pbe_data.data.home.granepura.5-Kinases.Kinases_MCCE.Trial01.run_holo.2WGJ_ASP01A1054_002
ForkPoolWorker-5: Calling delphi to calculate conformer (10/592) ASP02A1054_003 in /tmp/pbe_data.data.home.granepura.5-Kinases.Kinases_MCCE.Trial01.run_holo.2WGJ_ASP02A1054_003
ForkPoolWorker-4: Calling delphi to calculate conformer (11/592) ASP02A1054_004 in /tmp/pbe_data.data.home.granepura.5-Kinases.Kinases_MCCE.Trial01.run_holo.2WGJ_ASP02A1054_004
ForkPoolWorker-2: Calling delphi to calculate conformer (12/592) ASP-1A1054_005 in /tmp/pbe_data.data.home.granepura.5-Kinases.Kinases_MCCE.Trial01.run_holo.2WGJ_ASP-1A1054_005
Skipping PBE solver for non-charge conformer (13/592) LEU01A1055_001...
ForkPoolWorker-1: Calling delphi to calculate conformer (14/592) SER01A1056_001 in /tmp/pbe_data.data.home.granepura.5-Kinases.Kinases_MCCE.Trial01.run_holo.2WGJ_SER01A1056_001
Skipping PBE solver for non-charge conformer (15/592) ALA01A1057_001...
Skipping PBE solver for non-charge conformer (16/592) LEU01A1058_001...
ForkPoolWorker-3: Calling delphi to calculate conformer (17/592) ASN01A1059_001 in /tmp/pbe_data.data.home.granepura.5-Kinases.Kinases_MCCE.Trial01.run_holo.2WGJ_ASN01A1059_001
ForkPoolWorker-5: Calling delphi to calculate conformer (18/592) ASN01A1059_002 in /tmp/pbe_data.data.home.granepura.5-Kinases.Kinases_MCCE.Trial01.run_holo.2WGJ_ASN01A1059_002
Skipping PBE solver for non-charge conformer (19/592) PRO01A1060_001...
ForkPoolWorker-4: Calling delphi to calculate conformer (20/592) GLU01A1061_001 in /tmp/pbe_data.data.home.granepura.5-Kinases.Kinases_MCCE.Trial01.run_holo.2WGJ_GLU01A1061_001
ForkPoolWorker-2: Calling delphi to calculate conformer (21/592) GLU01A1061_002 in /tmp/pbe_data.data.home.granepura.5-Kinases.Kinases_MCCE.Trial01.run_holo.2WGJ_GLU01A1061_002
ForkPoolWorker-1: Calling delphi to calculate conformer (22/592) GLU02A1061_003 in /tmp/pbe_data.data.home.granepura.5-Kinases.Kinases_MCCE.Trial01.run_holo.2WGJ_GLU02A1061_003
ForkPoolWorker-5: Calling delphi to calculate conformer (23/592) GLU02A1061_004 in /tmp/pbe_data.data.home.granepura.5-Kinases.Kinases_MCCE.Trial01.run_holo.2WGJ_GLU02A1061_004
ForkPoolWorker-3: Calling delphi to calculate conformer (24/592) GLU-1A1061_005 in /tmp/pbe_data.data.home.granepura.5-Kinases.Kinases_MCCE.Trial01.run_holo.2WGJ_GLU-1A1061_005
Skipping PBE solver for non-charge conformer (25/592) LEU01A1062_001...
Skipping PBE solver for non-charge conformer (26/592) VAL01A1063_001...
ForkPoolWorker-4: Calling delphi to calculate conformer (27/592) GLN01A1064_001 in /tmp/pbe_data.data.home.granepura.5-Kinases.Kinases_MCCE.Trial01.run_holo.2WGJ_GLN01A1064_001
ForkPoolWorker-2: Calling delphi to calculate conformer (28/592) GLN01A1064_002 in /tmp/pbe_data.data.home.granepura.5-Kinases.Kinases_MCCE.Trial01.run_holo.2WGJ_GLN01A1064_002
Skipping PBE solver for non-charge conformer (29/592) ALA01A1065_001...
Skipping PBE solver for non-charge conformer (30/592) VAL01A1066_001...
ForkPoolWorker-1: Calling delphi to calculate conformer (31/592) GLN01A1067_001 in /tmp/pbe_data.data.home.granepura.5-Kinases.Kinases_MCCE.Trial01.run_holo.2WGJ_GLN01A1067_001
ForkPoolWorker-3: Calling delphi to calculate conformer (32/592) GLN01A1067_002 in /tmp/pbe_data.data.home.granepura.5-Kinases.Kinases_MCCE.Trial01.run_holo.2WGJ_GLN01A1067_002
ForkPoolWorker-5: Calling delphi to calculate conformer (33/592) HIS01A1068_001 in /tmp/pbe_data.data.home.granepura.5-Kinases.Kinases_MCCE.Trial01.run_holo.2WGJ_HIS01A1068_001
ForkPoolWorker-4: Calling delphi to calculate conformer (34/592) HIS01A1068_002 in /tmp/pbe_data.data.home.granepura.5-Kinases.Kinases_MCCE.Trial01.run_holo.2WGJ_HIS01A1068_002
ForkPoolWorker-2: Calling delphi to calculate conformer (35/592) HIS02A1068_003 in /tmp/pbe_data.data.home.granepura.5-Kinases.Kinases_MCCE.Trial01.run_holo.2WGJ_HIS02A1068_003
ForkPoolWorker-1: Calling delphi to calculate conformer (36/592) HIS02A1068_004 in /tmp/pbe_data.data.home.granepura.5-Kinases.Kinases_MCCE.Trial01.run_holo.2WGJ_HIS02A1068_004
ForkPoolWorker-3: Calling delphi to calculate conformer (37/592) HIS+1A1068_005 in /tmp/pbe_data.data.home.granepura.5-Kinases.Kinases_MCCE.Trial01.run_holo.2WGJ_HIS+1A1068_005
ForkPoolWorker-5: Calling delphi to calculate conformer (38/592) HIS+1A1068_006 in /tmp/pbe_data.data.home.granepura.5-Kinases.Kinases_MCCE.Trial01.run_holo.2WGJ_HIS+1A1068_006
Skipping PBE solver for non-charge conformer (39/592) VAL01A1069_001...
Skipping PBE solver for non-charge conformer (40/592) VAL01A1070_001...
Skipping PBE solver for non-charge conformer (41/592) ILE01A1071_001...
Skipping PBE solver for non-charge conformer (42/592) PRO01A1073_001...
ForkPoolWorker-4: Calling delphi to calculate conformer (43/592) SER01A1074_001 in /tmp/pbe_data.data.home.granepura.5-Kinases.Kinases_MCCE.Trial01.run_holo.2WGJ_SER01A1074_001
ForkPoolWorker-2: Calling delphi to calculate conformer (44/592) SER01A1075_001 in /tmp/pbe_data.data.home.granepura.5-Kinases.Kinases_MCCE.Trial01.run_holo.2WGJ_SER01A1075_001
Skipping PBE solver for non-charge conformer (45/592) LEU01A1076_001...
Skipping PBE solver for non-charge conformer (46/592) ILE01A1077_001...
Skipping PBE solver for non-charge conformer (47/592) VAL01A1078_001...
ForkPoolWorker-1: Calling delphi to calculate conformer (48/592) HIS01A1079_001 in /tmp/pbe_data.data.home.granepura.5-Kinases.Kinases_MCCE.Trial01.run_holo.2WGJ_HIS01A1079_001
ForkPoolWorker-5: Calling delphi to calculate conformer (49/592) HIS01A1079_002 in /tmp/pbe_data.data.home.granepura.5-Kinases.Kinases_MCCE.Trial01.run_holo.2WGJ_HIS01A1079_002
ForkPoolWorker-3: Calling delphi to calculate conformer (50/592) HIS02A1079_003 in /tmp/pbe_data.data.home.granepura.5-Kinases.Kinases_MCCE.Trial01.run_holo.2WGJ_HIS02A1079_003
ForkPoolWorker-4: Calling delphi to calculate conformer (51/592) HIS02A1079_004 in /tmp/pbe_data.data.home.granepura.5-Kinases.Kinases_MCCE.Trial01.run_holo.2WGJ_HIS02A1079_004
ForkPoolWorker-2: Calling delphi to calculate conformer (52/592) HIS+1A1079_005 in /tmp/pbe_data.data.home.granepura.5-Kinases.Kinases_MCCE.Trial01.run_holo.2WGJ_HIS+1A1079_005
ForkPoolWorker-1: Calling delphi to calculate conformer (53/592) HIS+1A1079_006 in /tmp/pbe_data.data.home.granepura.5-Kinases.Kinases_MCCE.Trial01.run_holo.2WGJ_HIS+1A1079_006
Skipping PBE solver for non-charge conformer (54/592) PHE01A1080_001...
ForkPoolWorker-5: Calling delphi to calculate conformer (55/592) ASN01A1081_001 in /tmp/pbe_data.data.home.granepura.5-Kinases.Kinases_MCCE.Trial01.run_holo.2WGJ_ASN01A1081_001
ForkPoolWorker-3: Calling delphi to calculate conformer (56/592) ASN01A1081_002 in /tmp/pbe_data.data.home.granepura.5-Kinases.Kinases_MCCE.Trial01.run_holo.2WGJ_ASN01A1081_002
ForkPoolWorker-4: Calling delphi to calculate conformer (57/592) GLU01A1082_001 in /tmp/pbe_data.data.home.granepura.5-Kinases.Kinases_MCCE.Trial01.run_holo.2WGJ_GLU01A1082_001
ForkPoolWorker-2: Calling delphi to calculate conformer (58/592) GLU01A1082_002 in /tmp/pbe_data.data.home.granepura.5-Kinases.Kinases_MCCE.Trial01.run_holo.2WGJ_GLU01A1082_002
ForkPoolWorker-1: Calling delphi to calculate conformer (59/592) GLU02A1082_003 in /tmp/pbe_data.data.home.granepura.5-Kinases.Kinases_MCCE.Trial01.run_holo.2WGJ_GLU02A1082_003
ForkPoolWorker-5: Calling delphi to calculate conformer (60/592) GLU02A1082_004 in /tmp/pbe_data.data.home.granepura.5-Kinases.Kinases_MCCE.Trial01.run_holo.2WGJ_GLU02A1082_004
ForkPoolWorker-3: Calling delphi to calculate conformer (61/592) GLU-1A1082_005 in /tmp/pbe_data.data.home.granepura.5-Kinases.Kinases_MCCE.Trial01.run_holo.2WGJ_GLU-1A1082_005
Skipping PBE solver for non-charge conformer (62/592) VAL01A1083_001...
Skipping PBE solver for non-charge conformer (63/592) ILE01A1084_001...
ForkPoolWorker-4: Calling delphi to calculate conformer (64/592) ARG01A1086_001 in /tmp/pbe_data.data.home.granepura.5-Kinases.Kinases_MCCE.Trial01.run_holo.2WGJ_ARG01A1086_001
ForkPoolWorker-2: Calling delphi to calculate conformer (65/592) ARG02A1086_002 in /tmp/pbe_data.data.home.granepura.5-Kinases.Kinases_MCCE.Trial01.run_holo.2WGJ_ARG02A1086_002
ForkPoolWorker-1: Calling delphi to calculate conformer (66/592) ARG02A1086_003 in /tmp/pbe_data.data.home.granepura.5-Kinases.Kinases_MCCE.Trial01.run_holo.2WGJ_ARG02A1086_003
ForkPoolWorker-5: Calling delphi to calculate conformer (67/592) ARG03A1086_004 in /tmp/pbe_data.data.home.granepura.5-Kinases.Kinases_MCCE.Trial01.run_holo.2WGJ_ARG03A1086_004
ForkPoolWorker-3: Calling delphi to calculate conformer (68/592) ARG+1A1086_005 in /tmp/pbe_data.data.home.granepura.5-Kinases.Kinases_MCCE.Trial01.run_holo.2WGJ_ARG+1A1086_005
ForkPoolWorker-4: Calling delphi to calculate conformer (69/592) HIS01A1088_001 in /tmp/pbe_data.data.home.granepura.5-Kinases.Kinases_MCCE.Trial01.run_holo.2WGJ_HIS01A1088_001
ForkPoolWorker-2: Calling delphi to calculate conformer (70/592) HIS01A1088_002 in /tmp/pbe_data.data.home.granepura.5-Kinases.Kinases_MCCE.Trial01.run_holo.2WGJ_HIS01A1088_002
ForkPoolWorker-1: Calling delphi to calculate conformer (71/592) HIS02A1088_003 in /tmp/pbe_data.data.home.granepura.5-Kinases.Kinases_MCCE.Trial01.run_holo.2WGJ_HIS02A1088_003
ForkPoolWorker-5: Calling delphi to calculate conformer (72/592) HIS02A1088_004 in /tmp/pbe_data.data.home.granepura.5-Kinases.Kinases_MCCE.Trial01.run_holo.2WGJ_HIS02A1088_004
ForkPoolWorker-3: Calling delphi to calculate conformer (73/592) HIS+1A1088_005 in /tmp/pbe_data.data.home.granepura.5-Kinases.Kinases_MCCE.Trial01.run_holo.2WGJ_HIS+1A1088_005
ForkPoolWorker-4: Calling delphi to calculate conformer (74/592) HIS+1A1088_006 in /tmp/pbe_data.data.home.granepura.5-Kinases.Kinases_MCCE.Trial01.run_holo.2WGJ_HIS+1A1088_006
Skipping PBE solver for non-charge conformer (75/592) PHE01A1089_001...
ForkPoolWorker-2: Calling delphi to calculate conformer (76/592) CYS01A1091_001 in /tmp/pbe_data.data.home.granepura.5-Kinases.Kinases_MCCE.Trial01.run_holo.2WGJ_CYS01A1091_001
ForkPoolWorker-1: Calling delphi to calculate conformer (77/592) CYS01A1091_002 in /tmp/pbe_data.data.home.granepura.5-Kinases.Kinases_MCCE.Trial01.run_holo.2WGJ_CYS01A1091_002
ForkPoolWorker-5: Calling delphi to calculate conformer (78/592) CYS01A1091_003 in /tmp/pbe_data.data.home.granepura.5-Kinases.Kinases_MCCE.Trial01.run_holo.2WGJ_CYS01A1091_003
ForkPoolWorker-3: Calling delphi to calculate conformer (79/592) CYS-1A1091_004 in /tmp/pbe_data.data.home.granepura.5-Kinases.Kinases_MCCE.Trial01.run_holo.2WGJ_CYS-1A1091_004
Skipping PBE solver for non-charge conformer (80/592) VAL01A1092_001...
ForkPoolWorker-4: Calling delphi to calculate conformer (81/592) TYR01A1093_001 in /tmp/pbe_data.data.home.granepura.5-Kinases.Kinases_MCCE.Trial01.run_holo.2WGJ_TYR01A1093_001
ForkPoolWorker-2: Calling delphi to calculate conformer (82/592) TYR-1A1093_002 in /tmp/pbe_data.data.home.granepura.5-Kinases.Kinases_MCCE.Trial01.run_holo.2WGJ_TYR-1A1093_002
ForkPoolWorker-1: Calling delphi to calculate conformer (83/592) HIS01A1094_001 in /tmp/pbe_data.data.home.granepura.5-Kinases.Kinases_MCCE.Trial01.run_holo.2WGJ_HIS01A1094_001
ForkPoolWorker-5: Calling delphi to calculate conformer (84/592) HIS01A1094_002 in /tmp/pbe_data.data.home.granepura.5-Kinases.Kinases_MCCE.Trial01.run_holo.2WGJ_HIS01A1094_002
ForkPoolWorker-3: Calling delphi to calculate conformer (85/592) HIS01A1094_003 in /tmp/pbe_data.data.home.granepura.5-Kinases.Kinases_MCCE.Trial01.run_holo.2WGJ_HIS01A1094_003
ForkPoolWorker-4: Calling delphi to calculate conformer (86/592) HIS02A1094_004 in /tmp/pbe_data.data.home.granepura.5-Kinases.Kinases_MCCE.Trial01.run_holo.2WGJ_HIS02A1094_004
ForkPoolWorker-2: Calling delphi to calculate conformer (87/592) HIS02A1094_005 in /tmp/pbe_data.data.home.granepura.5-Kinases.Kinases_MCCE.Trial01.run_holo.2WGJ_HIS02A1094_005
ForkPoolWorker-1: Calling delphi to calculate conformer (88/592) HIS02A1094_006 in /tmp/pbe_data.data.home.granepura.5-Kinases.Kinases_MCCE.Trial01.run_holo.2WGJ_HIS02A1094_006
ForkPoolWorker-5: Calling delphi to calculate conformer (89/592) HIS+1A1094_007 in /tmp/pbe_data.data.home.granepura.5-Kinases.Kinases_MCCE.Trial01.run_holo.2WGJ_HIS+1A1094_007
ForkPoolWorker-3: Calling delphi to calculate conformer (90/592) HIS+1A1094_008 in /tmp/pbe_data.data.home.granepura.5-Kinases.Kinases_MCCE.Trial01.run_holo.2WGJ_HIS+1A1094_008
ForkPoolWorker-4: Calling delphi to calculate conformer (91/592) HIS+1A1094_009 in /tmp/pbe_data.data.home.granepura.5-Kinases.Kinases_MCCE.Trial01.run_holo.2WGJ_HIS+1A1094_009
ForkPoolWorker-2: Calling delphi to calculate conformer (92/592) THR01A1096_001 in /tmp/pbe_data.data.home.granepura.5-Kinases.Kinases_MCCE.Trial01.run_holo.2WGJ_THR01A1096_001
ForkPoolWorker-1: Calling delphi to calculate conformer (93/592) THR01A1096_002 in /tmp/pbe_data.data.home.granepura.5-Kinases.Kinases_MCCE.Trial01.run_holo.2WGJ_THR01A1096_002
ForkPoolWorker-5: Calling delphi to calculate conformer (94/592) THR01A1096_003 in /tmp/pbe_data.data.home.granepura.5-Kinases.Kinases_MCCE.Trial01.run_holo.2WGJ_THR01A1096_003
Skipping PBE solver for non-charge conformer (95/592) LEU01A1097_001...
Skipping PBE solver for non-charge conformer (96/592) LEU01A1098_001...
ForkPoolWorker-3: Calling delphi to calculate conformer (97/592) LYS01A1103_001 in /tmp/pbe_data.data.home.granepura.5-Kinases.Kinases_MCCE.Trial01.run_holo.2WGJ_LYS01A1103_001
ForkPoolWorker-4: Calling delphi to calculate conformer (98/592) LYS+1A1103_002 in /tmp/pbe_data.data.home.granepura.5-Kinases.Kinases_MCCE.Trial01.run_holo.2WGJ_LYS+1A1103_002
ForkPoolWorker-2: Calling delphi to calculate conformer (99/592) LYS01A1104_001 in /tmp/pbe_data.data.home.granepura.5-Kinases.Kinases_MCCE.Trial01.run_holo.2WGJ_LYS01A1104_001
ForkPoolWorker-1: Calling delphi to calculate conformer (100/592) LYS+1A1104_002 in /tmp/pbe_data.data.home.granepura.5-Kinases.Kinases_MCCE.Trial01.run_holo.2WGJ_LYS+1A1104_002
Skipping PBE solver for non-charge conformer (101/592) ILE01A1105_001...
ForkPoolWorker-5: Calling delphi to calculate conformer (102/592) HIS01A1106_001 in /tmp/pbe_data.data.home.granepura.5-Kinases.Kinases_MCCE.Trial01.run_holo.2WGJ_HIS01A1106_001
ForkPoolWorker-3: Calling delphi to calculate conformer (103/592) HIS01A1106_002 in /tmp/pbe_data.data.home.granepura.5-Kinases.Kinases_MCCE.Trial01.run_holo.2WGJ_HIS01A1106_002
ForkPoolWorker-4: Calling delphi to calculate conformer (104/592) HIS02A1106_003 in /tmp/pbe_data.data.home.granepura.5-Kinases.Kinases_MCCE.Trial01.run_holo.2WGJ_HIS02A1106_003
ForkPoolWorker-2: Calling delphi to calculate conformer (105/592) HIS02A1106_004 in /tmp/pbe_data.data.home.granepura.5-Kinases.Kinases_MCCE.Trial01.run_holo.2WGJ_HIS02A1106_004
ForkPoolWorker-1: Calling delphi to calculate conformer (106/592) HIS+1A1106_005 in /tmp/pbe_data.data.home.granepura.5-Kinases.Kinases_MCCE.Trial01.run_holo.2WGJ_HIS+1A1106_005
ForkPoolWorker-5: Calling delphi to calculate conformer (107/592) HIS+1A1106_006 in /tmp/pbe_data.data.home.granepura.5-Kinases.Kinases_MCCE.Trial01.run_holo.2WGJ_HIS+1A1106_006
ForkPoolWorker-3: Calling delphi to calculate conformer (108/592) CYS01A1107_001 in /tmp/pbe_data.data.home.granepura.5-Kinases.Kinases_MCCE.Trial01.run_holo.2WGJ_CYS01A1107_001
ForkPoolWorker-4: Calling delphi to calculate conformer (109/592) CYS01A1107_002 in /tmp/pbe_data.data.home.granepura.5-Kinases.Kinases_MCCE.Trial01.run_holo.2WGJ_CYS01A1107_002
ForkPoolWorker-2: Calling delphi to calculate conformer (110/592) CYS01A1107_003 in /tmp/pbe_data.data.home.granepura.5-Kinases.Kinases_MCCE.Trial01.run_holo.2WGJ_CYS01A1107_003
ForkPoolWorker-1: Calling delphi to calculate conformer (111/592) CYS-1A1107_004 in /tmp/pbe_data.data.home.granepura.5-Kinases.Kinases_MCCE.Trial01.run_holo.2WGJ_CYS-1A1107_004
Skipping PBE solver for non-charge conformer (112/592) ALA01A1108_001...
Skipping PBE solver for non-charge conformer (113/592) VAL01A1109_001...
ForkPoolWorker-5: Calling delphi to calculate conformer (114/592) LYS01A1110_001 in /tmp/pbe_data.data.home.granepura.5-Kinases.Kinases_MCCE.Trial01.run_holo.2WGJ_LYS01A1110_001
ForkPoolWorker-3: Calling delphi to calculate conformer (115/592) LYS+1A1110_002 in /tmp/pbe_data.data.home.granepura.5-Kinases.Kinases_MCCE.Trial01.run_holo.2WGJ_LYS+1A1110_002
ForkPoolWorker-4: Calling delphi to calculate conformer (116/592) SER01A1111_001 in /tmp/pbe_data.data.home.granepura.5-Kinases.Kinases_MCCE.Trial01.run_holo.2WGJ_SER01A1111_001
ForkPoolWorker-2: Calling delphi to calculate conformer (117/592) SER01A1111_002 in /tmp/pbe_data.data.home.granepura.5-Kinases.Kinases_MCCE.Trial01.run_holo.2WGJ_SER01A1111_002
Skipping PBE solver for non-charge conformer (118/592) LEU01A1112_001...
ForkPoolWorker-1: Calling delphi to calculate conformer (119/592) ASN01A1113_001 in /tmp/pbe_data.data.home.granepura.5-Kinases.Kinases_MCCE.Trial01.run_holo.2WGJ_ASN01A1113_001
ForkPoolWorker-5: Calling delphi to calculate conformer (120/592) ASN01A1113_002 in /tmp/pbe_data.data.home.granepura.5-Kinases.Kinases_MCCE.Trial01.run_holo.2WGJ_ASN01A1113_002
ForkPoolWorker-3: Calling delphi to calculate conformer (121/592) ASN01A1113_003 in /tmp/pbe_data.data.home.granepura.5-Kinases.Kinases_MCCE.Trial01.run_holo.2WGJ_ASN01A1113_003
ForkPoolWorker-4: Calling delphi to calculate conformer (122/592) ARG01A1114_001 in /tmp/pbe_data.data.home.granepura.5-Kinases.Kinases_MCCE.Trial01.run_holo.2WGJ_ARG01A1114_001
ForkPoolWorker-2: Calling delphi to calculate conformer (123/592) ARG02A1114_002 in /tmp/pbe_data.data.home.granepura.5-Kinases.Kinases_MCCE.Trial01.run_holo.2WGJ_ARG02A1114_002
ForkPoolWorker-1: Calling delphi to calculate conformer (124/592) ARG03A1114_003 in /tmp/pbe_data.data.home.granepura.5-Kinases.Kinases_MCCE.Trial01.run_holo.2WGJ_ARG03A1114_003
ForkPoolWorker-5: Calling delphi to calculate conformer (125/592) ARG+1A1114_004 in /tmp/pbe_data.data.home.granepura.5-Kinases.Kinases_MCCE.Trial01.run_holo.2WGJ_ARG+1A1114_004
Skipping PBE solver for non-charge conformer (126/592) ILE01A1115_001...
ForkPoolWorker-3: Calling delphi to calculate conformer (127/592) THR01A1116_001 in /tmp/pbe_data.data.home.granepura.5-Kinases.Kinases_MCCE.Trial01.run_holo.2WGJ_THR01A1116_001
ForkPoolWorker-4: Calling delphi to calculate conformer (128/592) ASP01A1117_001 in /tmp/pbe_data.data.home.granepura.5-Kinases.Kinases_MCCE.Trial01.run_holo.2WGJ_ASP01A1117_001
ForkPoolWorker-2: Calling delphi to calculate conformer (129/592) ASP01A1117_002 in /tmp/pbe_data.data.home.granepura.5-Kinases.Kinases_MCCE.Trial01.run_holo.2WGJ_ASP01A1117_002
ForkPoolWorker-1: Calling delphi to calculate conformer (130/592) ASP02A1117_003 in /tmp/pbe_data.data.home.granepura.5-Kinases.Kinases_MCCE.Trial01.run_holo.2WGJ_ASP02A1117_003
ForkPoolWorker-3: Calling delphi to calculate conformer (131/592) ASP02A1117_004 in /tmp/pbe_data.data.home.granepura.5-Kinases.Kinases_MCCE.Trial01.run_holo.2WGJ_ASP02A1117_004
ForkPoolWorker-5: Calling delphi to calculate conformer (132/592) ASP-1A1117_005 in /tmp/pbe_data.data.home.granepura.5-Kinases.Kinases_MCCE.Trial01.run_holo.2WGJ_ASP-1A1117_005
Skipping PBE solver for non-charge conformer (133/592) ILE01A1118_001...
ForkPoolWorker-4: Calling delphi to calculate conformer (134/592) GLU01A1120_001 in /tmp/pbe_data.data.home.granepura.5-Kinases.Kinases_MCCE.Trial01.run_holo.2WGJ_GLU01A1120_001
ForkPoolWorker-2: Calling delphi to calculate conformer (135/592) GLU01A1120_002 in /tmp/pbe_data.data.home.granepura.5-Kinases.Kinases_MCCE.Trial01.run_holo.2WGJ_GLU01A1120_002
ForkPoolWorker-1: Calling delphi to calculate conformer (136/592) GLU02A1120_003 in /tmp/pbe_data.data.home.granepura.5-Kinases.Kinases_MCCE.Trial01.run_holo.2WGJ_GLU02A1120_003
ForkPoolWorker-3: Calling delphi to calculate conformer (137/592) GLU02A1120_004 in /tmp/pbe_data.data.home.granepura.5-Kinases.Kinases_MCCE.Trial01.run_holo.2WGJ_GLU02A1120_004
ForkPoolWorker-5: Calling delphi to calculate conformer (138/592) GLU-1A1120_005 in /tmp/pbe_data.data.home.granepura.5-Kinases.Kinases_MCCE.Trial01.run_holo.2WGJ_GLU-1A1120_005
Skipping PBE solver for non-charge conformer (139/592) VAL01A1121_001...
ForkPoolWorker-4: Calling delphi to calculate conformer (140/592) SER01A1122_001 in /tmp/pbe_data.data.home.granepura.5-Kinases.Kinases_MCCE.Trial01.run_holo.2WGJ_SER01A1122_001
ForkPoolWorker-2: Calling delphi to calculate conformer (141/592) SER01A1122_002 in /tmp/pbe_data.data.home.granepura.5-Kinases.Kinases_MCCE.Trial01.run_holo.2WGJ_SER01A1122_002
ForkPoolWorker-1: Calling delphi to calculate conformer (142/592) GLN01A1123_001 in /tmp/pbe_data.data.home.granepura.5-Kinases.Kinases_MCCE.Trial01.run_holo.2WGJ_GLN01A1123_001
ForkPoolWorker-3: Calling delphi to calculate conformer (143/592) GLN01A1123_002 in /tmp/pbe_data.data.home.granepura.5-Kinases.Kinases_MCCE.Trial01.run_holo.2WGJ_GLN01A1123_002
Skipping PBE solver for non-charge conformer (144/592) PHE01A1124_001...
Skipping PBE solver for non-charge conformer (145/592) LEU01A1125_001...
ForkPoolWorker-5: Calling delphi to calculate conformer (146/592) THR01A1126_001 in /tmp/pbe_data.data.home.granepura.5-Kinases.Kinases_MCCE.Trial01.run_holo.2WGJ_THR01A1126_001
ForkPoolWorker-4: Calling delphi to calculate conformer (147/592) THR01A1126_002 in /tmp/pbe_data.data.home.granepura.5-Kinases.Kinases_MCCE.Trial01.run_holo.2WGJ_THR01A1126_002
ForkPoolWorker-2: Calling delphi to calculate conformer (148/592) GLU01A1127_001 in /tmp/pbe_data.data.home.granepura.5-Kinases.Kinases_MCCE.Trial01.run_holo.2WGJ_GLU01A1127_001
ForkPoolWorker-1: Calling delphi to calculate conformer (149/592) GLU01A1127_002 in /tmp/pbe_data.data.home.granepura.5-Kinases.Kinases_MCCE.Trial01.run_holo.2WGJ_GLU01A1127_002
ForkPoolWorker-3: Calling delphi to calculate conformer (150/592) GLU02A1127_003 in /tmp/pbe_data.data.home.granepura.5-Kinases.Kinases_MCCE.Trial01.run_holo.2WGJ_GLU02A1127_003
ForkPoolWorker-5: Calling delphi to calculate conformer (151/592) GLU02A1127_004 in /tmp/pbe_data.data.home.granepura.5-Kinases.Kinases_MCCE.Trial01.run_holo.2WGJ_GLU02A1127_004
ForkPoolWorker-4: Calling delphi to calculate conformer (152/592) GLU-1A1127_005 in /tmp/pbe_data.data.home.granepura.5-Kinases.Kinases_MCCE.Trial01.run_holo.2WGJ_GLU-1A1127_005
Skipping PBE solver for non-charge conformer (153/592) ILE01A1129_001...
Skipping PBE solver for non-charge conformer (154/592) ILE01A1130_001...
ForkPoolWorker-2: Calling delphi to calculate conformer (155/592) MET01A1131_001 in /tmp/pbe_data.data.home.granepura.5-Kinases.Kinases_MCCE.Trial01.run_holo.2WGJ_MET01A1131_001
ForkPoolWorker-1: Calling delphi to calculate conformer (156/592) LYS01A1132_001 in /tmp/pbe_data.data.home.granepura.5-Kinases.Kinases_MCCE.Trial01.run_holo.2WGJ_LYS01A1132_001
ForkPoolWorker-3: Calling delphi to calculate conformer (157/592) LYS+1A1132_002 in /tmp/pbe_data.data.home.granepura.5-Kinases.Kinases_MCCE.Trial01.run_holo.2WGJ_LYS+1A1132_002
ForkPoolWorker-5: Calling delphi to calculate conformer (158/592) ASP01A1133_001 in /tmp/pbe_data.data.home.granepura.5-Kinases.Kinases_MCCE.Trial01.run_holo.2WGJ_ASP01A1133_001
ForkPoolWorker-4: Calling delphi to calculate conformer (159/592) ASP01A1133_002 in /tmp/pbe_data.data.home.granepura.5-Kinases.Kinases_MCCE.Trial01.run_holo.2WGJ_ASP01A1133_002
ForkPoolWorker-2: Calling delphi to calculate conformer (160/592) ASP02A1133_003 in /tmp/pbe_data.data.home.granepura.5-Kinases.Kinases_MCCE.Trial01.run_holo.2WGJ_ASP02A1133_003
ForkPoolWorker-1: Calling delphi to calculate conformer (161/592) ASP02A1133_004 in /tmp/pbe_data.data.home.granepura.5-Kinases.Kinases_MCCE.Trial01.run_holo.2WGJ_ASP02A1133_004
ForkPoolWorker-3: Calling delphi to calculate conformer (162/592) ASP-1A1133_005 in /tmp/pbe_data.data.home.granepura.5-Kinases.Kinases_MCCE.Trial01.run_holo.2WGJ_ASP-1A1133_005
Skipping PBE solver for non-charge conformer (163/592) PHE01A1134_001...
ForkPoolWorker-5: Calling delphi to calculate conformer (164/592) SER01A1135_001 in /tmp/pbe_data.data.home.granepura.5-Kinases.Kinases_MCCE.Trial01.run_holo.2WGJ_SER01A1135_001
ForkPoolWorker-4: Calling delphi to calculate conformer (165/592) HIS01A1136_001 in /tmp/pbe_data.data.home.granepura.5-Kinases.Kinases_MCCE.Trial01.run_holo.2WGJ_HIS01A1136_001
ForkPoolWorker-2: Calling delphi to calculate conformer (166/592) HIS02A1136_002 in /tmp/pbe_data.data.home.granepura.5-Kinases.Kinases_MCCE.Trial01.run_holo.2WGJ_HIS02A1136_002
ForkPoolWorker-1: Calling delphi to calculate conformer (167/592) HIS+1A1136_003 in /tmp/pbe_data.data.home.granepura.5-Kinases.Kinases_MCCE.Trial01.run_holo.2WGJ_HIS+1A1136_003
Skipping PBE solver for non-charge conformer (168/592) PRO01A1137_001...
ForkPoolWorker-3: Calling delphi to calculate conformer (169/592) ASN01A1138_001 in /tmp/pbe_data.data.home.granepura.5-Kinases.Kinases_MCCE.Trial01.run_holo.2WGJ_ASN01A1138_001
ForkPoolWorker-5: Calling delphi to calculate conformer (170/592) ASN01A1138_002 in /tmp/pbe_data.data.home.granepura.5-Kinases.Kinases_MCCE.Trial01.run_holo.2WGJ_ASN01A1138_002
Skipping PBE solver for non-charge conformer (171/592) VAL01A1139_001...
Skipping PBE solver for non-charge conformer (172/592) LEU01A1140_001...
ForkPoolWorker-4: Calling delphi to calculate conformer (173/592) SER01A1141_001 in /tmp/pbe_data.data.home.granepura.5-Kinases.Kinases_MCCE.Trial01.run_holo.2WGJ_SER01A1141_001
Skipping PBE solver for non-charge conformer (174/592) LEU01A1142_001...
Skipping PBE solver for non-charge conformer (175/592) LEU01A1143_001...
Skipping PBE solver for non-charge conformer (176/592) ILE01A1145_001...
ForkPoolWorker-2: Calling delphi to calculate conformer (177/592) CYS01A1146_001 in /tmp/pbe_data.data.home.granepura.5-Kinases.Kinases_MCCE.Trial01.run_holo.2WGJ_CYS01A1146_001
ForkPoolWorker-1: Calling delphi to calculate conformer (178/592) CYS01A1146_002 in /tmp/pbe_data.data.home.granepura.5-Kinases.Kinases_MCCE.Trial01.run_holo.2WGJ_CYS01A1146_002
ForkPoolWorker-3: Calling delphi to calculate conformer (179/592) CYS01A1146_003 in /tmp/pbe_data.data.home.granepura.5-Kinases.Kinases_MCCE.Trial01.run_holo.2WGJ_CYS01A1146_003
ForkPoolWorker-5: Calling delphi to calculate conformer (180/592) CYS-1A1146_004 in /tmp/pbe_data.data.home.granepura.5-Kinases.Kinases_MCCE.Trial01.run_holo.2WGJ_CYS-1A1146_004
Skipping PBE solver for non-charge conformer (181/592) LEU01A1147_001...
ForkPoolWorker-4: Calling delphi to calculate conformer (182/592) ARG01A1148_001 in /tmp/pbe_data.data.home.granepura.5-Kinases.Kinases_MCCE.Trial01.run_holo.2WGJ_ARG01A1148_001
ForkPoolWorker-2: Calling delphi to calculate conformer (183/592) ARG02A1148_002 in /tmp/pbe_data.data.home.granepura.5-Kinases.Kinases_MCCE.Trial01.run_holo.2WGJ_ARG02A1148_002
ForkPoolWorker-1: Calling delphi to calculate conformer (184/592) ARG03A1148_003 in /tmp/pbe_data.data.home.granepura.5-Kinases.Kinases_MCCE.Trial01.run_holo.2WGJ_ARG03A1148_003
ForkPoolWorker-3: Calling delphi to calculate conformer (185/592) ARG+1A1148_004 in /tmp/pbe_data.data.home.granepura.5-Kinases.Kinases_MCCE.Trial01.run_holo.2WGJ_ARG+1A1148_004
ForkPoolWorker-5: Calling delphi to calculate conformer (186/592) SER01A1149_001 in /tmp/pbe_data.data.home.granepura.5-Kinases.Kinases_MCCE.Trial01.run_holo.2WGJ_SER01A1149_001
ForkPoolWorker-4: Calling delphi to calculate conformer (187/592) GLU01A1150_001 in /tmp/pbe_data.data.home.granepura.5-Kinases.Kinases_MCCE.Trial01.run_holo.2WGJ_GLU01A1150_001
ForkPoolWorker-2: Calling delphi to calculate conformer (188/592) GLU01A1150_002 in /tmp/pbe_data.data.home.granepura.5-Kinases.Kinases_MCCE.Trial01.run_holo.2WGJ_GLU01A1150_002
ForkPoolWorker-1: Calling delphi to calculate conformer (189/592) GLU02A1150_003 in /tmp/pbe_data.data.home.granepura.5-Kinases.Kinases_MCCE.Trial01.run_holo.2WGJ_GLU02A1150_003
ForkPoolWorker-5: Calling delphi to calculate conformer (191/592) GLU-1A1150_005 in /tmp/pbe_data.data.home.granepura.5-Kinases.Kinases_MCCE.Trial01.run_holo.2WGJ_GLU-1A1150_005
ForkPoolWorker-3: Calling delphi to calculate conformer (190/592) GLU02A1150_004 in /tmp/pbe_data.data.home.granepura.5-Kinases.Kinases_MCCE.Trial01.run_holo.2WGJ_GLU02A1150_004
ForkPoolWorker-4: Calling delphi to calculate conformer (192/592) SER01A1152_001 in /tmp/pbe_data.data.home.granepura.5-Kinases.Kinases_MCCE.Trial01.run_holo.2WGJ_SER01A1152_001
Skipping PBE solver for non-charge conformer (193/592) PRO01A1153_001...
Skipping PBE solver for non-charge conformer (194/592) LEU01A1154_001...
Skipping PBE solver for non-charge conformer (195/592) VAL01A1155_001...
Skipping PBE solver for non-charge conformer (196/592) VAL01A1156_001...
Skipping PBE solver for non-charge conformer (197/592) LEU01A1157_001...
Skipping PBE solver for non-charge conformer (198/592) PRO01A1158_001...
ForkPoolWorker-2: Calling delphi to calculate conformer (199/592) TYR01A1159_001 in /tmp/pbe_data.data.home.granepura.5-Kinases.Kinases_MCCE.Trial01.run_holo.2WGJ_TYR01A1159_001
ForkPoolWorker-1: Calling delphi to calculate conformer (200/592) TYR01A1159_002 in /tmp/pbe_data.data.home.granepura.5-Kinases.Kinases_MCCE.Trial01.run_holo.2WGJ_TYR01A1159_002
ForkPoolWorker-5: Calling delphi to calculate conformer (201/592) TYR-1A1159_003 in /tmp/pbe_data.data.home.granepura.5-Kinases.Kinases_MCCE.Trial01.run_holo.2WGJ_TYR-1A1159_003
ForkPoolWorker-3: Calling delphi to calculate conformer (202/592) MET01A1160_001 in /tmp/pbe_data.data.home.granepura.5-Kinases.Kinases_MCCE.Trial01.run_holo.2WGJ_MET01A1160_001
ForkPoolWorker-4: Calling delphi to calculate conformer (203/592) LYS01A1161_001 in /tmp/pbe_data.data.home.granepura.5-Kinases.Kinases_MCCE.Trial01.run_holo.2WGJ_LYS01A1161_001
ForkPoolWorker-2: Calling delphi to calculate conformer (204/592) LYS+1A1161_002 in /tmp/pbe_data.data.home.granepura.5-Kinases.Kinases_MCCE.Trial01.run_holo.2WGJ_LYS+1A1161_002
ForkPoolWorker-1: Calling delphi to calculate conformer (205/592) HIS01A1162_001 in /tmp/pbe_data.data.home.granepura.5-Kinases.Kinases_MCCE.Trial01.run_holo.2WGJ_HIS01A1162_001
ForkPoolWorker-5: Calling delphi to calculate conformer (206/592) HIS02A1162_002 in /tmp/pbe_data.data.home.granepura.5-Kinases.Kinases_MCCE.Trial01.run_holo.2WGJ_HIS02A1162_002
ForkPoolWorker-3: Calling delphi to calculate conformer (207/592) HIS+1A1162_003 in /tmp/pbe_data.data.home.granepura.5-Kinases.Kinases_MCCE.Trial01.run_holo.2WGJ_HIS+1A1162_003
ForkPoolWorker-4: Calling delphi to calculate conformer (208/592) ASP01A1164_001 in /tmp/pbe_data.data.home.granepura.5-Kinases.Kinases_MCCE.Trial01.run_holo.2WGJ_ASP01A1164_001
ForkPoolWorker-2: Calling delphi to calculate conformer (209/592) ASP01A1164_002 in /tmp/pbe_data.data.home.granepura.5-Kinases.Kinases_MCCE.Trial01.run_holo.2WGJ_ASP01A1164_002
ForkPoolWorker-1: Calling delphi to calculate conformer (210/592) ASP02A1164_003 in /tmp/pbe_data.data.home.granepura.5-Kinases.Kinases_MCCE.Trial01.run_holo.2WGJ_ASP02A1164_003
ForkPoolWorker-5: Calling delphi to calculate conformer (211/592) ASP02A1164_004 in /tmp/pbe_data.data.home.granepura.5-Kinases.Kinases_MCCE.Trial01.run_holo.2WGJ_ASP02A1164_004
ForkPoolWorker-3: Calling delphi to calculate conformer (212/592) ASP-1A1164_005 in /tmp/pbe_data.data.home.granepura.5-Kinases.Kinases_MCCE.Trial01.run_holo.2WGJ_ASP-1A1164_005
Skipping PBE solver for non-charge conformer (213/592) LEU01A1165_001...
ForkPoolWorker-4: Calling delphi to calculate conformer (214/592) ARG01A1166_001 in /tmp/pbe_data.data.home.granepura.5-Kinases.Kinases_MCCE.Trial01.run_holo.2WGJ_ARG01A1166_001
ForkPoolWorker-2: Calling delphi to calculate conformer (215/592) ARG02A1166_002 in /tmp/pbe_data.data.home.granepura.5-Kinases.Kinases_MCCE.Trial01.run_holo.2WGJ_ARG02A1166_002
ForkPoolWorker-1: Calling delphi to calculate conformer (216/592) ARG03A1166_003 in /tmp/pbe_data.data.home.granepura.5-Kinases.Kinases_MCCE.Trial01.run_holo.2WGJ_ARG03A1166_003
ForkPoolWorker-5: Calling delphi to calculate conformer (217/592) ARG03A1166_004 in /tmp/pbe_data.data.home.granepura.5-Kinases.Kinases_MCCE.Trial01.run_holo.2WGJ_ARG03A1166_004
ForkPoolWorker-3: Calling delphi to calculate conformer (218/592) ARG+1A1166_005 in /tmp/pbe_data.data.home.granepura.5-Kinases.Kinases_MCCE.Trial01.run_holo.2WGJ_ARG+1A1166_005
ForkPoolWorker-4: Calling delphi to calculate conformer (219/592) ASN01A1167_001 in /tmp/pbe_data.data.home.granepura.5-Kinases.Kinases_MCCE.Trial01.run_holo.2WGJ_ASN01A1167_001
ForkPoolWorker-2: Calling delphi to calculate conformer (220/592) ASN01A1167_002 in /tmp/pbe_data.data.home.granepura.5-Kinases.Kinases_MCCE.Trial01.run_holo.2WGJ_ASN01A1167_002
Skipping PBE solver for non-charge conformer (221/592) PHE01A1168_001...
Skipping PBE solver for non-charge conformer (222/592) ILE01A1169_001...
ForkPoolWorker-1: Calling delphi to calculate conformer (223/592) ARG01A1170_001 in /tmp/pbe_data.data.home.granepura.5-Kinases.Kinases_MCCE.Trial01.run_holo.2WGJ_ARG01A1170_001
ForkPoolWorker-5: Calling delphi to calculate conformer (224/592) ARG02A1170_002 in /tmp/pbe_data.data.home.granepura.5-Kinases.Kinases_MCCE.Trial01.run_holo.2WGJ_ARG02A1170_002
ForkPoolWorker-3: Calling delphi to calculate conformer (225/592) ARG03A1170_003 in /tmp/pbe_data.data.home.granepura.5-Kinases.Kinases_MCCE.Trial01.run_holo.2WGJ_ARG03A1170_003
ForkPoolWorker-4: Calling delphi to calculate conformer (226/592) ARG+1A1170_004 in /tmp/pbe_data.data.home.granepura.5-Kinases.Kinases_MCCE.Trial01.run_holo.2WGJ_ARG+1A1170_004
ForkPoolWorker-2: Calling delphi to calculate conformer (227/592) ASN01A1171_001 in /tmp/pbe_data.data.home.granepura.5-Kinases.Kinases_MCCE.Trial01.run_holo.2WGJ_ASN01A1171_001
ForkPoolWorker-1: Calling delphi to calculate conformer (228/592) GLU01A1172_001 in /tmp/pbe_data.data.home.granepura.5-Kinases.Kinases_MCCE.Trial01.run_holo.2WGJ_GLU01A1172_001
ForkPoolWorker-5: Calling delphi to calculate conformer (229/592) GLU01A1172_002 in /tmp/pbe_data.data.home.granepura.5-Kinases.Kinases_MCCE.Trial01.run_holo.2WGJ_GLU01A1172_002
ForkPoolWorker-3: Calling delphi to calculate conformer (230/592) GLU02A1172_003 in /tmp/pbe_data.data.home.granepura.5-Kinases.Kinases_MCCE.Trial01.run_holo.2WGJ_GLU02A1172_003
ForkPoolWorker-4: Calling delphi to calculate conformer (231/592) GLU02A1172_004 in /tmp/pbe_data.data.home.granepura.5-Kinases.Kinases_MCCE.Trial01.run_holo.2WGJ_GLU02A1172_004
ForkPoolWorker-2: Calling delphi to calculate conformer (232/592) GLU-1A1172_005 in /tmp/pbe_data.data.home.granepura.5-Kinases.Kinases_MCCE.Trial01.run_holo.2WGJ_GLU-1A1172_005
ForkPoolWorker-1: Calling delphi to calculate conformer (233/592) THR01A1173_001 in /tmp/pbe_data.data.home.granepura.5-Kinases.Kinases_MCCE.Trial01.run_holo.2WGJ_THR01A1173_001
ForkPoolWorker-5: Calling delphi to calculate conformer (234/592) THR01A1173_002 in /tmp/pbe_data.data.home.granepura.5-Kinases.Kinases_MCCE.Trial01.run_holo.2WGJ_THR01A1173_002
ForkPoolWorker-3: Calling delphi to calculate conformer (235/592) THR01A1173_003 in /tmp/pbe_data.data.home.granepura.5-Kinases.Kinases_MCCE.Trial01.run_holo.2WGJ_THR01A1173_003
ForkPoolWorker-4: Calling delphi to calculate conformer (236/592) HIS01A1174_001 in /tmp/pbe_data.data.home.granepura.5-Kinases.Kinases_MCCE.Trial01.run_holo.2WGJ_HIS01A1174_001
ForkPoolWorker-2: Calling delphi to calculate conformer (237/592) HIS01A1174_002 in /tmp/pbe_data.data.home.granepura.5-Kinases.Kinases_MCCE.Trial01.run_holo.2WGJ_HIS01A1174_002
ForkPoolWorker-1: Calling delphi to calculate conformer (238/592) HIS02A1174_003 in /tmp/pbe_data.data.home.granepura.5-Kinases.Kinases_MCCE.Trial01.run_holo.2WGJ_HIS02A1174_003
ForkPoolWorker-5: Calling delphi to calculate conformer (239/592) HIS02A1174_004 in /tmp/pbe_data.data.home.granepura.5-Kinases.Kinases_MCCE.Trial01.run_holo.2WGJ_HIS02A1174_004
ForkPoolWorker-3: Calling delphi to calculate conformer (240/592) HIS+1A1174_005 in /tmp/pbe_data.data.home.granepura.5-Kinases.Kinases_MCCE.Trial01.run_holo.2WGJ_HIS+1A1174_005
ForkPoolWorker-4: Calling delphi to calculate conformer (241/592) HIS+1A1174_006 in /tmp/pbe_data.data.home.granepura.5-Kinases.Kinases_MCCE.Trial01.run_holo.2WGJ_HIS+1A1174_006
ForkPoolWorker-2: Calling delphi to calculate conformer (242/592) ASN01A1175_001 in /tmp/pbe_data.data.home.granepura.5-Kinases.Kinases_MCCE.Trial01.run_holo.2WGJ_ASN01A1175_001
ForkPoolWorker-1: Calling delphi to calculate conformer (243/592) ASN01A1175_002 in /tmp/pbe_data.data.home.granepura.5-Kinases.Kinases_MCCE.Trial01.run_holo.2WGJ_ASN01A1175_002
Skipping PBE solver for non-charge conformer (244/592) PRO01A1176_001...
ForkPoolWorker-5: Calling delphi to calculate conformer (245/592) THR01A1177_001 in /tmp/pbe_data.data.home.granepura.5-Kinases.Kinases_MCCE.Trial01.run_holo.2WGJ_THR01A1177_001
ForkPoolWorker-3: Calling delphi to calculate conformer (246/592) THR01A1177_002 in /tmp/pbe_data.data.home.granepura.5-Kinases.Kinases_MCCE.Trial01.run_holo.2WGJ_THR01A1177_002
Skipping PBE solver for non-charge conformer (247/592) VAL01A1178_001...
ForkPoolWorker-4: Calling delphi to calculate conformer (248/592) LYS01A1179_001 in /tmp/pbe_data.data.home.granepura.5-Kinases.Kinases_MCCE.Trial01.run_holo.2WGJ_LYS01A1179_001
ForkPoolWorker-2: Calling delphi to calculate conformer (249/592) LYS+1A1179_002 in /tmp/pbe_data.data.home.granepura.5-Kinases.Kinases_MCCE.Trial01.run_holo.2WGJ_LYS+1A1179_002
ForkPoolWorker-1: Calling delphi to calculate conformer (250/592) ASP01A1180_001 in /tmp/pbe_data.data.home.granepura.5-Kinases.Kinases_MCCE.Trial01.run_holo.2WGJ_ASP01A1180_001
ForkPoolWorker-3: Calling delphi to calculate conformer (251/592) ASP01A1180_002 in /tmp/pbe_data.data.home.granepura.5-Kinases.Kinases_MCCE.Trial01.run_holo.2WGJ_ASP01A1180_002
ForkPoolWorker-5: Calling delphi to calculate conformer (252/592) ASP02A1180_003 in /tmp/pbe_data.data.home.granepura.5-Kinases.Kinases_MCCE.Trial01.run_holo.2WGJ_ASP02A1180_003
ForkPoolWorker-4: Calling delphi to calculate conformer (253/592) ASP02A1180_004 in /tmp/pbe_data.data.home.granepura.5-Kinases.Kinases_MCCE.Trial01.run_holo.2WGJ_ASP02A1180_004
ForkPoolWorker-2: Calling delphi to calculate conformer (254/592) ASP-1A1180_005 in /tmp/pbe_data.data.home.granepura.5-Kinases.Kinases_MCCE.Trial01.run_holo.2WGJ_ASP-1A1180_005
Skipping PBE solver for non-charge conformer (255/592) LEU01A1181_001...
Skipping PBE solver for non-charge conformer (256/592) ILE01A1182_001...
Skipping PBE solver for non-charge conformer (257/592) PHE01A1184_001...
Skipping PBE solver for non-charge conformer (258/592) LEU01A1186_001...
ForkPoolWorker-1: Calling delphi to calculate conformer (259/592) GLN01A1187_001 in /tmp/pbe_data.data.home.granepura.5-Kinases.Kinases_MCCE.Trial01.run_holo.2WGJ_GLN01A1187_001
ForkPoolWorker-3: Calling delphi to calculate conformer (260/592) GLN01A1187_002 in /tmp/pbe_data.data.home.granepura.5-Kinases.Kinases_MCCE.Trial01.run_holo.2WGJ_GLN01A1187_002
Skipping PBE solver for non-charge conformer (261/592) VAL01A1188_001...
Skipping PBE solver for non-charge conformer (262/592) ALA01A1189_001...
ForkPoolWorker-5: Calling delphi to calculate conformer (263/592) LYS01A1190_001 in /tmp/pbe_data.data.home.granepura.5-Kinases.Kinases_MCCE.Trial01.run_holo.2WGJ_LYS01A1190_001
ForkPoolWorker-4: Calling delphi to calculate conformer (264/592) LYS+1A1190_002 in /tmp/pbe_data.data.home.granepura.5-Kinases.Kinases_MCCE.Trial01.run_holo.2WGJ_LYS+1A1190_002
ForkPoolWorker-2: Calling delphi to calculate conformer (265/592) MET01A1192_001 in /tmp/pbe_data.data.home.granepura.5-Kinases.Kinases_MCCE.Trial01.run_holo.2WGJ_MET01A1192_001
ForkPoolWorker-1: Calling delphi to calculate conformer (266/592) LYS01A1193_001 in /tmp/pbe_data.data.home.granepura.5-Kinases.Kinases_MCCE.Trial01.run_holo.2WGJ_LYS01A1193_001
ForkPoolWorker-3: Calling delphi to calculate conformer (267/592) LYS+1A1193_002 in /tmp/pbe_data.data.home.granepura.5-Kinases.Kinases_MCCE.Trial01.run_holo.2WGJ_LYS+1A1193_002
ForkPoolWorker-5: Calling delphi to calculate conformer (268/592) TYR01A1194_001 in /tmp/pbe_data.data.home.granepura.5-Kinases.Kinases_MCCE.Trial01.run_holo.2WGJ_TYR01A1194_001
ForkPoolWorker-4: Calling delphi to calculate conformer (269/592) TYR01A1194_002 in /tmp/pbe_data.data.home.granepura.5-Kinases.Kinases_MCCE.Trial01.run_holo.2WGJ_TYR01A1194_002
ForkPoolWorker-2: Calling delphi to calculate conformer (270/592) TYR-1A1194_003 in /tmp/pbe_data.data.home.granepura.5-Kinases.Kinases_MCCE.Trial01.run_holo.2WGJ_TYR-1A1194_003
Skipping PBE solver for non-charge conformer (271/592) LEU01A1195_001...
Skipping PBE solver for non-charge conformer (272/592) ALA01A1196_001...
ForkPoolWorker-1: Calling delphi to calculate conformer (273/592) SER01A1197_001 in /tmp/pbe_data.data.home.granepura.5-Kinases.Kinases_MCCE.Trial01.run_holo.2WGJ_SER01A1197_001
ForkPoolWorker-3: Calling delphi to calculate conformer (274/592) SER01A1197_002 in /tmp/pbe_data.data.home.granepura.5-Kinases.Kinases_MCCE.Trial01.run_holo.2WGJ_SER01A1197_002
ForkPoolWorker-5: Calling delphi to calculate conformer (275/592) LYS01A1198_001 in /tmp/pbe_data.data.home.granepura.5-Kinases.Kinases_MCCE.Trial01.run_holo.2WGJ_LYS01A1198_001
ForkPoolWorker-4: Calling delphi to calculate conformer (276/592) LYS+1A1198_002 in /tmp/pbe_data.data.home.granepura.5-Kinases.Kinases_MCCE.Trial01.run_holo.2WGJ_LYS+1A1198_002
ForkPoolWorker-2: Calling delphi to calculate conformer (277/592) LYS01A1199_001 in /tmp/pbe_data.data.home.granepura.5-Kinases.Kinases_MCCE.Trial01.run_holo.2WGJ_LYS01A1199_001
ForkPoolWorker-1: Calling delphi to calculate conformer (278/592) LYS+1A1199_002 in /tmp/pbe_data.data.home.granepura.5-Kinases.Kinases_MCCE.Trial01.run_holo.2WGJ_LYS+1A1199_002
Skipping PBE solver for non-charge conformer (279/592) PHE01A1200_001...
Skipping PBE solver for non-charge conformer (280/592) VAL01A1201_001...
ForkPoolWorker-3: Calling delphi to calculate conformer (281/592) HIS01A1202_001 in /tmp/pbe_data.data.home.granepura.5-Kinases.Kinases_MCCE.Trial01.run_holo.2WGJ_HIS01A1202_001
ForkPoolWorker-5: Calling delphi to calculate conformer (282/592) HIS01A1202_002 in /tmp/pbe_data.data.home.granepura.5-Kinases.Kinases_MCCE.Trial01.run_holo.2WGJ_HIS01A1202_002
ForkPoolWorker-4: Calling delphi to calculate conformer (283/592) HIS02A1202_003 in /tmp/pbe_data.data.home.granepura.5-Kinases.Kinases_MCCE.Trial01.run_holo.2WGJ_HIS02A1202_003
ForkPoolWorker-2: Calling delphi to calculate conformer (284/592) HIS02A1202_004 in /tmp/pbe_data.data.home.granepura.5-Kinases.Kinases_MCCE.Trial01.run_holo.2WGJ_HIS02A1202_004
ForkPoolWorker-1: Calling delphi to calculate conformer (285/592) HIS+1A1202_005 in /tmp/pbe_data.data.home.granepura.5-Kinases.Kinases_MCCE.Trial01.run_holo.2WGJ_HIS+1A1202_005
ForkPoolWorker-3: Calling delphi to calculate conformer (286/592) HIS+1A1202_006 in /tmp/pbe_data.data.home.granepura.5-Kinases.Kinases_MCCE.Trial01.run_holo.2WGJ_HIS+1A1202_006
ForkPoolWorker-5: Calling delphi to calculate conformer (287/592) ARG01A1203_001 in /tmp/pbe_data.data.home.granepura.5-Kinases.Kinases_MCCE.Trial01.run_holo.2WGJ_ARG01A1203_001
ForkPoolWorker-4: Calling delphi to calculate conformer (288/592) ARG02A1203_002 in /tmp/pbe_data.data.home.granepura.5-Kinases.Kinases_MCCE.Trial01.run_holo.2WGJ_ARG02A1203_002
ForkPoolWorker-2: Calling delphi to calculate conformer (289/592) ARG03A1203_003 in /tmp/pbe_data.data.home.granepura.5-Kinases.Kinases_MCCE.Trial01.run_holo.2WGJ_ARG03A1203_003
ForkPoolWorker-1: Calling delphi to calculate conformer (290/592) ARG+1A1203_004 in /tmp/pbe_data.data.home.granepura.5-Kinases.Kinases_MCCE.Trial01.run_holo.2WGJ_ARG+1A1203_004
ForkPoolWorker-3: Calling delphi to calculate conformer (292/592) ASP01A1204_002 in /tmp/pbe_data.data.home.granepura.5-Kinases.Kinases_MCCE.Trial01.run_holo.2WGJ_ASP01A1204_002
ForkPoolWorker-5: Calling delphi to calculate conformer (291/592) ASP01A1204_001 in /tmp/pbe_data.data.home.granepura.5-Kinases.Kinases_MCCE.Trial01.run_holo.2WGJ_ASP01A1204_001
ForkPoolWorker-4: Calling delphi to calculate conformer (293/592) ASP02A1204_003 in /tmp/pbe_data.data.home.granepura.5-Kinases.Kinases_MCCE.Trial01.run_holo.2WGJ_ASP02A1204_003
ForkPoolWorker-2: Calling delphi to calculate conformer (294/592) ASP02A1204_004 in /tmp/pbe_data.data.home.granepura.5-Kinases.Kinases_MCCE.Trial01.run_holo.2WGJ_ASP02A1204_004
ForkPoolWorker-1: Calling delphi to calculate conformer (295/592) ASP-1A1204_005 in /tmp/pbe_data.data.home.granepura.5-Kinases.Kinases_MCCE.Trial01.run_holo.2WGJ_ASP-1A1204_005
Skipping PBE solver for non-charge conformer (296/592) LEU01A1205_001...
Skipping PBE solver for non-charge conformer (297/592) ALA01A1206_001...
ForkPoolWorker-5: Calling delphi to calculate conformer (299/592) ARG01A1208_001 in /tmp/pbe_data.data.home.granepura.5-Kinases.Kinases_MCCE.Trial01.run_holo.2WGJ_ARG01A1208_001
Skipping PBE solver for non-charge conformer (298/592) ALA01A1207_001...
ForkPoolWorker-3: Calling delphi to calculate conformer (300/592) ARG02A1208_002 in /tmp/pbe_data.data.home.granepura.5-Kinases.Kinases_MCCE.Trial01.run_holo.2WGJ_ARG02A1208_002
ForkPoolWorker-4: Calling delphi to calculate conformer (301/592) ARG03A1208_003 in /tmp/pbe_data.data.home.granepura.5-Kinases.Kinases_MCCE.Trial01.run_holo.2WGJ_ARG03A1208_003
ForkPoolWorker-2: Calling delphi to calculate conformer (302/592) ARG03A1208_004 in /tmp/pbe_data.data.home.granepura.5-Kinases.Kinases_MCCE.Trial01.run_holo.2WGJ_ARG03A1208_004
ForkPoolWorker-1: Calling delphi to calculate conformer (303/592) ARG+1A1208_005 in /tmp/pbe_data.data.home.granepura.5-Kinases.Kinases_MCCE.Trial01.run_holo.2WGJ_ARG+1A1208_005
ForkPoolWorker-5: Calling delphi to calculate conformer (304/592) ASN01A1209_001 in /tmp/pbe_data.data.home.granepura.5-Kinases.Kinases_MCCE.Trial01.run_holo.2WGJ_ASN01A1209_001
ForkPoolWorker-3: Calling delphi to calculate conformer (305/592) ASN01A1209_002 in /tmp/pbe_data.data.home.granepura.5-Kinases.Kinases_MCCE.Trial01.run_holo.2WGJ_ASN01A1209_002
ForkPoolWorker-4: Calling delphi to calculate conformer (306/592) CYS01A1210_001 in /tmp/pbe_data.data.home.granepura.5-Kinases.Kinases_MCCE.Trial01.run_holo.2WGJ_CYS01A1210_001
ForkPoolWorker-2: Calling delphi to calculate conformer (307/592) CYS01A1210_002 in /tmp/pbe_data.data.home.granepura.5-Kinases.Kinases_MCCE.Trial01.run_holo.2WGJ_CYS01A1210_002
ForkPoolWorker-1: Calling delphi to calculate conformer (308/592) CYS01A1210_003 in /tmp/pbe_data.data.home.granepura.5-Kinases.Kinases_MCCE.Trial01.run_holo.2WGJ_CYS01A1210_003
ForkPoolWorker-5: Calling delphi to calculate conformer (309/592) CYS-1A1210_004 in /tmp/pbe_data.data.home.granepura.5-Kinases.Kinases_MCCE.Trial01.run_holo.2WGJ_CYS-1A1210_004
ForkPoolWorker-3: Calling delphi to calculate conformer (310/592) MET01A1211_001 in /tmp/pbe_data.data.home.granepura.5-Kinases.Kinases_MCCE.Trial01.run_holo.2WGJ_MET01A1211_001
Skipping PBE solver for non-charge conformer (311/592) LEU01A1212_001...
ForkPoolWorker-4: Calling delphi to calculate conformer (312/592) ASP01A1213_001 in /tmp/pbe_data.data.home.granepura.5-Kinases.Kinases_MCCE.Trial01.run_holo.2WGJ_ASP01A1213_001
ForkPoolWorker-2: Calling delphi to calculate conformer (313/592) ASP01A1213_002 in /tmp/pbe_data.data.home.granepura.5-Kinases.Kinases_MCCE.Trial01.run_holo.2WGJ_ASP01A1213_002
ForkPoolWorker-1: Calling delphi to calculate conformer (314/592) ASP02A1213_003 in /tmp/pbe_data.data.home.granepura.5-Kinases.Kinases_MCCE.Trial01.run_holo.2WGJ_ASP02A1213_003
ForkPoolWorker-5: Calling delphi to calculate conformer (315/592) ASP02A1213_004 in /tmp/pbe_data.data.home.granepura.5-Kinases.Kinases_MCCE.Trial01.run_holo.2WGJ_ASP02A1213_004
ForkPoolWorker-3: Calling delphi to calculate conformer (316/592) ASP-1A1213_005 in /tmp/pbe_data.data.home.granepura.5-Kinases.Kinases_MCCE.Trial01.run_holo.2WGJ_ASP-1A1213_005
ForkPoolWorker-4: Calling delphi to calculate conformer (317/592) GLU01A1214_001 in /tmp/pbe_data.data.home.granepura.5-Kinases.Kinases_MCCE.Trial01.run_holo.2WGJ_GLU01A1214_001
ForkPoolWorker-2: Calling delphi to calculate conformer (318/592) GLU01A1214_002 in /tmp/pbe_data.data.home.granepura.5-Kinases.Kinases_MCCE.Trial01.run_holo.2WGJ_GLU01A1214_002
ForkPoolWorker-1: Calling delphi to calculate conformer (319/592) GLU02A1214_003 in /tmp/pbe_data.data.home.granepura.5-Kinases.Kinases_MCCE.Trial01.run_holo.2WGJ_GLU02A1214_003
ForkPoolWorker-5: Calling delphi to calculate conformer (320/592) GLU02A1214_004 in /tmp/pbe_data.data.home.granepura.5-Kinases.Kinases_MCCE.Trial01.run_holo.2WGJ_GLU02A1214_004
ForkPoolWorker-3: Calling delphi to calculate conformer (321/592) GLU-1A1214_005 in /tmp/pbe_data.data.home.granepura.5-Kinases.Kinases_MCCE.Trial01.run_holo.2WGJ_GLU-1A1214_005
ForkPoolWorker-4: Calling delphi to calculate conformer (322/592) LYS01A1215_001 in /tmp/pbe_data.data.home.granepura.5-Kinases.Kinases_MCCE.Trial01.run_holo.2WGJ_LYS01A1215_001
ForkPoolWorker-2: Calling delphi to calculate conformer (323/592) LYS+1A1215_002 in /tmp/pbe_data.data.home.granepura.5-Kinases.Kinases_MCCE.Trial01.run_holo.2WGJ_LYS+1A1215_002
Skipping PBE solver for non-charge conformer (324/592) PHE01A1216_001...
ForkPoolWorker-1: Calling delphi to calculate conformer (325/592) THR01A1217_001 in /tmp/pbe_data.data.home.granepura.5-Kinases.Kinases_MCCE.Trial01.run_holo.2WGJ_THR01A1217_001
ForkPoolWorker-5: Calling delphi to calculate conformer (326/592) THR01A1217_002 in /tmp/pbe_data.data.home.granepura.5-Kinases.Kinases_MCCE.Trial01.run_holo.2WGJ_THR01A1217_002
Skipping PBE solver for non-charge conformer (327/592) VAL01A1218_001...
ForkPoolWorker-3: Calling delphi to calculate conformer (328/592) LYS01A1219_001 in /tmp/pbe_data.data.home.granepura.5-Kinases.Kinases_MCCE.Trial01.run_holo.2WGJ_LYS01A1219_001
ForkPoolWorker-4: Calling delphi to calculate conformer (329/592) LYS+1A1219_002 in /tmp/pbe_data.data.home.granepura.5-Kinases.Kinases_MCCE.Trial01.run_holo.2WGJ_LYS+1A1219_002
Skipping PBE solver for non-charge conformer (330/592) VAL01A1220_001...
Skipping PBE solver for non-charge conformer (331/592) ALA01A1221_001...
ForkPoolWorker-2: Calling delphi to calculate conformer (332/592) ASP01A1222_001 in /tmp/pbe_data.data.home.granepura.5-Kinases.Kinases_MCCE.Trial01.run_holo.2WGJ_ASP01A1222_001
ForkPoolWorker-1: Calling delphi to calculate conformer (333/592) ASP01A1222_002 in /tmp/pbe_data.data.home.granepura.5-Kinases.Kinases_MCCE.Trial01.run_holo.2WGJ_ASP01A1222_002
ForkPoolWorker-5: Calling delphi to calculate conformer (334/592) ASP02A1222_003 in /tmp/pbe_data.data.home.granepura.5-Kinases.Kinases_MCCE.Trial01.run_holo.2WGJ_ASP02A1222_003
ForkPoolWorker-3: Calling delphi to calculate conformer (335/592) ASP02A1222_004 in /tmp/pbe_data.data.home.granepura.5-Kinases.Kinases_MCCE.Trial01.run_holo.2WGJ_ASP02A1222_004
ForkPoolWorker-4: Calling delphi to calculate conformer (336/592) ASP-1A1222_005 in /tmp/pbe_data.data.home.granepura.5-Kinases.Kinases_MCCE.Trial01.run_holo.2WGJ_ASP-1A1222_005
Skipping PBE solver for non-charge conformer (337/592) PHE01A1223_001...
Skipping PBE solver for non-charge conformer (338/592) LEU01A1225_001...
Skipping PBE solver for non-charge conformer (339/592) ALA01A1226_001...
ForkPoolWorker-2: Calling delphi to calculate conformer (340/592) ARG01A1227_001 in /tmp/pbe_data.data.home.granepura.5-Kinases.Kinases_MCCE.Trial01.run_holo.2WGJ_ARG01A1227_001
ForkPoolWorker-1: Calling delphi to calculate conformer (341/592) ARG02A1227_002 in /tmp/pbe_data.data.home.granepura.5-Kinases.Kinases_MCCE.Trial01.run_holo.2WGJ_ARG02A1227_002
ForkPoolWorker-5: Calling delphi to calculate conformer (342/592) ARG03A1227_003 in /tmp/pbe_data.data.home.granepura.5-Kinases.Kinases_MCCE.Trial01.run_holo.2WGJ_ARG03A1227_003
ForkPoolWorker-3: Calling delphi to calculate conformer (343/592) ARG+1A1227_004 in /tmp/pbe_data.data.home.granepura.5-Kinases.Kinases_MCCE.Trial01.run_holo.2WGJ_ARG+1A1227_004
ForkPoolWorker-4: Calling delphi to calculate conformer (344/592) ASP01A1228_001 in /tmp/pbe_data.data.home.granepura.5-Kinases.Kinases_MCCE.Trial01.run_holo.2WGJ_ASP01A1228_001
ForkPoolWorker-2: Calling delphi to calculate conformer (345/592) ASP01A1228_002 in /tmp/pbe_data.data.home.granepura.5-Kinases.Kinases_MCCE.Trial01.run_holo.2WGJ_ASP01A1228_002
ForkPoolWorker-1: Calling delphi to calculate conformer (346/592) ASP02A1228_003 in /tmp/pbe_data.data.home.granepura.5-Kinases.Kinases_MCCE.Trial01.run_holo.2WGJ_ASP02A1228_003
ForkPoolWorker-5: Calling delphi to calculate conformer (347/592) ASP02A1228_004 in /tmp/pbe_data.data.home.granepura.5-Kinases.Kinases_MCCE.Trial01.run_holo.2WGJ_ASP02A1228_004
ForkPoolWorker-3: Calling delphi to calculate conformer (348/592) ASP-1A1228_005 in /tmp/pbe_data.data.home.granepura.5-Kinases.Kinases_MCCE.Trial01.run_holo.2WGJ_ASP-1A1228_005
ForkPoolWorker-4: Calling delphi to calculate conformer (349/592) MET01A1229_001 in /tmp/pbe_data.data.home.granepura.5-Kinases.Kinases_MCCE.Trial01.run_holo.2WGJ_MET01A1229_001
ForkPoolWorker-2: Calling delphi to calculate conformer (350/592) TYR01A1230_001 in /tmp/pbe_data.data.home.granepura.5-Kinases.Kinases_MCCE.Trial01.run_holo.2WGJ_TYR01A1230_001
ForkPoolWorker-1: Calling delphi to calculate conformer (351/592) TYR01A1230_002 in /tmp/pbe_data.data.home.granepura.5-Kinases.Kinases_MCCE.Trial01.run_holo.2WGJ_TYR01A1230_002
ForkPoolWorker-3: Calling delphi to calculate conformer (352/592) TYR-1A1230_003 in /tmp/pbe_data.data.home.granepura.5-Kinases.Kinases_MCCE.Trial01.run_holo.2WGJ_TYR-1A1230_003
ForkPoolWorker-5: Calling delphi to calculate conformer (353/592) ASP01A1231_001 in /tmp/pbe_data.data.home.granepura.5-Kinases.Kinases_MCCE.Trial01.run_holo.2WGJ_ASP01A1231_001
ForkPoolWorker-4: Calling delphi to calculate conformer (354/592) ASP01A1231_002 in /tmp/pbe_data.data.home.granepura.5-Kinases.Kinases_MCCE.Trial01.run_holo.2WGJ_ASP01A1231_002
ForkPoolWorker-2: Calling delphi to calculate conformer (355/592) ASP02A1231_003 in /tmp/pbe_data.data.home.granepura.5-Kinases.Kinases_MCCE.Trial01.run_holo.2WGJ_ASP02A1231_003
ForkPoolWorker-1: Calling delphi to calculate conformer (356/592) ASP02A1231_004 in /tmp/pbe_data.data.home.granepura.5-Kinases.Kinases_MCCE.Trial01.run_holo.2WGJ_ASP02A1231_004
ForkPoolWorker-3: Calling delphi to calculate conformer (357/592) ASP-1A1231_005 in /tmp/pbe_data.data.home.granepura.5-Kinases.Kinases_MCCE.Trial01.run_holo.2WGJ_ASP-1A1231_005
ForkPoolWorker-5: Calling delphi to calculate conformer (358/592) LYS01A1232_001 in /tmp/pbe_data.data.home.granepura.5-Kinases.Kinases_MCCE.Trial01.run_holo.2WGJ_LYS01A1232_001
ForkPoolWorker-4: Calling delphi to calculate conformer (359/592) LYS+1A1232_002 in /tmp/pbe_data.data.home.granepura.5-Kinases.Kinases_MCCE.Trial01.run_holo.2WGJ_LYS+1A1232_002
ForkPoolWorker-2: Calling delphi to calculate conformer (360/592) GLU01A1233_001 in /tmp/pbe_data.data.home.granepura.5-Kinases.Kinases_MCCE.Trial01.run_holo.2WGJ_GLU01A1233_001
ForkPoolWorker-1: Calling delphi to calculate conformer (361/592) GLU01A1233_002 in /tmp/pbe_data.data.home.granepura.5-Kinases.Kinases_MCCE.Trial01.run_holo.2WGJ_GLU01A1233_002
ForkPoolWorker-3: Calling delphi to calculate conformer (362/592) GLU02A1233_003 in /tmp/pbe_data.data.home.granepura.5-Kinases.Kinases_MCCE.Trial01.run_holo.2WGJ_GLU02A1233_003
ForkPoolWorker-5: Calling delphi to calculate conformer (363/592) GLU02A1233_004 in /tmp/pbe_data.data.home.granepura.5-Kinases.Kinases_MCCE.Trial01.run_holo.2WGJ_GLU02A1233_004
ForkPoolWorker-4: Calling delphi to calculate conformer (364/592) GLU-1A1233_005 in /tmp/pbe_data.data.home.granepura.5-Kinases.Kinases_MCCE.Trial01.run_holo.2WGJ_GLU-1A1233_005
ForkPoolWorker-2: Calling delphi to calculate conformer (366/592) TYR01A1234_002 in /tmp/pbe_data.data.home.granepura.5-Kinases.Kinases_MCCE.Trial01.run_holo.2WGJ_TYR01A1234_002
ForkPoolWorker-1: Calling delphi to calculate conformer (365/592) TYR01A1234_001 in /tmp/pbe_data.data.home.granepura.5-Kinases.Kinases_MCCE.Trial01.run_holo.2WGJ_TYR01A1234_001
ForkPoolWorker-3: Calling delphi to calculate conformer (367/592) TYR-1A1234_003 in /tmp/pbe_data.data.home.granepura.5-Kinases.Kinases_MCCE.Trial01.run_holo.2WGJ_TYR-1A1234_003
ForkPoolWorker-5: Calling delphi to calculate conformer (368/592) TYR01A1235_001 in /tmp/pbe_data.data.home.granepura.5-Kinases.Kinases_MCCE.Trial01.run_holo.2WGJ_TYR01A1235_001
ForkPoolWorker-4: Calling delphi to calculate conformer (369/592) TYR01A1235_002 in /tmp/pbe_data.data.home.granepura.5-Kinases.Kinases_MCCE.Trial01.run_holo.2WGJ_TYR01A1235_002
ForkPoolWorker-2: Calling delphi to calculate conformer (370/592) TYR-1A1235_003 in /tmp/pbe_data.data.home.granepura.5-Kinases.Kinases_MCCE.Trial01.run_holo.2WGJ_TYR-1A1235_003
ForkPoolWorker-1: Calling delphi to calculate conformer (371/592) SER01A1236_001 in /tmp/pbe_data.data.home.granepura.5-Kinases.Kinases_MCCE.Trial01.run_holo.2WGJ_SER01A1236_001
ForkPoolWorker-3: Calling delphi to calculate conformer (372/592) SER01A1236_002 in /tmp/pbe_data.data.home.granepura.5-Kinases.Kinases_MCCE.Trial01.run_holo.2WGJ_SER01A1236_002
Skipping PBE solver for non-charge conformer (373/592) VAL01A1237_001...
ForkPoolWorker-5: Calling delphi to calculate conformer (374/592) HIS01A1238_001 in /tmp/pbe_data.data.home.granepura.5-Kinases.Kinases_MCCE.Trial01.run_holo.2WGJ_HIS01A1238_001
ForkPoolWorker-4: Calling delphi to calculate conformer (375/592) HIS02A1238_002 in /tmp/pbe_data.data.home.granepura.5-Kinases.Kinases_MCCE.Trial01.run_holo.2WGJ_HIS02A1238_002
ForkPoolWorker-1: Calling delphi to calculate conformer (376/592) HIS+1A1238_003 in /tmp/pbe_data.data.home.granepura.5-Kinases.Kinases_MCCE.Trial01.run_holo.2WGJ_HIS+1A1238_003
ForkPoolWorker-2: Calling delphi to calculate conformer (377/592) ASN01A1239_001 in /tmp/pbe_data.data.home.granepura.5-Kinases.Kinases_MCCE.Trial01.run_holo.2WGJ_ASN01A1239_001
ForkPoolWorker-3: Calling delphi to calculate conformer (378/592) ASN01A1239_002 in /tmp/pbe_data.data.home.granepura.5-Kinases.Kinases_MCCE.Trial01.run_holo.2WGJ_ASN01A1239_002
ForkPoolWorker-5: Calling delphi to calculate conformer (379/592) LYS01A1240_001 in /tmp/pbe_data.data.home.granepura.5-Kinases.Kinases_MCCE.Trial01.run_holo.2WGJ_LYS01A1240_001
ForkPoolWorker-4: Calling delphi to calculate conformer (380/592) LYS+1A1240_002 in /tmp/pbe_data.data.home.granepura.5-Kinases.Kinases_MCCE.Trial01.run_holo.2WGJ_LYS+1A1240_002
ForkPoolWorker-1: Calling delphi to calculate conformer (381/592) THR01A1241_001 in /tmp/pbe_data.data.home.granepura.5-Kinases.Kinases_MCCE.Trial01.run_holo.2WGJ_THR01A1241_001
ForkPoolWorker-2: Calling delphi to calculate conformer (382/592) THR01A1241_002 in /tmp/pbe_data.data.home.granepura.5-Kinases.Kinases_MCCE.Trial01.run_holo.2WGJ_THR01A1241_002
ForkPoolWorker-3: Calling delphi to calculate conformer (383/592) THR01A1241_003 in /tmp/pbe_data.data.home.granepura.5-Kinases.Kinases_MCCE.Trial01.run_holo.2WGJ_THR01A1241_003
Skipping PBE solver for non-charge conformer (384/592) ALA01A1243_001...
ForkPoolWorker-5: Calling delphi to calculate conformer (385/592) LYS01A1244_001 in /tmp/pbe_data.data.home.granepura.5-Kinases.Kinases_MCCE.Trial01.run_holo.2WGJ_LYS01A1244_001
ForkPoolWorker-4: Calling delphi to calculate conformer (386/592) LYS+1A1244_002 in /tmp/pbe_data.data.home.granepura.5-Kinases.Kinases_MCCE.Trial01.run_holo.2WGJ_LYS+1A1244_002
Skipping PBE solver for non-charge conformer (387/592) LEU01A1245_001...
Skipping PBE solver for non-charge conformer (388/592) PRO01A1246_001...
Skipping PBE solver for non-charge conformer (389/592) VAL01A1247_001...
ForkPoolWorker-2: Calling delphi to calculate conformer (390/592) LYS01A1248_001 in /tmp/pbe_data.data.home.granepura.5-Kinases.Kinases_MCCE.Trial01.run_holo.2WGJ_LYS01A1248_001
ForkPoolWorker-1: Calling delphi to calculate conformer (391/592) LYS+1A1248_002 in /tmp/pbe_data.data.home.granepura.5-Kinases.Kinases_MCCE.Trial01.run_holo.2WGJ_LYS+1A1248_002
Skipping PBE solver for non-charge conformer (392/592) TRP01A1249_001...
ForkPoolWorker-3: Calling delphi to calculate conformer (393/592) MET01A1250_001 in /tmp/pbe_data.data.home.granepura.5-Kinases.Kinases_MCCE.Trial01.run_holo.2WGJ_MET01A1250_001
Skipping PBE solver for non-charge conformer (394/592) ALA01A1251_001...
Skipping PBE solver for non-charge conformer (395/592) LEU01A1252_001...
ForkPoolWorker-5: Calling delphi to calculate conformer (396/592) GLU01A1253_001 in /tmp/pbe_data.data.home.granepura.5-Kinases.Kinases_MCCE.Trial01.run_holo.2WGJ_GLU01A1253_001
ForkPoolWorker-4: Calling delphi to calculate conformer (397/592) GLU01A1253_002 in /tmp/pbe_data.data.home.granepura.5-Kinases.Kinases_MCCE.Trial01.run_holo.2WGJ_GLU01A1253_002
ForkPoolWorker-2: Calling delphi to calculate conformer (398/592) GLU02A1253_003 in /tmp/pbe_data.data.home.granepura.5-Kinases.Kinases_MCCE.Trial01.run_holo.2WGJ_GLU02A1253_003
ForkPoolWorker-1: Calling delphi to calculate conformer (399/592) GLU02A1253_004 in /tmp/pbe_data.data.home.granepura.5-Kinases.Kinases_MCCE.Trial01.run_holo.2WGJ_GLU02A1253_004
ForkPoolWorker-3: Calling delphi to calculate conformer (400/592) GLU-1A1253_005 in /tmp/pbe_data.data.home.granepura.5-Kinases.Kinases_MCCE.Trial01.run_holo.2WGJ_GLU-1A1253_005
ForkPoolWorker-5: Calling delphi to calculate conformer (401/592) SER01A1254_001 in /tmp/pbe_data.data.home.granepura.5-Kinases.Kinases_MCCE.Trial01.run_holo.2WGJ_SER01A1254_001
ForkPoolWorker-4: Calling delphi to calculate conformer (402/592) SER01A1254_002 in /tmp/pbe_data.data.home.granepura.5-Kinases.Kinases_MCCE.Trial01.run_holo.2WGJ_SER01A1254_002
ForkPoolWorker-2: Calling delphi to calculate conformer (403/592) SER01A1254_003 in /tmp/pbe_data.data.home.granepura.5-Kinases.Kinases_MCCE.Trial01.run_holo.2WGJ_SER01A1254_003
Skipping PBE solver for non-charge conformer (404/592) LEU01A1255_001...
ForkPoolWorker-1: Calling delphi to calculate conformer (405/592) GLN01A1256_001 in /tmp/pbe_data.data.home.granepura.5-Kinases.Kinases_MCCE.Trial01.run_holo.2WGJ_GLN01A1256_001
ForkPoolWorker-3: Calling delphi to calculate conformer (406/592) GLN01A1256_002 in /tmp/pbe_data.data.home.granepura.5-Kinases.Kinases_MCCE.Trial01.run_holo.2WGJ_GLN01A1256_002
ForkPoolWorker-5: Calling delphi to calculate conformer (407/592) THR01A1257_001 in /tmp/pbe_data.data.home.granepura.5-Kinases.Kinases_MCCE.Trial01.run_holo.2WGJ_THR01A1257_001
ForkPoolWorker-4: Calling delphi to calculate conformer (408/592) THR01A1257_002 in /tmp/pbe_data.data.home.granepura.5-Kinases.Kinases_MCCE.Trial01.run_holo.2WGJ_THR01A1257_002
ForkPoolWorker-2: Calling delphi to calculate conformer (409/592) GLN01A1258_001 in /tmp/pbe_data.data.home.granepura.5-Kinases.Kinases_MCCE.Trial01.run_holo.2WGJ_GLN01A1258_001
ForkPoolWorker-1: Calling delphi to calculate conformer (410/592) GLN01A1258_002 in /tmp/pbe_data.data.home.granepura.5-Kinases.Kinases_MCCE.Trial01.run_holo.2WGJ_GLN01A1258_002
ForkPoolWorker-3: Calling delphi to calculate conformer (411/592) LYS01A1259_001 in /tmp/pbe_data.data.home.granepura.5-Kinases.Kinases_MCCE.Trial01.run_holo.2WGJ_LYS01A1259_001
ForkPoolWorker-5: Calling delphi to calculate conformer (412/592) LYS+1A1259_002 in /tmp/pbe_data.data.home.granepura.5-Kinases.Kinases_MCCE.Trial01.run_holo.2WGJ_LYS+1A1259_002
Skipping PBE solver for non-charge conformer (413/592) PHE01A1260_001...
ForkPoolWorker-4: Calling delphi to calculate conformer (414/592) THR01A1261_001 in /tmp/pbe_data.data.home.granepura.5-Kinases.Kinases_MCCE.Trial01.run_holo.2WGJ_THR01A1261_001
ForkPoolWorker-2: Calling delphi to calculate conformer (415/592) THR01A1262_001 in /tmp/pbe_data.data.home.granepura.5-Kinases.Kinases_MCCE.Trial01.run_holo.2WGJ_THR01A1262_001
ForkPoolWorker-1: Calling delphi to calculate conformer (416/592) LYS01A1263_001 in /tmp/pbe_data.data.home.granepura.5-Kinases.Kinases_MCCE.Trial01.run_holo.2WGJ_LYS01A1263_001
ForkPoolWorker-3: Calling delphi to calculate conformer (417/592) LYS+1A1263_002 in /tmp/pbe_data.data.home.granepura.5-Kinases.Kinases_MCCE.Trial01.run_holo.2WGJ_LYS+1A1263_002
ForkPoolWorker-5: Calling delphi to calculate conformer (418/592) SER01A1264_001 in /tmp/pbe_data.data.home.granepura.5-Kinases.Kinases_MCCE.Trial01.run_holo.2WGJ_SER01A1264_001
ForkPoolWorker-4: Calling delphi to calculate conformer (419/592) SER01A1264_002 in /tmp/pbe_data.data.home.granepura.5-Kinases.Kinases_MCCE.Trial01.run_holo.2WGJ_SER01A1264_002
ForkPoolWorker-2: Calling delphi to calculate conformer (420/592) ASP01A1265_001 in /tmp/pbe_data.data.home.granepura.5-Kinases.Kinases_MCCE.Trial01.run_holo.2WGJ_ASP01A1265_001
ForkPoolWorker-1: Calling delphi to calculate conformer (421/592) ASP01A1265_002 in /tmp/pbe_data.data.home.granepura.5-Kinases.Kinases_MCCE.Trial01.run_holo.2WGJ_ASP01A1265_002
ForkPoolWorker-3: Calling delphi to calculate conformer (422/592) ASP02A1265_003 in /tmp/pbe_data.data.home.granepura.5-Kinases.Kinases_MCCE.Trial01.run_holo.2WGJ_ASP02A1265_003
ForkPoolWorker-5: Calling delphi to calculate conformer (423/592) ASP02A1265_004 in /tmp/pbe_data.data.home.granepura.5-Kinases.Kinases_MCCE.Trial01.run_holo.2WGJ_ASP02A1265_004
ForkPoolWorker-4: Calling delphi to calculate conformer (424/592) ASP-1A1265_005 in /tmp/pbe_data.data.home.granepura.5-Kinases.Kinases_MCCE.Trial01.run_holo.2WGJ_ASP-1A1265_005
Skipping PBE solver for non-charge conformer (425/592) VAL01A1266_001...
Skipping PBE solver for non-charge conformer (426/592) TRP01A1267_001...
ForkPoolWorker-2: Calling delphi to calculate conformer (427/592) SER01A1268_001 in /tmp/pbe_data.data.home.granepura.5-Kinases.Kinases_MCCE.Trial01.run_holo.2WGJ_SER01A1268_001
Skipping PBE solver for non-charge conformer (428/592) PHE01A1269_001...
Skipping PBE solver for non-charge conformer (429/592) VAL01A1271_001...
Skipping PBE solver for non-charge conformer (430/592) LEU01A1272_001...
Skipping PBE solver for non-charge conformer (431/592) LEU01A1273_001...
Skipping PBE solver for non-charge conformer (432/592) TRP01A1274_001...
ForkPoolWorker-1: Calling delphi to calculate conformer (433/592) GLU01A1275_001 in /tmp/pbe_data.data.home.granepura.5-Kinases.Kinases_MCCE.Trial01.run_holo.2WGJ_GLU01A1275_001
ForkPoolWorker-3: Calling delphi to calculate conformer (434/592) GLU01A1275_002 in /tmp/pbe_data.data.home.granepura.5-Kinases.Kinases_MCCE.Trial01.run_holo.2WGJ_GLU01A1275_002
ForkPoolWorker-5: Calling delphi to calculate conformer (435/592) GLU02A1275_003 in /tmp/pbe_data.data.home.granepura.5-Kinases.Kinases_MCCE.Trial01.run_holo.2WGJ_GLU02A1275_003
ForkPoolWorker-4: Calling delphi to calculate conformer (436/592) GLU02A1275_004 in /tmp/pbe_data.data.home.granepura.5-Kinases.Kinases_MCCE.Trial01.run_holo.2WGJ_GLU02A1275_004
ForkPoolWorker-2: Calling delphi to calculate conformer (437/592) GLU-1A1275_005 in /tmp/pbe_data.data.home.granepura.5-Kinases.Kinases_MCCE.Trial01.run_holo.2WGJ_GLU-1A1275_005
Skipping PBE solver for non-charge conformer (438/592) LEU01A1276_001...
ForkPoolWorker-1: Calling delphi to calculate conformer (439/592) MET01A1277_001 in /tmp/pbe_data.data.home.granepura.5-Kinases.Kinases_MCCE.Trial01.run_holo.2WGJ_MET01A1277_001
ForkPoolWorker-3: Calling delphi to calculate conformer (440/592) THR01A1278_001 in /tmp/pbe_data.data.home.granepura.5-Kinases.Kinases_MCCE.Trial01.run_holo.2WGJ_THR01A1278_001
ForkPoolWorker-5: Calling delphi to calculate conformer (441/592) THR01A1278_002 in /tmp/pbe_data.data.home.granepura.5-Kinases.Kinases_MCCE.Trial01.run_holo.2WGJ_THR01A1278_002
ForkPoolWorker-4: Calling delphi to calculate conformer (442/592) ARG01A1279_001 in /tmp/pbe_data.data.home.granepura.5-Kinases.Kinases_MCCE.Trial01.run_holo.2WGJ_ARG01A1279_001
ForkPoolWorker-1: Calling delphi to calculate conformer (443/592) ARG02A1279_002 in /tmp/pbe_data.data.home.granepura.5-Kinases.Kinases_MCCE.Trial01.run_holo.2WGJ_ARG02A1279_002
ForkPoolWorker-2: Calling delphi to calculate conformer (444/592) ARG03A1279_003 in /tmp/pbe_data.data.home.granepura.5-Kinases.Kinases_MCCE.Trial01.run_holo.2WGJ_ARG03A1279_003
ForkPoolWorker-3: Calling delphi to calculate conformer (445/592) ARG+1A1279_004 in /tmp/pbe_data.data.home.granepura.5-Kinases.Kinases_MCCE.Trial01.run_holo.2WGJ_ARG+1A1279_004
Skipping PBE solver for non-charge conformer (446/592) ALA01A1281_001...
Skipping PBE solver for non-charge conformer (447/592) PRO01A1282_001...
Skipping PBE solver for non-charge conformer (448/592) PRO01A1283_001...
ForkPoolWorker-5: Calling delphi to calculate conformer (449/592) TYR01A1284_001 in /tmp/pbe_data.data.home.granepura.5-Kinases.Kinases_MCCE.Trial01.run_holo.2WGJ_TYR01A1284_001
ForkPoolWorker-4: Calling delphi to calculate conformer (450/592) TYR-1A1284_002 in /tmp/pbe_data.data.home.granepura.5-Kinases.Kinases_MCCE.Trial01.run_holo.2WGJ_TYR-1A1284_002
Skipping PBE solver for non-charge conformer (451/592) PRO01A1285_001...
ForkPoolWorker-1: Calling delphi to calculate conformer (452/592) ASP01A1286_001 in /tmp/pbe_data.data.home.granepura.5-Kinases.Kinases_MCCE.Trial01.run_holo.2WGJ_ASP01A1286_001
ForkPoolWorker-2: Calling delphi to calculate conformer (453/592) ASP01A1286_002 in /tmp/pbe_data.data.home.granepura.5-Kinases.Kinases_MCCE.Trial01.run_holo.2WGJ_ASP01A1286_002
ForkPoolWorker-3: Calling delphi to calculate conformer (454/592) ASP02A1286_003 in /tmp/pbe_data.data.home.granepura.5-Kinases.Kinases_MCCE.Trial01.run_holo.2WGJ_ASP02A1286_003
ForkPoolWorker-5: Calling delphi to calculate conformer (455/592) ASP02A1286_004 in /tmp/pbe_data.data.home.granepura.5-Kinases.Kinases_MCCE.Trial01.run_holo.2WGJ_ASP02A1286_004
ForkPoolWorker-4: Calling delphi to calculate conformer (456/592) ASP-1A1286_005 in /tmp/pbe_data.data.home.granepura.5-Kinases.Kinases_MCCE.Trial01.run_holo.2WGJ_ASP-1A1286_005
Skipping PBE solver for non-charge conformer (457/592) VAL01A1287_001...
ForkPoolWorker-1: Calling delphi to calculate conformer (458/592) ASN01A1288_001 in /tmp/pbe_data.data.home.granepura.5-Kinases.Kinases_MCCE.Trial01.run_holo.2WGJ_ASN01A1288_001
ForkPoolWorker-2: Calling delphi to calculate conformer (459/592) THR01A1289_001 in /tmp/pbe_data.data.home.granepura.5-Kinases.Kinases_MCCE.Trial01.run_holo.2WGJ_THR01A1289_001
ForkPoolWorker-3: Calling delphi to calculate conformer (460/592) THR01A1289_002 in /tmp/pbe_data.data.home.granepura.5-Kinases.Kinases_MCCE.Trial01.run_holo.2WGJ_THR01A1289_002
ForkPoolWorker-5: Calling delphi to calculate conformer (461/592) THR01A1289_003 in /tmp/pbe_data.data.home.granepura.5-Kinases.Kinases_MCCE.Trial01.run_holo.2WGJ_THR01A1289_003
Skipping PBE solver for non-charge conformer (462/592) PHE01A1290_001...
ForkPoolWorker-4: Calling delphi to calculate conformer (463/592) ASP01A1291_001 in /tmp/pbe_data.data.home.granepura.5-Kinases.Kinases_MCCE.Trial01.run_holo.2WGJ_ASP01A1291_001
ForkPoolWorker-1: Calling delphi to calculate conformer (464/592) ASP01A1291_002 in /tmp/pbe_data.data.home.granepura.5-Kinases.Kinases_MCCE.Trial01.run_holo.2WGJ_ASP01A1291_002
ForkPoolWorker-2: Calling delphi to calculate conformer (465/592) ASP02A1291_003 in /tmp/pbe_data.data.home.granepura.5-Kinases.Kinases_MCCE.Trial01.run_holo.2WGJ_ASP02A1291_003
ForkPoolWorker-3: Calling delphi to calculate conformer (466/592) ASP02A1291_004 in /tmp/pbe_data.data.home.granepura.5-Kinases.Kinases_MCCE.Trial01.run_holo.2WGJ_ASP02A1291_004
ForkPoolWorker-5: Calling delphi to calculate conformer (467/592) ASP-1A1291_005 in /tmp/pbe_data.data.home.granepura.5-Kinases.Kinases_MCCE.Trial01.run_holo.2WGJ_ASP-1A1291_005
Skipping PBE solver for non-charge conformer (468/592) ILE01A1292_001...
ForkPoolWorker-4: Calling delphi to calculate conformer (469/592) THR01A1293_001 in /tmp/pbe_data.data.home.granepura.5-Kinases.Kinases_MCCE.Trial01.run_holo.2WGJ_THR01A1293_001
ForkPoolWorker-1: Calling delphi to calculate conformer (470/592) THR01A1293_002 in /tmp/pbe_data.data.home.granepura.5-Kinases.Kinases_MCCE.Trial01.run_holo.2WGJ_THR01A1293_002
Skipping PBE solver for non-charge conformer (471/592) VAL01A1294_001...
ForkPoolWorker-2: Calling delphi to calculate conformer (472/592) TYR01A1295_001 in /tmp/pbe_data.data.home.granepura.5-Kinases.Kinases_MCCE.Trial01.run_holo.2WGJ_TYR01A1295_001
ForkPoolWorker-3: Calling delphi to calculate conformer (473/592) TYR01A1295_002 in /tmp/pbe_data.data.home.granepura.5-Kinases.Kinases_MCCE.Trial01.run_holo.2WGJ_TYR01A1295_002
ForkPoolWorker-5: Calling delphi to calculate conformer (474/592) TYR-1A1295_003 in /tmp/pbe_data.data.home.granepura.5-Kinases.Kinases_MCCE.Trial01.run_holo.2WGJ_TYR-1A1295_003
Skipping PBE solver for non-charge conformer (475/592) LEU01A1296_001...
Skipping PBE solver for non-charge conformer (476/592) LEU01A1297_001...
ForkPoolWorker-4: Calling delphi to calculate conformer (477/592) GLN01A1298_001 in /tmp/pbe_data.data.home.granepura.5-Kinases.Kinases_MCCE.Trial01.run_holo.2WGJ_GLN01A1298_001
ForkPoolWorker-1: Calling delphi to calculate conformer (478/592) GLN01A1298_002 in /tmp/pbe_data.data.home.granepura.5-Kinases.Kinases_MCCE.Trial01.run_holo.2WGJ_GLN01A1298_002
ForkPoolWorker-2: Calling delphi to calculate conformer (479/592) ARG01A1300_001 in /tmp/pbe_data.data.home.granepura.5-Kinases.Kinases_MCCE.Trial01.run_holo.2WGJ_ARG01A1300_001
ForkPoolWorker-3: Calling delphi to calculate conformer (480/592) ARG02A1300_002 in /tmp/pbe_data.data.home.granepura.5-Kinases.Kinases_MCCE.Trial01.run_holo.2WGJ_ARG02A1300_002
ForkPoolWorker-5: Calling delphi to calculate conformer (481/592) ARG03A1300_003 in /tmp/pbe_data.data.home.granepura.5-Kinases.Kinases_MCCE.Trial01.run_holo.2WGJ_ARG03A1300_003
ForkPoolWorker-4: Calling delphi to calculate conformer (482/592) ARG03A1300_004 in /tmp/pbe_data.data.home.granepura.5-Kinases.Kinases_MCCE.Trial01.run_holo.2WGJ_ARG03A1300_004
ForkPoolWorker-1: Calling delphi to calculate conformer (483/592) ARG+1A1300_005 in /tmp/pbe_data.data.home.granepura.5-Kinases.Kinases_MCCE.Trial01.run_holo.2WGJ_ARG+1A1300_005
ForkPoolWorker-2: Calling delphi to calculate conformer (484/592) ARG01A1301_001 in /tmp/pbe_data.data.home.granepura.5-Kinases.Kinases_MCCE.Trial01.run_holo.2WGJ_ARG01A1301_001
ForkPoolWorker-3: Calling delphi to calculate conformer (485/592) ARG02A1301_002 in /tmp/pbe_data.data.home.granepura.5-Kinases.Kinases_MCCE.Trial01.run_holo.2WGJ_ARG02A1301_002
ForkPoolWorker-5: Calling delphi to calculate conformer (486/592) ARG02A1301_003 in /tmp/pbe_data.data.home.granepura.5-Kinases.Kinases_MCCE.Trial01.run_holo.2WGJ_ARG02A1301_003
ForkPoolWorker-4: Calling delphi to calculate conformer (487/592) ARG03A1301_004 in /tmp/pbe_data.data.home.granepura.5-Kinases.Kinases_MCCE.Trial01.run_holo.2WGJ_ARG03A1301_004
ForkPoolWorker-1: Calling delphi to calculate conformer (488/592) ARG+1A1301_005 in /tmp/pbe_data.data.home.granepura.5-Kinases.Kinases_MCCE.Trial01.run_holo.2WGJ_ARG+1A1301_005
Skipping PBE solver for non-charge conformer (489/592) LEU01A1302_001...
Skipping PBE solver for non-charge conformer (490/592) LEU01A1303_001...
ForkPoolWorker-2: Calling delphi to calculate conformer (491/592) GLN01A1304_001 in /tmp/pbe_data.data.home.granepura.5-Kinases.Kinases_MCCE.Trial01.run_holo.2WGJ_GLN01A1304_001
ForkPoolWorker-3: Calling delphi to calculate conformer (492/592) GLN01A1304_002 in /tmp/pbe_data.data.home.granepura.5-Kinases.Kinases_MCCE.Trial01.run_holo.2WGJ_GLN01A1304_002
Skipping PBE solver for non-charge conformer (493/592) PRO01A1305_001...
ForkPoolWorker-5: Calling delphi to calculate conformer (494/592) GLU01A1306_001 in /tmp/pbe_data.data.home.granepura.5-Kinases.Kinases_MCCE.Trial01.run_holo.2WGJ_GLU01A1306_001
ForkPoolWorker-4: Calling delphi to calculate conformer (495/592) GLU01A1306_002 in /tmp/pbe_data.data.home.granepura.5-Kinases.Kinases_MCCE.Trial01.run_holo.2WGJ_GLU01A1306_002
ForkPoolWorker-1: Calling delphi to calculate conformer (496/592) GLU02A1306_003 in /tmp/pbe_data.data.home.granepura.5-Kinases.Kinases_MCCE.Trial01.run_holo.2WGJ_GLU02A1306_003
ForkPoolWorker-2: Calling delphi to calculate conformer (497/592) GLU02A1306_004 in /tmp/pbe_data.data.home.granepura.5-Kinases.Kinases_MCCE.Trial01.run_holo.2WGJ_GLU02A1306_004
ForkPoolWorker-3: Calling delphi to calculate conformer (498/592) GLU-1A1306_005 in /tmp/pbe_data.data.home.granepura.5-Kinases.Kinases_MCCE.Trial01.run_holo.2WGJ_GLU-1A1306_005
ForkPoolWorker-5: Calling delphi to calculate conformer (499/592) TYR01A1307_001 in /tmp/pbe_data.data.home.granepura.5-Kinases.Kinases_MCCE.Trial01.run_holo.2WGJ_TYR01A1307_001
ForkPoolWorker-4: Calling delphi to calculate conformer (500/592) TYR-1A1307_002 in /tmp/pbe_data.data.home.granepura.5-Kinases.Kinases_MCCE.Trial01.run_holo.2WGJ_TYR-1A1307_002
ForkPoolWorker-1: Calling delphi to calculate conformer (501/592) CYS01A1308_001 in /tmp/pbe_data.data.home.granepura.5-Kinases.Kinases_MCCE.Trial01.run_holo.2WGJ_CYS01A1308_001
ForkPoolWorker-2: Calling delphi to calculate conformer (502/592) CYS01A1308_002 in /tmp/pbe_data.data.home.granepura.5-Kinases.Kinases_MCCE.Trial01.run_holo.2WGJ_CYS01A1308_002
ForkPoolWorker-3: Calling delphi to calculate conformer (503/592) CYS01A1308_003 in /tmp/pbe_data.data.home.granepura.5-Kinases.Kinases_MCCE.Trial01.run_holo.2WGJ_CYS01A1308_003
ForkPoolWorker-5: Calling delphi to calculate conformer (504/592) CYS-1A1308_004 in /tmp/pbe_data.data.home.granepura.5-Kinases.Kinases_MCCE.Trial01.run_holo.2WGJ_CYS-1A1308_004
Skipping PBE solver for non-charge conformer (505/592) PRO01A1309_001...
ForkPoolWorker-4: Calling delphi to calculate conformer (506/592) ASP01A1310_001 in /tmp/pbe_data.data.home.granepura.5-Kinases.Kinases_MCCE.Trial01.run_holo.2WGJ_ASP01A1310_001
ForkPoolWorker-1: Calling delphi to calculate conformer (507/592) ASP01A1310_002 in /tmp/pbe_data.data.home.granepura.5-Kinases.Kinases_MCCE.Trial01.run_holo.2WGJ_ASP01A1310_002
ForkPoolWorker-2: Calling delphi to calculate conformer (508/592) ASP01A1310_003 in /tmp/pbe_data.data.home.granepura.5-Kinases.Kinases_MCCE.Trial01.run_holo.2WGJ_ASP01A1310_003
ForkPoolWorker-3: Calling delphi to calculate conformer (509/592) ASP01A1310_004 in /tmp/pbe_data.data.home.granepura.5-Kinases.Kinases_MCCE.Trial01.run_holo.2WGJ_ASP01A1310_004
ForkPoolWorker-5: Calling delphi to calculate conformer (510/592) ASP02A1310_005 in /tmp/pbe_data.data.home.granepura.5-Kinases.Kinases_MCCE.Trial01.run_holo.2WGJ_ASP02A1310_005
ForkPoolWorker-4: Calling delphi to calculate conformer (511/592) ASP02A1310_006 in /tmp/pbe_data.data.home.granepura.5-Kinases.Kinases_MCCE.Trial01.run_holo.2WGJ_ASP02A1310_006
ForkPoolWorker-1: Calling delphi to calculate conformer (512/592) ASP02A1310_007 in /tmp/pbe_data.data.home.granepura.5-Kinases.Kinases_MCCE.Trial01.run_holo.2WGJ_ASP02A1310_007
ForkPoolWorker-2: Calling delphi to calculate conformer (513/592) ASP02A1310_008 in /tmp/pbe_data.data.home.granepura.5-Kinases.Kinases_MCCE.Trial01.run_holo.2WGJ_ASP02A1310_008
ForkPoolWorker-3: Calling delphi to calculate conformer (514/592) ASP-1A1310_009 in /tmp/pbe_data.data.home.granepura.5-Kinases.Kinases_MCCE.Trial01.run_holo.2WGJ_ASP-1A1310_009
ForkPoolWorker-5: Calling delphi to calculate conformer (515/592) ASP-1A1310_010 in /tmp/pbe_data.data.home.granepura.5-Kinases.Kinases_MCCE.Trial01.run_holo.2WGJ_ASP-1A1310_010
Skipping PBE solver for non-charge conformer (516/592) PRO01A1311_001...
Skipping PBE solver for non-charge conformer (517/592) LEU01A1312_001...
ForkPoolWorker-4: Calling delphi to calculate conformer (518/592) TYR01A1313_001 in /tmp/pbe_data.data.home.granepura.5-Kinases.Kinases_MCCE.Trial01.run_holo.2WGJ_TYR01A1313_001
ForkPoolWorker-1: Calling delphi to calculate conformer (519/592) TYR01A1313_002 in /tmp/pbe_data.data.home.granepura.5-Kinases.Kinases_MCCE.Trial01.run_holo.2WGJ_TYR01A1313_002
ForkPoolWorker-2: Calling delphi to calculate conformer (520/592) TYR-1A1313_003 in /tmp/pbe_data.data.home.granepura.5-Kinases.Kinases_MCCE.Trial01.run_holo.2WGJ_TYR-1A1313_003
ForkPoolWorker-3: Calling delphi to calculate conformer (521/592) GLU01A1314_001 in /tmp/pbe_data.data.home.granepura.5-Kinases.Kinases_MCCE.Trial01.run_holo.2WGJ_GLU01A1314_001
ForkPoolWorker-5: Calling delphi to calculate conformer (522/592) GLU01A1314_002 in /tmp/pbe_data.data.home.granepura.5-Kinases.Kinases_MCCE.Trial01.run_holo.2WGJ_GLU01A1314_002
ForkPoolWorker-4: Calling delphi to calculate conformer (523/592) GLU02A1314_003 in /tmp/pbe_data.data.home.granepura.5-Kinases.Kinases_MCCE.Trial01.run_holo.2WGJ_GLU02A1314_003
ForkPoolWorker-1: Calling delphi to calculate conformer (524/592) GLU02A1314_004 in /tmp/pbe_data.data.home.granepura.5-Kinases.Kinases_MCCE.Trial01.run_holo.2WGJ_GLU02A1314_004
ForkPoolWorker-2: Calling delphi to calculate conformer (525/592) GLU-1A1314_005 in /tmp/pbe_data.data.home.granepura.5-Kinases.Kinases_MCCE.Trial01.run_holo.2WGJ_GLU-1A1314_005
Skipping PBE solver for non-charge conformer (526/592) VAL01A1315_001...
ForkPoolWorker-3: Calling delphi to calculate conformer (527/592) MET01A1316_001 in /tmp/pbe_data.data.home.granepura.5-Kinases.Kinases_MCCE.Trial01.run_holo.2WGJ_MET01A1316_001
Skipping PBE solver for non-charge conformer (528/592) LEU01A1317_001...
ForkPoolWorker-5: Calling delphi to calculate conformer (529/592) LYS01A1318_001 in /tmp/pbe_data.data.home.granepura.5-Kinases.Kinases_MCCE.Trial01.run_holo.2WGJ_LYS01A1318_001
ForkPoolWorker-4: Calling delphi to calculate conformer (530/592) LYS+1A1318_002 in /tmp/pbe_data.data.home.granepura.5-Kinases.Kinases_MCCE.Trial01.run_holo.2WGJ_LYS+1A1318_002
ForkPoolWorker-1: Calling delphi to calculate conformer (531/592) CYS01A1319_001 in /tmp/pbe_data.data.home.granepura.5-Kinases.Kinases_MCCE.Trial01.run_holo.2WGJ_CYS01A1319_001
ForkPoolWorker-2: Calling delphi to calculate conformer (532/592) CYS01A1319_002 in /tmp/pbe_data.data.home.granepura.5-Kinases.Kinases_MCCE.Trial01.run_holo.2WGJ_CYS01A1319_002
ForkPoolWorker-3: Calling delphi to calculate conformer (533/592) CYS01A1319_003 in /tmp/pbe_data.data.home.granepura.5-Kinases.Kinases_MCCE.Trial01.run_holo.2WGJ_CYS01A1319_003
ForkPoolWorker-5: Calling delphi to calculate conformer (534/592) CYS-1A1319_004 in /tmp/pbe_data.data.home.granepura.5-Kinases.Kinases_MCCE.Trial01.run_holo.2WGJ_CYS-1A1319_004
Skipping PBE solver for non-charge conformer (535/592) TRP01A1320_001...
ForkPoolWorker-4: Calling delphi to calculate conformer (536/592) HIS01A1321_001 in /tmp/pbe_data.data.home.granepura.5-Kinases.Kinases_MCCE.Trial01.run_holo.2WGJ_HIS01A1321_001
ForkPoolWorker-1: Calling delphi to calculate conformer (537/592) HIS01A1321_002 in /tmp/pbe_data.data.home.granepura.5-Kinases.Kinases_MCCE.Trial01.run_holo.2WGJ_HIS01A1321_002
ForkPoolWorker-2: Calling delphi to calculate conformer (538/592) HIS02A1321_003 in /tmp/pbe_data.data.home.granepura.5-Kinases.Kinases_MCCE.Trial01.run_holo.2WGJ_HIS02A1321_003
ForkPoolWorker-3: Calling delphi to calculate conformer (539/592) HIS02A1321_004 in /tmp/pbe_data.data.home.granepura.5-Kinases.Kinases_MCCE.Trial01.run_holo.2WGJ_HIS02A1321_004
ForkPoolWorker-5: Calling delphi to calculate conformer (540/592) HIS+1A1321_005 in /tmp/pbe_data.data.home.granepura.5-Kinases.Kinases_MCCE.Trial01.run_holo.2WGJ_HIS+1A1321_005
ForkPoolWorker-4: Calling delphi to calculate conformer (541/592) HIS+1A1321_006 in /tmp/pbe_data.data.home.granepura.5-Kinases.Kinases_MCCE.Trial01.run_holo.2WGJ_HIS+1A1321_006
ForkPoolWorker-2: Calling delphi to calculate conformer (543/592) LYS01A1323_001 in /tmp/pbe_data.data.home.granepura.5-Kinases.Kinases_MCCE.Trial01.run_holo.2WGJ_LYS01A1323_001
Skipping PBE solver for non-charge conformer (542/592) PRO01A1322_001...
ForkPoolWorker-1: Calling delphi to calculate conformer (544/592) LYS+1A1323_002 in /tmp/pbe_data.data.home.granepura.5-Kinases.Kinases_MCCE.Trial01.run_holo.2WGJ_LYS+1A1323_002
Skipping PBE solver for non-charge conformer (545/592) ALA01A1324_001...
ForkPoolWorker-3: Calling delphi to calculate conformer (546/592) GLU01A1325_001 in /tmp/pbe_data.data.home.granepura.5-Kinases.Kinases_MCCE.Trial01.run_holo.2WGJ_GLU01A1325_001
ForkPoolWorker-5: Calling delphi to calculate conformer (547/592) GLU01A1325_002 in /tmp/pbe_data.data.home.granepura.5-Kinases.Kinases_MCCE.Trial01.run_holo.2WGJ_GLU01A1325_002
ForkPoolWorker-4: Calling delphi to calculate conformer (548/592) GLU02A1325_003 in /tmp/pbe_data.data.home.granepura.5-Kinases.Kinases_MCCE.Trial01.run_holo.2WGJ_GLU02A1325_003
ForkPoolWorker-2: Calling delphi to calculate conformer (549/592) GLU02A1325_004 in /tmp/pbe_data.data.home.granepura.5-Kinases.Kinases_MCCE.Trial01.run_holo.2WGJ_GLU02A1325_004
ForkPoolWorker-1: Calling delphi to calculate conformer (550/592) GLU-1A1325_005 in /tmp/pbe_data.data.home.granepura.5-Kinases.Kinases_MCCE.Trial01.run_holo.2WGJ_GLU-1A1325_005
ForkPoolWorker-3: Calling delphi to calculate conformer (551/592) MET01A1326_001 in /tmp/pbe_data.data.home.granepura.5-Kinases.Kinases_MCCE.Trial01.run_holo.2WGJ_MET01A1326_001
ForkPoolWorker-5: Calling delphi to calculate conformer (552/592) ARG01A1327_001 in /tmp/pbe_data.data.home.granepura.5-Kinases.Kinases_MCCE.Trial01.run_holo.2WGJ_ARG01A1327_001
ForkPoolWorker-4: Calling delphi to calculate conformer (553/592) ARG02A1327_002 in /tmp/pbe_data.data.home.granepura.5-Kinases.Kinases_MCCE.Trial01.run_holo.2WGJ_ARG02A1327_002
ForkPoolWorker-2: Calling delphi to calculate conformer (554/592) ARG02A1327_003 in /tmp/pbe_data.data.home.granepura.5-Kinases.Kinases_MCCE.Trial01.run_holo.2WGJ_ARG02A1327_003
ForkPoolWorker-1: Calling delphi to calculate conformer (555/592) ARG03A1327_004 in /tmp/pbe_data.data.home.granepura.5-Kinases.Kinases_MCCE.Trial01.run_holo.2WGJ_ARG03A1327_004
ForkPoolWorker-3: Calling delphi to calculate conformer (556/592) ARG03A1327_005 in /tmp/pbe_data.data.home.granepura.5-Kinases.Kinases_MCCE.Trial01.run_holo.2WGJ_ARG03A1327_005
ForkPoolWorker-5: Calling delphi to calculate conformer (557/592) ARG+1A1327_006 in /tmp/pbe_data.data.home.granepura.5-Kinases.Kinases_MCCE.Trial01.run_holo.2WGJ_ARG+1A1327_006
Skipping PBE solver for non-charge conformer (558/592) PRO01A1328_001...
ForkPoolWorker-4: Calling delphi to calculate conformer (559/592) SER01A1329_001 in /tmp/pbe_data.data.home.granepura.5-Kinases.Kinases_MCCE.Trial01.run_holo.2WGJ_SER01A1329_001
ForkPoolWorker-2: Calling delphi to calculate conformer (560/592) SER01A1329_002 in /tmp/pbe_data.data.home.granepura.5-Kinases.Kinases_MCCE.Trial01.run_holo.2WGJ_SER01A1329_002
ForkPoolWorker-1: Calling delphi to calculate conformer (561/592) SER01A1329_003 in /tmp/pbe_data.data.home.granepura.5-Kinases.Kinases_MCCE.Trial01.run_holo.2WGJ_SER01A1329_003
Skipping PBE solver for non-charge conformer (562/592) PHE01A1330_001...
ForkPoolWorker-3: Calling delphi to calculate conformer (563/592) SER01A1331_001 in /tmp/pbe_data.data.home.granepura.5-Kinases.Kinases_MCCE.Trial01.run_holo.2WGJ_SER01A1331_001
ForkPoolWorker-5: Calling delphi to calculate conformer (564/592) SER01A1331_002 in /tmp/pbe_data.data.home.granepura.5-Kinases.Kinases_MCCE.Trial01.run_holo.2WGJ_SER01A1331_002
ForkPoolWorker-4: Calling delphi to calculate conformer (565/592) GLU01A1332_001 in /tmp/pbe_data.data.home.granepura.5-Kinases.Kinases_MCCE.Trial01.run_holo.2WGJ_GLU01A1332_001
ForkPoolWorker-2: Calling delphi to calculate conformer (566/592) GLU01A1332_002 in /tmp/pbe_data.data.home.granepura.5-Kinases.Kinases_MCCE.Trial01.run_holo.2WGJ_GLU01A1332_002
ForkPoolWorker-1: Calling delphi to calculate conformer (567/592) GLU02A1332_003 in /tmp/pbe_data.data.home.granepura.5-Kinases.Kinases_MCCE.Trial01.run_holo.2WGJ_GLU02A1332_003
ForkPoolWorker-3: Calling delphi to calculate conformer (568/592) GLU02A1332_004 in /tmp/pbe_data.data.home.granepura.5-Kinases.Kinases_MCCE.Trial01.run_holo.2WGJ_GLU02A1332_004
ForkPoolWorker-5: Calling delphi to calculate conformer (569/592) GLU-1A1332_005 in /tmp/pbe_data.data.home.granepura.5-Kinases.Kinases_MCCE.Trial01.run_holo.2WGJ_GLU-1A1332_005
Skipping PBE solver for non-charge conformer (570/592) LEU01A1333_001...
Skipping PBE solver for non-charge conformer (571/592) VAL01A1334_001...
ForkPoolWorker-4: Calling delphi to calculate conformer (572/592) SER01A1335_001 in /tmp/pbe_data.data.home.granepura.5-Kinases.Kinases_MCCE.Trial01.run_holo.2WGJ_SER01A1335_001
ForkPoolWorker-2: Calling delphi to calculate conformer (573/592) ARG01A1336_001 in /tmp/pbe_data.data.home.granepura.5-Kinases.Kinases_MCCE.Trial01.run_holo.2WGJ_ARG01A1336_001
ForkPoolWorker-1: Calling delphi to calculate conformer (574/592) ARG02A1336_002 in /tmp/pbe_data.data.home.granepura.5-Kinases.Kinases_MCCE.Trial01.run_holo.2WGJ_ARG02A1336_002
ForkPoolWorker-3: Calling delphi to calculate conformer (575/592) ARG03A1336_003 in /tmp/pbe_data.data.home.granepura.5-Kinases.Kinases_MCCE.Trial01.run_holo.2WGJ_ARG03A1336_003
ForkPoolWorker-5: Calling delphi to calculate conformer (576/592) ARG+1A1336_004 in /tmp/pbe_data.data.home.granepura.5-Kinases.Kinases_MCCE.Trial01.run_holo.2WGJ_ARG+1A1336_004
Skipping PBE solver for non-charge conformer (577/592) ILE01A1337_001...
ForkPoolWorker-4: Calling delphi to calculate conformer (578/592) SER01A1338_001 in /tmp/pbe_data.data.home.granepura.5-Kinases.Kinases_MCCE.Trial01.run_holo.2WGJ_SER01A1338_001
Skipping PBE solver for non-charge conformer (579/592) ALA01A1339_001...
Skipping PBE solver for non-charge conformer (580/592) ILE01A1340_001...
ForkPoolWorker-2: Calling delphi to calculate conformer (582/592) SER01A1342_001 in /tmp/pbe_data.data.home.granepura.5-Kinases.Kinases_MCCE.Trial01.run_holo.2WGJ_SER01A1342_001
Skipping PBE solver for non-charge conformer (581/592) PHE01A1341_001...
ForkPoolWorker-1: Calling delphi to calculate conformer (583/592) SER01A1342_002 in /tmp/pbe_data.data.home.granepura.5-Kinases.Kinases_MCCE.Trial01.run_holo.2WGJ_SER01A1342_002
ForkPoolWorker-3: Calling delphi to calculate conformer (584/592) THR01A1343_001 in /tmp/pbe_data.data.home.granepura.5-Kinases.Kinases_MCCE.Trial01.run_holo.2WGJ_THR01A1343_001
ForkPoolWorker-5: Calling delphi to calculate conformer (585/592) THR01A1343_002 in /tmp/pbe_data.data.home.granepura.5-Kinases.Kinases_MCCE.Trial01.run_holo.2WGJ_THR01A1343_002
Skipping PBE solver for non-charge conformer (586/592) PHE01A1344_001...
Skipping PBE solver for non-charge conformer (587/592) ILE01A1345_001...
ForkPoolWorker-4: Calling delphi to calculate conformer (588/592) VGH+aA2346_001 in /tmp/pbe_data.data.home.granepura.5-Kinases.Kinases_MCCE.Trial01.run_holo.2WGJ_VGH+aA2346_001
ForkPoolWorker-2: Calling delphi to calculate conformer (589/592) VGH+aA2346_002 in /tmp/pbe_data.data.home.granepura.5-Kinases.Kinases_MCCE.Trial01.run_holo.2WGJ_VGH+aA2346_002
ForkPoolWorker-1: Calling delphi to calculate conformer (590/592) VGH+1A2346_003 in /tmp/pbe_data.data.home.granepura.5-Kinases.Kinases_MCCE.Trial01.run_holo.2WGJ_VGH+1A2346_003
ForkPoolWorker-3: Calling delphi to calculate conformer (591/592) VGH01A2346_004 in /tmp/pbe_data.data.home.granepura.5-Kinases.Kinases_MCCE.Trial01.run_holo.2WGJ_VGH01A2346_004
ForkPoolWorker-5: Calling delphi to calculate conformer (592/592) VGH+2A2346_005 in /tmp/pbe_data.data.home.granepura.5-Kinases.Kinases_MCCE.Trial01.run_holo.2WGJ_VGH+2A2346_005
