HIS A1052_ R f 00 S f  0.0 H t 36 M 999
ILE A1053_ R f 00 S f  0.0 H t 36 M 999
ASP A1054_ R f 00 S f  0.0 H t 36 M 999
LEU A1055_ R f 00 S f  0.0 H t 36 M 999
SER A1056_ R f 00 S f  0.0 H t 36 M 999
ALA A1057_ R f 00 S f  0.0 H t 36 M 999
LEU A1058_ R f 00 S f  0.0 H t 36 M 999
ASN A1059_ R f 00 S f  0.0 H t 36 M 999
PRO A1060_ R f 00 S f  0.0 H t 36 M 999
GLU A1061_ R f 00 S f  0.0 H t 36 M 999
LEU A1062_ R f 00 S f  0.0 H t 36 M 999
VAL A1063_ R f 00 S f  0.0 H t 36 M 999
GLN A1064_ R f 00 S f  0.0 H t 36 M 999
ALA A1065_ R f 00 S f  0.0 H t 36 M 999
VAL A1066_ R f 00 S f  0.0 H t 36 M 999
GLN A1067_ R f 00 S f  0.0 H t 36 M 999
HIS A1068_ R f 00 S f  0.0 H t 36 M 999
VAL A1069_ R f 00 S f  0.0 H t 36 M 999
VAL A1070_ R f 00 S f  0.0 H t 36 M 999
ILE A1071_ R f 00 S f  0.0 H t 36 M 999
GLY A1072_ R f 00 S f  0.0 H t 36 M 999
PRO A1073_ R f 00 S f  0.0 H t 36 M 999
SER A1074_ R f 00 S f  0.0 H t 36 M 999
SER A1075_ R f 00 S f  0.0 H t 36 M 999
LEU A1076_ R f 00 S f  0.0 H t 36 M 999
ILE A1077_ R f 00 S f  0.0 H t 36 M 999
VAL A1078_ R f 00 S f  0.0 H t 36 M 999
HIS A1079_ R f 00 S f  0.0 H t 36 M 999
PHE A1080_ R f 00 S f  0.0 H t 36 M 999
ASN A1081_ R f 00 S f  0.0 H t 36 M 999
GLU A1082_ R f 00 S f  0.0 H t 36 M 999
VAL A1083_ R f 00 S f  0.0 H t 36 M 999
ILE A1084_ R f 00 S f  0.0 H t 36 M 999
GLY A1085_ R f 00 S f  0.0 H t 36 M 999
ARG A1086_ R f 00 S f  0.0 H t 36 M 999
GLY A1087_ R f 00 S f  0.0 H t 36 M 999
HIS A1088_ R f 00 S f  0.0 H t 36 M 999
PHE A1089_ R f 00 S f  0.0 H t 36 M 999
GLY A1090_ R f 00 S f  0.0 H t 36 M 999
CYS A1091_ R f 00 S f  0.0 H t 36 M 999
VAL A1092_ R f 00 S f  0.0 H t 36 M 999
TYR A1093_ R f 00 S f  0.0 H t 36 M 999
HIS A1094_ R f 00 S f  0.0 H t 36 M 999
GLY A1095_ R f 00 S f  0.0 H t 36 M 999
THR A1096_ R f 00 S f  0.0 H t 36 M 999
LEU A1097_ R f 00 S f  0.0 H t 36 M 999
LEU A1098_ R f 00 S f  0.0 H t 36 M 999
LYS A1103_ R f 00 S f  0.0 H t 36 M 999
LYS A1104_ R f 00 S f  0.0 H t 36 M 999
ILE A1105_ R f 00 S f  0.0 H t 36 M 999
HIS A1106_ R f 00 S f  0.0 H t 36 M 999
CYS A1107_ R f 00 S f  0.0 H t 36 M 999
ALA A1108_ R f 00 S f  0.0 H t 36 M 999
VAL A1109_ R f 00 S f  0.0 H t 36 M 999
LYS A1110_ R f 00 S f  0.0 H t 36 M 999
SER A1111_ R f 00 S f  0.0 H t 36 M 999
LEU A1112_ R f 00 S f  0.0 H t 36 M 999
ASN A1113_ R f 00 S f  0.0 H t 36 M 999
ARG A1114_ R f 00 S f  0.0 H t 36 M 999
ILE A1115_ R f 00 S f  0.0 H t 36 M 999
THR A1116_ R f 00 S f  0.0 H t 36 M 999
ASP A1117_ R f 00 S f  0.0 H t 36 M 999
ILE A1118_ R f 00 S f  0.0 H t 36 M 999
GLY A1119_ R f 00 S f  0.0 H t 36 M 999
GLU A1120_ R f 00 S f  0.0 H t 36 M 999
VAL A1121_ R f 00 S f  0.0 H t 36 M 999
SER A1122_ R f 00 S f  0.0 H t 36 M 999
GLN A1123_ R f 00 S f  0.0 H t 36 M 999
PHE A1124_ R f 00 S f  0.0 H t 36 M 999
LEU A1125_ R f 00 S f  0.0 H t 36 M 999
THR A1126_ R f 00 S f  0.0 H t 36 M 999
GLU A1127_ R f 00 S f  0.0 H t 36 M 999
GLY A1128_ R f 00 S f  0.0 H t 36 M 999
ILE A1129_ R f 00 S f  0.0 H t 36 M 999
ILE A1130_ R f 00 S f  0.0 H t 36 M 999
MET A1131_ R f 00 S f  0.0 H t 36 M 999
LYS A1132_ R f 00 S f  0.0 H t 36 M 999
ASP A1133_ R f 00 S f  0.0 H t 36 M 999
PHE A1134_ R f 00 S f  0.0 H t 36 M 999
SER A1135_ R f 00 S f  0.0 H t 36 M 999
HIS A1136_ R f 00 S f  0.0 H t 36 M 999
PRO A1137_ R f 00 S f  0.0 H t 36 M 999
ASN A1138_ R f 00 S f  0.0 H t 36 M 999
VAL A1139_ R f 00 S f  0.0 H t 36 M 999
LEU A1140_ R f 00 S f  0.0 H t 36 M 999
SER A1141_ R f 00 S f  0.0 H t 36 M 999
LEU A1142_ R f 00 S f  0.0 H t 36 M 999
LEU A1143_ R f 00 S f  0.0 H t 36 M 999
GLY A1144_ R f 00 S f  0.0 H t 36 M 999
ILE A1145_ R f 00 S f  0.0 H t 36 M 999
CYS A1146_ R f 00 S f  0.0 H t 36 M 999
LEU A1147_ R f 00 S f  0.0 H t 36 M 999
ARG A1148_ R f 00 S f  0.0 H t 36 M 999
SER A1149_ R f 00 S f  0.0 H t 36 M 999
GLU A1150_ R f 00 S f  0.0 H t 36 M 999
GLY A1151_ R f 00 S f  0.0 H t 36 M 999
SER A1152_ R f 00 S f  0.0 H t 36 M 999
PRO A1153_ R f 00 S f  0.0 H t 36 M 999
LEU A1154_ R f 00 S f  0.0 H t 36 M 999
VAL A1155_ R f 00 S f  0.0 H t 36 M 999
VAL A1156_ R f 00 S f  0.0 H t 36 M 999
LEU A1157_ R f 00 S f  0.0 H t 36 M 999
PRO A1158_ R f 00 S f  0.0 H t 36 M 999
TYR A1159_ R f 00 S f  0.0 H t 36 M 999
MET A1160_ R f 00 S f  0.0 H t 36 M 999
LYS A1161_ R f 00 S f  0.0 H t 36 M 999
HIS A1162_ R f 00 S f  0.0 H t 36 M 999
GLY A1163_ R f 00 S f  0.0 H t 36 M 999
ASP A1164_ R f 00 S f  0.0 H t 36 M 999
LEU A1165_ R f 00 S f  0.0 H t 36 M 999
ARG A1166_ R f 00 S f  0.0 H t 36 M 999
ASN A1167_ R f 00 S f  0.0 H t 36 M 999
PHE A1168_ R f 00 S f  0.0 H t 36 M 999
ILE A1169_ R f 00 S f  0.0 H t 36 M 999
ARG A1170_ R f 00 S f  0.0 H t 36 M 999
ASN A1171_ R f 00 S f  0.0 H t 36 M 999
GLU A1172_ R f 00 S f  0.0 H t 36 M 999
THR A1173_ R f 00 S f  0.0 H t 36 M 999
HIS A1174_ R f 00 S f  0.0 H t 36 M 999
ASN A1175_ R f 00 S f  0.0 H t 36 M 999
PRO A1176_ R f 00 S f  0.0 H t 36 M 999
THR A1177_ R f 00 S f  0.0 H t 36 M 999
VAL A1178_ R f 00 S f  0.0 H t 36 M 999
LYS A1179_ R f 00 S f  0.0 H t 36 M 999
ASP A1180_ R f 00 S f  0.0 H t 36 M 999
LEU A1181_ R f 00 S f  0.0 H t 36 M 999
ILE A1182_ R f 00 S f  0.0 H t 36 M 999
GLY A1183_ R f 00 S f  0.0 H t 36 M 999
PHE A1184_ R f 00 S f  0.0 H t 36 M 999
GLY A1185_ R f 00 S f  0.0 H t 36 M 999
LEU A1186_ R f 00 S f  0.0 H t 36 M 999
GLN A1187_ R f 00 S f  0.0 H t 36 M 999
VAL A1188_ R f 00 S f  0.0 H t 36 M 999
ALA A1189_ R f 00 S f  0.0 H t 36 M 999
LYS A1190_ R f 00 S f  0.0 H t 36 M 999
GLY A1191_ R f 00 S f  0.0 H t 36 M 999
MET A1192_ R f 00 S f  0.0 H t 36 M 999
LYS A1193_ R f 00 S f  0.0 H t 36 M 999
TYR A1194_ R f 00 S f  0.0 H t 36 M 999
LEU A1195_ R f 00 S f  0.0 H t 36 M 999
ALA A1196_ R f 00 S f  0.0 H t 36 M 999
SER A1197_ R f 00 S f  0.0 H t 36 M 999
LYS A1198_ R f 00 S f  0.0 H t 36 M 999
LYS A1199_ R f 00 S f  0.0 H t 36 M 999
PHE A1200_ R f 00 S f  0.0 H t 36 M 999
VAL A1201_ R f 00 S f  0.0 H t 36 M 999
HIS A1202_ R f 00 S f  0.0 H t 36 M 999
ARG A1203_ R f 00 S f  0.0 H t 36 M 999
ASP A1204_ R f 00 S f  0.0 H t 36 M 999
LEU A1205_ R f 00 S f  0.0 H t 36 M 999
ALA A1206_ R f 00 S f  0.0 H t 36 M 999
ALA A1207_ R f 00 S f  0.0 H t 36 M 999
ARG A1208_ R f 00 S f  0.0 H t 36 M 999
ASN A1209_ R f 00 S f  0.0 H t 36 M 999
CYS A1210_ R f 00 S f  0.0 H t 36 M 999
MET A1211_ R f 00 S f  0.0 H t 36 M 999
LEU A1212_ R f 00 S f  0.0 H t 36 M 999
ASP A1213_ R f 00 S f  0.0 H t 36 M 999
GLU A1214_ R f 00 S f  0.0 H t 36 M 999
LYS A1215_ R f 00 S f  0.0 H t 36 M 999
PHE A1216_ R f 00 S f  0.0 H t 36 M 999
THR A1217_ R f 00 S f  0.0 H t 36 M 999
VAL A1218_ R f 00 S f  0.0 H t 36 M 999
LYS A1219_ R f 00 S f  0.0 H t 36 M 999
VAL A1220_ R f 00 S f  0.0 H t 36 M 999
ALA A1221_ R f 00 S f  0.0 H t 36 M 999
ASP A1222_ R f 00 S f  0.0 H t 36 M 999
PHE A1223_ R f 00 S f  0.0 H t 36 M 999
GLY A1224_ R f 00 S f  0.0 H t 36 M 999
LEU A1225_ R f 00 S f  0.0 H t 36 M 999
ALA A1226_ R f 00 S f  0.0 H t 36 M 999
ARG A1227_ R f 00 S f  0.0 H t 36 M 999
ASP A1228_ R f 00 S f  0.0 H t 36 M 999
MET A1229_ R f 00 S f  0.0 H t 36 M 999
TYR A1230_ R f 00 S f  0.0 H t 36 M 999
ASP A1231_ R f 00 S f  0.0 H t 36 M 999
LYS A1232_ R f 00 S f  0.0 H t 36 M 999
GLU A1233_ R f 00 S f  0.0 H t 36 M 999
TYR A1234_ R f 00 S f  0.0 H t 36 M 999
TYR A1235_ R f 00 S f  0.0 H t 36 M 999
SER A1236_ R f 00 S f  0.0 H t 36 M 999
VAL A1237_ R f 00 S f  0.0 H t 36 M 999
HIS A1238_ R f 00 S f  0.0 H t 36 M 999
ASN A1239_ R f 00 S f  0.0 H t 36 M 999
LYS A1240_ R f 00 S f  0.0 H t 36 M 999
THR A1241_ R f 00 S f  0.0 H t 36 M 999
GLY A1242_ R f 00 S f  0.0 H t 36 M 999
ALA A1243_ R f 00 S f  0.0 H t 36 M 999
LYS A1244_ R f 00 S f  0.0 H t 36 M 999
LEU A1245_ R f 00 S f  0.0 H t 36 M 999
PRO A1246_ R f 00 S f  0.0 H t 36 M 999
VAL A1247_ R f 00 S f  0.0 H t 36 M 999
LYS A1248_ R f 00 S f  0.0 H t 36 M 999
TRP A1249_ R f 00 S f  0.0 H t 36 M 999
MET A1250_ R f 00 S f  0.0 H t 36 M 999
ALA A1251_ R f 00 S f  0.0 H t 36 M 999
LEU A1252_ R f 00 S f  0.0 H t 36 M 999
GLU A1253_ R f 00 S f  0.0 H t 36 M 999
SER A1254_ R f 00 S f  0.0 H t 36 M 999
LEU A1255_ R f 00 S f  0.0 H t 36 M 999
GLN A1256_ R f 00 S f  0.0 H t 36 M 999
THR A1257_ R f 00 S f  0.0 H t 36 M 999
GLN A1258_ R f 00 S f  0.0 H t 36 M 999
LYS A1259_ R f 00 S f  0.0 H t 36 M 999
PHE A1260_ R f 00 S f  0.0 H t 36 M 999
THR A1261_ R f 00 S f  0.0 H t 36 M 999
THR A1262_ R f 00 S f  0.0 H t 36 M 999
LYS A1263_ R f 00 S f  0.0 H t 36 M 999
SER A1264_ R f 00 S f  0.0 H t 36 M 999
ASP A1265_ R f 00 S f  0.0 H t 36 M 999
VAL A1266_ R f 00 S f  0.0 H t 36 M 999
TRP A1267_ R f 00 S f  0.0 H t 36 M 999
SER A1268_ R f 00 S f  0.0 H t 36 M 999
PHE A1269_ R f 00 S f  0.0 H t 36 M 999
GLY A1270_ R f 00 S f  0.0 H t 36 M 999
VAL A1271_ R f 00 S f  0.0 H t 36 M 999
LEU A1272_ R f 00 S f  0.0 H t 36 M 999
LEU A1273_ R f 00 S f  0.0 H t 36 M 999
TRP A1274_ R f 00 S f  0.0 H t 36 M 999
GLU A1275_ R f 00 S f  0.0 H t 36 M 999
LEU A1276_ R f 00 S f  0.0 H t 36 M 999
MET A1277_ R f 00 S f  0.0 H t 36 M 999
THR A1278_ R f 00 S f  0.0 H t 36 M 999
ARG A1279_ R f 00 S f  0.0 H t 36 M 999
GLY A1280_ R f 00 S f  0.0 H t 36 M 999
ALA A1281_ R f 00 S f  0.0 H t 36 M 999
PRO A1282_ R f 00 S f  0.0 H t 36 M 999
PRO A1283_ R f 00 S f  0.0 H t 36 M 999
TYR A1284_ R f 00 S f  0.0 H t 36 M 999
PRO A1285_ R f 00 S f  0.0 H t 36 M 999
ASP A1286_ R f 00 S f  0.0 H t 36 M 999
VAL A1287_ R f 00 S f  0.0 H t 36 M 999
ASN A1288_ R f 00 S f  0.0 H t 36 M 999
THR A1289_ R f 00 S f  0.0 H t 36 M 999
PHE A1290_ R f 00 S f  0.0 H t 36 M 999
ASP A1291_ R f 00 S f  0.0 H t 36 M 999
ILE A1292_ R f 00 S f  0.0 H t 36 M 999
THR A1293_ R f 00 S f  0.0 H t 36 M 999
VAL A1294_ R f 00 S f  0.0 H t 36 M 999
TYR A1295_ R f 00 S f  0.0 H t 36 M 999
LEU A1296_ R f 00 S f  0.0 H t 36 M 999
LEU A1297_ R f 00 S f  0.0 H t 36 M 999
GLN A1298_ R f 00 S f  0.0 H t 36 M 999
GLY A1299_ R f 00 S f  0.0 H t 36 M 999
ARG A1300_ R f 00 S f  0.0 H t 36 M 999
ARG A1301_ R f 00 S f  0.0 H t 36 M 999
LEU A1302_ R f 00 S f  0.0 H t 36 M 999
LEU A1303_ R f 00 S f  0.0 H t 36 M 999
GLN A1304_ R f 00 S f  0.0 H t 36 M 999
PRO A1305_ R f 00 S f  0.0 H t 36 M 999
GLU A1306_ R f 00 S f  0.0 H t 36 M 999
TYR A1307_ R f 00 S f  0.0 H t 36 M 999
CYS A1308_ R f 00 S f  0.0 H t 36 M 999
PRO A1309_ R f 00 S f  0.0 H t 36 M 999
ASP A1310_ R f 00 S f  0.0 H t 36 M 999
PRO A1311_ R f 00 S f  0.0 H t 36 M 999
LEU A1312_ R f 00 S f  0.0 H t 36 M 999
TYR A1313_ R f 00 S f  0.0 H t 36 M 999
GLU A1314_ R f 00 S f  0.0 H t 36 M 999
VAL A1315_ R f 00 S f  0.0 H t 36 M 999
MET A1316_ R f 00 S f  0.0 H t 36 M 999
LEU A1317_ R f 00 S f  0.0 H t 36 M 999
LYS A1318_ R f 00 S f  0.0 H t 36 M 999
CYS A1319_ R f 00 S f  0.0 H t 36 M 999
TRP A1320_ R f 00 S f  0.0 H t 36 M 999
HIS A1321_ R f 00 S f  0.0 H t 36 M 999
PRO A1322_ R f 00 S f  0.0 H t 36 M 999
LYS A1323_ R f 00 S f  0.0 H t 36 M 999
ALA A1324_ R f 00 S f  0.0 H t 36 M 999
GLU A1325_ R f 00 S f  0.0 H t 36 M 999
MET A1326_ R f 00 S f  0.0 H t 36 M 999
ARG A1327_ R f 00 S f  0.0 H t 36 M 999
PRO A1328_ R f 00 S f  0.0 H t 36 M 999
SER A1329_ R f 00 S f  0.0 H t 36 M 999
PHE A1330_ R f 00 S f  0.0 H t 36 M 999
SER A1331_ R f 00 S f  0.0 H t 36 M 999
GLU A1332_ R f 00 S f  0.0 H t 36 M 999
LEU A1333_ R f 00 S f  0.0 H t 36 M 999
VAL A1334_ R f 00 S f  0.0 H t 36 M 999
SER A1335_ R f 00 S f  0.0 H t 36 M 999
ARG A1336_ R f 00 S f  0.0 H t 36 M 999
ILE A1337_ R f 00 S f  0.0 H t 36 M 999
SER A1338_ R f 00 S f  0.0 H t 36 M 999
ALA A1339_ R f 00 S f  0.0 H t 36 M 999
ILE A1340_ R f 00 S f  0.0 H t 36 M 999
PHE A1341_ R f 00 S f  0.0 H t 36 M 999
SER A1342_ R f 00 S f  0.0 H t 36 M 999
THR A1343_ R f 00 S f  0.0 H t 36 M 999
PHE A1344_ R f 00 S f  0.0 H t 36 M 999
ILE A1345_ R f 00 S f  0.0 H t 36 M 999
VGH A2346_ R f 00 S f  0.0 H t 36 M 999
