  pH             pKa/Em  n(slope) 1000*chi2
ARG+A0010_        >7.4                     
LYS+A0012_        >7.4                     
ASP-A0014_        <7.4                     
LYS+A0019_        >7.4                     
ASP-A0020_        <7.4                     
ARG+A0022_        >7.4                     
LYS+A0028_        >7.4                     
ARG+A0030_        >7.4                     
GLU-A0031_        <7.4                     
LYS+A0036_        >7.4                     
GLU-A0042_        <7.4                     
GLU-A0046_        <7.4                     
ASP-A0050_        <7.4                     
ARG+A0052_        >7.4                     
HIS+A0060_        <7.4                     
CYS-A0063_        >7.4                     
GLU-A0064_        <7.4                     
GLU-A0067_        <7.4                     
ASP-A0069_        <7.4                     
LYS+A0070_        >7.4                     
ASP-A0081_        <7.4                     
ARG+A0082_        >7.4                     
TYR-A0083_        >7.4                     
CYS-A0085_        >7.4                     
LYS+A0086_        >7.4                     
LYS+A0087_        >7.4                     
LYS+A0091_        >7.4                     
LYS+A0092_        >7.4                     
LYS+A0096_        >7.4                     
CYS-A0101_        >7.4                     
LYS+A0107_        >7.4                     
ARG+A0109_        >7.4                     
LYS+A0112_        >7.4                     
LYS+A0118_        >7.4                     
TYR-A0121_        >7.4                     
GLU-A0131_        <7.4                     
GLU-A0136_        <7.4                     
LYS+A0137_        >7.4                     
ASP-A0138_        <7.4                     
GLU-A0141_        <7.4                     
LYS+A0144_        >7.4                     
ASP-A0146_        <7.4                     
GLU-A0148_        <7.4                     
ASP-A0154_        <7.4                     
CYS-A0160_        >7.4                     
LYS+A0164_        >7.4                     
GLU-A0167_        <7.4                     
ASP-A0168_        <7.4                     
TYR-A0174_        >7.4                     
GLU-A0175_        <7.4                     
CYS-A0182_        >7.4                     
LYS+A0183_        >7.4                     
CYS-A0199_        >7.4                     
GLU-A0208_        <7.4                     
ASP-A0210_        >7.4                     
CYS-A0214_        >7.4                     
ARG+A0215_        >7.4                     
CYS-A0219_        >7.4                     
TYR-A0220_        >7.4                     
GLU-A0222_        <7.4                     
ASP-A0223_        <7.4                     
ARG+A0236_        >7.4                     
LYS+A0239_        >7.4                     
ASP-A0240_        <7.4                     
GLU-A0244_        <7.4                     
TYR-A0249_        >7.4                     
ASP-A0250_        >7.4                     
GLU-A0252_        >7.4                     
ASP-B0010_        >7.4                     
TYR-B0013_        >7.4                     
GLU-B0014_        <7.4                     
CYS-B0015_        >7.4                     
GLU-B0018_        <7.4                     
GLU-B0021_        <7.4                     
TYR-B0024_        <7.4                     
LYS+B0026_        <7.4                     
LYS+B0029_        >7.4                     
ARG+B0031_        >7.4                     
ASP-B0032_        <7.4                     
LYS+B0034_        >7.4                     
ARG+B0038_        >7.4                     
LYS+B0043_        >7.4                     
ARG+B0044_        >7.4                     
ARG+B0046_        >7.4                     
GLU-B0051_        >7.4                     
GLU-B0052_        <7.4                     
ARG+B0060_        >7.4                     
GLU-B0061_        <7.4                     
ARG+B0066_        >7.4                     
HIS+B0067_        <7.4                     
GLU-B0069_        <7.4                     
GLU-B0072_        >7.4                     
HIS+B0073_        <7.4                     
ARG+B0078_        >7.4                     
ASP-B0081_        <7.4                     
CYS-B0083_        >7.4                     
ARG+B0087_        >7.4                     
ASP-B0089_        <7.4                     
ARG+B0090_        >7.4                     
GLU-B0091_        <7.4                     
LYS+B0093_        >7.4                     
GLU-B0099_        <7.4                     
HIS+B0100_        <7.4                     
ASP-B0102_        <7.4                     
ASP-B0104_        <7.4                     
TYR-B0108_        >7.4                     
ASP-B0110_        <7.4                     
LYS+B0111_        >7.4                     
GLU-B0114_        <7.4                     
GLU-B0120_        >7.4                     
LYS+B0123_        >7.4                     
ASP-B0124_        <7.4                     
ARG+B0131_        >7.4                     
ASP-B0134_        <7.4                     
HIS+B0137_        >7.4                     
HIS+B0139_        <7.4                     
ARG+B0140_        >7.4                     
HIS+B0143_        <7.4                     
ARG+B0144_        >7.4                     
ASP-B0145_        <7.4                     
LYS+B0147_        >7.4                     
LYS+B0160_        >7.4                     
ASP-B0163_        <7.4                     
ARG+B0168_        >7.4                     
TYR-B0170_        >7.4                     
TYR-B0185_        >7.4                     
ARG+B0186_        >7.4                     
GLU-B0189_        <7.4                     
TYR-B0196_        >7.4                     
ASP-B0201_        >7.4                     
CYS-B0207_        >7.4                     
GLU-B0211_        >7.4                     
ARG+B0214_        >7.4                     
ARG+B0215_        >7.4                     
LYS+B0216_        >7.4                     
ARG+B0220_        >7.4                     
ASP-B0224_        <7.4                     
ASP-B0226_        <7.4                     
LYS+B0230_        >7.4                     
ASP-B0233_        <7.4                     
GLU-B0240_        <7.4                     
GLU-B0241_        <7.4                     
ASP-B0242_        <7.4                     
GLU-B0263_        <7.4                     
LYS+B0264_        >7.4                     
ASP-B0268_        <7.4                     
ASP-B0270_        <7.4                     
GLU-B0271_        <7.4                     
LYS+B0274_        >7.4                     
ASP-B0275_        <7.4                     
LYS+B0279_        >7.4                     
CYS-B0280_        >7.4                     
LYS+B0287_        >7.4                     
ARG+B0288_        >7.4                     
TYR-B0292_        >7.4                     
HIS+B0297_        <7.4                     
TYR-B0299_        >7.4                     
ASP-B0302_        <7.4                     
GLU-B0304_        <7.4                     
ARG+B0305_        >7.4                     
LQQ+B0401_        >7.4                     
