   Error! get_connect12(): connectivity of atom " N   ASN A1093" is not complete:

          get_connect12(): atom  C   of residue i-1 is not found 

   Error! get_connect12(): connectivity of atom " C   SER A1136" is not complete:

          get_connect12(): atom  N   of residue i+1 is not found 

   Error! get_connect12(): connectivity of atom " N   SER A1143" is not complete:

          get_connect12(): atom  C   of residue i-1 is not found 

   Error! get_connect12(): connectivity of atom " C   TYR A1401" is not complete:

          get_connect12(): atom  N   of residue i+1 is not found 

VDW_RAD  4MK+1  C1    1.91
VDW_EPS  4MK+1  C1    0.11
VDW_RAD  4MK+1  C2    1.91
VDW_EPS  4MK+1  C2    0.11
VDW_RAD  4MK+1  C3    1.91
VDW_EPS  4MK+1  C3    0.11
VDW_RAD  4MK+1  O4    1.66
VDW_EPS  4MK+1  O4    0.21
VDW_RAD  4MK+1  C5    1.91
VDW_EPS  4MK+1  C5    0.11
VDW_RAD  4MK+1  C6    1.91
VDW_EPS  4MK+1  C6    0.11
VDW_RAD  4MK+1  C7    1.91
VDW_EPS  4MK+1  C7    0.11
VDW_RAD  4MK+1  C8    1.91
VDW_EPS  4MK+1  C8    0.11
VDW_RAD  4MK+1  C9    1.91
VDW_EPS  4MK+1  C9    0.11
VDW_RAD  4MK+1  C10   1.91
VDW_EPS  4MK+1  C10   0.11
VDW_RAD  4MK+1  N11   1.82
VDW_EPS  4MK+1  N11   0.17
VDW_RAD  4MK+1  C12   1.91
VDW_EPS  4MK+1  C12   0.11
VDW_RAD  4MK+1  C13   1.91
VDW_EPS  4MK+1  C13   0.11
VDW_RAD  4MK+1  C14   1.91
VDW_EPS  4MK+1  C14   0.11
VDW_RAD  4MK+1  C15   1.91
VDW_EPS  4MK+1  C15   0.11
VDW_RAD  4MK+1  C16   1.91
VDW_EPS  4MK+1  C16   0.11
VDW_RAD  4MK+1  C17   1.91
VDW_EPS  4MK+1  C17   0.11
VDW_RAD  4MK+1  N18   1.82
VDW_EPS  4MK+1  N18   0.17
VDW_RAD  4MK+1  C19   1.91
VDW_EPS  4MK+1  C19   0.11
VDW_RAD  4MK+1  N20   1.82
VDW_EPS  4MK+1  N20   0.17
VDW_RAD  4MK+1  C21   1.91
VDW_EPS  4MK+1  C21   0.11
VDW_RAD  4MK+1  C22   1.91
VDW_EPS  4MK+1  C22   0.11
VDW_RAD  4MK+1 CL1    1.91
VDW_EPS  4MK+1 CL1    0.11
VDW_RAD  4MK+1  C24   1.91
VDW_EPS  4MK+1  C24   0.11
VDW_RAD  4MK+1  N25   1.82
VDW_EPS  4MK+1  N25   0.17
VDW_RAD  4MK+1  C26   1.91
VDW_EPS  4MK+1  C26   0.11
VDW_RAD  4MK+1  C27   1.91
VDW_EPS  4MK+1  C27   0.11
VDW_RAD  4MK+1  C28   1.91
VDW_EPS  4MK+1  C28   0.11
VDW_RAD  4MK+1  C29   1.91
VDW_EPS  4MK+1  C29   0.11
VDW_RAD  4MK+1  C30   1.91
VDW_EPS  4MK+1  C30   0.11
VDW_RAD  4MK+1  C31   1.91
VDW_EPS  4MK+1  C31   0.11
VDW_RAD  4MK+1  S32   2.00
VDW_EPS  4MK+1  S32   0.25
VDW_RAD  4MK+1  O33   1.66
VDW_EPS  4MK+1  O33   0.21
VDW_RAD  4MK+1  O34   1.66
VDW_EPS  4MK+1  O34   0.21
VDW_RAD  4MK+1  C35   1.91
VDW_EPS  4MK+1  C35   0.11
VDW_RAD  4MK+1  C36   1.91
VDW_EPS  4MK+1  C36   0.11
VDW_RAD  4MK+1  C37   1.91
VDW_EPS  4MK+1  C37   0.11
VDW_RAD  4MK+1  N38   1.82
VDW_EPS  4MK+1  N38   0.17
   Error! get_connect12(): connectivity of atom " N   ASN A1093" is not complete:

          get_connect12(): atom  C   of residue i-1 is not found 

TORSION  ASNBK  H    N    CA   C    f        0.0         2    180.00
   Error! get_connect12(): connectivity of atom " N   ASN A1093" is not complete:

          get_connect12(): atom  C   of residue i-1 is not found 

   Error! get_connect12(): connectivity of atom " N   ASN A1093" is not complete:

          get_connect12(): atom  C   of residue i-1 is not found 

   Error! get_connect12(): connectivity of atom " N   ASN A1093" is not complete:

          get_connect12(): atom  C   of residue i-1 is not found 

   Error! get_connect12(): connectivity of atom " C   SER A1136" is not complete:

          get_connect12(): atom  N   of residue i+1 is not found 

   Error! get_connect12(): connectivity of atom " C   SER A1136" is not complete:

          get_connect12(): atom  N   of residue i+1 is not found 

   Error! get_connect12(): connectivity of atom " C   SER A1136" is not complete:

          get_connect12(): atom  N   of residue i+1 is not found 

   Error! get_connect12(): connectivity of atom " C   SER A1136" is not complete:

          get_connect12(): atom  N   of residue i+1 is not found 

   Error! get_connect12(): connectivity of atom " N   SER A1143" is not complete:

          get_connect12(): atom  C   of residue i-1 is not found 

TORSION  SERBK  H    N    CA   C    f        0.0         2    180.00
   Error! get_connect12(): connectivity of atom " N   SER A1143" is not complete:

          get_connect12(): atom  C   of residue i-1 is not found 

   Error! get_connect12(): connectivity of atom " N   SER A1143" is not complete:

          get_connect12(): atom  C   of residue i-1 is not found 

   Error! get_connect12(): connectivity of atom " N   SER A1143" is not complete:

          get_connect12(): atom  C   of residue i-1 is not found 

   Error! get_connect12(): connectivity of atom " C   TYR A1401" is not complete:

          get_connect12(): atom  N   of residue i+1 is not found 

   Error! get_connect12(): connectivity of atom " C   TYR A1401" is not complete:

          get_connect12(): atom  N   of residue i+1 is not found 

   Error! get_connect12(): connectivity of atom " C   TYR A1401" is not complete:

          get_connect12(): atom  N   of residue i+1 is not found 

   Error! get_connect12(): connectivity of atom " C   TYR A1401" is not complete:

          get_connect12(): atom  N   of residue i+1 is not found 

TORSION  4MK+1  H1   C1   C2   C3   f        0.0         3      0.00
TORSION  4MK+1  H3   C3   C2   C1   f        0.0         3      0.00
TORSION  4MK+1  H15  C15  C14  C7   f        0.0         3      0.00
TORSION  4MK+1  H36  C36  C35  S32  f        0.0         3      0.00
TORSION  4MK+1  H37  C37  C35  S32  f        0.0         3      0.00
   Error! get_connect12(): connectivity of atom " N   ASN A1093" is not complete:

          get_connect12(): atom  C   of residue i-1 is not found 

   Error! get_connect12(): connectivity of atom " C   SER A1136" is not complete:

          get_connect12(): atom  N   of residue i+1 is not found 

   Error! get_connect12(): connectivity of atom " N   SER A1143" is not complete:

          get_connect12(): atom  C   of residue i-1 is not found 

   Error! get_connect12(): connectivity of atom " C   TYR A1401" is not complete:

          get_connect12(): atom  N   of residue i+1 is not found 

VDW_RAD  4MK+1  H1    1.49
VDW_EPS  4MK+1  H1    0.02
VDW_RAD  4MK+1  H1A   1.49
VDW_EPS  4MK+1  H1A   0.02
VDW_RAD  4MK+1  H1B   1.49
VDW_EPS  4MK+1  H1B   0.02
VDW_RAD  4MK+1  H2    1.49
VDW_EPS  4MK+1  H2    0.02
VDW_RAD  4MK+1  H3    1.49
VDW_EPS  4MK+1  H3    0.02
VDW_RAD  4MK+1  H3A   1.49
VDW_EPS  4MK+1  H3A   0.02
VDW_RAD  4MK+1  H3B   1.49
VDW_EPS  4MK+1  H3B   0.02
VDW_RAD  4MK+1  H6    1.49
VDW_EPS  4MK+1  H6    0.02
VDW_RAD  4MK+1  H8    1.49
VDW_EPS  4MK+1  H8    0.02
VDW_RAD  4MK+1  H9    1.49
VDW_EPS  4MK+1  H9    0.02
VDW_RAD  4MK+1  H9A   1.49
VDW_EPS  4MK+1  H9A   0.02
VDW_RAD  4MK+1  H10   1.49
VDW_EPS  4MK+1  H10   0.02
VDW_RAD  4MK+1 H10A   1.49
VDW_EPS  4MK+1 H10A   0.02
VDW_RAD  4MK+1 HN11   1.49
VDW_EPS  4MK+1 HN11   0.02
VDW_RAD  4MK+1  H12   1.49
VDW_EPS  4MK+1  H12   0.02
VDW_RAD  4MK+1 H12A   1.49
VDW_EPS  4MK+1 H12A   0.02
VDW_RAD  4MK+1  H13   1.49
VDW_EPS  4MK+1  H13   0.02
VDW_RAD  4MK+1 H13A   1.49
VDW_EPS  4MK+1 H13A   0.02
VDW_RAD  4MK+1  H15   1.49
VDW_EPS  4MK+1  H15   0.02
VDW_RAD  4MK+1 H15A   1.49
VDW_EPS  4MK+1 H15A   0.02
VDW_RAD  4MK+1 H15B   1.49
VDW_EPS  4MK+1 H15B   0.02
VDW_RAD  4MK+1  H16   1.49
VDW_EPS  4MK+1  H16   0.02
VDW_RAD  4MK+1 HN18   1.49
VDW_EPS  4MK+1 HN18   0.02
VDW_RAD  4MK+1  H21   1.49
VDW_EPS  4MK+1  H21   0.02
VDW_RAD  4MK+1 HN25   1.49
VDW_EPS  4MK+1 HN25   0.02
VDW_RAD  4MK+1  H27   1.49
VDW_EPS  4MK+1  H27   0.02
VDW_RAD  4MK+1  H28   1.49
VDW_EPS  4MK+1  H28   0.02
VDW_RAD  4MK+1  H29   1.49
VDW_EPS  4MK+1  H29   0.02
VDW_RAD  4MK+1  H30   1.49
VDW_EPS  4MK+1  H30   0.02
VDW_RAD  4MK+1  H35   1.49
VDW_EPS  4MK+1  H35   0.02
VDW_RAD  4MK+1  H36   1.49
VDW_EPS  4MK+1  H36   0.02
VDW_RAD  4MK+1 H36A   1.49
VDW_EPS  4MK+1 H36A   0.02
VDW_RAD  4MK+1 H36B   1.49
VDW_EPS  4MK+1 H36B   0.02
VDW_RAD  4MK+1  H37   1.49
VDW_EPS  4MK+1  H37   0.02
VDW_RAD  4MK+1 H37A   1.49
VDW_EPS  4MK+1 H37A   0.02
VDW_RAD  4MK+1 H37B   1.49
VDW_EPS  4MK+1 H37B   0.02
   Error! get_connect12(): connectivity of atom " N   ASN A1093" is not complete:

          get_connect12(): atom  C   of residue i-1 is not found 

   Error! get_connect12(): connectivity of atom " C   SER A1136" is not complete:

          get_connect12(): atom  N   of residue i+1 is not found 

   Error! get_connect12(): connectivity of atom " N   SER A1143" is not complete:

          get_connect12(): atom  C   of residue i-1 is not found 

   Error! get_connect12(): connectivity of atom " C   TYR A1401" is not complete:

          get_connect12(): atom  N   of residue i+1 is not found 

CHARGE   ASNBK  HA      0.000
CHARGE   ASN01  CB      0.000
CHARGE   ASN01  HB2     0.000
CHARGE   ASN01  HB3     0.000
CHARGE   PROBK  N       0.000
CHARGE   PROBK  CA      0.000
CHARGE   PROBK  HA      0.000
CHARGE   PROBK  C       0.000
CHARGE   PROBK  O       0.000
CHARGE   PRO01  CB      0.000
CHARGE   PRO01  HB2     0.000
CHARGE   PRO01  HB3     0.000
CHARGE   PRO01  CG      0.000
CHARGE   PRO01  HG2     0.000
CHARGE   PRO01  HG3     0.000
CHARGE   PRO01  CD      0.000
CHARGE   PRO01  HD2     0.000
CHARGE   PRO01  HD3     0.000
CHARGE   TYRBK  HA      0.000
CHARGE   TYR01  HB2     0.000
CHARGE   TYR01  HB3     0.000
CHARGE   CYSBK  HA      0.000
CHARGE   CYS01  CB      0.000
CHARGE   CYS01  HB2     0.000
CHARGE   CYS01  HB3     0.000
CHARGE   PHEBK  HA      0.000
CHARGE   PHE01  CB      0.000
CHARGE   PHE01  HB2     0.000
CHARGE   PHE01  HB3     0.000
CHARGE   PHE01  CG      0.000
CHARGE   PHE01  CD1     0.000
CHARGE   PHE01  HD1     0.000
CHARGE   PHE01  CD2     0.000
CHARGE   PHE01  HD2     0.000
CHARGE   PHE01  CE1     0.000
CHARGE   PHE01  HE1     0.000
CHARGE   PHE01  CE2     0.000
CHARGE   PHE01  HE2     0.000
CHARGE   PHE01  CZ      0.000
CHARGE   PHE01  HZ      0.000
CHARGE   ALABK  HA      0.000
CHARGE   ALA01  CB      0.000
CHARGE   ALA01  HB1     0.000
CHARGE   ALA01  HB2     0.000
CHARGE   ALA01  HB3     0.000
CHARGE   GLYBK  HA2     0.000
CHARGE   GLYBK  HA3     0.000
CHARGE   LYSBK  HA      0.000
CHARGE   LYS01  CB      0.000
CHARGE   LYS01  HB2     0.000
CHARGE   LYS01  HB3     0.000
CHARGE   LYS01  CG      0.000
CHARGE   LYS01  HG2     0.000
CHARGE   LYS01  HG3     0.000
CHARGE   LYS01  CD      0.000
CHARGE   LYS01  HD2     0.000
CHARGE   LYS01  HD3     0.000
CHARGE   LYS01  CE      0.000
CHARGE   LYS01  HE2     0.000
CHARGE   LYS01  HE3     0.000
CHARGE   THRBK  HA      0.000
CHARGE   THR01  CB      0.000
CHARGE   THR01  HB      0.000
CHARGE   THR01  CG2     0.000
CHARGE   THR01 HG21     0.000
CHARGE   THR01 HG22     0.000
CHARGE   THR01 HG23     0.000
CHARGE   SERBK  HA      0.000
CHARGE   SER01  CB      0.000
CHARGE   SER01  HB2     0.000
CHARGE   SER01  HB3     0.000
CHARGE   ILEBK  HA      0.000
CHARGE   ILE01  CB      0.000
CHARGE   ILE01  HB      0.000
CHARGE   ILE01  CG1     0.000
CHARGE   ILE01 HG12     0.000
CHARGE   ILE01 HG13     0.000
CHARGE   ILE01  CG2     0.000
CHARGE   ILE01 HG21     0.000
CHARGE   ILE01 HG22     0.000
CHARGE   ILE01 HG23     0.000
CHARGE   ILE01  CD1     0.000
CHARGE   ILE01 HD11     0.000
CHARGE   ILE01 HD12     0.000
CHARGE   ILE01 HD13     0.000
CHARGE   ASPBK  HA      0.000
CHARGE   ASP01  CB      0.000
CHARGE   ASP01  HB2     0.000
CHARGE   ASP01  HB3     0.000
CHARGE   LEUBK  HA      0.000
CHARGE   LEU01  CB      0.000
CHARGE   LEU01  HB2     0.000
CHARGE   LEU01  HB3     0.000
CHARGE   LEU01  CG      0.000
CHARGE   LEU01  HG      0.000
CHARGE   LEU01  CD1     0.000
CHARGE   LEU01 HD11     0.000
CHARGE   LEU01 HD12     0.000
CHARGE   LEU01 HD13     0.000
CHARGE   LEU01  CD2     0.000
CHARGE   LEU01 HD21     0.000
CHARGE   LEU01 HD22     0.000
CHARGE   LEU01 HD23     0.000
CHARGE   GLUBK  HA      0.000
CHARGE   GLU01  CB      0.000
CHARGE   GLU01  HB2     0.000
CHARGE   GLU01  HB3     0.000
CHARGE   GLU01  CG      0.000
CHARGE   GLU01  HG2     0.000
CHARGE   GLU01  HG3     0.000
CHARGE   VALBK  HA      0.000
CHARGE   VAL01  CB      0.000
CHARGE   VAL01  HB      0.000
CHARGE   VAL01  CG1     0.000
CHARGE   VAL01 HG11     0.000
CHARGE   VAL01 HG12     0.000
CHARGE   VAL01 HG13     0.000
CHARGE   VAL01  CG2     0.000
CHARGE   VAL01 HG21     0.000
CHARGE   VAL01 HG22     0.000
CHARGE   VAL01 HG23     0.000
CHARGE   ARGBK  HA      0.000
CHARGE   ARG01  CB      0.000
CHARGE   ARG01  HB2     0.000
CHARGE   ARG01  HB3     0.000
CHARGE   ARG01  CG      0.000
CHARGE   ARG01  HG2     0.000
CHARGE   ARG01  HG3     0.000
CHARGE   ARG01  HD2     0.000
CHARGE   ARG01  HD3     0.000
CHARGE   HISBK  HA      0.000
CHARGE   HIS01  HB2     0.000
CHARGE   HIS01  HB3     0.000
CHARGE   GLNBK  HA      0.000
CHARGE   GLN01  CB      0.000
CHARGE   GLN01  HB2     0.000
CHARGE   GLN01  HB3     0.000
CHARGE   GLN01  CG      0.000
CHARGE   GLN01  HG2     0.000
CHARGE   GLN01  HG3     0.000
CHARGE   METBK  HA      0.000
CHARGE   MET01  CB      0.000
CHARGE   MET01  HB2     0.000
CHARGE   MET01  HB3     0.000
CHARGE   MET01  HG2     0.000
CHARGE   MET01  HG3     0.000
CHARGE   MET01  HE1     0.000
CHARGE   MET01  HE2     0.000
CHARGE   MET01  HE3     0.000
CHARGE   TRPBK  HA      0.000
CHARGE   TRP01  CB      0.000
CHARGE   TRP01  HB2     0.000
CHARGE   TRP01  HB3     0.000
CHARGE   TRP01  CG      0.000
CHARGE   TRP01  CD1     0.000
CHARGE   TRP01  HD1     0.000
CHARGE   TRP01  CD2     0.000
CHARGE   TRP01  NE1     0.000
CHARGE   TRP01  HE1     0.000
CHARGE   TRP01  CE2     0.000
CHARGE   TRP01  CE3     0.000
CHARGE   TRP01  HE3     0.000
CHARGE   TRP01  CZ2     0.000
CHARGE   TRP01  HZ2     0.000
CHARGE   TRP01  CZ3     0.000
CHARGE   TRP01  HZ3     0.000
CHARGE   TRP01  CH2     0.000
CHARGE   TRP01  HH2     0.000
   Error! get_connect12(): connectivity of atom " N   ASN A1093" is not complete:

          get_connect12(): atom  C   of residue i-1 is not found 

   Error! get_connect12(): connectivity of atom " C   SER A1136" is not complete:

          get_connect12(): atom  N   of residue i+1 is not found 

   Error! get_connect12(): connectivity of atom " N   SER A1143" is not complete:

          get_connect12(): atom  C   of residue i-1 is not found 

   Error! get_connect12(): connectivity of atom " C   TYR A1401" is not complete:

          get_connect12(): atom  N   of residue i+1 is not found 

   Error! get_connect12(): connectivity of atom " N   ASN A1093" is not complete:

          get_connect12(): atom  C   of residue i-1 is not found 

   Error! get_connect12(): connectivity of atom " C   SER A1136" is not complete:

          get_connect12(): atom  N   of residue i+1 is not found 

   Error! get_connect12(): connectivity of atom " N   SER A1143" is not complete:

          get_connect12(): atom  C   of residue i-1 is not found 

   Error! get_connect12(): connectivity of atom " C   TYR A1401" is not complete:

          get_connect12(): atom  N   of residue i+1 is not found 

   Error! get_connect12(): connectivity of atom " N   ASN A1093" is not complete:

          get_connect12(): atom  C   of residue i-1 is not found 

   Error! get_connect12(): connectivity of atom " C   SER A1136" is not complete:

          get_connect12(): atom  N   of residue i+1 is not found 

   Error! get_connect12(): connectivity of atom " N   SER A1143" is not complete:

          get_connect12(): atom  C   of residue i-1 is not found 

   Error! get_connect12(): connectivity of atom " C   TYR A1401" is not complete:

          get_connect12(): atom  N   of residue i+1 is not found 

   Error! get_connect12(): connectivity of atom " N   ASN A1093" is not complete:

          get_connect12(): atom  C   of residue i-1 is not found 

   Error! get_connect12(): connectivity of atom " C   SER A1136" is not complete:

          get_connect12(): atom  N   of residue i+1 is not found 

   Error! get_connect12(): connectivity of atom " N   SER A1143" is not complete:

          get_connect12(): atom  C   of residue i-1 is not found 

   Error! get_connect12(): connectivity of atom " C   TYR A1401" is not complete:

          get_connect12(): atom  N   of residue i+1 is not found 

   Error! get_connect12(): connectivity of atom " N   ASN A1093" is not complete:

          get_connect12(): atom  C   of residue i-1 is not found 

   Error! get_connect12(): connectivity of atom " C   SER A1136" is not complete:

          get_connect12(): atom  N   of residue i+1 is not found 

   Error! get_connect12(): connectivity of atom " N   SER A1143" is not complete:

          get_connect12(): atom  C   of residue i-1 is not found 

   Error! get_connect12(): connectivity of atom " C   TYR A1401" is not complete:

          get_connect12(): atom  N   of residue i+1 is not found 

   Error! get_connect12(): connectivity of atom " N   ASN A1093" is not complete:

          get_connect12(): atom  C   of residue i-1 is not found 

   Error! get_connect12(): connectivity of atom " N   ASN A1093" is not complete:

          get_connect12(): atom  C   of residue i-1 is not found 

   Error! get_connect12(): connectivity of atom " C   SER A1136" is not complete:

          get_connect12(): atom  N   of residue i+1 is not found 

   Error! get_connect12(): connectivity of atom " C   SER A1136" is not complete:

          get_connect12(): atom  N   of residue i+1 is not found 

   Error! get_connect12(): connectivity of atom " N   SER A1143" is not complete:

          get_connect12(): atom  C   of residue i-1 is not found 

   Error! get_connect12(): connectivity of atom " N   SER A1143" is not complete:

          get_connect12(): atom  C   of residue i-1 is not found 

   Error! get_connect12(): connectivity of atom " C   TYR A1401" is not complete:

          get_connect12(): atom  N   of residue i+1 is not found 

   Error! get_connect12(): connectivity of atom " C   TYR A1401" is not complete:

          get_connect12(): atom  N   of residue i+1 is not found 

   Error! get_connect12(): connectivity of atom " N   ASN A1093" is not complete:

          get_connect12(): atom  C   of residue i-1 is not found 

   Error! get_connect12(): connectivity of atom " C   SER A1136" is not complete:

          get_connect12(): atom  N   of residue i+1 is not found 

   Error! get_connect12(): connectivity of atom " N   SER A1143" is not complete:

          get_connect12(): atom  C   of residue i-1 is not found 

   Error! get_connect12(): connectivity of atom " C   TYR A1401" is not complete:

          get_connect12(): atom  N   of residue i+1 is not found 

   Error! get_connect12(): connectivity of atom " N   ASN A1093" is not complete:

          get_connect12(): atom  C   of residue i-1 is not found 

   Error! get_connect12(): connectivity of atom " C   SER A1136" is not complete:

          get_connect12(): atom  N   of residue i+1 is not found 

   Error! get_connect12(): connectivity of atom " N   SER A1143" is not complete:

          get_connect12(): atom  C   of residue i-1 is not found 

   Error! get_connect12(): connectivity of atom " C   TYR A1401" is not complete:

          get_connect12(): atom  N   of residue i+1 is not found 

   Error! get_connect12(): connectivity of atom " N   ASN A1093" is not complete:

          get_connect12(): atom  C   of residue i-1 is not found 

   Error! get_connect12(): connectivity of atom " C   SER A1136" is not complete:

          get_connect12(): atom  N   of residue i+1 is not found 

   Error! get_connect12(): connectivity of atom " N   SER A1143" is not complete:

          get_connect12(): atom  C   of residue i-1 is not found 

   Error! get_connect12(): connectivity of atom " C   TYR A1401" is not complete:

          get_connect12(): atom  N   of residue i+1 is not found 

   Error! get_connect12(): connectivity of atom " N   ASN A1093" is not complete:

          get_connect12(): atom  C   of residue i-1 is not found 

   Error! get_connect12(): connectivity of atom " C   SER A1136" is not complete:

          get_connect12(): atom  N   of residue i+1 is not found 

   Error! get_connect12(): connectivity of atom " N   SER A1143" is not complete:

          get_connect12(): atom  C   of residue i-1 is not found 

   Error! get_connect12(): connectivity of atom " C   TYR A1401" is not complete:

          get_connect12(): atom  N   of residue i+1 is not found 

   Error! get_connect12(): connectivity of atom " N   ASN A1093" is not complete:

          get_connect12(): atom  C   of residue i-1 is not found 

   Error! get_connect12(): connectivity of atom " C   SER A1136" is not complete:

          get_connect12(): atom  N   of residue i+1 is not found 

   Error! get_connect12(): connectivity of atom " N   SER A1143" is not complete:

          get_connect12(): atom  C   of residue i-1 is not found 

   Error! get_connect12(): connectivity of atom " C   TYR A1401" is not complete:

          get_connect12(): atom  N   of residue i+1 is not found 

   Error! get_connect12(): connectivity of atom " N   ASN A1093" is not complete:

          get_connect12(): atom  C   of residue i-1 is not found 

   Error! get_connect12(): connectivity of atom " N   ASN A1093" is not complete:

          get_connect12(): atom  C   of residue i-1 is not found 

   Error! get_connect12(): connectivity of atom " C   SER A1136" is not complete:

          get_connect12(): atom  N   of residue i+1 is not found 

   Error! get_connect12(): connectivity of atom " C   SER A1136" is not complete:

          get_connect12(): atom  N   of residue i+1 is not found 

   Error! get_connect12(): connectivity of atom " N   SER A1143" is not complete:

          get_connect12(): atom  C   of residue i-1 is not found 

   Error! get_connect12(): connectivity of atom " N   SER A1143" is not complete:

          get_connect12(): atom  C   of residue i-1 is not found 

   Error! get_connect12(): connectivity of atom " C   TYR A1401" is not complete:

          get_connect12(): atom  N   of residue i+1 is not found 

   Error! get_connect12(): connectivity of atom " C   TYR A1401" is not complete:

          get_connect12(): atom  N   of residue i+1 is not found 

TORSION  4MK+a  H1   C1   C2   C3   f        0.0         3      0.00
TORSION  4MK+a  H3   C3   C2   C1   f        0.0         3      0.00
TORSION  4MK+a  H15  C15  C14  C7   f        0.0         3      0.00
TORSION  4MK+a  H36  C36  C35  S32  f        0.0         3      0.00
TORSION  4MK+a  H37  C37  C35  S32  f        0.0         3      0.00
TORSION  4MK01  H1   C1   C2   C3   f        0.0         3      0.00
TORSION  4MK01  H3   C3   C2   C1   f        0.0         3      0.00
TORSION  4MK01  H15  C15  C14  C7   f        0.0         3      0.00
TORSION  4MK01  H36  C36  C35  S32  f        0.0         3      0.00
TORSION  4MK01  H37  C37  C35  S32  f        0.0         3      0.00
   Error! get_connect12(): connectivity of atom " N   ASN A1093" is not complete:

          get_connect12(): atom  C   of residue i-1 is not found 

   Error! get_connect12(): connectivity of atom " C   SER A1136" is not complete:

          get_connect12(): atom  N   of residue i+1 is not found 

   Error! get_connect12(): connectivity of atom " N   SER A1143" is not complete:

          get_connect12(): atom  C   of residue i-1 is not found 

   Error! get_connect12(): connectivity of atom " C   TYR A1401" is not complete:

          get_connect12(): atom  N   of residue i+1 is not found 

   Error! get_connect12(): connectivity of atom " N   ASN A1093" is not complete:

          get_connect12(): atom  C   of residue i-1 is not found 

   Error! get_connect12(): connectivity of atom " C   SER A1136" is not complete:

          get_connect12(): atom  N   of residue i+1 is not found 

   Error! get_connect12(): connectivity of atom " N   SER A1143" is not complete:

          get_connect12(): atom  C   of residue i-1 is not found 

   Error! get_connect12(): connectivity of atom " C   TYR A1401" is not complete:

          get_connect12(): atom  N   of residue i+1 is not found 

RADIUS   4MK    H75   1.70
RADIUS   4MK    H76   1.70
VDW_RAD  4MK+1  H75   1.49
VDW_EPS  4MK+1  H75   0.02
VDW_RAD  4MK+a  C1    1.91
VDW_EPS  4MK+a  C1    0.11
VDW_RAD  4MK+a  C2    1.91
VDW_EPS  4MK+a  C2    0.11
VDW_RAD  4MK+a  C3    1.91
VDW_EPS  4MK+a  C3    0.11
VDW_RAD  4MK+a  O4    1.66
VDW_EPS  4MK+a  O4    0.21
VDW_RAD  4MK+a  C5    1.91
VDW_EPS  4MK+a  C5    0.11
VDW_RAD  4MK+a  C6    1.91
VDW_EPS  4MK+a  C6    0.11
VDW_RAD  4MK+a  C7    1.91
VDW_EPS  4MK+a  C7    0.11
VDW_RAD  4MK+a  C8    1.91
VDW_EPS  4MK+a  C8    0.11
VDW_RAD  4MK+a  C9    1.91
VDW_EPS  4MK+a  C9    0.11
VDW_RAD  4MK+a  C10   1.91
VDW_EPS  4MK+a  C10   0.11
VDW_RAD  4MK+a  N11   1.82
VDW_EPS  4MK+a  N11   0.17
VDW_RAD  4MK+a  C12   1.91
VDW_EPS  4MK+a  C12   0.11
VDW_RAD  4MK+a  C13   1.91
VDW_EPS  4MK+a  C13   0.11
VDW_RAD  4MK+a  C14   1.91
VDW_EPS  4MK+a  C14   0.11
VDW_RAD  4MK+a  C15   1.91
VDW_EPS  4MK+a  C15   0.11
VDW_RAD  4MK+a  C16   1.91
VDW_EPS  4MK+a  C16   0.11
VDW_RAD  4MK+a  C17   1.91
VDW_EPS  4MK+a  C17   0.11
VDW_RAD  4MK+a  N18   1.82
VDW_EPS  4MK+a  N18   0.17
VDW_RAD  4MK+a  C19   1.91
VDW_EPS  4MK+a  C19   0.11
VDW_RAD  4MK+a  N20   1.82
VDW_EPS  4MK+a  N20   0.17
VDW_RAD  4MK+a  C21   1.91
VDW_EPS  4MK+a  C21   0.11
VDW_RAD  4MK+a  C22   1.91
VDW_EPS  4MK+a  C22   0.11
VDW_RAD  4MK+a CL1    1.91
VDW_EPS  4MK+a CL1    0.11
VDW_RAD  4MK+a  C24   1.91
VDW_EPS  4MK+a  C24   0.11
VDW_RAD  4MK+a  N25   1.82
VDW_EPS  4MK+a  N25   0.17
VDW_RAD  4MK+a  C26   1.91
VDW_EPS  4MK+a  C26   0.11
VDW_RAD  4MK+a  C27   1.91
VDW_EPS  4MK+a  C27   0.11
VDW_RAD  4MK+a  C28   1.91
VDW_EPS  4MK+a  C28   0.11
VDW_RAD  4MK+a  C29   1.91
VDW_EPS  4MK+a  C29   0.11
VDW_RAD  4MK+a  C30   1.91
VDW_EPS  4MK+a  C30   0.11
VDW_RAD  4MK+a  C31   1.91
VDW_EPS  4MK+a  C31   0.11
VDW_RAD  4MK+a  S32   2.00
VDW_EPS  4MK+a  S32   0.25
VDW_RAD  4MK+a  O33   1.66
VDW_EPS  4MK+a  O33   0.21
VDW_RAD  4MK+a  O34   1.66
VDW_EPS  4MK+a  O34   0.21
VDW_RAD  4MK+a  C35   1.91
VDW_EPS  4MK+a  C35   0.11
VDW_RAD  4MK+a  C36   1.91
VDW_EPS  4MK+a  C36   0.11
VDW_RAD  4MK+a  C37   1.91
VDW_EPS  4MK+a  C37   0.11
VDW_RAD  4MK+a  N38   1.82
VDW_EPS  4MK+a  N38   0.17
VDW_RAD  4MK+a  H1    1.49
VDW_EPS  4MK+a  H1    0.02
VDW_RAD  4MK+a  H1A   1.49
VDW_EPS  4MK+a  H1A   0.02
VDW_RAD  4MK+a  H1B   1.49
VDW_EPS  4MK+a  H1B   0.02
VDW_RAD  4MK+a  H2    1.49
VDW_EPS  4MK+a  H2    0.02
VDW_RAD  4MK+a  H3    1.49
VDW_EPS  4MK+a  H3    0.02
VDW_RAD  4MK+a  H3A   1.49
VDW_EPS  4MK+a  H3A   0.02
VDW_RAD  4MK+a  H3B   1.49
VDW_EPS  4MK+a  H3B   0.02
VDW_RAD  4MK+a  H6    1.49
VDW_EPS  4MK+a  H6    0.02
VDW_RAD  4MK+a  H8    1.49
VDW_EPS  4MK+a  H8    0.02
VDW_RAD  4MK+a  H9    1.49
VDW_EPS  4MK+a  H9    0.02
VDW_RAD  4MK+a  H9A   1.49
VDW_EPS  4MK+a  H9A   0.02
VDW_RAD  4MK+a  H10   1.49
VDW_EPS  4MK+a  H10   0.02
VDW_RAD  4MK+a H10A   1.49
VDW_EPS  4MK+a H10A   0.02
VDW_RAD  4MK+a HN11   1.49
VDW_EPS  4MK+a HN11   0.02
VDW_RAD  4MK+a  H75   1.49
VDW_EPS  4MK+a  H75   0.02
VDW_RAD  4MK+a  H12   1.49
VDW_EPS  4MK+a  H12   0.02
VDW_RAD  4MK+a H12A   1.49
VDW_EPS  4MK+a H12A   0.02
VDW_RAD  4MK+a  H13   1.49
VDW_EPS  4MK+a  H13   0.02
VDW_RAD  4MK+a H13A   1.49
VDW_EPS  4MK+a H13A   0.02
VDW_RAD  4MK+a  H15   1.49
VDW_EPS  4MK+a  H15   0.02
VDW_RAD  4MK+a H15A   1.49
VDW_EPS  4MK+a H15A   0.02
VDW_RAD  4MK+a H15B   1.49
VDW_EPS  4MK+a H15B   0.02
VDW_RAD  4MK+a  H16   1.49
VDW_EPS  4MK+a  H16   0.02
VDW_RAD  4MK+a HN18   1.49
VDW_EPS  4MK+a HN18   0.02
VDW_RAD  4MK+a  H21   1.49
VDW_EPS  4MK+a  H21   0.02
VDW_RAD  4MK+a HN25   1.49
VDW_EPS  4MK+a HN25   0.02
VDW_RAD  4MK+a  H27   1.49
VDW_EPS  4MK+a  H27   0.02
VDW_RAD  4MK+a  H28   1.49
VDW_EPS  4MK+a  H28   0.02
VDW_RAD  4MK+a  H29   1.49
VDW_EPS  4MK+a  H29   0.02
VDW_RAD  4MK+a  H30   1.49
VDW_EPS  4MK+a  H30   0.02
VDW_RAD  4MK+a  H35   1.49
VDW_EPS  4MK+a  H35   0.02
VDW_RAD  4MK+a  H36   1.49
VDW_EPS  4MK+a  H36   0.02
VDW_RAD  4MK+a H36A   1.49
VDW_EPS  4MK+a H36A   0.02
VDW_RAD  4MK+a H36B   1.49
VDW_EPS  4MK+a H36B   0.02
VDW_RAD  4MK+a  H37   1.49
VDW_EPS  4MK+a  H37   0.02
VDW_RAD  4MK+a H37A   1.49
VDW_EPS  4MK+a H37A   0.02
VDW_RAD  4MK+a H37B   1.49
VDW_EPS  4MK+a H37B   0.02
VDW_RAD  4MK+a  H76   1.49
VDW_EPS  4MK+a  H76   0.02
VDW_RAD  4MK01  C1    1.91
VDW_EPS  4MK01  C1    0.11
VDW_RAD  4MK01  C2    1.91
VDW_EPS  4MK01  C2    0.11
VDW_RAD  4MK01  C3    1.91
VDW_EPS  4MK01  C3    0.11
VDW_RAD  4MK01  O4    1.66
VDW_EPS  4MK01  O4    0.21
VDW_RAD  4MK01  C5    1.91
VDW_EPS  4MK01  C5    0.11
VDW_RAD  4MK01  C6    1.91
VDW_EPS  4MK01  C6    0.11
VDW_RAD  4MK01  C7    1.91
VDW_EPS  4MK01  C7    0.11
VDW_RAD  4MK01  C8    1.91
VDW_EPS  4MK01  C8    0.11
VDW_RAD  4MK01  C9    1.91
VDW_EPS  4MK01  C9    0.11
VDW_RAD  4MK01  C10   1.91
VDW_EPS  4MK01  C10   0.11
VDW_RAD  4MK01  N11   1.82
VDW_EPS  4MK01  N11   0.17
VDW_RAD  4MK01  C12   1.91
VDW_EPS  4MK01  C12   0.11
VDW_RAD  4MK01  C13   1.91
VDW_EPS  4MK01  C13   0.11
VDW_RAD  4MK01  C14   1.91
VDW_EPS  4MK01  C14   0.11
VDW_RAD  4MK01  C15   1.91
VDW_EPS  4MK01  C15   0.11
VDW_RAD  4MK01  C16   1.91
VDW_EPS  4MK01  C16   0.11
VDW_RAD  4MK01  C17   1.91
VDW_EPS  4MK01  C17   0.11
VDW_RAD  4MK01  N18   1.82
VDW_EPS  4MK01  N18   0.17
VDW_RAD  4MK01  C19   1.91
VDW_EPS  4MK01  C19   0.11
VDW_RAD  4MK01  N20   1.82
VDW_EPS  4MK01  N20   0.17
VDW_RAD  4MK01  C21   1.91
VDW_EPS  4MK01  C21   0.11
VDW_RAD  4MK01  C22   1.91
VDW_EPS  4MK01  C22   0.11
VDW_RAD  4MK01 CL1    1.91
VDW_EPS  4MK01 CL1    0.11
VDW_RAD  4MK01  C24   1.91
VDW_EPS  4MK01  C24   0.11
VDW_RAD  4MK01  N25   1.82
VDW_EPS  4MK01  N25   0.17
VDW_RAD  4MK01  C26   1.91
VDW_EPS  4MK01  C26   0.11
VDW_RAD  4MK01  C27   1.91
VDW_EPS  4MK01  C27   0.11
VDW_RAD  4MK01  C28   1.91
VDW_EPS  4MK01  C28   0.11
VDW_RAD  4MK01  C29   1.91
VDW_EPS  4MK01  C29   0.11
VDW_RAD  4MK01  C30   1.91
VDW_EPS  4MK01  C30   0.11
VDW_RAD  4MK01  C31   1.91
VDW_EPS  4MK01  C31   0.11
VDW_RAD  4MK01  S32   2.00
VDW_EPS  4MK01  S32   0.25
VDW_RAD  4MK01  O33   1.66
VDW_EPS  4MK01  O33   0.21
VDW_RAD  4MK01  O34   1.66
VDW_EPS  4MK01  O34   0.21
VDW_RAD  4MK01  C35   1.91
VDW_EPS  4MK01  C35   0.11
VDW_RAD  4MK01  C36   1.91
VDW_EPS  4MK01  C36   0.11
VDW_RAD  4MK01  C37   1.91
VDW_EPS  4MK01  C37   0.11
VDW_RAD  4MK01  N38   1.82
VDW_EPS  4MK01  N38   0.17
VDW_RAD  4MK01  H1    1.49
VDW_EPS  4MK01  H1    0.02
VDW_RAD  4MK01  H1A   1.49
VDW_EPS  4MK01  H1A   0.02
VDW_RAD  4MK01  H1B   1.49
VDW_EPS  4MK01  H1B   0.02
VDW_RAD  4MK01  H2    1.49
VDW_EPS  4MK01  H2    0.02
VDW_RAD  4MK01  H3    1.49
VDW_EPS  4MK01  H3    0.02
VDW_RAD  4MK01  H3A   1.49
VDW_EPS  4MK01  H3A   0.02
VDW_RAD  4MK01  H3B   1.49
VDW_EPS  4MK01  H3B   0.02
VDW_RAD  4MK01  H6    1.49
VDW_EPS  4MK01  H6    0.02
VDW_RAD  4MK01  H8    1.49
VDW_EPS  4MK01  H8    0.02
VDW_RAD  4MK01  H9    1.49
VDW_EPS  4MK01  H9    0.02
VDW_RAD  4MK01  H9A   1.49
VDW_EPS  4MK01  H9A   0.02
VDW_RAD  4MK01  H10   1.49
VDW_EPS  4MK01  H10   0.02
VDW_RAD  4MK01 H10A   1.49
VDW_EPS  4MK01 H10A   0.02
VDW_RAD  4MK01 HN11   1.49
VDW_EPS  4MK01 HN11   0.02
VDW_RAD  4MK01  H12   1.49
VDW_EPS  4MK01  H12   0.02
VDW_RAD  4MK01 H12A   1.49
VDW_EPS  4MK01 H12A   0.02
VDW_RAD  4MK01  H13   1.49
VDW_EPS  4MK01  H13   0.02
VDW_RAD  4MK01 H13A   1.49
VDW_EPS  4MK01 H13A   0.02
VDW_RAD  4MK01  H15   1.49
VDW_EPS  4MK01  H15   0.02
VDW_RAD  4MK01 H15A   1.49
VDW_EPS  4MK01 H15A   0.02
VDW_RAD  4MK01 H15B   1.49
VDW_EPS  4MK01 H15B   0.02
VDW_RAD  4MK01  H16   1.49
VDW_EPS  4MK01  H16   0.02
VDW_RAD  4MK01 HN18   1.49
VDW_EPS  4MK01 HN18   0.02
VDW_RAD  4MK01  H21   1.49
VDW_EPS  4MK01  H21   0.02
VDW_RAD  4MK01 HN25   1.49
VDW_EPS  4MK01 HN25   0.02
VDW_RAD  4MK01  H27   1.49
VDW_EPS  4MK01  H27   0.02
VDW_RAD  4MK01  H28   1.49
VDW_EPS  4MK01  H28   0.02
VDW_RAD  4MK01  H29   1.49
VDW_EPS  4MK01  H29   0.02
VDW_RAD  4MK01  H30   1.49
VDW_EPS  4MK01  H30   0.02
VDW_RAD  4MK01  H35   1.49
VDW_EPS  4MK01  H35   0.02
VDW_RAD  4MK01  H36   1.49
VDW_EPS  4MK01  H36   0.02
VDW_RAD  4MK01 H36A   1.49
VDW_EPS  4MK01 H36A   0.02
VDW_RAD  4MK01 H36B   1.49
VDW_EPS  4MK01 H36B   0.02
VDW_RAD  4MK01  H37   1.49
VDW_EPS  4MK01  H37   0.02
VDW_RAD  4MK01 H37A   1.49
VDW_EPS  4MK01 H37A   0.02
VDW_RAD  4MK01 H37B   1.49
VDW_EPS  4MK01 H37B   0.02
CHARGE   TYR-1  HB2     0.000
CHARGE   TYR-1  HB3     0.000
CHARGE   CYS-1  HB2     0.000
CHARGE   CYS-1  HB3     0.000
CHARGE   LYS+1  CB      0.000
CHARGE   LYS+1  HB2     0.000
CHARGE   LYS+1  HB3     0.000
CHARGE   LYS+1  CG      0.000
CHARGE   LYS+1  HG2     0.000
CHARGE   LYS+1  HG3     0.000
CHARGE   LYS+1  CD      0.000
CHARGE   LYS+1  HD2     0.000
CHARGE   LYS+1  HD3     0.000
CHARGE   LYS+1  HE2     0.000
CHARGE   LYS+1  HE3     0.000
CHARGE   ASP-1  CB      0.000
CHARGE   ASP-1  HB2     0.000
CHARGE   ASP-1  HB3     0.000
CHARGE   ASP02  CB      0.000
CHARGE   ASP02  HB2     0.000
CHARGE   ASP02  HB3     0.000
CHARGE   GLU-1  CB      0.000
CHARGE   GLU-1  HB2     0.000
CHARGE   GLU-1  HB3     0.000
CHARGE   GLU-1  CG      0.000
CHARGE   GLU-1  HG2     0.000
CHARGE   GLU-1  HG3     0.000
CHARGE   GLU02  CB      0.000
CHARGE   GLU02  HB2     0.000
CHARGE   GLU02  HB3     0.000
CHARGE   GLU02  CG      0.000
CHARGE   GLU02  HG2     0.000
CHARGE   GLU02  HG3     0.000
CHARGE   ARG+1  CB      0.000
CHARGE   ARG+1  HB2     0.000
CHARGE   ARG+1  HB3     0.000
CHARGE   ARG+1  CG      0.000
CHARGE   ARG+1  HG2     0.000
CHARGE   ARG+1  HG3     0.000
CHARGE   ARG+1  HD2     0.000
CHARGE   ARG+1  HD3     0.000
CHARGE   ARG03  CB      0.000
CHARGE   ARG03  HB2     0.000
CHARGE   ARG03  HB3     0.000
CHARGE   ARG03  CG      0.000
CHARGE   ARG03  HG2     0.000
CHARGE   ARG03  HG3     0.000
CHARGE   ARG03  HD2     0.000
CHARGE   ARG03  HD3     0.000
CHARGE   ARG02  CB      0.000
CHARGE   ARG02  HB2     0.000
CHARGE   ARG02  HB3     0.000
CHARGE   ARG02  CG      0.000
CHARGE   ARG02  HG2     0.000
CHARGE   ARG02  HG3     0.000
CHARGE   ARG02  HD2     0.000
CHARGE   ARG02  HD3     0.000
CHARGE   HIS+1  HB2     0.000
CHARGE   HIS+1  HB3     0.000
CHARGE   HIS02  HB2     0.000
CHARGE   HIS02  HB3     0.000
   Error! get_connect12(): connectivity of atom " N   ASN A1093" is not complete:

          get_connect12(): atom  C   of residue i-1 is not found 

   Error! get_connect12(): connectivity of atom " C   SER A1136" is not complete:

          get_connect12(): atom  N   of residue i+1 is not found 

   Error! get_connect12(): connectivity of atom " N   SER A1143" is not complete:

          get_connect12(): atom  C   of residue i-1 is not found 

   Error! get_connect12(): connectivity of atom " C   TYR A1401" is not complete:

          get_connect12(): atom  N   of residue i+1 is not found 

   Error! get_connect12(): connectivity of atom " N   ASN A1093" is not complete:

          get_connect12(): atom  C   of residue i-1 is not found 

   Error! get_connect12(): connectivity of atom " C   SER A1136" is not complete:

          get_connect12(): atom  N   of residue i+1 is not found 

   Error! get_connect12(): connectivity of atom " N   SER A1143" is not complete:

          get_connect12(): atom  C   of residue i-1 is not found 

   Error! get_connect12(): connectivity of atom " C   TYR A1401" is not complete:

          get_connect12(): atom  N   of residue i+1 is not found 

   Error! get_connect12(): connectivity of atom " N   ASN A1093" is not complete:

          get_connect12(): atom  C   of residue i-1 is not found 

   Error! get_connect12(): connectivity of atom " C   SER A1136" is not complete:

          get_connect12(): atom  N   of residue i+1 is not found 

   Error! get_connect12(): connectivity of atom " N   SER A1143" is not complete:

          get_connect12(): atom  C   of residue i-1 is not found 

   Error! get_connect12(): connectivity of atom " C   TYR A1401" is not complete:

          get_connect12(): atom  N   of residue i+1 is not found 

   Error! get_connect12(): connectivity of atom " N   ASN A1093" is not complete:

          get_connect12(): atom  C   of residue i-1 is not found 

   Error! get_connect12(): connectivity of atom " C   SER A1136" is not complete:

          get_connect12(): atom  N   of residue i+1 is not found 

   Error! get_connect12(): connectivity of atom " N   SER A1143" is not complete:

          get_connect12(): atom  C   of residue i-1 is not found 

   Error! get_connect12(): connectivity of atom " C   TYR A1401" is not complete:

          get_connect12(): atom  N   of residue i+1 is not found 

   Error! get_connect12(): connectivity of atom " N   ASN A1093" is not complete:

          get_connect12(): atom  C   of residue i-1 is not found 

   Error! get_connect12(): connectivity of atom " C   SER A1136" is not complete:

          get_connect12(): atom  N   of residue i+1 is not found 

   Error! get_connect12(): connectivity of atom " N   SER A1143" is not complete:

          get_connect12(): atom  C   of residue i-1 is not found 

   Error! get_connect12(): connectivity of atom " C   TYR A1401" is not complete:

          get_connect12(): atom  N   of residue i+1 is not found 

   Error! get_connect12(): connectivity of atom " N   ASN A1093" is not complete:

          get_connect12(): atom  C   of residue i-1 is not found 

   Error! get_connect12(): connectivity of atom " C   SER A1136" is not complete:

          get_connect12(): atom  N   of residue i+1 is not found 

   Error! get_connect12(): connectivity of atom " N   SER A1143" is not complete:

          get_connect12(): atom  C   of residue i-1 is not found 

   Error! get_connect12(): connectivity of atom " C   TYR A1401" is not complete:

          get_connect12(): atom  N   of residue i+1 is not found 

   Error! get_connect12(): connectivity of atom " N   ASN A1093" is not complete:

          get_connect12(): atom  C   of residue i-1 is not found 

   Error! get_connect12(): connectivity of atom " C   SER A1136" is not complete:

          get_connect12(): atom  N   of residue i+1 is not found 

   Error! get_connect12(): connectivity of atom " N   SER A1143" is not complete:

          get_connect12(): atom  C   of residue i-1 is not found 

   Error! get_connect12(): connectivity of atom " C   TYR A1401" is not complete:

          get_connect12(): atom  N   of residue i+1 is not found 

   Error! get_connect12(): connectivity of atom " N   ASN A1093" is not complete:

          get_connect12(): atom  C   of residue i-1 is not found 

   Error! get_connect12(): connectivity of atom " C   SER A1136" is not complete:

          get_connect12(): atom  N   of residue i+1 is not found 

   Error! get_connect12(): connectivity of atom " N   SER A1143" is not complete:

          get_connect12(): atom  C   of residue i-1 is not found 

   Error! get_connect12(): connectivity of atom " C   TYR A1401" is not complete:

          get_connect12(): atom  N   of residue i+1 is not found 

   Error! get_connect12(): connectivity of atom " N   ASN A1093" is not complete:

          get_connect12(): atom  C   of residue i-1 is not found 

   Error! get_connect12(): connectivity of atom " C   SER A1136" is not complete:

          get_connect12(): atom  N   of residue i+1 is not found 

   Error! get_connect12(): connectivity of atom " N   SER A1143" is not complete:

          get_connect12(): atom  C   of residue i-1 is not found 

   Error! get_connect12(): connectivity of atom " C   TYR A1401" is not complete:

          get_connect12(): atom  N   of residue i+1 is not found 

   Error! get_connect12(): connectivity of atom " N   ASN A1093" is not complete:

          get_connect12(): atom  C   of residue i-1 is not found 

   Error! get_connect12(): connectivity of atom " C   SER A1136" is not complete:

          get_connect12(): atom  N   of residue i+1 is not found 

   Error! get_connect12(): connectivity of atom " N   SER A1143" is not complete:

          get_connect12(): atom  C   of residue i-1 is not found 

   Error! get_connect12(): connectivity of atom " C   TYR A1401" is not complete:

          get_connect12(): atom  N   of residue i+1 is not found 

