ForkPoolWorker-1: Calling delphi to calculate conformer IRE+aA1101_001 in /tmp/pbe_data.data.home.granepura.5-kinases.cof_tpl_mg.run_cof2.4wkq_IRE+aA1101_001
ForkPoolWorker-1: Calling delphi to calculate conformer IRE01A1101_002 in /tmp/pbe_data.data.home.granepura.5-kinases.cof_tpl_mg.run_cof2.4wkq_IRE01A1101_002
ForkPoolWorker-1: Calling delphi to calculate conformer IRE+1A1101_003 in /tmp/pbe_data.data.home.granepura.5-kinases.cof_tpl_mg.run_cof2.4wkq_IRE+1A1101_003
ForkPoolWorker-1: Calling delphi to calculate conformer IRE+2A1101_004 in /tmp/pbe_data.data.home.granepura.5-kinases.cof_tpl_mg.run_cof2.4wkq_IRE+2A1101_004
ForkPoolWorker-1: Calling delphi to calculate conformer IRE+3A1101_005 in /tmp/pbe_data.data.home.granepura.5-kinases.cof_tpl_mg.run_cof2.4wkq_IRE+3A1101_005
ForkPoolWorker-1: Calling delphi to calculate conformer _NA+1A1102_001 in /tmp/pbe_data.data.home.granepura.5-kinases.cof_tpl_mg.run_cof2.4wkq__NA+1A1102_001
ForkPoolWorker-1: Calling delphi to calculate conformer IRE+aA1101_001 in /tmp/pbe_data.data.home.granepura.5-kinases.cof_tpl_mg.run_cof2.4WKQ_IRE+aA1101_001
ForkPoolWorker-1: Calling delphi to calculate conformer IRE01A1101_002 in /tmp/pbe_data.data.home.granepura.5-kinases.cof_tpl_mg.run_cof2.4WKQ_IRE01A1101_002
ForkPoolWorker-1: Calling delphi to calculate conformer IRE+1A1101_003 in /tmp/pbe_data.data.home.granepura.5-kinases.cof_tpl_mg.run_cof2.4WKQ_IRE+1A1101_003
ForkPoolWorker-1: Calling delphi to calculate conformer IRE+2A1101_004 in /tmp/pbe_data.data.home.granepura.5-kinases.cof_tpl_mg.run_cof2.4WKQ_IRE+2A1101_004
ForkPoolWorker-1: Calling delphi to calculate conformer IRE+3A1101_005 in /tmp/pbe_data.data.home.granepura.5-kinases.cof_tpl_mg.run_cof2.4WKQ_IRE+3A1101_005
ForkPoolWorker-1: Calling delphi to calculate conformer _NA+1A1102_001 in /tmp/pbe_data.data.home.granepura.5-kinases.cof_tpl_mg.run_cof2.4WKQ__NA+1A1102_001
ForkPoolWorker-1: Calling delphi to calculate conformer IRE+aA1101_001 in /tmp/pbe_data.data.home.granepura.5-kinases.cof_tpl_mg.run_cof2.4WKQ_IRE+aA1101_001
ForkPoolWorker-1: Calling delphi to calculate conformer IRE01A1101_002 in /tmp/pbe_data.data.home.granepura.5-kinases.cof_tpl_mg.run_cof2.4WKQ_IRE01A1101_002
ForkPoolWorker-1: Calling delphi to calculate conformer IRE+1A1101_003 in /tmp/pbe_data.data.home.granepura.5-kinases.cof_tpl_mg.run_cof2.4WKQ_IRE+1A1101_003
ForkPoolWorker-1: Calling delphi to calculate conformer IRE+2A1101_004 in /tmp/pbe_data.data.home.granepura.5-kinases.cof_tpl_mg.run_cof2.4WKQ_IRE+2A1101_004
ForkPoolWorker-1: Calling delphi to calculate conformer IRE+3A1101_005 in /tmp/pbe_data.data.home.granepura.5-kinases.cof_tpl_mg.run_cof2.4WKQ_IRE+3A1101_005
ForkPoolWorker-1: Calling delphi to calculate conformer _NA+1A1102_001 in /tmp/pbe_data.data.home.granepura.5-kinases.cof_tpl_mg.run_cof2.4WKQ__NA+1A1102_001
ForkPoolWorker-1: Calling delphi to calculate conformer IRE+aA1101_001 in /tmp/pbe_data.data.home.granepura.5-kinases.cof_tpl_mg.run_cof2.4WKQ_IRE+aA1101_001
ForkPoolWorker-1: Calling delphi to calculate conformer IRE01A1101_002 in /tmp/pbe_data.data.home.granepura.5-kinases.cof_tpl_mg.run_cof2.4WKQ_IRE01A1101_002
ForkPoolWorker-1: Calling delphi to calculate conformer IRE+1A1101_003 in /tmp/pbe_data.data.home.granepura.5-kinases.cof_tpl_mg.run_cof2.4WKQ_IRE+1A1101_003
ForkPoolWorker-1: Calling delphi to calculate conformer IRE+2A1101_004 in /tmp/pbe_data.data.home.granepura.5-kinases.cof_tpl_mg.run_cof2.4WKQ_IRE+2A1101_004
ForkPoolWorker-1: Calling delphi to calculate conformer IRE+3A1101_005 in /tmp/pbe_data.data.home.granepura.5-kinases.cof_tpl_mg.run_cof2.4WKQ_IRE+3A1101_005
ForkPoolWorker-1: Calling delphi to calculate conformer _NA+1A1102_001 in /tmp/pbe_data.data.home.granepura.5-kinases.cof_tpl_mg.run_cof2.4WKQ__NA+1A1102_001
ForkPoolWorker-1: Calling delphi to calculate conformer IRE+aA1101_001 in /tmp/pbe_data.data.home.granepura.5-kinases.cof_tpl_mg.run_cof2.4WKQ_IRE+aA1101_001
ForkPoolWorker-1: Calling delphi to calculate conformer IRE01A1101_002 in /tmp/pbe_data.data.home.granepura.5-kinases.cof_tpl_mg.run_cof2.4WKQ_IRE01A1101_002
ForkPoolWorker-1: Calling delphi to calculate conformer IRE+1A1101_003 in /tmp/pbe_data.data.home.granepura.5-kinases.cof_tpl_mg.run_cof2.4WKQ_IRE+1A1101_003
ForkPoolWorker-1: Calling delphi to calculate conformer IRE+2A1101_004 in /tmp/pbe_data.data.home.granepura.5-kinases.cof_tpl_mg.run_cof2.4WKQ_IRE+2A1101_004
ForkPoolWorker-1: Calling delphi to calculate conformer IRE+3A1101_005 in /tmp/pbe_data.data.home.granepura.5-kinases.cof_tpl_mg.run_cof2.4WKQ_IRE+3A1101_005
ForkPoolWorker-1: Calling delphi to calculate conformer _NA+1A1102_001 in /tmp/pbe_data.data.home.granepura.5-kinases.cof_tpl_mg.run_cof2.4WKQ__NA+1A1102_001
ForkPoolWorker-1: Calling delphi to calculate conformer IRE+aA1101_001 in /tmp/pbe_data.data.home.granepura.5-kinases.cof_tpl_mg.run_cof2.4WKQ_IRE+aA1101_001
ForkPoolWorker-1: Calling delphi to calculate conformer IRE01A1101_002 in /tmp/pbe_data.data.home.granepura.5-kinases.cof_tpl_mg.run_cof2.4WKQ_IRE01A1101_002
ForkPoolWorker-1: Calling delphi to calculate conformer IRE+1A1101_003 in /tmp/pbe_data.data.home.granepura.5-kinases.cof_tpl_mg.run_cof2.4WKQ_IRE+1A1101_003
ForkPoolWorker-1: Calling delphi to calculate conformer IRE+2A1101_004 in /tmp/pbe_data.data.home.granepura.5-kinases.cof_tpl_mg.run_cof2.4WKQ_IRE+2A1101_004
ForkPoolWorker-1: Calling delphi to calculate conformer IRE+3A1101_005 in /tmp/pbe_data.data.home.granepura.5-kinases.cof_tpl_mg.run_cof2.4WKQ_IRE+3A1101_005
ForkPoolWorker-1: Calling delphi to calculate conformer _NA+1A1102_001 in /tmp/pbe_data.data.home.granepura.5-kinases.cof_tpl_mg.run_cof2.4WKQ__NA+1A1102_001
ForkPoolWorker-1: Calling delphi to calculate conformer (1/6) IRE+aA1101_001 in /tmp/pbe_data.data.home.schowdhury.Project_kinases.cof_tpl_mg.run_cof2.4WKQ_IRE+aA1101_001
ForkPoolWorker-1: Calling delphi to calculate conformer (2/6) IRE01A1101_002 in /tmp/pbe_data.data.home.schowdhury.Project_kinases.cof_tpl_mg.run_cof2.4WKQ_IRE01A1101_002
ForkPoolWorker-1: Calling delphi to calculate conformer (3/6) IRE+1A1101_003 in /tmp/pbe_data.data.home.schowdhury.Project_kinases.cof_tpl_mg.run_cof2.4WKQ_IRE+1A1101_003
ForkPoolWorker-1: Calling delphi to calculate conformer (4/6) IRE+2A1101_004 in /tmp/pbe_data.data.home.schowdhury.Project_kinases.cof_tpl_mg.run_cof2.4WKQ_IRE+2A1101_004
ForkPoolWorker-1: Calling delphi to calculate conformer (5/6) IRE+3A1101_005 in /tmp/pbe_data.data.home.schowdhury.Project_kinases.cof_tpl_mg.run_cof2.4WKQ_IRE+3A1101_005
ForkPoolWorker-1: Calling delphi to calculate conformer (6/6) _NA+1A1102_001 in /tmp/pbe_data.data.home.schowdhury.Project_kinases.cof_tpl_mg.run_cof2.4WKQ__NA+1A1102_001
