2025-07-16 18:25:31 - INFO: pdbio_gr, <module>: Step 3. Energies calculation with PBE solver.
2025-07-16 18:25:31 - INFO: pdbio_gr, <module>: Calling new VDW....No Scaling Applied
2025-07-16 18:25:31 - INFO: pdbio_gr, <module>:    Process run time options & convert step2_out.pdb.
2025-07-16 18:25:31 - INFO: pdbio_gr, load_ftpl: Reading parameters from /home/granepura/MCCE4/param
2025-07-16 18:25:31 - INFO: pdbio_gr, load_ftpl: Updating vdw parameters from /data/home/granepura/MCCE4/param/00always_needed.tpl
2025-07-16 18:25:31 - INFO: pdbio_gr, load_ftpl: Loading TORSION parameters from /data/home/granepura/MCCE4/param/00always_needed.tpl
2025-07-16 18:25:31 - INFO: pdbio_gr, <module>:    Prepare input for PB solver.
2025-07-16 18:25:31 - INFO: pdbio_gr, <module>:    Time needed: 0 seconds.
2025-07-16 18:25:31 - INFO: pdbio_gr, <module>:    Time needed: 0 seconds.
2025-07-16 18:25:31 - INFO: pdbio_gr, <module>:    Set up parallel envrionment and run PB solver.
2025-07-16 18:25:31 - INFO: pdbio_gr, <module>:    Running PBE solver in 1 threads
2025-07-16 18:25:31 - INFO: pdbio_gr, pbe: ForkPoolWorker-1: Calling delphi to calculate conformer IRE+aA1101_001
2025-07-16 18:25:32 - INFO: pdbio_gr, pbe: ForkPoolWorker-1: Calling delphi to calculate conformer IRE01A1101_002
2025-07-16 18:25:33 - INFO: pdbio_gr, pbe: ForkPoolWorker-1: Calling delphi to calculate conformer IRE+1A1101_003
2025-07-16 18:25:34 - INFO: pdbio_gr, pbe: ForkPoolWorker-1: Calling delphi to calculate conformer IRE+2A1101_004
2025-07-16 18:25:35 - INFO: pdbio_gr, pbe: ForkPoolWorker-1: Calling delphi to calculate conformer IRE+3A1101_005
2025-07-16 18:25:36 - INFO: pdbio_gr, pbe: ForkPoolWorker-1: Calling delphi to calculate conformer _NA+1A1102_001
2025-07-16 18:25:37 - INFO: pdbio_gr, <module>:    Time needed: 6 seconds.
2025-07-16 18:25:37 - INFO: pdbio_gr, <module>:    Post-processing of electrostatic potential.
2025-07-16 18:25:37 - INFO: pdbio_gr, <module>:    Processing ele pairwise interaction...
2025-07-16 18:25:37 - INFO: pdbio_gr, <module>:    Time needed: 0 seconds.
2025-07-16 18:25:37 - INFO: pdbio_gr, <module>:    Making atom connectivity ...
2025-07-16 18:25:37 - INFO: pdbio_gr, <module>:    Time needed: 0 seconds.
2025-07-16 18:25:37 - INFO: pdbio_gr, <module>:    Calculating vdw ...
2025-07-16 18:25:37 - INFO: pdbio_gr, <module>:    Time needed: 0 seconds.
2025-07-16 18:25:37 - INFO: pdbio_gr, <module>:    Calculating torsion energy ...
2025-07-16 18:25:37 - INFO: pdbio_gr, <module>:    Time needed: 0 seconds.
2025-07-16 18:25:37 - INFO: pdbio_gr, <module>:    Composing head3.lst ...
2025-07-16 18:25:37 - INFO: pdbio_gr, <module>:    Time needed: 0 seconds.
2025-07-16 18:25:37 - INFO: pdbio_gr, <module>:    Composing opp files ...
2025-07-16 18:25:37 - INFO: pdbio_gr, <module>:    Time needed: 0 seconds.
2025-07-16 18:25:37 - INFO: pdbio_gr, <module>:    Total time for step3 is 6 seconds.
2025-07-17 16:04:19 - INFO: pdbio_gr, <module>: Step 3. Energies calculation with PBE solver.
2025-07-17 16:04:19 - INFO: pdbio_gr, <module>: Calling new VDW....No Scaling Applied
2025-07-17 16:04:19 - INFO: pdbio_gr, <module>:    Process run time options & convert step2_out.pdb.
2025-07-17 16:04:19 - INFO: pdbio_gr, load_ftpl: Reading parameters from /home/granepura/MCCE4/param
2025-07-17 16:04:19 - INFO: pdbio_gr, load_ftpl: Updating vdw parameters from /data/home/granepura/MCCE4/param/00always_needed.tpl
2025-07-17 16:04:19 - INFO: pdbio_gr, load_ftpl: Loading TORSION parameters from /data/home/granepura/MCCE4/param/00always_needed.tpl
2025-07-17 16:04:19 - INFO: pdbio_gr, <module>:    Prepare input for PB solver.
2025-07-17 16:04:19 - INFO: pdbio_gr, <module>:    Time needed: 0 seconds.
2025-07-17 16:04:19 - INFO: pdbio_gr, <module>:    Time needed: 0 seconds.
2025-07-17 16:04:19 - INFO: pdbio_gr, <module>:    Set up parallel envrionment and run PB solver.
2025-07-17 16:04:19 - INFO: pdbio_gr, <module>:    Running PBE solver in 1 threads
2025-07-17 16:04:19 - INFO: pdbio_gr, pbe: ForkPoolWorker-1: Calling delphi to calculate conformer IRE+aA1101_001
2025-07-17 16:04:20 - INFO: pdbio_gr, pbe: ForkPoolWorker-1: Calling delphi to calculate conformer IRE01A1101_002
2025-07-17 16:04:21 - INFO: pdbio_gr, pbe: ForkPoolWorker-1: Calling delphi to calculate conformer IRE+1A1101_003
2025-07-17 16:04:22 - INFO: pdbio_gr, pbe: ForkPoolWorker-1: Calling delphi to calculate conformer IRE+2A1101_004
2025-07-17 16:04:23 - INFO: pdbio_gr, pbe: ForkPoolWorker-1: Calling delphi to calculate conformer IRE+3A1101_005
2025-07-17 16:04:24 - INFO: pdbio_gr, pbe: ForkPoolWorker-1: Calling delphi to calculate conformer _NA+1A1102_001
2025-07-17 16:04:25 - INFO: pdbio_gr, <module>:    Time needed: 6 seconds.
2025-07-17 16:04:25 - INFO: pdbio_gr, <module>:    Post-processing of electrostatic potential.
2025-07-17 16:04:25 - INFO: pdbio_gr, <module>:    Processing ele pairwise interaction...
2025-07-17 16:04:25 - INFO: pdbio_gr, <module>:    Time needed: 0 seconds.
2025-07-17 16:04:25 - INFO: pdbio_gr, <module>:    Making atom connectivity ...
2025-07-17 16:04:25 - INFO: pdbio_gr, <module>:    Time needed: 0 seconds.
2025-07-17 16:04:25 - INFO: pdbio_gr, <module>:    Calculating vdw ...
2025-07-17 16:04:25 - INFO: pdbio_gr, <module>:    Time needed: 0 seconds.
2025-07-17 16:04:25 - INFO: pdbio_gr, <module>:    Calculating torsion energy ...
2025-07-17 16:04:25 - INFO: pdbio_gr, <module>:    Time needed: 0 seconds.
2025-07-17 16:04:25 - INFO: pdbio_gr, <module>:    Composing head3.lst ...
2025-07-17 16:04:25 - INFO: pdbio_gr, <module>:    Time needed: 0 seconds.
2025-07-17 16:04:25 - INFO: pdbio_gr, <module>:    Composing opp files ...
2025-07-17 16:04:25 - INFO: pdbio_gr, <module>:    Time needed: 0 seconds.
2025-07-17 16:04:25 - INFO: pdbio_gr, <module>:    Total time for step3 is 6 seconds.
2025-07-18 19:15:20 - INFO: pdbio_gr, <module>: Step 3. Energies calculation with PBE solver.
2025-07-18 19:15:20 - INFO: pdbio_gr, <module>: Calling new VDW....No Scaling Applied
2025-07-18 19:15:20 - INFO: pdbio_gr, <module>:    Process run time options & convert step2_out.pdb.
2025-07-18 19:15:20 - INFO: pdbio_gr, load_ftpl: Reading parameters from /home/granepura/MCCE4/param
2025-07-18 19:15:20 - INFO: pdbio_gr, load_ftpl: Updating vdw parameters from /data/home/granepura/MCCE4/param/00always_needed.tpl
2025-07-18 19:15:20 - INFO: pdbio_gr, load_ftpl: Loading TORSION parameters from /data/home/granepura/MCCE4/param/00always_needed.tpl
2025-07-18 19:15:20 - INFO: pdbio_gr, <module>:    Prepare input for PB solver.
2025-07-18 19:15:20 - INFO: pdbio_gr, <module>:    Time needed: 0 seconds.
2025-07-18 19:15:21 - INFO: pdbio_gr, <module>:    Time needed: 0 seconds.
2025-07-18 19:15:21 - INFO: pdbio_gr, <module>:    Set up parallel envrionment and run PB solver.
2025-07-18 19:15:21 - INFO: pdbio_gr, <module>:    Running PBE solver in 1 threads
2025-07-18 19:15:21 - INFO: pdbio_gr, pbe: ForkPoolWorker-1: Calling ngpb to calculate conformer IRE+aA1101_001
2025-07-18 19:15:23 - INFO: pdbio_gr, pbe: ForkPoolWorker-1: Calling ngpb to calculate conformer IRE01A1101_002
2025-07-18 19:15:24 - INFO: pdbio_gr, pbe: ForkPoolWorker-1: Calling ngpb to calculate conformer IRE+1A1101_003
2025-07-18 19:15:24 - INFO: pdbio_gr, pbe: ForkPoolWorker-1: Calling ngpb to calculate conformer IRE+2A1101_004
2025-07-18 19:15:25 - INFO: pdbio_gr, pbe: ForkPoolWorker-1: Calling ngpb to calculate conformer IRE+3A1101_005
2025-07-18 19:15:26 - INFO: pdbio_gr, pbe: ForkPoolWorker-1: Calling ngpb to calculate conformer _NA+1A1102_001
2025-07-18 19:15:27 - INFO: pdbio_gr, <module>:    Time needed: 6 seconds.
2025-07-18 19:15:27 - INFO: pdbio_gr, <module>:    Post-processing of electrostatic potential.
2025-07-18 19:15:27 - INFO: pdbio_gr, <module>:    Processing ele pairwise interaction...
2025-07-18 19:15:27 - INFO: pdbio_gr, <module>:    Time needed: 0 seconds.
2025-07-18 19:15:27 - INFO: pdbio_gr, <module>:    Making atom connectivity ...
2025-07-18 19:15:27 - INFO: pdbio_gr, <module>:    Time needed: 0 seconds.
2025-07-18 19:15:27 - INFO: pdbio_gr, <module>:    Calculating vdw ...
2025-07-18 19:15:27 - INFO: pdbio_gr, <module>:    Time needed: 0 seconds.
2025-07-18 19:15:27 - INFO: pdbio_gr, <module>:    Calculating torsion energy ...
2025-07-18 19:15:27 - INFO: pdbio_gr, <module>:    Time needed: 0 seconds.
2025-07-18 19:15:27 - INFO: pdbio_gr, <module>:    Composing head3.lst ...
2025-07-18 19:15:27 - INFO: pdbio_gr, <module>:    Time needed: 0 seconds.
2025-07-18 19:15:27 - INFO: pdbio_gr, <module>:    Composing opp files ...
2025-07-18 19:15:27 - INFO: pdbio_gr, <module>:    Time needed: 0 seconds.
2025-07-18 19:15:27 - INFO: pdbio_gr, <module>:    Total time for step3 is 6 seconds.
2025-07-18 19:27:26 - INFO: pdbio_gr, <module>: Step 3. Energies calculation with PBE solver.
2025-07-18 19:27:26 - INFO: pdbio_gr, <module>: Calling new VDW....No Scaling Applied
2025-07-18 19:27:26 - INFO: pdbio_gr, <module>:    Process run time options & convert step2_out.pdb.
2025-07-18 19:27:26 - INFO: pdbio_gr, load_ftpl: Reading parameters from /home/granepura/MCCE4/param
2025-07-18 19:27:26 - INFO: pdbio_gr, load_ftpl: Updating vdw parameters from /data/home/granepura/MCCE4/param/00always_needed.tpl
2025-07-18 19:27:26 - INFO: pdbio_gr, load_ftpl: Loading TORSION parameters from /data/home/granepura/MCCE4/param/00always_needed.tpl
2025-07-18 19:27:26 - INFO: pdbio_gr, <module>:    Prepare input for PB solver.
2025-07-18 19:27:26 - INFO: pdbio_gr, <module>:    Time needed: 0 seconds.
2025-07-18 19:27:27 - INFO: pdbio_gr, <module>:    Time needed: 0 seconds.
2025-07-18 19:27:27 - INFO: pdbio_gr, <module>:    Set up parallel envrionment and run PB solver.
2025-07-18 19:27:27 - INFO: pdbio_gr, <module>:    Running PBE solver in 1 threads
2025-07-18 19:27:27 - INFO: pdbio_gr, pbe: ForkPoolWorker-1: Calling ngpb to calculate conformer IRE+aA1101_001
2025-07-18 19:27:29 - INFO: pdbio_gr, pbe: ForkPoolWorker-1: Calling ngpb to calculate conformer IRE01A1101_002
2025-07-18 19:27:29 - INFO: pdbio_gr, pbe: ForkPoolWorker-1: Calling ngpb to calculate conformer IRE+1A1101_003
2025-07-18 19:27:30 - INFO: pdbio_gr, pbe: ForkPoolWorker-1: Calling ngpb to calculate conformer IRE+2A1101_004
2025-07-18 19:27:31 - INFO: pdbio_gr, pbe: ForkPoolWorker-1: Calling ngpb to calculate conformer IRE+3A1101_005
2025-07-18 19:27:32 - INFO: pdbio_gr, pbe: ForkPoolWorker-1: Calling ngpb to calculate conformer _NA+1A1102_001
2025-07-18 19:27:33 - INFO: pdbio_gr, <module>:    Time needed: 6 seconds.
2025-07-18 19:27:33 - INFO: pdbio_gr, <module>:    Post-processing of electrostatic potential.
2025-07-18 19:27:33 - INFO: pdbio_gr, <module>:    Processing ele pairwise interaction...
2025-07-18 19:27:33 - INFO: pdbio_gr, <module>:    Time needed: 0 seconds.
2025-07-18 19:27:33 - INFO: pdbio_gr, <module>:    Making atom connectivity ...
2025-07-18 19:27:33 - INFO: pdbio_gr, <module>:    Time needed: 0 seconds.
2025-07-18 19:27:33 - INFO: pdbio_gr, <module>:    Calculating vdw ...
2025-07-18 19:27:33 - INFO: pdbio_gr, <module>:    Time needed: 0 seconds.
2025-07-18 19:27:33 - INFO: pdbio_gr, <module>:    Calculating torsion energy ...
2025-07-18 19:27:33 - INFO: pdbio_gr, <module>:    Time needed: 0 seconds.
2025-07-18 19:27:33 - INFO: pdbio_gr, <module>:    Composing head3.lst ...
2025-07-18 19:27:33 - INFO: pdbio_gr, <module>:    Time needed: 0 seconds.
2025-07-18 19:27:33 - INFO: pdbio_gr, <module>:    Composing opp files ...
2025-07-18 19:27:33 - INFO: pdbio_gr, <module>:    Time needed: 0 seconds.
2025-07-18 19:27:33 - INFO: pdbio_gr, <module>:    Total time for step3 is 6 seconds.
2025-07-18 19:37:04 - INFO: pdbio_gr, <module>: Step 3. Energies calculation with PBE solver.
2025-07-18 19:37:04 - INFO: pdbio_gr, <module>: Calling new VDW....No Scaling Applied
2025-07-18 19:37:04 - INFO: pdbio_gr, <module>:    Process run time options & convert step2_out.pdb.
2025-07-18 19:37:04 - INFO: pdbio_gr, load_ftpl: Reading parameters from /home/granepura/MCCE4/param
2025-07-18 19:37:04 - INFO: pdbio_gr, load_ftpl: Updating vdw parameters from /data/home/granepura/MCCE4/param/00always_needed.tpl
2025-07-18 19:37:04 - INFO: pdbio_gr, load_ftpl: Loading TORSION parameters from /data/home/granepura/MCCE4/param/00always_needed.tpl
2025-07-18 19:37:04 - INFO: pdbio_gr, <module>:    Prepare input for PB solver.
2025-07-18 19:37:04 - INFO: pdbio_gr, <module>:    Time needed: 0 seconds.
2025-07-18 19:37:05 - INFO: pdbio_gr, <module>:    Time needed: 0 seconds.
2025-07-18 19:37:05 - INFO: pdbio_gr, <module>:    Set up parallel envrionment and run PB solver.
2025-07-18 19:37:05 - INFO: pdbio_gr, <module>:    Running PBE solver in 1 threads
2025-07-18 19:37:05 - INFO: pdbio_gr, pbe: ForkPoolWorker-1: Calling ngpb to calculate conformer IRE+aA1101_001
2025-07-18 19:37:07 - INFO: pdbio_gr, pbe: ForkPoolWorker-1: Calling ngpb to calculate conformer IRE01A1101_002
2025-07-18 19:37:07 - INFO: pdbio_gr, pbe: ForkPoolWorker-1: Calling ngpb to calculate conformer IRE+1A1101_003
2025-07-18 19:37:08 - INFO: pdbio_gr, pbe: ForkPoolWorker-1: Calling ngpb to calculate conformer IRE+2A1101_004
2025-07-18 19:37:09 - INFO: pdbio_gr, pbe: ForkPoolWorker-1: Calling ngpb to calculate conformer IRE+3A1101_005
2025-07-18 19:37:10 - INFO: pdbio_gr, pbe: ForkPoolWorker-1: Calling ngpb to calculate conformer _NA+1A1102_001
2025-07-18 19:37:11 - INFO: pdbio_gr, <module>:    Time needed: 6 seconds.
2025-07-18 19:37:11 - INFO: pdbio_gr, <module>:    Post-processing of electrostatic potential.
2025-07-18 19:37:11 - INFO: pdbio_gr, <module>:    Processing ele pairwise interaction...
2025-07-18 19:37:11 - INFO: pdbio_gr, <module>:    Time needed: 0 seconds.
2025-07-18 19:37:11 - INFO: pdbio_gr, <module>:    Making atom connectivity ...
2025-07-18 19:37:11 - INFO: pdbio_gr, <module>:    Time needed: 0 seconds.
2025-07-18 19:37:11 - INFO: pdbio_gr, <module>:    Calculating vdw ...
2025-07-18 19:37:11 - INFO: pdbio_gr, <module>:    Time needed: 0 seconds.
2025-07-18 19:37:11 - INFO: pdbio_gr, <module>:    Calculating torsion energy ...
2025-07-18 19:37:11 - INFO: pdbio_gr, <module>:    Time needed: 0 seconds.
2025-07-18 19:37:11 - INFO: pdbio_gr, <module>:    Composing head3.lst ...
2025-07-18 19:37:11 - INFO: pdbio_gr, <module>:    Time needed: 0 seconds.
2025-07-18 19:37:11 - INFO: pdbio_gr, <module>:    Composing opp files ...
2025-07-18 19:37:11 - INFO: pdbio_gr, <module>:    Time needed: 0 seconds.
2025-07-18 19:37:11 - INFO: pdbio_gr, <module>:    Total time for step3 is 6 seconds.
2025-07-18 20:10:47 - INFO: pdbio_gr, <module>: Step 3. Energies calculation with PBE solver.
2025-07-18 20:10:47 - INFO: pdbio_gr, <module>: Calling new VDW....No Scaling Applied
2025-07-18 20:10:47 - INFO: pdbio_gr, <module>:    Process run time options & convert step2_out.pdb.
2025-07-18 20:10:47 - INFO: pdbio_gr, load_ftpl: Reading parameters from /home/granepura/MCCE4/param
2025-07-18 20:10:47 - INFO: pdbio_gr, load_ftpl: Updating vdw parameters from /data/home/granepura/MCCE4/param/00always_needed.tpl
2025-07-18 20:10:47 - INFO: pdbio_gr, load_ftpl: Loading TORSION parameters from /data/home/granepura/MCCE4/param/00always_needed.tpl
2025-07-18 20:10:47 - INFO: pdbio_gr, <module>:    Prepare input for PB solver.
2025-07-18 20:10:47 - INFO: pdbio_gr, <module>:    Time needed: 0 seconds.
2025-07-18 20:10:47 - INFO: pdbio_gr, <module>:    Time needed: 0 seconds.
2025-07-18 20:10:47 - INFO: pdbio_gr, <module>:    Set up parallel envrionment and run PB solver.
2025-07-18 20:10:47 - INFO: pdbio_gr, <module>:    Running PBE solver in 1 threads
2025-07-18 20:10:47 - INFO: pdbio_gr, pbe: ForkPoolWorker-1: Calling delphi to calculate conformer IRE+aA1101_001
2025-07-18 20:10:48 - INFO: pdbio_gr, pbe: ForkPoolWorker-1: Calling delphi to calculate conformer IRE01A1101_002
2025-07-18 20:10:49 - INFO: pdbio_gr, pbe: ForkPoolWorker-1: Calling delphi to calculate conformer IRE+1A1101_003
2025-07-18 20:10:50 - INFO: pdbio_gr, pbe: ForkPoolWorker-1: Calling delphi to calculate conformer IRE+2A1101_004
2025-07-18 20:10:51 - INFO: pdbio_gr, pbe: ForkPoolWorker-1: Calling delphi to calculate conformer IRE+3A1101_005
2025-07-18 20:10:52 - INFO: pdbio_gr, pbe: ForkPoolWorker-1: Calling delphi to calculate conformer _NA+1A1102_001
2025-07-18 20:10:53 - INFO: pdbio_gr, <module>:    Time needed: 6 seconds.
2025-07-18 20:10:53 - INFO: pdbio_gr, <module>:    Post-processing of electrostatic potential.
2025-07-18 20:10:53 - INFO: pdbio_gr, <module>:    Processing ele pairwise interaction...
2025-07-18 20:10:53 - INFO: pdbio_gr, <module>:    Time needed: 0 seconds.
2025-07-18 20:10:53 - INFO: pdbio_gr, <module>:    Making atom connectivity ...
2025-07-18 20:10:53 - INFO: pdbio_gr, <module>:    Time needed: 0 seconds.
2025-07-18 20:10:53 - INFO: pdbio_gr, <module>:    Calculating vdw ...
2025-07-18 20:10:53 - INFO: pdbio_gr, <module>:    Time needed: 0 seconds.
2025-07-18 20:10:53 - INFO: pdbio_gr, <module>:    Calculating torsion energy ...
2025-07-18 20:10:53 - INFO: pdbio_gr, <module>:    Time needed: 0 seconds.
2025-07-18 20:10:53 - INFO: pdbio_gr, <module>:    Composing head3.lst ...
2025-07-18 20:10:53 - INFO: pdbio_gr, <module>:    Time needed: 0 seconds.
2025-07-18 20:10:53 - INFO: pdbio_gr, <module>:    Composing opp files ...
2025-07-18 20:10:53 - INFO: pdbio_gr, <module>:    Time needed: 0 seconds.
2025-07-18 20:10:53 - INFO: pdbio_gr, <module>:    Total time for step3 is 6 seconds.
2025-07-18 20:25:59 - INFO: pdbio_gr, <module>: Step 3. Energies calculation with PBE solver.
2025-07-18 20:25:59 - INFO: pdbio_gr, <module>: Calling new VDW....No Scaling Applied
2025-07-18 20:25:59 - INFO: pdbio_gr, <module>:    Process run time options & convert step2_out.pdb.
2025-07-18 20:25:59 - INFO: pdbio_gr, load_ftpl: Reading parameters from /home/granepura/MCCE4/param
2025-07-18 20:25:59 - INFO: pdbio_gr, load_ftpl: Updating vdw parameters from /data/home/granepura/MCCE4/param/00always_needed.tpl
2025-07-18 20:25:59 - INFO: pdbio_gr, load_ftpl: Loading TORSION parameters from /data/home/granepura/MCCE4/param/00always_needed.tpl
2025-07-18 20:25:59 - INFO: pdbio_gr, <module>:    Prepare input for PB solver.
2025-07-18 20:25:59 - INFO: pdbio_gr, <module>:    Time needed: 0 seconds.
2025-07-18 20:25:59 - INFO: pdbio_gr, <module>:    Time needed: 0 seconds.
2025-07-18 20:25:59 - INFO: pdbio_gr, <module>:    Set up parallel envrionment and run PB solver.
2025-07-18 20:25:59 - INFO: pdbio_gr, <module>:    Running PBE solver in 1 threads
2025-07-18 20:25:59 - INFO: pdbio_gr, pbe: ForkPoolWorker-1: Calling delphi to calculate conformer IRE+aA1101_001
2025-07-18 20:26:00 - INFO: pdbio_gr, pbe: ForkPoolWorker-1: Calling delphi to calculate conformer IRE01A1101_002
2025-07-18 20:26:02 - INFO: pdbio_gr, pbe: ForkPoolWorker-1: Calling delphi to calculate conformer IRE+1A1101_003
2025-07-18 20:26:03 - INFO: pdbio_gr, pbe: ForkPoolWorker-1: Calling delphi to calculate conformer IRE+2A1101_004
2025-07-18 20:26:04 - INFO: pdbio_gr, pbe: ForkPoolWorker-1: Calling delphi to calculate conformer IRE+3A1101_005
2025-07-18 20:26:05 - INFO: pdbio_gr, pbe: ForkPoolWorker-1: Calling delphi to calculate conformer _NA+1A1102_001
2025-07-18 20:26:06 - INFO: pdbio_gr, <module>:    Time needed: 6 seconds.
2025-07-18 20:26:06 - INFO: pdbio_gr, <module>:    Post-processing of electrostatic potential.
2025-07-18 20:26:06 - INFO: pdbio_gr, <module>:    Processing ele pairwise interaction...
2025-07-18 20:26:06 - INFO: pdbio_gr, <module>:    Time needed: 0 seconds.
2025-07-18 20:26:06 - INFO: pdbio_gr, <module>:    Making atom connectivity ...
2025-07-18 20:26:06 - INFO: pdbio_gr, <module>:    Time needed: 0 seconds.
2025-07-18 20:26:06 - INFO: pdbio_gr, <module>:    Calculating vdw ...
2025-07-18 20:26:06 - INFO: pdbio_gr, <module>:    Time needed: 0 seconds.
2025-07-18 20:26:06 - INFO: pdbio_gr, <module>:    Calculating torsion energy ...
2025-07-18 20:26:06 - INFO: pdbio_gr, <module>:    Time needed: 0 seconds.
2025-07-18 20:26:06 - INFO: pdbio_gr, <module>:    Composing head3.lst ...
2025-07-18 20:26:06 - INFO: pdbio_gr, <module>:    Time needed: 0 seconds.
2025-07-18 20:26:06 - INFO: pdbio_gr, <module>:    Composing opp files ...
2025-07-18 20:26:06 - INFO: pdbio_gr, <module>:    Time needed: 0 seconds.
2025-07-18 20:26:06 - INFO: pdbio_gr, <module>:    Total time for step3 is 6 seconds.
2025-07-19 11:08:54 - INFO: pdbio_gr, <module>: Step 3. Energies calculation with PBE solver.
2025-07-19 11:08:54 - INFO: pdbio_gr, <module>: Calling new VDW....No Scaling Applied
2025-07-19 11:08:54 - INFO: pdbio_gr, <module>:    Process run time options & convert step2_out.pdb.
2025-07-19 11:08:54 - INFO: pdbio_gr, load_ftpl: Reading parameters from /home/granepura/MCCE4/param
2025-07-19 11:08:54 - INFO: pdbio_gr, load_ftpl: Updating vdw parameters from /data/home/granepura/MCCE4/param/00always_needed.tpl
2025-07-19 11:08:54 - INFO: pdbio_gr, load_ftpl: Loading TORSION parameters from /data/home/granepura/MCCE4/param/00always_needed.tpl
2025-07-19 11:08:54 - INFO: pdbio_gr, <module>:    Prepare input for PB solver.
2025-07-19 11:08:54 - INFO: pdbio_gr, <module>:    Time needed: 0 seconds.
2025-07-19 11:08:54 - INFO: pdbio_gr, <module>:    Time needed: 0 seconds.
2025-07-19 11:08:54 - INFO: pdbio_gr, <module>:    Set up parallel envrionment and run PB solver.
2025-07-19 11:08:54 - INFO: pdbio_gr, <module>:    Running PBE solver in 1 threads
2025-07-19 11:08:54 - INFO: pdbio_gr, pbe: ForkPoolWorker-1: Calling delphi to calculate conformer IRE+aA1101_001
2025-07-19 11:08:55 - INFO: pdbio_gr, pbe: ForkPoolWorker-1: Calling delphi to calculate conformer IRE01A1101_002
2025-07-19 11:08:56 - INFO: pdbio_gr, pbe: ForkPoolWorker-1: Calling delphi to calculate conformer IRE+1A1101_003
2025-07-19 11:08:57 - INFO: pdbio_gr, pbe: ForkPoolWorker-1: Calling delphi to calculate conformer IRE+2A1101_004
2025-07-19 11:08:58 - INFO: pdbio_gr, pbe: ForkPoolWorker-1: Calling delphi to calculate conformer IRE+3A1101_005
2025-07-19 11:08:59 - INFO: pdbio_gr, pbe: ForkPoolWorker-1: Calling delphi to calculate conformer _NA+1A1102_001
2025-07-19 11:09:00 - INFO: pdbio_gr, <module>:    Time needed: 6 seconds.
2025-07-19 11:09:00 - INFO: pdbio_gr, <module>:    Post-processing of electrostatic potential.
2025-07-19 11:09:00 - INFO: pdbio_gr, <module>:    Processing ele pairwise interaction...
2025-07-19 11:09:00 - INFO: pdbio_gr, <module>:    Time needed: 0 seconds.
2025-07-19 11:09:00 - INFO: pdbio_gr, <module>:    Making atom connectivity ...
2025-07-19 11:09:00 - INFO: pdbio_gr, <module>:    Time needed: 0 seconds.
2025-07-19 11:09:00 - INFO: pdbio_gr, <module>:    Calculating vdw ...
2025-07-19 11:09:00 - INFO: pdbio_gr, <module>:    Time needed: 0 seconds.
2025-07-19 11:09:00 - INFO: pdbio_gr, <module>:    Calculating torsion energy ...
2025-07-19 11:09:00 - INFO: pdbio_gr, <module>:    Time needed: 0 seconds.
2025-07-19 11:09:00 - INFO: pdbio_gr, <module>:    Composing head3.lst ...
2025-07-19 11:09:00 - INFO: pdbio_gr, <module>:    Time needed: 0 seconds.
2025-07-19 11:09:00 - INFO: pdbio_gr, <module>:    Composing opp files ...
2025-07-19 11:09:00 - INFO: pdbio_gr, <module>:    Time needed: 0 seconds.
2025-07-19 11:09:00 - INFO: pdbio_gr, <module>:    Total time for step3 is 6 seconds.
2025-08-27 23:37:26 - INFO: pdbio_gr, <module>: Step 3. Energies calculation with PBE solver.
2025-08-27 23:37:26 - INFO: pdbio_gr, <module>: Calling new VDW....No Scaling Applied
2025-08-27 23:37:26 - INFO: pdbio_gr, <module>:    Process run time options & convert step2_out.pdb.
2025-08-27 23:37:26 - INFO: pdbio_gr, load_ftpl: Reading parameters from /home/granepura/MCCE4/param
2025-08-27 23:37:26 - INFO: pdbio_gr, load_ftpl: Updating vdw parameters from /data/home/granepura/MCCE4/param/00always_needed.tpl
2025-08-27 23:37:26 - INFO: pdbio_gr, load_ftpl: Loading TORSION parameters from /data/home/granepura/MCCE4/param/00always_needed.tpl
2025-08-27 23:37:26 - INFO: pdbio_gr, <module>:    Prepare input for PB solver.
2025-08-27 23:37:26 - INFO: pdbio_gr, <module>:    Time needed: 0 seconds.
2025-08-27 23:37:26 - INFO: pdbio_gr, <module>:    Time needed: 0 seconds.
2025-08-27 23:37:26 - INFO: pdbio_gr, <module>:    Set up parallel envrionment and run PB solver.
2025-08-27 23:37:26 - INFO: pdbio_gr, <module>:    Running PBE solver in 1 threads
2025-08-27 23:37:26 - INFO: pdbio_gr, pbe: ForkPoolWorker-1: Calling delphi to calculate conformer IRE+aA1101_001 in /tmp/pbe_data.data.home.granepura.5-kinases.cof_tpl_mg.run_cof2.4wkq_IRE+aA1101_001
2025-08-27 23:37:26 - INFO: pdbio_gr, pbe: ForkPoolWorker-1: Calling delphi to calculate conformer IRE01A1101_002 in /tmp/pbe_data.data.home.granepura.5-kinases.cof_tpl_mg.run_cof2.4wkq_IRE01A1101_002
2025-08-27 23:37:27 - INFO: pdbio_gr, pbe: ForkPoolWorker-1: Calling delphi to calculate conformer IRE+1A1101_003 in /tmp/pbe_data.data.home.granepura.5-kinases.cof_tpl_mg.run_cof2.4wkq_IRE+1A1101_003
2025-08-27 23:37:28 - INFO: pdbio_gr, pbe: ForkPoolWorker-1: Calling delphi to calculate conformer IRE+2A1101_004 in /tmp/pbe_data.data.home.granepura.5-kinases.cof_tpl_mg.run_cof2.4wkq_IRE+2A1101_004
2025-08-27 23:37:29 - INFO: pdbio_gr, pbe: ForkPoolWorker-1: Calling delphi to calculate conformer IRE+3A1101_005 in /tmp/pbe_data.data.home.granepura.5-kinases.cof_tpl_mg.run_cof2.4wkq_IRE+3A1101_005
2025-08-27 23:37:29 - INFO: pdbio_gr, pbe: ForkPoolWorker-1: Calling delphi to calculate conformer _NA+1A1102_001 in /tmp/pbe_data.data.home.granepura.5-kinases.cof_tpl_mg.run_cof2.4wkq__NA+1A1102_001
2025-08-27 23:37:30 - INFO: pdbio_gr, <module>:    Time needed: 4 seconds.
2025-08-27 23:37:30 - INFO: pdbio_gr, <module>:    Post-processing of electrostatic potential.
2025-08-27 23:37:30 - INFO: pdbio_gr, <module>:    Processing ele pairwise interaction...
2025-08-27 23:37:30 - INFO: pdbio_gr, <module>:    Time needed: 0 seconds.
2025-08-27 23:37:30 - INFO: pdbio_gr, <module>:    Making atom connectivity ...
2025-08-27 23:37:30 - INFO: pdbio_gr, <module>:    Time needed: 0 seconds.
2025-08-27 23:37:30 - INFO: pdbio_gr, <module>:    Calculating vdw ...
2025-08-27 23:37:30 - INFO: pdbio_gr, <module>:    Time needed: 0 seconds.
2025-08-27 23:37:30 - INFO: pdbio_gr, <module>:    Calculating torsion energy ...
2025-08-27 23:37:30 - INFO: pdbio_gr, <module>:    Time needed: 0 seconds.
2025-08-27 23:37:30 - INFO: pdbio_gr, <module>:    Composing head3.lst ...
2025-08-27 23:37:30 - INFO: pdbio_gr, <module>:    Time needed: 0 seconds.
2025-08-27 23:37:30 - INFO: pdbio_gr, <module>:    Composing opp files ...
2025-08-27 23:37:30 - INFO: pdbio_gr, <module>:    Time needed: 0 seconds.
2025-08-27 23:37:30 - INFO: pdbio_gr, <module>:    Total time for step3 is 4 seconds.
2025-08-29 00:55:00 - INFO: pdbio_gr, <module>: Step 3. Energies calculation with PBE solver.
2025-08-29 00:55:00 - INFO: pdbio_gr, <module>: Calling new VDW....No Scaling Applied
2025-08-29 00:55:00 - INFO: pdbio_gr, <module>:    Process run time options & convert step2_out.pdb.
2025-08-29 00:55:00 - INFO: pdbio_gr, load_ftpl: Reading parameters from /home/granepura/MCCE4/param
2025-08-29 00:55:00 - INFO: pdbio_gr, load_ftpl: Updating vdw parameters from /data/home/granepura/MCCE4/param/00always_needed.tpl
2025-08-29 00:55:00 - INFO: pdbio_gr, load_ftpl: Loading TORSION parameters from /data/home/granepura/MCCE4/param/00always_needed.tpl
2025-08-29 00:55:00 - INFO: pdbio_gr, <module>:    Prepare input for PB solver.
2025-08-29 00:55:00 - INFO: pdbio_gr, <module>:    Time needed: 0 seconds.
2025-08-29 00:55:00 - INFO: pdbio_gr, <module>:    Time needed: 0 seconds.
2025-08-29 00:55:00 - INFO: pdbio_gr, <module>:    Set up parallel envrionment and run PB solver.
2025-08-29 00:55:00 - INFO: pdbio_gr, <module>:    Running PBE solver in 1 threads
2025-08-29 00:55:00 - INFO: pdbio_gr, pbe: ForkPoolWorker-1: Calling delphi to calculate conformer IRE+aA1101_001 in /tmp/pbe_data.data.home.granepura.5-kinases.cof_tpl_mg.run_cof2.4wkq_IRE+aA1101_001
2025-08-29 00:55:02 - INFO: pdbio_gr, pbe: ForkPoolWorker-1: Calling delphi to calculate conformer IRE01A1101_002 in /tmp/pbe_data.data.home.granepura.5-kinases.cof_tpl_mg.run_cof2.4wkq_IRE01A1101_002
2025-08-29 00:55:03 - INFO: pdbio_gr, pbe: ForkPoolWorker-1: Calling delphi to calculate conformer IRE+1A1101_003 in /tmp/pbe_data.data.home.granepura.5-kinases.cof_tpl_mg.run_cof2.4wkq_IRE+1A1101_003
2025-08-29 00:55:05 - INFO: pdbio_gr, pbe: ForkPoolWorker-1: Calling delphi to calculate conformer IRE+2A1101_004 in /tmp/pbe_data.data.home.granepura.5-kinases.cof_tpl_mg.run_cof2.4wkq_IRE+2A1101_004
2025-08-29 00:55:06 - INFO: pdbio_gr, pbe: ForkPoolWorker-1: Calling delphi to calculate conformer IRE+3A1101_005 in /tmp/pbe_data.data.home.granepura.5-kinases.cof_tpl_mg.run_cof2.4wkq_IRE+3A1101_005
2025-08-29 00:55:08 - INFO: pdbio_gr, pbe: ForkPoolWorker-1: Calling delphi to calculate conformer _NA+1A1102_001 in /tmp/pbe_data.data.home.granepura.5-kinases.cof_tpl_mg.run_cof2.4wkq__NA+1A1102_001
2025-08-29 00:55:09 - INFO: pdbio_gr, <module>:    Time needed: 8 seconds.
2025-08-29 00:55:09 - INFO: pdbio_gr, <module>:    Post-processing of electrostatic potential.
2025-08-29 00:55:09 - INFO: pdbio_gr, <module>:    Processing ele pairwise interaction...
2025-08-29 00:55:09 - INFO: pdbio_gr, <module>:    Time needed: 0 seconds.
2025-08-29 00:55:09 - INFO: pdbio_gr, <module>:    Making atom connectivity ...
2025-08-29 00:55:09 - INFO: pdbio_gr, <module>:    Time needed: 0 seconds.
2025-08-29 00:55:09 - INFO: pdbio_gr, <module>:    Calculating vdw ...
2025-08-29 00:55:09 - INFO: pdbio_gr, <module>:    Time needed: 0 seconds.
2025-08-29 00:55:09 - INFO: pdbio_gr, <module>:    Calculating torsion energy ...
2025-08-29 00:55:09 - INFO: pdbio_gr, <module>:    Time needed: 0 seconds.
2025-08-29 00:55:09 - INFO: pdbio_gr, <module>:    Composing head3.lst ...
2025-08-29 00:55:09 - INFO: pdbio_gr, <module>:    Time needed: 0 seconds.
2025-08-29 00:55:09 - INFO: pdbio_gr, <module>:    Composing opp files ...
2025-08-29 00:55:09 - INFO: pdbio_gr, <module>:    Time needed: 0 seconds.
2025-08-29 00:55:09 - INFO: pdbio_gr, <module>:    Total time for step3 is 9 seconds.
2025-10-15 23:22:23 - INFO: step3.py, <module>: Step 3. Energies calculation with PBE solver.
2025-10-15 23:22:23 - INFO: step3.py, <module>: Calling new VDW....No Scaling Applied
2025-10-15 23:22:23 - INFO: step3.py, <module>:    Process run time options & convert step2_out.pdb.
2025-10-15 23:22:23 - INFO: step3.py, <module>:    Prepare input for PB solver.
2025-10-15 23:22:23 - INFO: step3.py, <module>:    Time needed: 0 seconds.
2025-10-15 23:22:23 - INFO: step3.py, <module>:    Set up parallel envrionment and run PB solver.
2025-10-15 23:22:23 - INFO: step3.py, <module>:    Running PBE solver in 1 threads
2025-10-15 23:22:23 - INFO: step3.py, pbe: ForkPoolWorker-1: Calling delphi to calculate conformer IRE+aA1101_001 in /tmp/pbe_data.data.home.granepura.5-kinases.cof_tpl_mg.run_cof2.4WKQ_IRE+aA1101_001
2025-10-15 23:22:24 - INFO: step3.py, pbe: ForkPoolWorker-1: Calling delphi to calculate conformer IRE01A1101_002 in /tmp/pbe_data.data.home.granepura.5-kinases.cof_tpl_mg.run_cof2.4WKQ_IRE01A1101_002
2025-10-15 23:22:26 - INFO: step3.py, pbe: ForkPoolWorker-1: Calling delphi to calculate conformer IRE+1A1101_003 in /tmp/pbe_data.data.home.granepura.5-kinases.cof_tpl_mg.run_cof2.4WKQ_IRE+1A1101_003
2025-10-15 23:22:27 - INFO: step3.py, pbe: ForkPoolWorker-1: Calling delphi to calculate conformer IRE+2A1101_004 in /tmp/pbe_data.data.home.granepura.5-kinases.cof_tpl_mg.run_cof2.4WKQ_IRE+2A1101_004
2025-10-15 23:22:29 - INFO: step3.py, pbe: ForkPoolWorker-1: Calling delphi to calculate conformer IRE+3A1101_005 in /tmp/pbe_data.data.home.granepura.5-kinases.cof_tpl_mg.run_cof2.4WKQ_IRE+3A1101_005
2025-10-15 23:22:30 - INFO: step3.py, pbe: ForkPoolWorker-1: Calling delphi to calculate conformer _NA+1A1102_001 in /tmp/pbe_data.data.home.granepura.5-kinases.cof_tpl_mg.run_cof2.4WKQ__NA+1A1102_001
2025-10-15 23:22:32 - INFO: step3.py, <module>:    Time needed: 8 seconds.
2025-10-15 23:22:32 - INFO: step3.py, <module>:    Post-processing of electrostatic potential.
2025-10-15 23:22:32 - INFO: step3.py, <module>:    Processing ele pairwise interaction...
2025-10-15 23:22:32 - INFO: step3.py, <module>:    Time needed: 0 seconds.
2025-10-15 23:22:32 - INFO: step3.py, <module>:    Making atom connectivity ...
2025-10-15 23:22:32 - INFO: step3.py, <module>:    Time needed: 0 seconds.
2025-10-15 23:22:32 - INFO: step3.py, <module>:    Calculating vdw ...
2025-10-15 23:22:32 - INFO: step3.py, <module>:    Time needed: 0 seconds.
2025-10-15 23:22:32 - INFO: step3.py, <module>:    Calculating torsion energy ...
2025-10-15 23:22:32 - INFO: step3.py, <module>:    Time needed: 0 seconds.
2025-10-15 23:22:32 - INFO: step3.py, <module>:    Composing head3.lst ...
2025-10-15 23:22:32 - INFO: step3.py, <module>:    Time needed: 0 seconds.
2025-10-15 23:22:32 - INFO: step3.py, <module>:    Composing opp files ...
2025-10-15 23:22:32 - INFO: step3.py, <module>:    Time needed: 0 seconds.
2025-10-15 23:22:32 - INFO: step3.py, <module>:    Total time for step3 is 9 seconds.
2025-10-15 23:27:05 - INFO: step3.py, <module>: Step 3. Energies calculation with PBE solver.
2025-10-15 23:27:05 - INFO: step3.py, <module>: Calling new VDW....No Scaling Applied
2025-10-15 23:27:05 - INFO: step3.py, <module>:    Process run time options & convert step2_out.pdb.
2025-10-15 23:27:05 - INFO: step3.py, <module>:    Prepare input for PB solver.
2025-10-15 23:27:05 - INFO: step3.py, <module>:    Time needed: 0 seconds.
2025-10-15 23:27:05 - INFO: step3.py, <module>:    Set up parallel envrionment and run PB solver.
2025-10-15 23:27:05 - INFO: step3.py, <module>:    Running PBE solver in 1 threads
2025-10-15 23:27:05 - INFO: step3.py, pbe: ForkPoolWorker-1: Calling delphi to calculate conformer IRE+aA1101_001 in /tmp/pbe_data.data.home.granepura.5-kinases.cof_tpl_mg.run_cof2.4WKQ_IRE+aA1101_001
2025-10-15 23:27:07 - INFO: step3.py, pbe: ForkPoolWorker-1: Calling delphi to calculate conformer IRE01A1101_002 in /tmp/pbe_data.data.home.granepura.5-kinases.cof_tpl_mg.run_cof2.4WKQ_IRE01A1101_002
2025-10-15 23:27:08 - INFO: step3.py, pbe: ForkPoolWorker-1: Calling delphi to calculate conformer IRE+1A1101_003 in /tmp/pbe_data.data.home.granepura.5-kinases.cof_tpl_mg.run_cof2.4WKQ_IRE+1A1101_003
2025-10-15 23:27:10 - INFO: step3.py, pbe: ForkPoolWorker-1: Calling delphi to calculate conformer IRE+2A1101_004 in /tmp/pbe_data.data.home.granepura.5-kinases.cof_tpl_mg.run_cof2.4WKQ_IRE+2A1101_004
2025-10-15 23:27:11 - INFO: step3.py, pbe: ForkPoolWorker-1: Calling delphi to calculate conformer IRE+3A1101_005 in /tmp/pbe_data.data.home.granepura.5-kinases.cof_tpl_mg.run_cof2.4WKQ_IRE+3A1101_005
2025-10-15 23:27:13 - INFO: step3.py, pbe: ForkPoolWorker-1: Calling delphi to calculate conformer _NA+1A1102_001 in /tmp/pbe_data.data.home.granepura.5-kinases.cof_tpl_mg.run_cof2.4WKQ__NA+1A1102_001
2025-10-15 23:27:14 - INFO: step3.py, <module>:    Time needed: 9 seconds.
2025-10-15 23:27:14 - INFO: step3.py, <module>:    Post-processing of electrostatic potential.
2025-10-15 23:27:14 - INFO: step3.py, <module>:    Processing ele pairwise interaction...
2025-10-15 23:27:14 - INFO: step3.py, <module>:    Time needed: 0 seconds.
2025-10-15 23:27:14 - INFO: step3.py, <module>:    Making atom connectivity ...
2025-10-15 23:27:14 - INFO: step3.py, <module>:    Time needed: 0 seconds.
2025-10-15 23:27:14 - INFO: step3.py, <module>:    Calculating vdw ...
2025-10-15 23:27:14 - INFO: step3.py, <module>:    Time needed: 0 seconds.
2025-10-15 23:27:14 - INFO: step3.py, <module>:    Calculating torsion energy ...
2025-10-15 23:27:14 - INFO: step3.py, <module>:    Time needed: 0 seconds.
2025-10-15 23:27:14 - INFO: step3.py, <module>:    Composing head3.lst ...
2025-10-15 23:27:14 - INFO: step3.py, <module>:    Time needed: 0 seconds.
2025-10-15 23:27:14 - INFO: step3.py, <module>:    Composing opp files ...
2025-10-15 23:27:14 - INFO: step3.py, <module>:    Time needed: 0 seconds.
2025-10-15 23:27:14 - INFO: step3.py, <module>:    Total time for step3 is 9 seconds.
2025-10-15 23:29:26 - INFO: step3.py, <module>: Step 3. Energies calculation with PBE solver.
2025-10-15 23:29:26 - INFO: step3.py, <module>: Calling new VDW....No Scaling Applied
2025-10-15 23:29:26 - INFO: step3.py, <module>:    Process run time options & convert step2_out.pdb.
2025-10-15 23:29:26 - INFO: step3.py, <module>:    Prepare input for PB solver.
2025-10-15 23:29:26 - INFO: step3.py, <module>:    Time needed: 0 seconds.
2025-10-15 23:29:26 - INFO: step3.py, <module>:    Set up parallel envrionment and run PB solver.
2025-10-15 23:29:26 - INFO: step3.py, <module>:    Running PBE solver in 1 threads
2025-10-15 23:29:26 - INFO: step3.py, pbe: ForkPoolWorker-1: Calling delphi to calculate conformer IRE+aA1101_001 in /tmp/pbe_data.data.home.granepura.5-kinases.cof_tpl_mg.run_cof2.4WKQ_IRE+aA1101_001
2025-10-15 23:29:28 - INFO: step3.py, pbe: ForkPoolWorker-1: Calling delphi to calculate conformer IRE01A1101_002 in /tmp/pbe_data.data.home.granepura.5-kinases.cof_tpl_mg.run_cof2.4WKQ_IRE01A1101_002
2025-10-15 23:29:29 - INFO: step3.py, pbe: ForkPoolWorker-1: Calling delphi to calculate conformer IRE+1A1101_003 in /tmp/pbe_data.data.home.granepura.5-kinases.cof_tpl_mg.run_cof2.4WKQ_IRE+1A1101_003
2025-10-15 23:29:31 - INFO: step3.py, pbe: ForkPoolWorker-1: Calling delphi to calculate conformer IRE+2A1101_004 in /tmp/pbe_data.data.home.granepura.5-kinases.cof_tpl_mg.run_cof2.4WKQ_IRE+2A1101_004
2025-10-15 23:29:32 - INFO: step3.py, pbe: ForkPoolWorker-1: Calling delphi to calculate conformer IRE+3A1101_005 in /tmp/pbe_data.data.home.granepura.5-kinases.cof_tpl_mg.run_cof2.4WKQ_IRE+3A1101_005
2025-10-15 23:29:34 - INFO: step3.py, pbe: ForkPoolWorker-1: Calling delphi to calculate conformer _NA+1A1102_001 in /tmp/pbe_data.data.home.granepura.5-kinases.cof_tpl_mg.run_cof2.4WKQ__NA+1A1102_001
2025-10-15 23:29:35 - INFO: step3.py, <module>:    Time needed: 9 seconds.
2025-10-15 23:29:35 - INFO: step3.py, <module>:    Post-processing of electrostatic potential.
2025-10-15 23:29:35 - INFO: step3.py, <module>:    Processing ele pairwise interaction...
2025-10-15 23:29:35 - INFO: step3.py, <module>:    Time needed: 0 seconds.
2025-10-15 23:29:35 - INFO: step3.py, <module>:    Making atom connectivity ...
2025-10-15 23:29:35 - INFO: step3.py, <module>:    Time needed: 0 seconds.
2025-10-15 23:29:35 - INFO: step3.py, <module>:    Calculating vdw ...
2025-10-15 23:29:35 - INFO: step3.py, <module>:    Time needed: 0 seconds.
2025-10-15 23:29:35 - INFO: step3.py, <module>:    Calculating torsion energy ...
2025-10-15 23:29:35 - INFO: step3.py, <module>:    Time needed: 0 seconds.
2025-10-15 23:29:35 - INFO: step3.py, <module>:    Composing head3.lst ...
2025-10-15 23:29:35 - INFO: step3.py, <module>:    Time needed: 0 seconds.
2025-10-15 23:29:35 - INFO: step3.py, <module>:    Composing opp files ...
2025-10-15 23:29:35 - INFO: step3.py, <module>:    Time needed: 0 seconds.
2025-10-15 23:29:35 - INFO: step3.py, <module>:    Total time for step3 is 9 seconds.
2025-10-16 16:28:08 - INFO: step3.py, <module>: Step 3. Energies calculation with PBE solver.
2025-10-16 16:28:08 - INFO: step3.py, <module>: Calling new VDW....No Scaling Applied
2025-10-16 16:28:08 - INFO: step3.py, <module>:    Process run time options & convert step2_out.pdb.
2025-10-16 16:28:08 - INFO: step3.py, <module>:    Prepare input for PB solver.
2025-10-16 16:28:08 - INFO: step3.py, <module>:    Time needed: 0 seconds.
2025-10-16 16:28:08 - INFO: step3.py, <module>:    Set up parallel envrionment and run PB solver.
2025-10-16 16:28:08 - INFO: step3.py, <module>:    Running PBE solver in 1 threads
2025-10-16 16:28:08 - INFO: step3.py, pbe: ForkPoolWorker-1: Calling delphi to calculate conformer IRE+aA1101_001 in /tmp/pbe_data.data.home.granepura.5-kinases.cof_tpl_mg.run_cof2.4WKQ_IRE+aA1101_001
2025-10-16 16:28:10 - INFO: step3.py, pbe: ForkPoolWorker-1: Calling delphi to calculate conformer IRE01A1101_002 in /tmp/pbe_data.data.home.granepura.5-kinases.cof_tpl_mg.run_cof2.4WKQ_IRE01A1101_002
2025-10-16 16:28:11 - INFO: step3.py, pbe: ForkPoolWorker-1: Calling delphi to calculate conformer IRE+1A1101_003 in /tmp/pbe_data.data.home.granepura.5-kinases.cof_tpl_mg.run_cof2.4WKQ_IRE+1A1101_003
2025-10-16 16:28:13 - INFO: step3.py, pbe: ForkPoolWorker-1: Calling delphi to calculate conformer IRE+2A1101_004 in /tmp/pbe_data.data.home.granepura.5-kinases.cof_tpl_mg.run_cof2.4WKQ_IRE+2A1101_004
2025-10-16 16:28:14 - INFO: step3.py, pbe: ForkPoolWorker-1: Calling delphi to calculate conformer IRE+3A1101_005 in /tmp/pbe_data.data.home.granepura.5-kinases.cof_tpl_mg.run_cof2.4WKQ_IRE+3A1101_005
2025-10-16 16:28:16 - INFO: step3.py, pbe: ForkPoolWorker-1: Calling delphi to calculate conformer _NA+1A1102_001 in /tmp/pbe_data.data.home.granepura.5-kinases.cof_tpl_mg.run_cof2.4WKQ__NA+1A1102_001
2025-10-16 16:28:17 - INFO: step3.py, <module>:    Time needed: 9 seconds.
2025-10-16 16:28:17 - INFO: step3.py, <module>:    Post-processing of electrostatic potential.
2025-10-16 16:28:17 - INFO: step3.py, <module>:    Processing ele pairwise interaction...
2025-10-16 16:28:17 - INFO: step3.py, <module>:    Time needed: 0 seconds.
2025-10-16 16:28:17 - INFO: step3.py, <module>:    Making atom connectivity ...
2025-10-16 16:28:17 - INFO: step3.py, <module>:    Time needed: 0 seconds.
2025-10-16 16:28:17 - INFO: step3.py, <module>:    Calculating vdw ...
2025-10-16 16:28:17 - INFO: step3.py, <module>:    Time needed: 0 seconds.
2025-10-16 16:28:17 - INFO: step3.py, <module>:    Calculating torsion energy ...
2025-10-16 16:28:17 - INFO: step3.py, <module>:    Time needed: 0 seconds.
2025-10-16 16:28:17 - INFO: step3.py, <module>:    Composing head3.lst ...
2025-10-16 16:28:17 - INFO: step3.py, <module>:    Time needed: 0 seconds.
2025-10-16 16:28:17 - INFO: step3.py, <module>:    Composing opp files ...
2025-10-16 16:28:17 - INFO: step3.py, <module>:    Time needed: 0 seconds.
2025-10-16 16:28:17 - INFO: step3.py, <module>:    Total time for step3 is 9 seconds.
2025-10-16 17:13:39 - INFO: step3.py, <module>: Step 3. Energies calculation with PBE solver.
2025-10-16 17:13:39 - INFO: step3.py, <module>: Calling new VDW....No Scaling Applied
2025-10-16 17:13:39 - INFO: step3.py, <module>:    Process run time options & convert step2_out.pdb.
2025-10-16 17:13:39 - INFO: step3.py, <module>:    Prepare input for PB solver.
2025-10-16 17:13:39 - INFO: step3.py, <module>:    Time needed: 0 seconds.
2025-10-16 17:13:39 - INFO: step3.py, <module>:    Set up parallel envrionment and run PB solver.
2025-10-16 17:13:39 - INFO: step3.py, <module>:    Running PBE solver in 1 threads
2025-10-16 17:13:39 - INFO: step3.py, pbe: ForkPoolWorker-1: Calling delphi to calculate conformer IRE+aA1101_001 in /tmp/pbe_data.data.home.granepura.5-kinases.cof_tpl_mg.run_cof2.4WKQ_IRE+aA1101_001
2025-10-16 17:13:41 - INFO: step3.py, pbe: ForkPoolWorker-1: Calling delphi to calculate conformer IRE01A1101_002 in /tmp/pbe_data.data.home.granepura.5-kinases.cof_tpl_mg.run_cof2.4WKQ_IRE01A1101_002
2025-10-16 17:13:43 - INFO: step3.py, pbe: ForkPoolWorker-1: Calling delphi to calculate conformer IRE+1A1101_003 in /tmp/pbe_data.data.home.granepura.5-kinases.cof_tpl_mg.run_cof2.4WKQ_IRE+1A1101_003
2025-10-16 17:13:45 - INFO: step3.py, pbe: ForkPoolWorker-1: Calling delphi to calculate conformer IRE+2A1101_004 in /tmp/pbe_data.data.home.granepura.5-kinases.cof_tpl_mg.run_cof2.4WKQ_IRE+2A1101_004
2025-10-16 17:13:46 - INFO: step3.py, pbe: ForkPoolWorker-1: Calling delphi to calculate conformer IRE+3A1101_005 in /tmp/pbe_data.data.home.granepura.5-kinases.cof_tpl_mg.run_cof2.4WKQ_IRE+3A1101_005
2025-10-16 17:13:48 - INFO: step3.py, pbe: ForkPoolWorker-1: Calling delphi to calculate conformer _NA+1A1102_001 in /tmp/pbe_data.data.home.granepura.5-kinases.cof_tpl_mg.run_cof2.4WKQ__NA+1A1102_001
2025-10-16 17:13:51 - INFO: step3.py, <module>:    Time needed: 11 seconds.
2025-10-16 17:13:51 - INFO: step3.py, <module>:    Post-processing of electrostatic potential.
2025-10-16 17:13:51 - INFO: step3.py, <module>:    Processing ele pairwise interaction...
2025-10-16 17:13:51 - INFO: step3.py, <module>:    Time needed: 0 seconds.
2025-10-16 17:13:51 - INFO: step3.py, <module>:    Making atom connectivity ...
2025-10-16 17:13:51 - INFO: step3.py, <module>:    Time needed: 0 seconds.
2025-10-16 17:13:51 - INFO: step3.py, <module>:    Calculating vdw ...
2025-10-16 17:13:51 - INFO: step3.py, <module>:    Time needed: 0 seconds.
2025-10-16 17:13:51 - INFO: step3.py, <module>:    Calculating torsion energy ...
2025-10-16 17:13:51 - INFO: step3.py, <module>:    Time needed: 0 seconds.
2025-10-16 17:13:51 - INFO: step3.py, <module>:    Composing head3.lst ...
2025-10-16 17:13:51 - INFO: step3.py, <module>:    Time needed: 0 seconds.
2025-10-16 17:13:51 - INFO: step3.py, <module>:    Composing opp files ...
2025-10-16 17:13:51 - INFO: step3.py, <module>:    Time needed: 0 seconds.
2025-10-16 17:13:51 - INFO: step3.py, <module>:    Total time for step3 is 11 seconds.
2026-03-30 03:40:31 - INFO: step3.py, <module>: Step 3. Energies calculation with PBE solver.
2026-03-30 03:40:31 - INFO: step3.py, <module>: Calling new VDW....No Scaling Applied
2026-03-30 03:40:31 - INFO: step3.py, <module>:    Process run time options & convert step2_out.pdb.
2026-03-30 03:40:31 - INFO: step3.py, <module>:    Prepare input for PB solver.
2026-03-30 03:40:31 - INFO: step3.py, <module>:    Time needed: 0 seconds.
2026-03-30 03:40:31 - INFO: step3.py, <module>:    Set up parallel envrionment and run PB solver.
2026-03-30 03:40:31 - INFO: step3.py, <module>:    Running PBE solver in 1 threads
2026-03-30 03:40:31 - INFO: step3.py, pbe: ForkPoolWorker-1: Calling delphi to calculate conformer (1/6) IRE+aA1101_001 in /tmp/pbe_data.data.home.schowdhury.Project_kinases.cof_tpl_mg.run_cof2.4WKQ_IRE+aA1101_001
2026-03-30 03:40:35 - INFO: step3.py, pbe: ForkPoolWorker-1: Calling delphi to calculate conformer (2/6) IRE01A1101_002 in /tmp/pbe_data.data.home.schowdhury.Project_kinases.cof_tpl_mg.run_cof2.4WKQ_IRE01A1101_002
2026-03-30 03:40:38 - INFO: step3.py, pbe: ForkPoolWorker-1: Calling delphi to calculate conformer (3/6) IRE+1A1101_003 in /tmp/pbe_data.data.home.schowdhury.Project_kinases.cof_tpl_mg.run_cof2.4WKQ_IRE+1A1101_003
2026-03-30 03:40:42 - INFO: step3.py, pbe: ForkPoolWorker-1: Calling delphi to calculate conformer (4/6) IRE+2A1101_004 in /tmp/pbe_data.data.home.schowdhury.Project_kinases.cof_tpl_mg.run_cof2.4WKQ_IRE+2A1101_004
2026-03-30 03:40:45 - INFO: step3.py, pbe: ForkPoolWorker-1: Calling delphi to calculate conformer (5/6) IRE+3A1101_005 in /tmp/pbe_data.data.home.schowdhury.Project_kinases.cof_tpl_mg.run_cof2.4WKQ_IRE+3A1101_005
2026-03-30 03:40:48 - INFO: step3.py, pbe: ForkPoolWorker-1: Calling delphi to calculate conformer (6/6) _NA+1A1102_001 in /tmp/pbe_data.data.home.schowdhury.Project_kinases.cof_tpl_mg.run_cof2.4WKQ__NA+1A1102_001
2026-03-30 03:40:52 - INFO: step3.py, <module>:    Time needed: 20 seconds.
2026-03-30 03:40:52 - INFO: step3.py, <module>:    Post-processing of electrostatic potential.
2026-03-30 03:40:52 - INFO: step3.py, <module>:    Processing ele pairwise interaction...
2026-03-30 03:40:52 - INFO: step3.py, <module>:    Time needed: 0 seconds.
2026-03-30 03:40:52 - INFO: step3.py, <module>:    Making atom connectivity ...
2026-03-30 03:40:52 - INFO: step3.py, <module>:    Time needed: 0 seconds.
2026-03-30 03:40:52 - INFO: step3.py, <module>:    Calculating vdw ...
2026-03-30 03:40:52 - INFO: step3.py, <module>:    Time needed: 0 seconds.
2026-03-30 03:40:52 - INFO: step3.py, <module>:    Calculating torsion energy ...
2026-03-30 03:40:52 - INFO: step3.py, <module>:    Time needed: 0 seconds.
2026-03-30 03:40:52 - INFO: step3.py, <module>:    Composing head3.lst ...
2026-03-30 03:40:52 - INFO: step3.py, <module>:    Time needed: 0 seconds.
2026-03-30 03:40:52 - INFO: step3.py, <module>:    Composing opp files ...
2026-03-30 03:40:52 - INFO: step3.py, <module>:    Time needed: 0 seconds.
2026-03-30 03:40:52 - INFO: step3.py, <module>:    Total time for step3 is 20 seconds.
