MCCE Timing Report
====================================
MCCE_HOME: /home/granepura/MCCE4
EXTRA: /home/granepura/MCCE4/extra.tpl
USER_PARAM: N/A
====================================

Optional Features Enabled:
 - Center Protein Structure (center)
 - Custom Script After Step3 (stepC)
====================================

Run started at: Tue Sep 22 07:08:33 AM UTC 2026
CENTER: 00h:00m:00s   - Success: Structure centered to 'prot_center.pdb'.
STEP1 : 00h:00m:00s   - Success: step1_out.pdb created.
STEP2 : 00h:00m:01s   - Success: step2_out.pdb updated.
STEP3 : 00h:00m:08s   - Success: head3.lst and energies directory created.
STEPC : 00h:00m:00s   - Success: "prune_kin-inhib_head3.py" executed.
STEP4 : 00h:00m:00s   - Success: sum_crg.out created.
STEP_CLEAN: skipped.  - No pbe_data dirs matching this run. (home.granepura.5-Kinases.Kinases_MCCE.Trial01.run_inhib.3WZD)

Run ended at: Tue Sep 22 07:08:42 AM UTC 2026
Total script runtime: 00h:00m:09s
STEP_CLEAN: skipped.  - No matching tmp dirs at cancel.
