ForkPoolWorker-5: Calling delphi to calculate conformer (5/621) TYR-1A0822_003 in /tmp/pbe_data.data.home.granepura.5-Kinases.Kinases_MCCE.Trial03.run_apo.3WZD_TYR-1A0822_003
ForkPoolWorker-3: Calling delphi to calculate conformer (3/621) TYR01A0822_001 in /tmp/pbe_data.data.home.granepura.5-Kinases.Kinases_MCCE.Trial03.run_apo.3WZD_TYR01A0822_001
Skipping PBE solver for non-charge conformer (1/621) LEU01A0820_001...
Skipping PBE solver for non-charge conformer (2/621) PRO01A0821_001...
ForkPoolWorker-1: Calling delphi to calculate conformer (6/621) ASP01A0823_001 in /tmp/pbe_data.data.home.granepura.5-Kinases.Kinases_MCCE.Trial03.run_apo.3WZD_ASP01A0823_001
ForkPoolWorker-2: Calling delphi to calculate conformer (7/621) ASP01A0823_002 in /tmp/pbe_data.data.home.granepura.5-Kinases.Kinases_MCCE.Trial03.run_apo.3WZD_ASP01A0823_002
ForkPoolWorker-4: Calling delphi to calculate conformer (4/621) TYR01A0822_002 in /tmp/pbe_data.data.home.granepura.5-Kinases.Kinases_MCCE.Trial03.run_apo.3WZD_TYR01A0822_002
ForkPoolWorker-2: Calling delphi to calculate conformer (8/621) ASP01A0823_003 in /tmp/pbe_data.data.home.granepura.5-Kinases.Kinases_MCCE.Trial03.run_apo.3WZD_ASP01A0823_003
ForkPoolWorker-1: Calling delphi to calculate conformer (9/621) ASP01A0823_004 in /tmp/pbe_data.data.home.granepura.5-Kinases.Kinases_MCCE.Trial03.run_apo.3WZD_ASP01A0823_004
ForkPoolWorker-5: Calling delphi to calculate conformer (10/621) ASP02A0823_005 in /tmp/pbe_data.data.home.granepura.5-Kinases.Kinases_MCCE.Trial03.run_apo.3WZD_ASP02A0823_005
ForkPoolWorker-3: Calling delphi to calculate conformer (11/621) ASP02A0823_006 in /tmp/pbe_data.data.home.granepura.5-Kinases.Kinases_MCCE.Trial03.run_apo.3WZD_ASP02A0823_006
ForkPoolWorker-4: Calling delphi to calculate conformer (12/621) ASP02A0823_007 in /tmp/pbe_data.data.home.granepura.5-Kinases.Kinases_MCCE.Trial03.run_apo.3WZD_ASP02A0823_007
ForkPoolWorker-2: Calling delphi to calculate conformer (13/621) ASP02A0823_008 in /tmp/pbe_data.data.home.granepura.5-Kinases.Kinases_MCCE.Trial03.run_apo.3WZD_ASP02A0823_008
ForkPoolWorker-1: Calling delphi to calculate conformer (14/621) ASP-1A0823_009 in /tmp/pbe_data.data.home.granepura.5-Kinases.Kinases_MCCE.Trial03.run_apo.3WZD_ASP-1A0823_009
ForkPoolWorker-3: Calling delphi to calculate conformer (15/621) ASP-1A0823_010 in /tmp/pbe_data.data.home.granepura.5-Kinases.Kinases_MCCE.Trial03.run_apo.3WZD_ASP-1A0823_010
Skipping PBE solver for non-charge conformer (16/621) ALA01A0824_001...
ForkPoolWorker-5: Calling delphi to calculate conformer (17/621) SER01A0825_001 in /tmp/pbe_data.data.home.granepura.5-Kinases.Kinases_MCCE.Trial03.run_apo.3WZD_SER01A0825_001
ForkPoolWorker-4: Calling delphi to calculate conformer (18/621) SER01A0825_002 in /tmp/pbe_data.data.home.granepura.5-Kinases.Kinases_MCCE.Trial03.run_apo.3WZD_SER01A0825_002
ForkPoolWorker-2: Calling delphi to calculate conformer (19/621) SER01A0825_003 in /tmp/pbe_data.data.home.granepura.5-Kinases.Kinases_MCCE.Trial03.run_apo.3WZD_SER01A0825_003
ForkPoolWorker-1: Calling delphi to calculate conformer (20/621) LYS01A0826_001 in /tmp/pbe_data.data.home.granepura.5-Kinases.Kinases_MCCE.Trial03.run_apo.3WZD_LYS01A0826_001
ForkPoolWorker-3: Calling delphi to calculate conformer (21/621) LYS+1A0826_002 in /tmp/pbe_data.data.home.granepura.5-Kinases.Kinases_MCCE.Trial03.run_apo.3WZD_LYS+1A0826_002
Skipping PBE solver for non-charge conformer (22/621) TRP01A0827_001...
ForkPoolWorker-5: Calling delphi to calculate conformer (23/621) GLU01A0828_001 in /tmp/pbe_data.data.home.granepura.5-Kinases.Kinases_MCCE.Trial03.run_apo.3WZD_GLU01A0828_001
ForkPoolWorker-4: Calling delphi to calculate conformer (24/621) GLU01A0828_002 in /tmp/pbe_data.data.home.granepura.5-Kinases.Kinases_MCCE.Trial03.run_apo.3WZD_GLU01A0828_002
ForkPoolWorker-2: Calling delphi to calculate conformer (25/621) GLU02A0828_003 in /tmp/pbe_data.data.home.granepura.5-Kinases.Kinases_MCCE.Trial03.run_apo.3WZD_GLU02A0828_003
ForkPoolWorker-1: Calling delphi to calculate conformer (26/621) GLU02A0828_004 in /tmp/pbe_data.data.home.granepura.5-Kinases.Kinases_MCCE.Trial03.run_apo.3WZD_GLU02A0828_004
ForkPoolWorker-3: Calling delphi to calculate conformer (27/621) GLU-1A0828_005 in /tmp/pbe_data.data.home.granepura.5-Kinases.Kinases_MCCE.Trial03.run_apo.3WZD_GLU-1A0828_005
Skipping PBE solver for non-charge conformer (28/621) PHE01A0829_001...
Skipping PBE solver for non-charge conformer (29/621) PRO01A0830_001...
ForkPoolWorker-4: Calling delphi to calculate conformer (30/621) ARG01A0831_001 in /tmp/pbe_data.data.home.granepura.5-Kinases.Kinases_MCCE.Trial03.run_apo.3WZD_ARG01A0831_001
ForkPoolWorker-5: Calling delphi to calculate conformer (31/621) ARG02A0831_002 in /tmp/pbe_data.data.home.granepura.5-Kinases.Kinases_MCCE.Trial03.run_apo.3WZD_ARG02A0831_002
ForkPoolWorker-2: Calling delphi to calculate conformer (32/621) ARG03A0831_003 in /tmp/pbe_data.data.home.granepura.5-Kinases.Kinases_MCCE.Trial03.run_apo.3WZD_ARG03A0831_003
ForkPoolWorker-1: Calling delphi to calculate conformer (33/621) ARG+1A0831_004 in /tmp/pbe_data.data.home.granepura.5-Kinases.Kinases_MCCE.Trial03.run_apo.3WZD_ARG+1A0831_004
ForkPoolWorker-5: Calling delphi to calculate conformer (34/621) ASP01A0832_001 in /tmp/pbe_data.data.home.granepura.5-Kinases.Kinases_MCCE.Trial03.run_apo.3WZD_ASP01A0832_001
ForkPoolWorker-3: Calling delphi to calculate conformer (35/621) ASP01A0832_002 in /tmp/pbe_data.data.home.granepura.5-Kinases.Kinases_MCCE.Trial03.run_apo.3WZD_ASP01A0832_002
ForkPoolWorker-4: Calling delphi to calculate conformer (36/621) ASP02A0832_003 in /tmp/pbe_data.data.home.granepura.5-Kinases.Kinases_MCCE.Trial03.run_apo.3WZD_ASP02A0832_003
ForkPoolWorker-2: Calling delphi to calculate conformer (37/621) ASP02A0832_004 in /tmp/pbe_data.data.home.granepura.5-Kinases.Kinases_MCCE.Trial03.run_apo.3WZD_ASP02A0832_004
ForkPoolWorker-1: Calling delphi to calculate conformer (38/621) ASP-1A0832_005 in /tmp/pbe_data.data.home.granepura.5-Kinases.Kinases_MCCE.Trial03.run_apo.3WZD_ASP-1A0832_005
ForkPoolWorker-5: Calling delphi to calculate conformer (39/621) ARG01A0833_001 in /tmp/pbe_data.data.home.granepura.5-Kinases.Kinases_MCCE.Trial03.run_apo.3WZD_ARG01A0833_001
ForkPoolWorker-3: Calling delphi to calculate conformer (40/621) ARG02A0833_002 in /tmp/pbe_data.data.home.granepura.5-Kinases.Kinases_MCCE.Trial03.run_apo.3WZD_ARG02A0833_002
ForkPoolWorker-4: Calling delphi to calculate conformer (41/621) ARG03A0833_003 in /tmp/pbe_data.data.home.granepura.5-Kinases.Kinases_MCCE.Trial03.run_apo.3WZD_ARG03A0833_003
ForkPoolWorker-2: Calling delphi to calculate conformer (42/621) ARG+1A0833_004 in /tmp/pbe_data.data.home.granepura.5-Kinases.Kinases_MCCE.Trial03.run_apo.3WZD_ARG+1A0833_004
Skipping PBE solver for non-charge conformer (43/621) LEU01A0834_001...
ForkPoolWorker-1: Calling delphi to calculate conformer (44/621) LYS01A0835_001 in /tmp/pbe_data.data.home.granepura.5-Kinases.Kinases_MCCE.Trial03.run_apo.3WZD_LYS01A0835_001
ForkPoolWorker-5: Calling delphi to calculate conformer (45/621) LYS+1A0835_002 in /tmp/pbe_data.data.home.granepura.5-Kinases.Kinases_MCCE.Trial03.run_apo.3WZD_LYS+1A0835_002
Skipping PBE solver for non-charge conformer (46/621) LEU01A0836_001...
ForkPoolWorker-3: Calling delphi to calculate conformer (47/621) LYS01A0838_001 in /tmp/pbe_data.data.home.granepura.5-Kinases.Kinases_MCCE.Trial03.run_apo.3WZD_LYS01A0838_001
ForkPoolWorker-4: Calling delphi to calculate conformer (48/621) LYS+1A0838_002 in /tmp/pbe_data.data.home.granepura.5-Kinases.Kinases_MCCE.Trial03.run_apo.3WZD_LYS+1A0838_002
Skipping PBE solver for non-charge conformer (49/621) PRO01A0839_001...
Skipping PBE solver for non-charge conformer (50/621) LEU01A0840_001...
ForkPoolWorker-2: Calling delphi to calculate conformer (51/621) GLN01A0847_001 in /tmp/pbe_data.data.home.granepura.5-Kinases.Kinases_MCCE.Trial03.run_apo.3WZD_GLN01A0847_001
ForkPoolWorker-1: Calling delphi to calculate conformer (52/621) GLN01A0847_002 in /tmp/pbe_data.data.home.granepura.5-Kinases.Kinases_MCCE.Trial03.run_apo.3WZD_GLN01A0847_002
Skipping PBE solver for non-charge conformer (53/621) VAL01A0848_001...
Skipping PBE solver for non-charge conformer (54/621) ILE01A0849_001...
ForkPoolWorker-5: Calling delphi to calculate conformer (55/621) GLU01A0850_001 in /tmp/pbe_data.data.home.granepura.5-Kinases.Kinases_MCCE.Trial03.run_apo.3WZD_GLU01A0850_001
ForkPoolWorker-3: Calling delphi to calculate conformer (56/621) GLU01A0850_002 in /tmp/pbe_data.data.home.granepura.5-Kinases.Kinases_MCCE.Trial03.run_apo.3WZD_GLU01A0850_002
ForkPoolWorker-4: Calling delphi to calculate conformer (57/621) GLU02A0850_003 in /tmp/pbe_data.data.home.granepura.5-Kinases.Kinases_MCCE.Trial03.run_apo.3WZD_GLU02A0850_003
ForkPoolWorker-2: Calling delphi to calculate conformer (58/621) GLU02A0850_004 in /tmp/pbe_data.data.home.granepura.5-Kinases.Kinases_MCCE.Trial03.run_apo.3WZD_GLU02A0850_004
ForkPoolWorker-1: Calling delphi to calculate conformer (59/621) GLU-1A0850_005 in /tmp/pbe_data.data.home.granepura.5-Kinases.Kinases_MCCE.Trial03.run_apo.3WZD_GLU-1A0850_005
Skipping PBE solver for non-charge conformer (60/621) ALA01A0851_001...
ForkPoolWorker-5: Calling delphi to calculate conformer (61/621) ASP01A0852_001 in /tmp/pbe_data.data.home.granepura.5-Kinases.Kinases_MCCE.Trial03.run_apo.3WZD_ASP01A0852_001
ForkPoolWorker-4: Calling delphi to calculate conformer (62/621) ASP01A0852_002 in /tmp/pbe_data.data.home.granepura.5-Kinases.Kinases_MCCE.Trial03.run_apo.3WZD_ASP01A0852_002
ForkPoolWorker-3: Calling delphi to calculate conformer (63/621) ASP01A0852_003 in /tmp/pbe_data.data.home.granepura.5-Kinases.Kinases_MCCE.Trial03.run_apo.3WZD_ASP01A0852_003
ForkPoolWorker-1: Calling delphi to calculate conformer (65/621) ASP02A0852_005 in /tmp/pbe_data.data.home.granepura.5-Kinases.Kinases_MCCE.Trial03.run_apo.3WZD_ASP02A0852_005
ForkPoolWorker-2: Calling delphi to calculate conformer (64/621) ASP01A0852_004 in /tmp/pbe_data.data.home.granepura.5-Kinases.Kinases_MCCE.Trial03.run_apo.3WZD_ASP01A0852_004
ForkPoolWorker-5: Calling delphi to calculate conformer (66/621) ASP02A0852_006 in /tmp/pbe_data.data.home.granepura.5-Kinases.Kinases_MCCE.Trial03.run_apo.3WZD_ASP02A0852_006
ForkPoolWorker-4: Calling delphi to calculate conformer (67/621) ASP02A0852_007 in /tmp/pbe_data.data.home.granepura.5-Kinases.Kinases_MCCE.Trial03.run_apo.3WZD_ASP02A0852_007
ForkPoolWorker-3: Calling delphi to calculate conformer (68/621) ASP02A0852_008 in /tmp/pbe_data.data.home.granepura.5-Kinases.Kinases_MCCE.Trial03.run_apo.3WZD_ASP02A0852_008
ForkPoolWorker-1: Calling delphi to calculate conformer (69/621) ASP-1A0852_009 in /tmp/pbe_data.data.home.granepura.5-Kinases.Kinases_MCCE.Trial03.run_apo.3WZD_ASP-1A0852_009
Skipping PBE solver for non-charge conformer (70/621) ALA01A0853_001...
Skipping PBE solver for non-charge conformer (71/621) PHE01A0854_001...
Skipping PBE solver for non-charge conformer (72/621) ILE01A0856_001...
ForkPoolWorker-2: Calling delphi to calculate conformer (73/621) ASP01A0857_001 in /tmp/pbe_data.data.home.granepura.5-Kinases.Kinases_MCCE.Trial03.run_apo.3WZD_ASP01A0857_001
ForkPoolWorker-5: Calling delphi to calculate conformer (74/621) ASP01A0857_002 in /tmp/pbe_data.data.home.granepura.5-Kinases.Kinases_MCCE.Trial03.run_apo.3WZD_ASP01A0857_002
ForkPoolWorker-4: Calling delphi to calculate conformer (75/621) ASP02A0857_003 in /tmp/pbe_data.data.home.granepura.5-Kinases.Kinases_MCCE.Trial03.run_apo.3WZD_ASP02A0857_003
ForkPoolWorker-3: Calling delphi to calculate conformer (76/621) ASP02A0857_004 in /tmp/pbe_data.data.home.granepura.5-Kinases.Kinases_MCCE.Trial03.run_apo.3WZD_ASP02A0857_004
ForkPoolWorker-2: Calling delphi to calculate conformer (77/621) ASP-1A0857_005 in /tmp/pbe_data.data.home.granepura.5-Kinases.Kinases_MCCE.Trial03.run_apo.3WZD_ASP-1A0857_005
ForkPoolWorker-1: Calling delphi to calculate conformer (78/621) LYS01A0858_001 in /tmp/pbe_data.data.home.granepura.5-Kinases.Kinases_MCCE.Trial03.run_apo.3WZD_LYS01A0858_001
ForkPoolWorker-5: Calling delphi to calculate conformer (79/621) LYS+1A0858_002 in /tmp/pbe_data.data.home.granepura.5-Kinases.Kinases_MCCE.Trial03.run_apo.3WZD_LYS+1A0858_002
ForkPoolWorker-4: Calling delphi to calculate conformer (80/621) THR01A0859_001 in /tmp/pbe_data.data.home.granepura.5-Kinases.Kinases_MCCE.Trial03.run_apo.3WZD_THR01A0859_001
ForkPoolWorker-3: Calling delphi to calculate conformer (81/621) THR01A0859_002 in /tmp/pbe_data.data.home.granepura.5-Kinases.Kinases_MCCE.Trial03.run_apo.3WZD_THR01A0859_002
ForkPoolWorker-5: Calling delphi to calculate conformer (82/621) THR01A0859_003 in /tmp/pbe_data.data.home.granepura.5-Kinases.Kinases_MCCE.Trial03.run_apo.3WZD_THR01A0859_003
ForkPoolWorker-1: Calling delphi to calculate conformer (83/621) THR01A0859_004 in /tmp/pbe_data.data.home.granepura.5-Kinases.Kinases_MCCE.Trial03.run_apo.3WZD_THR01A0859_004
Skipping PBE solver for non-charge conformer (84/621) ALA01A0860_001...
ForkPoolWorker-4: Calling delphi to calculate conformer (85/621) THR01A0861_001 in /tmp/pbe_data.data.home.granepura.5-Kinases.Kinases_MCCE.Trial03.run_apo.3WZD_THR01A0861_001
ForkPoolWorker-2: Calling delphi to calculate conformer (86/621) CYS01A0862_001 in /tmp/pbe_data.data.home.granepura.5-Kinases.Kinases_MCCE.Trial03.run_apo.3WZD_CYS01A0862_001
ForkPoolWorker-3: Calling delphi to calculate conformer (87/621) CYS01A0862_002 in /tmp/pbe_data.data.home.granepura.5-Kinases.Kinases_MCCE.Trial03.run_apo.3WZD_CYS01A0862_002
ForkPoolWorker-5: Calling delphi to calculate conformer (88/621) CYS01A0862_003 in /tmp/pbe_data.data.home.granepura.5-Kinases.Kinases_MCCE.Trial03.run_apo.3WZD_CYS01A0862_003
ForkPoolWorker-1: Calling delphi to calculate conformer (89/621) CYS-1A0862_004 in /tmp/pbe_data.data.home.granepura.5-Kinases.Kinases_MCCE.Trial03.run_apo.3WZD_CYS-1A0862_004
ForkPoolWorker-4: Calling delphi to calculate conformer (90/621) ARG01A0863_001 in /tmp/pbe_data.data.home.granepura.5-Kinases.Kinases_MCCE.Trial03.run_apo.3WZD_ARG01A0863_001
ForkPoolWorker-2: Calling delphi to calculate conformer (91/621) ARG02A0863_002 in /tmp/pbe_data.data.home.granepura.5-Kinases.Kinases_MCCE.Trial03.run_apo.3WZD_ARG02A0863_002
ForkPoolWorker-3: Calling delphi to calculate conformer (92/621) ARG02A0863_003 in /tmp/pbe_data.data.home.granepura.5-Kinases.Kinases_MCCE.Trial03.run_apo.3WZD_ARG02A0863_003
ForkPoolWorker-5: Calling delphi to calculate conformer (93/621) ARG03A0863_004 in /tmp/pbe_data.data.home.granepura.5-Kinases.Kinases_MCCE.Trial03.run_apo.3WZD_ARG03A0863_004
ForkPoolWorker-1: Calling delphi to calculate conformer (94/621) ARG+1A0863_005 in /tmp/pbe_data.data.home.granepura.5-Kinases.Kinases_MCCE.Trial03.run_apo.3WZD_ARG+1A0863_005
ForkPoolWorker-4: Calling delphi to calculate conformer (95/621) THR01A0864_001 in /tmp/pbe_data.data.home.granepura.5-Kinases.Kinases_MCCE.Trial03.run_apo.3WZD_THR01A0864_001
ForkPoolWorker-2: Calling delphi to calculate conformer (96/621) THR01A0864_002 in /tmp/pbe_data.data.home.granepura.5-Kinases.Kinases_MCCE.Trial03.run_apo.3WZD_THR01A0864_002
Skipping PBE solver for non-charge conformer (97/621) VAL01A0865_001...
Skipping PBE solver for non-charge conformer (98/621) ALA01A0866_001...
Skipping PBE solver for non-charge conformer (99/621) VAL01A0867_001...
ForkPoolWorker-3: Calling delphi to calculate conformer (100/621) LYS01A0868_001 in /tmp/pbe_data.data.home.granepura.5-Kinases.Kinases_MCCE.Trial03.run_apo.3WZD_LYS01A0868_001
ForkPoolWorker-5: Calling delphi to calculate conformer (101/621) LYS+1A0868_002 in /tmp/pbe_data.data.home.granepura.5-Kinases.Kinases_MCCE.Trial03.run_apo.3WZD_LYS+1A0868_002
ForkPoolWorker-1: Calling delphi to calculate conformer (102/621) MET01A0869_001 in /tmp/pbe_data.data.home.granepura.5-Kinases.Kinases_MCCE.Trial03.run_apo.3WZD_MET01A0869_001
Skipping PBE solver for non-charge conformer (103/621) LEU01A0870_001...
ForkPoolWorker-4: Calling delphi to calculate conformer (104/621) LYS01A0871_001 in /tmp/pbe_data.data.home.granepura.5-Kinases.Kinases_MCCE.Trial03.run_apo.3WZD_LYS01A0871_001
ForkPoolWorker-2: Calling delphi to calculate conformer (105/621) LYS+1A0871_002 in /tmp/pbe_data.data.home.granepura.5-Kinases.Kinases_MCCE.Trial03.run_apo.3WZD_LYS+1A0871_002
ForkPoolWorker-3: Calling delphi to calculate conformer (106/621) GLU01A0872_001 in /tmp/pbe_data.data.home.granepura.5-Kinases.Kinases_MCCE.Trial03.run_apo.3WZD_GLU01A0872_001
ForkPoolWorker-1: Calling delphi to calculate conformer (107/621) GLU01A0872_002 in /tmp/pbe_data.data.home.granepura.5-Kinases.Kinases_MCCE.Trial03.run_apo.3WZD_GLU01A0872_002
ForkPoolWorker-4: Calling delphi to calculate conformer (108/621) GLU02A0872_003 in /tmp/pbe_data.data.home.granepura.5-Kinases.Kinases_MCCE.Trial03.run_apo.3WZD_GLU02A0872_003
ForkPoolWorker-5: Calling delphi to calculate conformer (109/621) GLU02A0872_004 in /tmp/pbe_data.data.home.granepura.5-Kinases.Kinases_MCCE.Trial03.run_apo.3WZD_GLU02A0872_004
ForkPoolWorker-3: Calling delphi to calculate conformer (110/621) GLU-1A0872_005 in /tmp/pbe_data.data.home.granepura.5-Kinases.Kinases_MCCE.Trial03.run_apo.3WZD_GLU-1A0872_005
Skipping PBE solver for non-charge conformer (111/621) ALA01A0874_001...
ForkPoolWorker-2: Calling delphi to calculate conformer (112/621) THR01A0875_001 in /tmp/pbe_data.data.home.granepura.5-Kinases.Kinases_MCCE.Trial03.run_apo.3WZD_THR01A0875_001
ForkPoolWorker-1: Calling delphi to calculate conformer (113/621) THR01A0875_002 in /tmp/pbe_data.data.home.granepura.5-Kinases.Kinases_MCCE.Trial03.run_apo.3WZD_THR01A0875_002
ForkPoolWorker-4: Calling delphi to calculate conformer (114/621) THR01A0875_003 in /tmp/pbe_data.data.home.granepura.5-Kinases.Kinases_MCCE.Trial03.run_apo.3WZD_THR01A0875_003
ForkPoolWorker-2: Calling delphi to calculate conformer (115/621) HIS01A0876_001 in /tmp/pbe_data.data.home.granepura.5-Kinases.Kinases_MCCE.Trial03.run_apo.3WZD_HIS01A0876_001
ForkPoolWorker-5: Calling delphi to calculate conformer (116/621) HIS01A0876_002 in /tmp/pbe_data.data.home.granepura.5-Kinases.Kinases_MCCE.Trial03.run_apo.3WZD_HIS01A0876_002
ForkPoolWorker-3: Calling delphi to calculate conformer (117/621) HIS02A0876_003 in /tmp/pbe_data.data.home.granepura.5-Kinases.Kinases_MCCE.Trial03.run_apo.3WZD_HIS02A0876_003
ForkPoolWorker-1: Calling delphi to calculate conformer (118/621) HIS02A0876_004 in /tmp/pbe_data.data.home.granepura.5-Kinases.Kinases_MCCE.Trial03.run_apo.3WZD_HIS02A0876_004
ForkPoolWorker-4: Calling delphi to calculate conformer (119/621) HIS+1A0876_005 in /tmp/pbe_data.data.home.granepura.5-Kinases.Kinases_MCCE.Trial03.run_apo.3WZD_HIS+1A0876_005
ForkPoolWorker-2: Calling delphi to calculate conformer (120/621) HIS+1A0876_006 in /tmp/pbe_data.data.home.granepura.5-Kinases.Kinases_MCCE.Trial03.run_apo.3WZD_HIS+1A0876_006
ForkPoolWorker-5: Calling delphi to calculate conformer (121/621) SER01A0877_001 in /tmp/pbe_data.data.home.granepura.5-Kinases.Kinases_MCCE.Trial03.run_apo.3WZD_SER01A0877_001
ForkPoolWorker-3: Calling delphi to calculate conformer (122/621) SER01A0877_002 in /tmp/pbe_data.data.home.granepura.5-Kinases.Kinases_MCCE.Trial03.run_apo.3WZD_SER01A0877_002
ForkPoolWorker-1: Calling delphi to calculate conformer (123/621) GLU01A0878_001 in /tmp/pbe_data.data.home.granepura.5-Kinases.Kinases_MCCE.Trial03.run_apo.3WZD_GLU01A0878_001
ForkPoolWorker-4: Calling delphi to calculate conformer (124/621) GLU01A0878_002 in /tmp/pbe_data.data.home.granepura.5-Kinases.Kinases_MCCE.Trial03.run_apo.3WZD_GLU01A0878_002
ForkPoolWorker-2: Calling delphi to calculate conformer (125/621) GLU02A0878_003 in /tmp/pbe_data.data.home.granepura.5-Kinases.Kinases_MCCE.Trial03.run_apo.3WZD_GLU02A0878_003
ForkPoolWorker-5: Calling delphi to calculate conformer (126/621) GLU02A0878_004 in /tmp/pbe_data.data.home.granepura.5-Kinases.Kinases_MCCE.Trial03.run_apo.3WZD_GLU02A0878_004
ForkPoolWorker-3: Calling delphi to calculate conformer (127/621) GLU-1A0878_005 in /tmp/pbe_data.data.home.granepura.5-Kinases.Kinases_MCCE.Trial03.run_apo.3WZD_GLU-1A0878_005
ForkPoolWorker-1: Calling delphi to calculate conformer (128/621) HIS01A0879_001 in /tmp/pbe_data.data.home.granepura.5-Kinases.Kinases_MCCE.Trial03.run_apo.3WZD_HIS01A0879_001
ForkPoolWorker-4: Calling delphi to calculate conformer (129/621) HIS01A0879_002 in /tmp/pbe_data.data.home.granepura.5-Kinases.Kinases_MCCE.Trial03.run_apo.3WZD_HIS01A0879_002
ForkPoolWorker-2: Calling delphi to calculate conformer (130/621) HIS02A0879_003 in /tmp/pbe_data.data.home.granepura.5-Kinases.Kinases_MCCE.Trial03.run_apo.3WZD_HIS02A0879_003
ForkPoolWorker-5: Calling delphi to calculate conformer (131/621) HIS02A0879_004 in /tmp/pbe_data.data.home.granepura.5-Kinases.Kinases_MCCE.Trial03.run_apo.3WZD_HIS02A0879_004
ForkPoolWorker-3: Calling delphi to calculate conformer (132/621) HIS+1A0879_005 in /tmp/pbe_data.data.home.granepura.5-Kinases.Kinases_MCCE.Trial03.run_apo.3WZD_HIS+1A0879_005
ForkPoolWorker-1: Calling delphi to calculate conformer (133/621) HIS+1A0879_006 in /tmp/pbe_data.data.home.granepura.5-Kinases.Kinases_MCCE.Trial03.run_apo.3WZD_HIS+1A0879_006
ForkPoolWorker-4: Calling delphi to calculate conformer (134/621) ARG01A0880_001 in /tmp/pbe_data.data.home.granepura.5-Kinases.Kinases_MCCE.Trial03.run_apo.3WZD_ARG01A0880_001
ForkPoolWorker-2: Calling delphi to calculate conformer (135/621) ARG02A0880_002 in /tmp/pbe_data.data.home.granepura.5-Kinases.Kinases_MCCE.Trial03.run_apo.3WZD_ARG02A0880_002
ForkPoolWorker-5: Calling delphi to calculate conformer (136/621) ARG03A0880_003 in /tmp/pbe_data.data.home.granepura.5-Kinases.Kinases_MCCE.Trial03.run_apo.3WZD_ARG03A0880_003
ForkPoolWorker-3: Calling delphi to calculate conformer (137/621) ARG+1A0880_004 in /tmp/pbe_data.data.home.granepura.5-Kinases.Kinases_MCCE.Trial03.run_apo.3WZD_ARG+1A0880_004
Skipping PBE solver for non-charge conformer (138/621) ALA01A0881_001...
Skipping PBE solver for non-charge conformer (139/621) LEU01A0882_001...
ForkPoolWorker-1: Calling delphi to calculate conformer (140/621) MET01A0883_001 in /tmp/pbe_data.data.home.granepura.5-Kinases.Kinases_MCCE.Trial03.run_apo.3WZD_MET01A0883_001
ForkPoolWorker-4: Calling delphi to calculate conformer (141/621) SER01A0884_001 in /tmp/pbe_data.data.home.granepura.5-Kinases.Kinases_MCCE.Trial03.run_apo.3WZD_SER01A0884_001
ForkPoolWorker-2: Calling delphi to calculate conformer (142/621) GLU01A0885_001 in /tmp/pbe_data.data.home.granepura.5-Kinases.Kinases_MCCE.Trial03.run_apo.3WZD_GLU01A0885_001
ForkPoolWorker-5: Calling delphi to calculate conformer (143/621) GLU01A0885_002 in /tmp/pbe_data.data.home.granepura.5-Kinases.Kinases_MCCE.Trial03.run_apo.3WZD_GLU01A0885_002
ForkPoolWorker-3: Calling delphi to calculate conformer (144/621) GLU01A0885_003 in /tmp/pbe_data.data.home.granepura.5-Kinases.Kinases_MCCE.Trial03.run_apo.3WZD_GLU01A0885_003
ForkPoolWorker-1: Calling delphi to calculate conformer (145/621) GLU01A0885_004 in /tmp/pbe_data.data.home.granepura.5-Kinases.Kinases_MCCE.Trial03.run_apo.3WZD_GLU01A0885_004
ForkPoolWorker-4: Calling delphi to calculate conformer (146/621) GLU02A0885_005 in /tmp/pbe_data.data.home.granepura.5-Kinases.Kinases_MCCE.Trial03.run_apo.3WZD_GLU02A0885_005
ForkPoolWorker-2: Calling delphi to calculate conformer (147/621) GLU02A0885_006 in /tmp/pbe_data.data.home.granepura.5-Kinases.Kinases_MCCE.Trial03.run_apo.3WZD_GLU02A0885_006
ForkPoolWorker-5: Calling delphi to calculate conformer (148/621) GLU02A0885_007 in /tmp/pbe_data.data.home.granepura.5-Kinases.Kinases_MCCE.Trial03.run_apo.3WZD_GLU02A0885_007
ForkPoolWorker-3: Calling delphi to calculate conformer (149/621) GLU02A0885_008 in /tmp/pbe_data.data.home.granepura.5-Kinases.Kinases_MCCE.Trial03.run_apo.3WZD_GLU02A0885_008
ForkPoolWorker-1: Calling delphi to calculate conformer (150/621) GLU-1A0885_009 in /tmp/pbe_data.data.home.granepura.5-Kinases.Kinases_MCCE.Trial03.run_apo.3WZD_GLU-1A0885_009
ForkPoolWorker-4: Calling delphi to calculate conformer (151/621) GLU-1A0885_010 in /tmp/pbe_data.data.home.granepura.5-Kinases.Kinases_MCCE.Trial03.run_apo.3WZD_GLU-1A0885_010
Skipping PBE solver for non-charge conformer (152/621) LEU01A0886_001...
ForkPoolWorker-2: Calling delphi to calculate conformer (153/621) LYS01A0887_001 in /tmp/pbe_data.data.home.granepura.5-Kinases.Kinases_MCCE.Trial03.run_apo.3WZD_LYS01A0887_001
ForkPoolWorker-5: Calling delphi to calculate conformer (154/621) LYS+1A0887_002 in /tmp/pbe_data.data.home.granepura.5-Kinases.Kinases_MCCE.Trial03.run_apo.3WZD_LYS+1A0887_002
Skipping PBE solver for non-charge conformer (155/621) ILE01A0888_001...
Skipping PBE solver for non-charge conformer (156/621) LEU01A0889_001...
Skipping PBE solver for non-charge conformer (157/621) ILE01A0890_001...
ForkPoolWorker-3: Calling delphi to calculate conformer (158/621) HIS01A0891_001 in /tmp/pbe_data.data.home.granepura.5-Kinases.Kinases_MCCE.Trial03.run_apo.3WZD_HIS01A0891_001
ForkPoolWorker-1: Calling delphi to calculate conformer (159/621) HIS01A0891_002 in /tmp/pbe_data.data.home.granepura.5-Kinases.Kinases_MCCE.Trial03.run_apo.3WZD_HIS01A0891_002
ForkPoolWorker-4: Calling delphi to calculate conformer (160/621) HIS02A0891_003 in /tmp/pbe_data.data.home.granepura.5-Kinases.Kinases_MCCE.Trial03.run_apo.3WZD_HIS02A0891_003
ForkPoolWorker-2: Calling delphi to calculate conformer (161/621) HIS02A0891_004 in /tmp/pbe_data.data.home.granepura.5-Kinases.Kinases_MCCE.Trial03.run_apo.3WZD_HIS02A0891_004
ForkPoolWorker-5: Calling delphi to calculate conformer (162/621) HIS+1A0891_005 in /tmp/pbe_data.data.home.granepura.5-Kinases.Kinases_MCCE.Trial03.run_apo.3WZD_HIS+1A0891_005
ForkPoolWorker-3: Calling delphi to calculate conformer (163/621) HIS+1A0891_006 in /tmp/pbe_data.data.home.granepura.5-Kinases.Kinases_MCCE.Trial03.run_apo.3WZD_HIS+1A0891_006
Skipping PBE solver for non-charge conformer (164/621) ILE01A0892_001...
ForkPoolWorker-1: Calling delphi to calculate conformer (165/621) HIS01A0894_001 in /tmp/pbe_data.data.home.granepura.5-Kinases.Kinases_MCCE.Trial03.run_apo.3WZD_HIS01A0894_001
ForkPoolWorker-4: Calling delphi to calculate conformer (166/621) HIS01A0894_002 in /tmp/pbe_data.data.home.granepura.5-Kinases.Kinases_MCCE.Trial03.run_apo.3WZD_HIS01A0894_002
ForkPoolWorker-2: Calling delphi to calculate conformer (167/621) HIS01A0894_003 in /tmp/pbe_data.data.home.granepura.5-Kinases.Kinases_MCCE.Trial03.run_apo.3WZD_HIS01A0894_003
ForkPoolWorker-5: Calling delphi to calculate conformer (168/621) HIS02A0894_004 in /tmp/pbe_data.data.home.granepura.5-Kinases.Kinases_MCCE.Trial03.run_apo.3WZD_HIS02A0894_004
ForkPoolWorker-3: Calling delphi to calculate conformer (169/621) HIS02A0894_005 in /tmp/pbe_data.data.home.granepura.5-Kinases.Kinases_MCCE.Trial03.run_apo.3WZD_HIS02A0894_005
ForkPoolWorker-1: Calling delphi to calculate conformer (170/621) HIS02A0894_006 in /tmp/pbe_data.data.home.granepura.5-Kinases.Kinases_MCCE.Trial03.run_apo.3WZD_HIS02A0894_006
ForkPoolWorker-4: Calling delphi to calculate conformer (171/621) HIS+1A0894_007 in /tmp/pbe_data.data.home.granepura.5-Kinases.Kinases_MCCE.Trial03.run_apo.3WZD_HIS+1A0894_007
ForkPoolWorker-2: Calling delphi to calculate conformer (172/621) HIS+1A0894_008 in /tmp/pbe_data.data.home.granepura.5-Kinases.Kinases_MCCE.Trial03.run_apo.3WZD_HIS+1A0894_008
ForkPoolWorker-5: Calling delphi to calculate conformer (173/621) HIS+1A0894_009 in /tmp/pbe_data.data.home.granepura.5-Kinases.Kinases_MCCE.Trial03.run_apo.3WZD_HIS+1A0894_009
ForkPoolWorker-3: Calling delphi to calculate conformer (174/621) HIS01A0895_001 in /tmp/pbe_data.data.home.granepura.5-Kinases.Kinases_MCCE.Trial03.run_apo.3WZD_HIS01A0895_001
ForkPoolWorker-1: Calling delphi to calculate conformer (175/621) HIS01A0895_002 in /tmp/pbe_data.data.home.granepura.5-Kinases.Kinases_MCCE.Trial03.run_apo.3WZD_HIS01A0895_002
ForkPoolWorker-4: Calling delphi to calculate conformer (176/621) HIS02A0895_003 in /tmp/pbe_data.data.home.granepura.5-Kinases.Kinases_MCCE.Trial03.run_apo.3WZD_HIS02A0895_003
ForkPoolWorker-2: Calling delphi to calculate conformer (177/621) HIS02A0895_004 in /tmp/pbe_data.data.home.granepura.5-Kinases.Kinases_MCCE.Trial03.run_apo.3WZD_HIS02A0895_004
ForkPoolWorker-5: Calling delphi to calculate conformer (178/621) HIS+1A0895_005 in /tmp/pbe_data.data.home.granepura.5-Kinases.Kinases_MCCE.Trial03.run_apo.3WZD_HIS+1A0895_005
ForkPoolWorker-3: Calling delphi to calculate conformer (179/621) HIS+1A0895_006 in /tmp/pbe_data.data.home.granepura.5-Kinases.Kinases_MCCE.Trial03.run_apo.3WZD_HIS+1A0895_006
