Final input PDB file: prot_center.pdb
Running STEP1 ...
STEP1 completed SUCCESSFULLY in 00h:00m:00s.
Running STEP2 ...
STEP2 completed SUCCESSFULLY in 00h:00m:34s.
Running STEP3 ...
STEP3 completed SUCCESSFULLY in 00h:27m:19s.
Running custom stepC script "vdw0_update2zero.py" (between STEP3 and STEP4)...
vdw0_update2zero.py completed SUCCESSFULLY in 00h:00m:00s.
Running STEP4 ...
STEP4 completed SUCCESSFULLY in 00h:00m:20s.
Temporary PBE data will be stored in:                             /tmp
Full path of the working directory is:                            /data/home/granepura/5-kinases/cof_tpl_mg/run_kin/3cs9
Subdirectories matching this pattern will be removed from temp dir: home.granepura.5-kinases.cof_tpl_mg.run_kin.3cs9
STEP_CLEAN: cleaning matching pbe_data folders in /tmp...
STEP_CLEAN: no matching /tmp pbe_data folders found.
Script complete.
Total runtime: 00h:28m:14s
Timing report written to mcce_timing.log

>>> Caught termination signal. Running STEP_CLEAN before exiting...
