 ph              7.4 
GLU-A0818_     -1.00 
GLU-A0819_     -1.00 
ARG+A0820_      1.00 
HIS+A0821_      0.02 
LYS+A0823_      0.74 
TYR-A0824_      0.00 
LYS+A0830_      1.00 
GLU-A0837_     -0.99 
CYS-A0839_      0.00 
ARG+A0840_      1.00 
TYR-A0841_     -0.09 
ASP-A0842_     -1.00 
ASP-A0846_     -1.00 
LYS+A0855_      1.00 
HIS+A0859_      0.47 
ASP-A0863_     -1.00 
ARG+A0866_      0.01 
ASP-A0867_     -0.99 
ARG+A0870_      0.99 
GLU-A0871_     -1.00 
LYS+A0876_      1.00 
HIS+A0879_      0.52 
ASP-A0881_     -1.00 
LYS+A0885_      0.99 
TYR-A0886_      0.00 
ARG+A0887_      1.00 
TYR-A0891_     -0.00 
ARG+A0895_      0.00 
ARG+A0899_      1.00 
GLU-A0903_     -1.00 
TYR-A0904_      0.00 
CYS-A0909_     -0.04 
ARG+A0911_      1.00 
ASP-A0912_     -1.00 
ARG+A0916_      1.00 
HIS+A0917_      0.03 
ARG+A0918_      1.00 
ARG+A0920_      1.00 
ASP-A0922_     -1.00 
ARG+A0925_      1.00 
TYR-A0929_      0.00 
CYS-A0934_      0.00 
LYS+A0935_      1.00 
GLU-A0938_     -1.00 
TYR-A0939_      0.00 
ARG+A0943_      1.00 
ARG+A0944_      1.00 
CYS-A0945_      0.00 
HIS+A0947_      0.00 
ARG+A0948_      1.00 
ASP-A0949_     -1.00 
ARG+A0953_      1.00 
GLU-A0958_     -1.00 
GLU-A0960_     -1.00 
HIS+A0962_      0.62 
LYS+A0964_      1.00 
ASP-A0967_     -1.00 
LYS+A0972_      0.99 
ASP-A0977_     -1.00 
LYS+A0978_      1.00 
ASP-A0979_     -1.00 
TYR-A0980_     -0.01 
TYR-A0981_     -0.01 
ARG+A0984_      0.00 
GLU-A0985_     -1.00 
TYR-A0994_      0.00 
GLU-A0997_     -1.00 
ASP-A1001_     -1.00 
ARG+A1006_      1.00 
ASP-A1009_     -1.00 
TYR-A1018_      0.00 
GLU-A1019_     -1.00 
TYR-A1023_      0.00 
CYS-A1024_      0.00 
ASP-A1025_     -1.00 
LYS+A1026_      0.99 
CYS-A1028_      0.00 
GLU-A1033_     -1.00 
ARG+A1036_      1.00 
ARG+A1049_      1.00 
GLU-A1052_     -0.99 
GLU-A1055_     -0.97 
GLU-A1056_     -0.97 
ARG+A1059_      1.00 
CYS-A1066_      0.00 
GLU-A1069_     -1.00 
HIS+A1071_      0.01 
GLU-A1072_     -1.00 
LYS+A1075_      1.00 
CYS-A1077_      0.00 
ASP-A1084_     -1.00 
ARG+A1085_      1.00 
ASP-A1096_     -1.00 
---------------------
Net_Charge     -1.65 
Protons        -1.65
Electrons       0.00
