   Error! get_connect12(): connectivity of atom " N   LEU A0802" is not complete:

          get_connect12(): atom  C   of residue i-1 is not found 

   Error! get_connect12(): connectivity of atom " C   PRO A0812" is not complete:

          get_connect12(): atom  N   of residue i+1 is not found 

   Error! get_connect12(): connectivity of atom " N   LEU A0820" is not complete:

          get_connect12(): atom  C   of residue i-1 is not found 

   Error! get_connect12(): connectivity of atom " C   TYR A0938" is not complete:

          get_connect12(): atom  N   of residue i+1 is not found 

   Error! get_connect12(): connectivity of atom " N   TYR A0996" is not complete:

          get_connect12(): atom  C   of residue i-1 is not found 

   Error! get_connect12(): connectivity of atom " C   GLN A1169" is not complete:

          get_connect12(): atom  N   of residue i+1 is not found 

VDW_RAD  B49+1  C4    1.91
VDW_EPS  B49+1  C4    0.11
VDW_RAD  B49+1  C5    1.91
VDW_EPS  B49+1  C5    0.11
VDW_RAD  B49+1  C6    1.91
VDW_EPS  B49+1  C6    0.11
VDW_RAD  B49+1  C7    1.91
VDW_EPS  B49+1  C7    0.11
VDW_RAD  B49+1  C13   1.91
VDW_EPS  B49+1  C13   0.11
VDW_RAD  B49+1  C15   1.91
VDW_EPS  B49+1  C15   0.11
VDW_RAD  B49+1  C17   1.91
VDW_EPS  B49+1  C17   0.11
VDW_RAD  B49+1  C20   1.91
VDW_EPS  B49+1  C20   0.11
VDW_RAD  B49+1  C21   1.91
VDW_EPS  B49+1  C21   0.11
VDW_RAD  B49+1  C22   1.91
VDW_EPS  B49+1  C22   0.11
VDW_RAD  B49+1  C3    1.91
VDW_EPS  B49+1  C3    0.11
VDW_RAD  B49+1  C12   1.91
VDW_EPS  B49+1  C12   0.11
VDW_RAD  B49+1  C14   1.91
VDW_EPS  B49+1  C14   0.11
VDW_RAD  B49+1  C16   1.91
VDW_EPS  B49+1  C16   0.11
VDW_RAD  B49+1  C18   1.91
VDW_EPS  B49+1  C18   0.11
VDW_RAD  B49+1  C19   1.91
VDW_EPS  B49+1  C19   0.11
VDW_RAD  B49+1  N23   1.82
VDW_EPS  B49+1  N23   0.17
VDW_RAD  B49+1  N24   1.82
VDW_EPS  B49+1  N24   0.17
VDW_RAD  B49+1  N25   1.82
VDW_EPS  B49+1  N25   0.17
VDW_RAD  B49+1  O27   1.66
VDW_EPS  B49+1  O27   0.21
VDW_RAD  B49+1  O28   1.66
VDW_EPS  B49+1  O28   0.21
VDW_RAD  B49+1  F29   1.91
VDW_EPS  B49+1  F29   0.11
VDW_RAD  B49+1  C37   1.91
VDW_EPS  B49+1  C37   0.11
VDW_RAD  B49+1  C38   1.91
VDW_EPS  B49+1  C38   0.11
VDW_RAD  B49+1  N4    1.82
VDW_EPS  B49+1  N4    0.17
VDW_RAD  B49+1  C39   1.91
VDW_EPS  B49+1  C39   0.11
VDW_RAD  B49+1  C40   1.91
VDW_EPS  B49+1  C40   0.11
VDW_RAD  B49+1  C41   1.91
VDW_EPS  B49+1  C41   0.11
VDW_RAD  B49+1  C42   1.91
VDW_EPS  B49+1  C42   0.11
   Error! get_connect12(): connectivity of atom " N   LEU A0802" is not complete:

          get_connect12(): atom  C   of residue i-1 is not found 

TORSION  LEUBK  H    N    CA   C    f        0.0         2    180.00
   Error! get_connect12(): connectivity of atom " N   LEU A0802" is not complete:

          get_connect12(): atom  C   of residue i-1 is not found 

   Error! get_connect12(): connectivity of atom " N   LEU A0802" is not complete:

          get_connect12(): atom  C   of residue i-1 is not found 

   Error! get_connect12(): connectivity of atom " N   LEU A0802" is not complete:

          get_connect12(): atom  C   of residue i-1 is not found 

   Error! get_connect12(): connectivity of atom " N   LEU A0802" is not complete:

          get_connect12(): atom  C   of residue i-1 is not found 

   Error! get_connect12(): connectivity of atom " C   PRO A0812" is not complete:

          get_connect12(): atom  N   of residue i+1 is not found 

   Error! get_connect12(): connectivity of atom " C   PRO A0812" is not complete:

          get_connect12(): atom  N   of residue i+1 is not found 

   Error! get_connect12(): connectivity of atom " C   PRO A0812" is not complete:

          get_connect12(): atom  N   of residue i+1 is not found 

   Error! get_connect12(): connectivity of atom " N   LEU A0820" is not complete:

          get_connect12(): atom  C   of residue i-1 is not found 

   Error! get_connect12(): connectivity of atom " N   LEU A0820" is not complete:

          get_connect12(): atom  C   of residue i-1 is not found 

   Error! get_connect12(): connectivity of atom " N   LEU A0820" is not complete:

          get_connect12(): atom  C   of residue i-1 is not found 

   Error! get_connect12(): connectivity of atom " N   LEU A0820" is not complete:

          get_connect12(): atom  C   of residue i-1 is not found 

   Error! get_connect12(): connectivity of atom " N   LEU A0820" is not complete:

          get_connect12(): atom  C   of residue i-1 is not found 

   Error! get_connect12(): connectivity of atom " C   TYR A0938" is not complete:

          get_connect12(): atom  N   of residue i+1 is not found 

   Error! get_connect12(): connectivity of atom " C   TYR A0938" is not complete:

          get_connect12(): atom  N   of residue i+1 is not found 

   Error! get_connect12(): connectivity of atom " C   TYR A0938" is not complete:

          get_connect12(): atom  N   of residue i+1 is not found 

   Error! get_connect12(): connectivity of atom " C   TYR A0938" is not complete:

          get_connect12(): atom  N   of residue i+1 is not found 

   Error! get_connect12(): connectivity of atom " N   TYR A0996" is not complete:

          get_connect12(): atom  C   of residue i-1 is not found 

TORSION  TYRBK  H    N    CA   C    f        0.0         2    180.00
   Error! get_connect12(): connectivity of atom " N   TYR A0996" is not complete:

          get_connect12(): atom  C   of residue i-1 is not found 

   Error! get_connect12(): connectivity of atom " N   TYR A0996" is not complete:

          get_connect12(): atom  C   of residue i-1 is not found 

   Error! get_connect12(): connectivity of atom " N   TYR A0996" is not complete:

          get_connect12(): atom  C   of residue i-1 is not found 

   Error! get_connect12(): connectivity of atom " C   GLN A1169" is not complete:

          get_connect12(): atom  N   of residue i+1 is not found 

   Error! get_connect12(): connectivity of atom " C   GLN A1169" is not complete:

          get_connect12(): atom  N   of residue i+1 is not found 

   Error! get_connect12(): connectivity of atom " C   GLN A1169" is not complete:

          get_connect12(): atom  N   of residue i+1 is not found 

   Error! get_connect12(): connectivity of atom " C   GLN A1169" is not complete:

          get_connect12(): atom  N   of residue i+1 is not found 

TORSION  B49+1  H4   C4   C14  C19  f        0.0         3      0.00
TORSION  B49+1  H3   C3   C13  C18  f        0.0         3      0.00
TORSION  B49+1  H22  C41  C40  N4   f        0.0         3      0.00
TORSION  B49+1  H25  C42  C39  N4   f        0.0         3      0.00
   Error! get_connect12(): connectivity of atom " N   LEU A0802" is not complete:

          get_connect12(): atom  C   of residue i-1 is not found 

   Error! get_connect12(): connectivity of atom " C   PRO A0812" is not complete:

          get_connect12(): atom  N   of residue i+1 is not found 

   Error! get_connect12(): connectivity of atom " N   LEU A0820" is not complete:

          get_connect12(): atom  C   of residue i-1 is not found 

   Error! get_connect12(): connectivity of atom " C   TYR A0938" is not complete:

          get_connect12(): atom  N   of residue i+1 is not found 

   Error! get_connect12(): connectivity of atom " N   TYR A0996" is not complete:

          get_connect12(): atom  C   of residue i-1 is not found 

   Error! get_connect12(): connectivity of atom " C   GLN A1169" is not complete:

          get_connect12(): atom  N   of residue i+1 is not found 

VDW_RAD  B49+1  H4    1.49
VDW_EPS  B49+1  H4    0.02
VDW_RAD  B49+1  H4A   1.49
VDW_EPS  B49+1  H4A   0.02
VDW_RAD  B49+1  H4B   1.49
VDW_EPS  B49+1  H4B   0.02
VDW_RAD  B49+1  H5    1.49
VDW_EPS  B49+1  H5    0.02
VDW_RAD  B49+1  H6    1.49
VDW_EPS  B49+1  H6    0.02
VDW_RAD  B49+1  H7    1.49
VDW_EPS  B49+1  H7    0.02
VDW_RAD  B49+1  H3    1.49
VDW_EPS  B49+1  H3    0.02
VDW_RAD  B49+1  H3A   1.49
VDW_EPS  B49+1  H3A   0.02
VDW_RAD  B49+1  H3B   1.49
VDW_EPS  B49+1  H3B   0.02
VDW_RAD  B49+1  H12   1.49
VDW_EPS  B49+1  H12   0.02
VDW_RAD  B49+1 HN23   1.49
VDW_EPS  B49+1 HN23   0.02
VDW_RAD  B49+1  H14   1.49
VDW_EPS  B49+1  H14   0.02
VDW_RAD  B49+1  H15   1.49
VDW_EPS  B49+1  H15   0.02
VDW_RAD  B49+1  H16   1.49
VDW_EPS  B49+1  H16   0.02
VDW_RAD  B49+1  H17   1.49
VDW_EPS  B49+1  H17   0.02
VDW_RAD  B49+1  H18   1.49
VDW_EPS  B49+1  H18   0.02
VDW_RAD  B49+1  H19   1.49
VDW_EPS  B49+1  H19   0.02
VDW_RAD  B49+1  H20   1.49
VDW_EPS  B49+1  H20   0.02
VDW_RAD  B49+1  H21   1.49
VDW_EPS  B49+1  H21   0.02
VDW_RAD  B49+1  H22   1.49
VDW_EPS  B49+1  H22   0.02
VDW_RAD  B49+1  H23   1.49
VDW_EPS  B49+1  H23   0.02
VDW_RAD  B49+1  H24   1.49
VDW_EPS  B49+1  H24   0.02
VDW_RAD  B49+1  H25   1.49
VDW_EPS  B49+1  H25   0.02
VDW_RAD  B49+1  H26   1.49
VDW_EPS  B49+1  H26   0.02
VDW_RAD  B49+1  H27   1.49
VDW_EPS  B49+1  H27   0.02
   Error! get_connect12(): connectivity of atom " N   LEU A0802" is not complete:

          get_connect12(): atom  C   of residue i-1 is not found 

   Error! get_connect12(): connectivity of atom " C   PRO A0812" is not complete:

          get_connect12(): atom  N   of residue i+1 is not found 

   Error! get_connect12(): connectivity of atom " N   LEU A0820" is not complete:

          get_connect12(): atom  C   of residue i-1 is not found 

   Error! get_connect12(): connectivity of atom " C   TYR A0938" is not complete:

          get_connect12(): atom  N   of residue i+1 is not found 

   Error! get_connect12(): connectivity of atom " N   TYR A0996" is not complete:

          get_connect12(): atom  C   of residue i-1 is not found 

   Error! get_connect12(): connectivity of atom " C   GLN A1169" is not complete:

          get_connect12(): atom  N   of residue i+1 is not found 

CHARGE   LEUBK  HA      0.000
CHARGE   LEU01  CB      0.000
CHARGE   LEU01  HB2     0.000
CHARGE   LEU01  HB3     0.000
CHARGE   LEU01  CG      0.000
CHARGE   LEU01  HG      0.000
CHARGE   LEU01  CD1     0.000
CHARGE   LEU01 HD11     0.000
CHARGE   LEU01 HD12     0.000
CHARGE   LEU01 HD13     0.000
CHARGE   LEU01  CD2     0.000
CHARGE   LEU01 HD21     0.000
CHARGE   LEU01 HD22     0.000
CHARGE   LEU01 HD23     0.000
CHARGE   SERBK  HA      0.000
CHARGE   SER01  CB      0.000
CHARGE   SER01  HB2     0.000
CHARGE   SER01  HB3     0.000
CHARGE   ILEBK  HA      0.000
CHARGE   ILE01  CB      0.000
CHARGE   ILE01  HB      0.000
CHARGE   ILE01  CG1     0.000
CHARGE   ILE01 HG12     0.000
CHARGE   ILE01 HG13     0.000
CHARGE   ILE01  CG2     0.000
CHARGE   ILE01 HG21     0.000
CHARGE   ILE01 HG22     0.000
CHARGE   ILE01 HG23     0.000
CHARGE   ILE01  CD1     0.000
CHARGE   ILE01 HD11     0.000
CHARGE   ILE01 HD12     0.000
CHARGE   ILE01 HD13     0.000
CHARGE   VALBK  HA      0.000
CHARGE   VAL01  CB      0.000
CHARGE   VAL01  HB      0.000
CHARGE   VAL01  CG1     0.000
CHARGE   VAL01 HG11     0.000
CHARGE   VAL01 HG12     0.000
CHARGE   VAL01 HG13     0.000
CHARGE   VAL01  CG2     0.000
CHARGE   VAL01 HG21     0.000
CHARGE   VAL01 HG22     0.000
CHARGE   VAL01 HG23     0.000
CHARGE   METBK  HA      0.000
CHARGE   MET01  CB      0.000
CHARGE   MET01  HB2     0.000
CHARGE   MET01  HB3     0.000
CHARGE   MET01  HG2     0.000
CHARGE   MET01  HG3     0.000
CHARGE   MET01  HE1     0.000
CHARGE   MET01  HE2     0.000
CHARGE   MET01  HE3     0.000
CHARGE   ASPBK  HA      0.000
CHARGE   ASP01  CB      0.000
CHARGE   ASP01  HB2     0.000
CHARGE   ASP01  HB3     0.000
CHARGE   PROBK  N       0.000
CHARGE   PROBK  CA      0.000
CHARGE   PROBK  HA      0.000
CHARGE   PROBK  C       0.000
CHARGE   PROBK  O       0.000
CHARGE   PRO01  CB      0.000
CHARGE   PRO01  HB2     0.000
CHARGE   PRO01  HB3     0.000
CHARGE   PRO01  CG      0.000
CHARGE   PRO01  HG2     0.000
CHARGE   PRO01  HG3     0.000
CHARGE   PRO01  CD      0.000
CHARGE   PRO01  HD2     0.000
CHARGE   PRO01  HD3     0.000
CHARGE   GLUBK  HA      0.000
CHARGE   GLU01  CB      0.000
CHARGE   GLU01  HB2     0.000
CHARGE   GLU01  HB3     0.000
CHARGE   GLU01  CG      0.000
CHARGE   GLU01  HG2     0.000
CHARGE   GLU01  HG3     0.000
CHARGE   TYRBK  HA      0.000
CHARGE   TYR01  HB2     0.000
CHARGE   TYR01  HB3     0.000
CHARGE   ALABK  HA      0.000
CHARGE   ALA01  CB      0.000
CHARGE   ALA01  HB1     0.000
CHARGE   ALA01  HB2     0.000
CHARGE   ALA01  HB3     0.000
CHARGE   LYSBK  HA      0.000
CHARGE   LYS01  CB      0.000
CHARGE   LYS01  HB2     0.000
CHARGE   LYS01  HB3     0.000
CHARGE   LYS01  CG      0.000
CHARGE   LYS01  HG2     0.000
CHARGE   LYS01  HG3     0.000
CHARGE   LYS01  CD      0.000
CHARGE   LYS01  HD2     0.000
CHARGE   LYS01  HD3     0.000
CHARGE   LYS01  CE      0.000
CHARGE   LYS01  HE2     0.000
CHARGE   LYS01  HE3     0.000
CHARGE   TRPBK  HA      0.000
CHARGE   TRP01  CB      0.000
CHARGE   TRP01  HB2     0.000
CHARGE   TRP01  HB3     0.000
CHARGE   TRP01  CG      0.000
CHARGE   TRP01  CD1     0.000
CHARGE   TRP01  HD1     0.000
CHARGE   TRP01  CD2     0.000
CHARGE   TRP01  NE1     0.000
CHARGE   TRP01  HE1     0.000
CHARGE   TRP01  CE2     0.000
CHARGE   TRP01  CE3     0.000
CHARGE   TRP01  HE3     0.000
CHARGE   TRP01  CZ2     0.000
CHARGE   TRP01  HZ2     0.000
CHARGE   TRP01  CZ3     0.000
CHARGE   TRP01  HZ3     0.000
CHARGE   TRP01  CH2     0.000
CHARGE   TRP01  HH2     0.000
CHARGE   PHEBK  HA      0.000
CHARGE   PHE01  CB      0.000
CHARGE   PHE01  HB2     0.000
CHARGE   PHE01  HB3     0.000
CHARGE   PHE01  CG      0.000
CHARGE   PHE01  CD1     0.000
CHARGE   PHE01  HD1     0.000
CHARGE   PHE01  CD2     0.000
CHARGE   PHE01  HD2     0.000
CHARGE   PHE01  CE1     0.000
CHARGE   PHE01  HE1     0.000
CHARGE   PHE01  CE2     0.000
CHARGE   PHE01  HE2     0.000
CHARGE   PHE01  CZ      0.000
CHARGE   PHE01  HZ      0.000
CHARGE   ARGBK  HA      0.000
CHARGE   ARG01  CB      0.000
CHARGE   ARG01  HB2     0.000
CHARGE   ARG01  HB3     0.000
CHARGE   ARG01  CG      0.000
CHARGE   ARG01  HG2     0.000
CHARGE   ARG01  HG3     0.000
CHARGE   ARG01  HD2     0.000
CHARGE   ARG01  HD3     0.000
CHARGE   GLYBK  HA2     0.000
CHARGE   GLYBK  HA3     0.000
CHARGE   GLNBK  HA      0.000
CHARGE   GLN01  CB      0.000
CHARGE   GLN01  HB2     0.000
CHARGE   GLN01  HB3     0.000
CHARGE   GLN01  CG      0.000
CHARGE   GLN01  HG2     0.000
CHARGE   GLN01  HG3     0.000
CHARGE   THRBK  HA      0.000
CHARGE   THR01  CB      0.000
CHARGE   THR01  HB      0.000
CHARGE   THR01  CG2     0.000
CHARGE   THR01 HG21     0.000
CHARGE   THR01 HG22     0.000
CHARGE   THR01 HG23     0.000
CHARGE   CYSBK  HA      0.000
CHARGE   CYS01  CB      0.000
CHARGE   CYS01  HB2     0.000
CHARGE   CYS01  HB3     0.000
CHARGE   HISBK  HA      0.000
CHARGE   HIS01  HB2     0.000
CHARGE   HIS01  HB3     0.000
CHARGE   ASNBK  HA      0.000
CHARGE   ASN01  CB      0.000
CHARGE   ASN01  HB2     0.000
CHARGE   ASN01  HB3     0.000
   Error! get_connect12(): connectivity of atom " N   LEU A0802" is not complete:

          get_connect12(): atom  C   of residue i-1 is not found 

   Error! get_connect12(): connectivity of atom " C   PRO A0812" is not complete:

          get_connect12(): atom  N   of residue i+1 is not found 

   Error! get_connect12(): connectivity of atom " N   LEU A0820" is not complete:

          get_connect12(): atom  C   of residue i-1 is not found 

   Error! get_connect12(): connectivity of atom " C   TYR A0938" is not complete:

          get_connect12(): atom  N   of residue i+1 is not found 

   Error! get_connect12(): connectivity of atom " N   TYR A0996" is not complete:

          get_connect12(): atom  C   of residue i-1 is not found 

   Error! get_connect12(): connectivity of atom " C   GLN A1169" is not complete:

          get_connect12(): atom  N   of residue i+1 is not found 

   Error! get_connect12(): connectivity of atom " N   LEU A0802" is not complete:

          get_connect12(): atom  C   of residue i-1 is not found 

   Error! get_connect12(): connectivity of atom " C   PRO A0812" is not complete:

          get_connect12(): atom  N   of residue i+1 is not found 

   Error! get_connect12(): connectivity of atom " N   LEU A0820" is not complete:

          get_connect12(): atom  C   of residue i-1 is not found 

   Error! get_connect12(): connectivity of atom " C   TYR A0938" is not complete:

          get_connect12(): atom  N   of residue i+1 is not found 

   Error! get_connect12(): connectivity of atom " N   TYR A0996" is not complete:

          get_connect12(): atom  C   of residue i-1 is not found 

   Error! get_connect12(): connectivity of atom " C   GLN A1169" is not complete:

          get_connect12(): atom  N   of residue i+1 is not found 

   Error! get_connect12(): connectivity of atom " N   LEU A0802" is not complete:

          get_connect12(): atom  C   of residue i-1 is not found 

   Error! get_connect12(): connectivity of atom " C   PRO A0812" is not complete:

          get_connect12(): atom  N   of residue i+1 is not found 

   Error! get_connect12(): connectivity of atom " N   LEU A0820" is not complete:

          get_connect12(): atom  C   of residue i-1 is not found 

   Error! get_connect12(): connectivity of atom " C   TYR A0938" is not complete:

          get_connect12(): atom  N   of residue i+1 is not found 

   Error! get_connect12(): connectivity of atom " N   TYR A0996" is not complete:

          get_connect12(): atom  C   of residue i-1 is not found 

   Error! get_connect12(): connectivity of atom " C   GLN A1169" is not complete:

          get_connect12(): atom  N   of residue i+1 is not found 

   Error! get_connect12(): connectivity of atom " N   LEU A0802" is not complete:

          get_connect12(): atom  C   of residue i-1 is not found 

   Error! get_connect12(): connectivity of atom " C   PRO A0812" is not complete:

          get_connect12(): atom  N   of residue i+1 is not found 

   Error! get_connect12(): connectivity of atom " N   LEU A0820" is not complete:

          get_connect12(): atom  C   of residue i-1 is not found 

   Error! get_connect12(): connectivity of atom " C   TYR A0938" is not complete:

          get_connect12(): atom  N   of residue i+1 is not found 

   Error! get_connect12(): connectivity of atom " N   TYR A0996" is not complete:

          get_connect12(): atom  C   of residue i-1 is not found 

   Error! get_connect12(): connectivity of atom " C   GLN A1169" is not complete:

          get_connect12(): atom  N   of residue i+1 is not found 

   Error! get_connect12(): connectivity of atom " N   LEU A0802" is not complete:

          get_connect12(): atom  C   of residue i-1 is not found 

   Error! get_connect12(): connectivity of atom " C   PRO A0812" is not complete:

          get_connect12(): atom  N   of residue i+1 is not found 

   Error! get_connect12(): connectivity of atom " N   LEU A0820" is not complete:

          get_connect12(): atom  C   of residue i-1 is not found 

   Error! get_connect12(): connectivity of atom " C   TYR A0938" is not complete:

          get_connect12(): atom  N   of residue i+1 is not found 

   Error! get_connect12(): connectivity of atom " N   TYR A0996" is not complete:

          get_connect12(): atom  C   of residue i-1 is not found 

   Error! get_connect12(): connectivity of atom " C   GLN A1169" is not complete:

          get_connect12(): atom  N   of residue i+1 is not found 

   Error! get_connect12(): connectivity of atom " N   LEU A0802" is not complete:

          get_connect12(): atom  C   of residue i-1 is not found 

   Error! get_connect12(): connectivity of atom " N   LEU A0802" is not complete:

          get_connect12(): atom  C   of residue i-1 is not found 

   Error! get_connect12(): connectivity of atom " C   PRO A0812" is not complete:

          get_connect12(): atom  N   of residue i+1 is not found 

   Error! get_connect12(): connectivity of atom " N   LEU A0820" is not complete:

          get_connect12(): atom  C   of residue i-1 is not found 

   Error! get_connect12(): connectivity of atom " N   LEU A0820" is not complete:

          get_connect12(): atom  C   of residue i-1 is not found 

   Error! get_connect12(): connectivity of atom " C   TYR A0938" is not complete:

          get_connect12(): atom  N   of residue i+1 is not found 

   Error! get_connect12(): connectivity of atom " C   TYR A0938" is not complete:

          get_connect12(): atom  N   of residue i+1 is not found 

   Error! get_connect12(): connectivity of atom " N   TYR A0996" is not complete:

          get_connect12(): atom  C   of residue i-1 is not found 

   Error! get_connect12(): connectivity of atom " N   TYR A0996" is not complete:

          get_connect12(): atom  C   of residue i-1 is not found 

   Error! get_connect12(): connectivity of atom " C   GLN A1169" is not complete:

          get_connect12(): atom  N   of residue i+1 is not found 

   Error! get_connect12(): connectivity of atom " C   GLN A1169" is not complete:

          get_connect12(): atom  N   of residue i+1 is not found 

   Error! get_connect12(): connectivity of atom " N   LEU A0802" is not complete:

          get_connect12(): atom  C   of residue i-1 is not found 

   Error! get_connect12(): connectivity of atom " C   PRO A0812" is not complete:

          get_connect12(): atom  N   of residue i+1 is not found 

   Error! get_connect12(): connectivity of atom " N   LEU A0820" is not complete:

          get_connect12(): atom  C   of residue i-1 is not found 

   Error! get_connect12(): connectivity of atom " C   TYR A0938" is not complete:

          get_connect12(): atom  N   of residue i+1 is not found 

   Error! get_connect12(): connectivity of atom " N   TYR A0996" is not complete:

          get_connect12(): atom  C   of residue i-1 is not found 

   Error! get_connect12(): connectivity of atom " C   GLN A1169" is not complete:

          get_connect12(): atom  N   of residue i+1 is not found 

   Error! get_connect12(): connectivity of atom " N   LEU A0802" is not complete:

          get_connect12(): atom  C   of residue i-1 is not found 

   Error! get_connect12(): connectivity of atom " C   PRO A0812" is not complete:

          get_connect12(): atom  N   of residue i+1 is not found 

   Error! get_connect12(): connectivity of atom " N   LEU A0820" is not complete:

          get_connect12(): atom  C   of residue i-1 is not found 

   Error! get_connect12(): connectivity of atom " C   TYR A0938" is not complete:

          get_connect12(): atom  N   of residue i+1 is not found 

   Error! get_connect12(): connectivity of atom " N   TYR A0996" is not complete:

          get_connect12(): atom  C   of residue i-1 is not found 

   Error! get_connect12(): connectivity of atom " C   GLN A1169" is not complete:

          get_connect12(): atom  N   of residue i+1 is not found 

   Error! get_connect12(): connectivity of atom " N   LEU A0802" is not complete:

          get_connect12(): atom  C   of residue i-1 is not found 

   Error! get_connect12(): connectivity of atom " C   PRO A0812" is not complete:

          get_connect12(): atom  N   of residue i+1 is not found 

   Error! get_connect12(): connectivity of atom " N   LEU A0820" is not complete:

          get_connect12(): atom  C   of residue i-1 is not found 

   Error! get_connect12(): connectivity of atom " C   TYR A0938" is not complete:

          get_connect12(): atom  N   of residue i+1 is not found 

   Error! get_connect12(): connectivity of atom " N   TYR A0996" is not complete:

          get_connect12(): atom  C   of residue i-1 is not found 

   Error! get_connect12(): connectivity of atom " C   GLN A1169" is not complete:

          get_connect12(): atom  N   of residue i+1 is not found 

   Error! get_connect12(): connectivity of atom " N   LEU A0802" is not complete:

          get_connect12(): atom  C   of residue i-1 is not found 

   Error! get_connect12(): connectivity of atom " C   PRO A0812" is not complete:

          get_connect12(): atom  N   of residue i+1 is not found 

   Error! get_connect12(): connectivity of atom " N   LEU A0820" is not complete:

          get_connect12(): atom  C   of residue i-1 is not found 

   Error! get_connect12(): connectivity of atom " C   TYR A0938" is not complete:

          get_connect12(): atom  N   of residue i+1 is not found 

   Error! get_connect12(): connectivity of atom " N   TYR A0996" is not complete:

          get_connect12(): atom  C   of residue i-1 is not found 

   Error! get_connect12(): connectivity of atom " C   GLN A1169" is not complete:

          get_connect12(): atom  N   of residue i+1 is not found 

   Error! get_connect12(): connectivity of atom " N   LEU A0802" is not complete:

          get_connect12(): atom  C   of residue i-1 is not found 

   Error! get_connect12(): connectivity of atom " C   PRO A0812" is not complete:

          get_connect12(): atom  N   of residue i+1 is not found 

   Error! get_connect12(): connectivity of atom " N   LEU A0820" is not complete:

          get_connect12(): atom  C   of residue i-1 is not found 

   Error! get_connect12(): connectivity of atom " C   TYR A0938" is not complete:

          get_connect12(): atom  N   of residue i+1 is not found 

   Error! get_connect12(): connectivity of atom " N   TYR A0996" is not complete:

          get_connect12(): atom  C   of residue i-1 is not found 

   Error! get_connect12(): connectivity of atom " C   GLN A1169" is not complete:

          get_connect12(): atom  N   of residue i+1 is not found 

   Error! get_connect12(): connectivity of atom " N   LEU A0802" is not complete:

          get_connect12(): atom  C   of residue i-1 is not found 

   Error! get_connect12(): connectivity of atom " N   LEU A0802" is not complete:

          get_connect12(): atom  C   of residue i-1 is not found 

   Error! get_connect12(): connectivity of atom " C   PRO A0812" is not complete:

          get_connect12(): atom  N   of residue i+1 is not found 

   Error! get_connect12(): connectivity of atom " N   LEU A0820" is not complete:

          get_connect12(): atom  C   of residue i-1 is not found 

   Error! get_connect12(): connectivity of atom " N   LEU A0820" is not complete:

          get_connect12(): atom  C   of residue i-1 is not found 

   Error! get_connect12(): connectivity of atom " C   TYR A0938" is not complete:

          get_connect12(): atom  N   of residue i+1 is not found 

   Error! get_connect12(): connectivity of atom " C   TYR A0938" is not complete:

          get_connect12(): atom  N   of residue i+1 is not found 

   Error! get_connect12(): connectivity of atom " N   TYR A0996" is not complete:

          get_connect12(): atom  C   of residue i-1 is not found 

   Error! get_connect12(): connectivity of atom " N   TYR A0996" is not complete:

          get_connect12(): atom  C   of residue i-1 is not found 

   Error! get_connect12(): connectivity of atom " C   GLN A1169" is not complete:

          get_connect12(): atom  N   of residue i+1 is not found 

   Error! get_connect12(): connectivity of atom " C   GLN A1169" is not complete:

          get_connect12(): atom  N   of residue i+1 is not found 

TORSION  B4903  H4   C4   C14  C19  f        0.0         3      0.00
TORSION  B4903  H3   C3   C13  C18  f        0.0         3      0.00
TORSION  B4903  H22  C41  C40  N4   f        0.0         3      0.00
TORSION  B4903  H25  C42  C39  N4   f        0.0         3      0.00
TORSION  B4902  H4   C4   C14  C19  f        0.0         3      0.00
TORSION  B4902  H3   C3   C13  C18  f        0.0         3      0.00
TORSION  B4902  H22  C41  C40  N4   f        0.0         3      0.00
TORSION  B4902  H25  C42  C39  N4   f        0.0         3      0.00
TORSION  B4901  H4   C4   C14  C19  f        0.0         3      0.00
TORSION  B4901  H3   C3   C13  C18  f        0.0         3      0.00
TORSION  B4901  H22  C41  C40  N4   f        0.0         3      0.00
TORSION  B4901  H25  C42  C39  N4   f        0.0         3      0.00
   Error! get_connect12(): connectivity of atom " N   LEU A0802" is not complete:

          get_connect12(): atom  C   of residue i-1 is not found 

   Error! get_connect12(): connectivity of atom " C   PRO A0812" is not complete:

          get_connect12(): atom  N   of residue i+1 is not found 

   Error! get_connect12(): connectivity of atom " N   LEU A0820" is not complete:

          get_connect12(): atom  C   of residue i-1 is not found 

   Error! get_connect12(): connectivity of atom " C   TYR A0938" is not complete:

          get_connect12(): atom  N   of residue i+1 is not found 

   Error! get_connect12(): connectivity of atom " N   TYR A0996" is not complete:

          get_connect12(): atom  C   of residue i-1 is not found 

   Error! get_connect12(): connectivity of atom " C   GLN A1169" is not complete:

          get_connect12(): atom  N   of residue i+1 is not found 

   Error! get_connect12(): connectivity of atom " N   LEU A0802" is not complete:

          get_connect12(): atom  C   of residue i-1 is not found 

   Error! get_connect12(): connectivity of atom " C   PRO A0812" is not complete:

          get_connect12(): atom  N   of residue i+1 is not found 

   Error! get_connect12(): connectivity of atom " N   LEU A0820" is not complete:

          get_connect12(): atom  C   of residue i-1 is not found 

   Error! get_connect12(): connectivity of atom " C   TYR A0938" is not complete:

          get_connect12(): atom  N   of residue i+1 is not found 

   Error! get_connect12(): connectivity of atom " N   TYR A0996" is not complete:

          get_connect12(): atom  C   of residue i-1 is not found 

   Error! get_connect12(): connectivity of atom " C   GLN A1169" is not complete:

          get_connect12(): atom  N   of residue i+1 is not found 

RADIUS   B49    H57   1.70
RADIUS   B49    H56   1.70
VDW_RAD  B49+1 HN24   1.49
VDW_EPS  B49+1 HN24   0.02
VDW_RAD  B49+1 HN25   1.49
VDW_EPS  B49+1 HN25   0.02
VDW_RAD  B49+1  H57   1.49
VDW_EPS  B49+1  H57   0.02
VDW_RAD  B4903  C4    1.91
VDW_EPS  B4903  C4    0.11
VDW_RAD  B4903  C5    1.91
VDW_EPS  B4903  C5    0.11
VDW_RAD  B4903  C6    1.91
VDW_EPS  B4903  C6    0.11
VDW_RAD  B4903  C7    1.91
VDW_EPS  B4903  C7    0.11
VDW_RAD  B4903  C13   1.91
VDW_EPS  B4903  C13   0.11
VDW_RAD  B4903  C15   1.91
VDW_EPS  B4903  C15   0.11
VDW_RAD  B4903  C17   1.91
VDW_EPS  B4903  C17   0.11
VDW_RAD  B4903  C20   1.91
VDW_EPS  B4903  C20   0.11
VDW_RAD  B4903  C21   1.91
VDW_EPS  B4903  C21   0.11
VDW_RAD  B4903  C22   1.91
VDW_EPS  B4903  C22   0.11
VDW_RAD  B4903  C3    1.91
VDW_EPS  B4903  C3    0.11
VDW_RAD  B4903  C12   1.91
VDW_EPS  B4903  C12   0.11
VDW_RAD  B4903  C14   1.91
VDW_EPS  B4903  C14   0.11
VDW_RAD  B4903  C16   1.91
VDW_EPS  B4903  C16   0.11
VDW_RAD  B4903  C18   1.91
VDW_EPS  B4903  C18   0.11
VDW_RAD  B4903  C19   1.91
VDW_EPS  B4903  C19   0.11
VDW_RAD  B4903  N23   1.82
VDW_EPS  B4903  N23   0.17
VDW_RAD  B4903  N24   1.82
VDW_EPS  B4903  N24   0.17
VDW_RAD  B4903  N25   1.82
VDW_EPS  B4903  N25   0.17
VDW_RAD  B4903  O27   1.66
VDW_EPS  B4903  O27   0.21
VDW_RAD  B4903  O28   1.66
VDW_EPS  B4903  O28   0.21
VDW_RAD  B4903  F29   1.91
VDW_EPS  B4903  F29   0.11
VDW_RAD  B4903  H4    1.49
VDW_EPS  B4903  H4    0.02
VDW_RAD  B4903  H4A   1.49
VDW_EPS  B4903  H4A   0.02
VDW_RAD  B4903  H4B   1.49
VDW_EPS  B4903  H4B   0.02
VDW_RAD  B4903  H5    1.49
VDW_EPS  B4903  H5    0.02
VDW_RAD  B4903  H6    1.49
VDW_EPS  B4903  H6    0.02
VDW_RAD  B4903  H7    1.49
VDW_EPS  B4903  H7    0.02
VDW_RAD  B4903  H3    1.49
VDW_EPS  B4903  H3    0.02
VDW_RAD  B4903  H3A   1.49
VDW_EPS  B4903  H3A   0.02
VDW_RAD  B4903  H3B   1.49
VDW_EPS  B4903  H3B   0.02
VDW_RAD  B4903  H12   1.49
VDW_EPS  B4903  H12   0.02
VDW_RAD  B4903 HN23   1.49
VDW_EPS  B4903 HN23   0.02
VDW_RAD  B4903 HN25   1.49
VDW_EPS  B4903 HN25   0.02
VDW_RAD  B4903  C37   1.91
VDW_EPS  B4903  C37   0.11
VDW_RAD  B4903  C38   1.91
VDW_EPS  B4903  C38   0.11
VDW_RAD  B4903  N4    1.82
VDW_EPS  B4903  N4    0.17
VDW_RAD  B4903  C39   1.91
VDW_EPS  B4903  C39   0.11
VDW_RAD  B4903  C40   1.91
VDW_EPS  B4903  C40   0.11
VDW_RAD  B4903  C41   1.91
VDW_EPS  B4903  C41   0.11
VDW_RAD  B4903  C42   1.91
VDW_EPS  B4903  C42   0.11
VDW_RAD  B4903  H14   1.49
VDW_EPS  B4903  H14   0.02
VDW_RAD  B4903  H15   1.49
VDW_EPS  B4903  H15   0.02
VDW_RAD  B4903  H16   1.49
VDW_EPS  B4903  H16   0.02
VDW_RAD  B4903  H17   1.49
VDW_EPS  B4903  H17   0.02
VDW_RAD  B4903  H18   1.49
VDW_EPS  B4903  H18   0.02
VDW_RAD  B4903  H19   1.49
VDW_EPS  B4903  H19   0.02
VDW_RAD  B4903  H20   1.49
VDW_EPS  B4903  H20   0.02
VDW_RAD  B4903  H21   1.49
VDW_EPS  B4903  H21   0.02
VDW_RAD  B4903  H22   1.49
VDW_EPS  B4903  H22   0.02
VDW_RAD  B4903  H23   1.49
VDW_EPS  B4903  H23   0.02
VDW_RAD  B4903  H24   1.49
VDW_EPS  B4903  H24   0.02
VDW_RAD  B4903  H25   1.49
VDW_EPS  B4903  H25   0.02
VDW_RAD  B4903  H26   1.49
VDW_EPS  B4903  H26   0.02
VDW_RAD  B4903  H27   1.49
VDW_EPS  B4903  H27   0.02
VDW_RAD  B4903  H56   1.49
VDW_EPS  B4903  H56   0.02
VDW_RAD  B4902  C4    1.91
VDW_EPS  B4902  C4    0.11
VDW_RAD  B4902  C5    1.91
VDW_EPS  B4902  C5    0.11
VDW_RAD  B4902  C6    1.91
VDW_EPS  B4902  C6    0.11
VDW_RAD  B4902  C7    1.91
VDW_EPS  B4902  C7    0.11
VDW_RAD  B4902  C13   1.91
VDW_EPS  B4902  C13   0.11
VDW_RAD  B4902  C15   1.91
VDW_EPS  B4902  C15   0.11
VDW_RAD  B4902  C17   1.91
VDW_EPS  B4902  C17   0.11
VDW_RAD  B4902  C20   1.91
VDW_EPS  B4902  C20   0.11
VDW_RAD  B4902  C21   1.91
VDW_EPS  B4902  C21   0.11
VDW_RAD  B4902  C22   1.91
VDW_EPS  B4902  C22   0.11
VDW_RAD  B4902  C3    1.91
VDW_EPS  B4902  C3    0.11
VDW_RAD  B4902  C12   1.91
VDW_EPS  B4902  C12   0.11
VDW_RAD  B4902  C14   1.91
VDW_EPS  B4902  C14   0.11
VDW_RAD  B4902  C16   1.91
VDW_EPS  B4902  C16   0.11
VDW_RAD  B4902  C18   1.91
VDW_EPS  B4902  C18   0.11
VDW_RAD  B4902  C19   1.91
VDW_EPS  B4902  C19   0.11
VDW_RAD  B4902  N23   1.82
VDW_EPS  B4902  N23   0.17
VDW_RAD  B4902  N24   1.82
VDW_EPS  B4902  N24   0.17
VDW_RAD  B4902  N25   1.82
VDW_EPS  B4902  N25   0.17
VDW_RAD  B4902  O27   1.66
VDW_EPS  B4902  O27   0.21
VDW_RAD  B4902  O28   1.66
VDW_EPS  B4902  O28   0.21
VDW_RAD  B4902  F29   1.91
VDW_EPS  B4902  F29   0.11
VDW_RAD  B4902  H4    1.49
VDW_EPS  B4902  H4    0.02
VDW_RAD  B4902  H4A   1.49
VDW_EPS  B4902  H4A   0.02
VDW_RAD  B4902  H4B   1.49
VDW_EPS  B4902  H4B   0.02
VDW_RAD  B4902  H5    1.49
VDW_EPS  B4902  H5    0.02
VDW_RAD  B4902  H6    1.49
VDW_EPS  B4902  H6    0.02
VDW_RAD  B4902  H7    1.49
VDW_EPS  B4902  H7    0.02
VDW_RAD  B4902  H3    1.49
VDW_EPS  B4902  H3    0.02
VDW_RAD  B4902  H3A   1.49
VDW_EPS  B4902  H3A   0.02
VDW_RAD  B4902  H3B   1.49
VDW_EPS  B4902  H3B   0.02
VDW_RAD  B4902  H12   1.49
VDW_EPS  B4902  H12   0.02
VDW_RAD  B4902 HN23   1.49
VDW_EPS  B4902 HN23   0.02
VDW_RAD  B4902 HN24   1.49
VDW_EPS  B4902 HN24   0.02
VDW_RAD  B4902  C37   1.91
VDW_EPS  B4902  C37   0.11
VDW_RAD  B4902  C38   1.91
VDW_EPS  B4902  C38   0.11
VDW_RAD  B4902  N4    1.82
VDW_EPS  B4902  N4    0.17
VDW_RAD  B4902  C39   1.91
VDW_EPS  B4902  C39   0.11
VDW_RAD  B4902  C40   1.91
VDW_EPS  B4902  C40   0.11
VDW_RAD  B4902  C41   1.91
VDW_EPS  B4902  C41   0.11
VDW_RAD  B4902  C42   1.91
VDW_EPS  B4902  C42   0.11
VDW_RAD  B4902  H14   1.49
VDW_EPS  B4902  H14   0.02
VDW_RAD  B4902  H15   1.49
VDW_EPS  B4902  H15   0.02
VDW_RAD  B4902  H16   1.49
VDW_EPS  B4902  H16   0.02
VDW_RAD  B4902  H17   1.49
VDW_EPS  B4902  H17   0.02
VDW_RAD  B4902  H18   1.49
VDW_EPS  B4902  H18   0.02
VDW_RAD  B4902  H19   1.49
VDW_EPS  B4902  H19   0.02
VDW_RAD  B4902  H20   1.49
VDW_EPS  B4902  H20   0.02
VDW_RAD  B4902  H21   1.49
VDW_EPS  B4902  H21   0.02
VDW_RAD  B4902  H22   1.49
VDW_EPS  B4902  H22   0.02
VDW_RAD  B4902  H23   1.49
VDW_EPS  B4902  H23   0.02
VDW_RAD  B4902  H24   1.49
VDW_EPS  B4902  H24   0.02
VDW_RAD  B4902  H25   1.49
VDW_EPS  B4902  H25   0.02
VDW_RAD  B4902  H26   1.49
VDW_EPS  B4902  H26   0.02
VDW_RAD  B4902  H27   1.49
VDW_EPS  B4902  H27   0.02
VDW_RAD  B4902  H56   1.49
VDW_EPS  B4902  H56   0.02
VDW_RAD  B4901  C4    1.91
VDW_EPS  B4901  C4    0.11
VDW_RAD  B4901  C5    1.91
VDW_EPS  B4901  C5    0.11
VDW_RAD  B4901  C6    1.91
VDW_EPS  B4901  C6    0.11
VDW_RAD  B4901  C7    1.91
VDW_EPS  B4901  C7    0.11
VDW_RAD  B4901  C13   1.91
VDW_EPS  B4901  C13   0.11
VDW_RAD  B4901  C15   1.91
VDW_EPS  B4901  C15   0.11
VDW_RAD  B4901  C17   1.91
VDW_EPS  B4901  C17   0.11
VDW_RAD  B4901  C20   1.91
VDW_EPS  B4901  C20   0.11
VDW_RAD  B4901  C21   1.91
VDW_EPS  B4901  C21   0.11
VDW_RAD  B4901  C22   1.91
VDW_EPS  B4901  C22   0.11
VDW_RAD  B4901  C3    1.91
VDW_EPS  B4901  C3    0.11
VDW_RAD  B4901  C12   1.91
VDW_EPS  B4901  C12   0.11
VDW_RAD  B4901  C14   1.91
VDW_EPS  B4901  C14   0.11
VDW_RAD  B4901  C16   1.91
VDW_EPS  B4901  C16   0.11
VDW_RAD  B4901  C18   1.91
VDW_EPS  B4901  C18   0.11
VDW_RAD  B4901  C19   1.91
VDW_EPS  B4901  C19   0.11
VDW_RAD  B4901  N23   1.82
VDW_EPS  B4901  N23   0.17
VDW_RAD  B4901  N24   1.82
VDW_EPS  B4901  N24   0.17
VDW_RAD  B4901  N25   1.82
VDW_EPS  B4901  N25   0.17
VDW_RAD  B4901  O27   1.66
VDW_EPS  B4901  O27   0.21
VDW_RAD  B4901  O28   1.66
VDW_EPS  B4901  O28   0.21
VDW_RAD  B4901  F29   1.91
VDW_EPS  B4901  F29   0.11
VDW_RAD  B4901  H4    1.49
VDW_EPS  B4901  H4    0.02
VDW_RAD  B4901  H4A   1.49
VDW_EPS  B4901  H4A   0.02
VDW_RAD  B4901  H4B   1.49
VDW_EPS  B4901  H4B   0.02
VDW_RAD  B4901  H5    1.49
VDW_EPS  B4901  H5    0.02
VDW_RAD  B4901  H6    1.49
VDW_EPS  B4901  H6    0.02
VDW_RAD  B4901  H7    1.49
VDW_EPS  B4901  H7    0.02
VDW_RAD  B4901  H3    1.49
VDW_EPS  B4901  H3    0.02
VDW_RAD  B4901  H3A   1.49
VDW_EPS  B4901  H3A   0.02
VDW_RAD  B4901  H3B   1.49
VDW_EPS  B4901  H3B   0.02
VDW_RAD  B4901  H12   1.49
VDW_EPS  B4901  H12   0.02
VDW_RAD  B4901 HN23   1.49
VDW_EPS  B4901 HN23   0.02
VDW_RAD  B4901 HN24   1.49
VDW_EPS  B4901 HN24   0.02
VDW_RAD  B4901 HN25   1.49
VDW_EPS  B4901 HN25   0.02
VDW_RAD  B4901  C37   1.91
VDW_EPS  B4901  C37   0.11
VDW_RAD  B4901  C38   1.91
VDW_EPS  B4901  C38   0.11
VDW_RAD  B4901  N4    1.82
VDW_EPS  B4901  N4    0.17
VDW_RAD  B4901  C39   1.91
VDW_EPS  B4901  C39   0.11
VDW_RAD  B4901  C40   1.91
VDW_EPS  B4901  C40   0.11
VDW_RAD  B4901  C41   1.91
VDW_EPS  B4901  C41   0.11
VDW_RAD  B4901  C42   1.91
VDW_EPS  B4901  C42   0.11
VDW_RAD  B4901  H14   1.49
VDW_EPS  B4901  H14   0.02
VDW_RAD  B4901  H15   1.49
VDW_EPS  B4901  H15   0.02
VDW_RAD  B4901  H16   1.49
VDW_EPS  B4901  H16   0.02
VDW_RAD  B4901  H17   1.49
VDW_EPS  B4901  H17   0.02
VDW_RAD  B4901  H18   1.49
VDW_EPS  B4901  H18   0.02
VDW_RAD  B4901  H19   1.49
VDW_EPS  B4901  H19   0.02
VDW_RAD  B4901  H20   1.49
VDW_EPS  B4901  H20   0.02
VDW_RAD  B4901  H21   1.49
VDW_EPS  B4901  H21   0.02
VDW_RAD  B4901  H22   1.49
VDW_EPS  B4901  H22   0.02
VDW_RAD  B4901  H23   1.49
VDW_EPS  B4901  H23   0.02
VDW_RAD  B4901  H24   1.49
VDW_EPS  B4901  H24   0.02
VDW_RAD  B4901  H25   1.49
VDW_EPS  B4901  H25   0.02
VDW_RAD  B4901  H26   1.49
VDW_EPS  B4901  H26   0.02
VDW_RAD  B4901  H27   1.49
VDW_EPS  B4901  H27   0.02
CHARGE   ASP-1  CB      0.000
CHARGE   ASP-1  HB2     0.000
CHARGE   ASP-1  HB3     0.000
CHARGE   ASP02  CB      0.000
CHARGE   ASP02  HB2     0.000
CHARGE   ASP02  HB3     0.000
CHARGE   GLU-1  CB      0.000
CHARGE   GLU-1  HB2     0.000
CHARGE   GLU-1  HB3     0.000
CHARGE   GLU-1  CG      0.000
CHARGE   GLU-1  HG2     0.000
CHARGE   GLU-1  HG3     0.000
CHARGE   GLU02  CB      0.000
CHARGE   GLU02  HB2     0.000
CHARGE   GLU02  HB3     0.000
CHARGE   GLU02  CG      0.000
CHARGE   GLU02  HG2     0.000
CHARGE   GLU02  HG3     0.000
CHARGE   TYR-1  HB2     0.000
CHARGE   TYR-1  HB3     0.000
CHARGE   LYS+1  CB      0.000
CHARGE   LYS+1  HB2     0.000
CHARGE   LYS+1  HB3     0.000
CHARGE   LYS+1  CG      0.000
CHARGE   LYS+1  HG2     0.000
CHARGE   LYS+1  HG3     0.000
CHARGE   LYS+1  CD      0.000
CHARGE   LYS+1  HD2     0.000
CHARGE   LYS+1  HD3     0.000
CHARGE   LYS+1  HE2     0.000
CHARGE   LYS+1  HE3     0.000
CHARGE   ARG+1  CB      0.000
CHARGE   ARG+1  HB2     0.000
CHARGE   ARG+1  HB3     0.000
CHARGE   ARG+1  CG      0.000
CHARGE   ARG+1  HG2     0.000
CHARGE   ARG+1  HG3     0.000
CHARGE   ARG+1  HD2     0.000
CHARGE   ARG+1  HD3     0.000
CHARGE   ARG03  CB      0.000
CHARGE   ARG03  HB2     0.000
CHARGE   ARG03  HB3     0.000
CHARGE   ARG03  CG      0.000
CHARGE   ARG03  HG2     0.000
CHARGE   ARG03  HG3     0.000
CHARGE   ARG03  HD2     0.000
CHARGE   ARG03  HD3     0.000
CHARGE   ARG02  CB      0.000
CHARGE   ARG02  HB2     0.000
CHARGE   ARG02  HB3     0.000
CHARGE   ARG02  CG      0.000
CHARGE   ARG02  HG2     0.000
CHARGE   ARG02  HG3     0.000
CHARGE   ARG02  HD2     0.000
CHARGE   ARG02  HD3     0.000
CHARGE   CYS-1  HB2     0.000
CHARGE   CYS-1  HB3     0.000
CHARGE   HIS+1  HB2     0.000
CHARGE   HIS+1  HB3     0.000
CHARGE   HIS02  HB2     0.000
CHARGE   HIS02  HB3     0.000
   Error! get_connect12(): connectivity of atom " N   LEU A0802" is not complete:

          get_connect12(): atom  C   of residue i-1 is not found 

   Error! get_connect12(): connectivity of atom " C   PRO A0812" is not complete:

          get_connect12(): atom  N   of residue i+1 is not found 

   Error! get_connect12(): connectivity of atom " N   LEU A0820" is not complete:

          get_connect12(): atom  C   of residue i-1 is not found 

   Error! get_connect12(): connectivity of atom " C   TYR A0938" is not complete:

          get_connect12(): atom  N   of residue i+1 is not found 

   Error! get_connect12(): connectivity of atom " N   TYR A0996" is not complete:

          get_connect12(): atom  C   of residue i-1 is not found 

   Error! get_connect12(): connectivity of atom " C   GLN A1169" is not complete:

          get_connect12(): atom  N   of residue i+1 is not found 

   Error! get_connect12(): connectivity of atom " N   LEU A0802" is not complete:

          get_connect12(): atom  C   of residue i-1 is not found 

   Error! get_connect12(): connectivity of atom " C   PRO A0812" is not complete:

          get_connect12(): atom  N   of residue i+1 is not found 

   Error! get_connect12(): connectivity of atom " N   LEU A0820" is not complete:

          get_connect12(): atom  C   of residue i-1 is not found 

   Error! get_connect12(): connectivity of atom " C   TYR A0938" is not complete:

          get_connect12(): atom  N   of residue i+1 is not found 

   Error! get_connect12(): connectivity of atom " N   TYR A0996" is not complete:

          get_connect12(): atom  C   of residue i-1 is not found 

   Error! get_connect12(): connectivity of atom " C   GLN A1169" is not complete:

          get_connect12(): atom  N   of residue i+1 is not found 

   Error! get_connect12(): connectivity of atom " N   LEU A0802" is not complete:

          get_connect12(): atom  C   of residue i-1 is not found 

   Error! get_connect12(): connectivity of atom " C   PRO A0812" is not complete:

          get_connect12(): atom  N   of residue i+1 is not found 

   Error! get_connect12(): connectivity of atom " N   LEU A0820" is not complete:

          get_connect12(): atom  C   of residue i-1 is not found 

   Error! get_connect12(): connectivity of atom " C   TYR A0938" is not complete:

          get_connect12(): atom  N   of residue i+1 is not found 

   Error! get_connect12(): connectivity of atom " N   TYR A0996" is not complete:

          get_connect12(): atom  C   of residue i-1 is not found 

   Error! get_connect12(): connectivity of atom " C   GLN A1169" is not complete:

          get_connect12(): atom  N   of residue i+1 is not found 

   Error! get_connect12(): connectivity of atom " N   LEU A0802" is not complete:

          get_connect12(): atom  C   of residue i-1 is not found 

   Error! get_connect12(): connectivity of atom " C   PRO A0812" is not complete:

          get_connect12(): atom  N   of residue i+1 is not found 

   Error! get_connect12(): connectivity of atom " N   LEU A0820" is not complete:

          get_connect12(): atom  C   of residue i-1 is not found 

   Error! get_connect12(): connectivity of atom " C   TYR A0938" is not complete:

          get_connect12(): atom  N   of residue i+1 is not found 

   Error! get_connect12(): connectivity of atom " N   TYR A0996" is not complete:

          get_connect12(): atom  C   of residue i-1 is not found 

   Error! get_connect12(): connectivity of atom " C   GLN A1169" is not complete:

          get_connect12(): atom  N   of residue i+1 is not found 

 Residue ASP A 823 always clash with Residue SER A 825
 Residue SER A 825 always clash with Residue ASP A 823
 Residue SER A 925 always clash with Residue ARG A 929
   Error! get_connect12(): connectivity of atom " N   LEU A0802" is not complete:

          get_connect12(): atom  C   of residue i-1 is not found 

   Error! get_connect12(): connectivity of atom " C   PRO A0812" is not complete:

          get_connect12(): atom  N   of residue i+1 is not found 

   Error! get_connect12(): connectivity of atom " N   LEU A0820" is not complete:

          get_connect12(): atom  C   of residue i-1 is not found 

   Error! get_connect12(): connectivity of atom " C   TYR A0938" is not complete:

          get_connect12(): atom  N   of residue i+1 is not found 

   Error! get_connect12(): connectivity of atom " N   TYR A0996" is not complete:

          get_connect12(): atom  C   of residue i-1 is not found 

   Error! get_connect12(): connectivity of atom " C   GLN A1169" is not complete:

          get_connect12(): atom  N   of residue i+1 is not found 

   Error! get_connect12(): connectivity of atom " N   LEU A0802" is not complete:

          get_connect12(): atom  C   of residue i-1 is not found 

   Error! get_connect12(): connectivity of atom " C   PRO A0812" is not complete:

          get_connect12(): atom  N   of residue i+1 is not found 

   Error! get_connect12(): connectivity of atom " N   LEU A0820" is not complete:

          get_connect12(): atom  C   of residue i-1 is not found 

   Error! get_connect12(): connectivity of atom " C   TYR A0938" is not complete:

          get_connect12(): atom  N   of residue i+1 is not found 

   Error! get_connect12(): connectivity of atom " N   TYR A0996" is not complete:

          get_connect12(): atom  C   of residue i-1 is not found 

   Error! get_connect12(): connectivity of atom " C   GLN A1169" is not complete:

          get_connect12(): atom  N   of residue i+1 is not found 

   Error! get_connect12(): connectivity of atom " N   LEU A0802" is not complete:

          get_connect12(): atom  C   of residue i-1 is not found 

   Error! get_connect12(): connectivity of atom " C   PRO A0812" is not complete:

          get_connect12(): atom  N   of residue i+1 is not found 

   Error! get_connect12(): connectivity of atom " N   LEU A0820" is not complete:

          get_connect12(): atom  C   of residue i-1 is not found 

   Error! get_connect12(): connectivity of atom " C   TYR A0938" is not complete:

          get_connect12(): atom  N   of residue i+1 is not found 

   Error! get_connect12(): connectivity of atom " N   TYR A0996" is not complete:

          get_connect12(): atom  C   of residue i-1 is not found 

   Error! get_connect12(): connectivity of atom " C   GLN A1169" is not complete:

          get_connect12(): atom  N   of residue i+1 is not found 

   Error! get_connect12(): connectivity of atom " N   LEU A0802" is not complete:

          get_connect12(): atom  C   of residue i-1 is not found 

   Error! get_connect12(): connectivity of atom " C   PRO A0812" is not complete:

          get_connect12(): atom  N   of residue i+1 is not found 

   Error! get_connect12(): connectivity of atom " N   LEU A0820" is not complete:

          get_connect12(): atom  C   of residue i-1 is not found 

   Error! get_connect12(): connectivity of atom " C   TYR A0938" is not complete:

          get_connect12(): atom  N   of residue i+1 is not found 

   Error! get_connect12(): connectivity of atom " N   TYR A0996" is not complete:

          get_connect12(): atom  C   of residue i-1 is not found 

   Error! get_connect12(): connectivity of atom " C   GLN A1169" is not complete:

          get_connect12(): atom  N   of residue i+1 is not found 

   Error! get_connect12(): connectivity of atom " N   LEU A0802" is not complete:

          get_connect12(): atom  C   of residue i-1 is not found 

   Error! get_connect12(): connectivity of atom " C   PRO A0812" is not complete:

          get_connect12(): atom  N   of residue i+1 is not found 

   Error! get_connect12(): connectivity of atom " N   LEU A0820" is not complete:

          get_connect12(): atom  C   of residue i-1 is not found 

   Error! get_connect12(): connectivity of atom " C   TYR A0938" is not complete:

          get_connect12(): atom  N   of residue i+1 is not found 

   Error! get_connect12(): connectivity of atom " N   TYR A0996" is not complete:

          get_connect12(): atom  C   of residue i-1 is not found 

   Error! get_connect12(): connectivity of atom " C   GLN A1169" is not complete:

          get_connect12(): atom  N   of residue i+1 is not found 

   Error! get_connect12(): connectivity of atom " N   LEU A0802" is not complete:

          get_connect12(): atom  C   of residue i-1 is not found 

   Error! get_connect12(): connectivity of atom " C   PRO A0812" is not complete:

          get_connect12(): atom  N   of residue i+1 is not found 

   Error! get_connect12(): connectivity of atom " N   LEU A0820" is not complete:

          get_connect12(): atom  C   of residue i-1 is not found 

   Error! get_connect12(): connectivity of atom " C   TYR A0938" is not complete:

          get_connect12(): atom  N   of residue i+1 is not found 

   Error! get_connect12(): connectivity of atom " N   TYR A0996" is not complete:

          get_connect12(): atom  C   of residue i-1 is not found 

   Error! get_connect12(): connectivity of atom " C   GLN A1169" is not complete:

          get_connect12(): atom  N   of residue i+1 is not found 

