================================================================
<<< MCCE Multi-Conformation Continuum Electrostatics >>>        
 Marilyn Gunner's Lab at City College of New York, 2023         
----------------------------------------------------------------
Version:         4.0                                            
MCCE Home:                                                      
  Private (Dev): https://github.com/GunnerLab/MCCE4             
  Public:        https://github.com/GunnerLab/MCCE4-Alpha       
  Docs:          https://gunnerlab.github.io/mcce4_tutorial/    
Support:         https://github.com/GunnerLab/MCCE4-Alpha/issues
Developed by:    The Gunner Lab                                 
                 https://gunnerlab.ccny.cuny.edu/               
Citations:       If you publish data calculated with MCCE, please cite the papers in
                 https://gunnerlab.github.io/mcce4_tutorial/docs/mcce/
================================================================
Step 0. Initialize enviroment
   Load run control file "run.prm"...
   Done

   Tentatively load local param file "new.tpl"...   No such file, ignore.
   Done

   Load parameters from directory "./param" ... 
   Done

   Load linear free energy correction parameters from "./user_param/extra.tpl"...
   File loaded.
   Done

Step 0 Done.

Not doing "Step 1. Test and format structral file"

Step 2. Make multi side chain conformers
   Load step 1 output file step1_out.pdb...
   Done

   Rotamer statistics is dynamically updated in file "rot_stat"

   Remove redundant heavy atom conformers in step1_out.pdb
   0 conformers were deleted.
   Done


   Relax crystal water..
   Done

   Prepare for rotamer making ...
   Deleting H atoms...2144 H atoms were deleted.
   Warning! assign_vdw_param(): missing parameter(s), default value is used and saved in debug.log.
   Assigning radii.
   Estimating Solvent Accessible Surface (SAS).
   Done.

   Swap atoms...
   Done


   Extra rotamers...
   Done


   Delete duplicate conformers ... 0 conformers deleted.
   Done. Time spent = 0

   Prune rotamers by self VDW potential...
   1 TORSION parameters were guessed and recorded in file debug.log.
   Modify and put them into a param file to have the full control.
   Missing atom  HE2 at slot    9 of conf MET01 in "MET A 237 01".
   Missing atom  HE3 at slot   10 of conf MET01 in "MET A 237 01".
   Missing atom HG22 at slot    6 of conf THR01 in "THR A 240 01".
   Missing atom HG23 at slot    7 of conf THR01 in "THR A 240 01".
   Missing atom HG22 at slot    6 of conf THR01 in "THR A 240 02".
   Missing atom HG23 at slot    7 of conf THR01 in "THR A 240 02".
   Missing atom HG22 at slot    6 of conf THR01 in "THR A 240 03".
   Missing atom HG23 at slot    7 of conf THR01 in "THR A 240 03".
   Missing atom HG22 at slot    7 of conf ILE01 in "ILE A 242 01".
   Missing atom HG23 at slot    8 of conf ILE01 in "ILE A 242 01".
   Missing atom HD12 at slot   11 of conf ILE01 in "ILE A 242 01".
   Missing atom HD13 at slot   12 of conf ILE01 in "ILE A 242 01".
   Missing atom HG22 at slot    6 of conf THR01 in "THR A 243 01".
   Missing atom HG23 at slot    7 of conf THR01 in "THR A 243 01".
   Missing atom HG22 at slot    6 of conf THR01 in "THR A 243 02".
   Missing atom HG23 at slot    7 of conf THR01 in "THR A 243 02".
   Missing atom HG22 at slot    6 of conf THR01 in "THR A 243 03".
   Missing atom HG23 at slot    7 of conf THR01 in "THR A 243 03".
   Missing atom  HE2 at slot    9 of conf MET01 in "MET A 244 01".
   Missing atom  HE3 at slot   10 of conf MET01 in "MET A 244 01".
   Missing atom HD12 at slot    7 of conf LEU01 in "LEU A 248 01".
   Missing atom HD13 at slot    8 of conf LEU01 in "LEU A 248 01".
   Missing atom HD22 at slot   11 of conf LEU01 in "LEU A 248 01".
   Missing atom HD23 at slot   12 of conf LEU01 in "LEU A 248 01".
   Missing atom HG12 at slot    4 of conf VAL01 in "VAL A 256 01".
   Missing atom HG13 at slot    5 of conf VAL01 in "VAL A 256 01".
   Missing atom HG22 at slot    8 of conf VAL01 in "VAL A 256 01".
   Missing atom HG23 at slot    9 of conf VAL01 in "VAL A 256 01".
   Missing atom HG12 at slot    4 of conf VAL01 in "VAL A 260 01".
   Missing atom HG13 at slot    5 of conf VAL01 in "VAL A 260 01".
   Missing atom HG22 at slot    8 of conf VAL01 in "VAL A 260 01".
   Missing atom HG23 at slot    9 of conf VAL01 in "VAL A 260 01".
   Missing atom HD12 at slot    7 of conf LEU01 in "LEU A 266 01".
   Missing atom HD13 at slot    8 of conf LEU01 in "LEU A 266 01".
   Missing atom HD22 at slot   11 of conf LEU01 in "LEU A 266 01".
   Missing atom HD23 at slot   12 of conf LEU01 in "LEU A 266 01".
   Missing atom HG22 at slot    6 of conf THR01 in "THR A 267 01".
   Missing atom HG23 at slot    7 of conf THR01 in "THR A 267 01".
   Missing atom HG22 at slot    6 of conf THR01 in "THR A 267 02".
   Missing atom HG23 at slot    7 of conf THR01 in "THR A 267 02".
   Missing atom HG22 at slot    6 of conf THR01 in "THR A 267 03".
   Missing atom HG23 at slot    7 of conf THR01 in "THR A 267 03".
   Missing atom HG12 at slot    4 of conf VAL01 in "VAL A 268 01".
   Missing atom HG13 at slot    5 of conf VAL01 in "VAL A 268 01".
   Missing atom HG22 at slot    8 of conf VAL01 in "VAL A 268 01".
   Missing atom HG23 at slot    9 of conf VAL01 in "VAL A 268 01".
   Missing atom  HB2 at slot    2 of conf ALA01 in "ALA A 269 01".
   Missing atom  HB3 at slot    3 of conf ALA01 in "ALA A 269 01".
   Missing atom HG12 at slot    4 of conf VAL01 in "VAL A 270 01".
   Missing atom HG13 at slot    5 of conf VAL01 in "VAL A 270 01".
   Missing atom HG22 at slot    8 of conf VAL01 in "VAL A 270 01".
   Missing atom HG23 at slot    9 of conf VAL01 in "VAL A 270 01".
   Missing atom HG22 at slot    6 of conf THR01 in "THR A 272 01".
   Missing atom HG23 at slot    7 of conf THR01 in "THR A 272 01".
   Missing atom HG22 at slot    6 of conf THR01 in "THR A 272 02".
   Missing atom HG23 at slot    7 of conf THR01 in "THR A 272 02".
   Missing atom HG22 at slot    6 of conf THR01 in "THR A 272 03".
   Missing atom HG23 at slot    7 of conf THR01 in "THR A 272 03".
   Missing atom HD12 at slot    7 of conf LEU01 in "LEU A 273 01".
   Missing atom HD13 at slot    8 of conf LEU01 in "LEU A 273 01".
   Missing atom HD22 at slot   11 of conf LEU01 in "LEU A 273 01".
   Missing atom HD23 at slot   12 of conf LEU01 in "LEU A 273 01".
   1 TORSION parameters were guessed and recorded in file debug.log.
   Modify and put them into a param file to have the full control.
   Missing atom HG22 at slot    6 of conf THR01 in "THR A 277 01".
   Missing atom HG23 at slot    7 of conf THR01 in "THR A 277 01".
   Missing atom HG22 at slot    6 of conf THR01 in "THR A 277 02".
   Missing atom HG23 at slot    7 of conf THR01 in "THR A 277 02".
   Missing atom HG22 at slot    6 of conf THR01 in "THR A 277 03".
   Missing atom HG23 at slot    7 of conf THR01 in "THR A 277 03".
   Missing atom  HE2 at slot    9 of conf MET01 in "MET A 278 01".
   Missing atom  HE3 at slot   10 of conf MET01 in "MET A 278 01".
   Missing atom HG12 at slot    4 of conf VAL01 in "VAL A 280 01".
   Missing atom HG13 at slot    5 of conf VAL01 in "VAL A 280 01".
   Missing atom HG22 at slot    8 of conf VAL01 in "VAL A 280 01".
   Missing atom HG23 at slot    9 of conf VAL01 in "VAL A 280 01".
   Missing atom HD12 at slot    7 of conf LEU01 in "LEU A 284 01".
   Missing atom HD13 at slot    8 of conf LEU01 in "LEU A 284 01".
   Missing atom HD22 at slot   11 of conf LEU01 in "LEU A 284 01".
   Missing atom HD23 at slot   12 of conf LEU01 in "LEU A 284 01".
   Missing atom  HB2 at slot    2 of conf ALA01 in "ALA A 287 01".
   Missing atom  HB3 at slot    3 of conf ALA01 in "ALA A 287 01".
   Missing atom  HB2 at slot    2 of conf ALA01 in "ALA A 288 01".
   Missing atom  HB3 at slot    3 of conf ALA01 in "ALA A 288 01".
   Missing atom HG12 at slot    4 of conf VAL01 in "VAL A 289 01".
   Missing atom HG13 at slot    5 of conf VAL01 in "VAL A 289 01".
   Missing atom HG22 at slot    8 of conf VAL01 in "VAL A 289 01".
   Missing atom HG23 at slot    9 of conf VAL01 in "VAL A 289 01".
   Missing atom  HE2 at slot    9 of conf MET01 in "MET A 290 01".
   Missing atom  HE3 at slot   10 of conf MET01 in "MET A 290 01".
   Missing atom HG22 at slot    7 of conf ILE01 in "ILE A 293 01".
   Missing atom HG23 at slot    8 of conf ILE01 in "ILE A 293 01".
   Missing atom HD12 at slot   11 of conf ILE01 in "ILE A 293 01".
   Missing atom HD13 at slot   12 of conf ILE01 in "ILE A 293 01".
   Missing atom HD12 at slot    7 of conf LEU01 in "LEU A 298 01".
   Missing atom HD13 at slot    8 of conf LEU01 in "LEU A 298 01".
   Missing atom HD22 at slot   11 of conf LEU01 in "LEU A 298 01".
   Missing atom HD23 at slot   12 of conf LEU01 in "LEU A 298 01".
   Missing atom HG12 at slot    4 of conf VAL01 in "VAL A 299 01".
   Missing atom HG13 at slot    5 of conf VAL01 in "VAL A 299 01".
   Missing atom HG22 at slot    8 of conf VAL01 in "VAL A 299 01".
   Missing atom HG23 at slot    9 of conf VAL01 in "VAL A 299 01".
   Missing atom HD12 at slot    7 of conf LEU01 in "LEU A 301 01".
   Missing atom HD13 at slot    8 of conf LEU01 in "LEU A 301 01".
   Missing atom HD22 at slot   11 of conf LEU01 in "LEU A 301 01".
   Missing atom HD23 at slot   12 of conf LEU01 in "LEU A 301 01".
   Missing atom HD12 at slot    7 of conf LEU01 in "LEU A 302 01".
   Missing atom HD13 at slot    8 of conf LEU01 in "LEU A 302 01".
   Missing atom HD22 at slot   11 of conf LEU01 in "LEU A 302 01".
   Missing atom HD23 at slot   12 of conf LEU01 in "LEU A 302 01".
   Missing atom HG12 at slot    4 of conf VAL01 in "VAL A 304 01".
   Missing atom HG13 at slot    5 of conf VAL01 in "VAL A 304 01".
   Missing atom HG22 at slot    8 of conf VAL01 in "VAL A 304 01".
   Missing atom HG23 at slot    9 of conf VAL01 in "VAL A 304 01".
   Missing atom HG22 at slot    6 of conf THR01 in "THR A 306 01".
   Missing atom HG23 at slot    7 of conf THR01 in "THR A 306 01".
   Missing atom HG22 at slot    6 of conf THR01 in "THR A 306 02".
   Missing atom HG23 at slot    7 of conf THR01 in "THR A 306 02".
   Missing atom HG22 at slot    6 of conf THR01 in "THR A 306 03".
   Missing atom HG23 at slot    7 of conf THR01 in "THR A 306 03".
   Missing atom HG22 at slot    7 of conf ILE01 in "ILE A 313 01".
   Missing atom HG23 at slot    8 of conf ILE01 in "ILE A 313 01".
   Missing atom HD12 at slot   11 of conf ILE01 in "ILE A 313 01".
   Missing atom HD13 at slot   12 of conf ILE01 in "ILE A 313 01".
   Missing atom HG22 at slot    7 of conf ILE01 in "ILE A 314 01".
   Missing atom HG23 at slot    8 of conf ILE01 in "ILE A 314 01".
   Missing atom HD12 at slot   11 of conf ILE01 in "ILE A 314 01".
   Missing atom HD13 at slot   12 of conf ILE01 in "ILE A 314 01".
   Missing atom HG22 at slot    6 of conf THR01 in "THR A 315 01".
   Missing atom HG23 at slot    7 of conf THR01 in "THR A 315 01".
   Missing atom HG22 at slot    6 of conf THR01 in "THR A 315 02".
   Missing atom HG23 at slot    7 of conf THR01 in "THR A 315 02".
   Missing atom HG22 at slot    6 of conf THR01 in "THR A 315 03".
   Missing atom HG23 at slot    7 of conf THR01 in "THR A 315 03".
   Missing atom  HE2 at slot    9 of conf MET01 in "MET A 318 01".
   Missing atom  HE3 at slot   10 of conf MET01 in "MET A 318 01".
   Missing atom HG22 at slot    6 of conf THR01 in "THR A 319 01".
   Missing atom HG23 at slot    7 of conf THR01 in "THR A 319 01".
   Missing atom HG22 at slot    6 of conf THR01 in "THR A 319 02".
   Missing atom HG23 at slot    7 of conf THR01 in "THR A 319 02".
   Missing atom HG22 at slot    6 of conf THR01 in "THR A 319 03".
   Missing atom HG23 at slot    7 of conf THR01 in "THR A 319 03".
   Missing atom HD12 at slot    7 of conf LEU01 in "LEU A 323 01".
   Missing atom HD13 at slot    8 of conf LEU01 in "LEU A 323 01".
   Missing atom HD22 at slot   11 of conf LEU01 in "LEU A 323 01".
   Missing atom HD23 at slot   12 of conf LEU01 in "LEU A 323 01".
   Missing atom HD12 at slot    7 of conf LEU01 in "LEU A 324 01".
   Missing atom HD13 at slot    8 of conf LEU01 in "LEU A 324 01".
   Missing atom HD22 at slot   11 of conf LEU01 in "LEU A 324 01".
   Missing atom HD23 at slot   12 of conf LEU01 in "LEU A 324 01".
   Missing atom HD12 at slot    7 of conf LEU01 in "LEU A 327 01".
   Missing atom HD13 at slot    8 of conf LEU01 in "LEU A 327 01".
   Missing atom HD22 at slot   11 of conf LEU01 in "LEU A 327 01".
   Missing atom HD23 at slot   12 of conf LEU01 in "LEU A 327 01".
   Missing atom HG12 at slot    4 of conf VAL01 in "VAL A 335 01".
   Missing atom HG13 at slot    5 of conf VAL01 in "VAL A 335 01".
   Missing atom HG22 at slot    8 of conf VAL01 in "VAL A 335 01".
   Missing atom HG23 at slot    9 of conf VAL01 in "VAL A 335 01".
   Missing atom  HB2 at slot    2 of conf ALA01 in "ALA A 337 01".
   Missing atom  HB3 at slot    3 of conf ALA01 in "ALA A 337 01".
   Missing atom HG12 at slot    4 of conf VAL01 in "VAL A 338 01".
   Missing atom HG13 at slot    5 of conf VAL01 in "VAL A 338 01".
   Missing atom HG22 at slot    8 of conf VAL01 in "VAL A 338 01".
   Missing atom HG23 at slot    9 of conf VAL01 in "VAL A 338 01".
   Missing atom HG12 at slot    4 of conf VAL01 in "VAL A 339 01".
   Missing atom HG13 at slot    5 of conf VAL01 in "VAL A 339 01".
   Missing atom HG22 at slot    8 of conf VAL01 in "VAL A 339 01".
   Missing atom HG23 at slot    9 of conf VAL01 in "VAL A 339 01".
   Missing atom HD12 at slot    7 of conf LEU01 in "LEU A 340 01".
   Missing atom HD13 at slot    8 of conf LEU01 in "LEU A 340 01".
   Missing atom HD22 at slot   11 of conf LEU01 in "LEU A 340 01".
   Missing atom HD23 at slot   12 of conf LEU01 in "LEU A 340 01".
   Missing atom HD12 at slot    7 of conf LEU01 in "LEU A 341 01".
   Missing atom HD13 at slot    8 of conf LEU01 in "LEU A 341 01".
   Missing atom HD22 at slot   11 of conf LEU01 in "LEU A 341 01".
   Missing atom HD23 at slot   12 of conf LEU01 in "LEU A 341 01".
   Missing atom  HE2 at slot    9 of conf MET01 in "MET A 343 01".
   Missing atom  HE3 at slot   10 of conf MET01 in "MET A 343 01".
   Missing atom  HB2 at slot    2 of conf ALA01 in "ALA A 344 01".
   Missing atom  HB3 at slot    3 of conf ALA01 in "ALA A 344 01".
   Missing atom HG22 at slot    6 of conf THR01 in "THR A 345 01".
   Missing atom HG23 at slot    7 of conf THR01 in "THR A 345 01".
   Missing atom HG22 at slot    6 of conf THR01 in "THR A 345 02".
   Missing atom HG23 at slot    7 of conf THR01 in "THR A 345 02".
   Missing atom HG22 at slot    6 of conf THR01 in "THR A 345 03".
   Missing atom HG23 at slot    7 of conf THR01 in "THR A 345 03".
   Missing atom HG22 at slot    7 of conf ILE01 in "ILE A 347 01".
   Missing atom HG23 at slot    8 of conf ILE01 in "ILE A 347 01".
   Missing atom HD12 at slot   11 of conf ILE01 in "ILE A 347 01".
   Missing atom HD13 at slot   12 of conf ILE01 in "ILE A 347 01".
   Missing atom  HB2 at slot    2 of conf ALA01 in "ALA A 350 01".
   Missing atom  HB3 at slot    3 of conf ALA01 in "ALA A 350 01".
   Missing atom  HE2 at slot    9 of conf MET01 in "MET A 351 01".
   Missing atom  HE3 at slot   10 of conf MET01 in "MET A 351 01".
   Missing atom HD12 at slot    7 of conf LEU01 in "LEU A 354 01".
   Missing atom HD13 at slot    8 of conf LEU01 in "LEU A 354 01".
   Missing atom HD22 at slot   11 of conf LEU01 in "LEU A 354 01".
   Missing atom HD23 at slot   12 of conf LEU01 in "LEU A 354 01".
   Missing atom HG22 at slot    7 of conf ILE01 in "ILE A 360 01".
   Missing atom HG23 at slot    8 of conf ILE01 in "ILE A 360 01".
   Missing atom HD12 at slot   11 of conf ILE01 in "ILE A 360 01".
   Missing atom HD13 at slot   12 of conf ILE01 in "ILE A 360 01".
   Missing atom HD12 at slot    7 of conf LEU01 in "LEU A 364 01".
   Missing atom HD13 at slot    8 of conf LEU01 in "LEU A 364 01".
   Missing atom HD22 at slot   11 of conf LEU01 in "LEU A 364 01".
   Missing atom HD23 at slot   12 of conf LEU01 in "LEU A 364 01".
   Missing atom  HB2 at slot    2 of conf ALA01 in "ALA A 365 01".
   Missing atom  HB3 at slot    3 of conf ALA01 in "ALA A 365 01".
   Missing atom  HB2 at slot    2 of conf ALA01 in "ALA A 366 01".
   Missing atom  HB3 at slot    3 of conf ALA01 in "ALA A 366 01".
   Missing atom HD12 at slot    7 of conf LEU01 in "LEU A 370 01".
   Missing atom HD13 at slot    8 of conf LEU01 in "LEU A 370 01".
   Missing atom HD22 at slot   11 of conf LEU01 in "LEU A 370 01".
   Missing atom HD23 at slot   12 of conf LEU01 in "LEU A 370 01".
   Missing atom HG12 at slot    4 of conf VAL01 in "VAL A 371 01".
   Missing atom HG13 at slot    5 of conf VAL01 in "VAL A 371 01".
   Missing atom HG22 at slot    8 of conf VAL01 in "VAL A 371 01".
   Missing atom HG23 at slot    9 of conf VAL01 in "VAL A 371 01".
   Missing atom HD12 at slot    7 of conf LEU01 in "LEU A 376 01".
   Missing atom HD13 at slot    8 of conf LEU01 in "LEU A 376 01".
   Missing atom HD22 at slot   11 of conf LEU01 in "LEU A 376 01".
   Missing atom HD23 at slot   12 of conf LEU01 in "LEU A 376 01".
   Missing atom HG12 at slot    4 of conf VAL01 in "VAL A 377 01".
   Missing atom HG13 at slot    5 of conf VAL01 in "VAL A 377 01".
   Missing atom HG22 at slot    8 of conf VAL01 in "VAL A 377 01".
   Missing atom HG23 at slot    9 of conf VAL01 in "VAL A 377 01".
   Missing atom HG12 at slot    4 of conf VAL01 in "VAL A 379 01".
   Missing atom HG13 at slot    5 of conf VAL01 in "VAL A 379 01".
   Missing atom HG22 at slot    8 of conf VAL01 in "VAL A 379 01".
   Missing atom HG23 at slot    9 of conf VAL01 in "VAL A 379 01".
   Missing atom  HB2 at slot    2 of conf ALA01 in "ALA A 380 01".
   Missing atom  HB3 at slot    3 of conf ALA01 in "ALA A 380 01".
   Missing atom HD12 at slot    7 of conf LEU01 in "LEU A 384 01".
   Missing atom HD13 at slot    8 of conf LEU01 in "LEU A 384 01".
   Missing atom HD22 at slot   11 of conf LEU01 in "LEU A 384 01".
   Missing atom HD23 at slot   12 of conf LEU01 in "LEU A 384 01".
   Missing atom HD12 at slot    7 of conf LEU01 in "LEU A 387 01".
   Missing atom HD13 at slot    8 of conf LEU01 in "LEU A 387 01".
   Missing atom HD22 at slot   11 of conf LEU01 in "LEU A 387 01".
   Missing atom HD23 at slot   12 of conf LEU01 in "LEU A 387 01".
   Missing atom  HE2 at slot    9 of conf MET01 in "MET A 388 01".
   Missing atom  HE3 at slot   10 of conf MET01 in "MET A 388 01".
   Missing atom HG22 at slot    6 of conf THR01 in "THR A 389 01".
   Missing atom HG23 at slot    7 of conf THR01 in "THR A 389 01".
   Missing atom HG22 at slot    6 of conf THR01 in "THR A 389 02".
   Missing atom HG23 at slot    7 of conf THR01 in "THR A 389 02".
   Missing atom HG22 at slot    6 of conf THR01 in "THR A 389 03".
   Missing atom HG23 at slot    7 of conf THR01 in "THR A 389 03".
   Missing atom HG22 at slot    6 of conf THR01 in "THR A 392 01".
   Missing atom HG23 at slot    7 of conf THR01 in "THR A 392 01".
   Missing atom HG22 at slot    6 of conf THR01 in "THR A 392 02".
   Missing atom HG23 at slot    7 of conf THR01 in "THR A 392 02".
   Missing atom HG22 at slot    6 of conf THR01 in "THR A 392 03".
   Missing atom HG23 at slot    7 of conf THR01 in "THR A 392 03".
   Missing atom HG22 at slot    6 of conf THR01 in "THR A 394 01".
   Missing atom HG23 at slot    7 of conf THR01 in "THR A 394 01".
   Missing atom HG22 at slot    6 of conf THR01 in "THR A 394 02".
   Missing atom HG23 at slot    7 of conf THR01 in "THR A 394 02".
   Missing atom HG22 at slot    6 of conf THR01 in "THR A 394 03".
   Missing atom HG23 at slot    7 of conf THR01 in "THR A 394 03".
   Missing atom  HB2 at slot    2 of conf ALA01 in "ALA A 395 01".
   Missing atom  HB3 at slot    3 of conf ALA01 in "ALA A 395 01".
   Missing atom  HB2 at slot    2 of conf ALA01 in "ALA A 397 01".
   Missing atom  HB3 at slot    3 of conf ALA01 in "ALA A 397 01".
   Missing atom  HB2 at slot    2 of conf ALA01 in "ALA A 399 01".
   Missing atom  HB3 at slot    3 of conf ALA01 in "ALA A 399 01".
   Missing atom HG22 at slot    7 of conf ILE01 in "ILE A 403 01".
   Missing atom HG23 at slot    8 of conf ILE01 in "ILE A 403 01".
   Missing atom HD12 at slot   11 of conf ILE01 in "ILE A 403 01".
   Missing atom HD13 at slot   12 of conf ILE01 in "ILE A 403 01".
   Missing atom HG22 at slot    6 of conf THR01 in "THR A 406 01".
   Missing atom HG23 at slot    7 of conf THR01 in "THR A 406 01".
   Missing atom HG22 at slot    6 of conf THR01 in "THR A 406 02".
   Missing atom HG23 at slot    7 of conf THR01 in "THR A 406 02".
   Missing atom HG22 at slot    6 of conf THR01 in "THR A 406 03".
   Missing atom HG23 at slot    7 of conf THR01 in "THR A 406 03".
   Missing atom  HB2 at slot    2 of conf ALA01 in "ALA A 407 01".
   Missing atom  HB3 at slot    3 of conf ALA01 in "ALA A 407 01".
   Missing atom HD12 at slot    7 of conf LEU01 in "LEU A 411 01".
   Missing atom HD13 at slot    8 of conf LEU01 in "LEU A 411 01".
   Missing atom HD22 at slot   11 of conf LEU01 in "LEU A 411 01".
   Missing atom HD23 at slot   12 of conf LEU01 in "LEU A 411 01".
   Missing atom  HB2 at slot    2 of conf ALA01 in "ALA A 412 01".
   Missing atom  HB3 at slot    3 of conf ALA01 in "ALA A 412 01".
   Missing atom HG22 at slot    7 of conf ILE01 in "ILE A 418 01".
   Missing atom HG23 at slot    8 of conf ILE01 in "ILE A 418 01".
   Missing atom HD12 at slot   11 of conf ILE01 in "ILE A 418 01".
   Missing atom HD13 at slot   12 of conf ILE01 in "ILE A 418 01".
   Missing atom HG12 at slot    4 of conf VAL01 in "VAL A 422 01".
   Missing atom HG13 at slot    5 of conf VAL01 in "VAL A 422 01".
   Missing atom HG22 at slot    8 of conf VAL01 in "VAL A 422 01".
   Missing atom HG23 at slot    9 of conf VAL01 in "VAL A 422 01".
   Missing atom  HB2 at slot    2 of conf ALA01 in "ALA A 424 01".
   Missing atom  HB3 at slot    3 of conf ALA01 in "ALA A 424 01".
   Missing atom HG12 at slot    4 of conf VAL01 in "VAL A 427 01".
   Missing atom HG13 at slot    5 of conf VAL01 in "VAL A 427 01".
   Missing atom HG22 at slot    8 of conf VAL01 in "VAL A 427 01".
   Missing atom HG23 at slot    9 of conf VAL01 in "VAL A 427 01".
   Missing atom HD12 at slot    7 of conf LEU01 in "LEU A 428 01".
   Missing atom HD13 at slot    8 of conf LEU01 in "LEU A 428 01".
   Missing atom HD22 at slot   11 of conf LEU01 in "LEU A 428 01".
   Missing atom HD23 at slot   12 of conf LEU01 in "LEU A 428 01".
   Missing atom HD12 at slot    7 of conf LEU01 in "LEU A 429 01".
   Missing atom HD13 at slot    8 of conf LEU01 in "LEU A 429 01".
   Missing atom HD22 at slot   11 of conf LEU01 in "LEU A 429 01".
   Missing atom HD23 at slot   12 of conf LEU01 in "LEU A 429 01".
   Missing atom HG22 at slot    7 of conf ILE01 in "ILE A 432 01".
   Missing atom HG23 at slot    8 of conf ILE01 in "ILE A 432 01".
   Missing atom HD12 at slot   11 of conf ILE01 in "ILE A 432 01".
   Missing atom HD13 at slot   12 of conf ILE01 in "ILE A 432 01".
   Missing atom  HB2 at slot    2 of conf ALA01 in "ALA A 433 01".
   Missing atom  HB3 at slot    3 of conf ALA01 in "ALA A 433 01".
   Missing atom HG22 at slot    6 of conf THR01 in "THR A 434 01".
   Missing atom HG23 at slot    7 of conf THR01 in "THR A 434 01".
   Missing atom HG22 at slot    6 of conf THR01 in "THR A 434 02".
   Missing atom HG23 at slot    7 of conf THR01 in "THR A 434 02".
   Missing atom HG22 at slot    6 of conf THR01 in "THR A 434 03".
   Missing atom HG23 at slot    7 of conf THR01 in "THR A 434 03".
   Missing atom  HE2 at slot    9 of conf MET01 in "MET A 437 01".
   Missing atom  HE3 at slot   10 of conf MET01 in "MET A 437 01".
   Missing atom HG22 at slot    7 of conf ILE01 in "ILE A 443 01".
   Missing atom HG23 at slot    8 of conf ILE01 in "ILE A 443 01".
   Missing atom HD12 at slot   11 of conf ILE01 in "ILE A 443 01".
   Missing atom HD13 at slot   12 of conf ILE01 in "ILE A 443 01".
   Missing atom HD12 at slot    7 of conf LEU01 in "LEU A 445 01".
   Missing atom HD13 at slot    8 of conf LEU01 in "LEU A 445 01".
   Missing atom HD22 at slot   11 of conf LEU01 in "LEU A 445 01".
   Missing atom HD23 at slot   12 of conf LEU01 in "LEU A 445 01".
   Missing atom HG12 at slot    4 of conf VAL01 in "VAL A 448 01".
   Missing atom HG13 at slot    5 of conf VAL01 in "VAL A 448 01".
   Missing atom HG22 at slot    8 of conf VAL01 in "VAL A 448 01".
   Missing atom HG23 at slot    9 of conf VAL01 in "VAL A 448 01".
   Missing atom HD12 at slot    7 of conf LEU01 in "LEU A 451 01".
   Missing atom HD13 at slot    8 of conf LEU01 in "LEU A 451 01".
   Missing atom HD22 at slot   11 of conf LEU01 in "LEU A 451 01".
   Missing atom HD23 at slot   12 of conf LEU01 in "LEU A 451 01".
   Missing atom HD12 at slot    7 of conf LEU01 in "LEU A 452 01".
   Missing atom HD13 at slot    8 of conf LEU01 in "LEU A 452 01".
   Missing atom HD22 at slot   11 of conf LEU01 in "LEU A 452 01".
   Missing atom HD23 at slot   12 of conf LEU01 in "LEU A 452 01".
   Missing atom  HE2 at slot    9 of conf MET01 in "MET A 458 01".
   Missing atom  HE3 at slot   10 of conf MET01 in "MET A 458 01".
   Missing atom HG12 at slot    4 of conf VAL01 in "VAL A 468 01".
   Missing atom HG13 at slot    5 of conf VAL01 in "VAL A 468 01".
   Missing atom HG22 at slot    8 of conf VAL01 in "VAL A 468 01".
   Missing atom HG23 at slot    9 of conf VAL01 in "VAL A 468 01".
   Missing atom HD12 at slot    7 of conf LEU01 in "LEU A 471 01".
   Missing atom HD13 at slot    8 of conf LEU01 in "LEU A 471 01".
   Missing atom HD22 at slot   11 of conf LEU01 in "LEU A 471 01".
   Missing atom HD23 at slot   12 of conf LEU01 in "LEU A 471 01".
   Missing atom  HE2 at slot    9 of conf MET01 in "MET A 472 01".
   Missing atom  HE3 at slot   10 of conf MET01 in "MET A 472 01".
   Missing atom  HB2 at slot    2 of conf ALA01 in "ALA A 474 01".
   Missing atom  HB3 at slot    3 of conf ALA01 in "ALA A 474 01".
   Missing atom  HB2 at slot    2 of conf ALA01 in "ALA A 487 01".
   Missing atom  HB3 at slot    3 of conf ALA01 in "ALA A 487 01".
   Missing atom HG22 at slot    7 of conf ILE01 in "ILE A 489 01".
   Missing atom HG23 at slot    8 of conf ILE01 in "ILE A 489 01".
   Missing atom HD12 at slot   11 of conf ILE01 in "ILE A 489 01".
   Missing atom HD13 at slot   12 of conf ILE01 in "ILE A 489 01".
   Missing atom  HB2 at slot    2 of conf ALA01 in "ALA A 492 01".
   Missing atom  HB3 at slot    3 of conf ALA01 in "ALA A 492 01".
   Missing atom HG22 at slot    6 of conf THR01 in "THR A 495 01".
   Missing atom HG23 at slot    7 of conf THR01 in "THR A 495 01".
   Missing atom HG22 at slot    6 of conf THR01 in "THR A 495 02".
   Missing atom HG23 at slot    7 of conf THR01 in "THR A 495 02".
   Missing atom HG22 at slot    6 of conf THR01 in "THR A 495 03".
   Missing atom HG23 at slot    7 of conf THR01 in "THR A 495 03".
   Missing atom  HE2 at slot    9 of conf MET01 in "MET A 496 01".
   Missing atom  HE3 at slot   10 of conf MET01 in "MET A 496 01".
   Missing atom H542 at slot   59 of conf STI+1 in "STI A 600 01".
   Missing atom H543 at slot   60 of conf STI+1 in "STI A 600 01".
   Missing atom H202 at slot   66 of conf STI+1 in "STI A 600 01".
   Missing atom H203 at slot   67 of conf STI+1 in "STI A 600 01".
   2 TORSION parameters were guessed and recorded in file debug.log.
   Modify and put them into a param file to have the full control.
   Creating connectivity table...
   Computing self VDW potential. It may take a while...
   Warning! assign_vdw_param(): missing parameter(s), default value is used and saved in debug.log.
   Warning! assign_crg():      missing parameter(s), default value is used and saved in debug.log.
   Pruning rotamers...3 rotamers deleted.
   Done. Time spent = 1


   Tuning exposed rotamers...
   Done. Time spent = 1

   Hydrogen bond directed rotamer making...
   0 conformers are deleted to fit the limit (36) of derived conformer number
   Updating self vdw
   Pruning rotamers by new self energy...29 rotamers deleted.
   Done. Time spent = 0


   Repack side chains 5000 times, remove inaccessible conformers...
   Computing pairwise LJ potential. This may take a while.
      Estimated time on AMD 1.6GHz is 4 seconds.
      Actual time is 3
   Repacking in progress, see progress.log for details...
   Done. Time spent = 4


   Skip writing heavy atome rotamer pdb file hvrot.pdb
   Randomly prune conformers...
   Done

   Making ionization conformers...
   Done


   Add H atoms...
   8 TORSION parameters were guessed and recorded in file debug.log.
   Modify and put them into a param file to have the full control.
   clean up ...
   Warning! assign_vdw_param(): missing parameter(s), default value is used and saved in debug.log.
   Warning! assign_crg():      missing parameter(s), default value is used and saved in debug.log.
   Done

       40 conformers deleted in this cycle at    2.000    2.000    2.000

   Optimizing hydroxyl and water...
   Total number of atoms 8464
   Done. Time spent = 22


   Sorting conformers...
   Done

   Skip writing full rotamer file step2_out.full.
   Delete duplicate conformers ...
      8 conformers deleted in this cycle at    2.000    2.000    2.000
   Done. Time spent = 2


   Write output...
   WARNING: Conformer STI+1A0600_001 has non integer charge  1.004
   WARNING: Conformer STI+2A0600_002 has non integer charge  0.995
   WARNING: Conformer STI01A0600_003 has non integer charge -0.002
   WARNING: Conformer STI+aA0600_004 has non integer charge  1.995
   WARNING: Conformer STI+aA0600_005 has non integer charge  1.995
   WARNING: Conformer STI+bA0600_006 has non integer charge  2.002
   WARNING: Conformer STI+bA0600_007 has non integer charge  2.002
   Done

   Total time for step2 (rotamer making) is 38 seconds.

   Output files:
      step2_out.pdb   : mcce pdb file, the input of step 3
      head2.lst       : conformer summary
      step2_out.full  : rotamers without pairwise pruning.
      hvrot.pdb       : heavy atom rotamers, can be used recursively by step 2

Step 2 Done.

Not doing "Step 3. Compute energy lookup table"

Not doing "Step 4. Monte Carlo Sampling"

Not doing "Step 6. Hydrogen Bond Network Analysis"

