ForkPoolWorker-1: Calling delphi to calculate conformer (1/601) ASP01A0233_001 in /tmp/pbe_data.data.home.granepura.5-Kinases.Kinases_MCCE.Trial02.run_holo.3UE4_ASP01A0233_001
ForkPoolWorker-2: Calling delphi to calculate conformer (2/601) ASP01A0233_002 in /tmp/pbe_data.data.home.granepura.5-Kinases.Kinases_MCCE.Trial02.run_holo.3UE4_ASP01A0233_002
ForkPoolWorker-3: Calling delphi to calculate conformer (3/601) ASP02A0233_003 in /tmp/pbe_data.data.home.granepura.5-Kinases.Kinases_MCCE.Trial02.run_holo.3UE4_ASP02A0233_003
ForkPoolWorker-4: Calling delphi to calculate conformer (4/601) ASP02A0233_004 in /tmp/pbe_data.data.home.granepura.5-Kinases.Kinases_MCCE.Trial02.run_holo.3UE4_ASP02A0233_004
ForkPoolWorker-5: Calling delphi to calculate conformer (5/601) ASP-1A0233_005 in /tmp/pbe_data.data.home.granepura.5-Kinases.Kinases_MCCE.Trial02.run_holo.3UE4_ASP-1A0233_005
ForkPoolWorker-1: Calling delphi to calculate conformer (6/601) LYS01A0234_001 in /tmp/pbe_data.data.home.granepura.5-Kinases.Kinases_MCCE.Trial02.run_holo.3UE4_LYS01A0234_001
ForkPoolWorker-5: Calling delphi to calculate conformer (7/601) LYS+1A0234_002 in /tmp/pbe_data.data.home.granepura.5-Kinases.Kinases_MCCE.Trial02.run_holo.3UE4_LYS+1A0234_002
Skipping PBE solver for non-charge conformer (8/601) TRP01A0235_001...
ForkPoolWorker-4: Calling delphi to calculate conformer (9/601) GLU01A0236_001 in /tmp/pbe_data.data.home.granepura.5-Kinases.Kinases_MCCE.Trial02.run_holo.3UE4_GLU01A0236_001
ForkPoolWorker-3: Calling delphi to calculate conformer (10/601) GLU01A0236_002 in /tmp/pbe_data.data.home.granepura.5-Kinases.Kinases_MCCE.Trial02.run_holo.3UE4_GLU01A0236_002
ForkPoolWorker-2: Calling delphi to calculate conformer (11/601) GLU02A0236_003 in /tmp/pbe_data.data.home.granepura.5-Kinases.Kinases_MCCE.Trial02.run_holo.3UE4_GLU02A0236_003
ForkPoolWorker-1: Calling delphi to calculate conformer (12/601) GLU02A0236_004 in /tmp/pbe_data.data.home.granepura.5-Kinases.Kinases_MCCE.Trial02.run_holo.3UE4_GLU02A0236_004
ForkPoolWorker-2: Calling delphi to calculate conformer (13/601) GLU-1A0236_005 in /tmp/pbe_data.data.home.granepura.5-Kinases.Kinases_MCCE.Trial02.run_holo.3UE4_GLU-1A0236_005
ForkPoolWorker-4: Calling delphi to calculate conformer (14/601) MET01A0237_001 in /tmp/pbe_data.data.home.granepura.5-Kinases.Kinases_MCCE.Trial02.run_holo.3UE4_MET01A0237_001
ForkPoolWorker-5: Calling delphi to calculate conformer (15/601) GLU01A0238_001 in /tmp/pbe_data.data.home.granepura.5-Kinases.Kinases_MCCE.Trial02.run_holo.3UE4_GLU01A0238_001
ForkPoolWorker-3: Calling delphi to calculate conformer (16/601) GLU01A0238_002 in /tmp/pbe_data.data.home.granepura.5-Kinases.Kinases_MCCE.Trial02.run_holo.3UE4_GLU01A0238_002
ForkPoolWorker-1: Calling delphi to calculate conformer (17/601) GLU02A0238_003 in /tmp/pbe_data.data.home.granepura.5-Kinases.Kinases_MCCE.Trial02.run_holo.3UE4_GLU02A0238_003
ForkPoolWorker-2: Calling delphi to calculate conformer (18/601) GLU02A0238_004 in /tmp/pbe_data.data.home.granepura.5-Kinases.Kinases_MCCE.Trial02.run_holo.3UE4_GLU02A0238_004
ForkPoolWorker-3: Calling delphi to calculate conformer (19/601) GLU-1A0238_005 in /tmp/pbe_data.data.home.granepura.5-Kinases.Kinases_MCCE.Trial02.run_holo.3UE4_GLU-1A0238_005
ForkPoolWorker-5: Calling delphi to calculate conformer (20/601) ARG01A0239_001 in /tmp/pbe_data.data.home.granepura.5-Kinases.Kinases_MCCE.Trial02.run_holo.3UE4_ARG01A0239_001
ForkPoolWorker-4: Calling delphi to calculate conformer (21/601) ARG02A0239_002 in /tmp/pbe_data.data.home.granepura.5-Kinases.Kinases_MCCE.Trial02.run_holo.3UE4_ARG02A0239_002
ForkPoolWorker-1: Calling delphi to calculate conformer (22/601) ARG02A0239_003 in /tmp/pbe_data.data.home.granepura.5-Kinases.Kinases_MCCE.Trial02.run_holo.3UE4_ARG02A0239_003
ForkPoolWorker-3: Calling delphi to calculate conformer (23/601) ARG03A0239_004 in /tmp/pbe_data.data.home.granepura.5-Kinases.Kinases_MCCE.Trial02.run_holo.3UE4_ARG03A0239_004
ForkPoolWorker-2: Calling delphi to calculate conformer (24/601) ARG03A0239_005 in /tmp/pbe_data.data.home.granepura.5-Kinases.Kinases_MCCE.Trial02.run_holo.3UE4_ARG03A0239_005
ForkPoolWorker-5: Calling delphi to calculate conformer (25/601) ARG+1A0239_006 in /tmp/pbe_data.data.home.granepura.5-Kinases.Kinases_MCCE.Trial02.run_holo.3UE4_ARG+1A0239_006
ForkPoolWorker-4: Calling delphi to calculate conformer (26/601) THR01A0240_001 in /tmp/pbe_data.data.home.granepura.5-Kinases.Kinases_MCCE.Trial02.run_holo.3UE4_THR01A0240_001
ForkPoolWorker-1: Calling delphi to calculate conformer (27/601) THR01A0240_002 in /tmp/pbe_data.data.home.granepura.5-Kinases.Kinases_MCCE.Trial02.run_holo.3UE4_THR01A0240_002
ForkPoolWorker-3: Calling delphi to calculate conformer (28/601) ASP01A0241_001 in /tmp/pbe_data.data.home.granepura.5-Kinases.Kinases_MCCE.Trial02.run_holo.3UE4_ASP01A0241_001
ForkPoolWorker-2: Calling delphi to calculate conformer (29/601) ASP01A0241_002 in /tmp/pbe_data.data.home.granepura.5-Kinases.Kinases_MCCE.Trial02.run_holo.3UE4_ASP01A0241_002
ForkPoolWorker-4: Calling delphi to calculate conformer (30/601) ASP02A0241_003 in /tmp/pbe_data.data.home.granepura.5-Kinases.Kinases_MCCE.Trial02.run_holo.3UE4_ASP02A0241_003
ForkPoolWorker-5: Calling delphi to calculate conformer (31/601) ASP02A0241_004 in /tmp/pbe_data.data.home.granepura.5-Kinases.Kinases_MCCE.Trial02.run_holo.3UE4_ASP02A0241_004
ForkPoolWorker-1: Calling delphi to calculate conformer (32/601) ASP-1A0241_005 in /tmp/pbe_data.data.home.granepura.5-Kinases.Kinases_MCCE.Trial02.run_holo.3UE4_ASP-1A0241_005
Skipping PBE solver for non-charge conformer (33/601) ILE01A0242_001...
ForkPoolWorker-3: Calling delphi to calculate conformer (34/601) THR01A0243_001 in /tmp/pbe_data.data.home.granepura.5-Kinases.Kinases_MCCE.Trial02.run_holo.3UE4_THR01A0243_001
ForkPoolWorker-2: Calling delphi to calculate conformer (35/601) MET01A0244_001 in /tmp/pbe_data.data.home.granepura.5-Kinases.Kinases_MCCE.Trial02.run_holo.3UE4_MET01A0244_001
ForkPoolWorker-4: Calling delphi to calculate conformer (36/601) LYS01A0245_001 in /tmp/pbe_data.data.home.granepura.5-Kinases.Kinases_MCCE.Trial02.run_holo.3UE4_LYS01A0245_001
ForkPoolWorker-5: Calling delphi to calculate conformer (37/601) LYS+1A0245_002 in /tmp/pbe_data.data.home.granepura.5-Kinases.Kinases_MCCE.Trial02.run_holo.3UE4_LYS+1A0245_002
ForkPoolWorker-1: Calling delphi to calculate conformer (38/601) HIS01A0246_001 in /tmp/pbe_data.data.home.granepura.5-Kinases.Kinases_MCCE.Trial02.run_holo.3UE4_HIS01A0246_001
ForkPoolWorker-3: Calling delphi to calculate conformer (39/601) HIS01A0246_002 in /tmp/pbe_data.data.home.granepura.5-Kinases.Kinases_MCCE.Trial02.run_holo.3UE4_HIS01A0246_002
ForkPoolWorker-4: Calling delphi to calculate conformer (40/601) HIS02A0246_003 in /tmp/pbe_data.data.home.granepura.5-Kinases.Kinases_MCCE.Trial02.run_holo.3UE4_HIS02A0246_003
ForkPoolWorker-2: Calling delphi to calculate conformer (42/601) HIS+1A0246_005 in /tmp/pbe_data.data.home.granepura.5-Kinases.Kinases_MCCE.Trial02.run_holo.3UE4_HIS+1A0246_005
ForkPoolWorker-5: Calling delphi to calculate conformer (41/601) HIS02A0246_004 in /tmp/pbe_data.data.home.granepura.5-Kinases.Kinases_MCCE.Trial02.run_holo.3UE4_HIS02A0246_004
ForkPoolWorker-1: Calling delphi to calculate conformer (43/601) HIS+1A0246_006 in /tmp/pbe_data.data.home.granepura.5-Kinases.Kinases_MCCE.Trial02.run_holo.3UE4_HIS+1A0246_006
ForkPoolWorker-3: Calling delphi to calculate conformer (44/601) LYS01A0247_001 in /tmp/pbe_data.data.home.granepura.5-Kinases.Kinases_MCCE.Trial02.run_holo.3UE4_LYS01A0247_001
Skipping PBE solver for non-charge conformer (46/601) LEU01A0248_001...
ForkPoolWorker-5: Calling delphi to calculate conformer (47/601) GLN01A0252_001 in /tmp/pbe_data.data.home.granepura.5-Kinases.Kinases_MCCE.Trial02.run_holo.3UE4_GLN01A0252_001
ForkPoolWorker-2: Calling delphi to calculate conformer (45/601) LYS+1A0247_002 in /tmp/pbe_data.data.home.granepura.5-Kinases.Kinases_MCCE.Trial02.run_holo.3UE4_LYS+1A0247_002
ForkPoolWorker-4: Calling delphi to calculate conformer (48/601) TYR01A0253_001 in /tmp/pbe_data.data.home.granepura.5-Kinases.Kinases_MCCE.Trial02.run_holo.3UE4_TYR01A0253_001
ForkPoolWorker-1: Calling delphi to calculate conformer (49/601) TYR-1A0253_002 in /tmp/pbe_data.data.home.granepura.5-Kinases.Kinases_MCCE.Trial02.run_holo.3UE4_TYR-1A0253_002
ForkPoolWorker-3: Calling delphi to calculate conformer (50/601) GLU01A0255_001 in /tmp/pbe_data.data.home.granepura.5-Kinases.Kinases_MCCE.Trial02.run_holo.3UE4_GLU01A0255_001
ForkPoolWorker-2: Calling delphi to calculate conformer (51/601) GLU01A0255_002 in /tmp/pbe_data.data.home.granepura.5-Kinases.Kinases_MCCE.Trial02.run_holo.3UE4_GLU01A0255_002
ForkPoolWorker-5: Calling delphi to calculate conformer (52/601) GLU02A0255_003 in /tmp/pbe_data.data.home.granepura.5-Kinases.Kinases_MCCE.Trial02.run_holo.3UE4_GLU02A0255_003
ForkPoolWorker-4: Calling delphi to calculate conformer (53/601) GLU02A0255_004 in /tmp/pbe_data.data.home.granepura.5-Kinases.Kinases_MCCE.Trial02.run_holo.3UE4_GLU02A0255_004
ForkPoolWorker-1: Calling delphi to calculate conformer (54/601) GLU-1A0255_005 in /tmp/pbe_data.data.home.granepura.5-Kinases.Kinases_MCCE.Trial02.run_holo.3UE4_GLU-1A0255_005
Skipping PBE solver for non-charge conformer (55/601) VAL01A0256_001...
ForkPoolWorker-3: Calling delphi to calculate conformer (56/601) TYR01A0257_001 in /tmp/pbe_data.data.home.granepura.5-Kinases.Kinases_MCCE.Trial02.run_holo.3UE4_TYR01A0257_001
ForkPoolWorker-4: Calling delphi to calculate conformer (57/601) TYR01A0257_002 in /tmp/pbe_data.data.home.granepura.5-Kinases.Kinases_MCCE.Trial02.run_holo.3UE4_TYR01A0257_002
ForkPoolWorker-2: Calling delphi to calculate conformer (58/601) TYR-1A0257_003 in /tmp/pbe_data.data.home.granepura.5-Kinases.Kinases_MCCE.Trial02.run_holo.3UE4_TYR-1A0257_003
ForkPoolWorker-5: Calling delphi to calculate conformer (59/601) GLU01A0258_001 in /tmp/pbe_data.data.home.granepura.5-Kinases.Kinases_MCCE.Trial02.run_holo.3UE4_GLU01A0258_001
ForkPoolWorker-1: Calling delphi to calculate conformer (60/601) GLU01A0258_002 in /tmp/pbe_data.data.home.granepura.5-Kinases.Kinases_MCCE.Trial02.run_holo.3UE4_GLU01A0258_002
ForkPoolWorker-3: Calling delphi to calculate conformer (61/601) GLU02A0258_003 in /tmp/pbe_data.data.home.granepura.5-Kinases.Kinases_MCCE.Trial02.run_holo.3UE4_GLU02A0258_003
ForkPoolWorker-4: Calling delphi to calculate conformer (62/601) GLU02A0258_004 in /tmp/pbe_data.data.home.granepura.5-Kinases.Kinases_MCCE.Trial02.run_holo.3UE4_GLU02A0258_004
ForkPoolWorker-5: Calling delphi to calculate conformer (63/601) GLU-1A0258_005 in /tmp/pbe_data.data.home.granepura.5-Kinases.Kinases_MCCE.Trial02.run_holo.3UE4_GLU-1A0258_005
Skipping PBE solver for non-charge conformer (64/601) VAL01A0260_001...
Skipping PBE solver for non-charge conformer (65/601) TRP01A0261_001...
ForkPoolWorker-2: Calling delphi to calculate conformer (66/601) LYS01A0262_001 in /tmp/pbe_data.data.home.granepura.5-Kinases.Kinases_MCCE.Trial02.run_holo.3UE4_LYS01A0262_001
ForkPoolWorker-5: Calling delphi to calculate conformer (67/601) LYS+1A0262_002 in /tmp/pbe_data.data.home.granepura.5-Kinases.Kinases_MCCE.Trial02.run_holo.3UE4_LYS+1A0262_002
ForkPoolWorker-1: Calling delphi to calculate conformer (68/601) LYS01A0263_001 in /tmp/pbe_data.data.home.granepura.5-Kinases.Kinases_MCCE.Trial02.run_holo.3UE4_LYS01A0263_001
ForkPoolWorker-3: Calling delphi to calculate conformer (69/601) LYS+1A0263_002 in /tmp/pbe_data.data.home.granepura.5-Kinases.Kinases_MCCE.Trial02.run_holo.3UE4_LYS+1A0263_002
ForkPoolWorker-4: Calling delphi to calculate conformer (70/601) TYR01A0264_001 in /tmp/pbe_data.data.home.granepura.5-Kinases.Kinases_MCCE.Trial02.run_holo.3UE4_TYR01A0264_001
ForkPoolWorker-2: Calling delphi to calculate conformer (71/601) TYR01A0264_002 in /tmp/pbe_data.data.home.granepura.5-Kinases.Kinases_MCCE.Trial02.run_holo.3UE4_TYR01A0264_002
ForkPoolWorker-1: Calling delphi to calculate conformer (72/601) TYR-1A0264_003 in /tmp/pbe_data.data.home.granepura.5-Kinases.Kinases_MCCE.Trial02.run_holo.3UE4_TYR-1A0264_003
ForkPoolWorker-5: Calling delphi to calculate conformer (73/601) SER01A0265_001 in /tmp/pbe_data.data.home.granepura.5-Kinases.Kinases_MCCE.Trial02.run_holo.3UE4_SER01A0265_001
Skipping PBE solver for non-charge conformer (74/601) LEU01A0266_001...
ForkPoolWorker-4: Calling delphi to calculate conformer (75/601) THR01A0267_001 in /tmp/pbe_data.data.home.granepura.5-Kinases.Kinases_MCCE.Trial02.run_holo.3UE4_THR01A0267_001
Skipping PBE solver for non-charge conformer (76/601) VAL01A0268_001...
Skipping PBE solver for non-charge conformer (77/601) ALA01A0269_001...
Skipping PBE solver for non-charge conformer (78/601) VAL01A0270_001...
ForkPoolWorker-3: Calling delphi to calculate conformer (79/601) LYS01A0271_001 in /tmp/pbe_data.data.home.granepura.5-Kinases.Kinases_MCCE.Trial02.run_holo.3UE4_LYS01A0271_001
ForkPoolWorker-2: Calling delphi to calculate conformer (80/601) LYS+1A0271_002 in /tmp/pbe_data.data.home.granepura.5-Kinases.Kinases_MCCE.Trial02.run_holo.3UE4_LYS+1A0271_002
ForkPoolWorker-5: Calling delphi to calculate conformer (81/601) THR01A0272_001 in /tmp/pbe_data.data.home.granepura.5-Kinases.Kinases_MCCE.Trial02.run_holo.3UE4_THR01A0272_001
ForkPoolWorker-1: Calling delphi to calculate conformer (82/601) THR01A0272_002 in /tmp/pbe_data.data.home.granepura.5-Kinases.Kinases_MCCE.Trial02.run_holo.3UE4_THR01A0272_002
Skipping PBE solver for non-charge conformer (83/601) LEU01A0273_001...
ForkPoolWorker-4: Calling delphi to calculate conformer (84/601) LYS01A0274_001 in /tmp/pbe_data.data.home.granepura.5-Kinases.Kinases_MCCE.Trial02.run_holo.3UE4_LYS01A0274_001
ForkPoolWorker-2: Calling delphi to calculate conformer (85/601) LYS+1A0274_002 in /tmp/pbe_data.data.home.granepura.5-Kinases.Kinases_MCCE.Trial02.run_holo.3UE4_LYS+1A0274_002
ForkPoolWorker-3: Calling delphi to calculate conformer (86/601) GLU01A0275_001 in /tmp/pbe_data.data.home.granepura.5-Kinases.Kinases_MCCE.Trial02.run_holo.3UE4_GLU01A0275_001
ForkPoolWorker-5: Calling delphi to calculate conformer (87/601) GLU01A0275_002 in /tmp/pbe_data.data.home.granepura.5-Kinases.Kinases_MCCE.Trial02.run_holo.3UE4_GLU01A0275_002
ForkPoolWorker-1: Calling delphi to calculate conformer (88/601) GLU02A0275_003 in /tmp/pbe_data.data.home.granepura.5-Kinases.Kinases_MCCE.Trial02.run_holo.3UE4_GLU02A0275_003
ForkPoolWorker-3: Calling delphi to calculate conformer (89/601) GLU02A0275_004 in /tmp/pbe_data.data.home.granepura.5-Kinases.Kinases_MCCE.Trial02.run_holo.3UE4_GLU02A0275_004
ForkPoolWorker-4: Calling delphi to calculate conformer (90/601) GLU-1A0275_005 in /tmp/pbe_data.data.home.granepura.5-Kinases.Kinases_MCCE.Trial02.run_holo.3UE4_GLU-1A0275_005
ForkPoolWorker-2: Calling delphi to calculate conformer (91/601) ASP01A0276_001 in /tmp/pbe_data.data.home.granepura.5-Kinases.Kinases_MCCE.Trial02.run_holo.3UE4_ASP01A0276_001
ForkPoolWorker-5: Calling delphi to calculate conformer (92/601) ASP01A0276_002 in /tmp/pbe_data.data.home.granepura.5-Kinases.Kinases_MCCE.Trial02.run_holo.3UE4_ASP01A0276_002
ForkPoolWorker-1: Calling delphi to calculate conformer (93/601) ASP02A0276_003 in /tmp/pbe_data.data.home.granepura.5-Kinases.Kinases_MCCE.Trial02.run_holo.3UE4_ASP02A0276_003
ForkPoolWorker-4: Calling delphi to calculate conformer (94/601) ASP02A0276_004 in /tmp/pbe_data.data.home.granepura.5-Kinases.Kinases_MCCE.Trial02.run_holo.3UE4_ASP02A0276_004
ForkPoolWorker-3: Calling delphi to calculate conformer (95/601) ASP-1A0276_005 in /tmp/pbe_data.data.home.granepura.5-Kinases.Kinases_MCCE.Trial02.run_holo.3UE4_ASP-1A0276_005
ForkPoolWorker-2: Calling delphi to calculate conformer (96/601) THR01A0277_001 in /tmp/pbe_data.data.home.granepura.5-Kinases.Kinases_MCCE.Trial02.run_holo.3UE4_THR01A0277_001
ForkPoolWorker-1: Calling delphi to calculate conformer (97/601) THR01A0277_002 in /tmp/pbe_data.data.home.granepura.5-Kinases.Kinases_MCCE.Trial02.run_holo.3UE4_THR01A0277_002
ForkPoolWorker-5: Calling delphi to calculate conformer (98/601) MET01A0278_001 in /tmp/pbe_data.data.home.granepura.5-Kinases.Kinases_MCCE.Trial02.run_holo.3UE4_MET01A0278_001
ForkPoolWorker-3: Calling delphi to calculate conformer (99/601) GLU01A0279_001 in /tmp/pbe_data.data.home.granepura.5-Kinases.Kinases_MCCE.Trial02.run_holo.3UE4_GLU01A0279_001
ForkPoolWorker-4: Calling delphi to calculate conformer (100/601) GLU01A0279_002 in /tmp/pbe_data.data.home.granepura.5-Kinases.Kinases_MCCE.Trial02.run_holo.3UE4_GLU01A0279_002
ForkPoolWorker-2: Calling delphi to calculate conformer (101/601) GLU02A0279_003 in /tmp/pbe_data.data.home.granepura.5-Kinases.Kinases_MCCE.Trial02.run_holo.3UE4_GLU02A0279_003
ForkPoolWorker-1: Calling delphi to calculate conformer (102/601) GLU02A0279_004 in /tmp/pbe_data.data.home.granepura.5-Kinases.Kinases_MCCE.Trial02.run_holo.3UE4_GLU02A0279_004
ForkPoolWorker-5: Calling delphi to calculate conformer (103/601) GLU-1A0279_005 in /tmp/pbe_data.data.home.granepura.5-Kinases.Kinases_MCCE.Trial02.run_holo.3UE4_GLU-1A0279_005
Skipping PBE solver for non-charge conformer (104/601) VAL01A0280_001...
ForkPoolWorker-3: Calling delphi to calculate conformer (105/601) GLU01A0281_001 in /tmp/pbe_data.data.home.granepura.5-Kinases.Kinases_MCCE.Trial02.run_holo.3UE4_GLU01A0281_001
ForkPoolWorker-4: Calling delphi to calculate conformer (106/601) GLU01A0281_002 in /tmp/pbe_data.data.home.granepura.5-Kinases.Kinases_MCCE.Trial02.run_holo.3UE4_GLU01A0281_002
ForkPoolWorker-2: Calling delphi to calculate conformer (107/601) GLU02A0281_003 in /tmp/pbe_data.data.home.granepura.5-Kinases.Kinases_MCCE.Trial02.run_holo.3UE4_GLU02A0281_003
ForkPoolWorker-5: Calling delphi to calculate conformer (108/601) GLU02A0281_004 in /tmp/pbe_data.data.home.granepura.5-Kinases.Kinases_MCCE.Trial02.run_holo.3UE4_GLU02A0281_004
ForkPoolWorker-1: Calling delphi to calculate conformer (109/601) GLU-1A0281_005 in /tmp/pbe_data.data.home.granepura.5-Kinases.Kinases_MCCE.Trial02.run_holo.3UE4_GLU-1A0281_005
ForkPoolWorker-4: Calling delphi to calculate conformer (110/601) GLU01A0282_001 in /tmp/pbe_data.data.home.granepura.5-Kinases.Kinases_MCCE.Trial02.run_holo.3UE4_GLU01A0282_001
ForkPoolWorker-3: Calling delphi to calculate conformer (111/601) GLU01A0282_002 in /tmp/pbe_data.data.home.granepura.5-Kinases.Kinases_MCCE.Trial02.run_holo.3UE4_GLU01A0282_002
ForkPoolWorker-2: Calling delphi to calculate conformer (112/601) GLU02A0282_003 in /tmp/pbe_data.data.home.granepura.5-Kinases.Kinases_MCCE.Trial02.run_holo.3UE4_GLU02A0282_003
ForkPoolWorker-5: Calling delphi to calculate conformer (113/601) GLU02A0282_004 in /tmp/pbe_data.data.home.granepura.5-Kinases.Kinases_MCCE.Trial02.run_holo.3UE4_GLU02A0282_004
ForkPoolWorker-1: Calling delphi to calculate conformer (114/601) GLU-1A0282_005 in /tmp/pbe_data.data.home.granepura.5-Kinases.Kinases_MCCE.Trial02.run_holo.3UE4_GLU-1A0282_005
Skipping PBE solver for non-charge conformer (115/601) PHE01A0283_001...
Skipping PBE solver for non-charge conformer (116/601) LEU01A0284_001...
ForkPoolWorker-3: Calling delphi to calculate conformer (117/601) LYS01A0285_001 in /tmp/pbe_data.data.home.granepura.5-Kinases.Kinases_MCCE.Trial02.run_holo.3UE4_LYS01A0285_001
ForkPoolWorker-4: Calling delphi to calculate conformer (118/601) LYS+1A0285_002 in /tmp/pbe_data.data.home.granepura.5-Kinases.Kinases_MCCE.Trial02.run_holo.3UE4_LYS+1A0285_002
ForkPoolWorker-2: Calling delphi to calculate conformer (119/601) GLU01A0286_001 in /tmp/pbe_data.data.home.granepura.5-Kinases.Kinases_MCCE.Trial02.run_holo.3UE4_GLU01A0286_001
ForkPoolWorker-5: Calling delphi to calculate conformer (120/601) GLU01A0286_002 in /tmp/pbe_data.data.home.granepura.5-Kinases.Kinases_MCCE.Trial02.run_holo.3UE4_GLU01A0286_002
ForkPoolWorker-1: Calling delphi to calculate conformer (121/601) GLU02A0286_003 in /tmp/pbe_data.data.home.granepura.5-Kinases.Kinases_MCCE.Trial02.run_holo.3UE4_GLU02A0286_003
ForkPoolWorker-3: Calling delphi to calculate conformer (122/601) GLU02A0286_004 in /tmp/pbe_data.data.home.granepura.5-Kinases.Kinases_MCCE.Trial02.run_holo.3UE4_GLU02A0286_004
ForkPoolWorker-4: Calling delphi to calculate conformer (123/601) GLU-1A0286_005 in /tmp/pbe_data.data.home.granepura.5-Kinases.Kinases_MCCE.Trial02.run_holo.3UE4_GLU-1A0286_005
Skipping PBE solver for non-charge conformer (124/601) ALA01A0287_001...
Skipping PBE solver for non-charge conformer (125/601) ALA01A0288_001...
Skipping PBE solver for non-charge conformer (126/601) VAL01A0289_001...
ForkPoolWorker-2: Calling delphi to calculate conformer (127/601) MET01A0290_001 in /tmp/pbe_data.data.home.granepura.5-Kinases.Kinases_MCCE.Trial02.run_holo.3UE4_MET01A0290_001
ForkPoolWorker-5: Calling delphi to calculate conformer (128/601) LYS01A0291_001 in /tmp/pbe_data.data.home.granepura.5-Kinases.Kinases_MCCE.Trial02.run_holo.3UE4_LYS01A0291_001
ForkPoolWorker-1: Calling delphi to calculate conformer (129/601) LYS+1A0291_002 in /tmp/pbe_data.data.home.granepura.5-Kinases.Kinases_MCCE.Trial02.run_holo.3UE4_LYS+1A0291_002
ForkPoolWorker-3: Calling delphi to calculate conformer (130/601) GLU01A0292_001 in /tmp/pbe_data.data.home.granepura.5-Kinases.Kinases_MCCE.Trial02.run_holo.3UE4_GLU01A0292_001
ForkPoolWorker-4: Calling delphi to calculate conformer (131/601) GLU01A0292_002 in /tmp/pbe_data.data.home.granepura.5-Kinases.Kinases_MCCE.Trial02.run_holo.3UE4_GLU01A0292_002
ForkPoolWorker-2: Calling delphi to calculate conformer (132/601) GLU02A0292_003 in /tmp/pbe_data.data.home.granepura.5-Kinases.Kinases_MCCE.Trial02.run_holo.3UE4_GLU02A0292_003
ForkPoolWorker-5: Calling delphi to calculate conformer (133/601) GLU02A0292_004 in /tmp/pbe_data.data.home.granepura.5-Kinases.Kinases_MCCE.Trial02.run_holo.3UE4_GLU02A0292_004
ForkPoolWorker-1: Calling delphi to calculate conformer (134/601) GLU-1A0292_005 in /tmp/pbe_data.data.home.granepura.5-Kinases.Kinases_MCCE.Trial02.run_holo.3UE4_GLU-1A0292_005
Skipping PBE solver for non-charge conformer (135/601) ILE01A0293_001...
ForkPoolWorker-3: Calling delphi to calculate conformer (136/601) LYS01A0294_001 in /tmp/pbe_data.data.home.granepura.5-Kinases.Kinases_MCCE.Trial02.run_holo.3UE4_LYS01A0294_001
ForkPoolWorker-4: Calling delphi to calculate conformer (137/601) LYS+1A0294_002 in /tmp/pbe_data.data.home.granepura.5-Kinases.Kinases_MCCE.Trial02.run_holo.3UE4_LYS+1A0294_002
ForkPoolWorker-2: Calling delphi to calculate conformer (138/601) HIS01A0295_001 in /tmp/pbe_data.data.home.granepura.5-Kinases.Kinases_MCCE.Trial02.run_holo.3UE4_HIS01A0295_001
ForkPoolWorker-1: Calling delphi to calculate conformer (139/601) HIS01A0295_002 in /tmp/pbe_data.data.home.granepura.5-Kinases.Kinases_MCCE.Trial02.run_holo.3UE4_HIS01A0295_002
ForkPoolWorker-5: Calling delphi to calculate conformer (140/601) HIS02A0295_003 in /tmp/pbe_data.data.home.granepura.5-Kinases.Kinases_MCCE.Trial02.run_holo.3UE4_HIS02A0295_003
ForkPoolWorker-3: Calling delphi to calculate conformer (141/601) HIS02A0295_004 in /tmp/pbe_data.data.home.granepura.5-Kinases.Kinases_MCCE.Trial02.run_holo.3UE4_HIS02A0295_004
ForkPoolWorker-4: Calling delphi to calculate conformer (142/601) HIS+1A0295_005 in /tmp/pbe_data.data.home.granepura.5-Kinases.Kinases_MCCE.Trial02.run_holo.3UE4_HIS+1A0295_005
ForkPoolWorker-2: Calling delphi to calculate conformer (143/601) HIS+1A0295_006 in /tmp/pbe_data.data.home.granepura.5-Kinases.Kinases_MCCE.Trial02.run_holo.3UE4_HIS+1A0295_006
Skipping PBE solver for non-charge conformer (144/601) PRO01A0296_001...
ForkPoolWorker-1: Calling delphi to calculate conformer (145/601) ASN01A0297_001 in /tmp/pbe_data.data.home.granepura.5-Kinases.Kinases_MCCE.Trial02.run_holo.3UE4_ASN01A0297_001
ForkPoolWorker-5: Calling delphi to calculate conformer (146/601) ASN01A0297_002 in /tmp/pbe_data.data.home.granepura.5-Kinases.Kinases_MCCE.Trial02.run_holo.3UE4_ASN01A0297_002
Skipping PBE solver for non-charge conformer (147/601) LEU01A0298_001...
Skipping PBE solver for non-charge conformer (148/601) VAL01A0299_001...
ForkPoolWorker-3: Calling delphi to calculate conformer (149/601) GLN01A0300_001 in /tmp/pbe_data.data.home.granepura.5-Kinases.Kinases_MCCE.Trial02.run_holo.3UE4_GLN01A0300_001
ForkPoolWorker-4: Calling delphi to calculate conformer (150/601) GLN01A0300_002 in /tmp/pbe_data.data.home.granepura.5-Kinases.Kinases_MCCE.Trial02.run_holo.3UE4_GLN01A0300_002
Skipping PBE solver for non-charge conformer (151/601) LEU01A0301_001...
Skipping PBE solver for non-charge conformer (152/601) LEU01A0302_001...
Skipping PBE solver for non-charge conformer (153/601) VAL01A0304_001...
ForkPoolWorker-2: Calling delphi to calculate conformer (154/601) CYS01A0305_001 in /tmp/pbe_data.data.home.granepura.5-Kinases.Kinases_MCCE.Trial02.run_holo.3UE4_CYS01A0305_001
ForkPoolWorker-1: Calling delphi to calculate conformer (155/601) CYS01A0305_002 in /tmp/pbe_data.data.home.granepura.5-Kinases.Kinases_MCCE.Trial02.run_holo.3UE4_CYS01A0305_002
ForkPoolWorker-5: Calling delphi to calculate conformer (156/601) CYS01A0305_003 in /tmp/pbe_data.data.home.granepura.5-Kinases.Kinases_MCCE.Trial02.run_holo.3UE4_CYS01A0305_003
ForkPoolWorker-3: Calling delphi to calculate conformer (157/601) CYS-1A0305_004 in /tmp/pbe_data.data.home.granepura.5-Kinases.Kinases_MCCE.Trial02.run_holo.3UE4_CYS-1A0305_004
ForkPoolWorker-2: Calling delphi to calculate conformer (158/601) THR01A0306_001 in /tmp/pbe_data.data.home.granepura.5-Kinases.Kinases_MCCE.Trial02.run_holo.3UE4_THR01A0306_001
ForkPoolWorker-4: Calling delphi to calculate conformer (159/601) THR01A0306_002 in /tmp/pbe_data.data.home.granepura.5-Kinases.Kinases_MCCE.Trial02.run_holo.3UE4_THR01A0306_002
ForkPoolWorker-1: Calling delphi to calculate conformer (160/601) ARG01A0307_001 in /tmp/pbe_data.data.home.granepura.5-Kinases.Kinases_MCCE.Trial02.run_holo.3UE4_ARG01A0307_001
ForkPoolWorker-5: Calling delphi to calculate conformer (161/601) ARG02A0307_002 in /tmp/pbe_data.data.home.granepura.5-Kinases.Kinases_MCCE.Trial02.run_holo.3UE4_ARG02A0307_002
ForkPoolWorker-3: Calling delphi to calculate conformer (162/601) ARG03A0307_003 in /tmp/pbe_data.data.home.granepura.5-Kinases.Kinases_MCCE.Trial02.run_holo.3UE4_ARG03A0307_003
ForkPoolWorker-2: Calling delphi to calculate conformer (163/601) ARG+1A0307_004 in /tmp/pbe_data.data.home.granepura.5-Kinases.Kinases_MCCE.Trial02.run_holo.3UE4_ARG+1A0307_004
ForkPoolWorker-4: Calling delphi to calculate conformer (164/601) GLU01A0308_001 in /tmp/pbe_data.data.home.granepura.5-Kinases.Kinases_MCCE.Trial02.run_holo.3UE4_GLU01A0308_001
ForkPoolWorker-1: Calling delphi to calculate conformer (165/601) GLU01A0308_002 in /tmp/pbe_data.data.home.granepura.5-Kinases.Kinases_MCCE.Trial02.run_holo.3UE4_GLU01A0308_002
ForkPoolWorker-5: Calling delphi to calculate conformer (166/601) GLU01A0308_003 in /tmp/pbe_data.data.home.granepura.5-Kinases.Kinases_MCCE.Trial02.run_holo.3UE4_GLU01A0308_003
ForkPoolWorker-3: Calling delphi to calculate conformer (167/601) GLU01A0308_004 in /tmp/pbe_data.data.home.granepura.5-Kinases.Kinases_MCCE.Trial02.run_holo.3UE4_GLU01A0308_004
ForkPoolWorker-2: Calling delphi to calculate conformer (168/601) GLU02A0308_005 in /tmp/pbe_data.data.home.granepura.5-Kinases.Kinases_MCCE.Trial02.run_holo.3UE4_GLU02A0308_005
ForkPoolWorker-4: Calling delphi to calculate conformer (169/601) GLU02A0308_006 in /tmp/pbe_data.data.home.granepura.5-Kinases.Kinases_MCCE.Trial02.run_holo.3UE4_GLU02A0308_006
ForkPoolWorker-1: Calling delphi to calculate conformer (170/601) GLU02A0308_007 in /tmp/pbe_data.data.home.granepura.5-Kinases.Kinases_MCCE.Trial02.run_holo.3UE4_GLU02A0308_007
ForkPoolWorker-5: Calling delphi to calculate conformer (171/601) GLU02A0308_008 in /tmp/pbe_data.data.home.granepura.5-Kinases.Kinases_MCCE.Trial02.run_holo.3UE4_GLU02A0308_008
ForkPoolWorker-3: Calling delphi to calculate conformer (172/601) GLU-1A0308_009 in /tmp/pbe_data.data.home.granepura.5-Kinases.Kinases_MCCE.Trial02.run_holo.3UE4_GLU-1A0308_009
ForkPoolWorker-2: Calling delphi to calculate conformer (173/601) GLU-1A0308_010 in /tmp/pbe_data.data.home.granepura.5-Kinases.Kinases_MCCE.Trial02.run_holo.3UE4_GLU-1A0308_010
Skipping PBE solver for non-charge conformer (174/601) PRO01A0309_001...
Skipping PBE solver for non-charge conformer (175/601) PRO01A0310_001...
Skipping PBE solver for non-charge conformer (176/601) PHE01A0311_001...
ForkPoolWorker-4: Calling delphi to calculate conformer (177/601) TYR01A0312_001 in /tmp/pbe_data.data.home.granepura.5-Kinases.Kinases_MCCE.Trial02.run_holo.3UE4_TYR01A0312_001
ForkPoolWorker-1: Calling delphi to calculate conformer (178/601) TYR-1A0312_002 in /tmp/pbe_data.data.home.granepura.5-Kinases.Kinases_MCCE.Trial02.run_holo.3UE4_TYR-1A0312_002
Skipping PBE solver for non-charge conformer (179/601) ILE01A0313_001...
Skipping PBE solver for non-charge conformer (180/601) ILE01A0314_001...
ForkPoolWorker-5: Calling delphi to calculate conformer (181/601) THR01A0315_001 in /tmp/pbe_data.data.home.granepura.5-Kinases.Kinases_MCCE.Trial02.run_holo.3UE4_THR01A0315_001
ForkPoolWorker-3: Calling delphi to calculate conformer (182/601) THR01A0315_002 in /tmp/pbe_data.data.home.granepura.5-Kinases.Kinases_MCCE.Trial02.run_holo.3UE4_THR01A0315_002
ForkPoolWorker-2: Calling delphi to calculate conformer (183/601) THR01A0315_003 in /tmp/pbe_data.data.home.granepura.5-Kinases.Kinases_MCCE.Trial02.run_holo.3UE4_THR01A0315_003
ForkPoolWorker-4: Calling delphi to calculate conformer (184/601) GLU01A0316_001 in /tmp/pbe_data.data.home.granepura.5-Kinases.Kinases_MCCE.Trial02.run_holo.3UE4_GLU01A0316_001
ForkPoolWorker-1: Calling delphi to calculate conformer (185/601) GLU01A0316_002 in /tmp/pbe_data.data.home.granepura.5-Kinases.Kinases_MCCE.Trial02.run_holo.3UE4_GLU01A0316_002
ForkPoolWorker-5: Calling delphi to calculate conformer (186/601) GLU02A0316_003 in /tmp/pbe_data.data.home.granepura.5-Kinases.Kinases_MCCE.Trial02.run_holo.3UE4_GLU02A0316_003
ForkPoolWorker-3: Calling delphi to calculate conformer (187/601) GLU02A0316_004 in /tmp/pbe_data.data.home.granepura.5-Kinases.Kinases_MCCE.Trial02.run_holo.3UE4_GLU02A0316_004
ForkPoolWorker-2: Calling delphi to calculate conformer (188/601) GLU-1A0316_005 in /tmp/pbe_data.data.home.granepura.5-Kinases.Kinases_MCCE.Trial02.run_holo.3UE4_GLU-1A0316_005
Skipping PBE solver for non-charge conformer (189/601) PHE01A0317_001...
ForkPoolWorker-4: Calling delphi to calculate conformer (190/601) MET01A0318_001 in /tmp/pbe_data.data.home.granepura.5-Kinases.Kinases_MCCE.Trial02.run_holo.3UE4_MET01A0318_001
ForkPoolWorker-1: Calling delphi to calculate conformer (191/601) THR01A0319_001 in /tmp/pbe_data.data.home.granepura.5-Kinases.Kinases_MCCE.Trial02.run_holo.3UE4_THR01A0319_001
ForkPoolWorker-5: Calling delphi to calculate conformer (192/601) THR01A0319_002 in /tmp/pbe_data.data.home.granepura.5-Kinases.Kinases_MCCE.Trial02.run_holo.3UE4_THR01A0319_002
ForkPoolWorker-3: Calling delphi to calculate conformer (193/601) TYR01A0320_001 in /tmp/pbe_data.data.home.granepura.5-Kinases.Kinases_MCCE.Trial02.run_holo.3UE4_TYR01A0320_001
ForkPoolWorker-2: Calling delphi to calculate conformer (194/601) TYR01A0320_002 in /tmp/pbe_data.data.home.granepura.5-Kinases.Kinases_MCCE.Trial02.run_holo.3UE4_TYR01A0320_002
ForkPoolWorker-4: Calling delphi to calculate conformer (195/601) TYR-1A0320_003 in /tmp/pbe_data.data.home.granepura.5-Kinases.Kinases_MCCE.Trial02.run_holo.3UE4_TYR-1A0320_003
ForkPoolWorker-1: Calling delphi to calculate conformer (196/601) ASN01A0322_001 in /tmp/pbe_data.data.home.granepura.5-Kinases.Kinases_MCCE.Trial02.run_holo.3UE4_ASN01A0322_001
ForkPoolWorker-5: Calling delphi to calculate conformer (197/601) ASN01A0322_002 in /tmp/pbe_data.data.home.granepura.5-Kinases.Kinases_MCCE.Trial02.run_holo.3UE4_ASN01A0322_002
ForkPoolWorker-3: Calling delphi to calculate conformer (198/601) ASN01A0322_003 in /tmp/pbe_data.data.home.granepura.5-Kinases.Kinases_MCCE.Trial02.run_holo.3UE4_ASN01A0322_003
Skipping PBE solver for non-charge conformer (199/601) LEU01A0323_001...
Skipping PBE solver for non-charge conformer (200/601) LEU01A0324_001...
ForkPoolWorker-2: Calling delphi to calculate conformer (201/601) ASP01A0325_001 in /tmp/pbe_data.data.home.granepura.5-Kinases.Kinases_MCCE.Trial02.run_holo.3UE4_ASP01A0325_001
ForkPoolWorker-4: Calling delphi to calculate conformer (202/601) ASP01A0325_002 in /tmp/pbe_data.data.home.granepura.5-Kinases.Kinases_MCCE.Trial02.run_holo.3UE4_ASP01A0325_002
ForkPoolWorker-1: Calling delphi to calculate conformer (203/601) ASP02A0325_003 in /tmp/pbe_data.data.home.granepura.5-Kinases.Kinases_MCCE.Trial02.run_holo.3UE4_ASP02A0325_003
ForkPoolWorker-5: Calling delphi to calculate conformer (204/601) ASP02A0325_004 in /tmp/pbe_data.data.home.granepura.5-Kinases.Kinases_MCCE.Trial02.run_holo.3UE4_ASP02A0325_004
ForkPoolWorker-3: Calling delphi to calculate conformer (205/601) ASP-1A0325_005 in /tmp/pbe_data.data.home.granepura.5-Kinases.Kinases_MCCE.Trial02.run_holo.3UE4_ASP-1A0325_005
ForkPoolWorker-2: Calling delphi to calculate conformer (206/601) TYR01A0326_001 in /tmp/pbe_data.data.home.granepura.5-Kinases.Kinases_MCCE.Trial02.run_holo.3UE4_TYR01A0326_001
ForkPoolWorker-4: Calling delphi to calculate conformer (207/601) TYR01A0326_002 in /tmp/pbe_data.data.home.granepura.5-Kinases.Kinases_MCCE.Trial02.run_holo.3UE4_TYR01A0326_002
ForkPoolWorker-1: Calling delphi to calculate conformer (208/601) TYR-1A0326_003 in /tmp/pbe_data.data.home.granepura.5-Kinases.Kinases_MCCE.Trial02.run_holo.3UE4_TYR-1A0326_003
Skipping PBE solver for non-charge conformer (209/601) LEU01A0327_001...
ForkPoolWorker-5: Calling delphi to calculate conformer (210/601) ARG01A0328_001 in /tmp/pbe_data.data.home.granepura.5-Kinases.Kinases_MCCE.Trial02.run_holo.3UE4_ARG01A0328_001
ForkPoolWorker-3: Calling delphi to calculate conformer (211/601) ARG02A0328_002 in /tmp/pbe_data.data.home.granepura.5-Kinases.Kinases_MCCE.Trial02.run_holo.3UE4_ARG02A0328_002
ForkPoolWorker-2: Calling delphi to calculate conformer (212/601) ARG03A0328_003 in /tmp/pbe_data.data.home.granepura.5-Kinases.Kinases_MCCE.Trial02.run_holo.3UE4_ARG03A0328_003
ForkPoolWorker-4: Calling delphi to calculate conformer (213/601) ARG+1A0328_004 in /tmp/pbe_data.data.home.granepura.5-Kinases.Kinases_MCCE.Trial02.run_holo.3UE4_ARG+1A0328_004
ForkPoolWorker-1: Calling delphi to calculate conformer (214/601) GLU01A0329_001 in /tmp/pbe_data.data.home.granepura.5-Kinases.Kinases_MCCE.Trial02.run_holo.3UE4_GLU01A0329_001
ForkPoolWorker-5: Calling delphi to calculate conformer (215/601) GLU01A0329_002 in /tmp/pbe_data.data.home.granepura.5-Kinases.Kinases_MCCE.Trial02.run_holo.3UE4_GLU01A0329_002
ForkPoolWorker-3: Calling delphi to calculate conformer (216/601) GLU02A0329_003 in /tmp/pbe_data.data.home.granepura.5-Kinases.Kinases_MCCE.Trial02.run_holo.3UE4_GLU02A0329_003
ForkPoolWorker-2: Calling delphi to calculate conformer (217/601) GLU02A0329_004 in /tmp/pbe_data.data.home.granepura.5-Kinases.Kinases_MCCE.Trial02.run_holo.3UE4_GLU02A0329_004
ForkPoolWorker-4: Calling delphi to calculate conformer (218/601) GLU-1A0329_005 in /tmp/pbe_data.data.home.granepura.5-Kinases.Kinases_MCCE.Trial02.run_holo.3UE4_GLU-1A0329_005
ForkPoolWorker-1: Calling delphi to calculate conformer (219/601) CYS01A0330_001 in /tmp/pbe_data.data.home.granepura.5-Kinases.Kinases_MCCE.Trial02.run_holo.3UE4_CYS01A0330_001
ForkPoolWorker-5: Calling delphi to calculate conformer (220/601) CYS01A0330_002 in /tmp/pbe_data.data.home.granepura.5-Kinases.Kinases_MCCE.Trial02.run_holo.3UE4_CYS01A0330_002
ForkPoolWorker-3: Calling delphi to calculate conformer (221/601) CYS01A0330_003 in /tmp/pbe_data.data.home.granepura.5-Kinases.Kinases_MCCE.Trial02.run_holo.3UE4_CYS01A0330_003
ForkPoolWorker-2: Calling delphi to calculate conformer (222/601) CYS-1A0330_004 in /tmp/pbe_data.data.home.granepura.5-Kinases.Kinases_MCCE.Trial02.run_holo.3UE4_CYS-1A0330_004
ForkPoolWorker-4: Calling delphi to calculate conformer (223/601) ASN01A0331_001 in /tmp/pbe_data.data.home.granepura.5-Kinases.Kinases_MCCE.Trial02.run_holo.3UE4_ASN01A0331_001
ForkPoolWorker-1: Calling delphi to calculate conformer (224/601) ARG01A0332_001 in /tmp/pbe_data.data.home.granepura.5-Kinases.Kinases_MCCE.Trial02.run_holo.3UE4_ARG01A0332_001
ForkPoolWorker-5: Calling delphi to calculate conformer (225/601) ARG02A0332_002 in /tmp/pbe_data.data.home.granepura.5-Kinases.Kinases_MCCE.Trial02.run_holo.3UE4_ARG02A0332_002
ForkPoolWorker-3: Calling delphi to calculate conformer (226/601) ARG03A0332_003 in /tmp/pbe_data.data.home.granepura.5-Kinases.Kinases_MCCE.Trial02.run_holo.3UE4_ARG03A0332_003
ForkPoolWorker-2: Calling delphi to calculate conformer (227/601) ARG+1A0332_004 in /tmp/pbe_data.data.home.granepura.5-Kinases.Kinases_MCCE.Trial02.run_holo.3UE4_ARG+1A0332_004
ForkPoolWorker-4: Calling delphi to calculate conformer (228/601) GLN01A0333_001 in /tmp/pbe_data.data.home.granepura.5-Kinases.Kinases_MCCE.Trial02.run_holo.3UE4_GLN01A0333_001
ForkPoolWorker-1: Calling delphi to calculate conformer (229/601) GLN01A0333_002 in /tmp/pbe_data.data.home.granepura.5-Kinases.Kinases_MCCE.Trial02.run_holo.3UE4_GLN01A0333_002
ForkPoolWorker-5: Calling delphi to calculate conformer (230/601) GLU01A0334_001 in /tmp/pbe_data.data.home.granepura.5-Kinases.Kinases_MCCE.Trial02.run_holo.3UE4_GLU01A0334_001
ForkPoolWorker-3: Calling delphi to calculate conformer (231/601) GLU01A0334_002 in /tmp/pbe_data.data.home.granepura.5-Kinases.Kinases_MCCE.Trial02.run_holo.3UE4_GLU01A0334_002
ForkPoolWorker-2: Calling delphi to calculate conformer (232/601) GLU02A0334_003 in /tmp/pbe_data.data.home.granepura.5-Kinases.Kinases_MCCE.Trial02.run_holo.3UE4_GLU02A0334_003
ForkPoolWorker-4: Calling delphi to calculate conformer (233/601) GLU02A0334_004 in /tmp/pbe_data.data.home.granepura.5-Kinases.Kinases_MCCE.Trial02.run_holo.3UE4_GLU02A0334_004
ForkPoolWorker-1: Calling delphi to calculate conformer (234/601) GLU-1A0334_005 in /tmp/pbe_data.data.home.granepura.5-Kinases.Kinases_MCCE.Trial02.run_holo.3UE4_GLU-1A0334_005
Skipping PBE solver for non-charge conformer (235/601) VAL01A0335_001...
ForkPoolWorker-5: Calling delphi to calculate conformer (236/601) ASN01A0336_001 in /tmp/pbe_data.data.home.granepura.5-Kinases.Kinases_MCCE.Trial02.run_holo.3UE4_ASN01A0336_001
Skipping PBE solver for non-charge conformer (237/601) ALA01A0337_001...
Skipping PBE solver for non-charge conformer (238/601) VAL01A0338_001...
Skipping PBE solver for non-charge conformer (239/601) VAL01A0339_001...
Skipping PBE solver for non-charge conformer (240/601) LEU01A0340_001...
Skipping PBE solver for non-charge conformer (241/601) LEU01A0341_001...
ForkPoolWorker-3: Calling delphi to calculate conformer (242/601) TYR01A0342_001 in /tmp/pbe_data.data.home.granepura.5-Kinases.Kinases_MCCE.Trial02.run_holo.3UE4_TYR01A0342_001
ForkPoolWorker-2: Calling delphi to calculate conformer (243/601) TYR-1A0342_002 in /tmp/pbe_data.data.home.granepura.5-Kinases.Kinases_MCCE.Trial02.run_holo.3UE4_TYR-1A0342_002
ForkPoolWorker-4: Calling delphi to calculate conformer (244/601) MET01A0343_001 in /tmp/pbe_data.data.home.granepura.5-Kinases.Kinases_MCCE.Trial02.run_holo.3UE4_MET01A0343_001
Skipping PBE solver for non-charge conformer (245/601) ALA01A0344_001...
ForkPoolWorker-1: Calling delphi to calculate conformer (246/601) THR01A0345_001 in /tmp/pbe_data.data.home.granepura.5-Kinases.Kinases_MCCE.Trial02.run_holo.3UE4_THR01A0345_001
ForkPoolWorker-5: Calling delphi to calculate conformer (247/601) THR01A0345_002 in /tmp/pbe_data.data.home.granepura.5-Kinases.Kinases_MCCE.Trial02.run_holo.3UE4_THR01A0345_002
ForkPoolWorker-3: Calling delphi to calculate conformer (248/601) THR01A0345_003 in /tmp/pbe_data.data.home.granepura.5-Kinases.Kinases_MCCE.Trial02.run_holo.3UE4_THR01A0345_003
ForkPoolWorker-2: Calling delphi to calculate conformer (249/601) GLN01A0346_001 in /tmp/pbe_data.data.home.granepura.5-Kinases.Kinases_MCCE.Trial02.run_holo.3UE4_GLN01A0346_001
ForkPoolWorker-4: Calling delphi to calculate conformer (250/601) GLN01A0346_002 in /tmp/pbe_data.data.home.granepura.5-Kinases.Kinases_MCCE.Trial02.run_holo.3UE4_GLN01A0346_002
Skipping PBE solver for non-charge conformer (251/601) ILE01A0347_001...
ForkPoolWorker-1: Calling delphi to calculate conformer (252/601) SER01A0348_001 in /tmp/pbe_data.data.home.granepura.5-Kinases.Kinases_MCCE.Trial02.run_holo.3UE4_SER01A0348_001
ForkPoolWorker-5: Calling delphi to calculate conformer (253/601) SER01A0348_002 in /tmp/pbe_data.data.home.granepura.5-Kinases.Kinases_MCCE.Trial02.run_holo.3UE4_SER01A0348_002
ForkPoolWorker-3: Calling delphi to calculate conformer (254/601) SER01A0348_003 in /tmp/pbe_data.data.home.granepura.5-Kinases.Kinases_MCCE.Trial02.run_holo.3UE4_SER01A0348_003
ForkPoolWorker-2: Calling delphi to calculate conformer (255/601) SER01A0349_001 in /tmp/pbe_data.data.home.granepura.5-Kinases.Kinases_MCCE.Trial02.run_holo.3UE4_SER01A0349_001
ForkPoolWorker-4: Calling delphi to calculate conformer (256/601) SER01A0349_002 in /tmp/pbe_data.data.home.granepura.5-Kinases.Kinases_MCCE.Trial02.run_holo.3UE4_SER01A0349_002
ForkPoolWorker-1: Calling delphi to calculate conformer (257/601) SER01A0349_003 in /tmp/pbe_data.data.home.granepura.5-Kinases.Kinases_MCCE.Trial02.run_holo.3UE4_SER01A0349_003
ForkPoolWorker-5: Calling delphi to calculate conformer (258/601) SER01A0349_004 in /tmp/pbe_data.data.home.granepura.5-Kinases.Kinases_MCCE.Trial02.run_holo.3UE4_SER01A0349_004
Skipping PBE solver for non-charge conformer (259/601) ALA01A0350_001...
ForkPoolWorker-3: Calling delphi to calculate conformer (260/601) MET01A0351_001 in /tmp/pbe_data.data.home.granepura.5-Kinases.Kinases_MCCE.Trial02.run_holo.3UE4_MET01A0351_001
ForkPoolWorker-2: Calling delphi to calculate conformer (261/601) GLU01A0352_001 in /tmp/pbe_data.data.home.granepura.5-Kinases.Kinases_MCCE.Trial02.run_holo.3UE4_GLU01A0352_001
ForkPoolWorker-4: Calling delphi to calculate conformer (262/601) GLU01A0352_002 in /tmp/pbe_data.data.home.granepura.5-Kinases.Kinases_MCCE.Trial02.run_holo.3UE4_GLU01A0352_002
ForkPoolWorker-1: Calling delphi to calculate conformer (263/601) GLU02A0352_003 in /tmp/pbe_data.data.home.granepura.5-Kinases.Kinases_MCCE.Trial02.run_holo.3UE4_GLU02A0352_003
ForkPoolWorker-5: Calling delphi to calculate conformer (264/601) GLU02A0352_004 in /tmp/pbe_data.data.home.granepura.5-Kinases.Kinases_MCCE.Trial02.run_holo.3UE4_GLU02A0352_004
ForkPoolWorker-3: Calling delphi to calculate conformer (265/601) GLU-1A0352_005 in /tmp/pbe_data.data.home.granepura.5-Kinases.Kinases_MCCE.Trial02.run_holo.3UE4_GLU-1A0352_005
ForkPoolWorker-2: Calling delphi to calculate conformer (266/601) TYR01A0353_001 in /tmp/pbe_data.data.home.granepura.5-Kinases.Kinases_MCCE.Trial02.run_holo.3UE4_TYR01A0353_001
ForkPoolWorker-4: Calling delphi to calculate conformer (267/601) TYR-1A0353_002 in /tmp/pbe_data.data.home.granepura.5-Kinases.Kinases_MCCE.Trial02.run_holo.3UE4_TYR-1A0353_002
Skipping PBE solver for non-charge conformer (268/601) LEU01A0354_001...
ForkPoolWorker-1: Calling delphi to calculate conformer (269/601) GLU01A0355_001 in /tmp/pbe_data.data.home.granepura.5-Kinases.Kinases_MCCE.Trial02.run_holo.3UE4_GLU01A0355_001
ForkPoolWorker-5: Calling delphi to calculate conformer (270/601) GLU01A0355_002 in /tmp/pbe_data.data.home.granepura.5-Kinases.Kinases_MCCE.Trial02.run_holo.3UE4_GLU01A0355_002
ForkPoolWorker-3: Calling delphi to calculate conformer (271/601) GLU02A0355_003 in /tmp/pbe_data.data.home.granepura.5-Kinases.Kinases_MCCE.Trial02.run_holo.3UE4_GLU02A0355_003
ForkPoolWorker-2: Calling delphi to calculate conformer (272/601) GLU02A0355_004 in /tmp/pbe_data.data.home.granepura.5-Kinases.Kinases_MCCE.Trial02.run_holo.3UE4_GLU02A0355_004
ForkPoolWorker-4: Calling delphi to calculate conformer (273/601) GLU-1A0355_005 in /tmp/pbe_data.data.home.granepura.5-Kinases.Kinases_MCCE.Trial02.run_holo.3UE4_GLU-1A0355_005
ForkPoolWorker-1: Calling delphi to calculate conformer (274/601) LYS01A0356_001 in /tmp/pbe_data.data.home.granepura.5-Kinases.Kinases_MCCE.Trial02.run_holo.3UE4_LYS01A0356_001
ForkPoolWorker-5: Calling delphi to calculate conformer (275/601) LYS+1A0356_002 in /tmp/pbe_data.data.home.granepura.5-Kinases.Kinases_MCCE.Trial02.run_holo.3UE4_LYS+1A0356_002
ForkPoolWorker-3: Calling delphi to calculate conformer (276/601) LYS01A0357_001 in /tmp/pbe_data.data.home.granepura.5-Kinases.Kinases_MCCE.Trial02.run_holo.3UE4_LYS01A0357_001
ForkPoolWorker-4: Calling delphi to calculate conformer (277/601) LYS+1A0357_002 in /tmp/pbe_data.data.home.granepura.5-Kinases.Kinases_MCCE.Trial02.run_holo.3UE4_LYS+1A0357_002
ForkPoolWorker-2: Calling delphi to calculate conformer (278/601) ASN01A0358_001 in /tmp/pbe_data.data.home.granepura.5-Kinases.Kinases_MCCE.Trial02.run_holo.3UE4_ASN01A0358_001
ForkPoolWorker-1: Calling delphi to calculate conformer (279/601) ASN01A0358_002 in /tmp/pbe_data.data.home.granepura.5-Kinases.Kinases_MCCE.Trial02.run_holo.3UE4_ASN01A0358_002
Skipping PBE solver for non-charge conformer (280/601) PHE01A0359_001...
Skipping PBE solver for non-charge conformer (281/601) ILE01A0360_001...
ForkPoolWorker-5: Calling delphi to calculate conformer (282/601) HIS01A0361_001 in /tmp/pbe_data.data.home.granepura.5-Kinases.Kinases_MCCE.Trial02.run_holo.3UE4_HIS01A0361_001
ForkPoolWorker-3: Calling delphi to calculate conformer (283/601) HIS02A0361_002 in /tmp/pbe_data.data.home.granepura.5-Kinases.Kinases_MCCE.Trial02.run_holo.3UE4_HIS02A0361_002
ForkPoolWorker-4: Calling delphi to calculate conformer (284/601) HIS+1A0361_003 in /tmp/pbe_data.data.home.granepura.5-Kinases.Kinases_MCCE.Trial02.run_holo.3UE4_HIS+1A0361_003
ForkPoolWorker-2: Calling delphi to calculate conformer (285/601) ARG01A0362_001 in /tmp/pbe_data.data.home.granepura.5-Kinases.Kinases_MCCE.Trial02.run_holo.3UE4_ARG01A0362_001
ForkPoolWorker-1: Calling delphi to calculate conformer (286/601) ARG02A0362_002 in /tmp/pbe_data.data.home.granepura.5-Kinases.Kinases_MCCE.Trial02.run_holo.3UE4_ARG02A0362_002
ForkPoolWorker-5: Calling delphi to calculate conformer (287/601) ARG03A0362_003 in /tmp/pbe_data.data.home.granepura.5-Kinases.Kinases_MCCE.Trial02.run_holo.3UE4_ARG03A0362_003
ForkPoolWorker-3: Calling delphi to calculate conformer (288/601) ARG+1A0362_004 in /tmp/pbe_data.data.home.granepura.5-Kinases.Kinases_MCCE.Trial02.run_holo.3UE4_ARG+1A0362_004
ForkPoolWorker-4: Calling delphi to calculate conformer (289/601) ASP01A0363_001 in /tmp/pbe_data.data.home.granepura.5-Kinases.Kinases_MCCE.Trial02.run_holo.3UE4_ASP01A0363_001
ForkPoolWorker-2: Calling delphi to calculate conformer (290/601) ASP01A0363_002 in /tmp/pbe_data.data.home.granepura.5-Kinases.Kinases_MCCE.Trial02.run_holo.3UE4_ASP01A0363_002
ForkPoolWorker-1: Calling delphi to calculate conformer (291/601) ASP02A0363_003 in /tmp/pbe_data.data.home.granepura.5-Kinases.Kinases_MCCE.Trial02.run_holo.3UE4_ASP02A0363_003
ForkPoolWorker-5: Calling delphi to calculate conformer (292/601) ASP02A0363_004 in /tmp/pbe_data.data.home.granepura.5-Kinases.Kinases_MCCE.Trial02.run_holo.3UE4_ASP02A0363_004
ForkPoolWorker-3: Calling delphi to calculate conformer (293/601) ASP-1A0363_005 in /tmp/pbe_data.data.home.granepura.5-Kinases.Kinases_MCCE.Trial02.run_holo.3UE4_ASP-1A0363_005
Skipping PBE solver for non-charge conformer (294/601) LEU01A0364_001...
Skipping PBE solver for non-charge conformer (295/601) ALA01A0365_001...
Skipping PBE solver for non-charge conformer (296/601) ALA01A0366_001...
ForkPoolWorker-4: Calling delphi to calculate conformer (297/601) ARG01A0367_001 in /tmp/pbe_data.data.home.granepura.5-Kinases.Kinases_MCCE.Trial02.run_holo.3UE4_ARG01A0367_001
ForkPoolWorker-2: Calling delphi to calculate conformer (298/601) ARG02A0367_002 in /tmp/pbe_data.data.home.granepura.5-Kinases.Kinases_MCCE.Trial02.run_holo.3UE4_ARG02A0367_002
ForkPoolWorker-1: Calling delphi to calculate conformer (299/601) ARG03A0367_003 in /tmp/pbe_data.data.home.granepura.5-Kinases.Kinases_MCCE.Trial02.run_holo.3UE4_ARG03A0367_003
ForkPoolWorker-5: Calling delphi to calculate conformer (300/601) ARG03A0367_004 in /tmp/pbe_data.data.home.granepura.5-Kinases.Kinases_MCCE.Trial02.run_holo.3UE4_ARG03A0367_004
ForkPoolWorker-3: Calling delphi to calculate conformer (301/601) ARG+1A0367_005 in /tmp/pbe_data.data.home.granepura.5-Kinases.Kinases_MCCE.Trial02.run_holo.3UE4_ARG+1A0367_005
ForkPoolWorker-4: Calling delphi to calculate conformer (302/601) ASN01A0368_001 in /tmp/pbe_data.data.home.granepura.5-Kinases.Kinases_MCCE.Trial02.run_holo.3UE4_ASN01A0368_001
ForkPoolWorker-2: Calling delphi to calculate conformer (303/601) ASN01A0368_002 in /tmp/pbe_data.data.home.granepura.5-Kinases.Kinases_MCCE.Trial02.run_holo.3UE4_ASN01A0368_002
ForkPoolWorker-1: Calling delphi to calculate conformer (304/601) CYS01A0369_001 in /tmp/pbe_data.data.home.granepura.5-Kinases.Kinases_MCCE.Trial02.run_holo.3UE4_CYS01A0369_001
ForkPoolWorker-5: Calling delphi to calculate conformer (305/601) CYS01A0369_002 in /tmp/pbe_data.data.home.granepura.5-Kinases.Kinases_MCCE.Trial02.run_holo.3UE4_CYS01A0369_002
ForkPoolWorker-3: Calling delphi to calculate conformer (306/601) CYS01A0369_003 in /tmp/pbe_data.data.home.granepura.5-Kinases.Kinases_MCCE.Trial02.run_holo.3UE4_CYS01A0369_003
ForkPoolWorker-4: Calling delphi to calculate conformer (307/601) CYS-1A0369_004 in /tmp/pbe_data.data.home.granepura.5-Kinases.Kinases_MCCE.Trial02.run_holo.3UE4_CYS-1A0369_004
Skipping PBE solver for non-charge conformer (308/601) LEU01A0370_001...
Skipping PBE solver for non-charge conformer (309/601) VAL01A0371_001...
ForkPoolWorker-2: Calling delphi to calculate conformer (310/601) GLU01A0373_001 in /tmp/pbe_data.data.home.granepura.5-Kinases.Kinases_MCCE.Trial02.run_holo.3UE4_GLU01A0373_001
ForkPoolWorker-1: Calling delphi to calculate conformer (311/601) GLU01A0373_002 in /tmp/pbe_data.data.home.granepura.5-Kinases.Kinases_MCCE.Trial02.run_holo.3UE4_GLU01A0373_002
ForkPoolWorker-5: Calling delphi to calculate conformer (312/601) GLU02A0373_003 in /tmp/pbe_data.data.home.granepura.5-Kinases.Kinases_MCCE.Trial02.run_holo.3UE4_GLU02A0373_003
ForkPoolWorker-3: Calling delphi to calculate conformer (313/601) GLU02A0373_004 in /tmp/pbe_data.data.home.granepura.5-Kinases.Kinases_MCCE.Trial02.run_holo.3UE4_GLU02A0373_004
ForkPoolWorker-4: Calling delphi to calculate conformer (314/601) GLU-1A0373_005 in /tmp/pbe_data.data.home.granepura.5-Kinases.Kinases_MCCE.Trial02.run_holo.3UE4_GLU-1A0373_005
ForkPoolWorker-2: Calling delphi to calculate conformer (315/601) ASN01A0374_001 in /tmp/pbe_data.data.home.granepura.5-Kinases.Kinases_MCCE.Trial02.run_holo.3UE4_ASN01A0374_001
ForkPoolWorker-1: Calling delphi to calculate conformer (316/601) ASN01A0374_002 in /tmp/pbe_data.data.home.granepura.5-Kinases.Kinases_MCCE.Trial02.run_holo.3UE4_ASN01A0374_002
ForkPoolWorker-5: Calling delphi to calculate conformer (317/601) HIS01A0375_001 in /tmp/pbe_data.data.home.granepura.5-Kinases.Kinases_MCCE.Trial02.run_holo.3UE4_HIS01A0375_001
ForkPoolWorker-3: Calling delphi to calculate conformer (318/601) HIS01A0375_002 in /tmp/pbe_data.data.home.granepura.5-Kinases.Kinases_MCCE.Trial02.run_holo.3UE4_HIS01A0375_002
ForkPoolWorker-4: Calling delphi to calculate conformer (319/601) HIS02A0375_003 in /tmp/pbe_data.data.home.granepura.5-Kinases.Kinases_MCCE.Trial02.run_holo.3UE4_HIS02A0375_003
ForkPoolWorker-2: Calling delphi to calculate conformer (320/601) HIS02A0375_004 in /tmp/pbe_data.data.home.granepura.5-Kinases.Kinases_MCCE.Trial02.run_holo.3UE4_HIS02A0375_004
ForkPoolWorker-1: Calling delphi to calculate conformer (321/601) HIS+1A0375_005 in /tmp/pbe_data.data.home.granepura.5-Kinases.Kinases_MCCE.Trial02.run_holo.3UE4_HIS+1A0375_005
ForkPoolWorker-5: Calling delphi to calculate conformer (322/601) HIS+1A0375_006 in /tmp/pbe_data.data.home.granepura.5-Kinases.Kinases_MCCE.Trial02.run_holo.3UE4_HIS+1A0375_006
Skipping PBE solver for non-charge conformer (323/601) LEU01A0376_001...
Skipping PBE solver for non-charge conformer (324/601) VAL01A0377_001...
ForkPoolWorker-3: Calling delphi to calculate conformer (325/601) LYS01A0378_001 in /tmp/pbe_data.data.home.granepura.5-Kinases.Kinases_MCCE.Trial02.run_holo.3UE4_LYS01A0378_001
ForkPoolWorker-4: Calling delphi to calculate conformer (326/601) LYS+1A0378_002 in /tmp/pbe_data.data.home.granepura.5-Kinases.Kinases_MCCE.Trial02.run_holo.3UE4_LYS+1A0378_002
Skipping PBE solver for non-charge conformer (327/601) VAL01A0379_001...
Skipping PBE solver for non-charge conformer (328/601) ALA01A0380_001...
ForkPoolWorker-2: Calling delphi to calculate conformer (329/601) ASP01A0381_001 in /tmp/pbe_data.data.home.granepura.5-Kinases.Kinases_MCCE.Trial02.run_holo.3UE4_ASP01A0381_001
ForkPoolWorker-1: Calling delphi to calculate conformer (330/601) ASP01A0381_002 in /tmp/pbe_data.data.home.granepura.5-Kinases.Kinases_MCCE.Trial02.run_holo.3UE4_ASP01A0381_002
ForkPoolWorker-5: Calling delphi to calculate conformer (331/601) ASP02A0381_003 in /tmp/pbe_data.data.home.granepura.5-Kinases.Kinases_MCCE.Trial02.run_holo.3UE4_ASP02A0381_003
ForkPoolWorker-3: Calling delphi to calculate conformer (332/601) ASP02A0381_004 in /tmp/pbe_data.data.home.granepura.5-Kinases.Kinases_MCCE.Trial02.run_holo.3UE4_ASP02A0381_004
ForkPoolWorker-4: Calling delphi to calculate conformer (333/601) ASP-1A0381_005 in /tmp/pbe_data.data.home.granepura.5-Kinases.Kinases_MCCE.Trial02.run_holo.3UE4_ASP-1A0381_005
Skipping PBE solver for non-charge conformer (334/601) PHE01A0382_001...
Skipping PBE solver for non-charge conformer (335/601) LEU01A0384_001...
ForkPoolWorker-2: Calling delphi to calculate conformer (336/601) SER01A0385_001 in /tmp/pbe_data.data.home.granepura.5-Kinases.Kinases_MCCE.Trial02.run_holo.3UE4_SER01A0385_001
ForkPoolWorker-1: Calling delphi to calculate conformer (337/601) SER01A0385_002 in /tmp/pbe_data.data.home.granepura.5-Kinases.Kinases_MCCE.Trial02.run_holo.3UE4_SER01A0385_002
ForkPoolWorker-5: Calling delphi to calculate conformer (338/601) SER01A0385_003 in /tmp/pbe_data.data.home.granepura.5-Kinases.Kinases_MCCE.Trial02.run_holo.3UE4_SER01A0385_003
ForkPoolWorker-3: Calling delphi to calculate conformer (339/601) SER01A0385_004 in /tmp/pbe_data.data.home.granepura.5-Kinases.Kinases_MCCE.Trial02.run_holo.3UE4_SER01A0385_004
ForkPoolWorker-4: Calling delphi to calculate conformer (340/601) ARG01A0386_001 in /tmp/pbe_data.data.home.granepura.5-Kinases.Kinases_MCCE.Trial02.run_holo.3UE4_ARG01A0386_001
ForkPoolWorker-2: Calling delphi to calculate conformer (341/601) ARG02A0386_002 in /tmp/pbe_data.data.home.granepura.5-Kinases.Kinases_MCCE.Trial02.run_holo.3UE4_ARG02A0386_002
ForkPoolWorker-1: Calling delphi to calculate conformer (342/601) ARG02A0386_003 in /tmp/pbe_data.data.home.granepura.5-Kinases.Kinases_MCCE.Trial02.run_holo.3UE4_ARG02A0386_003
ForkPoolWorker-5: Calling delphi to calculate conformer (343/601) ARG03A0386_004 in /tmp/pbe_data.data.home.granepura.5-Kinases.Kinases_MCCE.Trial02.run_holo.3UE4_ARG03A0386_004
ForkPoolWorker-3: Calling delphi to calculate conformer (344/601) ARG03A0386_005 in /tmp/pbe_data.data.home.granepura.5-Kinases.Kinases_MCCE.Trial02.run_holo.3UE4_ARG03A0386_005
ForkPoolWorker-4: Calling delphi to calculate conformer (345/601) ARG+1A0386_006 in /tmp/pbe_data.data.home.granepura.5-Kinases.Kinases_MCCE.Trial02.run_holo.3UE4_ARG+1A0386_006
Skipping PBE solver for non-charge conformer (346/601) LEU01A0387_001...
ForkPoolWorker-2: Calling delphi to calculate conformer (347/601) MET01A0388_001 in /tmp/pbe_data.data.home.granepura.5-Kinases.Kinases_MCCE.Trial02.run_holo.3UE4_MET01A0388_001
ForkPoolWorker-1: Calling delphi to calculate conformer (348/601) THR01A0389_001 in /tmp/pbe_data.data.home.granepura.5-Kinases.Kinases_MCCE.Trial02.run_holo.3UE4_THR01A0389_001
ForkPoolWorker-5: Calling delphi to calculate conformer (349/601) ASP01A0391_001 in /tmp/pbe_data.data.home.granepura.5-Kinases.Kinases_MCCE.Trial02.run_holo.3UE4_ASP01A0391_001
ForkPoolWorker-3: Calling delphi to calculate conformer (350/601) ASP01A0391_002 in /tmp/pbe_data.data.home.granepura.5-Kinases.Kinases_MCCE.Trial02.run_holo.3UE4_ASP01A0391_002
ForkPoolWorker-4: Calling delphi to calculate conformer (351/601) ASP02A0391_003 in /tmp/pbe_data.data.home.granepura.5-Kinases.Kinases_MCCE.Trial02.run_holo.3UE4_ASP02A0391_003
ForkPoolWorker-2: Calling delphi to calculate conformer (352/601) ASP02A0391_004 in /tmp/pbe_data.data.home.granepura.5-Kinases.Kinases_MCCE.Trial02.run_holo.3UE4_ASP02A0391_004
ForkPoolWorker-1: Calling delphi to calculate conformer (353/601) ASP-1A0391_005 in /tmp/pbe_data.data.home.granepura.5-Kinases.Kinases_MCCE.Trial02.run_holo.3UE4_ASP-1A0391_005
ForkPoolWorker-5: Calling delphi to calculate conformer (354/601) THR01A0392_001 in /tmp/pbe_data.data.home.granepura.5-Kinases.Kinases_MCCE.Trial02.run_holo.3UE4_THR01A0392_001
ForkPoolWorker-3: Calling delphi to calculate conformer (355/601) THR01A0392_002 in /tmp/pbe_data.data.home.granepura.5-Kinases.Kinases_MCCE.Trial02.run_holo.3UE4_THR01A0392_002
ForkPoolWorker-2: Calling delphi to calculate conformer (356/601) TYR01A0393_001 in /tmp/pbe_data.data.home.granepura.5-Kinases.Kinases_MCCE.Trial02.run_holo.3UE4_TYR01A0393_001
ForkPoolWorker-4: Calling delphi to calculate conformer (357/601) TYR01A0393_002 in /tmp/pbe_data.data.home.granepura.5-Kinases.Kinases_MCCE.Trial02.run_holo.3UE4_TYR01A0393_002
ForkPoolWorker-1: Calling delphi to calculate conformer (358/601) TYR-1A0393_003 in /tmp/pbe_data.data.home.granepura.5-Kinases.Kinases_MCCE.Trial02.run_holo.3UE4_TYR-1A0393_003
ForkPoolWorker-5: Calling delphi to calculate conformer (359/601) THR01A0394_001 in /tmp/pbe_data.data.home.granepura.5-Kinases.Kinases_MCCE.Trial02.run_holo.3UE4_THR01A0394_001
ForkPoolWorker-3: Calling delphi to calculate conformer (360/601) THR01A0394_002 in /tmp/pbe_data.data.home.granepura.5-Kinases.Kinases_MCCE.Trial02.run_holo.3UE4_THR01A0394_002
Skipping PBE solver for non-charge conformer (361/601) ALA01A0395_001...
ForkPoolWorker-2: Calling delphi to calculate conformer (362/601) HIS01A0396_001 in /tmp/pbe_data.data.home.granepura.5-Kinases.Kinases_MCCE.Trial02.run_holo.3UE4_HIS01A0396_001
ForkPoolWorker-4: Calling delphi to calculate conformer (363/601) HIS01A0396_002 in /tmp/pbe_data.data.home.granepura.5-Kinases.Kinases_MCCE.Trial02.run_holo.3UE4_HIS01A0396_002
ForkPoolWorker-1: Calling delphi to calculate conformer (364/601) HIS02A0396_003 in /tmp/pbe_data.data.home.granepura.5-Kinases.Kinases_MCCE.Trial02.run_holo.3UE4_HIS02A0396_003
ForkPoolWorker-5: Calling delphi to calculate conformer (365/601) HIS02A0396_004 in /tmp/pbe_data.data.home.granepura.5-Kinases.Kinases_MCCE.Trial02.run_holo.3UE4_HIS02A0396_004
ForkPoolWorker-3: Calling delphi to calculate conformer (366/601) HIS+1A0396_005 in /tmp/pbe_data.data.home.granepura.5-Kinases.Kinases_MCCE.Trial02.run_holo.3UE4_HIS+1A0396_005
ForkPoolWorker-2: Calling delphi to calculate conformer (367/601) HIS+1A0396_006 in /tmp/pbe_data.data.home.granepura.5-Kinases.Kinases_MCCE.Trial02.run_holo.3UE4_HIS+1A0396_006
Skipping PBE solver for non-charge conformer (368/601) ALA01A0397_001...
Skipping PBE solver for non-charge conformer (369/601) ALA01A0399_001...
ForkPoolWorker-4: Calling delphi to calculate conformer (370/601) LYS01A0400_001 in /tmp/pbe_data.data.home.granepura.5-Kinases.Kinases_MCCE.Trial02.run_holo.3UE4_LYS01A0400_001
ForkPoolWorker-1: Calling delphi to calculate conformer (371/601) LYS+1A0400_002 in /tmp/pbe_data.data.home.granepura.5-Kinases.Kinases_MCCE.Trial02.run_holo.3UE4_LYS+1A0400_002
Skipping PBE solver for non-charge conformer (372/601) PHE01A0401_001...
Skipping PBE solver for non-charge conformer (373/601) PRO01A0402_001...
Skipping PBE solver for non-charge conformer (374/601) ILE01A0403_001...
ForkPoolWorker-5: Calling delphi to calculate conformer (375/601) LYS01A0404_001 in /tmp/pbe_data.data.home.granepura.5-Kinases.Kinases_MCCE.Trial02.run_holo.3UE4_LYS01A0404_001
ForkPoolWorker-3: Calling delphi to calculate conformer (376/601) LYS+1A0404_002 in /tmp/pbe_data.data.home.granepura.5-Kinases.Kinases_MCCE.Trial02.run_holo.3UE4_LYS+1A0404_002
Skipping PBE solver for non-charge conformer (377/601) TRP01A0405_001...
ForkPoolWorker-2: Calling delphi to calculate conformer (378/601) THR01A0406_001 in /tmp/pbe_data.data.home.granepura.5-Kinases.Kinases_MCCE.Trial02.run_holo.3UE4_THR01A0406_001
Skipping PBE solver for non-charge conformer (379/601) ALA01A0407_001...
Skipping PBE solver for non-charge conformer (380/601) PRO01A0408_001...
ForkPoolWorker-4: Calling delphi to calculate conformer (381/601) GLU01A0409_001 in /tmp/pbe_data.data.home.granepura.5-Kinases.Kinases_MCCE.Trial02.run_holo.3UE4_GLU01A0409_001
ForkPoolWorker-1: Calling delphi to calculate conformer (382/601) GLU01A0409_002 in /tmp/pbe_data.data.home.granepura.5-Kinases.Kinases_MCCE.Trial02.run_holo.3UE4_GLU01A0409_002
ForkPoolWorker-5: Calling delphi to calculate conformer (383/601) GLU02A0409_003 in /tmp/pbe_data.data.home.granepura.5-Kinases.Kinases_MCCE.Trial02.run_holo.3UE4_GLU02A0409_003
ForkPoolWorker-3: Calling delphi to calculate conformer (384/601) GLU02A0409_004 in /tmp/pbe_data.data.home.granepura.5-Kinases.Kinases_MCCE.Trial02.run_holo.3UE4_GLU02A0409_004
ForkPoolWorker-2: Calling delphi to calculate conformer (385/601) GLU-1A0409_005 in /tmp/pbe_data.data.home.granepura.5-Kinases.Kinases_MCCE.Trial02.run_holo.3UE4_GLU-1A0409_005
ForkPoolWorker-4: Calling delphi to calculate conformer (386/601) SER01A0410_001 in /tmp/pbe_data.data.home.granepura.5-Kinases.Kinases_MCCE.Trial02.run_holo.3UE4_SER01A0410_001
ForkPoolWorker-1: Calling delphi to calculate conformer (387/601) SER01A0410_002 in /tmp/pbe_data.data.home.granepura.5-Kinases.Kinases_MCCE.Trial02.run_holo.3UE4_SER01A0410_002
ForkPoolWorker-5: Calling delphi to calculate conformer (388/601) SER01A0410_003 in /tmp/pbe_data.data.home.granepura.5-Kinases.Kinases_MCCE.Trial02.run_holo.3UE4_SER01A0410_003
Skipping PBE solver for non-charge conformer (389/601) LEU01A0411_001...
Skipping PBE solver for non-charge conformer (390/601) ALA01A0412_001...
ForkPoolWorker-3: Calling delphi to calculate conformer (391/601) TYR01A0413_001 in /tmp/pbe_data.data.home.granepura.5-Kinases.Kinases_MCCE.Trial02.run_holo.3UE4_TYR01A0413_001
ForkPoolWorker-2: Calling delphi to calculate conformer (392/601) TYR-1A0413_002 in /tmp/pbe_data.data.home.granepura.5-Kinases.Kinases_MCCE.Trial02.run_holo.3UE4_TYR-1A0413_002
ForkPoolWorker-4: Calling delphi to calculate conformer (393/601) ASN01A0414_001 in /tmp/pbe_data.data.home.granepura.5-Kinases.Kinases_MCCE.Trial02.run_holo.3UE4_ASN01A0414_001
ForkPoolWorker-1: Calling delphi to calculate conformer (394/601) ASN01A0414_002 in /tmp/pbe_data.data.home.granepura.5-Kinases.Kinases_MCCE.Trial02.run_holo.3UE4_ASN01A0414_002
ForkPoolWorker-5: Calling delphi to calculate conformer (395/601) LYS01A0415_001 in /tmp/pbe_data.data.home.granepura.5-Kinases.Kinases_MCCE.Trial02.run_holo.3UE4_LYS01A0415_001
ForkPoolWorker-3: Calling delphi to calculate conformer (396/601) LYS+1A0415_002 in /tmp/pbe_data.data.home.granepura.5-Kinases.Kinases_MCCE.Trial02.run_holo.3UE4_LYS+1A0415_002
Skipping PBE solver for non-charge conformer (397/601) PHE01A0416_001...
ForkPoolWorker-2: Calling delphi to calculate conformer (398/601) SER01A0417_001 in /tmp/pbe_data.data.home.granepura.5-Kinases.Kinases_MCCE.Trial02.run_holo.3UE4_SER01A0417_001
ForkPoolWorker-4: Calling delphi to calculate conformer (399/601) SER01A0417_002 in /tmp/pbe_data.data.home.granepura.5-Kinases.Kinases_MCCE.Trial02.run_holo.3UE4_SER01A0417_002
Skipping PBE solver for non-charge conformer (400/601) ILE01A0418_001...
ForkPoolWorker-1: Calling delphi to calculate conformer (401/601) LYS01A0419_001 in /tmp/pbe_data.data.home.granepura.5-Kinases.Kinases_MCCE.Trial02.run_holo.3UE4_LYS01A0419_001
ForkPoolWorker-5: Calling delphi to calculate conformer (402/601) LYS+1A0419_002 in /tmp/pbe_data.data.home.granepura.5-Kinases.Kinases_MCCE.Trial02.run_holo.3UE4_LYS+1A0419_002
ForkPoolWorker-3: Calling delphi to calculate conformer (403/601) SER01A0420_001 in /tmp/pbe_data.data.home.granepura.5-Kinases.Kinases_MCCE.Trial02.run_holo.3UE4_SER01A0420_001
ForkPoolWorker-2: Calling delphi to calculate conformer (404/601) SER01A0420_002 in /tmp/pbe_data.data.home.granepura.5-Kinases.Kinases_MCCE.Trial02.run_holo.3UE4_SER01A0420_002
ForkPoolWorker-4: Calling delphi to calculate conformer (405/601) SER01A0420_003 in /tmp/pbe_data.data.home.granepura.5-Kinases.Kinases_MCCE.Trial02.run_holo.3UE4_SER01A0420_003
ForkPoolWorker-1: Calling delphi to calculate conformer (406/601) ASP01A0421_001 in /tmp/pbe_data.data.home.granepura.5-Kinases.Kinases_MCCE.Trial02.run_holo.3UE4_ASP01A0421_001
ForkPoolWorker-5: Calling delphi to calculate conformer (407/601) ASP01A0421_002 in /tmp/pbe_data.data.home.granepura.5-Kinases.Kinases_MCCE.Trial02.run_holo.3UE4_ASP01A0421_002
ForkPoolWorker-3: Calling delphi to calculate conformer (408/601) ASP02A0421_003 in /tmp/pbe_data.data.home.granepura.5-Kinases.Kinases_MCCE.Trial02.run_holo.3UE4_ASP02A0421_003
ForkPoolWorker-2: Calling delphi to calculate conformer (409/601) ASP02A0421_004 in /tmp/pbe_data.data.home.granepura.5-Kinases.Kinases_MCCE.Trial02.run_holo.3UE4_ASP02A0421_004
ForkPoolWorker-4: Calling delphi to calculate conformer (410/601) ASP-1A0421_005 in /tmp/pbe_data.data.home.granepura.5-Kinases.Kinases_MCCE.Trial02.run_holo.3UE4_ASP-1A0421_005
Skipping PBE solver for non-charge conformer (411/601) VAL01A0422_001...
Skipping PBE solver for non-charge conformer (412/601) TRP01A0423_001...
Skipping PBE solver for non-charge conformer (413/601) ALA01A0424_001...
Skipping PBE solver for non-charge conformer (414/601) PHE01A0425_001...
Skipping PBE solver for non-charge conformer (415/601) VAL01A0427_001...
Skipping PBE solver for non-charge conformer (416/601) LEU01A0428_001...
Skipping PBE solver for non-charge conformer (417/601) LEU01A0429_001...
Skipping PBE solver for non-charge conformer (418/601) TRP01A0430_001...
ForkPoolWorker-1: Calling delphi to calculate conformer (419/601) GLU01A0431_001 in /tmp/pbe_data.data.home.granepura.5-Kinases.Kinases_MCCE.Trial02.run_holo.3UE4_GLU01A0431_001
ForkPoolWorker-5: Calling delphi to calculate conformer (420/601) GLU01A0431_002 in /tmp/pbe_data.data.home.granepura.5-Kinases.Kinases_MCCE.Trial02.run_holo.3UE4_GLU01A0431_002
ForkPoolWorker-3: Calling delphi to calculate conformer (421/601) GLU02A0431_003 in /tmp/pbe_data.data.home.granepura.5-Kinases.Kinases_MCCE.Trial02.run_holo.3UE4_GLU02A0431_003
ForkPoolWorker-2: Calling delphi to calculate conformer (422/601) GLU02A0431_004 in /tmp/pbe_data.data.home.granepura.5-Kinases.Kinases_MCCE.Trial02.run_holo.3UE4_GLU02A0431_004
ForkPoolWorker-4: Calling delphi to calculate conformer (423/601) GLU-1A0431_005 in /tmp/pbe_data.data.home.granepura.5-Kinases.Kinases_MCCE.Trial02.run_holo.3UE4_GLU-1A0431_005
Skipping PBE solver for non-charge conformer (424/601) ILE01A0432_001...
Skipping PBE solver for non-charge conformer (425/601) ALA01A0433_001...
ForkPoolWorker-1: Calling delphi to calculate conformer (426/601) THR01A0434_001 in /tmp/pbe_data.data.home.granepura.5-Kinases.Kinases_MCCE.Trial02.run_holo.3UE4_THR01A0434_001
ForkPoolWorker-5: Calling delphi to calculate conformer (427/601) THR01A0434_002 in /tmp/pbe_data.data.home.granepura.5-Kinases.Kinases_MCCE.Trial02.run_holo.3UE4_THR01A0434_002
ForkPoolWorker-3: Calling delphi to calculate conformer (428/601) TYR01A0435_001 in /tmp/pbe_data.data.home.granepura.5-Kinases.Kinases_MCCE.Trial02.run_holo.3UE4_TYR01A0435_001
ForkPoolWorker-2: Calling delphi to calculate conformer (429/601) TYR01A0435_002 in /tmp/pbe_data.data.home.granepura.5-Kinases.Kinases_MCCE.Trial02.run_holo.3UE4_TYR01A0435_002
ForkPoolWorker-4: Calling delphi to calculate conformer (430/601) TYR-1A0435_003 in /tmp/pbe_data.data.home.granepura.5-Kinases.Kinases_MCCE.Trial02.run_holo.3UE4_TYR-1A0435_003
ForkPoolWorker-1: Calling delphi to calculate conformer (431/601) MET01A0437_001 in /tmp/pbe_data.data.home.granepura.5-Kinases.Kinases_MCCE.Trial02.run_holo.3UE4_MET01A0437_001
ForkPoolWorker-5: Calling delphi to calculate conformer (432/601) SER01A0438_001 in /tmp/pbe_data.data.home.granepura.5-Kinases.Kinases_MCCE.Trial02.run_holo.3UE4_SER01A0438_001
Skipping PBE solver for non-charge conformer (433/601) PRO01A0439_001...
ForkPoolWorker-3: Calling delphi to calculate conformer (434/601) TYR01A0440_001 in /tmp/pbe_data.data.home.granepura.5-Kinases.Kinases_MCCE.Trial02.run_holo.3UE4_TYR01A0440_001
ForkPoolWorker-2: Calling delphi to calculate conformer (435/601) TYR01A0440_002 in /tmp/pbe_data.data.home.granepura.5-Kinases.Kinases_MCCE.Trial02.run_holo.3UE4_TYR01A0440_002
ForkPoolWorker-4: Calling delphi to calculate conformer (436/601) TYR-1A0440_003 in /tmp/pbe_data.data.home.granepura.5-Kinases.Kinases_MCCE.Trial02.run_holo.3UE4_TYR-1A0440_003
Skipping PBE solver for non-charge conformer (437/601) PRO01A0441_001...
Skipping PBE solver for non-charge conformer (438/601) ILE01A0443_001...
ForkPoolWorker-1: Calling delphi to calculate conformer (439/601) ASP01A0444_001 in /tmp/pbe_data.data.home.granepura.5-Kinases.Kinases_MCCE.Trial02.run_holo.3UE4_ASP01A0444_001
ForkPoolWorker-5: Calling delphi to calculate conformer (440/601) ASP01A0444_002 in /tmp/pbe_data.data.home.granepura.5-Kinases.Kinases_MCCE.Trial02.run_holo.3UE4_ASP01A0444_002
ForkPoolWorker-3: Calling delphi to calculate conformer (441/601) ASP02A0444_003 in /tmp/pbe_data.data.home.granepura.5-Kinases.Kinases_MCCE.Trial02.run_holo.3UE4_ASP02A0444_003
ForkPoolWorker-2: Calling delphi to calculate conformer (442/601) ASP02A0444_004 in /tmp/pbe_data.data.home.granepura.5-Kinases.Kinases_MCCE.Trial02.run_holo.3UE4_ASP02A0444_004
ForkPoolWorker-4: Calling delphi to calculate conformer (443/601) ASP02A0444_005 in /tmp/pbe_data.data.home.granepura.5-Kinases.Kinases_MCCE.Trial02.run_holo.3UE4_ASP02A0444_005
ForkPoolWorker-1: Calling delphi to calculate conformer (444/601) ASP02A0444_006 in /tmp/pbe_data.data.home.granepura.5-Kinases.Kinases_MCCE.Trial02.run_holo.3UE4_ASP02A0444_006
ForkPoolWorker-5: Calling delphi to calculate conformer (445/601) ASP-1A0444_007 in /tmp/pbe_data.data.home.granepura.5-Kinases.Kinases_MCCE.Trial02.run_holo.3UE4_ASP-1A0444_007
ForkPoolWorker-3: Calling delphi to calculate conformer (446/601) ASP-1A0444_008 in /tmp/pbe_data.data.home.granepura.5-Kinases.Kinases_MCCE.Trial02.run_holo.3UE4_ASP-1A0444_008
Skipping PBE solver for non-charge conformer (447/601) LEU01A0445_001...
ForkPoolWorker-2: Calling delphi to calculate conformer (448/601) SER01A0446_001 in /tmp/pbe_data.data.home.granepura.5-Kinases.Kinases_MCCE.Trial02.run_holo.3UE4_SER01A0446_001
ForkPoolWorker-4: Calling delphi to calculate conformer (449/601) SER01A0446_002 in /tmp/pbe_data.data.home.granepura.5-Kinases.Kinases_MCCE.Trial02.run_holo.3UE4_SER01A0446_002
ForkPoolWorker-1: Calling delphi to calculate conformer (450/601) SER01A0446_003 in /tmp/pbe_data.data.home.granepura.5-Kinases.Kinases_MCCE.Trial02.run_holo.3UE4_SER01A0446_003
ForkPoolWorker-5: Calling delphi to calculate conformer (451/601) SER01A0446_004 in /tmp/pbe_data.data.home.granepura.5-Kinases.Kinases_MCCE.Trial02.run_holo.3UE4_SER01A0446_004
ForkPoolWorker-3: Calling delphi to calculate conformer (452/601) SER01A0446_005 in /tmp/pbe_data.data.home.granepura.5-Kinases.Kinases_MCCE.Trial02.run_holo.3UE4_SER01A0446_005
ForkPoolWorker-2: Calling delphi to calculate conformer (453/601) GLN01A0447_001 in /tmp/pbe_data.data.home.granepura.5-Kinases.Kinases_MCCE.Trial02.run_holo.3UE4_GLN01A0447_001
ForkPoolWorker-4: Calling delphi to calculate conformer (454/601) GLN01A0447_002 in /tmp/pbe_data.data.home.granepura.5-Kinases.Kinases_MCCE.Trial02.run_holo.3UE4_GLN01A0447_002
Skipping PBE solver for non-charge conformer (455/601) VAL01A0448_001...
ForkPoolWorker-1: Calling delphi to calculate conformer (456/601) TYR01A0449_001 in /tmp/pbe_data.data.home.granepura.5-Kinases.Kinases_MCCE.Trial02.run_holo.3UE4_TYR01A0449_001
ForkPoolWorker-5: Calling delphi to calculate conformer (457/601) TYR01A0449_002 in /tmp/pbe_data.data.home.granepura.5-Kinases.Kinases_MCCE.Trial02.run_holo.3UE4_TYR01A0449_002
ForkPoolWorker-3: Calling delphi to calculate conformer (458/601) TYR-1A0449_003 in /tmp/pbe_data.data.home.granepura.5-Kinases.Kinases_MCCE.Trial02.run_holo.3UE4_TYR-1A0449_003
ForkPoolWorker-2: Calling delphi to calculate conformer (459/601) GLU01A0450_001 in /tmp/pbe_data.data.home.granepura.5-Kinases.Kinases_MCCE.Trial02.run_holo.3UE4_GLU01A0450_001
ForkPoolWorker-4: Calling delphi to calculate conformer (460/601) GLU01A0450_002 in /tmp/pbe_data.data.home.granepura.5-Kinases.Kinases_MCCE.Trial02.run_holo.3UE4_GLU01A0450_002
ForkPoolWorker-1: Calling delphi to calculate conformer (461/601) GLU02A0450_003 in /tmp/pbe_data.data.home.granepura.5-Kinases.Kinases_MCCE.Trial02.run_holo.3UE4_GLU02A0450_003
ForkPoolWorker-5: Calling delphi to calculate conformer (462/601) GLU02A0450_004 in /tmp/pbe_data.data.home.granepura.5-Kinases.Kinases_MCCE.Trial02.run_holo.3UE4_GLU02A0450_004
ForkPoolWorker-3: Calling delphi to calculate conformer (463/601) GLU-1A0450_005 in /tmp/pbe_data.data.home.granepura.5-Kinases.Kinases_MCCE.Trial02.run_holo.3UE4_GLU-1A0450_005
Skipping PBE solver for non-charge conformer (464/601) LEU01A0451_001...
Skipping PBE solver for non-charge conformer (465/601) LEU01A0452_001...
ForkPoolWorker-2: Calling delphi to calculate conformer (466/601) GLU01A0453_001 in /tmp/pbe_data.data.home.granepura.5-Kinases.Kinases_MCCE.Trial02.run_holo.3UE4_GLU01A0453_001
ForkPoolWorker-4: Calling delphi to calculate conformer (467/601) GLU01A0453_002 in /tmp/pbe_data.data.home.granepura.5-Kinases.Kinases_MCCE.Trial02.run_holo.3UE4_GLU01A0453_002
ForkPoolWorker-1: Calling delphi to calculate conformer (468/601) GLU02A0453_003 in /tmp/pbe_data.data.home.granepura.5-Kinases.Kinases_MCCE.Trial02.run_holo.3UE4_GLU02A0453_003
ForkPoolWorker-5: Calling delphi to calculate conformer (469/601) GLU02A0453_004 in /tmp/pbe_data.data.home.granepura.5-Kinases.Kinases_MCCE.Trial02.run_holo.3UE4_GLU02A0453_004
ForkPoolWorker-3: Calling delphi to calculate conformer (470/601) GLU-1A0453_005 in /tmp/pbe_data.data.home.granepura.5-Kinases.Kinases_MCCE.Trial02.run_holo.3UE4_GLU-1A0453_005
ForkPoolWorker-2: Calling delphi to calculate conformer (471/601) LYS01A0454_001 in /tmp/pbe_data.data.home.granepura.5-Kinases.Kinases_MCCE.Trial02.run_holo.3UE4_LYS01A0454_001
ForkPoolWorker-4: Calling delphi to calculate conformer (472/601) LYS+1A0454_002 in /tmp/pbe_data.data.home.granepura.5-Kinases.Kinases_MCCE.Trial02.run_holo.3UE4_LYS+1A0454_002
ForkPoolWorker-1: Calling delphi to calculate conformer (473/601) ASP01A0455_001 in /tmp/pbe_data.data.home.granepura.5-Kinases.Kinases_MCCE.Trial02.run_holo.3UE4_ASP01A0455_001
ForkPoolWorker-5: Calling delphi to calculate conformer (474/601) ASP01A0455_002 in /tmp/pbe_data.data.home.granepura.5-Kinases.Kinases_MCCE.Trial02.run_holo.3UE4_ASP01A0455_002
ForkPoolWorker-3: Calling delphi to calculate conformer (475/601) ASP02A0455_003 in /tmp/pbe_data.data.home.granepura.5-Kinases.Kinases_MCCE.Trial02.run_holo.3UE4_ASP02A0455_003
ForkPoolWorker-2: Calling delphi to calculate conformer (476/601) ASP02A0455_004 in /tmp/pbe_data.data.home.granepura.5-Kinases.Kinases_MCCE.Trial02.run_holo.3UE4_ASP02A0455_004
ForkPoolWorker-4: Calling delphi to calculate conformer (477/601) ASP-1A0455_005 in /tmp/pbe_data.data.home.granepura.5-Kinases.Kinases_MCCE.Trial02.run_holo.3UE4_ASP-1A0455_005
ForkPoolWorker-1: Calling delphi to calculate conformer (478/601) TYR01A0456_001 in /tmp/pbe_data.data.home.granepura.5-Kinases.Kinases_MCCE.Trial02.run_holo.3UE4_TYR01A0456_001
ForkPoolWorker-5: Calling delphi to calculate conformer (479/601) TYR01A0456_002 in /tmp/pbe_data.data.home.granepura.5-Kinases.Kinases_MCCE.Trial02.run_holo.3UE4_TYR01A0456_002
ForkPoolWorker-3: Calling delphi to calculate conformer (480/601) TYR-1A0456_003 in /tmp/pbe_data.data.home.granepura.5-Kinases.Kinases_MCCE.Trial02.run_holo.3UE4_TYR-1A0456_003
ForkPoolWorker-2: Calling delphi to calculate conformer (481/601) ARG01A0457_001 in /tmp/pbe_data.data.home.granepura.5-Kinases.Kinases_MCCE.Trial02.run_holo.3UE4_ARG01A0457_001
ForkPoolWorker-4: Calling delphi to calculate conformer (482/601) ARG02A0457_002 in /tmp/pbe_data.data.home.granepura.5-Kinases.Kinases_MCCE.Trial02.run_holo.3UE4_ARG02A0457_002
ForkPoolWorker-1: Calling delphi to calculate conformer (483/601) ARG03A0457_003 in /tmp/pbe_data.data.home.granepura.5-Kinases.Kinases_MCCE.Trial02.run_holo.3UE4_ARG03A0457_003
ForkPoolWorker-5: Calling delphi to calculate conformer (484/601) ARG+1A0457_004 in /tmp/pbe_data.data.home.granepura.5-Kinases.Kinases_MCCE.Trial02.run_holo.3UE4_ARG+1A0457_004
ForkPoolWorker-3: Calling delphi to calculate conformer (485/601) MET01A0458_001 in /tmp/pbe_data.data.home.granepura.5-Kinases.Kinases_MCCE.Trial02.run_holo.3UE4_MET01A0458_001
ForkPoolWorker-2: Calling delphi to calculate conformer (486/601) GLU01A0459_001 in /tmp/pbe_data.data.home.granepura.5-Kinases.Kinases_MCCE.Trial02.run_holo.3UE4_GLU01A0459_001
ForkPoolWorker-4: Calling delphi to calculate conformer (487/601) GLU01A0459_002 in /tmp/pbe_data.data.home.granepura.5-Kinases.Kinases_MCCE.Trial02.run_holo.3UE4_GLU01A0459_002
ForkPoolWorker-1: Calling delphi to calculate conformer (488/601) GLU02A0459_003 in /tmp/pbe_data.data.home.granepura.5-Kinases.Kinases_MCCE.Trial02.run_holo.3UE4_GLU02A0459_003
ForkPoolWorker-5: Calling delphi to calculate conformer (489/601) GLU02A0459_004 in /tmp/pbe_data.data.home.granepura.5-Kinases.Kinases_MCCE.Trial02.run_holo.3UE4_GLU02A0459_004
ForkPoolWorker-3: Calling delphi to calculate conformer (490/601) GLU-1A0459_005 in /tmp/pbe_data.data.home.granepura.5-Kinases.Kinases_MCCE.Trial02.run_holo.3UE4_GLU-1A0459_005
ForkPoolWorker-2: Calling delphi to calculate conformer (491/601) ARG01A0460_001 in /tmp/pbe_data.data.home.granepura.5-Kinases.Kinases_MCCE.Trial02.run_holo.3UE4_ARG01A0460_001
ForkPoolWorker-4: Calling delphi to calculate conformer (492/601) ARG02A0460_002 in /tmp/pbe_data.data.home.granepura.5-Kinases.Kinases_MCCE.Trial02.run_holo.3UE4_ARG02A0460_002
ForkPoolWorker-1: Calling delphi to calculate conformer (493/601) ARG03A0460_003 in /tmp/pbe_data.data.home.granepura.5-Kinases.Kinases_MCCE.Trial02.run_holo.3UE4_ARG03A0460_003
ForkPoolWorker-5: Calling delphi to calculate conformer (494/601) ARG+1A0460_004 in /tmp/pbe_data.data.home.granepura.5-Kinases.Kinases_MCCE.Trial02.run_holo.3UE4_ARG+1A0460_004
Skipping PBE solver for non-charge conformer (495/601) PRO01A0461_001...
ForkPoolWorker-3: Calling delphi to calculate conformer (496/601) GLU01A0462_001 in /tmp/pbe_data.data.home.granepura.5-Kinases.Kinases_MCCE.Trial02.run_holo.3UE4_GLU01A0462_001
ForkPoolWorker-2: Calling delphi to calculate conformer (497/601) GLU01A0462_002 in /tmp/pbe_data.data.home.granepura.5-Kinases.Kinases_MCCE.Trial02.run_holo.3UE4_GLU01A0462_002
ForkPoolWorker-4: Calling delphi to calculate conformer (498/601) GLU02A0462_003 in /tmp/pbe_data.data.home.granepura.5-Kinases.Kinases_MCCE.Trial02.run_holo.3UE4_GLU02A0462_003
ForkPoolWorker-1: Calling delphi to calculate conformer (499/601) GLU02A0462_004 in /tmp/pbe_data.data.home.granepura.5-Kinases.Kinases_MCCE.Trial02.run_holo.3UE4_GLU02A0462_004
ForkPoolWorker-5: Calling delphi to calculate conformer (500/601) GLU-1A0462_005 in /tmp/pbe_data.data.home.granepura.5-Kinases.Kinases_MCCE.Trial02.run_holo.3UE4_GLU-1A0462_005
ForkPoolWorker-3: Calling delphi to calculate conformer (501/601) CYS01A0464_001 in /tmp/pbe_data.data.home.granepura.5-Kinases.Kinases_MCCE.Trial02.run_holo.3UE4_CYS01A0464_001
ForkPoolWorker-2: Calling delphi to calculate conformer (502/601) CYS01A0464_002 in /tmp/pbe_data.data.home.granepura.5-Kinases.Kinases_MCCE.Trial02.run_holo.3UE4_CYS01A0464_002
ForkPoolWorker-4: Calling delphi to calculate conformer (503/601) CYS01A0464_003 in /tmp/pbe_data.data.home.granepura.5-Kinases.Kinases_MCCE.Trial02.run_holo.3UE4_CYS01A0464_003
ForkPoolWorker-1: Calling delphi to calculate conformer (504/601) CYS-1A0464_004 in /tmp/pbe_data.data.home.granepura.5-Kinases.Kinases_MCCE.Trial02.run_holo.3UE4_CYS-1A0464_004
Skipping PBE solver for non-charge conformer (505/601) PRO01A0465_001...
ForkPoolWorker-5: Calling delphi to calculate conformer (506/601) GLU01A0466_001 in /tmp/pbe_data.data.home.granepura.5-Kinases.Kinases_MCCE.Trial02.run_holo.3UE4_GLU01A0466_001
ForkPoolWorker-3: Calling delphi to calculate conformer (507/601) GLU01A0466_002 in /tmp/pbe_data.data.home.granepura.5-Kinases.Kinases_MCCE.Trial02.run_holo.3UE4_GLU01A0466_002
ForkPoolWorker-2: Calling delphi to calculate conformer (508/601) GLU02A0466_003 in /tmp/pbe_data.data.home.granepura.5-Kinases.Kinases_MCCE.Trial02.run_holo.3UE4_GLU02A0466_003
ForkPoolWorker-4: Calling delphi to calculate conformer (509/601) GLU02A0466_004 in /tmp/pbe_data.data.home.granepura.5-Kinases.Kinases_MCCE.Trial02.run_holo.3UE4_GLU02A0466_004
ForkPoolWorker-1: Calling delphi to calculate conformer (510/601) GLU-1A0466_005 in /tmp/pbe_data.data.home.granepura.5-Kinases.Kinases_MCCE.Trial02.run_holo.3UE4_GLU-1A0466_005
ForkPoolWorker-5: Calling delphi to calculate conformer (511/601) LYS01A0467_001 in /tmp/pbe_data.data.home.granepura.5-Kinases.Kinases_MCCE.Trial02.run_holo.3UE4_LYS01A0467_001
ForkPoolWorker-3: Calling delphi to calculate conformer (512/601) LYS+1A0467_002 in /tmp/pbe_data.data.home.granepura.5-Kinases.Kinases_MCCE.Trial02.run_holo.3UE4_LYS+1A0467_002
Skipping PBE solver for non-charge conformer (513/601) VAL01A0468_001...
ForkPoolWorker-2: Calling delphi to calculate conformer (514/601) TYR01A0469_001 in /tmp/pbe_data.data.home.granepura.5-Kinases.Kinases_MCCE.Trial02.run_holo.3UE4_TYR01A0469_001
ForkPoolWorker-4: Calling delphi to calculate conformer (515/601) TYR01A0469_002 in /tmp/pbe_data.data.home.granepura.5-Kinases.Kinases_MCCE.Trial02.run_holo.3UE4_TYR01A0469_002
ForkPoolWorker-1: Calling delphi to calculate conformer (516/601) TYR-1A0469_003 in /tmp/pbe_data.data.home.granepura.5-Kinases.Kinases_MCCE.Trial02.run_holo.3UE4_TYR-1A0469_003
ForkPoolWorker-5: Calling delphi to calculate conformer (517/601) GLU01A0470_001 in /tmp/pbe_data.data.home.granepura.5-Kinases.Kinases_MCCE.Trial02.run_holo.3UE4_GLU01A0470_001
ForkPoolWorker-3: Calling delphi to calculate conformer (518/601) GLU01A0470_002 in /tmp/pbe_data.data.home.granepura.5-Kinases.Kinases_MCCE.Trial02.run_holo.3UE4_GLU01A0470_002
ForkPoolWorker-2: Calling delphi to calculate conformer (519/601) GLU02A0470_003 in /tmp/pbe_data.data.home.granepura.5-Kinases.Kinases_MCCE.Trial02.run_holo.3UE4_GLU02A0470_003
ForkPoolWorker-4: Calling delphi to calculate conformer (520/601) GLU02A0470_004 in /tmp/pbe_data.data.home.granepura.5-Kinases.Kinases_MCCE.Trial02.run_holo.3UE4_GLU02A0470_004
ForkPoolWorker-1: Calling delphi to calculate conformer (521/601) GLU-1A0470_005 in /tmp/pbe_data.data.home.granepura.5-Kinases.Kinases_MCCE.Trial02.run_holo.3UE4_GLU-1A0470_005
Skipping PBE solver for non-charge conformer (522/601) LEU01A0471_001...
ForkPoolWorker-5: Calling delphi to calculate conformer (523/601) MET01A0472_001 in /tmp/pbe_data.data.home.granepura.5-Kinases.Kinases_MCCE.Trial02.run_holo.3UE4_MET01A0472_001
ForkPoolWorker-3: Calling delphi to calculate conformer (524/601) ARG01A0473_001 in /tmp/pbe_data.data.home.granepura.5-Kinases.Kinases_MCCE.Trial02.run_holo.3UE4_ARG01A0473_001
ForkPoolWorker-2: Calling delphi to calculate conformer (525/601) ARG02A0473_002 in /tmp/pbe_data.data.home.granepura.5-Kinases.Kinases_MCCE.Trial02.run_holo.3UE4_ARG02A0473_002
ForkPoolWorker-4: Calling delphi to calculate conformer (526/601) ARG02A0473_003 in /tmp/pbe_data.data.home.granepura.5-Kinases.Kinases_MCCE.Trial02.run_holo.3UE4_ARG02A0473_003
ForkPoolWorker-1: Calling delphi to calculate conformer (527/601) ARG03A0473_004 in /tmp/pbe_data.data.home.granepura.5-Kinases.Kinases_MCCE.Trial02.run_holo.3UE4_ARG03A0473_004
ForkPoolWorker-5: Calling delphi to calculate conformer (528/601) ARG+1A0473_005 in /tmp/pbe_data.data.home.granepura.5-Kinases.Kinases_MCCE.Trial02.run_holo.3UE4_ARG+1A0473_005
Skipping PBE solver for non-charge conformer (529/601) ALA01A0474_001...
ForkPoolWorker-3: Calling delphi to calculate conformer (530/601) CYS01A0475_001 in /tmp/pbe_data.data.home.granepura.5-Kinases.Kinases_MCCE.Trial02.run_holo.3UE4_CYS01A0475_001
ForkPoolWorker-2: Calling delphi to calculate conformer (531/601) CYS01A0475_002 in /tmp/pbe_data.data.home.granepura.5-Kinases.Kinases_MCCE.Trial02.run_holo.3UE4_CYS01A0475_002
ForkPoolWorker-4: Calling delphi to calculate conformer (532/601) CYS01A0475_003 in /tmp/pbe_data.data.home.granepura.5-Kinases.Kinases_MCCE.Trial02.run_holo.3UE4_CYS01A0475_003
ForkPoolWorker-1: Calling delphi to calculate conformer (533/601) CYS-1A0475_004 in /tmp/pbe_data.data.home.granepura.5-Kinases.Kinases_MCCE.Trial02.run_holo.3UE4_CYS-1A0475_004
Skipping PBE solver for non-charge conformer (534/601) TRP01A0476_001...
ForkPoolWorker-5: Calling delphi to calculate conformer (535/601) GLN01A0477_001 in /tmp/pbe_data.data.home.granepura.5-Kinases.Kinases_MCCE.Trial02.run_holo.3UE4_GLN01A0477_001
ForkPoolWorker-3: Calling delphi to calculate conformer (536/601) GLN01A0477_002 in /tmp/pbe_data.data.home.granepura.5-Kinases.Kinases_MCCE.Trial02.run_holo.3UE4_GLN01A0477_002
Skipping PBE solver for non-charge conformer (537/601) TRP01A0478_001...
ForkPoolWorker-2: Calling delphi to calculate conformer (538/601) ASN01A0479_001 in /tmp/pbe_data.data.home.granepura.5-Kinases.Kinases_MCCE.Trial02.run_holo.3UE4_ASN01A0479_001
ForkPoolWorker-4: Calling delphi to calculate conformer (539/601) ASN01A0479_002 in /tmp/pbe_data.data.home.granepura.5-Kinases.Kinases_MCCE.Trial02.run_holo.3UE4_ASN01A0479_002
Skipping PBE solver for non-charge conformer (540/601) PRO01A0480_001...
ForkPoolWorker-1: Calling delphi to calculate conformer (541/601) SER01A0481_001 in /tmp/pbe_data.data.home.granepura.5-Kinases.Kinases_MCCE.Trial02.run_holo.3UE4_SER01A0481_001
ForkPoolWorker-5: Calling delphi to calculate conformer (542/601) SER01A0481_002 in /tmp/pbe_data.data.home.granepura.5-Kinases.Kinases_MCCE.Trial02.run_holo.3UE4_SER01A0481_002
ForkPoolWorker-3: Calling delphi to calculate conformer (543/601) ASP01A0482_001 in /tmp/pbe_data.data.home.granepura.5-Kinases.Kinases_MCCE.Trial02.run_holo.3UE4_ASP01A0482_001
ForkPoolWorker-2: Calling delphi to calculate conformer (544/601) ASP01A0482_002 in /tmp/pbe_data.data.home.granepura.5-Kinases.Kinases_MCCE.Trial02.run_holo.3UE4_ASP01A0482_002
ForkPoolWorker-4: Calling delphi to calculate conformer (545/601) ASP02A0482_003 in /tmp/pbe_data.data.home.granepura.5-Kinases.Kinases_MCCE.Trial02.run_holo.3UE4_ASP02A0482_003
ForkPoolWorker-1: Calling delphi to calculate conformer (546/601) ASP02A0482_004 in /tmp/pbe_data.data.home.granepura.5-Kinases.Kinases_MCCE.Trial02.run_holo.3UE4_ASP02A0482_004
ForkPoolWorker-5: Calling delphi to calculate conformer (547/601) ASP-1A0482_005 in /tmp/pbe_data.data.home.granepura.5-Kinases.Kinases_MCCE.Trial02.run_holo.3UE4_ASP-1A0482_005
ForkPoolWorker-3: Calling delphi to calculate conformer (548/601) ARG01A0483_001 in /tmp/pbe_data.data.home.granepura.5-Kinases.Kinases_MCCE.Trial02.run_holo.3UE4_ARG01A0483_001
ForkPoolWorker-2: Calling delphi to calculate conformer (549/601) ARG02A0483_002 in /tmp/pbe_data.data.home.granepura.5-Kinases.Kinases_MCCE.Trial02.run_holo.3UE4_ARG02A0483_002
ForkPoolWorker-4: Calling delphi to calculate conformer (550/601) ARG02A0483_003 in /tmp/pbe_data.data.home.granepura.5-Kinases.Kinases_MCCE.Trial02.run_holo.3UE4_ARG02A0483_003
ForkPoolWorker-1: Calling delphi to calculate conformer (551/601) ARG03A0483_004 in /tmp/pbe_data.data.home.granepura.5-Kinases.Kinases_MCCE.Trial02.run_holo.3UE4_ARG03A0483_004
ForkPoolWorker-5: Calling delphi to calculate conformer (552/601) ARG03A0483_005 in /tmp/pbe_data.data.home.granepura.5-Kinases.Kinases_MCCE.Trial02.run_holo.3UE4_ARG03A0483_005
ForkPoolWorker-3: Calling delphi to calculate conformer (553/601) ARG+1A0483_006 in /tmp/pbe_data.data.home.granepura.5-Kinases.Kinases_MCCE.Trial02.run_holo.3UE4_ARG+1A0483_006
Skipping PBE solver for non-charge conformer (554/601) PRO01A0484_001...
ForkPoolWorker-2: Calling delphi to calculate conformer (555/601) SER01A0485_001 in /tmp/pbe_data.data.home.granepura.5-Kinases.Kinases_MCCE.Trial02.run_holo.3UE4_SER01A0485_001
ForkPoolWorker-4: Calling delphi to calculate conformer (556/601) SER01A0485_002 in /tmp/pbe_data.data.home.granepura.5-Kinases.Kinases_MCCE.Trial02.run_holo.3UE4_SER01A0485_002
ForkPoolWorker-1: Calling delphi to calculate conformer (557/601) SER01A0485_003 in /tmp/pbe_data.data.home.granepura.5-Kinases.Kinases_MCCE.Trial02.run_holo.3UE4_SER01A0485_003
Skipping PBE solver for non-charge conformer (558/601) PHE01A0486_001...
Skipping PBE solver for non-charge conformer (559/601) ALA01A0487_001...
ForkPoolWorker-5: Calling delphi to calculate conformer (560/601) GLU01A0488_001 in /tmp/pbe_data.data.home.granepura.5-Kinases.Kinases_MCCE.Trial02.run_holo.3UE4_GLU01A0488_001
ForkPoolWorker-3: Calling delphi to calculate conformer (561/601) GLU01A0488_002 in /tmp/pbe_data.data.home.granepura.5-Kinases.Kinases_MCCE.Trial02.run_holo.3UE4_GLU01A0488_002
ForkPoolWorker-2: Calling delphi to calculate conformer (562/601) GLU02A0488_003 in /tmp/pbe_data.data.home.granepura.5-Kinases.Kinases_MCCE.Trial02.run_holo.3UE4_GLU02A0488_003
ForkPoolWorker-4: Calling delphi to calculate conformer (563/601) GLU02A0488_004 in /tmp/pbe_data.data.home.granepura.5-Kinases.Kinases_MCCE.Trial02.run_holo.3UE4_GLU02A0488_004
ForkPoolWorker-1: Calling delphi to calculate conformer (564/601) GLU-1A0488_005 in /tmp/pbe_data.data.home.granepura.5-Kinases.Kinases_MCCE.Trial02.run_holo.3UE4_GLU-1A0488_005
Skipping PBE solver for non-charge conformer (565/601) ILE01A0489_001...
ForkPoolWorker-5: Calling delphi to calculate conformer (566/601) HIS01A0490_001 in /tmp/pbe_data.data.home.granepura.5-Kinases.Kinases_MCCE.Trial02.run_holo.3UE4_HIS01A0490_001
ForkPoolWorker-3: Calling delphi to calculate conformer (567/601) HIS01A0490_002 in /tmp/pbe_data.data.home.granepura.5-Kinases.Kinases_MCCE.Trial02.run_holo.3UE4_HIS01A0490_002
ForkPoolWorker-2: Calling delphi to calculate conformer (568/601) HIS02A0490_003 in /tmp/pbe_data.data.home.granepura.5-Kinases.Kinases_MCCE.Trial02.run_holo.3UE4_HIS02A0490_003
ForkPoolWorker-4: Calling delphi to calculate conformer (569/601) HIS02A0490_004 in /tmp/pbe_data.data.home.granepura.5-Kinases.Kinases_MCCE.Trial02.run_holo.3UE4_HIS02A0490_004
ForkPoolWorker-1: Calling delphi to calculate conformer (570/601) HIS+1A0490_005 in /tmp/pbe_data.data.home.granepura.5-Kinases.Kinases_MCCE.Trial02.run_holo.3UE4_HIS+1A0490_005
ForkPoolWorker-5: Calling delphi to calculate conformer (571/601) HIS+1A0490_006 in /tmp/pbe_data.data.home.granepura.5-Kinases.Kinases_MCCE.Trial02.run_holo.3UE4_HIS+1A0490_006
ForkPoolWorker-3: Calling delphi to calculate conformer (572/601) GLN01A0491_001 in /tmp/pbe_data.data.home.granepura.5-Kinases.Kinases_MCCE.Trial02.run_holo.3UE4_GLN01A0491_001
ForkPoolWorker-2: Calling delphi to calculate conformer (573/601) GLN01A0491_002 in /tmp/pbe_data.data.home.granepura.5-Kinases.Kinases_MCCE.Trial02.run_holo.3UE4_GLN01A0491_002
Skipping PBE solver for non-charge conformer (574/601) ALA01A0492_001...
Skipping PBE solver for non-charge conformer (575/601) PHE01A0493_001...
ForkPoolWorker-4: Calling delphi to calculate conformer (576/601) GLU01A0494_001 in /tmp/pbe_data.data.home.granepura.5-Kinases.Kinases_MCCE.Trial02.run_holo.3UE4_GLU01A0494_001
ForkPoolWorker-1: Calling delphi to calculate conformer (577/601) GLU01A0494_002 in /tmp/pbe_data.data.home.granepura.5-Kinases.Kinases_MCCE.Trial02.run_holo.3UE4_GLU01A0494_002
ForkPoolWorker-5: Calling delphi to calculate conformer (578/601) GLU02A0494_003 in /tmp/pbe_data.data.home.granepura.5-Kinases.Kinases_MCCE.Trial02.run_holo.3UE4_GLU02A0494_003
ForkPoolWorker-3: Calling delphi to calculate conformer (579/601) GLU02A0494_004 in /tmp/pbe_data.data.home.granepura.5-Kinases.Kinases_MCCE.Trial02.run_holo.3UE4_GLU02A0494_004
ForkPoolWorker-2: Calling delphi to calculate conformer (580/601) GLU-1A0494_005 in /tmp/pbe_data.data.home.granepura.5-Kinases.Kinases_MCCE.Trial02.run_holo.3UE4_GLU-1A0494_005
ForkPoolWorker-4: Calling delphi to calculate conformer (581/601) THR01A0495_001 in /tmp/pbe_data.data.home.granepura.5-Kinases.Kinases_MCCE.Trial02.run_holo.3UE4_THR01A0495_001
ForkPoolWorker-1: Calling delphi to calculate conformer (582/601) THR01A0495_002 in /tmp/pbe_data.data.home.granepura.5-Kinases.Kinases_MCCE.Trial02.run_holo.3UE4_THR01A0495_002
ForkPoolWorker-5: Calling delphi to calculate conformer (583/601) THR01A0495_003 in /tmp/pbe_data.data.home.granepura.5-Kinases.Kinases_MCCE.Trial02.run_holo.3UE4_THR01A0495_003
ForkPoolWorker-3: Calling delphi to calculate conformer (584/601) MET01A0496_001 in /tmp/pbe_data.data.home.granepura.5-Kinases.Kinases_MCCE.Trial02.run_holo.3UE4_MET01A0496_001
Skipping PBE solver for non-charge conformer (585/601) PHE01A0497_001...
ForkPoolWorker-2: Calling delphi to calculate conformer (586/601) GLN01A0498_001 in /tmp/pbe_data.data.home.granepura.5-Kinases.Kinases_MCCE.Trial02.run_holo.3UE4_GLN01A0498_001
ForkPoolWorker-4: Calling delphi to calculate conformer (587/601) GLN01A0498_002 in /tmp/pbe_data.data.home.granepura.5-Kinases.Kinases_MCCE.Trial02.run_holo.3UE4_GLN01A0498_002
ForkPoolWorker-1: Calling delphi to calculate conformer (588/601) GLU01A0499_001 in /tmp/pbe_data.data.home.granepura.5-Kinases.Kinases_MCCE.Trial02.run_holo.3UE4_GLU01A0499_001
ForkPoolWorker-5: Calling delphi to calculate conformer (589/601) GLU01A0499_002 in /tmp/pbe_data.data.home.granepura.5-Kinases.Kinases_MCCE.Trial02.run_holo.3UE4_GLU01A0499_002
ForkPoolWorker-3: Calling delphi to calculate conformer (590/601) GLU02A0499_003 in /tmp/pbe_data.data.home.granepura.5-Kinases.Kinases_MCCE.Trial02.run_holo.3UE4_GLU02A0499_003
ForkPoolWorker-2: Calling delphi to calculate conformer (591/601) GLU02A0499_004 in /tmp/pbe_data.data.home.granepura.5-Kinases.Kinases_MCCE.Trial02.run_holo.3UE4_GLU02A0499_004
ForkPoolWorker-4: Calling delphi to calculate conformer (592/601) GLU-1A0499_005 in /tmp/pbe_data.data.home.granepura.5-Kinases.Kinases_MCCE.Trial02.run_holo.3UE4_GLU-1A0499_005
ForkPoolWorker-1: Calling delphi to calculate conformer (593/601) SER01A0500_001 in /tmp/pbe_data.data.home.granepura.5-Kinases.Kinases_MCCE.Trial02.run_holo.3UE4_SER01A0500_001
ForkPoolWorker-5: Calling delphi to calculate conformer (594/601) SER01A0500_002 in /tmp/pbe_data.data.home.granepura.5-Kinases.Kinases_MCCE.Trial02.run_holo.3UE4_SER01A0500_002
ForkPoolWorker-3: Calling delphi to calculate conformer (595/601) SER01A0501_001 in /tmp/pbe_data.data.home.granepura.5-Kinases.Kinases_MCCE.Trial02.run_holo.3UE4_SER01A0501_001
ForkPoolWorker-2: Calling delphi to calculate conformer (596/601) SER01A0501_002 in /tmp/pbe_data.data.home.granepura.5-Kinases.Kinases_MCCE.Trial02.run_holo.3UE4_SER01A0501_002
Skipping PBE solver for non-charge conformer (597/601) ILE01A0502_001...
ForkPoolWorker-4: Calling delphi to calculate conformer (598/601) DB801A0601_001 in /tmp/pbe_data.data.home.granepura.5-Kinases.Kinases_MCCE.Trial02.run_holo.3UE4_DB801A0601_001
ForkPoolWorker-1: Calling delphi to calculate conformer (599/601) DB802A0601_002 in /tmp/pbe_data.data.home.granepura.5-Kinases.Kinases_MCCE.Trial02.run_holo.3UE4_DB802A0601_002
ForkPoolWorker-5: Calling delphi to calculate conformer (600/601) DB8+1A0601_003 in /tmp/pbe_data.data.home.granepura.5-Kinases.Kinases_MCCE.Trial02.run_holo.3UE4_DB8+1A0601_003
ForkPoolWorker-3: Calling delphi to calculate conformer (601/601) DB8+2A0601_004 in /tmp/pbe_data.data.home.granepura.5-Kinases.Kinases_MCCE.Trial02.run_holo.3UE4_DB8+2A0601_004
