ForkPoolWorker-1: Calling delphi to calculate conformer BAX01A1201_001 in /tmp/pbe_data.data.home.granepura.5-kinases.cof_tpl_mg.run_cof2.3wze_BAX01A1201_001
ForkPoolWorker-1: Calling delphi to calculate conformer BAX+1A1201_002 in /tmp/pbe_data.data.home.granepura.5-kinases.cof_tpl_mg.run_cof2.3wze_BAX+1A1201_002
ForkPoolWorker-1: Calling delphi to calculate conformer BAX02A1201_003 in /tmp/pbe_data.data.home.granepura.5-kinases.cof_tpl_mg.run_cof2.3wze_BAX02A1201_003
ForkPoolWorker-1: Calling delphi to calculate conformer BAX-1A1201_004 in /tmp/pbe_data.data.home.granepura.5-kinases.cof_tpl_mg.run_cof2.3wze_BAX-1A1201_004
ForkPoolWorker-1: Calling delphi to calculate conformer BAX01A1201_001 in /tmp/pbe_data.data.home.granepura.5-kinases.cof_tpl_mg.run_cof2.3WZE_BAX01A1201_001
ForkPoolWorker-1: Calling delphi to calculate conformer BAX+1A1201_002 in /tmp/pbe_data.data.home.granepura.5-kinases.cof_tpl_mg.run_cof2.3WZE_BAX+1A1201_002
ForkPoolWorker-1: Calling delphi to calculate conformer BAX02A1201_003 in /tmp/pbe_data.data.home.granepura.5-kinases.cof_tpl_mg.run_cof2.3WZE_BAX02A1201_003
ForkPoolWorker-1: Calling delphi to calculate conformer BAX-1A1201_004 in /tmp/pbe_data.data.home.granepura.5-kinases.cof_tpl_mg.run_cof2.3WZE_BAX-1A1201_004
ForkPoolWorker-1: Calling delphi to calculate conformer BAX01A1201_001 in /tmp/pbe_data.data.home.granepura.5-kinases.cof_tpl_mg.run_cof2.3WZE_BAX01A1201_001
ForkPoolWorker-1: Calling delphi to calculate conformer BAX+1A1201_002 in /tmp/pbe_data.data.home.granepura.5-kinases.cof_tpl_mg.run_cof2.3WZE_BAX+1A1201_002
ForkPoolWorker-1: Calling delphi to calculate conformer BAX02A1201_003 in /tmp/pbe_data.data.home.granepura.5-kinases.cof_tpl_mg.run_cof2.3WZE_BAX02A1201_003
ForkPoolWorker-1: Calling delphi to calculate conformer BAX-1A1201_004 in /tmp/pbe_data.data.home.granepura.5-kinases.cof_tpl_mg.run_cof2.3WZE_BAX-1A1201_004
ForkPoolWorker-1: Calling delphi to calculate conformer BAX01A1201_001 in /tmp/pbe_data.data.home.granepura.5-kinases.cof_tpl_mg.run_cof2.3WZE_BAX01A1201_001
ForkPoolWorker-1: Calling delphi to calculate conformer BAX+1A1201_002 in /tmp/pbe_data.data.home.granepura.5-kinases.cof_tpl_mg.run_cof2.3WZE_BAX+1A1201_002
ForkPoolWorker-1: Calling delphi to calculate conformer BAX02A1201_003 in /tmp/pbe_data.data.home.granepura.5-kinases.cof_tpl_mg.run_cof2.3WZE_BAX02A1201_003
ForkPoolWorker-1: Calling delphi to calculate conformer BAX-1A1201_004 in /tmp/pbe_data.data.home.granepura.5-kinases.cof_tpl_mg.run_cof2.3WZE_BAX-1A1201_004
ForkPoolWorker-1: Calling delphi to calculate conformer BAX01A1201_001 in /tmp/pbe_data.data.home.granepura.5-kinases.cof_tpl_mg.run_cof2.3WZE_BAX01A1201_001
ForkPoolWorker-1: Calling delphi to calculate conformer BAX+1A1201_002 in /tmp/pbe_data.data.home.granepura.5-kinases.cof_tpl_mg.run_cof2.3WZE_BAX+1A1201_002
ForkPoolWorker-1: Calling delphi to calculate conformer BAX02A1201_003 in /tmp/pbe_data.data.home.granepura.5-kinases.cof_tpl_mg.run_cof2.3WZE_BAX02A1201_003
ForkPoolWorker-1: Calling delphi to calculate conformer BAX-1A1201_004 in /tmp/pbe_data.data.home.granepura.5-kinases.cof_tpl_mg.run_cof2.3WZE_BAX-1A1201_004
ForkPoolWorker-1: Calling delphi to calculate conformer BAX01A1201_001 in /tmp/pbe_data.data.home.granepura.5-kinases.cof_tpl_mg.run_cof2.3WZE_BAX01A1201_001
ForkPoolWorker-1: Calling delphi to calculate conformer BAX+1A1201_002 in /tmp/pbe_data.data.home.granepura.5-kinases.cof_tpl_mg.run_cof2.3WZE_BAX+1A1201_002
ForkPoolWorker-1: Calling delphi to calculate conformer BAX02A1201_003 in /tmp/pbe_data.data.home.granepura.5-kinases.cof_tpl_mg.run_cof2.3WZE_BAX02A1201_003
ForkPoolWorker-1: Calling delphi to calculate conformer BAX-1A1201_004 in /tmp/pbe_data.data.home.granepura.5-kinases.cof_tpl_mg.run_cof2.3WZE_BAX-1A1201_004
ForkPoolWorker-1: Calling delphi to calculate conformer (1/4) BAX01A1201_001 in /tmp/pbe_data.data.home.schowdhury.Project_kinases.cof_tpl_mg.run_cof2.3WZE_BAX01A1201_001
ForkPoolWorker-1: Calling delphi to calculate conformer (2/4) BAX+1A1201_002 in /tmp/pbe_data.data.home.schowdhury.Project_kinases.cof_tpl_mg.run_cof2.3WZE_BAX+1A1201_002
ForkPoolWorker-1: Calling delphi to calculate conformer (3/4) BAX02A1201_003 in /tmp/pbe_data.data.home.schowdhury.Project_kinases.cof_tpl_mg.run_cof2.3WZE_BAX02A1201_003
ForkPoolWorker-1: Calling delphi to calculate conformer (4/4) BAX-1A1201_004 in /tmp/pbe_data.data.home.schowdhury.Project_kinases.cof_tpl_mg.run_cof2.3WZE_BAX-1A1201_004
