 ph              7.4
ASN01A1093_001 0.009
ASN01A1093_002 0.009
PRO01A1094_001 0.000
ASN01A1095_001 0.400
ASN01A1095_002 0.400
TYR01A1096_001 0.000
TYR-1A1096_002 0.000
CYS01A1097_001 0.650
CYS01A1097_002 0.650
CYS01A1097_003 0.650
CYS-1A1097_004 0.000
PHE01A1098_001 0.000
ALA01A1099_001 0.000
LYS01A1101_001 0.000
LYS+1A1101_002 0.000
THR01A1102_001 0.372
THR01A1102_002 0.372
THR01A1102_003 0.372
SER01A1103_001 0.000
SER01A1104_001 0.015
SER01A1104_002 0.015
ILE01A1105_001 0.000
SER01A1106_001 0.000
ASP01A1107_001 0.000
ASP01A1107_002 0.000
ASP02A1107_003 0.000
ASP02A1107_004 0.000
ASP-1A1107_005 0.000
LEU01A1108_001 0.000
LYS01A1109_001 0.000
LYS+1A1109_002 0.000
GLU01A1110_001 0.000
GLU01A1110_002 0.000
GLU02A1110_003 0.000
GLU02A1110_004 0.000
GLU-1A1110_005 0.000
VAL01A1111_001 0.000
PRO01A1112_001 0.000
ARG01A1113_001 0.000
ARG02A1113_002 0.000
ARG03A1113_003 0.000
ARG03A1113_004 0.000
ARG+1A1113_005 0.000
LYS01A1114_001 0.000
LYS+1A1114_002 0.000
ASN01A1115_001 0.000
ILE01A1116_001 0.000
THR01A1117_001 0.000
LEU01A1118_001 0.000
ILE01A1119_001 0.000
ARG01A1120_001 0.000
ARG02A1120_002 0.000
ARG02A1120_003 0.000
ARG03A1120_004 0.000
ARG+1A1120_005 0.000
LEU01A1122_001 0.000
ALA01A1126_001 0.000
PHE01A1127_001 0.000
GLU01A1129_001 0.000
GLU01A1129_002 0.000
GLU02A1129_003 0.000
GLU02A1129_004 0.000
GLU-1A1129_005 0.000
VAL01A1130_001 0.000
TYR01A1131_001 0.026
TYR01A1131_002 0.026
TYR-1A1131_003 0.000
GLU01A1132_001 0.000
GLU01A1132_002 0.000
GLU02A1132_003 0.000
GLU02A1132_004 0.000
GLU-1A1132_005 0.000
GLN01A1134_001 0.403
GLN01A1134_002 0.403
VAL01A1135_001 0.000
SER01A1136_001 0.191
SER01A1136_002 0.191
PRO01A1144_001 0.000
LEU01A1145_001 0.000
GLN01A1146_001 0.407
GLN01A1146_002 0.407
VAL01A1147_001 0.000
ALA01A1148_001 0.000
VAL01A1149_001 0.000
LYS01A1150_001 0.000
LYS+1A1150_002 0.000
THR01A1151_001 0.000
LEU01A1152_001 0.000
PRO01A1153_001 0.000
GLU01A1154_001 0.719
GLU01A1154_002 0.719
GLU02A1154_003 0.719
GLU02A1154_004 0.719
GLU-1A1154_005 0.000
VAL01A1155_001 0.000
CYS01A1156_001 0.547
CYS01A1156_002 0.547
CYS01A1156_003 0.547
CYS-1A1156_004 0.000
SER01A1157_001 0.236
SER01A1157_002 0.236
SER01A1157_003 0.236
GLU01A1158_001 0.000
GLU01A1158_002 0.000
GLU02A1158_003 0.000
GLU02A1158_004 0.000
GLU-1A1158_005 0.000
GLN01A1159_001 0.089
GLN01A1159_002 0.089
ASP01A1160_001 0.000
ASP01A1160_002 0.000
ASP02A1160_003 0.000
ASP02A1160_004 0.000
ASP-1A1160_005 0.000
GLU01A1161_001 0.000
GLU01A1161_002 0.000
GLU02A1161_003 0.000
GLU02A1161_004 0.000
GLU-1A1161_005 0.000
LEU01A1162_001 0.000
ASP01A1163_001 0.406
ASP01A1163_002 0.406
ASP02A1163_003 0.406
ASP02A1163_004 0.406
ASP-1A1163_005 0.000
PHE01A1164_001 0.000
LEU01A1165_001 0.000
MET01A1166_001 0.000
GLU01A1167_001 0.566
GLU01A1167_002 0.566
GLU02A1167_003 0.566
GLU02A1167_004 0.566
GLU-1A1167_005 0.000
ALA01A1168_001 0.000
LEU01A1169_001 0.000
ILE01A1170_001 0.000
ILE01A1171_001 0.000
SER01A1172_001 0.299
SER01A1172_002 0.299
SER01A1172_003 0.299
LYS01A1173_001 0.000
LYS+1A1173_002 0.000
PHE01A1174_001 0.000
ASN01A1175_001 0.000
ASN01A1175_002 0.000
HIS01A1176_001 0.000
HIS01A1176_002 0.000
HIS02A1176_003 0.000
HIS02A1176_004 0.000
HIS+1A1176_005 0.000
HIS+1A1176_006 0.000
GLN01A1177_001 0.409
GLN01A1177_002 0.409
ASN01A1178_001 0.000
ASN01A1178_002 0.000
ILE01A1179_001 0.000
VAL01A1180_001 0.000
ARG01A1181_001 0.000
ARG01A1181_002 0.000
ARG02A1181_003 0.000
ARG02A1181_004 0.000
ARG02A1181_005 0.000
ARG03A1181_006 0.000
ARG03A1181_007 0.000
ARG+1A1181_008 0.000
ARG+1A1181_009 0.000
CYS01A1182_001 0.601
CYS01A1182_002 0.601
CYS01A1182_003 0.601
CYS-1A1182_004 0.000
ILE01A1183_001 0.000
VAL01A1185_001 0.000
SER01A1186_001 0.000
SER01A1186_002 0.000
SER01A1186_003 0.000
LEU01A1187_001 0.000
GLN01A1188_001 0.409
GLN01A1188_002 0.409
SER01A1189_001 0.000
LEU01A1190_001 0.000
PRO01A1191_001 0.000
ARG01A1192_001 0.000
ARG02A1192_002 0.000
ARG03A1192_003 0.000
ARG03A1192_004 0.000
ARG+1A1192_005 0.000
PHE01A1193_001 0.000
ILE01A1194_001 0.000
LEU01A1195_001 0.000
LEU01A1196_001 0.000
GLU01A1197_001 0.000
GLU01A1197_002 0.000
GLU02A1197_003 0.000
GLU02A1197_004 0.000
GLU-1A1197_005 0.000
LEU01A1198_001 0.000
MET01A1199_001 0.000
ALA01A1200_001 0.000
ASP01A1203_001 0.000
ASP01A1203_002 0.000
ASP02A1203_003 0.000
ASP02A1203_004 0.000
ASP-1A1203_005 0.000
LEU01A1204_001 0.000
LYS01A1205_001 0.000
LYS+1A1205_002 0.000
SER01A1206_001 0.726
SER01A1206_002 0.726
SER01A1206_003 0.726
SER01A1206_004 0.726
SER01A1206_005 0.726
SER01A1206_006 0.726
PHE01A1207_001 0.000
LEU01A1208_001 0.000
ARG01A1209_001 0.000
ARG02A1209_002 0.000
ARG03A1209_003 0.000
ARG+1A1209_004 0.000
GLU01A1210_001 0.731
GLU01A1210_002 0.731
GLU02A1210_003 0.731
GLU02A1210_004 0.731
GLU-1A1210_005 0.000
THR01A1211_001 0.359
THR01A1211_002 0.359
ARG01A1212_001 0.000
ARG02A1212_002 0.000
ARG02A1212_003 0.000
ARG03A1212_004 0.000
ARG+1A1212_005 0.000
PRO01A1213_001 0.000
ARG01A1214_001 0.000
ARG02A1214_002 0.000
ARG03A1214_003 0.000
ARG+1A1214_004 0.000
PRO01A1215_001 0.000
SER01A1216_001 0.035
SER01A1216_002 0.035
GLN01A1217_001 0.000
SER01A1220_001 0.161
SER01A1220_002 0.161
LEU01A1221_001 0.000
ALA01A1222_001 0.000
MET01A1223_001 0.000
LEU01A1224_001 0.000
ASP01A1225_001 0.000
ASP01A1225_002 0.000
ASP02A1225_003 0.000
ASP02A1225_004 0.000
ASP-1A1225_005 0.000
LEU01A1226_001 0.000
LEU01A1227_001 0.000
HIS01A1228_001 0.746
HIS01A1228_002 0.746
HIS02A1228_003 0.746
HIS02A1228_004 0.746
HIS+1A1228_005 0.407
HIS+1A1228_006 0.407
VAL01A1229_001 0.000
ALA01A1230_001 0.000
ARG01A1231_001 0.000
ARG02A1231_002 0.000
ARG02A1231_003 0.000
ARG03A1231_004 0.000
ARG+1A1231_005 0.000
ASP01A1232_001 0.000
ASP01A1232_002 0.000
ASP02A1232_003 0.000
ASP02A1232_004 0.000
ASP-1A1232_005 0.000
ILE01A1233_001 0.000
ALA01A1234_001 0.000
CYS01A1235_001 0.590
CYS01A1235_002 0.590
CYS01A1235_003 0.590
CYS-1A1235_004 0.000
CYS01A1237_001 0.611
CYS01A1237_002 0.611
CYS01A1237_003 0.611
CYS-1A1237_004 0.000
GLN01A1238_001 0.396
GLN01A1238_002 0.396
TYR01A1239_001 0.000
TYR-1A1239_002 0.000
LEU01A1240_001 0.000
GLU01A1241_001 0.000
GLU01A1241_002 0.000
GLU02A1241_003 0.000
GLU02A1241_004 0.000
GLU-1A1241_005 0.000
GLU01A1242_001 0.690
GLU01A1242_002 0.690
GLU02A1242_003 0.690
GLU02A1242_004 0.690
GLU-1A1242_005 0.000
ASN01A1243_001 0.008
ASN01A1243_002 0.008
HIS01A1244_001 0.815
HIS01A1244_002 0.815
HIS02A1244_003 0.815
HIS02A1244_004 0.815
HIS+1A1244_005 0.391
HIS+1A1244_006 0.391
PHE01A1245_001 0.000
ILE01A1246_001 0.000
HIS01A1247_001 0.000
HIS02A1247_002 0.000
HIS+1A1247_003 0.000
ARG01A1248_001 0.000
ARG02A1248_002 0.000
ARG03A1248_003 0.000
ARG+1A1248_004 0.000
ASP01A1249_001 0.351
ASP01A1249_002 0.351
ASP02A1249_003 0.351
ASP02A1249_004 0.351
ASP-1A1249_005 0.000
ILE01A1250_001 0.000
ALA01A1251_001 0.000
ALA01A1252_001 0.000
ARG01A1253_001 0.000
ARG02A1253_002 0.000
ARG03A1253_003 0.000
ARG03A1253_004 0.000
ARG+1A1253_005 0.000
ASN01A1254_001 0.000
ASN01A1254_002 0.000
CYS01A1255_001 0.534
CYS01A1255_002 0.534
CYS01A1255_003 0.534
CYS-1A1255_004 0.000
LEU01A1256_001 0.000
LEU01A1257_001 0.000
THR01A1258_001 0.000
THR01A1258_002 0.000
CYS01A1259_001 0.340
CYS01A1259_002 0.340
CYS01A1259_003 0.340
CYS-1A1259_004 0.000
PRO01A1260_001 0.000
PRO01A1262_001 0.000
ARG01A1264_001 0.000
ARG02A1264_002 0.000
ARG02A1264_003 0.000
ARG03A1264_004 0.000
ARG03A1264_005 0.000
ARG+1A1264_006 0.000
VAL01A1265_001 0.000
ALA01A1266_001 0.000
LYS01A1267_001 0.000
LYS+1A1267_002 0.000
ILE01A1268_001 0.000
ASP01A1270_001 0.000
ASP01A1270_002 0.000
ASP02A1270_003 0.000
ASP02A1270_004 0.000
ASP-1A1270_005 0.000
PHE01A1271_001 0.000
MET01A1273_001 0.000
ALA01A1274_001 0.000
ARG01A1275_001 0.000
ARG02A1275_002 0.000
ARG02A1275_003 0.000
ARG03A1275_004 0.000
ARG03A1275_005 0.000
ARG+1A1275_006 0.000
ASP01A1276_001 0.000
ASP01A1276_002 0.000
ASP02A1276_003 0.000
ASP02A1276_004 0.000
ASP-1A1276_005 0.000
ILE01A1277_001 0.000
TYR01A1278_001 0.000
TYR-1A1278_002 0.000
ARG01A1279_001 0.000
ARG02A1279_002 0.000
ARG03A1279_003 0.000
ARG+1A1279_004 0.000
ALA01A1280_001 0.000
MET01A1290_001 0.000
LEU01A1291_001 0.000
PRO01A1292_001 0.000
VAL01A1293_001 0.000
LYS01A1294_001 0.000
LYS+1A1294_002 0.000
TRP01A1295_001 0.000
MET01A1296_001 0.000
PRO01A1297_001 0.000
PRO01A1298_001 0.000
GLU01A1299_001 0.000
GLU01A1299_002 0.000
GLU02A1299_003 0.000
GLU02A1299_004 0.000
GLU-1A1299_005 0.000
ALA01A1300_001 0.000
PHE01A1301_001 0.000
MET01A1302_001 0.000
GLU01A1303_001 0.271
GLU01A1303_002 0.271
GLU02A1303_003 0.271
GLU02A1303_004 0.271
GLU-1A1303_005 0.000
ILE01A1305_001 0.000
PHE01A1306_001 0.000
THR01A1307_001 0.000
THR01A1307_002 0.000
SER01A1308_001 0.262
SER01A1308_002 0.262
LYS01A1309_001 0.000
LYS+1A1309_002 0.000
THR01A1310_001 0.057
THR01A1310_002 0.057
ASP01A1311_001 0.000
ASP01A1311_002 0.000
ASP02A1311_003 0.000
ASP02A1311_004 0.000
ASP-1A1311_005 0.000
THR01A1312_001 0.000
TRP01A1313_001 0.000
SER01A1314_001 0.154
SER01A1314_002 0.154
SER01A1314_003 0.154
PHE01A1315_001 0.000
VAL01A1317_001 0.000
LEU01A1318_001 0.000
LEU01A1319_001 0.000
TRP01A1320_001 0.000
GLU01A1321_001 0.000
GLU01A1321_002 0.000
GLU02A1321_003 0.000
GLU02A1321_004 0.000
GLU-1A1321_005 0.000
ILE01A1322_001 0.000
PHE01A1323_001 0.000
SER01A1324_001 0.000
LEU01A1325_001 0.000
TYR01A1327_001 0.000
TYR-1A1327_002 0.000
MET01A1328_001 0.000
PRO01A1329_001 0.000
TYR01A1330_001 0.000
TYR-1A1330_002 0.000
PRO01A1331_001 0.000
SER01A1332_001 0.000
LYS01A1333_001 0.000
LYS+1A1333_002 0.000
SER01A1334_001 0.558
SER01A1334_002 0.558
SER01A1334_003 0.558
SER01A1334_004 0.558
ASN01A1335_001 0.098
ASN01A1335_002 0.098
GLN01A1336_001 0.043
GLN01A1336_002 0.043
GLU01A1337_001 0.000
GLU01A1337_002 0.000
GLU01A1337_003 0.000
GLU01A1337_004 0.000
GLU02A1337_005 0.000
GLU02A1337_006 0.000
GLU02A1337_007 0.000
GLU02A1337_008 0.000
GLU-1A1337_009 0.150
GLU-1A1337_010 0.150
VAL01A1338_001 0.000
LEU01A1339_001 0.000
GLU01A1340_001 0.405
GLU01A1340_002 0.405
GLU02A1340_003 0.405
GLU02A1340_004 0.405
GLU-1A1340_005 0.000
PHE01A1341_001 0.000
VAL01A1342_001 0.000
THR01A1343_001 0.093
THR01A1343_002 0.093
SER01A1344_001 0.376
SER01A1344_002 0.376
ARG01A1347_001 0.000
ARG02A1347_002 0.000
ARG02A1347_003 0.000
ARG03A1347_004 0.000
ARG+1A1347_005 0.000
MET01A1348_001 0.000
ASP01A1349_001 0.000
ASP01A1349_002 0.000
ASP02A1349_003 0.000
ASP02A1349_004 0.000
ASP-1A1349_005 0.000
PRO01A1350_001 0.000
PRO01A1351_001 0.000
LYS01A1352_001 0.000
LYS+1A1352_002 0.000
ASN01A1353_001 0.208
ASN01A1353_002 0.208
CYS01A1354_001 0.554
CYS01A1354_002 0.554
CYS01A1354_003 0.554
CYS-1A1354_004 0.000
PRO01A1355_001 0.000
PRO01A1357_001 0.000
VAL01A1358_001 0.000
TYR01A1359_001 0.045
TYR01A1359_002 0.045
TYR-1A1359_003 0.000
ARG01A1360_001 0.000
ARG02A1360_002 0.000
ARG03A1360_003 0.000
ARG+1A1360_004 0.000
ILE01A1361_001 0.000
MET01A1362_001 0.000
THR01A1363_001 0.000
GLN01A1364_001 0.368
GLN01A1364_002 0.368
CYS01A1365_001 0.648
CYS01A1365_002 0.648
CYS01A1365_003 0.648
CYS-1A1365_004 0.000
TRP01A1366_001 0.000
GLN01A1367_001 0.339
GLN01A1367_002 0.339
HIS01A1368_001 0.731
HIS01A1368_002 0.731
HIS02A1368_003 0.731
HIS02A1368_004 0.731
HIS+1A1368_005 0.404
HIS+1A1368_006 0.404
GLN01A1369_001 0.411
GLN01A1369_002 0.411
PRO01A1370_001 0.000
GLU01A1371_001 0.000
GLU01A1371_002 0.000
GLU02A1371_003 0.000
GLU02A1371_004 0.000
GLU-1A1371_005 0.000
ASP01A1372_001 0.408
ASP01A1372_002 0.408
ASP02A1372_003 0.408
ASP02A1372_004 0.408
ASP-1A1372_005 0.000
ARG01A1373_001 0.000
ARG02A1373_002 0.000
ARG02A1373_003 0.000
ARG03A1373_004 0.000
ARG03A1373_005 0.000
ARG+1A1373_006 0.000
PRO01A1374_001 0.000
ASN01A1375_001 0.000
PHE01A1376_001 0.000
ALA01A1377_001 0.000
ILE01A1378_001 0.000
ILE01A1379_001 0.000
LEU01A1380_001 0.000
GLU01A1381_001 0.000
GLU01A1381_002 0.000
GLU02A1381_003 0.000
GLU02A1381_004 0.000
GLU-1A1381_005 0.000
ARG01A1382_001 0.000
ARG02A1382_002 0.000
ARG03A1382_003 0.000
ARG+1A1382_004 0.000
ILE01A1383_001 0.000
GLU01A1384_001 0.000
GLU01A1384_002 0.000
GLU02A1384_003 0.000
GLU02A1384_004 0.000
GLU-1A1384_005 0.000
TYR01A1385_001 0.000
TYR-1A1385_002 0.000
CYS01A1386_001 0.491
CYS01A1386_002 0.491
CYS01A1386_003 0.491
CYS-1A1386_004 0.000
THR01A1387_001 0.533
THR01A1387_002 0.533
THR01A1387_003 0.533
GLN01A1388_001 0.403
GLN01A1388_002 0.403
ASP01A1389_001 0.000
ASP01A1389_002 0.000
ASP02A1389_003 0.000
ASP02A1389_004 0.000
ASP-1A1389_005 0.000
PRO01A1390_001 0.000
ASP01A1391_001 0.000
ASP01A1391_002 0.000
ASP02A1391_003 0.000
ASP02A1391_004 0.000
ASP-1A1391_005 0.000
VAL01A1392_001 0.000
ILE01A1393_001 0.000
ASN01A1394_001 0.387
ASN01A1394_002 0.387
THR01A1395_001 0.000
ALA01A1396_001 0.000
LEU01A1397_001 0.000
PRO01A1398_001 0.000
ILE01A1399_001 0.000
GLU01A1400_001 0.000
GLU01A1400_002 0.000
GLU02A1400_003 0.000
GLU02A1400_004 0.000
GLU-1A1400_005 0.000
TYR01A1401_001 0.410
TYR01A1401_002 0.410
TYR-1A1401_003 0.000
