2026-09-22 11:38:38 - INFO: step3.py, <module>: Step 3. Energies calculation with PBE solver.
2026-09-22 11:38:38 - INFO: step3.py, <module>: Calling new VDW....No Scaling Applied
2026-09-22 11:38:38 - INFO: step3.py, <module>:    Process run time options & convert step2_out.pdb.
2026-09-22 11:38:38 - INFO: step3.py, <module>:    Prepare input for PB solver.
2026-09-22 11:38:38 - INFO: step3.py, <module>:    Time needed: 0 seconds.
2026-09-22 11:38:38 - INFO: step3.py, <module>:    Set up parallel envrionment and run PB solver.
2026-09-22 11:38:38 - INFO: step3.py, <module>:    Running PBE solver in 5 threads
2026-09-22 11:38:38 - INFO: step3.py, pbe: Skipping PBE solver for non-charge conformer (5/618) ALA01A0702_001...
2026-09-22 11:38:38 - INFO: step3.py, pbe: ForkPoolWorker-4: Calling delphi to calculate conformer (4/618) FMM+aA0091_004 in /tmp/pbe_data.data.home.granepura.5-Kinases.Kinases_MCCE.Trial03.run_holo.1XKK_FMM+aA0091_004
2026-09-22 11:38:38 - INFO: step3.py, pbe: ForkPoolWorker-2: Calling delphi to calculate conformer (2/618) FMM01A0091_002 in /tmp/pbe_data.data.home.granepura.5-Kinases.Kinases_MCCE.Trial03.run_holo.1XKK_FMM01A0091_002
2026-09-22 11:38:38 - INFO: step3.py, pbe: Skipping PBE solver for non-charge conformer (6/618) LEU01A0703_001...
2026-09-22 11:38:38 - INFO: step3.py, pbe: Skipping PBE solver for non-charge conformer (7/618) LEU01A0704_001...
2026-09-22 11:38:38 - INFO: step3.py, pbe: ForkPoolWorker-1: Calling delphi to calculate conformer (1/618) FMM01A0091_001 in /tmp/pbe_data.data.home.granepura.5-Kinases.Kinases_MCCE.Trial03.run_holo.1XKK_FMM01A0091_001
2026-09-22 11:38:38 - INFO: step3.py, pbe: ForkPoolWorker-5: Calling delphi to calculate conformer (8/618) ARG01A0705_001 in /tmp/pbe_data.data.home.granepura.5-Kinases.Kinases_MCCE.Trial03.run_holo.1XKK_ARG01A0705_001
2026-09-22 11:38:38 - INFO: step3.py, pbe: ForkPoolWorker-3: Calling delphi to calculate conformer (3/618) FMM+1A0091_003 in /tmp/pbe_data.data.home.granepura.5-Kinases.Kinases_MCCE.Trial03.run_holo.1XKK_FMM+1A0091_003
2026-09-22 11:38:44 - INFO: step3.py, pbe: ForkPoolWorker-4: Calling delphi to calculate conformer (9/618) ARG02A0705_002 in /tmp/pbe_data.data.home.granepura.5-Kinases.Kinases_MCCE.Trial03.run_holo.1XKK_ARG02A0705_002
2026-09-22 11:38:44 - INFO: step3.py, pbe: ForkPoolWorker-1: Calling delphi to calculate conformer (10/618) ARG03A0705_003 in /tmp/pbe_data.data.home.granepura.5-Kinases.Kinases_MCCE.Trial03.run_holo.1XKK_ARG03A0705_003
2026-09-22 11:38:45 - INFO: step3.py, pbe: ForkPoolWorker-3: Calling delphi to calculate conformer (11/618) ARG+1A0705_004 in /tmp/pbe_data.data.home.granepura.5-Kinases.Kinases_MCCE.Trial03.run_holo.1XKK_ARG+1A0705_004
2026-09-22 11:38:45 - INFO: step3.py, pbe: Skipping PBE solver for non-charge conformer (12/618) ILE01A0706_001...
2026-09-22 11:38:45 - INFO: step3.py, pbe: Skipping PBE solver for non-charge conformer (13/618) LEU01A0707_001...
2026-09-22 11:38:45 - INFO: step3.py, pbe: ForkPoolWorker-2: Calling delphi to calculate conformer (14/618) LYS01A0708_001 in /tmp/pbe_data.data.home.granepura.5-Kinases.Kinases_MCCE.Trial03.run_holo.1XKK_LYS01A0708_001
2026-09-22 11:38:45 - INFO: step3.py, pbe: ForkPoolWorker-5: Calling delphi to calculate conformer (15/618) LYS+1A0708_002 in /tmp/pbe_data.data.home.granepura.5-Kinases.Kinases_MCCE.Trial03.run_holo.1XKK_LYS+1A0708_002
2026-09-22 11:38:49 - INFO: step3.py, pbe: ForkPoolWorker-4: Calling delphi to calculate conformer (16/618) GLU01A0709_001 in /tmp/pbe_data.data.home.granepura.5-Kinases.Kinases_MCCE.Trial03.run_holo.1XKK_GLU01A0709_001
2026-09-22 11:38:51 - INFO: step3.py, pbe: ForkPoolWorker-1: Calling delphi to calculate conformer (17/618) GLU01A0709_002 in /tmp/pbe_data.data.home.granepura.5-Kinases.Kinases_MCCE.Trial03.run_holo.1XKK_GLU01A0709_002
2026-09-22 11:38:51 - INFO: step3.py, pbe: ForkPoolWorker-5: Calling delphi to calculate conformer (18/618) GLU02A0709_003 in /tmp/pbe_data.data.home.granepura.5-Kinases.Kinases_MCCE.Trial03.run_holo.1XKK_GLU02A0709_003
2026-09-22 11:38:51 - INFO: step3.py, pbe: ForkPoolWorker-3: Calling delphi to calculate conformer (20/618) GLU-1A0709_005 in /tmp/pbe_data.data.home.granepura.5-Kinases.Kinases_MCCE.Trial03.run_holo.1XKK_GLU-1A0709_005
2026-09-22 11:38:51 - INFO: step3.py, pbe: ForkPoolWorker-2: Calling delphi to calculate conformer (19/618) GLU02A0709_004 in /tmp/pbe_data.data.home.granepura.5-Kinases.Kinases_MCCE.Trial03.run_holo.1XKK_GLU02A0709_004
2026-09-22 11:38:54 - INFO: step3.py, pbe: ForkPoolWorker-4: Calling delphi to calculate conformer (21/618) THR01A0710_001 in /tmp/pbe_data.data.home.granepura.5-Kinases.Kinases_MCCE.Trial03.run_holo.1XKK_THR01A0710_001
2026-09-22 11:38:56 - INFO: step3.py, pbe: ForkPoolWorker-1: Calling delphi to calculate conformer (22/618) THR01A0710_002 in /tmp/pbe_data.data.home.granepura.5-Kinases.Kinases_MCCE.Trial03.run_holo.1XKK_THR01A0710_002
2026-09-22 11:38:56 - INFO: step3.py, pbe: ForkPoolWorker-5: Calling delphi to calculate conformer (23/618) GLU01A0711_001 in /tmp/pbe_data.data.home.granepura.5-Kinases.Kinases_MCCE.Trial03.run_holo.1XKK_GLU01A0711_001
2026-09-22 11:38:56 - INFO: step3.py, pbe: ForkPoolWorker-2: Calling delphi to calculate conformer (24/618) GLU01A0711_002 in /tmp/pbe_data.data.home.granepura.5-Kinases.Kinases_MCCE.Trial03.run_holo.1XKK_GLU01A0711_002
2026-09-22 11:38:57 - INFO: step3.py, pbe: ForkPoolWorker-3: Calling delphi to calculate conformer (25/618) GLU02A0711_003 in /tmp/pbe_data.data.home.granepura.5-Kinases.Kinases_MCCE.Trial03.run_holo.1XKK_GLU02A0711_003
2026-09-22 11:38:59 - INFO: step3.py, pbe: ForkPoolWorker-4: Calling delphi to calculate conformer (26/618) GLU02A0711_004 in /tmp/pbe_data.data.home.granepura.5-Kinases.Kinases_MCCE.Trial03.run_holo.1XKK_GLU02A0711_004
2026-09-22 11:39:01 - INFO: step3.py, pbe: ForkPoolWorker-1: Calling delphi to calculate conformer (27/618) GLU-1A0711_005 in /tmp/pbe_data.data.home.granepura.5-Kinases.Kinases_MCCE.Trial03.run_holo.1XKK_GLU-1A0711_005
2026-09-22 11:39:02 - INFO: step3.py, pbe: Skipping PBE solver for non-charge conformer (28/618) PHE01A0712_001...
2026-09-22 11:39:02 - INFO: step3.py, pbe: ForkPoolWorker-2: Calling delphi to calculate conformer (30/618) LYS+1A0713_002 in /tmp/pbe_data.data.home.granepura.5-Kinases.Kinases_MCCE.Trial03.run_holo.1XKK_LYS+1A0713_002
2026-09-22 11:39:02 - INFO: step3.py, pbe: ForkPoolWorker-5: Calling delphi to calculate conformer (29/618) LYS01A0713_001 in /tmp/pbe_data.data.home.granepura.5-Kinases.Kinases_MCCE.Trial03.run_holo.1XKK_LYS01A0713_001
2026-09-22 11:39:02 - INFO: step3.py, pbe: ForkPoolWorker-3: Calling delphi to calculate conformer (31/618) LYS01A0714_001 in /tmp/pbe_data.data.home.granepura.5-Kinases.Kinases_MCCE.Trial03.run_holo.1XKK_LYS01A0714_001
2026-09-22 11:39:04 - INFO: step3.py, pbe: ForkPoolWorker-4: Calling delphi to calculate conformer (32/618) LYS+1A0714_002 in /tmp/pbe_data.data.home.granepura.5-Kinases.Kinases_MCCE.Trial03.run_holo.1XKK_LYS+1A0714_002
2026-09-22 11:39:06 - INFO: step3.py, pbe: Skipping PBE solver for non-charge conformer (33/618) ILE01A0715_001...
2026-09-22 11:39:06 - INFO: step3.py, pbe: ForkPoolWorker-1: Calling delphi to calculate conformer (34/618) LYS01A0716_001 in /tmp/pbe_data.data.home.granepura.5-Kinases.Kinases_MCCE.Trial03.run_holo.1XKK_LYS01A0716_001
2026-09-22 11:39:07 - INFO: step3.py, pbe: ForkPoolWorker-5: Calling delphi to calculate conformer (35/618) LYS+1A0716_002 in /tmp/pbe_data.data.home.granepura.5-Kinases.Kinases_MCCE.Trial03.run_holo.1XKK_LYS+1A0716_002
2026-09-22 11:39:07 - INFO: step3.py, pbe: Skipping PBE solver for non-charge conformer (36/618) VAL01A0717_001...
2026-09-22 11:39:07 - INFO: step3.py, pbe: Skipping PBE solver for non-charge conformer (37/618) LEU01A0718_001...
2026-09-22 11:39:07 - INFO: step3.py, pbe: Skipping PBE solver for non-charge conformer (39/618) ALA01A0722_001...
2026-09-22 11:39:07 - INFO: step3.py, pbe: Skipping PBE solver for non-charge conformer (40/618) PHE01A0723_001...
2026-09-22 11:39:07 - INFO: step3.py, pbe: ForkPoolWorker-2: Calling delphi to calculate conformer (38/618) SER01A0720_001 in /tmp/pbe_data.data.home.granepura.5-Kinases.Kinases_MCCE.Trial03.run_holo.1XKK_SER01A0720_001
2026-09-22 11:39:07 - INFO: step3.py, pbe: ForkPoolWorker-3: Calling delphi to calculate conformer (41/618) THR01A0725_001 in /tmp/pbe_data.data.home.granepura.5-Kinases.Kinases_MCCE.Trial03.run_holo.1XKK_THR01A0725_001
2026-09-22 11:39:08 - INFO: step3.py, pbe: Skipping PBE solver for non-charge conformer (42/618) VAL01A0726_001...
2026-09-22 11:39:08 - INFO: step3.py, pbe: ForkPoolWorker-4: Calling delphi to calculate conformer (43/618) TYR01A0727_001 in /tmp/pbe_data.data.home.granepura.5-Kinases.Kinases_MCCE.Trial03.run_holo.1XKK_TYR01A0727_001
2026-09-22 11:39:11 - INFO: step3.py, pbe: ForkPoolWorker-1: Calling delphi to calculate conformer (44/618) TYR01A0727_002 in /tmp/pbe_data.data.home.granepura.5-Kinases.Kinases_MCCE.Trial03.run_holo.1XKK_TYR01A0727_002
2026-09-22 11:39:12 - INFO: step3.py, pbe: ForkPoolWorker-5: Calling delphi to calculate conformer (45/618) TYR-1A0727_003 in /tmp/pbe_data.data.home.granepura.5-Kinases.Kinases_MCCE.Trial03.run_holo.1XKK_TYR-1A0727_003
2026-09-22 11:39:12 - INFO: step3.py, pbe: ForkPoolWorker-2: Calling delphi to calculate conformer (46/618) LYS01A0728_001 in /tmp/pbe_data.data.home.granepura.5-Kinases.Kinases_MCCE.Trial03.run_holo.1XKK_LYS01A0728_001
2026-09-22 11:39:12 - INFO: step3.py, pbe: ForkPoolWorker-3: Calling delphi to calculate conformer (47/618) LYS+1A0728_002 in /tmp/pbe_data.data.home.granepura.5-Kinases.Kinases_MCCE.Trial03.run_holo.1XKK_LYS+1A0728_002
2026-09-22 11:39:13 - INFO: step3.py, pbe: Skipping PBE solver for non-charge conformer (48/618) LEU01A0730_001...
2026-09-22 11:39:13 - INFO: step3.py, pbe: Skipping PBE solver for non-charge conformer (49/618) TRP01A0731_001...
2026-09-22 11:39:13 - INFO: step3.py, pbe: Skipping PBE solver for non-charge conformer (50/618) ILE01A0732_001...
2026-09-22 11:39:13 - INFO: step3.py, pbe: Skipping PBE solver for non-charge conformer (51/618) PRO01A0733_001...
2026-09-22 11:39:13 - INFO: step3.py, pbe: Skipping PBE solver for non-charge conformer (52/618) VAL01A0738_001...
2026-09-22 11:39:13 - INFO: step3.py, pbe: ForkPoolWorker-4: Calling delphi to calculate conformer (53/618) LYS01A0739_001 in /tmp/pbe_data.data.home.granepura.5-Kinases.Kinases_MCCE.Trial03.run_holo.1XKK_LYS01A0739_001
2026-09-22 11:39:16 - INFO: step3.py, pbe: ForkPoolWorker-1: Calling delphi to calculate conformer (54/618) LYS+1A0739_002 in /tmp/pbe_data.data.home.granepura.5-Kinases.Kinases_MCCE.Trial03.run_holo.1XKK_LYS+1A0739_002
2026-09-22 11:39:16 - INFO: step3.py, pbe: Skipping PBE solver for non-charge conformer (55/618) ILE01A0740_001...
2026-09-22 11:39:16 - INFO: step3.py, pbe: Skipping PBE solver for non-charge conformer (56/618) PRO01A0741_001...
2026-09-22 11:39:16 - INFO: step3.py, pbe: Skipping PBE solver for non-charge conformer (57/618) VAL01A0742_001...
2026-09-22 11:39:16 - INFO: step3.py, pbe: Skipping PBE solver for non-charge conformer (58/618) ALA01A0743_001...
2026-09-22 11:39:16 - INFO: step3.py, pbe: Skipping PBE solver for non-charge conformer (59/618) ILE01A0744_001...
2026-09-22 11:39:16 - INFO: step3.py, pbe: ForkPoolWorker-5: Calling delphi to calculate conformer (60/618) LYS01A0745_001 in /tmp/pbe_data.data.home.granepura.5-Kinases.Kinases_MCCE.Trial03.run_holo.1XKK_LYS01A0745_001
2026-09-22 11:39:17 - INFO: step3.py, pbe: ForkPoolWorker-2: Calling delphi to calculate conformer (61/618) LYS+1A0745_002 in /tmp/pbe_data.data.home.granepura.5-Kinases.Kinases_MCCE.Trial03.run_holo.1XKK_LYS+1A0745_002
2026-09-22 11:39:17 - INFO: step3.py, pbe: ForkPoolWorker-3: Calling delphi to calculate conformer (62/618) GLU01A0746_001 in /tmp/pbe_data.data.home.granepura.5-Kinases.Kinases_MCCE.Trial03.run_holo.1XKK_GLU01A0746_001
2026-09-22 11:39:18 - INFO: step3.py, pbe: ForkPoolWorker-4: Calling delphi to calculate conformer (63/618) GLU01A0746_002 in /tmp/pbe_data.data.home.granepura.5-Kinases.Kinases_MCCE.Trial03.run_holo.1XKK_GLU01A0746_002
2026-09-22 11:39:21 - INFO: step3.py, pbe: ForkPoolWorker-1: Calling delphi to calculate conformer (64/618) GLU02A0746_003 in /tmp/pbe_data.data.home.granepura.5-Kinases.Kinases_MCCE.Trial03.run_holo.1XKK_GLU02A0746_003
2026-09-22 11:39:21 - INFO: step3.py, pbe: ForkPoolWorker-5: Calling delphi to calculate conformer (65/618) GLU02A0746_004 in /tmp/pbe_data.data.home.granepura.5-Kinases.Kinases_MCCE.Trial03.run_holo.1XKK_GLU02A0746_004
2026-09-22 11:39:22 - INFO: step3.py, pbe: ForkPoolWorker-2: Calling delphi to calculate conformer (66/618) GLU-1A0746_005 in /tmp/pbe_data.data.home.granepura.5-Kinases.Kinases_MCCE.Trial03.run_holo.1XKK_GLU-1A0746_005
2026-09-22 11:39:22 - INFO: step3.py, pbe: Skipping PBE solver for non-charge conformer (67/618) LEU01A0747_001...
2026-09-22 11:39:22 - INFO: step3.py, pbe: ForkPoolWorker-3: Calling delphi to calculate conformer (68/618) ARG01A0748_001 in /tmp/pbe_data.data.home.granepura.5-Kinases.Kinases_MCCE.Trial03.run_holo.1XKK_ARG01A0748_001
2026-09-22 11:39:23 - INFO: step3.py, pbe: ForkPoolWorker-4: Calling delphi to calculate conformer (69/618) ARG02A0748_002 in /tmp/pbe_data.data.home.granepura.5-Kinases.Kinases_MCCE.Trial03.run_holo.1XKK_ARG02A0748_002
2026-09-22 11:39:26 - INFO: step3.py, pbe: ForkPoolWorker-1: Calling delphi to calculate conformer (70/618) ARG03A0748_003 in /tmp/pbe_data.data.home.granepura.5-Kinases.Kinases_MCCE.Trial03.run_holo.1XKK_ARG03A0748_003
2026-09-22 11:39:26 - INFO: step3.py, pbe: ForkPoolWorker-5: Calling delphi to calculate conformer (71/618) ARG03A0748_004 in /tmp/pbe_data.data.home.granepura.5-Kinases.Kinases_MCCE.Trial03.run_holo.1XKK_ARG03A0748_004
2026-09-22 11:39:27 - INFO: step3.py, pbe: ForkPoolWorker-2: Calling delphi to calculate conformer (72/618) ARG+1A0748_005 in /tmp/pbe_data.data.home.granepura.5-Kinases.Kinases_MCCE.Trial03.run_holo.1XKK_ARG+1A0748_005
2026-09-22 11:39:27 - INFO: step3.py, pbe: ForkPoolWorker-3: Calling delphi to calculate conformer (73/618) GLU01A0749_001 in /tmp/pbe_data.data.home.granepura.5-Kinases.Kinases_MCCE.Trial03.run_holo.1XKK_GLU01A0749_001
2026-09-22 11:39:27 - INFO: step3.py, pbe: ForkPoolWorker-4: Calling delphi to calculate conformer (74/618) GLU01A0749_002 in /tmp/pbe_data.data.home.granepura.5-Kinases.Kinases_MCCE.Trial03.run_holo.1XKK_GLU01A0749_002
2026-09-22 11:39:30 - INFO: step3.py, pbe: ForkPoolWorker-1: Calling delphi to calculate conformer (75/618) GLU02A0749_003 in /tmp/pbe_data.data.home.granepura.5-Kinases.Kinases_MCCE.Trial03.run_holo.1XKK_GLU02A0749_003
2026-09-22 11:39:31 - INFO: step3.py, pbe: ForkPoolWorker-5: Calling delphi to calculate conformer (76/618) GLU02A0749_004 in /tmp/pbe_data.data.home.granepura.5-Kinases.Kinases_MCCE.Trial03.run_holo.1XKK_GLU02A0749_004
2026-09-22 11:39:31 - INFO: step3.py, pbe: ForkPoolWorker-2: Calling delphi to calculate conformer (77/618) GLU-1A0749_005 in /tmp/pbe_data.data.home.granepura.5-Kinases.Kinases_MCCE.Trial03.run_holo.1XKK_GLU-1A0749_005
2026-09-22 11:39:32 - INFO: step3.py, pbe: ForkPoolWorker-3: Calling delphi to calculate conformer (78/618) LYS01A0754_001 in /tmp/pbe_data.data.home.granepura.5-Kinases.Kinases_MCCE.Trial03.run_holo.1XKK_LYS01A0754_001
2026-09-22 11:39:32 - INFO: step3.py, pbe: ForkPoolWorker-4: Calling delphi to calculate conformer (79/618) LYS+1A0754_002 in /tmp/pbe_data.data.home.granepura.5-Kinases.Kinases_MCCE.Trial03.run_holo.1XKK_LYS+1A0754_002
2026-09-22 11:39:35 - INFO: step3.py, pbe: Skipping PBE solver for non-charge conformer (80/618) ALA01A0755_001...
2026-09-22 11:39:35 - INFO: step3.py, pbe: ForkPoolWorker-1: Calling delphi to calculate conformer (81/618) ASN01A0756_001 in /tmp/pbe_data.data.home.granepura.5-Kinases.Kinases_MCCE.Trial03.run_holo.1XKK_ASN01A0756_001
2026-09-22 11:39:36 - INFO: step3.py, pbe: ForkPoolWorker-5: Calling delphi to calculate conformer (82/618) ASN01A0756_002 in /tmp/pbe_data.data.home.granepura.5-Kinases.Kinases_MCCE.Trial03.run_holo.1XKK_ASN01A0756_002
2026-09-22 11:39:36 - INFO: step3.py, pbe: ForkPoolWorker-2: Calling delphi to calculate conformer (83/618) LYS01A0757_001 in /tmp/pbe_data.data.home.granepura.5-Kinases.Kinases_MCCE.Trial03.run_holo.1XKK_LYS01A0757_001
2026-09-22 11:39:37 - INFO: step3.py, pbe: ForkPoolWorker-3: Calling delphi to calculate conformer (84/618) LYS+1A0757_002 in /tmp/pbe_data.data.home.granepura.5-Kinases.Kinases_MCCE.Trial03.run_holo.1XKK_LYS+1A0757_002
2026-09-22 11:39:38 - INFO: step3.py, pbe: ForkPoolWorker-4: Calling delphi to calculate conformer (85/618) GLU01A0758_001 in /tmp/pbe_data.data.home.granepura.5-Kinases.Kinases_MCCE.Trial03.run_holo.1XKK_GLU01A0758_001
2026-09-22 11:39:40 - INFO: step3.py, pbe: ForkPoolWorker-1: Calling delphi to calculate conformer (86/618) GLU01A0758_002 in /tmp/pbe_data.data.home.granepura.5-Kinases.Kinases_MCCE.Trial03.run_holo.1XKK_GLU01A0758_002
2026-09-22 11:39:41 - INFO: step3.py, pbe: ForkPoolWorker-5: Calling delphi to calculate conformer (87/618) GLU02A0758_003 in /tmp/pbe_data.data.home.granepura.5-Kinases.Kinases_MCCE.Trial03.run_holo.1XKK_GLU02A0758_003
2026-09-22 11:39:41 - INFO: step3.py, pbe: ForkPoolWorker-2: Calling delphi to calculate conformer (88/618) GLU02A0758_004 in /tmp/pbe_data.data.home.granepura.5-Kinases.Kinases_MCCE.Trial03.run_holo.1XKK_GLU02A0758_004
2026-09-22 11:39:42 - INFO: step3.py, pbe: ForkPoolWorker-3: Calling delphi to calculate conformer (89/618) GLU-1A0758_005 in /tmp/pbe_data.data.home.granepura.5-Kinases.Kinases_MCCE.Trial03.run_holo.1XKK_GLU-1A0758_005
2026-09-22 11:39:43 - INFO: step3.py, pbe: Skipping PBE solver for non-charge conformer (90/618) ILE01A0759_001...
2026-09-22 11:39:43 - INFO: step3.py, pbe: Skipping PBE solver for non-charge conformer (91/618) LEU01A0760_001...
2026-09-22 11:39:43 - INFO: step3.py, pbe: ForkPoolWorker-4: Calling delphi to calculate conformer (92/618) ASP01A0761_001 in /tmp/pbe_data.data.home.granepura.5-Kinases.Kinases_MCCE.Trial03.run_holo.1XKK_ASP01A0761_001
2026-09-22 11:39:44 - INFO: step3.py, pbe: ForkPoolWorker-1: Calling delphi to calculate conformer (93/618) ASP01A0761_002 in /tmp/pbe_data.data.home.granepura.5-Kinases.Kinases_MCCE.Trial03.run_holo.1XKK_ASP01A0761_002
2026-09-22 11:39:46 - INFO: step3.py, pbe: ForkPoolWorker-5: Calling delphi to calculate conformer (94/618) ASP02A0761_003 in /tmp/pbe_data.data.home.granepura.5-Kinases.Kinases_MCCE.Trial03.run_holo.1XKK_ASP02A0761_003
2026-09-22 11:39:46 - INFO: step3.py, pbe: ForkPoolWorker-2: Calling delphi to calculate conformer (95/618) ASP02A0761_004 in /tmp/pbe_data.data.home.granepura.5-Kinases.Kinases_MCCE.Trial03.run_holo.1XKK_ASP02A0761_004
2026-09-22 11:39:47 - INFO: step3.py, pbe: ForkPoolWorker-3: Calling delphi to calculate conformer (96/618) ASP-1A0761_005 in /tmp/pbe_data.data.home.granepura.5-Kinases.Kinases_MCCE.Trial03.run_holo.1XKK_ASP-1A0761_005
2026-09-22 11:39:47 - INFO: step3.py, pbe: ForkPoolWorker-4: Calling delphi to calculate conformer (97/618) GLU01A0762_001 in /tmp/pbe_data.data.home.granepura.5-Kinases.Kinases_MCCE.Trial03.run_holo.1XKK_GLU01A0762_001
2026-09-22 11:39:49 - INFO: step3.py, pbe: ForkPoolWorker-1: Calling delphi to calculate conformer (98/618) GLU01A0762_002 in /tmp/pbe_data.data.home.granepura.5-Kinases.Kinases_MCCE.Trial03.run_holo.1XKK_GLU01A0762_002
2026-09-22 11:39:50 - INFO: step3.py, pbe: ForkPoolWorker-5: Calling delphi to calculate conformer (99/618) GLU02A0762_003 in /tmp/pbe_data.data.home.granepura.5-Kinases.Kinases_MCCE.Trial03.run_holo.1XKK_GLU02A0762_003
2026-09-22 11:39:51 - INFO: step3.py, pbe: ForkPoolWorker-2: Calling delphi to calculate conformer (100/618) GLU02A0762_004 in /tmp/pbe_data.data.home.granepura.5-Kinases.Kinases_MCCE.Trial03.run_holo.1XKK_GLU02A0762_004
2026-09-22 11:39:51 - INFO: step3.py, pbe: ForkPoolWorker-3: Calling delphi to calculate conformer (101/618) GLU-1A0762_005 in /tmp/pbe_data.data.home.granepura.5-Kinases.Kinases_MCCE.Trial03.run_holo.1XKK_GLU-1A0762_005
2026-09-22 11:39:52 - INFO: step3.py, pbe: Skipping PBE solver for non-charge conformer (102/618) ALA01A0763_001...
2026-09-22 11:39:52 - INFO: step3.py, pbe: ForkPoolWorker-4: Calling delphi to calculate conformer (103/618) TYR01A0764_001 in /tmp/pbe_data.data.home.granepura.5-Kinases.Kinases_MCCE.Trial03.run_holo.1XKK_TYR01A0764_001
2026-09-22 11:39:54 - INFO: step3.py, pbe: ForkPoolWorker-1: Calling delphi to calculate conformer (104/618) TYR01A0764_002 in /tmp/pbe_data.data.home.granepura.5-Kinases.Kinases_MCCE.Trial03.run_holo.1XKK_TYR01A0764_002
2026-09-22 11:39:55 - INFO: step3.py, pbe: ForkPoolWorker-5: Calling delphi to calculate conformer (105/618) TYR-1A0764_003 in /tmp/pbe_data.data.home.granepura.5-Kinases.Kinases_MCCE.Trial03.run_holo.1XKK_TYR-1A0764_003
2026-09-22 11:39:55 - INFO: step3.py, pbe: Skipping PBE solver for non-charge conformer (106/618) VAL01A0765_001...
2026-09-22 11:39:55 - INFO: step3.py, pbe: ForkPoolWorker-2: Calling delphi to calculate conformer (107/618) MET01A0766_001 in /tmp/pbe_data.data.home.granepura.5-Kinases.Kinases_MCCE.Trial03.run_holo.1XKK_MET01A0766_001
2026-09-22 11:39:56 - INFO: step3.py, pbe: Skipping PBE solver for non-charge conformer (108/618) ALA01A0767_001...
2026-09-22 11:39:56 - INFO: step3.py, pbe: ForkPoolWorker-3: Calling delphi to calculate conformer (109/618) SER01A0768_001 in /tmp/pbe_data.data.home.granepura.5-Kinases.Kinases_MCCE.Trial03.run_holo.1XKK_SER01A0768_001
2026-09-22 11:39:57 - INFO: step3.py, pbe: Skipping PBE solver for non-charge conformer (110/618) VAL01A0769_001...
2026-09-22 11:39:57 - INFO: step3.py, pbe: ForkPoolWorker-4: Calling delphi to calculate conformer (111/618) ASP01A0770_001 in /tmp/pbe_data.data.home.granepura.5-Kinases.Kinases_MCCE.Trial03.run_holo.1XKK_ASP01A0770_001
2026-09-22 11:39:59 - INFO: step3.py, pbe: ForkPoolWorker-1: Calling delphi to calculate conformer (112/618) ASP01A0770_002 in /tmp/pbe_data.data.home.granepura.5-Kinases.Kinases_MCCE.Trial03.run_holo.1XKK_ASP01A0770_002
2026-09-22 11:40:00 - INFO: step3.py, pbe: ForkPoolWorker-5: Calling delphi to calculate conformer (113/618) ASP02A0770_003 in /tmp/pbe_data.data.home.granepura.5-Kinases.Kinases_MCCE.Trial03.run_holo.1XKK_ASP02A0770_003
2026-09-22 11:40:00 - INFO: step3.py, pbe: ForkPoolWorker-2: Calling delphi to calculate conformer (114/618) ASP02A0770_004 in /tmp/pbe_data.data.home.granepura.5-Kinases.Kinases_MCCE.Trial03.run_holo.1XKK_ASP02A0770_004
2026-09-22 11:40:01 - INFO: step3.py, pbe: ForkPoolWorker-3: Calling delphi to calculate conformer (115/618) ASP-1A0770_005 in /tmp/pbe_data.data.home.granepura.5-Kinases.Kinases_MCCE.Trial03.run_holo.1XKK_ASP-1A0770_005
2026-09-22 11:40:02 - INFO: step3.py, pbe: ForkPoolWorker-4: Calling delphi to calculate conformer (116/618) ASN01A0771_001 in /tmp/pbe_data.data.home.granepura.5-Kinases.Kinases_MCCE.Trial03.run_holo.1XKK_ASN01A0771_001
2026-09-22 11:40:03 - INFO: step3.py, pbe: Skipping PBE solver for non-charge conformer (117/618) PRO01A0772_001...
2026-09-22 11:40:03 - INFO: step3.py, pbe: ForkPoolWorker-1: Calling delphi to calculate conformer (118/618) HIS01A0773_001 in /tmp/pbe_data.data.home.granepura.5-Kinases.Kinases_MCCE.Trial03.run_holo.1XKK_HIS01A0773_001
2026-09-22 11:40:04 - INFO: step3.py, pbe: ForkPoolWorker-5: Calling delphi to calculate conformer (119/618) HIS01A0773_002 in /tmp/pbe_data.data.home.granepura.5-Kinases.Kinases_MCCE.Trial03.run_holo.1XKK_HIS01A0773_002
2026-09-22 11:40:05 - INFO: step3.py, pbe: ForkPoolWorker-2: Calling delphi to calculate conformer (120/618) HIS02A0773_003 in /tmp/pbe_data.data.home.granepura.5-Kinases.Kinases_MCCE.Trial03.run_holo.1XKK_HIS02A0773_003
2026-09-22 11:40:06 - INFO: step3.py, pbe: ForkPoolWorker-3: Calling delphi to calculate conformer (121/618) HIS02A0773_004 in /tmp/pbe_data.data.home.granepura.5-Kinases.Kinases_MCCE.Trial03.run_holo.1XKK_HIS02A0773_004
2026-09-22 11:40:07 - INFO: step3.py, pbe: ForkPoolWorker-4: Calling delphi to calculate conformer (122/618) HIS+1A0773_005 in /tmp/pbe_data.data.home.granepura.5-Kinases.Kinases_MCCE.Trial03.run_holo.1XKK_HIS+1A0773_005
2026-09-22 11:40:08 - INFO: step3.py, pbe: ForkPoolWorker-1: Calling delphi to calculate conformer (123/618) HIS+1A0773_006 in /tmp/pbe_data.data.home.granepura.5-Kinases.Kinases_MCCE.Trial03.run_holo.1XKK_HIS+1A0773_006
2026-09-22 11:40:09 - INFO: step3.py, pbe: Skipping PBE solver for non-charge conformer (124/618) VAL01A0774_001...
2026-09-22 11:40:09 - INFO: step3.py, pbe: ForkPoolWorker-5: Calling delphi to calculate conformer (125/618) CYS01A0775_001 in /tmp/pbe_data.data.home.granepura.5-Kinases.Kinases_MCCE.Trial03.run_holo.1XKK_CYS01A0775_001
2026-09-22 11:40:09 - INFO: step3.py, pbe: ForkPoolWorker-2: Calling delphi to calculate conformer (126/618) CYS01A0775_002 in /tmp/pbe_data.data.home.granepura.5-Kinases.Kinases_MCCE.Trial03.run_holo.1XKK_CYS01A0775_002
2026-09-22 11:40:10 - INFO: step3.py, pbe: ForkPoolWorker-3: Calling delphi to calculate conformer (127/618) CYS01A0775_003 in /tmp/pbe_data.data.home.granepura.5-Kinases.Kinases_MCCE.Trial03.run_holo.1XKK_CYS01A0775_003
2026-09-22 11:40:12 - INFO: step3.py, pbe: ForkPoolWorker-4: Calling delphi to calculate conformer (128/618) CYS-1A0775_004 in /tmp/pbe_data.data.home.granepura.5-Kinases.Kinases_MCCE.Trial03.run_holo.1XKK_CYS-1A0775_004
2026-09-22 11:40:13 - INFO: step3.py, pbe: ForkPoolWorker-1: Calling delphi to calculate conformer (129/618) ARG01A0776_001 in /tmp/pbe_data.data.home.granepura.5-Kinases.Kinases_MCCE.Trial03.run_holo.1XKK_ARG01A0776_001
2026-09-22 11:40:14 - INFO: step3.py, pbe: ForkPoolWorker-5: Calling delphi to calculate conformer (130/618) ARG02A0776_002 in /tmp/pbe_data.data.home.granepura.5-Kinases.Kinases_MCCE.Trial03.run_holo.1XKK_ARG02A0776_002
2026-09-22 11:40:14 - INFO: step3.py, pbe: ForkPoolWorker-2: Calling delphi to calculate conformer (131/618) ARG03A0776_003 in /tmp/pbe_data.data.home.granepura.5-Kinases.Kinases_MCCE.Trial03.run_holo.1XKK_ARG03A0776_003
2026-09-22 11:40:15 - INFO: step3.py, pbe: ForkPoolWorker-3: Calling delphi to calculate conformer (132/618) ARG+1A0776_004 in /tmp/pbe_data.data.home.granepura.5-Kinases.Kinases_MCCE.Trial03.run_holo.1XKK_ARG+1A0776_004
2026-09-22 11:40:17 - INFO: step3.py, pbe: Skipping PBE solver for non-charge conformer (133/618) LEU01A0777_001...
2026-09-22 11:40:17 - INFO: step3.py, pbe: Skipping PBE solver for non-charge conformer (134/618) LEU01A0778_001...
2026-09-22 11:40:17 - INFO: step3.py, pbe: Skipping PBE solver for non-charge conformer (135/618) ILE01A0780_001...
2026-09-22 11:40:17 - INFO: step3.py, pbe: ForkPoolWorker-4: Calling delphi to calculate conformer (136/618) CYS01A0781_001 in /tmp/pbe_data.data.home.granepura.5-Kinases.Kinases_MCCE.Trial03.run_holo.1XKK_CYS01A0781_001
2026-09-22 11:40:18 - INFO: step3.py, pbe: ForkPoolWorker-1: Calling delphi to calculate conformer (137/618) CYS01A0781_002 in /tmp/pbe_data.data.home.granepura.5-Kinases.Kinases_MCCE.Trial03.run_holo.1XKK_CYS01A0781_002
2026-09-22 11:40:19 - INFO: step3.py, pbe: ForkPoolWorker-5: Calling delphi to calculate conformer (138/618) CYS01A0781_003 in /tmp/pbe_data.data.home.granepura.5-Kinases.Kinases_MCCE.Trial03.run_holo.1XKK_CYS01A0781_003
2026-09-22 11:40:19 - INFO: step3.py, pbe: ForkPoolWorker-2: Calling delphi to calculate conformer (139/618) CYS-1A0781_004 in /tmp/pbe_data.data.home.granepura.5-Kinases.Kinases_MCCE.Trial03.run_holo.1XKK_CYS-1A0781_004
2026-09-22 11:40:20 - INFO: step3.py, pbe: Skipping PBE solver for non-charge conformer (140/618) LEU01A0782_001...
2026-09-22 11:40:20 - INFO: step3.py, pbe: ForkPoolWorker-3: Calling delphi to calculate conformer (141/618) THR01A0783_001 in /tmp/pbe_data.data.home.granepura.5-Kinases.Kinases_MCCE.Trial03.run_holo.1XKK_THR01A0783_001
2026-09-22 11:40:21 - INFO: step3.py, pbe: ForkPoolWorker-4: Calling delphi to calculate conformer (142/618) THR01A0783_002 in /tmp/pbe_data.data.home.granepura.5-Kinases.Kinases_MCCE.Trial03.run_holo.1XKK_THR01A0783_002
2026-09-22 11:40:22 - INFO: step3.py, pbe: ForkPoolWorker-1: Calling delphi to calculate conformer (143/618) THR01A0783_003 in /tmp/pbe_data.data.home.granepura.5-Kinases.Kinases_MCCE.Trial03.run_holo.1XKK_THR01A0783_003
2026-09-22 11:40:23 - INFO: step3.py, pbe: ForkPoolWorker-5: Calling delphi to calculate conformer (144/618) SER01A0784_001 in /tmp/pbe_data.data.home.granepura.5-Kinases.Kinases_MCCE.Trial03.run_holo.1XKK_SER01A0784_001
2026-09-22 11:40:23 - INFO: step3.py, pbe: ForkPoolWorker-2: Calling delphi to calculate conformer (145/618) THR01A0785_001 in /tmp/pbe_data.data.home.granepura.5-Kinases.Kinases_MCCE.Trial03.run_holo.1XKK_THR01A0785_001
2026-09-22 11:40:25 - INFO: step3.py, pbe: ForkPoolWorker-3: Calling delphi to calculate conformer (146/618) THR01A0785_002 in /tmp/pbe_data.data.home.granepura.5-Kinases.Kinases_MCCE.Trial03.run_holo.1XKK_THR01A0785_002
2026-09-22 11:40:26 - INFO: step3.py, pbe: ForkPoolWorker-4: Calling delphi to calculate conformer (147/618) THR01A0785_003 in /tmp/pbe_data.data.home.granepura.5-Kinases.Kinases_MCCE.Trial03.run_holo.1XKK_THR01A0785_003
2026-09-22 11:40:27 - INFO: step3.py, pbe: Skipping PBE solver for non-charge conformer (148/618) VAL01A0786_001...
2026-09-22 11:40:27 - INFO: step3.py, pbe: ForkPoolWorker-1: Calling delphi to calculate conformer (149/618) GLN01A0787_001 in /tmp/pbe_data.data.home.granepura.5-Kinases.Kinases_MCCE.Trial03.run_holo.1XKK_GLN01A0787_001
2026-09-22 11:40:28 - INFO: step3.py, pbe: ForkPoolWorker-5: Calling delphi to calculate conformer (150/618) GLN01A0787_002 in /tmp/pbe_data.data.home.granepura.5-Kinases.Kinases_MCCE.Trial03.run_holo.1XKK_GLN01A0787_002
2026-09-22 11:40:28 - INFO: step3.py, pbe: Skipping PBE solver for non-charge conformer (151/618) LEU01A0788_001...
2026-09-22 11:40:28 - INFO: step3.py, pbe: Skipping PBE solver for non-charge conformer (152/618) ILE01A0789_001...
2026-09-22 11:40:28 - INFO: step3.py, pbe: ForkPoolWorker-2: Calling delphi to calculate conformer (153/618) THR01A0790_001 in /tmp/pbe_data.data.home.granepura.5-Kinases.Kinases_MCCE.Trial03.run_holo.1XKK_THR01A0790_001
2026-09-22 11:40:29 - INFO: step3.py, pbe: ForkPoolWorker-3: Calling delphi to calculate conformer (154/618) THR01A0790_002 in /tmp/pbe_data.data.home.granepura.5-Kinases.Kinases_MCCE.Trial03.run_holo.1XKK_THR01A0790_002
2026-09-22 11:40:31 - INFO: step3.py, pbe: ForkPoolWorker-4: Calling delphi to calculate conformer (155/618) GLN01A0791_001 in /tmp/pbe_data.data.home.granepura.5-Kinases.Kinases_MCCE.Trial03.run_holo.1XKK_GLN01A0791_001
2026-09-22 11:40:32 - INFO: step3.py, pbe: Skipping PBE solver for non-charge conformer (156/618) LEU01A0792_001...
2026-09-22 11:40:32 - INFO: step3.py, pbe: ForkPoolWorker-1: Calling delphi to calculate conformer (157/618) MET01A0793_001 in /tmp/pbe_data.data.home.granepura.5-Kinases.Kinases_MCCE.Trial03.run_holo.1XKK_MET01A0793_001
2026-09-22 11:40:33 - INFO: step3.py, pbe: Skipping PBE solver for non-charge conformer (158/618) PRO01A0794_001...
2026-09-22 11:40:33 - INFO: step3.py, pbe: Skipping PBE solver for non-charge conformer (159/618) PHE01A0795_001...
2026-09-22 11:40:33 - INFO: step3.py, pbe: ForkPoolWorker-5: Calling delphi to calculate conformer (160/618) CYS01A0797_001 in /tmp/pbe_data.data.home.granepura.5-Kinases.Kinases_MCCE.Trial03.run_holo.1XKK_CYS01A0797_001
2026-09-22 11:40:33 - INFO: step3.py, pbe: ForkPoolWorker-2: Calling delphi to calculate conformer (161/618) CYS01A0797_002 in /tmp/pbe_data.data.home.granepura.5-Kinases.Kinases_MCCE.Trial03.run_holo.1XKK_CYS01A0797_002
2026-09-22 11:40:34 - INFO: step3.py, pbe: ForkPoolWorker-3: Calling delphi to calculate conformer (162/618) CYS01A0797_003 in /tmp/pbe_data.data.home.granepura.5-Kinases.Kinases_MCCE.Trial03.run_holo.1XKK_CYS01A0797_003
2026-09-22 11:40:36 - INFO: step3.py, pbe: ForkPoolWorker-4: Calling delphi to calculate conformer (163/618) CYS-1A0797_004 in /tmp/pbe_data.data.home.granepura.5-Kinases.Kinases_MCCE.Trial03.run_holo.1XKK_CYS-1A0797_004
2026-09-22 11:40:37 - INFO: step3.py, pbe: Skipping PBE solver for non-charge conformer (164/618) LEU01A0798_001...
2026-09-22 11:40:37 - INFO: step3.py, pbe: Skipping PBE solver for non-charge conformer (165/618) LEU01A0799_001...
2026-09-22 11:40:37 - INFO: step3.py, pbe: ForkPoolWorker-1: Calling delphi to calculate conformer (166/618) ASP01A0800_001 in /tmp/pbe_data.data.home.granepura.5-Kinases.Kinases_MCCE.Trial03.run_holo.1XKK_ASP01A0800_001
2026-09-22 11:40:38 - INFO: step3.py, pbe: ForkPoolWorker-5: Calling delphi to calculate conformer (167/618) ASP01A0800_002 in /tmp/pbe_data.data.home.granepura.5-Kinases.Kinases_MCCE.Trial03.run_holo.1XKK_ASP01A0800_002
2026-09-22 11:40:38 - INFO: step3.py, pbe: ForkPoolWorker-2: Calling delphi to calculate conformer (168/618) ASP02A0800_003 in /tmp/pbe_data.data.home.granepura.5-Kinases.Kinases_MCCE.Trial03.run_holo.1XKK_ASP02A0800_003
2026-09-22 11:40:39 - INFO: step3.py, pbe: ForkPoolWorker-3: Calling delphi to calculate conformer (169/618) ASP02A0800_004 in /tmp/pbe_data.data.home.granepura.5-Kinases.Kinases_MCCE.Trial03.run_holo.1XKK_ASP02A0800_004
2026-09-22 11:40:41 - INFO: step3.py, pbe: ForkPoolWorker-4: Calling delphi to calculate conformer (170/618) ASP-1A0800_005 in /tmp/pbe_data.data.home.granepura.5-Kinases.Kinases_MCCE.Trial03.run_holo.1XKK_ASP-1A0800_005
2026-09-22 11:40:41 - INFO: step3.py, pbe: ForkPoolWorker-1: Calling delphi to calculate conformer (171/618) TYR01A0801_001 in /tmp/pbe_data.data.home.granepura.5-Kinases.Kinases_MCCE.Trial03.run_holo.1XKK_TYR01A0801_001
2026-09-22 11:40:42 - INFO: step3.py, pbe: ForkPoolWorker-5: Calling delphi to calculate conformer (172/618) TYR01A0801_002 in /tmp/pbe_data.data.home.granepura.5-Kinases.Kinases_MCCE.Trial03.run_holo.1XKK_TYR01A0801_002
2026-09-22 11:40:42 - INFO: step3.py, pbe: ForkPoolWorker-2: Calling delphi to calculate conformer (173/618) TYR-1A0801_003 in /tmp/pbe_data.data.home.granepura.5-Kinases.Kinases_MCCE.Trial03.run_holo.1XKK_TYR-1A0801_003
2026-09-22 11:40:43 - INFO: step3.py, pbe: Skipping PBE solver for non-charge conformer (174/618) VAL01A0802_001...
2026-09-22 11:40:43 - INFO: step3.py, pbe: ForkPoolWorker-3: Calling delphi to calculate conformer (175/618) ARG01A0803_001 in /tmp/pbe_data.data.home.granepura.5-Kinases.Kinases_MCCE.Trial03.run_holo.1XKK_ARG01A0803_001
2026-09-22 11:40:45 - INFO: step3.py, pbe: ForkPoolWorker-4: Calling delphi to calculate conformer (176/618) ARG02A0803_002 in /tmp/pbe_data.data.home.granepura.5-Kinases.Kinases_MCCE.Trial03.run_holo.1XKK_ARG02A0803_002
2026-09-22 11:40:46 - INFO: step3.py, pbe: ForkPoolWorker-1: Calling delphi to calculate conformer (177/618) ARG03A0803_003 in /tmp/pbe_data.data.home.granepura.5-Kinases.Kinases_MCCE.Trial03.run_holo.1XKK_ARG03A0803_003
2026-09-22 11:40:47 - INFO: step3.py, pbe: ForkPoolWorker-5: Calling delphi to calculate conformer (178/618) ARG+1A0803_004 in /tmp/pbe_data.data.home.granepura.5-Kinases.Kinases_MCCE.Trial03.run_holo.1XKK_ARG+1A0803_004
2026-09-22 11:40:47 - INFO: step3.py, pbe: ForkPoolWorker-2: Calling delphi to calculate conformer (179/618) GLU01A0804_001 in /tmp/pbe_data.data.home.granepura.5-Kinases.Kinases_MCCE.Trial03.run_holo.1XKK_GLU01A0804_001
2026-09-22 11:40:48 - INFO: step3.py, pbe: ForkPoolWorker-3: Calling delphi to calculate conformer (180/618) GLU01A0804_002 in /tmp/pbe_data.data.home.granepura.5-Kinases.Kinases_MCCE.Trial03.run_holo.1XKK_GLU01A0804_002
2026-09-22 11:40:50 - INFO: step3.py, pbe: ForkPoolWorker-4: Calling delphi to calculate conformer (181/618) GLU02A0804_003 in /tmp/pbe_data.data.home.granepura.5-Kinases.Kinases_MCCE.Trial03.run_holo.1XKK_GLU02A0804_003
2026-09-22 11:40:51 - INFO: step3.py, pbe: ForkPoolWorker-1: Calling delphi to calculate conformer (182/618) GLU02A0804_004 in /tmp/pbe_data.data.home.granepura.5-Kinases.Kinases_MCCE.Trial03.run_holo.1XKK_GLU02A0804_004
2026-09-22 11:40:52 - INFO: step3.py, pbe: ForkPoolWorker-5: Calling delphi to calculate conformer (183/618) GLU-1A0804_005 in /tmp/pbe_data.data.home.granepura.5-Kinases.Kinases_MCCE.Trial03.run_holo.1XKK_GLU-1A0804_005
2026-09-22 11:40:52 - INFO: step3.py, pbe: ForkPoolWorker-2: Calling delphi to calculate conformer (184/618) HIS01A0805_001 in /tmp/pbe_data.data.home.granepura.5-Kinases.Kinases_MCCE.Trial03.run_holo.1XKK_HIS01A0805_001
2026-09-22 11:40:53 - INFO: step3.py, pbe: ForkPoolWorker-3: Calling delphi to calculate conformer (185/618) HIS02A0805_002 in /tmp/pbe_data.data.home.granepura.5-Kinases.Kinases_MCCE.Trial03.run_holo.1XKK_HIS02A0805_002
2026-09-22 11:40:55 - INFO: step3.py, pbe: ForkPoolWorker-4: Calling delphi to calculate conformer (186/618) HIS+1A0805_003 in /tmp/pbe_data.data.home.granepura.5-Kinases.Kinases_MCCE.Trial03.run_holo.1XKK_HIS+1A0805_003
2026-09-22 11:40:56 - INFO: step3.py, pbe: ForkPoolWorker-1: Calling delphi to calculate conformer (187/618) LYS01A0806_001 in /tmp/pbe_data.data.home.granepura.5-Kinases.Kinases_MCCE.Trial03.run_holo.1XKK_LYS01A0806_001
2026-09-22 11:40:57 - INFO: step3.py, pbe: ForkPoolWorker-5: Calling delphi to calculate conformer (188/618) LYS+1A0806_002 in /tmp/pbe_data.data.home.granepura.5-Kinases.Kinases_MCCE.Trial03.run_holo.1XKK_LYS+1A0806_002
2026-09-22 11:40:57 - INFO: step3.py, pbe: ForkPoolWorker-2: Calling delphi to calculate conformer (189/618) ASP01A0807_001 in /tmp/pbe_data.data.home.granepura.5-Kinases.Kinases_MCCE.Trial03.run_holo.1XKK_ASP01A0807_001
2026-09-22 11:40:58 - INFO: step3.py, pbe: ForkPoolWorker-3: Calling delphi to calculate conformer (190/618) ASP01A0807_002 in /tmp/pbe_data.data.home.granepura.5-Kinases.Kinases_MCCE.Trial03.run_holo.1XKK_ASP01A0807_002
2026-09-22 11:40:59 - INFO: step3.py, pbe: ForkPoolWorker-4: Calling delphi to calculate conformer (191/618) ASP02A0807_003 in /tmp/pbe_data.data.home.granepura.5-Kinases.Kinases_MCCE.Trial03.run_holo.1XKK_ASP02A0807_003
2026-09-22 11:41:00 - INFO: step3.py, pbe: ForkPoolWorker-1: Calling delphi to calculate conformer (192/618) ASP02A0807_004 in /tmp/pbe_data.data.home.granepura.5-Kinases.Kinases_MCCE.Trial03.run_holo.1XKK_ASP02A0807_004
2026-09-22 11:41:01 - INFO: step3.py, pbe: ForkPoolWorker-5: Calling delphi to calculate conformer (193/618) ASP-1A0807_005 in /tmp/pbe_data.data.home.granepura.5-Kinases.Kinases_MCCE.Trial03.run_holo.1XKK_ASP-1A0807_005
2026-09-22 11:41:02 - INFO: step3.py, pbe: ForkPoolWorker-2: Calling delphi to calculate conformer (194/618) ASN01A0808_001 in /tmp/pbe_data.data.home.granepura.5-Kinases.Kinases_MCCE.Trial03.run_holo.1XKK_ASN01A0808_001
2026-09-22 11:41:02 - INFO: step3.py, pbe: Skipping PBE solver for non-charge conformer (195/618) ILE01A0809_001...
2026-09-22 11:41:02 - INFO: step3.py, pbe: ForkPoolWorker-3: Calling delphi to calculate conformer (196/618) SER01A0811_001 in /tmp/pbe_data.data.home.granepura.5-Kinases.Kinases_MCCE.Trial03.run_holo.1XKK_SER01A0811_001
2026-09-22 11:41:04 - INFO: step3.py, pbe: ForkPoolWorker-4: Calling delphi to calculate conformer (197/618) SER01A0811_002 in /tmp/pbe_data.data.home.granepura.5-Kinases.Kinases_MCCE.Trial03.run_holo.1XKK_SER01A0811_002
2026-09-22 11:41:05 - INFO: step3.py, pbe: ForkPoolWorker-1: Calling delphi to calculate conformer (198/618) GLN01A0812_001 in /tmp/pbe_data.data.home.granepura.5-Kinases.Kinases_MCCE.Trial03.run_holo.1XKK_GLN01A0812_001
2026-09-22 11:41:06 - INFO: step3.py, pbe: ForkPoolWorker-5: Calling delphi to calculate conformer (199/618) GLN01A0812_002 in /tmp/pbe_data.data.home.granepura.5-Kinases.Kinases_MCCE.Trial03.run_holo.1XKK_GLN01A0812_002
2026-09-22 11:41:06 - INFO: step3.py, pbe: ForkPoolWorker-2: Calling delphi to calculate conformer (200/618) TYR01A0813_001 in /tmp/pbe_data.data.home.granepura.5-Kinases.Kinases_MCCE.Trial03.run_holo.1XKK_TYR01A0813_001
2026-09-22 11:41:07 - INFO: step3.py, pbe: ForkPoolWorker-3: Calling delphi to calculate conformer (201/618) TYR01A0813_002 in /tmp/pbe_data.data.home.granepura.5-Kinases.Kinases_MCCE.Trial03.run_holo.1XKK_TYR01A0813_002
2026-09-22 11:41:09 - INFO: step3.py, pbe: ForkPoolWorker-4: Calling delphi to calculate conformer (202/618) TYR-1A0813_003 in /tmp/pbe_data.data.home.granepura.5-Kinases.Kinases_MCCE.Trial03.run_holo.1XKK_TYR-1A0813_003
2026-09-22 11:41:10 - INFO: step3.py, pbe: Skipping PBE solver for non-charge conformer (203/618) LEU01A0814_001...
2026-09-22 11:41:10 - INFO: step3.py, pbe: Skipping PBE solver for non-charge conformer (204/618) LEU01A0815_001...
2026-09-22 11:41:10 - INFO: step3.py, pbe: ForkPoolWorker-1: Calling delphi to calculate conformer (205/618) ASN01A0816_001 in /tmp/pbe_data.data.home.granepura.5-Kinases.Kinases_MCCE.Trial03.run_holo.1XKK_ASN01A0816_001
2026-09-22 11:41:11 - INFO: step3.py, pbe: ForkPoolWorker-5: Calling delphi to calculate conformer (206/618) ASN01A0816_002 in /tmp/pbe_data.data.home.granepura.5-Kinases.Kinases_MCCE.Trial03.run_holo.1XKK_ASN01A0816_002
2026-09-22 11:41:11 - INFO: step3.py, pbe: Skipping PBE solver for non-charge conformer (207/618) TRP01A0817_001...
2026-09-22 11:41:11 - INFO: step3.py, pbe: ForkPoolWorker-2: Calling delphi to calculate conformer (208/618) CYS01A0818_001 in /tmp/pbe_data.data.home.granepura.5-Kinases.Kinases_MCCE.Trial03.run_holo.1XKK_CYS01A0818_001
2026-09-22 11:41:12 - INFO: step3.py, pbe: ForkPoolWorker-3: Calling delphi to calculate conformer (209/618) CYS01A0818_002 in /tmp/pbe_data.data.home.granepura.5-Kinases.Kinases_MCCE.Trial03.run_holo.1XKK_CYS01A0818_002
2026-09-22 11:41:13 - INFO: step3.py, pbe: ForkPoolWorker-4: Calling delphi to calculate conformer (210/618) CYS01A0818_003 in /tmp/pbe_data.data.home.granepura.5-Kinases.Kinases_MCCE.Trial03.run_holo.1XKK_CYS01A0818_003
2026-09-22 11:41:14 - INFO: step3.py, pbe: ForkPoolWorker-1: Calling delphi to calculate conformer (211/618) CYS-1A0818_004 in /tmp/pbe_data.data.home.granepura.5-Kinases.Kinases_MCCE.Trial03.run_holo.1XKK_CYS-1A0818_004
2026-09-22 11:41:15 - INFO: step3.py, pbe: Skipping PBE solver for non-charge conformer (212/618) VAL01A0819_001...
2026-09-22 11:41:15 - INFO: step3.py, pbe: ForkPoolWorker-5: Calling delphi to calculate conformer (213/618) GLN01A0820_001 in /tmp/pbe_data.data.home.granepura.5-Kinases.Kinases_MCCE.Trial03.run_holo.1XKK_GLN01A0820_001
2026-09-22 11:41:16 - INFO: step3.py, pbe: Skipping PBE solver for non-charge conformer (214/618) ILE01A0821_001...
2026-09-22 11:41:16 - INFO: step3.py, pbe: Skipping PBE solver for non-charge conformer (215/618) ALA01A0822_001...
2026-09-22 11:41:16 - INFO: step3.py, pbe: ForkPoolWorker-2: Calling delphi to calculate conformer (216/618) LYS01A0823_001 in /tmp/pbe_data.data.home.granepura.5-Kinases.Kinases_MCCE.Trial03.run_holo.1XKK_LYS01A0823_001
2026-09-22 11:41:16 - INFO: step3.py, pbe: ForkPoolWorker-3: Calling delphi to calculate conformer (217/618) LYS+1A0823_002 in /tmp/pbe_data.data.home.granepura.5-Kinases.Kinases_MCCE.Trial03.run_holo.1XKK_LYS+1A0823_002
2026-09-22 11:41:18 - INFO: step3.py, pbe: ForkPoolWorker-4: Calling delphi to calculate conformer (218/618) MET01A0825_001 in /tmp/pbe_data.data.home.granepura.5-Kinases.Kinases_MCCE.Trial03.run_holo.1XKK_MET01A0825_001
2026-09-22 11:41:19 - INFO: step3.py, pbe: ForkPoolWorker-1: Calling delphi to calculate conformer (219/618) ASN01A0826_001 in /tmp/pbe_data.data.home.granepura.5-Kinases.Kinases_MCCE.Trial03.run_holo.1XKK_ASN01A0826_001
2026-09-22 11:41:20 - INFO: step3.py, pbe: ForkPoolWorker-5: Calling delphi to calculate conformer (220/618) ASN01A0826_002 in /tmp/pbe_data.data.home.granepura.5-Kinases.Kinases_MCCE.Trial03.run_holo.1XKK_ASN01A0826_002
2026-09-22 11:41:20 - INFO: step3.py, pbe: ForkPoolWorker-2: Calling delphi to calculate conformer (221/618) TYR01A0827_001 in /tmp/pbe_data.data.home.granepura.5-Kinases.Kinases_MCCE.Trial03.run_holo.1XKK_TYR01A0827_001
2026-09-22 11:41:21 - INFO: step3.py, pbe: ForkPoolWorker-3: Calling delphi to calculate conformer (222/618) TYR-1A0827_002 in /tmp/pbe_data.data.home.granepura.5-Kinases.Kinases_MCCE.Trial03.run_holo.1XKK_TYR-1A0827_002
2026-09-22 11:41:23 - INFO: step3.py, pbe: Skipping PBE solver for non-charge conformer (223/618) LEU01A0828_001...
2026-09-22 11:41:23 - INFO: step3.py, pbe: ForkPoolWorker-4: Calling delphi to calculate conformer (224/618) GLU01A0829_001 in /tmp/pbe_data.data.home.granepura.5-Kinases.Kinases_MCCE.Trial03.run_holo.1XKK_GLU01A0829_001
2026-09-22 11:41:24 - INFO: step3.py, pbe: ForkPoolWorker-1: Calling delphi to calculate conformer (225/618) GLU01A0829_002 in /tmp/pbe_data.data.home.granepura.5-Kinases.Kinases_MCCE.Trial03.run_holo.1XKK_GLU01A0829_002
2026-09-22 11:41:25 - INFO: step3.py, pbe: ForkPoolWorker-5: Calling delphi to calculate conformer (226/618) GLU02A0829_003 in /tmp/pbe_data.data.home.granepura.5-Kinases.Kinases_MCCE.Trial03.run_holo.1XKK_GLU02A0829_003
2026-09-22 11:41:25 - INFO: step3.py, pbe: ForkPoolWorker-2: Calling delphi to calculate conformer (227/618) GLU02A0829_004 in /tmp/pbe_data.data.home.granepura.5-Kinases.Kinases_MCCE.Trial03.run_holo.1XKK_GLU02A0829_004
2026-09-22 11:41:26 - INFO: step3.py, pbe: ForkPoolWorker-3: Calling delphi to calculate conformer (228/618) GLU-1A0829_005 in /tmp/pbe_data.data.home.granepura.5-Kinases.Kinases_MCCE.Trial03.run_holo.1XKK_GLU-1A0829_005
2026-09-22 11:41:27 - INFO: step3.py, pbe: ForkPoolWorker-4: Calling delphi to calculate conformer (229/618) ASP01A0830_001 in /tmp/pbe_data.data.home.granepura.5-Kinases.Kinases_MCCE.Trial03.run_holo.1XKK_ASP01A0830_001
