2026-09-22 11:38:38 - INFO: step3.py, <module>: Step 3. Energies calculation with PBE solver.
2026-09-22 11:38:38 - INFO: step3.py, <module>: Calling new VDW....No Scaling Applied
2026-09-22 11:38:38 - INFO: step3.py, <module>:    Process run time options & convert step2_out.pdb.
2026-09-22 11:38:38 - INFO: step3.py, <module>:    Prepare input for PB solver.
2026-09-22 11:38:38 - INFO: step3.py, <module>:    Time needed: 0 seconds.
2026-09-22 11:38:38 - INFO: step3.py, <module>:    Set up parallel envrionment and run PB solver.
2026-09-22 11:38:38 - INFO: step3.py, <module>:    Running PBE solver in 5 threads
2026-09-22 11:38:38 - INFO: step3.py, pbe: Skipping PBE solver for non-charge conformer (2/624) PRO01A0821_001...
2026-09-22 11:38:38 - INFO: step3.py, pbe: ForkPoolWorker-2: Calling delphi to calculate conformer (6/624) ASP01A0823_001 in /tmp/pbe_data.data.home.granepura.5-Kinases.Kinases_MCCE.Trial03.run_holo.3WZD_ASP01A0823_001
2026-09-22 11:38:38 - INFO: step3.py, pbe: ForkPoolWorker-5: Calling delphi to calculate conformer (5/624) TYR-1A0822_003 in /tmp/pbe_data.data.home.granepura.5-Kinases.Kinases_MCCE.Trial03.run_holo.3WZD_TYR-1A0822_003
2026-09-22 11:38:38 - INFO: step3.py, pbe: ForkPoolWorker-4: Calling delphi to calculate conformer (4/624) TYR01A0822_002 in /tmp/pbe_data.data.home.granepura.5-Kinases.Kinases_MCCE.Trial03.run_holo.3WZD_TYR01A0822_002
2026-09-22 11:38:38 - INFO: step3.py, pbe: Skipping PBE solver for non-charge conformer (1/624) LEU01A0820_001...
2026-09-22 11:38:38 - INFO: step3.py, pbe: ForkPoolWorker-3: Calling delphi to calculate conformer (3/624) TYR01A0822_001 in /tmp/pbe_data.data.home.granepura.5-Kinases.Kinases_MCCE.Trial03.run_holo.3WZD_TYR01A0822_001
2026-09-22 11:38:38 - INFO: step3.py, pbe: ForkPoolWorker-1: Calling delphi to calculate conformer (7/624) ASP01A0823_002 in /tmp/pbe_data.data.home.granepura.5-Kinases.Kinases_MCCE.Trial03.run_holo.3WZD_ASP01A0823_002
2026-09-22 11:38:43 - INFO: step3.py, pbe: ForkPoolWorker-2: Calling delphi to calculate conformer (8/624) ASP01A0823_003 in /tmp/pbe_data.data.home.granepura.5-Kinases.Kinases_MCCE.Trial03.run_holo.3WZD_ASP01A0823_003
2026-09-22 11:38:44 - INFO: step3.py, pbe: ForkPoolWorker-4: Calling delphi to calculate conformer (9/624) ASP01A0823_004 in /tmp/pbe_data.data.home.granepura.5-Kinases.Kinases_MCCE.Trial03.run_holo.3WZD_ASP01A0823_004
2026-09-22 11:38:44 - INFO: step3.py, pbe: ForkPoolWorker-1: Calling delphi to calculate conformer (10/624) ASP02A0823_005 in /tmp/pbe_data.data.home.granepura.5-Kinases.Kinases_MCCE.Trial03.run_holo.3WZD_ASP02A0823_005
2026-09-22 11:38:44 - INFO: step3.py, pbe: ForkPoolWorker-3: Calling delphi to calculate conformer (11/624) ASP02A0823_006 in /tmp/pbe_data.data.home.granepura.5-Kinases.Kinases_MCCE.Trial03.run_holo.3WZD_ASP02A0823_006
2026-09-22 11:38:44 - INFO: step3.py, pbe: ForkPoolWorker-5: Calling delphi to calculate conformer (12/624) ASP02A0823_007 in /tmp/pbe_data.data.home.granepura.5-Kinases.Kinases_MCCE.Trial03.run_holo.3WZD_ASP02A0823_007
2026-09-22 11:38:49 - INFO: step3.py, pbe: ForkPoolWorker-2: Calling delphi to calculate conformer (13/624) ASP02A0823_008 in /tmp/pbe_data.data.home.granepura.5-Kinases.Kinases_MCCE.Trial03.run_holo.3WZD_ASP02A0823_008
2026-09-22 11:38:50 - INFO: step3.py, pbe: ForkPoolWorker-4: Calling delphi to calculate conformer (14/624) ASP-1A0823_009 in /tmp/pbe_data.data.home.granepura.5-Kinases.Kinases_MCCE.Trial03.run_holo.3WZD_ASP-1A0823_009
2026-09-22 11:38:50 - INFO: step3.py, pbe: ForkPoolWorker-1: Calling delphi to calculate conformer (15/624) ASP-1A0823_010 in /tmp/pbe_data.data.home.granepura.5-Kinases.Kinases_MCCE.Trial03.run_holo.3WZD_ASP-1A0823_010
2026-09-22 11:38:50 - INFO: step3.py, pbe: Skipping PBE solver for non-charge conformer (16/624) ALA01A0824_001...
2026-09-22 11:38:50 - INFO: step3.py, pbe: ForkPoolWorker-5: Calling delphi to calculate conformer (17/624) SER01A0825_001 in /tmp/pbe_data.data.home.granepura.5-Kinases.Kinases_MCCE.Trial03.run_holo.3WZD_SER01A0825_001
2026-09-22 11:38:51 - INFO: step3.py, pbe: ForkPoolWorker-3: Calling delphi to calculate conformer (18/624) SER01A0825_002 in /tmp/pbe_data.data.home.granepura.5-Kinases.Kinases_MCCE.Trial03.run_holo.3WZD_SER01A0825_002
2026-09-22 11:38:53 - INFO: step3.py, pbe: ForkPoolWorker-2: Calling delphi to calculate conformer (19/624) SER01A0825_003 in /tmp/pbe_data.data.home.granepura.5-Kinases.Kinases_MCCE.Trial03.run_holo.3WZD_SER01A0825_003
2026-09-22 11:38:55 - INFO: step3.py, pbe: ForkPoolWorker-4: Calling delphi to calculate conformer (20/624) LYS01A0826_001 in /tmp/pbe_data.data.home.granepura.5-Kinases.Kinases_MCCE.Trial03.run_holo.3WZD_LYS01A0826_001
2026-09-22 11:38:56 - INFO: step3.py, pbe: ForkPoolWorker-5: Calling delphi to calculate conformer (21/624) LYS+1A0826_002 in /tmp/pbe_data.data.home.granepura.5-Kinases.Kinases_MCCE.Trial03.run_holo.3WZD_LYS+1A0826_002
2026-09-22 11:38:56 - INFO: step3.py, pbe: Skipping PBE solver for non-charge conformer (22/624) TRP01A0827_001...
2026-09-22 11:38:56 - INFO: step3.py, pbe: ForkPoolWorker-1: Calling delphi to calculate conformer (23/624) GLU01A0828_001 in /tmp/pbe_data.data.home.granepura.5-Kinases.Kinases_MCCE.Trial03.run_holo.3WZD_GLU01A0828_001
2026-09-22 11:38:56 - INFO: step3.py, pbe: ForkPoolWorker-3: Calling delphi to calculate conformer (24/624) GLU01A0828_002 in /tmp/pbe_data.data.home.granepura.5-Kinases.Kinases_MCCE.Trial03.run_holo.3WZD_GLU01A0828_002
2026-09-22 11:38:58 - INFO: step3.py, pbe: ForkPoolWorker-2: Calling delphi to calculate conformer (25/624) GLU02A0828_003 in /tmp/pbe_data.data.home.granepura.5-Kinases.Kinases_MCCE.Trial03.run_holo.3WZD_GLU02A0828_003
2026-09-22 11:39:00 - INFO: step3.py, pbe: ForkPoolWorker-4: Calling delphi to calculate conformer (26/624) GLU02A0828_004 in /tmp/pbe_data.data.home.granepura.5-Kinases.Kinases_MCCE.Trial03.run_holo.3WZD_GLU02A0828_004
2026-09-22 11:39:01 - INFO: step3.py, pbe: ForkPoolWorker-1: Calling delphi to calculate conformer (27/624) GLU-1A0828_005 in /tmp/pbe_data.data.home.granepura.5-Kinases.Kinases_MCCE.Trial03.run_holo.3WZD_GLU-1A0828_005
2026-09-22 11:39:01 - INFO: step3.py, pbe: Skipping PBE solver for non-charge conformer (28/624) PHE01A0829_001...
2026-09-22 11:39:01 - INFO: step3.py, pbe: Skipping PBE solver for non-charge conformer (29/624) PRO01A0830_001...
2026-09-22 11:39:01 - INFO: step3.py, pbe: ForkPoolWorker-5: Calling delphi to calculate conformer (30/624) ARG01A0831_001 in /tmp/pbe_data.data.home.granepura.5-Kinases.Kinases_MCCE.Trial03.run_holo.3WZD_ARG01A0831_001
2026-09-22 11:39:01 - INFO: step3.py, pbe: ForkPoolWorker-3: Calling delphi to calculate conformer (31/624) ARG02A0831_002 in /tmp/pbe_data.data.home.granepura.5-Kinases.Kinases_MCCE.Trial03.run_holo.3WZD_ARG02A0831_002
2026-09-22 11:39:03 - INFO: step3.py, pbe: ForkPoolWorker-2: Calling delphi to calculate conformer (32/624) ARG03A0831_003 in /tmp/pbe_data.data.home.granepura.5-Kinases.Kinases_MCCE.Trial03.run_holo.3WZD_ARG03A0831_003
2026-09-22 11:39:05 - INFO: step3.py, pbe: ForkPoolWorker-4: Calling delphi to calculate conformer (33/624) ARG+1A0831_004 in /tmp/pbe_data.data.home.granepura.5-Kinases.Kinases_MCCE.Trial03.run_holo.3WZD_ARG+1A0831_004
2026-09-22 11:39:05 - INFO: step3.py, pbe: ForkPoolWorker-1: Calling delphi to calculate conformer (34/624) ASP01A0832_001 in /tmp/pbe_data.data.home.granepura.5-Kinases.Kinases_MCCE.Trial03.run_holo.3WZD_ASP01A0832_001
2026-09-22 11:39:06 - INFO: step3.py, pbe: ForkPoolWorker-3: Calling delphi to calculate conformer (36/624) ASP02A0832_003 in /tmp/pbe_data.data.home.granepura.5-Kinases.Kinases_MCCE.Trial03.run_holo.3WZD_ASP02A0832_003
2026-09-22 11:39:06 - INFO: step3.py, pbe: ForkPoolWorker-5: Calling delphi to calculate conformer (35/624) ASP01A0832_002 in /tmp/pbe_data.data.home.granepura.5-Kinases.Kinases_MCCE.Trial03.run_holo.3WZD_ASP01A0832_002
2026-09-22 11:39:08 - INFO: step3.py, pbe: ForkPoolWorker-2: Calling delphi to calculate conformer (37/624) ASP02A0832_004 in /tmp/pbe_data.data.home.granepura.5-Kinases.Kinases_MCCE.Trial03.run_holo.3WZD_ASP02A0832_004
2026-09-22 11:39:09 - INFO: step3.py, pbe: ForkPoolWorker-4: Calling delphi to calculate conformer (38/624) ASP-1A0832_005 in /tmp/pbe_data.data.home.granepura.5-Kinases.Kinases_MCCE.Trial03.run_holo.3WZD_ASP-1A0832_005
2026-09-22 11:39:10 - INFO: step3.py, pbe: ForkPoolWorker-1: Calling delphi to calculate conformer (39/624) ARG01A0833_001 in /tmp/pbe_data.data.home.granepura.5-Kinases.Kinases_MCCE.Trial03.run_holo.3WZD_ARG01A0833_001
2026-09-22 11:39:11 - INFO: step3.py, pbe: ForkPoolWorker-3: Calling delphi to calculate conformer (40/624) ARG02A0833_002 in /tmp/pbe_data.data.home.granepura.5-Kinases.Kinases_MCCE.Trial03.run_holo.3WZD_ARG02A0833_002
2026-09-22 11:39:11 - INFO: step3.py, pbe: ForkPoolWorker-5: Calling delphi to calculate conformer (41/624) ARG03A0833_003 in /tmp/pbe_data.data.home.granepura.5-Kinases.Kinases_MCCE.Trial03.run_holo.3WZD_ARG03A0833_003
2026-09-22 11:39:13 - INFO: step3.py, pbe: ForkPoolWorker-2: Calling delphi to calculate conformer (42/624) ARG+1A0833_004 in /tmp/pbe_data.data.home.granepura.5-Kinases.Kinases_MCCE.Trial03.run_holo.3WZD_ARG+1A0833_004
2026-09-22 11:39:14 - INFO: step3.py, pbe: Skipping PBE solver for non-charge conformer (43/624) LEU01A0834_001...
2026-09-22 11:39:14 - INFO: step3.py, pbe: ForkPoolWorker-4: Calling delphi to calculate conformer (44/624) LYS01A0835_001 in /tmp/pbe_data.data.home.granepura.5-Kinases.Kinases_MCCE.Trial03.run_holo.3WZD_LYS01A0835_001
2026-09-22 11:39:15 - INFO: step3.py, pbe: ForkPoolWorker-1: Calling delphi to calculate conformer (45/624) LYS+1A0835_002 in /tmp/pbe_data.data.home.granepura.5-Kinases.Kinases_MCCE.Trial03.run_holo.3WZD_LYS+1A0835_002
2026-09-22 11:39:15 - INFO: step3.py, pbe: Skipping PBE solver for non-charge conformer (46/624) LEU01A0836_001...
2026-09-22 11:39:15 - INFO: step3.py, pbe: ForkPoolWorker-3: Calling delphi to calculate conformer (47/624) LYS01A0838_001 in /tmp/pbe_data.data.home.granepura.5-Kinases.Kinases_MCCE.Trial03.run_holo.3WZD_LYS01A0838_001
2026-09-22 11:39:16 - INFO: step3.py, pbe: ForkPoolWorker-5: Calling delphi to calculate conformer (48/624) LYS+1A0838_002 in /tmp/pbe_data.data.home.granepura.5-Kinases.Kinases_MCCE.Trial03.run_holo.3WZD_LYS+1A0838_002
2026-09-22 11:39:18 - INFO: step3.py, pbe: Skipping PBE solver for non-charge conformer (49/624) PRO01A0839_001...
2026-09-22 11:39:18 - INFO: step3.py, pbe: Skipping PBE solver for non-charge conformer (50/624) LEU01A0840_001...
2026-09-22 11:39:18 - INFO: step3.py, pbe: ForkPoolWorker-2: Calling delphi to calculate conformer (51/624) GLN01A0847_001 in /tmp/pbe_data.data.home.granepura.5-Kinases.Kinases_MCCE.Trial03.run_holo.3WZD_GLN01A0847_001
2026-09-22 11:39:18 - INFO: step3.py, pbe: ForkPoolWorker-4: Calling delphi to calculate conformer (52/624) GLN01A0847_002 in /tmp/pbe_data.data.home.granepura.5-Kinases.Kinases_MCCE.Trial03.run_holo.3WZD_GLN01A0847_002
2026-09-22 11:39:20 - INFO: step3.py, pbe: Skipping PBE solver for non-charge conformer (53/624) VAL01A0848_001...
2026-09-22 11:39:20 - INFO: step3.py, pbe: Skipping PBE solver for non-charge conformer (54/624) ILE01A0849_001...
2026-09-22 11:39:20 - INFO: step3.py, pbe: ForkPoolWorker-1: Calling delphi to calculate conformer (55/624) GLU01A0850_001 in /tmp/pbe_data.data.home.granepura.5-Kinases.Kinases_MCCE.Trial03.run_holo.3WZD_GLU01A0850_001
2026-09-22 11:39:20 - INFO: step3.py, pbe: ForkPoolWorker-3: Calling delphi to calculate conformer (56/624) GLU01A0850_002 in /tmp/pbe_data.data.home.granepura.5-Kinases.Kinases_MCCE.Trial03.run_holo.3WZD_GLU01A0850_002
2026-09-22 11:39:20 - INFO: step3.py, pbe: ForkPoolWorker-5: Calling delphi to calculate conformer (57/624) GLU02A0850_003 in /tmp/pbe_data.data.home.granepura.5-Kinases.Kinases_MCCE.Trial03.run_holo.3WZD_GLU02A0850_003
2026-09-22 11:39:22 - INFO: step3.py, pbe: ForkPoolWorker-2: Calling delphi to calculate conformer (58/624) GLU02A0850_004 in /tmp/pbe_data.data.home.granepura.5-Kinases.Kinases_MCCE.Trial03.run_holo.3WZD_GLU02A0850_004
2026-09-22 11:39:23 - INFO: step3.py, pbe: ForkPoolWorker-4: Calling delphi to calculate conformer (59/624) GLU-1A0850_005 in /tmp/pbe_data.data.home.granepura.5-Kinases.Kinases_MCCE.Trial03.run_holo.3WZD_GLU-1A0850_005
2026-09-22 11:39:24 - INFO: step3.py, pbe: Skipping PBE solver for non-charge conformer (60/624) ALA01A0851_001...
2026-09-22 11:39:24 - INFO: step3.py, pbe: ForkPoolWorker-1: Calling delphi to calculate conformer (61/624) ASP01A0852_001 in /tmp/pbe_data.data.home.granepura.5-Kinases.Kinases_MCCE.Trial03.run_holo.3WZD_ASP01A0852_001
2026-09-22 11:39:25 - INFO: step3.py, pbe: ForkPoolWorker-3: Calling delphi to calculate conformer (62/624) ASP01A0852_002 in /tmp/pbe_data.data.home.granepura.5-Kinases.Kinases_MCCE.Trial03.run_holo.3WZD_ASP01A0852_002
2026-09-22 11:39:25 - INFO: step3.py, pbe: ForkPoolWorker-5: Calling delphi to calculate conformer (63/624) ASP01A0852_003 in /tmp/pbe_data.data.home.granepura.5-Kinases.Kinases_MCCE.Trial03.run_holo.3WZD_ASP01A0852_003
2026-09-22 11:39:27 - INFO: step3.py, pbe: ForkPoolWorker-2: Calling delphi to calculate conformer (64/624) ASP01A0852_004 in /tmp/pbe_data.data.home.granepura.5-Kinases.Kinases_MCCE.Trial03.run_holo.3WZD_ASP01A0852_004
2026-09-22 11:39:28 - INFO: step3.py, pbe: ForkPoolWorker-4: Calling delphi to calculate conformer (65/624) ASP02A0852_005 in /tmp/pbe_data.data.home.granepura.5-Kinases.Kinases_MCCE.Trial03.run_holo.3WZD_ASP02A0852_005
2026-09-22 11:39:29 - INFO: step3.py, pbe: ForkPoolWorker-1: Calling delphi to calculate conformer (66/624) ASP02A0852_006 in /tmp/pbe_data.data.home.granepura.5-Kinases.Kinases_MCCE.Trial03.run_holo.3WZD_ASP02A0852_006
2026-09-22 11:39:30 - INFO: step3.py, pbe: ForkPoolWorker-3: Calling delphi to calculate conformer (67/624) ASP02A0852_007 in /tmp/pbe_data.data.home.granepura.5-Kinases.Kinases_MCCE.Trial03.run_holo.3WZD_ASP02A0852_007
2026-09-22 11:39:30 - INFO: step3.py, pbe: ForkPoolWorker-5: Calling delphi to calculate conformer (68/624) ASP02A0852_008 in /tmp/pbe_data.data.home.granepura.5-Kinases.Kinases_MCCE.Trial03.run_holo.3WZD_ASP02A0852_008
2026-09-22 11:39:32 - INFO: step3.py, pbe: ForkPoolWorker-2: Calling delphi to calculate conformer (69/624) ASP-1A0852_009 in /tmp/pbe_data.data.home.granepura.5-Kinases.Kinases_MCCE.Trial03.run_holo.3WZD_ASP-1A0852_009
2026-09-22 11:39:33 - INFO: step3.py, pbe: Skipping PBE solver for non-charge conformer (70/624) ALA01A0853_001...
2026-09-22 11:39:33 - INFO: step3.py, pbe: Skipping PBE solver for non-charge conformer (71/624) PHE01A0854_001...
2026-09-22 11:39:33 - INFO: step3.py, pbe: Skipping PBE solver for non-charge conformer (72/624) ILE01A0856_001...
2026-09-22 11:39:33 - INFO: step3.py, pbe: ForkPoolWorker-4: Calling delphi to calculate conformer (73/624) ASP01A0857_001 in /tmp/pbe_data.data.home.granepura.5-Kinases.Kinases_MCCE.Trial03.run_holo.3WZD_ASP01A0857_001
2026-09-22 11:39:33 - INFO: step3.py, pbe: ForkPoolWorker-1: Calling delphi to calculate conformer (74/624) ASP01A0857_002 in /tmp/pbe_data.data.home.granepura.5-Kinases.Kinases_MCCE.Trial03.run_holo.3WZD_ASP01A0857_002
2026-09-22 11:39:34 - INFO: step3.py, pbe: ForkPoolWorker-3: Calling delphi to calculate conformer (75/624) ASP02A0857_003 in /tmp/pbe_data.data.home.granepura.5-Kinases.Kinases_MCCE.Trial03.run_holo.3WZD_ASP02A0857_003
2026-09-22 11:39:35 - INFO: step3.py, pbe: ForkPoolWorker-5: Calling delphi to calculate conformer (76/624) ASP02A0857_004 in /tmp/pbe_data.data.home.granepura.5-Kinases.Kinases_MCCE.Trial03.run_holo.3WZD_ASP02A0857_004
2026-09-22 11:39:37 - INFO: step3.py, pbe: ForkPoolWorker-2: Calling delphi to calculate conformer (77/624) ASP-1A0857_005 in /tmp/pbe_data.data.home.granepura.5-Kinases.Kinases_MCCE.Trial03.run_holo.3WZD_ASP-1A0857_005
2026-09-22 11:39:38 - INFO: step3.py, pbe: ForkPoolWorker-4: Calling delphi to calculate conformer (78/624) LYS01A0858_001 in /tmp/pbe_data.data.home.granepura.5-Kinases.Kinases_MCCE.Trial03.run_holo.3WZD_LYS01A0858_001
2026-09-22 11:39:38 - INFO: step3.py, pbe: ForkPoolWorker-1: Calling delphi to calculate conformer (79/624) LYS+1A0858_002 in /tmp/pbe_data.data.home.granepura.5-Kinases.Kinases_MCCE.Trial03.run_holo.3WZD_LYS+1A0858_002
2026-09-22 11:39:39 - INFO: step3.py, pbe: ForkPoolWorker-3: Calling delphi to calculate conformer (80/624) THR01A0859_001 in /tmp/pbe_data.data.home.granepura.5-Kinases.Kinases_MCCE.Trial03.run_holo.3WZD_THR01A0859_001
2026-09-22 11:39:39 - INFO: step3.py, pbe: ForkPoolWorker-5: Calling delphi to calculate conformer (81/624) THR01A0859_002 in /tmp/pbe_data.data.home.granepura.5-Kinases.Kinases_MCCE.Trial03.run_holo.3WZD_THR01A0859_002
2026-09-22 11:39:42 - INFO: step3.py, pbe: ForkPoolWorker-2: Calling delphi to calculate conformer (82/624) THR01A0859_003 in /tmp/pbe_data.data.home.granepura.5-Kinases.Kinases_MCCE.Trial03.run_holo.3WZD_THR01A0859_003
2026-09-22 11:39:43 - INFO: step3.py, pbe: ForkPoolWorker-4: Calling delphi to calculate conformer (83/624) THR01A0859_004 in /tmp/pbe_data.data.home.granepura.5-Kinases.Kinases_MCCE.Trial03.run_holo.3WZD_THR01A0859_004
2026-09-22 11:39:43 - INFO: step3.py, pbe: Skipping PBE solver for non-charge conformer (84/624) ALA01A0860_001...
2026-09-22 11:39:43 - INFO: step3.py, pbe: ForkPoolWorker-1: Calling delphi to calculate conformer (85/624) THR01A0861_001 in /tmp/pbe_data.data.home.granepura.5-Kinases.Kinases_MCCE.Trial03.run_holo.3WZD_THR01A0861_001
2026-09-22 11:39:43 - INFO: step3.py, pbe: ForkPoolWorker-3: Calling delphi to calculate conformer (86/624) CYS01A0862_001 in /tmp/pbe_data.data.home.granepura.5-Kinases.Kinases_MCCE.Trial03.run_holo.3WZD_CYS01A0862_001
2026-09-22 11:39:44 - INFO: step3.py, pbe: ForkPoolWorker-5: Calling delphi to calculate conformer (87/624) CYS01A0862_002 in /tmp/pbe_data.data.home.granepura.5-Kinases.Kinases_MCCE.Trial03.run_holo.3WZD_CYS01A0862_002
2026-09-22 11:39:46 - INFO: step3.py, pbe: ForkPoolWorker-2: Calling delphi to calculate conformer (88/624) CYS01A0862_003 in /tmp/pbe_data.data.home.granepura.5-Kinases.Kinases_MCCE.Trial03.run_holo.3WZD_CYS01A0862_003
2026-09-22 11:39:47 - INFO: step3.py, pbe: ForkPoolWorker-4: Calling delphi to calculate conformer (89/624) CYS-1A0862_004 in /tmp/pbe_data.data.home.granepura.5-Kinases.Kinases_MCCE.Trial03.run_holo.3WZD_CYS-1A0862_004
2026-09-22 11:39:48 - INFO: step3.py, pbe: ForkPoolWorker-1: Calling delphi to calculate conformer (90/624) ARG01A0863_001 in /tmp/pbe_data.data.home.granepura.5-Kinases.Kinases_MCCE.Trial03.run_holo.3WZD_ARG01A0863_001
2026-09-22 11:39:48 - INFO: step3.py, pbe: ForkPoolWorker-3: Calling delphi to calculate conformer (91/624) ARG02A0863_002 in /tmp/pbe_data.data.home.granepura.5-Kinases.Kinases_MCCE.Trial03.run_holo.3WZD_ARG02A0863_002
2026-09-22 11:39:48 - INFO: step3.py, pbe: ForkPoolWorker-5: Calling delphi to calculate conformer (92/624) ARG02A0863_003 in /tmp/pbe_data.data.home.granepura.5-Kinases.Kinases_MCCE.Trial03.run_holo.3WZD_ARG02A0863_003
2026-09-22 11:39:51 - INFO: step3.py, pbe: ForkPoolWorker-2: Calling delphi to calculate conformer (93/624) ARG03A0863_004 in /tmp/pbe_data.data.home.granepura.5-Kinases.Kinases_MCCE.Trial03.run_holo.3WZD_ARG03A0863_004
2026-09-22 11:39:52 - INFO: step3.py, pbe: ForkPoolWorker-4: Calling delphi to calculate conformer (94/624) ARG+1A0863_005 in /tmp/pbe_data.data.home.granepura.5-Kinases.Kinases_MCCE.Trial03.run_holo.3WZD_ARG+1A0863_005
2026-09-22 11:39:53 - INFO: step3.py, pbe: ForkPoolWorker-1: Calling delphi to calculate conformer (95/624) THR01A0864_001 in /tmp/pbe_data.data.home.granepura.5-Kinases.Kinases_MCCE.Trial03.run_holo.3WZD_THR01A0864_001
2026-09-22 11:39:53 - INFO: step3.py, pbe: ForkPoolWorker-3: Calling delphi to calculate conformer (96/624) THR01A0864_002 in /tmp/pbe_data.data.home.granepura.5-Kinases.Kinases_MCCE.Trial03.run_holo.3WZD_THR01A0864_002
2026-09-22 11:39:53 - INFO: step3.py, pbe: Skipping PBE solver for non-charge conformer (97/624) VAL01A0865_001...
2026-09-22 11:39:53 - INFO: step3.py, pbe: Skipping PBE solver for non-charge conformer (98/624) ALA01A0866_001...
2026-09-22 11:39:53 - INFO: step3.py, pbe: Skipping PBE solver for non-charge conformer (99/624) VAL01A0867_001...
2026-09-22 11:39:53 - INFO: step3.py, pbe: ForkPoolWorker-5: Calling delphi to calculate conformer (100/624) LYS01A0868_001 in /tmp/pbe_data.data.home.granepura.5-Kinases.Kinases_MCCE.Trial03.run_holo.3WZD_LYS01A0868_001
2026-09-22 11:39:56 - INFO: step3.py, pbe: ForkPoolWorker-2: Calling delphi to calculate conformer (101/624) LYS+1A0868_002 in /tmp/pbe_data.data.home.granepura.5-Kinases.Kinases_MCCE.Trial03.run_holo.3WZD_LYS+1A0868_002
2026-09-22 11:39:57 - INFO: step3.py, pbe: ForkPoolWorker-4: Calling delphi to calculate conformer (102/624) MET01A0869_001 in /tmp/pbe_data.data.home.granepura.5-Kinases.Kinases_MCCE.Trial03.run_holo.3WZD_MET01A0869_001
2026-09-22 11:39:57 - INFO: step3.py, pbe: Skipping PBE solver for non-charge conformer (103/624) LEU01A0870_001...
2026-09-22 11:39:57 - INFO: step3.py, pbe: ForkPoolWorker-1: Calling delphi to calculate conformer (104/624) LYS01A0871_001 in /tmp/pbe_data.data.home.granepura.5-Kinases.Kinases_MCCE.Trial03.run_holo.3WZD_LYS01A0871_001
2026-09-22 11:39:58 - INFO: step3.py, pbe: ForkPoolWorker-3: Calling delphi to calculate conformer (105/624) LYS+1A0871_002 in /tmp/pbe_data.data.home.granepura.5-Kinases.Kinases_MCCE.Trial03.run_holo.3WZD_LYS+1A0871_002
2026-09-22 11:39:58 - INFO: step3.py, pbe: ForkPoolWorker-5: Calling delphi to calculate conformer (106/624) GLU01A0872_001 in /tmp/pbe_data.data.home.granepura.5-Kinases.Kinases_MCCE.Trial03.run_holo.3WZD_GLU01A0872_001
2026-09-22 11:40:00 - INFO: step3.py, pbe: ForkPoolWorker-2: Calling delphi to calculate conformer (107/624) GLU01A0872_002 in /tmp/pbe_data.data.home.granepura.5-Kinases.Kinases_MCCE.Trial03.run_holo.3WZD_GLU01A0872_002
2026-09-22 11:40:02 - INFO: step3.py, pbe: ForkPoolWorker-4: Calling delphi to calculate conformer (108/624) GLU02A0872_003 in /tmp/pbe_data.data.home.granepura.5-Kinases.Kinases_MCCE.Trial03.run_holo.3WZD_GLU02A0872_003
2026-09-22 11:40:02 - INFO: step3.py, pbe: ForkPoolWorker-1: Calling delphi to calculate conformer (109/624) GLU02A0872_004 in /tmp/pbe_data.data.home.granepura.5-Kinases.Kinases_MCCE.Trial03.run_holo.3WZD_GLU02A0872_004
2026-09-22 11:40:03 - INFO: step3.py, pbe: ForkPoolWorker-3: Calling delphi to calculate conformer (110/624) GLU-1A0872_005 in /tmp/pbe_data.data.home.granepura.5-Kinases.Kinases_MCCE.Trial03.run_holo.3WZD_GLU-1A0872_005
2026-09-22 11:40:03 - INFO: step3.py, pbe: Skipping PBE solver for non-charge conformer (111/624) ALA01A0874_001...
2026-09-22 11:40:03 - INFO: step3.py, pbe: ForkPoolWorker-5: Calling delphi to calculate conformer (112/624) THR01A0875_001 in /tmp/pbe_data.data.home.granepura.5-Kinases.Kinases_MCCE.Trial03.run_holo.3WZD_THR01A0875_001
2026-09-22 11:40:05 - INFO: step3.py, pbe: ForkPoolWorker-2: Calling delphi to calculate conformer (113/624) THR01A0875_002 in /tmp/pbe_data.data.home.granepura.5-Kinases.Kinases_MCCE.Trial03.run_holo.3WZD_THR01A0875_002
2026-09-22 11:40:06 - INFO: step3.py, pbe: ForkPoolWorker-4: Calling delphi to calculate conformer (114/624) THR01A0875_003 in /tmp/pbe_data.data.home.granepura.5-Kinases.Kinases_MCCE.Trial03.run_holo.3WZD_THR01A0875_003
2026-09-22 11:40:07 - INFO: step3.py, pbe: ForkPoolWorker-1: Calling delphi to calculate conformer (115/624) HIS01A0876_001 in /tmp/pbe_data.data.home.granepura.5-Kinases.Kinases_MCCE.Trial03.run_holo.3WZD_HIS01A0876_001
2026-09-22 11:40:07 - INFO: step3.py, pbe: ForkPoolWorker-5: Calling delphi to calculate conformer (116/624) HIS01A0876_002 in /tmp/pbe_data.data.home.granepura.5-Kinases.Kinases_MCCE.Trial03.run_holo.3WZD_HIS01A0876_002
2026-09-22 11:40:07 - INFO: step3.py, pbe: ForkPoolWorker-3: Calling delphi to calculate conformer (117/624) HIS02A0876_003 in /tmp/pbe_data.data.home.granepura.5-Kinases.Kinases_MCCE.Trial03.run_holo.3WZD_HIS02A0876_003
2026-09-22 11:40:10 - INFO: step3.py, pbe: ForkPoolWorker-2: Calling delphi to calculate conformer (118/624) HIS02A0876_004 in /tmp/pbe_data.data.home.granepura.5-Kinases.Kinases_MCCE.Trial03.run_holo.3WZD_HIS02A0876_004
2026-09-22 11:40:11 - INFO: step3.py, pbe: ForkPoolWorker-4: Calling delphi to calculate conformer (119/624) HIS+1A0876_005 in /tmp/pbe_data.data.home.granepura.5-Kinases.Kinases_MCCE.Trial03.run_holo.3WZD_HIS+1A0876_005
2026-09-22 11:40:12 - INFO: step3.py, pbe: ForkPoolWorker-1: Calling delphi to calculate conformer (120/624) HIS+1A0876_006 in /tmp/pbe_data.data.home.granepura.5-Kinases.Kinases_MCCE.Trial03.run_holo.3WZD_HIS+1A0876_006
2026-09-22 11:40:12 - INFO: step3.py, pbe: ForkPoolWorker-5: Calling delphi to calculate conformer (121/624) SER01A0877_001 in /tmp/pbe_data.data.home.granepura.5-Kinases.Kinases_MCCE.Trial03.run_holo.3WZD_SER01A0877_001
2026-09-22 11:40:12 - INFO: step3.py, pbe: ForkPoolWorker-3: Calling delphi to calculate conformer (122/624) SER01A0877_002 in /tmp/pbe_data.data.home.granepura.5-Kinases.Kinases_MCCE.Trial03.run_holo.3WZD_SER01A0877_002
2026-09-22 11:40:14 - INFO: step3.py, pbe: ForkPoolWorker-2: Calling delphi to calculate conformer (123/624) GLU01A0878_001 in /tmp/pbe_data.data.home.granepura.5-Kinases.Kinases_MCCE.Trial03.run_holo.3WZD_GLU01A0878_001
2026-09-22 11:40:16 - INFO: step3.py, pbe: ForkPoolWorker-4: Calling delphi to calculate conformer (124/624) GLU01A0878_002 in /tmp/pbe_data.data.home.granepura.5-Kinases.Kinases_MCCE.Trial03.run_holo.3WZD_GLU01A0878_002
2026-09-22 11:40:16 - INFO: step3.py, pbe: ForkPoolWorker-1: Calling delphi to calculate conformer (125/624) GLU02A0878_003 in /tmp/pbe_data.data.home.granepura.5-Kinases.Kinases_MCCE.Trial03.run_holo.3WZD_GLU02A0878_003
2026-09-22 11:40:17 - INFO: step3.py, pbe: ForkPoolWorker-5: Calling delphi to calculate conformer (126/624) GLU02A0878_004 in /tmp/pbe_data.data.home.granepura.5-Kinases.Kinases_MCCE.Trial03.run_holo.3WZD_GLU02A0878_004
2026-09-22 11:40:17 - INFO: step3.py, pbe: ForkPoolWorker-3: Calling delphi to calculate conformer (127/624) GLU-1A0878_005 in /tmp/pbe_data.data.home.granepura.5-Kinases.Kinases_MCCE.Trial03.run_holo.3WZD_GLU-1A0878_005
2026-09-22 11:40:19 - INFO: step3.py, pbe: ForkPoolWorker-2: Calling delphi to calculate conformer (128/624) HIS01A0879_001 in /tmp/pbe_data.data.home.granepura.5-Kinases.Kinases_MCCE.Trial03.run_holo.3WZD_HIS01A0879_001
2026-09-22 11:40:20 - INFO: step3.py, pbe: ForkPoolWorker-4: Calling delphi to calculate conformer (129/624) HIS01A0879_002 in /tmp/pbe_data.data.home.granepura.5-Kinases.Kinases_MCCE.Trial03.run_holo.3WZD_HIS01A0879_002
2026-09-22 11:40:21 - INFO: step3.py, pbe: ForkPoolWorker-1: Calling delphi to calculate conformer (130/624) HIS02A0879_003 in /tmp/pbe_data.data.home.granepura.5-Kinases.Kinases_MCCE.Trial03.run_holo.3WZD_HIS02A0879_003
2026-09-22 11:40:21 - INFO: step3.py, pbe: ForkPoolWorker-3: Calling delphi to calculate conformer (131/624) HIS02A0879_004 in /tmp/pbe_data.data.home.granepura.5-Kinases.Kinases_MCCE.Trial03.run_holo.3WZD_HIS02A0879_004
2026-09-22 11:40:21 - INFO: step3.py, pbe: ForkPoolWorker-5: Calling delphi to calculate conformer (132/624) HIS+1A0879_005 in /tmp/pbe_data.data.home.granepura.5-Kinases.Kinases_MCCE.Trial03.run_holo.3WZD_HIS+1A0879_005
2026-09-22 11:40:23 - INFO: step3.py, pbe: ForkPoolWorker-2: Calling delphi to calculate conformer (133/624) HIS+1A0879_006 in /tmp/pbe_data.data.home.granepura.5-Kinases.Kinases_MCCE.Trial03.run_holo.3WZD_HIS+1A0879_006
2026-09-22 11:40:25 - INFO: step3.py, pbe: ForkPoolWorker-4: Calling delphi to calculate conformer (134/624) ARG01A0880_001 in /tmp/pbe_data.data.home.granepura.5-Kinases.Kinases_MCCE.Trial03.run_holo.3WZD_ARG01A0880_001
2026-09-22 11:40:26 - INFO: step3.py, pbe: ForkPoolWorker-1: Calling delphi to calculate conformer (135/624) ARG02A0880_002 in /tmp/pbe_data.data.home.granepura.5-Kinases.Kinases_MCCE.Trial03.run_holo.3WZD_ARG02A0880_002
2026-09-22 11:40:26 - INFO: step3.py, pbe: ForkPoolWorker-3: Calling delphi to calculate conformer (136/624) ARG03A0880_003 in /tmp/pbe_data.data.home.granepura.5-Kinases.Kinases_MCCE.Trial03.run_holo.3WZD_ARG03A0880_003
2026-09-22 11:40:26 - INFO: step3.py, pbe: ForkPoolWorker-5: Calling delphi to calculate conformer (137/624) ARG+1A0880_004 in /tmp/pbe_data.data.home.granepura.5-Kinases.Kinases_MCCE.Trial03.run_holo.3WZD_ARG+1A0880_004
2026-09-22 11:40:28 - INFO: step3.py, pbe: Skipping PBE solver for non-charge conformer (138/624) ALA01A0881_001...
2026-09-22 11:40:28 - INFO: step3.py, pbe: Skipping PBE solver for non-charge conformer (139/624) LEU01A0882_001...
2026-09-22 11:40:28 - INFO: step3.py, pbe: ForkPoolWorker-2: Calling delphi to calculate conformer (140/624) MET01A0883_001 in /tmp/pbe_data.data.home.granepura.5-Kinases.Kinases_MCCE.Trial03.run_holo.3WZD_MET01A0883_001
2026-09-22 11:40:29 - INFO: step3.py, pbe: ForkPoolWorker-4: Calling delphi to calculate conformer (141/624) SER01A0884_001 in /tmp/pbe_data.data.home.granepura.5-Kinases.Kinases_MCCE.Trial03.run_holo.3WZD_SER01A0884_001
2026-09-22 11:40:31 - INFO: step3.py, pbe: ForkPoolWorker-1: Calling delphi to calculate conformer (142/624) GLU01A0885_001 in /tmp/pbe_data.data.home.granepura.5-Kinases.Kinases_MCCE.Trial03.run_holo.3WZD_GLU01A0885_001
2026-09-22 11:40:31 - INFO: step3.py, pbe: ForkPoolWorker-5: Calling delphi to calculate conformer (143/624) GLU01A0885_002 in /tmp/pbe_data.data.home.granepura.5-Kinases.Kinases_MCCE.Trial03.run_holo.3WZD_GLU01A0885_002
2026-09-22 11:40:31 - INFO: step3.py, pbe: ForkPoolWorker-3: Calling delphi to calculate conformer (144/624) GLU01A0885_003 in /tmp/pbe_data.data.home.granepura.5-Kinases.Kinases_MCCE.Trial03.run_holo.3WZD_GLU01A0885_003
2026-09-22 11:40:33 - INFO: step3.py, pbe: ForkPoolWorker-2: Calling delphi to calculate conformer (145/624) GLU01A0885_004 in /tmp/pbe_data.data.home.granepura.5-Kinases.Kinases_MCCE.Trial03.run_holo.3WZD_GLU01A0885_004
2026-09-22 11:40:34 - INFO: step3.py, pbe: ForkPoolWorker-4: Calling delphi to calculate conformer (146/624) GLU02A0885_005 in /tmp/pbe_data.data.home.granepura.5-Kinases.Kinases_MCCE.Trial03.run_holo.3WZD_GLU02A0885_005
2026-09-22 11:40:35 - INFO: step3.py, pbe: ForkPoolWorker-1: Calling delphi to calculate conformer (147/624) GLU02A0885_006 in /tmp/pbe_data.data.home.granepura.5-Kinases.Kinases_MCCE.Trial03.run_holo.3WZD_GLU02A0885_006
2026-09-22 11:40:36 - INFO: step3.py, pbe: ForkPoolWorker-5: Calling delphi to calculate conformer (148/624) GLU02A0885_007 in /tmp/pbe_data.data.home.granepura.5-Kinases.Kinases_MCCE.Trial03.run_holo.3WZD_GLU02A0885_007
2026-09-22 11:40:36 - INFO: step3.py, pbe: ForkPoolWorker-3: Calling delphi to calculate conformer (149/624) GLU02A0885_008 in /tmp/pbe_data.data.home.granepura.5-Kinases.Kinases_MCCE.Trial03.run_holo.3WZD_GLU02A0885_008
2026-09-22 11:40:38 - INFO: step3.py, pbe: ForkPoolWorker-2: Calling delphi to calculate conformer (150/624) GLU-1A0885_009 in /tmp/pbe_data.data.home.granepura.5-Kinases.Kinases_MCCE.Trial03.run_holo.3WZD_GLU-1A0885_009
2026-09-22 11:40:39 - INFO: step3.py, pbe: ForkPoolWorker-4: Calling delphi to calculate conformer (151/624) GLU-1A0885_010 in /tmp/pbe_data.data.home.granepura.5-Kinases.Kinases_MCCE.Trial03.run_holo.3WZD_GLU-1A0885_010
2026-09-22 11:40:40 - INFO: step3.py, pbe: Skipping PBE solver for non-charge conformer (152/624) LEU01A0886_001...
2026-09-22 11:40:40 - INFO: step3.py, pbe: ForkPoolWorker-1: Calling delphi to calculate conformer (153/624) LYS01A0887_001 in /tmp/pbe_data.data.home.granepura.5-Kinases.Kinases_MCCE.Trial03.run_holo.3WZD_LYS01A0887_001
2026-09-22 11:40:40 - INFO: step3.py, pbe: Skipping PBE solver for non-charge conformer (155/624) ILE01A0888_001...
2026-09-22 11:40:41 - INFO: step3.py, pbe: Skipping PBE solver for non-charge conformer (156/624) LEU01A0889_001...
2026-09-22 11:40:41 - INFO: step3.py, pbe: ForkPoolWorker-5: Calling delphi to calculate conformer (154/624) LYS+1A0887_002 in /tmp/pbe_data.data.home.granepura.5-Kinases.Kinases_MCCE.Trial03.run_holo.3WZD_LYS+1A0887_002
2026-09-22 11:40:41 - INFO: step3.py, pbe: Skipping PBE solver for non-charge conformer (157/624) ILE01A0890_001...
2026-09-22 11:40:41 - INFO: step3.py, pbe: ForkPoolWorker-3: Calling delphi to calculate conformer (158/624) HIS01A0891_001 in /tmp/pbe_data.data.home.granepura.5-Kinases.Kinases_MCCE.Trial03.run_holo.3WZD_HIS01A0891_001
2026-09-22 11:40:42 - INFO: step3.py, pbe: ForkPoolWorker-2: Calling delphi to calculate conformer (159/624) HIS01A0891_002 in /tmp/pbe_data.data.home.granepura.5-Kinases.Kinases_MCCE.Trial03.run_holo.3WZD_HIS01A0891_002
2026-09-22 11:40:43 - INFO: step3.py, pbe: ForkPoolWorker-4: Calling delphi to calculate conformer (160/624) HIS02A0891_003 in /tmp/pbe_data.data.home.granepura.5-Kinases.Kinases_MCCE.Trial03.run_holo.3WZD_HIS02A0891_003
2026-09-22 11:40:45 - INFO: step3.py, pbe: ForkPoolWorker-1: Calling delphi to calculate conformer (161/624) HIS02A0891_004 in /tmp/pbe_data.data.home.granepura.5-Kinases.Kinases_MCCE.Trial03.run_holo.3WZD_HIS02A0891_004
2026-09-22 11:40:45 - INFO: step3.py, pbe: ForkPoolWorker-5: Calling delphi to calculate conformer (162/624) HIS+1A0891_005 in /tmp/pbe_data.data.home.granepura.5-Kinases.Kinases_MCCE.Trial03.run_holo.3WZD_HIS+1A0891_005
2026-09-22 11:40:45 - INFO: step3.py, pbe: ForkPoolWorker-3: Calling delphi to calculate conformer (163/624) HIS+1A0891_006 in /tmp/pbe_data.data.home.granepura.5-Kinases.Kinases_MCCE.Trial03.run_holo.3WZD_HIS+1A0891_006
2026-09-22 11:40:47 - INFO: step3.py, pbe: Skipping PBE solver for non-charge conformer (164/624) ILE01A0892_001...
2026-09-22 11:40:47 - INFO: step3.py, pbe: ForkPoolWorker-2: Calling delphi to calculate conformer (165/624) HIS01A0894_001 in /tmp/pbe_data.data.home.granepura.5-Kinases.Kinases_MCCE.Trial03.run_holo.3WZD_HIS01A0894_001
2026-09-22 11:40:48 - INFO: step3.py, pbe: ForkPoolWorker-4: Calling delphi to calculate conformer (166/624) HIS01A0894_002 in /tmp/pbe_data.data.home.granepura.5-Kinases.Kinases_MCCE.Trial03.run_holo.3WZD_HIS01A0894_002
2026-09-22 11:40:49 - INFO: step3.py, pbe: ForkPoolWorker-1: Calling delphi to calculate conformer (167/624) HIS01A0894_003 in /tmp/pbe_data.data.home.granepura.5-Kinases.Kinases_MCCE.Trial03.run_holo.3WZD_HIS01A0894_003
2026-09-22 11:40:50 - INFO: step3.py, pbe: ForkPoolWorker-5: Calling delphi to calculate conformer (168/624) HIS02A0894_004 in /tmp/pbe_data.data.home.granepura.5-Kinases.Kinases_MCCE.Trial03.run_holo.3WZD_HIS02A0894_004
2026-09-22 11:40:50 - INFO: step3.py, pbe: ForkPoolWorker-3: Calling delphi to calculate conformer (169/624) HIS02A0894_005 in /tmp/pbe_data.data.home.granepura.5-Kinases.Kinases_MCCE.Trial03.run_holo.3WZD_HIS02A0894_005
2026-09-22 11:40:52 - INFO: step3.py, pbe: ForkPoolWorker-2: Calling delphi to calculate conformer (170/624) HIS02A0894_006 in /tmp/pbe_data.data.home.granepura.5-Kinases.Kinases_MCCE.Trial03.run_holo.3WZD_HIS02A0894_006
2026-09-22 11:40:53 - INFO: step3.py, pbe: ForkPoolWorker-4: Calling delphi to calculate conformer (171/624) HIS+1A0894_007 in /tmp/pbe_data.data.home.granepura.5-Kinases.Kinases_MCCE.Trial03.run_holo.3WZD_HIS+1A0894_007
2026-09-22 11:40:54 - INFO: step3.py, pbe: ForkPoolWorker-1: Calling delphi to calculate conformer (172/624) HIS+1A0894_008 in /tmp/pbe_data.data.home.granepura.5-Kinases.Kinases_MCCE.Trial03.run_holo.3WZD_HIS+1A0894_008
2026-09-22 11:40:54 - INFO: step3.py, pbe: ForkPoolWorker-5: Calling delphi to calculate conformer (173/624) HIS+1A0894_009 in /tmp/pbe_data.data.home.granepura.5-Kinases.Kinases_MCCE.Trial03.run_holo.3WZD_HIS+1A0894_009
2026-09-22 11:40:54 - INFO: step3.py, pbe: ForkPoolWorker-3: Calling delphi to calculate conformer (174/624) HIS01A0895_001 in /tmp/pbe_data.data.home.granepura.5-Kinases.Kinases_MCCE.Trial03.run_holo.3WZD_HIS01A0895_001
2026-09-22 11:40:56 - INFO: step3.py, pbe: ForkPoolWorker-2: Calling delphi to calculate conformer (175/624) HIS01A0895_002 in /tmp/pbe_data.data.home.granepura.5-Kinases.Kinases_MCCE.Trial03.run_holo.3WZD_HIS01A0895_002
2026-09-22 11:40:57 - INFO: step3.py, pbe: ForkPoolWorker-4: Calling delphi to calculate conformer (176/624) HIS02A0895_003 in /tmp/pbe_data.data.home.granepura.5-Kinases.Kinases_MCCE.Trial03.run_holo.3WZD_HIS02A0895_003
2026-09-22 11:40:58 - INFO: step3.py, pbe: ForkPoolWorker-1: Calling delphi to calculate conformer (177/624) HIS02A0895_004 in /tmp/pbe_data.data.home.granepura.5-Kinases.Kinases_MCCE.Trial03.run_holo.3WZD_HIS02A0895_004
2026-09-22 11:40:59 - INFO: step3.py, pbe: ForkPoolWorker-5: Calling delphi to calculate conformer (178/624) HIS+1A0895_005 in /tmp/pbe_data.data.home.granepura.5-Kinases.Kinases_MCCE.Trial03.run_holo.3WZD_HIS+1A0895_005
2026-09-22 11:40:59 - INFO: step3.py, pbe: ForkPoolWorker-3: Calling delphi to calculate conformer (179/624) HIS+1A0895_006 in /tmp/pbe_data.data.home.granepura.5-Kinases.Kinases_MCCE.Trial03.run_holo.3WZD_HIS+1A0895_006
2026-09-22 11:41:01 - INFO: step3.py, pbe: Skipping PBE solver for non-charge conformer (180/624) LEU01A0896_001...
2026-09-22 11:41:01 - INFO: step3.py, pbe: ForkPoolWorker-2: Calling delphi to calculate conformer (181/624) ASN01A0897_001 in /tmp/pbe_data.data.home.granepura.5-Kinases.Kinases_MCCE.Trial03.run_holo.3WZD_ASN01A0897_001
2026-09-22 11:41:02 - INFO: step3.py, pbe: ForkPoolWorker-4: Calling delphi to calculate conformer (182/624) ASN01A0897_002 in /tmp/pbe_data.data.home.granepura.5-Kinases.Kinases_MCCE.Trial03.run_holo.3WZD_ASN01A0897_002
2026-09-22 11:41:03 - INFO: step3.py, pbe: Skipping PBE solver for non-charge conformer (183/624) VAL01A0898_001...
2026-09-22 11:41:03 - INFO: step3.py, pbe: Skipping PBE solver for non-charge conformer (184/624) VAL01A0899_001...
2026-09-22 11:41:03 - INFO: step3.py, pbe: ForkPoolWorker-1: Calling delphi to calculate conformer (185/624) ASN01A0900_001 in /tmp/pbe_data.data.home.granepura.5-Kinases.Kinases_MCCE.Trial03.run_holo.3WZD_ASN01A0900_001
2026-09-22 11:41:04 - INFO: step3.py, pbe: ForkPoolWorker-5: Calling delphi to calculate conformer (186/624) ASN01A0900_002 in /tmp/pbe_data.data.home.granepura.5-Kinases.Kinases_MCCE.Trial03.run_holo.3WZD_ASN01A0900_002
2026-09-22 11:41:04 - INFO: step3.py, pbe: Skipping PBE solver for non-charge conformer (187/624) LEU01A0901_001...
2026-09-22 11:41:04 - INFO: step3.py, pbe: Skipping PBE solver for non-charge conformer (188/624) LEU01A0902_001...
2026-09-22 11:41:04 - INFO: step3.py, pbe: Skipping PBE solver for non-charge conformer (189/624) ALA01A0904_001...
2026-09-22 11:41:04 - INFO: step3.py, pbe: ForkPoolWorker-3: Calling delphi to calculate conformer (190/624) CYS01A0905_001 in /tmp/pbe_data.data.home.granepura.5-Kinases.Kinases_MCCE.Trial03.run_holo.3WZD_CYS01A0905_001
2026-09-22 11:41:06 - INFO: step3.py, pbe: ForkPoolWorker-2: Calling delphi to calculate conformer (191/624) CYS01A0905_002 in /tmp/pbe_data.data.home.granepura.5-Kinases.Kinases_MCCE.Trial03.run_holo.3WZD_CYS01A0905_002
2026-09-22 11:41:07 - INFO: step3.py, pbe: ForkPoolWorker-4: Calling delphi to calculate conformer (192/624) CYS01A0905_003 in /tmp/pbe_data.data.home.granepura.5-Kinases.Kinases_MCCE.Trial03.run_holo.3WZD_CYS01A0905_003
2026-09-22 11:41:08 - INFO: step3.py, pbe: ForkPoolWorker-1: Calling delphi to calculate conformer (193/624) CYS-1A0905_004 in /tmp/pbe_data.data.home.granepura.5-Kinases.Kinases_MCCE.Trial03.run_holo.3WZD_CYS-1A0905_004
2026-09-22 11:41:08 - INFO: step3.py, pbe: ForkPoolWorker-5: Calling delphi to calculate conformer (194/624) THR01A0906_001 in /tmp/pbe_data.data.home.granepura.5-Kinases.Kinases_MCCE.Trial03.run_holo.3WZD_THR01A0906_001
2026-09-22 11:41:08 - INFO: step3.py, pbe: ForkPoolWorker-3: Calling delphi to calculate conformer (195/624) THR01A0906_002 in /tmp/pbe_data.data.home.granepura.5-Kinases.Kinases_MCCE.Trial03.run_holo.3WZD_THR01A0906_002
2026-09-22 11:41:10 - INFO: step3.py, pbe: ForkPoolWorker-2: Calling delphi to calculate conformer (196/624) THR01A0906_003 in /tmp/pbe_data.data.home.granepura.5-Kinases.Kinases_MCCE.Trial03.run_holo.3WZD_THR01A0906_003
2026-09-22 11:41:11 - INFO: step3.py, pbe: ForkPoolWorker-4: Calling delphi to calculate conformer (197/624) LYS01A0907_001 in /tmp/pbe_data.data.home.granepura.5-Kinases.Kinases_MCCE.Trial03.run_holo.3WZD_LYS01A0907_001
2026-09-22 11:41:12 - INFO: step3.py, pbe: ForkPoolWorker-1: Calling delphi to calculate conformer (198/624) LYS+1A0907_002 in /tmp/pbe_data.data.home.granepura.5-Kinases.Kinases_MCCE.Trial03.run_holo.3WZD_LYS+1A0907_002
2026-09-22 11:41:13 - INFO: step3.py, pbe: Skipping PBE solver for non-charge conformer (199/624) PRO01A0908_001...
2026-09-22 11:41:13 - INFO: step3.py, pbe: Skipping PBE solver for non-charge conformer (200/624) PRO01A0911_001...
2026-09-22 11:41:13 - INFO: step3.py, pbe: Skipping PBE solver for non-charge conformer (201/624) LEU01A0912_001...
2026-09-22 11:41:13 - INFO: step3.py, pbe: ForkPoolWorker-5: Calling delphi to calculate conformer (202/624) MET01A0913_001 in /tmp/pbe_data.data.home.granepura.5-Kinases.Kinases_MCCE.Trial03.run_holo.3WZD_MET01A0913_001
2026-09-22 11:41:13 - INFO: step3.py, pbe: Skipping PBE solver for non-charge conformer (203/624) VAL01A0914_001...
2026-09-22 11:41:13 - INFO: step3.py, pbe: Skipping PBE solver for non-charge conformer (204/624) ILE01A0915_001...
2026-09-22 11:41:13 - INFO: step3.py, pbe: Skipping PBE solver for non-charge conformer (205/624) VAL01A0916_001...
2026-09-22 11:41:13 - INFO: step3.py, pbe: ForkPoolWorker-3: Calling delphi to calculate conformer (206/624) GLU01A0917_001 in /tmp/pbe_data.data.home.granepura.5-Kinases.Kinases_MCCE.Trial03.run_holo.3WZD_GLU01A0917_001
2026-09-22 11:41:15 - INFO: step3.py, pbe: ForkPoolWorker-2: Calling delphi to calculate conformer (207/624) GLU01A0917_002 in /tmp/pbe_data.data.home.granepura.5-Kinases.Kinases_MCCE.Trial03.run_holo.3WZD_GLU01A0917_002
2026-09-22 11:41:16 - INFO: step3.py, pbe: ForkPoolWorker-4: Calling delphi to calculate conformer (208/624) GLU02A0917_003 in /tmp/pbe_data.data.home.granepura.5-Kinases.Kinases_MCCE.Trial03.run_holo.3WZD_GLU02A0917_003
2026-09-22 11:41:17 - INFO: step3.py, pbe: ForkPoolWorker-1: Calling delphi to calculate conformer (209/624) GLU02A0917_004 in /tmp/pbe_data.data.home.granepura.5-Kinases.Kinases_MCCE.Trial03.run_holo.3WZD_GLU02A0917_004
2026-09-22 11:41:18 - INFO: step3.py, pbe: ForkPoolWorker-5: Calling delphi to calculate conformer (210/624) GLU-1A0917_005 in /tmp/pbe_data.data.home.granepura.5-Kinases.Kinases_MCCE.Trial03.run_holo.3WZD_GLU-1A0917_005
2026-09-22 11:41:18 - INFO: step3.py, pbe: Skipping PBE solver for non-charge conformer (211/624) PHE01A0918_001...
2026-09-22 11:41:18 - INFO: step3.py, pbe: ForkPoolWorker-3: Calling delphi to calculate conformer (212/624) CYS01A0919_001 in /tmp/pbe_data.data.home.granepura.5-Kinases.Kinases_MCCE.Trial03.run_holo.3WZD_CYS01A0919_001
2026-09-22 11:41:20 - INFO: step3.py, pbe: ForkPoolWorker-2: Calling delphi to calculate conformer (213/624) CYS01A0919_002 in /tmp/pbe_data.data.home.granepura.5-Kinases.Kinases_MCCE.Trial03.run_holo.3WZD_CYS01A0919_002
2026-09-22 11:41:21 - INFO: step3.py, pbe: ForkPoolWorker-4: Calling delphi to calculate conformer (214/624) CYS01A0919_003 in /tmp/pbe_data.data.home.granepura.5-Kinases.Kinases_MCCE.Trial03.run_holo.3WZD_CYS01A0919_003
2026-09-22 11:41:22 - INFO: step3.py, pbe: ForkPoolWorker-1: Calling delphi to calculate conformer (215/624) CYS-1A0919_004 in /tmp/pbe_data.data.home.granepura.5-Kinases.Kinases_MCCE.Trial03.run_holo.3WZD_CYS-1A0919_004
2026-09-22 11:41:22 - INFO: step3.py, pbe: ForkPoolWorker-5: Calling delphi to calculate conformer (216/624) LYS01A0920_001 in /tmp/pbe_data.data.home.granepura.5-Kinases.Kinases_MCCE.Trial03.run_holo.3WZD_LYS01A0920_001
2026-09-22 11:41:23 - INFO: step3.py, pbe: ForkPoolWorker-3: Calling delphi to calculate conformer (217/624) LYS+1A0920_002 in /tmp/pbe_data.data.home.granepura.5-Kinases.Kinases_MCCE.Trial03.run_holo.3WZD_LYS+1A0920_002
2026-09-22 11:41:24 - INFO: step3.py, pbe: Skipping PBE solver for non-charge conformer (218/624) PHE01A0921_001...
2026-09-22 11:41:24 - INFO: step3.py, pbe: ForkPoolWorker-2: Calling delphi to calculate conformer (219/624) ASN01A0923_001 in /tmp/pbe_data.data.home.granepura.5-Kinases.Kinases_MCCE.Trial03.run_holo.3WZD_ASN01A0923_001
2026-09-22 11:41:25 - INFO: step3.py, pbe: ForkPoolWorker-4: Calling delphi to calculate conformer (220/624) ASN01A0923_002 in /tmp/pbe_data.data.home.granepura.5-Kinases.Kinases_MCCE.Trial03.run_holo.3WZD_ASN01A0923_002
2026-09-22 11:41:26 - INFO: step3.py, pbe: Skipping PBE solver for non-charge conformer (221/624) LEU01A0924_001...
2026-09-22 11:41:26 - INFO: step3.py, pbe: ForkPoolWorker-1: Calling delphi to calculate conformer (222/624) SER01A0925_001 in /tmp/pbe_data.data.home.granepura.5-Kinases.Kinases_MCCE.Trial03.run_holo.3WZD_SER01A0925_001
2026-09-22 11:41:27 - INFO: step3.py, pbe: ForkPoolWorker-5: Calling delphi to calculate conformer (223/624) SER01A0925_002 in /tmp/pbe_data.data.home.granepura.5-Kinases.Kinases_MCCE.Trial03.run_holo.3WZD_SER01A0925_002
2026-09-22 11:41:27 - INFO: step3.py, pbe: ForkPoolWorker-3: Calling delphi to calculate conformer (224/624) THR01A0926_001 in /tmp/pbe_data.data.home.granepura.5-Kinases.Kinases_MCCE.Trial03.run_holo.3WZD_THR01A0926_001
