INFO - step3.py: Step 3. Energies calculation with PBE solver.
INFO - step3.py: Calling new VDW....No Scaling Applied
INFO - step3.py:    Process run time options & convert step2_out.pdb.
INFO - step3.py:    Prepare input for PB solver.
INFO - step3.py:    Time needed: 0 seconds.
INFO - step3.py:    Set up parallel envrionment and run PB solver.
INFO - step3.py:    Running PBE solver in 5 threads
!!! Detected an existing run.prm.
If you intend to use this run.prm, either use mcce directly or rename run.prm and use "-load_runprm" to load it.
For now, run.prm is overwritten and will be restored at the end of this program. 

Warning: VDW_RAD SO401 " HO1" not defined in RADIUS parameter
Warning: VDW_RAD SO401 " HO2" not defined in RADIUS parameter
Warning: VDW_RAD SO4-1 " HO1" not defined in RADIUS parameter
INFO - step3.py: ForkPoolWorker-2: Calling delphi to calculate conformer (2/608) ASN01A1093_002 in /tmp/pbe_data.data.home.granepura.5-Kinases.Kinases_MCCE.Trial03.run_apo.2XP2_ASN01A1093_002
INFO - step3.py: Skipping PBE solver for non-charge conformer (3/608) PRO01A1094_001...
INFO - step3.py: ForkPoolWorker-1: Calling delphi to calculate conformer (1/608) ASN01A1093_001 in /tmp/pbe_data.data.home.granepura.5-Kinases.Kinases_MCCE.Trial03.run_apo.2XP2_ASN01A1093_001
INFO - step3.py: ForkPoolWorker-4: Calling delphi to calculate conformer (4/608) ASN01A1095_001 in /tmp/pbe_data.data.home.granepura.5-Kinases.Kinases_MCCE.Trial03.run_apo.2XP2_ASN01A1095_001
INFO - step3.py: ForkPoolWorker-5: Calling delphi to calculate conformer (5/608) ASN01A1095_002 in /tmp/pbe_data.data.home.granepura.5-Kinases.Kinases_MCCE.Trial03.run_apo.2XP2_ASN01A1095_002
INFO - step3.py: ForkPoolWorker-3: Calling delphi to calculate conformer (6/608) TYR01A1096_001 in /tmp/pbe_data.data.home.granepura.5-Kinases.Kinases_MCCE.Trial03.run_apo.2XP2_TYR01A1096_001
INFO - step3.py: ForkPoolWorker-1: Calling delphi to calculate conformer (7/608) TYR-1A1096_002 in /tmp/pbe_data.data.home.granepura.5-Kinases.Kinases_MCCE.Trial03.run_apo.2XP2_TYR-1A1096_002
INFO - step3.py: ForkPoolWorker-4: Calling delphi to calculate conformer (8/608) CYS01A1097_001 in /tmp/pbe_data.data.home.granepura.5-Kinases.Kinases_MCCE.Trial03.run_apo.2XP2_CYS01A1097_001
INFO - step3.py: ForkPoolWorker-5: Calling delphi to calculate conformer (9/608) CYS01A1097_002 in /tmp/pbe_data.data.home.granepura.5-Kinases.Kinases_MCCE.Trial03.run_apo.2XP2_CYS01A1097_002
INFO - step3.py: ForkPoolWorker-2: Calling delphi to calculate conformer (10/608) CYS01A1097_003 in /tmp/pbe_data.data.home.granepura.5-Kinases.Kinases_MCCE.Trial03.run_apo.2XP2_CYS01A1097_003
INFO - step3.py: ForkPoolWorker-3: Calling delphi to calculate conformer (11/608) CYS-1A1097_004 in /tmp/pbe_data.data.home.granepura.5-Kinases.Kinases_MCCE.Trial03.run_apo.2XP2_CYS-1A1097_004
INFO - step3.py: Skipping PBE solver for non-charge conformer (12/608) PHE01A1098_001...
INFO - step3.py: Skipping PBE solver for non-charge conformer (13/608) ALA01A1099_001...
INFO - step3.py: ForkPoolWorker-4: Calling delphi to calculate conformer (14/608) LYS01A1101_001 in /tmp/pbe_data.data.home.granepura.5-Kinases.Kinases_MCCE.Trial03.run_apo.2XP2_LYS01A1101_001
INFO - step3.py: ForkPoolWorker-5: Calling delphi to calculate conformer (15/608) LYS+1A1101_002 in /tmp/pbe_data.data.home.granepura.5-Kinases.Kinases_MCCE.Trial03.run_apo.2XP2_LYS+1A1101_002
INFO - step3.py: ForkPoolWorker-1: Calling delphi to calculate conformer (16/608) THR01A1102_001 in /tmp/pbe_data.data.home.granepura.5-Kinases.Kinases_MCCE.Trial03.run_apo.2XP2_THR01A1102_001
INFO - step3.py: ForkPoolWorker-2: Calling delphi to calculate conformer (17/608) THR01A1102_002 in /tmp/pbe_data.data.home.granepura.5-Kinases.Kinases_MCCE.Trial03.run_apo.2XP2_THR01A1102_002
INFO - step3.py: ForkPoolWorker-3: Calling delphi to calculate conformer (18/608) THR01A1102_003 in /tmp/pbe_data.data.home.granepura.5-Kinases.Kinases_MCCE.Trial03.run_apo.2XP2_THR01A1102_003
INFO - step3.py: ForkPoolWorker-4: Calling delphi to calculate conformer (19/608) SER01A1103_001 in /tmp/pbe_data.data.home.granepura.5-Kinases.Kinases_MCCE.Trial03.run_apo.2XP2_SER01A1103_001
INFO - step3.py: ForkPoolWorker-5: Calling delphi to calculate conformer (20/608) SER01A1103_002 in /tmp/pbe_data.data.home.granepura.5-Kinases.Kinases_MCCE.Trial03.run_apo.2XP2_SER01A1103_002
INFO - step3.py: ForkPoolWorker-2: Calling delphi to calculate conformer (21/608) SER01A1104_001 in /tmp/pbe_data.data.home.granepura.5-Kinases.Kinases_MCCE.Trial03.run_apo.2XP2_SER01A1104_001
INFO - step3.py: ForkPoolWorker-1: Calling delphi to calculate conformer (22/608) SER01A1104_002 in /tmp/pbe_data.data.home.granepura.5-Kinases.Kinases_MCCE.Trial03.run_apo.2XP2_SER01A1104_002
INFO - step3.py: Skipping PBE solver for non-charge conformer (23/608) ILE01A1105_001...
INFO - step3.py: ForkPoolWorker-3: Calling delphi to calculate conformer (24/608) SER01A1106_001 in /tmp/pbe_data.data.home.granepura.5-Kinases.Kinases_MCCE.Trial03.run_apo.2XP2_SER01A1106_001
INFO - step3.py: ForkPoolWorker-2: Calling delphi to calculate conformer (25/608) ASP01A1107_001 in /tmp/pbe_data.data.home.granepura.5-Kinases.Kinases_MCCE.Trial03.run_apo.2XP2_ASP01A1107_001
INFO - step3.py: ForkPoolWorker-4: Calling delphi to calculate conformer (26/608) ASP01A1107_002 in /tmp/pbe_data.data.home.granepura.5-Kinases.Kinases_MCCE.Trial03.run_apo.2XP2_ASP01A1107_002
INFO - step3.py: ForkPoolWorker-5: Calling delphi to calculate conformer (27/608) ASP02A1107_003 in /tmp/pbe_data.data.home.granepura.5-Kinases.Kinases_MCCE.Trial03.run_apo.2XP2_ASP02A1107_003
INFO - step3.py: ForkPoolWorker-1: Calling delphi to calculate conformer (28/608) ASP02A1107_004 in /tmp/pbe_data.data.home.granepura.5-Kinases.Kinases_MCCE.Trial03.run_apo.2XP2_ASP02A1107_004
INFO - step3.py: ForkPoolWorker-3: Calling delphi to calculate conformer (29/608) ASP-1A1107_005 in /tmp/pbe_data.data.home.granepura.5-Kinases.Kinases_MCCE.Trial03.run_apo.2XP2_ASP-1A1107_005
INFO - step3.py: Skipping PBE solver for non-charge conformer (30/608) LEU01A1108_001...
INFO - step3.py: ForkPoolWorker-2: Calling delphi to calculate conformer (31/608) LYS01A1109_001 in /tmp/pbe_data.data.home.granepura.5-Kinases.Kinases_MCCE.Trial03.run_apo.2XP2_LYS01A1109_001
INFO - step3.py: ForkPoolWorker-5: Calling delphi to calculate conformer (32/608) LYS+1A1109_002 in /tmp/pbe_data.data.home.granepura.5-Kinases.Kinases_MCCE.Trial03.run_apo.2XP2_LYS+1A1109_002
INFO - step3.py: ForkPoolWorker-1: Calling delphi to calculate conformer (33/608) GLU01A1110_001 in /tmp/pbe_data.data.home.granepura.5-Kinases.Kinases_MCCE.Trial03.run_apo.2XP2_GLU01A1110_001
INFO - step3.py: ForkPoolWorker-4: Calling delphi to calculate conformer (34/608) GLU01A1110_002 in /tmp/pbe_data.data.home.granepura.5-Kinases.Kinases_MCCE.Trial03.run_apo.2XP2_GLU01A1110_002
INFO - step3.py: ForkPoolWorker-3: Calling delphi to calculate conformer (35/608) GLU02A1110_003 in /tmp/pbe_data.data.home.granepura.5-Kinases.Kinases_MCCE.Trial03.run_apo.2XP2_GLU02A1110_003
INFO - step3.py: ForkPoolWorker-2: Calling delphi to calculate conformer (36/608) GLU02A1110_004 in /tmp/pbe_data.data.home.granepura.5-Kinases.Kinases_MCCE.Trial03.run_apo.2XP2_GLU02A1110_004
INFO - step3.py: ForkPoolWorker-1: Calling delphi to calculate conformer (37/608) GLU-1A1110_005 in /tmp/pbe_data.data.home.granepura.5-Kinases.Kinases_MCCE.Trial03.run_apo.2XP2_GLU-1A1110_005
INFO - step3.py: Skipping PBE solver for non-charge conformer (38/608) VAL01A1111_001...
INFO - step3.py: Skipping PBE solver for non-charge conformer (39/608) PRO01A1112_001...
INFO - step3.py: ForkPoolWorker-4: Calling delphi to calculate conformer (40/608) ARG01A1113_001 in /tmp/pbe_data.data.home.granepura.5-Kinases.Kinases_MCCE.Trial03.run_apo.2XP2_ARG01A1113_001
INFO - step3.py: ForkPoolWorker-5: Calling delphi to calculate conformer (41/608) ARG02A1113_002 in /tmp/pbe_data.data.home.granepura.5-Kinases.Kinases_MCCE.Trial03.run_apo.2XP2_ARG02A1113_002
INFO - step3.py: ForkPoolWorker-3: Calling delphi to calculate conformer (42/608) ARG03A1113_003 in /tmp/pbe_data.data.home.granepura.5-Kinases.Kinases_MCCE.Trial03.run_apo.2XP2_ARG03A1113_003
INFO - step3.py: ForkPoolWorker-2: Calling delphi to calculate conformer (43/608) ARG03A1113_004 in /tmp/pbe_data.data.home.granepura.5-Kinases.Kinases_MCCE.Trial03.run_apo.2XP2_ARG03A1113_004
INFO - step3.py: ForkPoolWorker-1: Calling delphi to calculate conformer (44/608) ARG+1A1113_005 in /tmp/pbe_data.data.home.granepura.5-Kinases.Kinases_MCCE.Trial03.run_apo.2XP2_ARG+1A1113_005
INFO - step3.py: ForkPoolWorker-4: Calling delphi to calculate conformer (45/608) LYS01A1114_001 in /tmp/pbe_data.data.home.granepura.5-Kinases.Kinases_MCCE.Trial03.run_apo.2XP2_LYS01A1114_001
INFO - step3.py: ForkPoolWorker-3: Calling delphi to calculate conformer (46/608) LYS+1A1114_002 in /tmp/pbe_data.data.home.granepura.5-Kinases.Kinases_MCCE.Trial03.run_apo.2XP2_LYS+1A1114_002
INFO - step3.py: ForkPoolWorker-5: Calling delphi to calculate conformer (47/608) ASN01A1115_001 in /tmp/pbe_data.data.home.granepura.5-Kinases.Kinases_MCCE.Trial03.run_apo.2XP2_ASN01A1115_001
INFO - step3.py: Skipping PBE solver for non-charge conformer (48/608) ILE01A1116_001...
INFO - step3.py: ForkPoolWorker-2: Calling delphi to calculate conformer (49/608) THR01A1117_001 in /tmp/pbe_data.data.home.granepura.5-Kinases.Kinases_MCCE.Trial03.run_apo.2XP2_THR01A1117_001
INFO - step3.py: Skipping PBE solver for non-charge conformer (50/608) LEU01A1118_001...
INFO - step3.py: Skipping PBE solver for non-charge conformer (51/608) ILE01A1119_001...
INFO - step3.py: ForkPoolWorker-1: Calling delphi to calculate conformer (52/608) ARG01A1120_001 in /tmp/pbe_data.data.home.granepura.5-Kinases.Kinases_MCCE.Trial03.run_apo.2XP2_ARG01A1120_001
INFO - step3.py: ForkPoolWorker-4: Calling delphi to calculate conformer (53/608) ARG02A1120_002 in /tmp/pbe_data.data.home.granepura.5-Kinases.Kinases_MCCE.Trial03.run_apo.2XP2_ARG02A1120_002
INFO - step3.py: ForkPoolWorker-3: Calling delphi to calculate conformer (54/608) ARG02A1120_003 in /tmp/pbe_data.data.home.granepura.5-Kinases.Kinases_MCCE.Trial03.run_apo.2XP2_ARG02A1120_003
INFO - step3.py: ForkPoolWorker-5: Calling delphi to calculate conformer (55/608) ARG03A1120_004 in /tmp/pbe_data.data.home.granepura.5-Kinases.Kinases_MCCE.Trial03.run_apo.2XP2_ARG03A1120_004
INFO - step3.py: ForkPoolWorker-2: Calling delphi to calculate conformer (56/608) ARG+1A1120_005 in /tmp/pbe_data.data.home.granepura.5-Kinases.Kinases_MCCE.Trial03.run_apo.2XP2_ARG+1A1120_005
INFO - step3.py: Skipping PBE solver for non-charge conformer (57/608) LEU01A1122_001...
INFO - step3.py: Skipping PBE solver for non-charge conformer (58/608) ALA01A1126_001...
INFO - step3.py: Skipping PBE solver for non-charge conformer (59/608) PHE01A1127_001...
INFO - step3.py: ForkPoolWorker-1: Calling delphi to calculate conformer (60/608) GLU01A1129_001 in /tmp/pbe_data.data.home.granepura.5-Kinases.Kinases_MCCE.Trial03.run_apo.2XP2_GLU01A1129_001
INFO - step3.py: ForkPoolWorker-4: Calling delphi to calculate conformer (61/608) GLU01A1129_002 in /tmp/pbe_data.data.home.granepura.5-Kinases.Kinases_MCCE.Trial03.run_apo.2XP2_GLU01A1129_002
INFO - step3.py: ForkPoolWorker-3: Calling delphi to calculate conformer (62/608) GLU02A1129_003 in /tmp/pbe_data.data.home.granepura.5-Kinases.Kinases_MCCE.Trial03.run_apo.2XP2_GLU02A1129_003
INFO - step3.py: ForkPoolWorker-5: Calling delphi to calculate conformer (63/608) GLU02A1129_004 in /tmp/pbe_data.data.home.granepura.5-Kinases.Kinases_MCCE.Trial03.run_apo.2XP2_GLU02A1129_004
INFO - step3.py: ForkPoolWorker-2: Calling delphi to calculate conformer (64/608) GLU-1A1129_005 in /tmp/pbe_data.data.home.granepura.5-Kinases.Kinases_MCCE.Trial03.run_apo.2XP2_GLU-1A1129_005
INFO - step3.py: Skipping PBE solver for non-charge conformer (65/608) VAL01A1130_001...
INFO - step3.py: ForkPoolWorker-1: Calling delphi to calculate conformer (66/608) TYR01A1131_001 in /tmp/pbe_data.data.home.granepura.5-Kinases.Kinases_MCCE.Trial03.run_apo.2XP2_TYR01A1131_001
INFO - step3.py: ForkPoolWorker-4: Calling delphi to calculate conformer (67/608) TYR01A1131_002 in /tmp/pbe_data.data.home.granepura.5-Kinases.Kinases_MCCE.Trial03.run_apo.2XP2_TYR01A1131_002
INFO - step3.py: ForkPoolWorker-3: Calling delphi to calculate conformer (68/608) TYR-1A1131_003 in /tmp/pbe_data.data.home.granepura.5-Kinases.Kinases_MCCE.Trial03.run_apo.2XP2_TYR-1A1131_003
INFO - step3.py: ForkPoolWorker-5: Calling delphi to calculate conformer (69/608) GLU01A1132_001 in /tmp/pbe_data.data.home.granepura.5-Kinases.Kinases_MCCE.Trial03.run_apo.2XP2_GLU01A1132_001
INFO - step3.py: ForkPoolWorker-2: Calling delphi to calculate conformer (70/608) GLU01A1132_002 in /tmp/pbe_data.data.home.granepura.5-Kinases.Kinases_MCCE.Trial03.run_apo.2XP2_GLU01A1132_002
INFO - step3.py: ForkPoolWorker-1: Calling delphi to calculate conformer (71/608) GLU02A1132_003 in /tmp/pbe_data.data.home.granepura.5-Kinases.Kinases_MCCE.Trial03.run_apo.2XP2_GLU02A1132_003
INFO - step3.py: ForkPoolWorker-4: Calling delphi to calculate conformer (72/608) GLU02A1132_004 in /tmp/pbe_data.data.home.granepura.5-Kinases.Kinases_MCCE.Trial03.run_apo.2XP2_GLU02A1132_004
INFO - step3.py: ForkPoolWorker-3: Calling delphi to calculate conformer (73/608) GLU-1A1132_005 in /tmp/pbe_data.data.home.granepura.5-Kinases.Kinases_MCCE.Trial03.run_apo.2XP2_GLU-1A1132_005
INFO - step3.py: ForkPoolWorker-5: Calling delphi to calculate conformer (74/608) GLN01A1134_001 in /tmp/pbe_data.data.home.granepura.5-Kinases.Kinases_MCCE.Trial03.run_apo.2XP2_GLN01A1134_001
INFO - step3.py: ForkPoolWorker-2: Calling delphi to calculate conformer (75/608) GLN01A1134_002 in /tmp/pbe_data.data.home.granepura.5-Kinases.Kinases_MCCE.Trial03.run_apo.2XP2_GLN01A1134_002
INFO - step3.py: Skipping PBE solver for non-charge conformer (76/608) VAL01A1135_001...
INFO - step3.py: ForkPoolWorker-1: Calling delphi to calculate conformer (77/608) SER01A1136_001 in /tmp/pbe_data.data.home.granepura.5-Kinases.Kinases_MCCE.Trial03.run_apo.2XP2_SER01A1136_001
INFO - step3.py: ForkPoolWorker-3: Calling delphi to calculate conformer (78/608) SER01A1136_002 in /tmp/pbe_data.data.home.granepura.5-Kinases.Kinases_MCCE.Trial03.run_apo.2XP2_SER01A1136_002
INFO - step3.py: Skipping PBE solver for non-charge conformer (79/608) PRO01A1144_001...
INFO - step3.py: Skipping PBE solver for non-charge conformer (80/608) LEU01A1145_001...
INFO - step3.py: ForkPoolWorker-4: Calling delphi to calculate conformer (81/608) GLN01A1146_001 in /tmp/pbe_data.data.home.granepura.5-Kinases.Kinases_MCCE.Trial03.run_apo.2XP2_GLN01A1146_001
INFO - step3.py: ForkPoolWorker-5: Calling delphi to calculate conformer (82/608) GLN01A1146_002 in /tmp/pbe_data.data.home.granepura.5-Kinases.Kinases_MCCE.Trial03.run_apo.2XP2_GLN01A1146_002
INFO - step3.py: Skipping PBE solver for non-charge conformer (83/608) VAL01A1147_001...
INFO - step3.py: Skipping PBE solver for non-charge conformer (84/608) ALA01A1148_001...
INFO - step3.py: Skipping PBE solver for non-charge conformer (85/608) VAL01A1149_001...
INFO - step3.py: ForkPoolWorker-2: Calling delphi to calculate conformer (86/608) LYS01A1150_001 in /tmp/pbe_data.data.home.granepura.5-Kinases.Kinases_MCCE.Trial03.run_apo.2XP2_LYS01A1150_001
INFO - step3.py: ForkPoolWorker-1: Calling delphi to calculate conformer (87/608) LYS+1A1150_002 in /tmp/pbe_data.data.home.granepura.5-Kinases.Kinases_MCCE.Trial03.run_apo.2XP2_LYS+1A1150_002
INFO - step3.py: ForkPoolWorker-3: Calling delphi to calculate conformer (88/608) THR01A1151_001 in /tmp/pbe_data.data.home.granepura.5-Kinases.Kinases_MCCE.Trial03.run_apo.2XP2_THR01A1151_001
INFO - step3.py: Skipping PBE solver for non-charge conformer (89/608) LEU01A1152_001...
INFO - step3.py: Skipping PBE solver for non-charge conformer (90/608) PRO01A1153_001...
INFO - step3.py: ForkPoolWorker-4: Calling delphi to calculate conformer (91/608) GLU01A1154_001 in /tmp/pbe_data.data.home.granepura.5-Kinases.Kinases_MCCE.Trial03.run_apo.2XP2_GLU01A1154_001
INFO - step3.py: ForkPoolWorker-5: Calling delphi to calculate conformer (92/608) GLU01A1154_002 in /tmp/pbe_data.data.home.granepura.5-Kinases.Kinases_MCCE.Trial03.run_apo.2XP2_GLU01A1154_002
INFO - step3.py: ForkPoolWorker-2: Calling delphi to calculate conformer (93/608) GLU02A1154_003 in /tmp/pbe_data.data.home.granepura.5-Kinases.Kinases_MCCE.Trial03.run_apo.2XP2_GLU02A1154_003
INFO - step3.py: ForkPoolWorker-1: Calling delphi to calculate conformer (94/608) GLU02A1154_004 in /tmp/pbe_data.data.home.granepura.5-Kinases.Kinases_MCCE.Trial03.run_apo.2XP2_GLU02A1154_004
INFO - step3.py: ForkPoolWorker-3: Calling delphi to calculate conformer (95/608) GLU-1A1154_005 in /tmp/pbe_data.data.home.granepura.5-Kinases.Kinases_MCCE.Trial03.run_apo.2XP2_GLU-1A1154_005
INFO - step3.py: Skipping PBE solver for non-charge conformer (96/608) VAL01A1155_001...
INFO - step3.py: ForkPoolWorker-4: Calling delphi to calculate conformer (97/608) CYS01A1156_001 in /tmp/pbe_data.data.home.granepura.5-Kinases.Kinases_MCCE.Trial03.run_apo.2XP2_CYS01A1156_001
INFO - step3.py: ForkPoolWorker-5: Calling delphi to calculate conformer (98/608) CYS01A1156_002 in /tmp/pbe_data.data.home.granepura.5-Kinases.Kinases_MCCE.Trial03.run_apo.2XP2_CYS01A1156_002
INFO - step3.py: ForkPoolWorker-2: Calling delphi to calculate conformer (99/608) CYS01A1156_003 in /tmp/pbe_data.data.home.granepura.5-Kinases.Kinases_MCCE.Trial03.run_apo.2XP2_CYS01A1156_003
INFO - step3.py: ForkPoolWorker-1: Calling delphi to calculate conformer (100/608) CYS-1A1156_004 in /tmp/pbe_data.data.home.granepura.5-Kinases.Kinases_MCCE.Trial03.run_apo.2XP2_CYS-1A1156_004
INFO - step3.py: ForkPoolWorker-3: Calling delphi to calculate conformer (101/608) SER01A1157_001 in /tmp/pbe_data.data.home.granepura.5-Kinases.Kinases_MCCE.Trial03.run_apo.2XP2_SER01A1157_001
INFO - step3.py: ForkPoolWorker-4: Calling delphi to calculate conformer (102/608) SER01A1157_002 in /tmp/pbe_data.data.home.granepura.5-Kinases.Kinases_MCCE.Trial03.run_apo.2XP2_SER01A1157_002
INFO - step3.py: ForkPoolWorker-5: Calling delphi to calculate conformer (103/608) SER01A1157_003 in /tmp/pbe_data.data.home.granepura.5-Kinases.Kinases_MCCE.Trial03.run_apo.2XP2_SER01A1157_003
INFO - step3.py: ForkPoolWorker-2: Calling delphi to calculate conformer (104/608) GLU01A1158_001 in /tmp/pbe_data.data.home.granepura.5-Kinases.Kinases_MCCE.Trial03.run_apo.2XP2_GLU01A1158_001
INFO - step3.py: ForkPoolWorker-1: Calling delphi to calculate conformer (105/608) GLU01A1158_002 in /tmp/pbe_data.data.home.granepura.5-Kinases.Kinases_MCCE.Trial03.run_apo.2XP2_GLU01A1158_002
INFO - step3.py: ForkPoolWorker-3: Calling delphi to calculate conformer (106/608) GLU02A1158_003 in /tmp/pbe_data.data.home.granepura.5-Kinases.Kinases_MCCE.Trial03.run_apo.2XP2_GLU02A1158_003
INFO - step3.py: ForkPoolWorker-4: Calling delphi to calculate conformer (107/608) GLU02A1158_004 in /tmp/pbe_data.data.home.granepura.5-Kinases.Kinases_MCCE.Trial03.run_apo.2XP2_GLU02A1158_004
INFO - step3.py: ForkPoolWorker-5: Calling delphi to calculate conformer (108/608) GLU-1A1158_005 in /tmp/pbe_data.data.home.granepura.5-Kinases.Kinases_MCCE.Trial03.run_apo.2XP2_GLU-1A1158_005
INFO - step3.py: ForkPoolWorker-2: Calling delphi to calculate conformer (109/608) GLN01A1159_001 in /tmp/pbe_data.data.home.granepura.5-Kinases.Kinases_MCCE.Trial03.run_apo.2XP2_GLN01A1159_001
INFO - step3.py: ForkPoolWorker-1: Calling delphi to calculate conformer (110/608) GLN01A1159_002 in /tmp/pbe_data.data.home.granepura.5-Kinases.Kinases_MCCE.Trial03.run_apo.2XP2_GLN01A1159_002
INFO - step3.py: ForkPoolWorker-3: Calling delphi to calculate conformer (111/608) ASP01A1160_001 in /tmp/pbe_data.data.home.granepura.5-Kinases.Kinases_MCCE.Trial03.run_apo.2XP2_ASP01A1160_001
INFO - step3.py: ForkPoolWorker-4: Calling delphi to calculate conformer (112/608) ASP01A1160_002 in /tmp/pbe_data.data.home.granepura.5-Kinases.Kinases_MCCE.Trial03.run_apo.2XP2_ASP01A1160_002
INFO - step3.py: ForkPoolWorker-5: Calling delphi to calculate conformer (113/608) ASP02A1160_003 in /tmp/pbe_data.data.home.granepura.5-Kinases.Kinases_MCCE.Trial03.run_apo.2XP2_ASP02A1160_003
INFO - step3.py: ForkPoolWorker-2: Calling delphi to calculate conformer (114/608) ASP02A1160_004 in /tmp/pbe_data.data.home.granepura.5-Kinases.Kinases_MCCE.Trial03.run_apo.2XP2_ASP02A1160_004
INFO - step3.py: ForkPoolWorker-1: Calling delphi to calculate conformer (115/608) ASP-1A1160_005 in /tmp/pbe_data.data.home.granepura.5-Kinases.Kinases_MCCE.Trial03.run_apo.2XP2_ASP-1A1160_005
INFO - step3.py: ForkPoolWorker-3: Calling delphi to calculate conformer (116/608) GLU01A1161_001 in /tmp/pbe_data.data.home.granepura.5-Kinases.Kinases_MCCE.Trial03.run_apo.2XP2_GLU01A1161_001
INFO - step3.py: ForkPoolWorker-4: Calling delphi to calculate conformer (117/608) GLU01A1161_002 in /tmp/pbe_data.data.home.granepura.5-Kinases.Kinases_MCCE.Trial03.run_apo.2XP2_GLU01A1161_002
INFO - step3.py: ForkPoolWorker-5: Calling delphi to calculate conformer (118/608) GLU02A1161_003 in /tmp/pbe_data.data.home.granepura.5-Kinases.Kinases_MCCE.Trial03.run_apo.2XP2_GLU02A1161_003
INFO - step3.py: ForkPoolWorker-2: Calling delphi to calculate conformer (119/608) GLU02A1161_004 in /tmp/pbe_data.data.home.granepura.5-Kinases.Kinases_MCCE.Trial03.run_apo.2XP2_GLU02A1161_004
INFO - step3.py: ForkPoolWorker-1: Calling delphi to calculate conformer (120/608) GLU-1A1161_005 in /tmp/pbe_data.data.home.granepura.5-Kinases.Kinases_MCCE.Trial03.run_apo.2XP2_GLU-1A1161_005
INFO - step3.py: Skipping PBE solver for non-charge conformer (121/608) LEU01A1162_001...
INFO - step3.py: ForkPoolWorker-3: Calling delphi to calculate conformer (122/608) ASP01A1163_001 in /tmp/pbe_data.data.home.granepura.5-Kinases.Kinases_MCCE.Trial03.run_apo.2XP2_ASP01A1163_001
INFO - step3.py: ForkPoolWorker-4: Calling delphi to calculate conformer (123/608) ASP01A1163_002 in /tmp/pbe_data.data.home.granepura.5-Kinases.Kinases_MCCE.Trial03.run_apo.2XP2_ASP01A1163_002
INFO - step3.py: ForkPoolWorker-5: Calling delphi to calculate conformer (124/608) ASP02A1163_003 in /tmp/pbe_data.data.home.granepura.5-Kinases.Kinases_MCCE.Trial03.run_apo.2XP2_ASP02A1163_003
INFO - step3.py: ForkPoolWorker-2: Calling delphi to calculate conformer (125/608) ASP02A1163_004 in /tmp/pbe_data.data.home.granepura.5-Kinases.Kinases_MCCE.Trial03.run_apo.2XP2_ASP02A1163_004
INFO - step3.py: ForkPoolWorker-1: Calling delphi to calculate conformer (126/608) ASP-1A1163_005 in /tmp/pbe_data.data.home.granepura.5-Kinases.Kinases_MCCE.Trial03.run_apo.2XP2_ASP-1A1163_005
INFO - step3.py: Skipping PBE solver for non-charge conformer (127/608) PHE01A1164_001...
INFO - step3.py: Skipping PBE solver for non-charge conformer (128/608) LEU01A1165_001...
INFO - step3.py: ForkPoolWorker-3: Calling delphi to calculate conformer (129/608) MET01A1166_001 in /tmp/pbe_data.data.home.granepura.5-Kinases.Kinases_MCCE.Trial03.run_apo.2XP2_MET01A1166_001
INFO - step3.py: ForkPoolWorker-4: Calling delphi to calculate conformer (130/608) GLU01A1167_001 in /tmp/pbe_data.data.home.granepura.5-Kinases.Kinases_MCCE.Trial03.run_apo.2XP2_GLU01A1167_001
INFO - step3.py: ForkPoolWorker-5: Calling delphi to calculate conformer (131/608) GLU01A1167_002 in /tmp/pbe_data.data.home.granepura.5-Kinases.Kinases_MCCE.Trial03.run_apo.2XP2_GLU01A1167_002
INFO - step3.py: ForkPoolWorker-2: Calling delphi to calculate conformer (132/608) GLU02A1167_003 in /tmp/pbe_data.data.home.granepura.5-Kinases.Kinases_MCCE.Trial03.run_apo.2XP2_GLU02A1167_003
INFO - step3.py: ForkPoolWorker-1: Calling delphi to calculate conformer (133/608) GLU02A1167_004 in /tmp/pbe_data.data.home.granepura.5-Kinases.Kinases_MCCE.Trial03.run_apo.2XP2_GLU02A1167_004
INFO - step3.py: ForkPoolWorker-3: Calling delphi to calculate conformer (134/608) GLU-1A1167_005 in /tmp/pbe_data.data.home.granepura.5-Kinases.Kinases_MCCE.Trial03.run_apo.2XP2_GLU-1A1167_005
INFO - step3.py: Skipping PBE solver for non-charge conformer (135/608) ALA01A1168_001...
INFO - step3.py: Skipping PBE solver for non-charge conformer (136/608) LEU01A1169_001...
INFO - step3.py: Skipping PBE solver for non-charge conformer (137/608) ILE01A1170_001...
INFO - step3.py: Skipping PBE solver for non-charge conformer (138/608) ILE01A1171_001...
INFO - step3.py: ForkPoolWorker-4: Calling delphi to calculate conformer (139/608) SER01A1172_001 in /tmp/pbe_data.data.home.granepura.5-Kinases.Kinases_MCCE.Trial03.run_apo.2XP2_SER01A1172_001
INFO - step3.py: ForkPoolWorker-5: Calling delphi to calculate conformer (140/608) SER01A1172_002 in /tmp/pbe_data.data.home.granepura.5-Kinases.Kinases_MCCE.Trial03.run_apo.2XP2_SER01A1172_002
INFO - step3.py: ForkPoolWorker-2: Calling delphi to calculate conformer (141/608) SER01A1172_003 in /tmp/pbe_data.data.home.granepura.5-Kinases.Kinases_MCCE.Trial03.run_apo.2XP2_SER01A1172_003
INFO - step3.py: ForkPoolWorker-1: Calling delphi to calculate conformer (142/608) LYS01A1173_001 in /tmp/pbe_data.data.home.granepura.5-Kinases.Kinases_MCCE.Trial03.run_apo.2XP2_LYS01A1173_001
INFO - step3.py: ForkPoolWorker-3: Calling delphi to calculate conformer (143/608) LYS+1A1173_002 in /tmp/pbe_data.data.home.granepura.5-Kinases.Kinases_MCCE.Trial03.run_apo.2XP2_LYS+1A1173_002
INFO - step3.py: Skipping PBE solver for non-charge conformer (144/608) PHE01A1174_001...
INFO - step3.py: ForkPoolWorker-4: Calling delphi to calculate conformer (145/608) ASN01A1175_001 in /tmp/pbe_data.data.home.granepura.5-Kinases.Kinases_MCCE.Trial03.run_apo.2XP2_ASN01A1175_001
INFO - step3.py: ForkPoolWorker-5: Calling delphi to calculate conformer (146/608) ASN01A1175_002 in /tmp/pbe_data.data.home.granepura.5-Kinases.Kinases_MCCE.Trial03.run_apo.2XP2_ASN01A1175_002
INFO - step3.py: ForkPoolWorker-2: Calling delphi to calculate conformer (147/608) HIS01A1176_001 in /tmp/pbe_data.data.home.granepura.5-Kinases.Kinases_MCCE.Trial03.run_apo.2XP2_HIS01A1176_001
INFO - step3.py: ForkPoolWorker-1: Calling delphi to calculate conformer (148/608) HIS01A1176_002 in /tmp/pbe_data.data.home.granepura.5-Kinases.Kinases_MCCE.Trial03.run_apo.2XP2_HIS01A1176_002
INFO - step3.py: ForkPoolWorker-3: Calling delphi to calculate conformer (149/608) HIS02A1176_003 in /tmp/pbe_data.data.home.granepura.5-Kinases.Kinases_MCCE.Trial03.run_apo.2XP2_HIS02A1176_003
INFO - step3.py: ForkPoolWorker-4: Calling delphi to calculate conformer (150/608) HIS02A1176_004 in /tmp/pbe_data.data.home.granepura.5-Kinases.Kinases_MCCE.Trial03.run_apo.2XP2_HIS02A1176_004
INFO - step3.py: ForkPoolWorker-5: Calling delphi to calculate conformer (151/608) HIS+1A1176_005 in /tmp/pbe_data.data.home.granepura.5-Kinases.Kinases_MCCE.Trial03.run_apo.2XP2_HIS+1A1176_005
INFO - step3.py: ForkPoolWorker-2: Calling delphi to calculate conformer (152/608) HIS+1A1176_006 in /tmp/pbe_data.data.home.granepura.5-Kinases.Kinases_MCCE.Trial03.run_apo.2XP2_HIS+1A1176_006
INFO - step3.py: ForkPoolWorker-1: Calling delphi to calculate conformer (153/608) GLN01A1177_001 in /tmp/pbe_data.data.home.granepura.5-Kinases.Kinases_MCCE.Trial03.run_apo.2XP2_GLN01A1177_001
INFO - step3.py: ForkPoolWorker-3: Calling delphi to calculate conformer (154/608) GLN01A1177_002 in /tmp/pbe_data.data.home.granepura.5-Kinases.Kinases_MCCE.Trial03.run_apo.2XP2_GLN01A1177_002
INFO - step3.py: ForkPoolWorker-4: Calling delphi to calculate conformer (155/608) ASN01A1178_001 in /tmp/pbe_data.data.home.granepura.5-Kinases.Kinases_MCCE.Trial03.run_apo.2XP2_ASN01A1178_001
INFO - step3.py: ForkPoolWorker-5: Calling delphi to calculate conformer (156/608) ASN01A1178_002 in /tmp/pbe_data.data.home.granepura.5-Kinases.Kinases_MCCE.Trial03.run_apo.2XP2_ASN01A1178_002
