
============================================================
pro_batch run: 2026-09-22 10:25:04
Command: /home/granepura/MCCE4/MCCE_bin/pro_batch cof-pdb -custom submit_mcce4.sh -job-name T03_inhib --skip-prerun
============================================================

Found 37 new or missing runs to launch: 1XKK, 2EUF, 2HYY, 2ITO, 2ITY, 2ITZ, 2WGJ, 2XP2, 2YFX, 3AOX, 3CS9, 3LXK, 3PYY, 3UE4, 3UG2, 3WZD, 3WZE, 3ZOS, 4AG8, 4AGC, 4AGD, 4AN2, 4ANQ, 4ANS, 4ASD, 4G5J, 4G5P, 4I22, 4LMN, 4MKC, 4WKQ, 4ZAU, 5AAA, 5AAB, 5AAC, 5L2I, 5MO4

Launching 37 runs via Slurm (max 15 concurrent, nice 1000)...
  Log file: pro_batch_T03_inhib.log
Backgrounding — you can continue using this terminal.

  Skipping prerun for 4AGC
  -> Submitted 4AGC (Slurm job 4931, nice 1000, 1 total)
  Skipping prerun for 4ANQ
  -> Submitted 4ANQ (Slurm job 4932, nice 1000, 2 total)
  Skipping prerun for 4I22
  -> Submitted 4I22 (Slurm job 4933, nice 1000, 3 total)
  Skipping prerun for 5AAC
  -> Submitted 5AAC (Slurm job 4934, nice 1000, 4 total)
  Skipping prerun for 3UG2
  -> Submitted 3UG2 (Slurm job 4935, nice 1000, 5 total)
  Skipping prerun for 2ITZ
  -> Submitted 2ITZ (Slurm job 4936, nice 1000, 6 total)
  Skipping prerun for 1XKK
  -> Submitted 1XKK (Slurm job 4937, nice 1000, 7 total)
  Skipping prerun for 3WZD
  -> Submitted 3WZD (Slurm job 4938, nice 1000, 8 total)
  Skipping prerun for 4ZAU
  -> Submitted 4ZAU (Slurm job 4939, nice 1000, 9 total)
  Skipping prerun for 4AN2
  -> Submitted 4AN2 (Slurm job 4940, nice 1000, 10 total)
  Skipping prerun for 2XP2
  -> Submitted 2XP2 (Slurm job 4941, nice 1000, 11 total)
  Skipping prerun for 2ITO
  -> Submitted 2ITO (Slurm job 4942, nice 1000, 12 total)
  Skipping prerun for 2WGJ
  -> Submitted 2WGJ (Slurm job 4943, nice 1000, 13 total)
  Skipping prerun for 5MO4
  -> Submitted 5MO4 (Slurm job 4944, nice 1000, 14 total)
  Skipping prerun for 4AG8
  -> Submitted 4AG8 (Slurm job 4945, nice 1000, 15 total)
  Skipping prerun for 2ITY
  ... 15/15 Slurm slots occupied, waiting 30.0s...
  -> Submitted 2ITY (Slurm job 4960, nice 1000, 16 total)
  Skipping prerun for 2HYY
  -> Submitted 2HYY (Slurm job 4961, nice 1000, 17 total)
  Skipping prerun for 3UE4
  -> Submitted 3UE4 (Slurm job 4962, nice 1000, 18 total)
  Skipping prerun for 4G5P
  -> Submitted 4G5P (Slurm job 4963, nice 1000, 19 total)
  Skipping prerun for 4MKC
  -> Submitted 4MKC (Slurm job 4964, nice 1000, 20 total)
  Skipping prerun for 5AAB
  -> Submitted 5AAB (Slurm job 4965, nice 1000, 21 total)
  Skipping prerun for 5AAA
  -> Submitted 5AAA (Slurm job 4966, nice 1000, 22 total)
  Skipping prerun for 4AGD
  -> Submitted 4AGD (Slurm job 4967, nice 1000, 23 total)
  Skipping prerun for 4ASD
  -> Submitted 4ASD (Slurm job 4968, nice 1000, 24 total)
  Skipping prerun for 3PYY
  -> Submitted 3PYY (Slurm job 4969, nice 1000, 25 total)
  Skipping prerun for 2EUF
  -> Submitted 2EUF (Slurm job 4970, nice 1000, 26 total)
  Skipping prerun for 5L2I
  -> Submitted 5L2I (Slurm job 4971, nice 1000, 27 total)
  Skipping prerun for 4G5J
  -> Submitted 4G5J (Slurm job 4972, nice 1000, 28 total)
  Skipping prerun for 3WZE
  ... 15/15 Slurm slots occupied, waiting 30.0s...
  -> Submitted 3WZE (Slurm job 4978, nice 1000, 29 total)
  Skipping prerun for 3LXK
  -> Submitted 3LXK (Slurm job 4979, nice 1000, 30 total)
  Skipping prerun for 4ANS
  -> Submitted 4ANS (Slurm job 4980, nice 1000, 31 total)
  Skipping prerun for 2YFX
  -> Submitted 2YFX (Slurm job 4981, nice 1000, 32 total)
  Skipping prerun for 3ZOS
  -> Submitted 3ZOS (Slurm job 4982, nice 1000, 33 total)
  Skipping prerun for 4LMN
  -> Submitted 4LMN (Slurm job 4983, nice 1000, 34 total)
  Skipping prerun for 3AOX
  -> Submitted 3AOX (Slurm job 4984, nice 1000, 35 total)
  Skipping prerun for 3CS9
  -> Submitted 3CS9 (Slurm job 4985, nice 1000, 36 total)
  Skipping prerun for 4WKQ
  -> Submitted 4WKQ (Slurm job 4986, nice 1000, 37 total)

=============================================
Slurm Summary: 37 jobs submitted
  Job name      : T03_inhib
  Nice priority : 1000
  Max concurrent: 15
  Slurm status  : squeue --me --name T03_inhib -o "%.10i %.9P %.30j %.8u %.2t %.10M %.10L %.6D %R"
  Check status  : pro_batch <input_path> --check -job-name T03_inhib
  Stop batch    : pro_batch --stop -job-name T03_inhib
=============================================
  Finished: 2026-09-22 10:26:04
