!!! Detected an existing run.prm.
If you intend to use this run.prm, either use mcce directly or rename run.prm and use "-load_runprm" to load it.
For now, run.prm is overwritten and will be restored at the end of this program. 

================================================================
<<< MCCE Multi-Conformation Continuum Electrostatics >>>        
 Marilyn Gunner's Lab at City College of New York, 2023         
----------------------------------------------------------------
Version:         4.0                                            
MCCE Home:                                                      
  Private (Dev): https://github.com/GunnerLab/MCCE4             
  Public:        https://github.com/GunnerLab/MCCE4-Alpha       
  Docs:          https://gunnerlab.github.io/mcce4_tutorial/    
Support:         https://github.com/GunnerLab/MCCE4-Alpha/issues
Developed by:    The Gunner Lab                                 
                 https://gunnerlab.ccny.cuny.edu/               
Citations:       If you publish data calculated with MCCE, please cite the papers in
                 https://gunnerlab.github.io/mcce4_tutorial/docs/mcce/
================================================================
Step 0. Initialize enviroment
   Load run control file "run.prm"...
   Done

   Tentatively load local param file "new.tpl"...   No such file, ignore.
   Done

   Load parameters from directory "./param" ... 
   Done

   Load linear free energy correction parameters from "/home/granepura/MCCE4/extra.tpl"...
   File loaded.
   Done

Step 0 Done.

Not doing "Step 1. Test and format structral file"

Step 2. Make multi side chain conformers
   Load step 1 output file step1_out.pdb...
   Done

   Rotamer statistics is dynamically updated in file "rot_stat"

   Remove redundant heavy atom conformers in step1_out.pdb
   0 conformers were deleted.
   Done


   Relax crystal water..
   Done

   Prepare for rotamer making ...
   Deleting H atoms...28 H atoms were deleted.
   Warning! assign_vdw_param(): missing parameter(s), default value is used and saved in debug.log.
   Assigning radii.
   Estimating Solvent Accessible Surface (SAS).
   Done.

   Swap atoms...
   Done


   Extra rotamers...
   Done


   Delete duplicate conformers ... 0 conformers deleted.
   Done. Time spent = 0

   Prune rotamers by self VDW potential...
   Missing atom  H4A at slot   23 of conf B49+1 in "B49 A 2000 01".
   Missing atom  H4B at slot   24 of conf B49+1 in "B49 A 2000 01".
   Missing atom  H3A at slot   29 of conf B49+1 in "B49 A 2000 01".
   Missing atom  H3B at slot   30 of conf B49+1 in "B49 A 2000 01".
   Missing atom  H23 at slot   51 of conf B49+1 in "B49 A 2000 01".
   Missing atom  H24 at slot   52 of conf B49+1 in "B49 A 2000 01".
   Missing atom  H26 at slot   54 of conf B49+1 in "B49 A 2000 01".
   Missing atom  H27 at slot   55 of conf B49+1 in "B49 A 2000 01".
   Missing atom  H23 at slot   51 of conf B49+1 in "B49 A 2000 02".
   Missing atom  H24 at slot   52 of conf B49+1 in "B49 A 2000 02".
   Missing atom  H26 at slot   54 of conf B49+1 in "B49 A 2000 02".
   Missing atom  H27 at slot   55 of conf B49+1 in "B49 A 2000 02".
   Missing atom  H23 at slot   51 of conf B49+1 in "B49 A 2000 03".
   Missing atom  H24 at slot   52 of conf B49+1 in "B49 A 2000 03".
   Missing atom  H26 at slot   54 of conf B49+1 in "B49 A 2000 03".
   Missing atom  H27 at slot   55 of conf B49+1 in "B49 A 2000 03".
   Missing atom  H23 at slot   51 of conf B49+1 in "B49 A 2000 04".
   Missing atom  H24 at slot   52 of conf B49+1 in "B49 A 2000 04".
   Missing atom  H26 at slot   54 of conf B49+1 in "B49 A 2000 04".
   Missing atom  H27 at slot   55 of conf B49+1 in "B49 A 2000 04".
   4 TORSION parameters were guessed and recorded in file debug.log.
   Modify and put them into a param file to have the full control.
   Creating connectivity table...
   Computing self VDW potential. It may take a while...
   Warning! assign_vdw_param(): missing parameter(s), default value is used and saved in debug.log.
   Pruning rotamers...0 rotamers deleted.
   Done. Time spent = 0


   Tuning exposed rotamers...
   Done. Time spent = 0

   Hydrogen bond directed rotamer making...
   0 conformers are deleted to fit the limit (36) of derived conformer number
   Updating self vdw
   Pruning rotamers by new self energy...0 rotamers deleted.
   Done. Time spent = 0


   Repack side chains 5000 times, remove inaccessible conformers...
   Computing pairwise LJ potential. This may take a while.
      Estimated time on AMD 1.6GHz is 0 seconds.
      Actual time is 0
   Repacking in progress, see progress.log for details...
   Done. Time spent = 0


   Skip writing heavy atome rotamer pdb file hvrot.pdb
   Randomly prune conformers...
   Done

   Making ionization conformers...
   Done


   Add H atoms...
   12 TORSION parameters were guessed and recorded in file debug.log.
   Modify and put them into a param file to have the full control.
   clean up ...
   Warning! assign_rad():      missing parameter(s), default value is used and saved in debug.log.
   Warning! assign_vdw_param(): missing parameter(s), default value is used and saved in debug.log.
   Done

        9 conformers deleted in this cycle at    2.000    2.000    2.000

   Optimizing hydroxyl and water...
   Total number of atoms 282
   Done. Time spent = 0


   Sorting conformers...
   Done

   Skip writing full rotamer file step2_out.full.
   Delete duplicate conformers ...
      1 conformers deleted in this cycle at    2.000    2.000    2.000
   Done. Time spent = 0


   Write output...
   Done

   Total time for step2 (rotamer making) is 0 seconds.

   Output files:
      step2_out.pdb   : mcce pdb file, the input of step 3
      head2.lst       : conformer summary
      step2_out.full  : rotamers without pairwise pruning.
      hvrot.pdb       : heavy atom rotamers, can be used recursively by step 2

Step 2 Done.

Not doing "Step 3. Compute energy lookup table"

Not doing "Step 4. Monte Carlo Sampling"

Not doing "Step 6. Hydrogen Bond Network Analysis"

[SUCCESS]: Step 2 completed successfully.
