MCCE Timing Report
====================================
MCCE_HOME: /home/granepura/MCCE4
EXTRA: /home/granepura/MCCE4/extra.tpl
USER_PARAM: N/A
====================================

Optional Features Enabled:
 - Center Protein Structure (center)
 - Custom Script After Step2 (stepB)
====================================

Run started at: Tue Sep 22 10:36:30 AM UTC 2026
CENTER: 00h:00m:00s   - Success: Structure centered to 'prot_center.pdb'.
STEP1 : 00h:00m:00s   - Success: step1_out.pdb created.
STEP2 : 00h:00m:23s   - Success: step2_out.pdb updated.
STEPB : 00h:00m:01s   - Success: "make_holo_apo_step2_out.py" executed.
STEP3 : skipped.      - Skipped (flag f): step not run.
STEP4 : skipped.      - Skipped (flag f): step not run.
STEP_CLEAN: skipped.  - No pbe_data dirs matching this run. (home.granepura.5-Kinases.Kinases_MCCE.Trial03.run_holo.2YFX)

Run ended at: Tue Sep 22 10:36:54 AM UTC 2026
Total script runtime: 00h:00m:24s
STEP_CLEAN: skipped.  - No matching tmp dirs at cancel.
