2026-09-22 07:09:35 - INFO: step3.py, <module>: Step 3. Energies calculation with PBE solver.
2026-09-22 07:09:35 - INFO: step3.py, <module>: Calling new VDW....No Scaling Applied
2026-09-22 07:09:35 - INFO: step3.py, <module>:    Process run time options & convert step2_out.pdb.
2026-09-22 07:09:35 - INFO: step3.py, <module>:    Prepare input for PB solver.
2026-09-22 07:09:35 - INFO: step3.py, <module>:    Time needed: 0 seconds.
2026-09-22 07:09:35 - INFO: step3.py, <module>:    Set up parallel envrionment and run PB solver.
2026-09-22 07:09:35 - INFO: step3.py, <module>:    Running PBE solver in 1 threads
2026-09-22 07:09:35 - INFO: step3.py, pbe: ForkPoolWorker-1: Calling delphi to calculate conformer (1/4) VGH+aA9000_001 in /tmp/pbe_data.data.home.granepura.5-Kinases.Kinases_MCCE.Trial01.run_inhib.4ANS_VGH+aA9000_001
2026-09-22 07:09:37 - INFO: step3.py, pbe: ForkPoolWorker-1: Calling delphi to calculate conformer (2/4) VGH+1A9000_002 in /tmp/pbe_data.data.home.granepura.5-Kinases.Kinases_MCCE.Trial01.run_inhib.4ANS_VGH+1A9000_002
2026-09-22 07:09:37 - INFO: step3.py, <module>: Step 3. Energies calculation with PBE solver.
2026-09-22 07:09:37 - INFO: step3.py, <module>: Calling new VDW....No Scaling Applied
2026-09-22 07:09:37 - INFO: step3.py, <module>:    Process run time options & convert step2_out.pdb.
2026-09-22 07:09:37 - INFO: step3.py, <module>:    Prepare input for PB solver.
2026-09-22 07:09:37 - INFO: step3.py, <module>:    Time needed: 0 seconds.
2026-09-22 07:09:37 - INFO: step3.py, <module>:    Set up parallel envrionment and run PB solver.
2026-09-22 07:09:37 - INFO: step3.py, <module>:    Running PBE solver in 1 threads
2026-09-22 07:09:37 - INFO: step3.py, pbe: ForkPoolWorker-1: Calling delphi to calculate conformer (1/5) VGH+aA9000_001 in /tmp/pbe_data.data.home.granepura.5-Kinases.Kinases_MCCE.Trial01.run_inhib.4ANS_VGH+aA9000_001
2026-09-22 07:09:40 - INFO: step3.py, pbe: ForkPoolWorker-1: Calling delphi to calculate conformer (3/4) VGH01A9000_003 in /tmp/pbe_data.data.home.granepura.5-Kinases.Kinases_MCCE.Trial01.run_inhib.4ANS_VGH01A9000_003
2026-09-22 07:09:40 - INFO: step3.py, pbe: ForkPoolWorker-1: Calling delphi to calculate conformer (2/5) VGH+aA9000_002 in /tmp/pbe_data.data.home.granepura.5-Kinases.Kinases_MCCE.Trial01.run_inhib.4ANS_VGH+aA9000_002
2026-09-22 07:09:43 - INFO: step3.py, pbe: ForkPoolWorker-1: Calling delphi to calculate conformer (4/4) VGH+2A9000_004 in /tmp/pbe_data.data.home.granepura.5-Kinases.Kinases_MCCE.Trial01.run_inhib.4ANS_VGH+2A9000_004
2026-09-22 07:09:43 - INFO: step3.py, pbe: ForkPoolWorker-1: Calling delphi to calculate conformer (3/5) VGH+1A9000_003 in /tmp/pbe_data.data.home.granepura.5-Kinases.Kinases_MCCE.Trial01.run_inhib.4ANS_VGH+1A9000_003
2026-09-22 07:09:45 - INFO: step3.py, <module>:    Time needed: 10 seconds.
2026-09-22 07:09:45 - INFO: step3.py, <module>:    Post-processing of electrostatic potential.
2026-09-22 07:09:45 - INFO: step3.py, <module>:    Processing ele pairwise interaction...
2026-09-22 07:09:45 - INFO: step3.py, <module>:    Time needed: 0 seconds.
2026-09-22 07:09:45 - INFO: step3.py, <module>:    Making atom connectivity ...
2026-09-22 07:09:45 - INFO: step3.py, <module>:    Time needed: 0 seconds.
2026-09-22 07:09:45 - INFO: step3.py, <module>:    Calculating vdw ...
2026-09-22 07:09:45 - INFO: step3.py, <module>:    Time needed: 0 seconds.
2026-09-22 07:09:45 - INFO: step3.py, <module>:    Calculating torsion energy ...
2026-09-22 07:09:45 - INFO: step3.py, <module>:    Time needed: 0 seconds.
2026-09-22 07:09:45 - INFO: step3.py, <module>:    Composing head3.lst ...
2026-09-22 07:09:45 - INFO: step3.py, <module>:    Time needed: 0 seconds.
2026-09-22 07:09:45 - INFO: step3.py, <module>:    Composing opp files ...
2026-09-22 07:09:45 - INFO: step3.py, <module>:    Time needed: 0 seconds.
2026-09-22 07:09:45 - INFO: step3.py, <module>:    Total time for step3 is 10 seconds.
2026-09-22 07:09:45 - INFO: step3.py, pbe: ForkPoolWorker-1: Calling delphi to calculate conformer (4/5) VGH01A9000_004 in /tmp/pbe_data.data.home.granepura.5-Kinases.Kinases_MCCE.Trial01.run_inhib.4ANS_VGH01A9000_004
2026-09-22 07:09:47 - CRITICAL: step3.py, pbe: Delphi run failed for conformer VGH01A9000_004: [Errno 2] No such file or directory: 'fort.13'
Traceback (most recent call last):
  File "/home/granepura/MCCE4/bin/step3.py", line 758, in pbe
    rxn0, rxn = pbs_delphi.run(bound, run_options)
  File "/data/home/granepura/MCCE4/bin/pbs_interfaces.py", line 281, in run
    self.write_fort13(bound.float_bnd_xyzrcp)
  File "/data/home/granepura/MCCE4/bin/pbs_interfaces.py", line 207, in write_fort13
    with open("fort.13", "wb") as fh:
FileNotFoundError: [Errno 2] No such file or directory: 'fort.13'
2026-09-22 07:09:47 - INFO: step3.py, pbe: ForkPoolWorker-1: Calling delphi to calculate conformer (5/5) VGH+2A9000_005 in /tmp/pbe_data.data.home.granepura.5-Kinases.Kinases_MCCE.Trial01.run_inhib.4ANS_VGH+2A9000_005
2026-09-22 07:09:50 - INFO: step3.py, <module>:    Time needed: 12 seconds.
2026-09-22 07:09:50 - INFO: step3.py, <module>:    Post-processing of electrostatic potential.
2026-09-22 07:09:50 - INFO: step3.py, <module>:    Processing ele pairwise interaction...
2026-09-22 07:09:50 - INFO: step3.py, <module>:    Time needed: 0 seconds.
2026-09-22 07:09:50 - INFO: step3.py, <module>:    Making atom connectivity ...
2026-09-22 07:09:50 - INFO: step3.py, <module>:    Time needed: 0 seconds.
2026-09-22 07:09:50 - INFO: step3.py, <module>:    Calculating vdw ...
2026-09-22 07:09:50 - INFO: step3.py, <module>:    Time needed: 0 seconds.
2026-09-22 07:09:50 - INFO: step3.py, <module>:    Calculating torsion energy ...
2026-09-22 07:09:50 - INFO: step3.py, <module>:    Time needed: 0 seconds.
2026-09-22 07:09:50 - INFO: step3.py, <module>:    Composing head3.lst ...
2026-09-22 07:09:50 - INFO: step3.py, <module>:    Time needed: 0 seconds.
2026-09-22 07:09:50 - INFO: step3.py, <module>:    Composing opp files ...
2026-09-22 07:09:50 - INFO: step3.py, <module>:    Time needed: 0 seconds.
2026-09-22 07:09:50 - INFO: step3.py, <module>:    Total time for step3 is 12 seconds.
