ForkPoolWorker-1: Calling delphi to calculate conformer (1/623) MET01A0061_001 in /tmp/pbe_data.data.home.granepura.5-Kinases.Kinases_MCCE.Trial03.run_apo.4LMN_MET01A0061_001
ForkPoolWorker-4: Calling delphi to calculate conformer (4/623) GLU02A0062_003 in /tmp/pbe_data.data.home.granepura.5-Kinases.Kinases_MCCE.Trial03.run_apo.4LMN_GLU02A0062_003
ForkPoolWorker-2: Calling delphi to calculate conformer (2/623) GLU01A0062_001 in /tmp/pbe_data.data.home.granepura.5-Kinases.Kinases_MCCE.Trial03.run_apo.4LMN_GLU01A0062_001
ForkPoolWorker-5: Calling delphi to calculate conformer (5/623) GLU02A0062_004 in /tmp/pbe_data.data.home.granepura.5-Kinases.Kinases_MCCE.Trial03.run_apo.4LMN_GLU02A0062_004
ForkPoolWorker-3: Calling delphi to calculate conformer (3/623) GLU01A0062_002 in /tmp/pbe_data.data.home.granepura.5-Kinases.Kinases_MCCE.Trial03.run_apo.4LMN_GLU01A0062_002
ForkPoolWorker-1: Calling delphi to calculate conformer (6/623) GLU-1A0062_005 in /tmp/pbe_data.data.home.granepura.5-Kinases.Kinases_MCCE.Trial03.run_apo.4LMN_GLU-1A0062_005
Skipping PBE solver for non-charge conformer (7/623) LEU01A0063_001...
ForkPoolWorker-3: Calling delphi to calculate conformer (8/623) LYS01A0064_001 in /tmp/pbe_data.data.home.granepura.5-Kinases.Kinases_MCCE.Trial03.run_apo.4LMN_LYS01A0064_001
ForkPoolWorker-4: Calling delphi to calculate conformer (9/623) LYS+1A0064_002 in /tmp/pbe_data.data.home.granepura.5-Kinases.Kinases_MCCE.Trial03.run_apo.4LMN_LYS+1A0064_002
ForkPoolWorker-2: Calling delphi to calculate conformer (10/623) ASP01A0065_001 in /tmp/pbe_data.data.home.granepura.5-Kinases.Kinases_MCCE.Trial03.run_apo.4LMN_ASP01A0065_001
ForkPoolWorker-5: Calling delphi to calculate conformer (11/623) ASP01A0065_002 in /tmp/pbe_data.data.home.granepura.5-Kinases.Kinases_MCCE.Trial03.run_apo.4LMN_ASP01A0065_002
ForkPoolWorker-1: Calling delphi to calculate conformer (12/623) ASP02A0065_003 in /tmp/pbe_data.data.home.granepura.5-Kinases.Kinases_MCCE.Trial03.run_apo.4LMN_ASP02A0065_003
ForkPoolWorker-3: Calling delphi to calculate conformer (13/623) ASP02A0065_004 in /tmp/pbe_data.data.home.granepura.5-Kinases.Kinases_MCCE.Trial03.run_apo.4LMN_ASP02A0065_004
ForkPoolWorker-4: Calling delphi to calculate conformer (14/623) ASP-1A0065_005 in /tmp/pbe_data.data.home.granepura.5-Kinases.Kinases_MCCE.Trial03.run_apo.4LMN_ASP-1A0065_005
ForkPoolWorker-2: Calling delphi to calculate conformer (15/623) ASP01A0066_001 in /tmp/pbe_data.data.home.granepura.5-Kinases.Kinases_MCCE.Trial03.run_apo.4LMN_ASP01A0066_001
ForkPoolWorker-5: Calling delphi to calculate conformer (16/623) ASP01A0066_002 in /tmp/pbe_data.data.home.granepura.5-Kinases.Kinases_MCCE.Trial03.run_apo.4LMN_ASP01A0066_002
ForkPoolWorker-1: Calling delphi to calculate conformer (18/623) ASP02A0066_004 in /tmp/pbe_data.data.home.granepura.5-Kinases.Kinases_MCCE.Trial03.run_apo.4LMN_ASP02A0066_004
ForkPoolWorker-3: Calling delphi to calculate conformer (17/623) ASP02A0066_003 in /tmp/pbe_data.data.home.granepura.5-Kinases.Kinases_MCCE.Trial03.run_apo.4LMN_ASP02A0066_003
ForkPoolWorker-4: Calling delphi to calculate conformer (19/623) ASP-1A0066_005 in /tmp/pbe_data.data.home.granepura.5-Kinases.Kinases_MCCE.Trial03.run_apo.4LMN_ASP-1A0066_005
ForkPoolWorker-2: Calling delphi to calculate conformer (20/623) ASP01A0067_001 in /tmp/pbe_data.data.home.granepura.5-Kinases.Kinases_MCCE.Trial03.run_apo.4LMN_ASP01A0067_001
ForkPoolWorker-5: Calling delphi to calculate conformer (21/623) ASP01A0067_002 in /tmp/pbe_data.data.home.granepura.5-Kinases.Kinases_MCCE.Trial03.run_apo.4LMN_ASP01A0067_002
ForkPoolWorker-3: Calling delphi to calculate conformer (22/623) ASP02A0067_003 in /tmp/pbe_data.data.home.granepura.5-Kinases.Kinases_MCCE.Trial03.run_apo.4LMN_ASP02A0067_003
ForkPoolWorker-1: Calling delphi to calculate conformer (23/623) ASP02A0067_004 in /tmp/pbe_data.data.home.granepura.5-Kinases.Kinases_MCCE.Trial03.run_apo.4LMN_ASP02A0067_004
ForkPoolWorker-4: Calling delphi to calculate conformer (24/623) ASP-1A0067_005 in /tmp/pbe_data.data.home.granepura.5-Kinases.Kinases_MCCE.Trial03.run_apo.4LMN_ASP-1A0067_005
Skipping PBE solver for non-charge conformer (25/623) PHE01A0068_001...
ForkPoolWorker-2: Calling delphi to calculate conformer (26/623) GLU01A0069_001 in /tmp/pbe_data.data.home.granepura.5-Kinases.Kinases_MCCE.Trial03.run_apo.4LMN_GLU01A0069_001
ForkPoolWorker-5: Calling delphi to calculate conformer (27/623) GLU01A0069_002 in /tmp/pbe_data.data.home.granepura.5-Kinases.Kinases_MCCE.Trial03.run_apo.4LMN_GLU01A0069_002
ForkPoolWorker-4: Calling delphi to calculate conformer (29/623) GLU02A0069_004 in /tmp/pbe_data.data.home.granepura.5-Kinases.Kinases_MCCE.Trial03.run_apo.4LMN_GLU02A0069_004
ForkPoolWorker-1: Calling delphi to calculate conformer (28/623) GLU02A0069_003 in /tmp/pbe_data.data.home.granepura.5-Kinases.Kinases_MCCE.Trial03.run_apo.4LMN_GLU02A0069_003
ForkPoolWorker-3: Calling delphi to calculate conformer (30/623) GLU-1A0069_005 in /tmp/pbe_data.data.home.granepura.5-Kinases.Kinases_MCCE.Trial03.run_apo.4LMN_GLU-1A0069_005
ForkPoolWorker-2: Calling delphi to calculate conformer (31/623) LYS01A0070_001 in /tmp/pbe_data.data.home.granepura.5-Kinases.Kinases_MCCE.Trial03.run_apo.4LMN_LYS01A0070_001
ForkPoolWorker-5: Calling delphi to calculate conformer (32/623) LYS+1A0070_002 in /tmp/pbe_data.data.home.granepura.5-Kinases.Kinases_MCCE.Trial03.run_apo.4LMN_LYS+1A0070_002
Skipping PBE solver for non-charge conformer (33/623) ILE01A0071_001...
ForkPoolWorker-4: Calling delphi to calculate conformer (34/623) SER01A0072_001 in /tmp/pbe_data.data.home.granepura.5-Kinases.Kinases_MCCE.Trial03.run_apo.4LMN_SER01A0072_001
ForkPoolWorker-3: Calling delphi to calculate conformer (35/623) SER01A0072_002 in /tmp/pbe_data.data.home.granepura.5-Kinases.Kinases_MCCE.Trial03.run_apo.4LMN_SER01A0072_002
ForkPoolWorker-1: Calling delphi to calculate conformer (36/623) GLU01A0073_001 in /tmp/pbe_data.data.home.granepura.5-Kinases.Kinases_MCCE.Trial03.run_apo.4LMN_GLU01A0073_001
ForkPoolWorker-2: Calling delphi to calculate conformer (37/623) GLU01A0073_002 in /tmp/pbe_data.data.home.granepura.5-Kinases.Kinases_MCCE.Trial03.run_apo.4LMN_GLU01A0073_002
ForkPoolWorker-5: Calling delphi to calculate conformer (38/623) GLU02A0073_003 in /tmp/pbe_data.data.home.granepura.5-Kinases.Kinases_MCCE.Trial03.run_apo.4LMN_GLU02A0073_003
ForkPoolWorker-3: Calling delphi to calculate conformer (39/623) GLU02A0073_004 in /tmp/pbe_data.data.home.granepura.5-Kinases.Kinases_MCCE.Trial03.run_apo.4LMN_GLU02A0073_004
ForkPoolWorker-4: Calling delphi to calculate conformer (40/623) GLU-1A0073_005 in /tmp/pbe_data.data.home.granepura.5-Kinases.Kinases_MCCE.Trial03.run_apo.4LMN_GLU-1A0073_005
Skipping PBE solver for non-charge conformer (41/623) LEU01A0074_001...
Skipping PBE solver for non-charge conformer (42/623) ALA01A0076_001...
Skipping PBE solver for non-charge conformer (44/623) VAL01A0081_001...
ForkPoolWorker-1: Calling delphi to calculate conformer (43/623) ASN01A0078_001 in /tmp/pbe_data.data.home.granepura.5-Kinases.Kinases_MCCE.Trial03.run_apo.4LMN_ASN01A0078_001
Skipping PBE solver for non-charge conformer (45/623) VAL01A0082_001...
Skipping PBE solver for non-charge conformer (46/623) PHE01A0083_001...
ForkPoolWorker-2: Calling delphi to calculate conformer (47/623) LYS01A0084_001 in /tmp/pbe_data.data.home.granepura.5-Kinases.Kinases_MCCE.Trial03.run_apo.4LMN_LYS01A0084_001
ForkPoolWorker-5: Calling delphi to calculate conformer (48/623) LYS+1A0084_002 in /tmp/pbe_data.data.home.granepura.5-Kinases.Kinases_MCCE.Trial03.run_apo.4LMN_LYS+1A0084_002
Skipping PBE solver for non-charge conformer (49/623) VAL01A0085_001...
ForkPoolWorker-3: Calling delphi to calculate conformer (50/623) SER01A0086_001 in /tmp/pbe_data.data.home.granepura.5-Kinases.Kinases_MCCE.Trial03.run_apo.4LMN_SER01A0086_001
ForkPoolWorker-4: Calling delphi to calculate conformer (51/623) SER01A0086_002 in /tmp/pbe_data.data.home.granepura.5-Kinases.Kinases_MCCE.Trial03.run_apo.4LMN_SER01A0086_002
ForkPoolWorker-2: Calling delphi to calculate conformer (52/623) HIS01A0087_001 in /tmp/pbe_data.data.home.granepura.5-Kinases.Kinases_MCCE.Trial03.run_apo.4LMN_HIS01A0087_001
ForkPoolWorker-1: Calling delphi to calculate conformer (53/623) HIS02A0087_002 in /tmp/pbe_data.data.home.granepura.5-Kinases.Kinases_MCCE.Trial03.run_apo.4LMN_HIS02A0087_002
ForkPoolWorker-5: Calling delphi to calculate conformer (54/623) HIS+1A0087_003 in /tmp/pbe_data.data.home.granepura.5-Kinases.Kinases_MCCE.Trial03.run_apo.4LMN_HIS+1A0087_003
ForkPoolWorker-3: Calling delphi to calculate conformer (55/623) LYS01A0088_001 in /tmp/pbe_data.data.home.granepura.5-Kinases.Kinases_MCCE.Trial03.run_apo.4LMN_LYS01A0088_001
ForkPoolWorker-4: Calling delphi to calculate conformer (56/623) LYS+1A0088_002 in /tmp/pbe_data.data.home.granepura.5-Kinases.Kinases_MCCE.Trial03.run_apo.4LMN_LYS+1A0088_002
Skipping PBE solver for non-charge conformer (57/623) PRO01A0089_001...
ForkPoolWorker-1: Calling delphi to calculate conformer (58/623) SER01A0090_001 in /tmp/pbe_data.data.home.granepura.5-Kinases.Kinases_MCCE.Trial03.run_apo.4LMN_SER01A0090_001
ForkPoolWorker-2: Calling delphi to calculate conformer (59/623) SER01A0090_002 in /tmp/pbe_data.data.home.granepura.5-Kinases.Kinases_MCCE.Trial03.run_apo.4LMN_SER01A0090_002
ForkPoolWorker-5: Calling delphi to calculate conformer (60/623) SER01A0090_003 in /tmp/pbe_data.data.home.granepura.5-Kinases.Kinases_MCCE.Trial03.run_apo.4LMN_SER01A0090_003
Skipping PBE solver for non-charge conformer (61/623) LEU01A0092_001...
Skipping PBE solver for non-charge conformer (62/623) VAL01A0093_001...
ForkPoolWorker-3: Calling delphi to calculate conformer (63/623) MET01A0094_001 in /tmp/pbe_data.data.home.granepura.5-Kinases.Kinases_MCCE.Trial03.run_apo.4LMN_MET01A0094_001
Skipping PBE solver for non-charge conformer (64/623) ALA01A0095_001...
ForkPoolWorker-1: Calling delphi to calculate conformer (65/623) ARG01A0096_001 in /tmp/pbe_data.data.home.granepura.5-Kinases.Kinases_MCCE.Trial03.run_apo.4LMN_ARG01A0096_001
ForkPoolWorker-4: Calling delphi to calculate conformer (66/623) ARG02A0096_002 in /tmp/pbe_data.data.home.granepura.5-Kinases.Kinases_MCCE.Trial03.run_apo.4LMN_ARG02A0096_002
ForkPoolWorker-2: Calling delphi to calculate conformer (67/623) ARG02A0096_003 in /tmp/pbe_data.data.home.granepura.5-Kinases.Kinases_MCCE.Trial03.run_apo.4LMN_ARG02A0096_003
ForkPoolWorker-5: Calling delphi to calculate conformer (68/623) ARG03A0096_004 in /tmp/pbe_data.data.home.granepura.5-Kinases.Kinases_MCCE.Trial03.run_apo.4LMN_ARG03A0096_004
ForkPoolWorker-3: Calling delphi to calculate conformer (69/623) ARG03A0096_005 in /tmp/pbe_data.data.home.granepura.5-Kinases.Kinases_MCCE.Trial03.run_apo.4LMN_ARG03A0096_005
ForkPoolWorker-1: Calling delphi to calculate conformer (70/623) ARG+1A0096_006 in /tmp/pbe_data.data.home.granepura.5-Kinases.Kinases_MCCE.Trial03.run_apo.4LMN_ARG+1A0096_006
ForkPoolWorker-4: Calling delphi to calculate conformer (71/623) LYS01A0097_001 in /tmp/pbe_data.data.home.granepura.5-Kinases.Kinases_MCCE.Trial03.run_apo.4LMN_LYS01A0097_001
ForkPoolWorker-2: Calling delphi to calculate conformer (72/623) LYS+1A0097_002 in /tmp/pbe_data.data.home.granepura.5-Kinases.Kinases_MCCE.Trial03.run_apo.4LMN_LYS+1A0097_002
Skipping PBE solver for non-charge conformer (73/623) LEU01A0098_001...
Skipping PBE solver for non-charge conformer (74/623) ILE01A0099_001...
ForkPoolWorker-5: Calling delphi to calculate conformer (75/623) HIS01A0100_001 in /tmp/pbe_data.data.home.granepura.5-Kinases.Kinases_MCCE.Trial03.run_apo.4LMN_HIS01A0100_001
ForkPoolWorker-3: Calling delphi to calculate conformer (76/623) HIS02A0100_002 in /tmp/pbe_data.data.home.granepura.5-Kinases.Kinases_MCCE.Trial03.run_apo.4LMN_HIS02A0100_002
ForkPoolWorker-1: Calling delphi to calculate conformer (77/623) HIS+1A0100_003 in /tmp/pbe_data.data.home.granepura.5-Kinases.Kinases_MCCE.Trial03.run_apo.4LMN_HIS+1A0100_003
Skipping PBE solver for non-charge conformer (78/623) LEU01A0101_001...
ForkPoolWorker-4: Calling delphi to calculate conformer (79/623) GLU01A0102_001 in /tmp/pbe_data.data.home.granepura.5-Kinases.Kinases_MCCE.Trial03.run_apo.4LMN_GLU01A0102_001
ForkPoolWorker-5: Calling delphi to calculate conformer (80/623) GLU01A0102_002 in /tmp/pbe_data.data.home.granepura.5-Kinases.Kinases_MCCE.Trial03.run_apo.4LMN_GLU01A0102_002
ForkPoolWorker-2: Calling delphi to calculate conformer (81/623) GLU02A0102_003 in /tmp/pbe_data.data.home.granepura.5-Kinases.Kinases_MCCE.Trial03.run_apo.4LMN_GLU02A0102_003
ForkPoolWorker-3: Calling delphi to calculate conformer (82/623) GLU02A0102_004 in /tmp/pbe_data.data.home.granepura.5-Kinases.Kinases_MCCE.Trial03.run_apo.4LMN_GLU02A0102_004
ForkPoolWorker-1: Calling delphi to calculate conformer (83/623) GLU-1A0102_005 in /tmp/pbe_data.data.home.granepura.5-Kinases.Kinases_MCCE.Trial03.run_apo.4LMN_GLU-1A0102_005
Skipping PBE solver for non-charge conformer (84/623) ILE01A0103_001...
ForkPoolWorker-4: Calling delphi to calculate conformer (85/623) LYS01A0104_001 in /tmp/pbe_data.data.home.granepura.5-Kinases.Kinases_MCCE.Trial03.run_apo.4LMN_LYS01A0104_001
ForkPoolWorker-5: Calling delphi to calculate conformer (86/623) LYS+1A0104_002 in /tmp/pbe_data.data.home.granepura.5-Kinases.Kinases_MCCE.Trial03.run_apo.4LMN_LYS+1A0104_002
Skipping PBE solver for non-charge conformer (87/623) PRO01A0105_001...
Skipping PBE solver for non-charge conformer (88/623) ALA01A0106_001...
Skipping PBE solver for non-charge conformer (89/623) ILE01A0107_001...
ForkPoolWorker-2: Calling delphi to calculate conformer (90/623) ARG01A0108_001 in /tmp/pbe_data.data.home.granepura.5-Kinases.Kinases_MCCE.Trial03.run_apo.4LMN_ARG01A0108_001
ForkPoolWorker-3: Calling delphi to calculate conformer (91/623) ARG02A0108_002 in /tmp/pbe_data.data.home.granepura.5-Kinases.Kinases_MCCE.Trial03.run_apo.4LMN_ARG02A0108_002
ForkPoolWorker-1: Calling delphi to calculate conformer (92/623) ARG03A0108_003 in /tmp/pbe_data.data.home.granepura.5-Kinases.Kinases_MCCE.Trial03.run_apo.4LMN_ARG03A0108_003
ForkPoolWorker-4: Calling delphi to calculate conformer (93/623) ARG+1A0108_004 in /tmp/pbe_data.data.home.granepura.5-Kinases.Kinases_MCCE.Trial03.run_apo.4LMN_ARG+1A0108_004
ForkPoolWorker-5: Calling delphi to calculate conformer (94/623) ASN01A0109_001 in /tmp/pbe_data.data.home.granepura.5-Kinases.Kinases_MCCE.Trial03.run_apo.4LMN_ASN01A0109_001
ForkPoolWorker-2: Calling delphi to calculate conformer (95/623) ASN01A0109_002 in /tmp/pbe_data.data.home.granepura.5-Kinases.Kinases_MCCE.Trial03.run_apo.4LMN_ASN01A0109_002
ForkPoolWorker-3: Calling delphi to calculate conformer (96/623) GLN01A0110_001 in /tmp/pbe_data.data.home.granepura.5-Kinases.Kinases_MCCE.Trial03.run_apo.4LMN_GLN01A0110_001
ForkPoolWorker-4: Calling delphi to calculate conformer (97/623) GLN01A0110_002 in /tmp/pbe_data.data.home.granepura.5-Kinases.Kinases_MCCE.Trial03.run_apo.4LMN_GLN01A0110_002
Skipping PBE solver for non-charge conformer (98/623) ILE01A0111_001...
Skipping PBE solver for non-charge conformer (99/623) ILE01A0112_001...
ForkPoolWorker-1: Calling delphi to calculate conformer (100/623) ARG01A0113_001 in /tmp/pbe_data.data.home.granepura.5-Kinases.Kinases_MCCE.Trial03.run_apo.4LMN_ARG01A0113_001
ForkPoolWorker-5: Calling delphi to calculate conformer (101/623) ARG02A0113_002 in /tmp/pbe_data.data.home.granepura.5-Kinases.Kinases_MCCE.Trial03.run_apo.4LMN_ARG02A0113_002
ForkPoolWorker-2: Calling delphi to calculate conformer (102/623) ARG03A0113_003 in /tmp/pbe_data.data.home.granepura.5-Kinases.Kinases_MCCE.Trial03.run_apo.4LMN_ARG03A0113_003
ForkPoolWorker-3: Calling delphi to calculate conformer (103/623) ARG+1A0113_004 in /tmp/pbe_data.data.home.granepura.5-Kinases.Kinases_MCCE.Trial03.run_apo.4LMN_ARG+1A0113_004
ForkPoolWorker-4: Calling delphi to calculate conformer (104/623) GLU01A0114_001 in /tmp/pbe_data.data.home.granepura.5-Kinases.Kinases_MCCE.Trial03.run_apo.4LMN_GLU01A0114_001
ForkPoolWorker-5: Calling delphi to calculate conformer (105/623) GLU01A0114_002 in /tmp/pbe_data.data.home.granepura.5-Kinases.Kinases_MCCE.Trial03.run_apo.4LMN_GLU01A0114_002
ForkPoolWorker-1: Calling delphi to calculate conformer (106/623) GLU02A0114_003 in /tmp/pbe_data.data.home.granepura.5-Kinases.Kinases_MCCE.Trial03.run_apo.4LMN_GLU02A0114_003
ForkPoolWorker-2: Calling delphi to calculate conformer (107/623) GLU02A0114_004 in /tmp/pbe_data.data.home.granepura.5-Kinases.Kinases_MCCE.Trial03.run_apo.4LMN_GLU02A0114_004
ForkPoolWorker-3: Calling delphi to calculate conformer (108/623) GLU-1A0114_005 in /tmp/pbe_data.data.home.granepura.5-Kinases.Kinases_MCCE.Trial03.run_apo.4LMN_GLU-1A0114_005
Skipping PBE solver for non-charge conformer (109/623) LEU01A0115_001...
ForkPoolWorker-4: Calling delphi to calculate conformer (110/623) GLN01A0116_001 in /tmp/pbe_data.data.home.granepura.5-Kinases.Kinases_MCCE.Trial03.run_apo.4LMN_GLN01A0116_001
Skipping PBE solver for non-charge conformer (112/623) VAL01A0117_001...
ForkPoolWorker-1: Calling delphi to calculate conformer (111/623) GLN01A0116_002 in /tmp/pbe_data.data.home.granepura.5-Kinases.Kinases_MCCE.Trial03.run_apo.4LMN_GLN01A0116_002
Skipping PBE solver for non-charge conformer (113/623) LEU01A0118_001...
ForkPoolWorker-5: Calling delphi to calculate conformer (114/623) HIS01A0119_001 in /tmp/pbe_data.data.home.granepura.5-Kinases.Kinases_MCCE.Trial03.run_apo.4LMN_HIS01A0119_001
ForkPoolWorker-2: Calling delphi to calculate conformer (115/623) HIS01A0119_002 in /tmp/pbe_data.data.home.granepura.5-Kinases.Kinases_MCCE.Trial03.run_apo.4LMN_HIS01A0119_002
ForkPoolWorker-3: Calling delphi to calculate conformer (116/623) HIS02A0119_003 in /tmp/pbe_data.data.home.granepura.5-Kinases.Kinases_MCCE.Trial03.run_apo.4LMN_HIS02A0119_003
ForkPoolWorker-4: Calling delphi to calculate conformer (117/623) HIS02A0119_004 in /tmp/pbe_data.data.home.granepura.5-Kinases.Kinases_MCCE.Trial03.run_apo.4LMN_HIS02A0119_004
ForkPoolWorker-1: Calling delphi to calculate conformer (118/623) HIS+1A0119_005 in /tmp/pbe_data.data.home.granepura.5-Kinases.Kinases_MCCE.Trial03.run_apo.4LMN_HIS+1A0119_005
ForkPoolWorker-5: Calling delphi to calculate conformer (119/623) HIS+1A0119_006 in /tmp/pbe_data.data.home.granepura.5-Kinases.Kinases_MCCE.Trial03.run_apo.4LMN_HIS+1A0119_006
ForkPoolWorker-2: Calling delphi to calculate conformer (120/623) GLU01A0120_001 in /tmp/pbe_data.data.home.granepura.5-Kinases.Kinases_MCCE.Trial03.run_apo.4LMN_GLU01A0120_001
ForkPoolWorker-3: Calling delphi to calculate conformer (121/623) GLU01A0120_002 in /tmp/pbe_data.data.home.granepura.5-Kinases.Kinases_MCCE.Trial03.run_apo.4LMN_GLU01A0120_002
ForkPoolWorker-4: Calling delphi to calculate conformer (122/623) GLU02A0120_003 in /tmp/pbe_data.data.home.granepura.5-Kinases.Kinases_MCCE.Trial03.run_apo.4LMN_GLU02A0120_003
ForkPoolWorker-1: Calling delphi to calculate conformer (123/623) GLU02A0120_004 in /tmp/pbe_data.data.home.granepura.5-Kinases.Kinases_MCCE.Trial03.run_apo.4LMN_GLU02A0120_004
ForkPoolWorker-5: Calling delphi to calculate conformer (124/623) GLU-1A0120_005 in /tmp/pbe_data.data.home.granepura.5-Kinases.Kinases_MCCE.Trial03.run_apo.4LMN_GLU-1A0120_005
ForkPoolWorker-2: Calling delphi to calculate conformer (125/623) CYS01A0121_001 in /tmp/pbe_data.data.home.granepura.5-Kinases.Kinases_MCCE.Trial03.run_apo.4LMN_CYS01A0121_001
ForkPoolWorker-3: Calling delphi to calculate conformer (126/623) CYS01A0121_002 in /tmp/pbe_data.data.home.granepura.5-Kinases.Kinases_MCCE.Trial03.run_apo.4LMN_CYS01A0121_002
ForkPoolWorker-4: Calling delphi to calculate conformer (127/623) CYS01A0121_003 in /tmp/pbe_data.data.home.granepura.5-Kinases.Kinases_MCCE.Trial03.run_apo.4LMN_CYS01A0121_003
ForkPoolWorker-1: Calling delphi to calculate conformer (128/623) CYS-1A0121_004 in /tmp/pbe_data.data.home.granepura.5-Kinases.Kinases_MCCE.Trial03.run_apo.4LMN_CYS-1A0121_004
ForkPoolWorker-5: Calling delphi to calculate conformer (129/623) ASN01A0122_001 in /tmp/pbe_data.data.home.granepura.5-Kinases.Kinases_MCCE.Trial03.run_apo.4LMN_ASN01A0122_001
ForkPoolWorker-2: Calling delphi to calculate conformer (130/623) ASN01A0122_002 in /tmp/pbe_data.data.home.granepura.5-Kinases.Kinases_MCCE.Trial03.run_apo.4LMN_ASN01A0122_002
ForkPoolWorker-3: Calling delphi to calculate conformer (131/623) SER01A0123_001 in /tmp/pbe_data.data.home.granepura.5-Kinases.Kinases_MCCE.Trial03.run_apo.4LMN_SER01A0123_001
ForkPoolWorker-4: Calling delphi to calculate conformer (132/623) SER01A0123_002 in /tmp/pbe_data.data.home.granepura.5-Kinases.Kinases_MCCE.Trial03.run_apo.4LMN_SER01A0123_002
Skipping PBE solver for non-charge conformer (133/623) PRO01A0124_001...
ForkPoolWorker-1: Calling delphi to calculate conformer (134/623) TYR01A0125_001 in /tmp/pbe_data.data.home.granepura.5-Kinases.Kinases_MCCE.Trial03.run_apo.4LMN_TYR01A0125_001
ForkPoolWorker-5: Calling delphi to calculate conformer (135/623) TYR-1A0125_002 in /tmp/pbe_data.data.home.granepura.5-Kinases.Kinases_MCCE.Trial03.run_apo.4LMN_TYR-1A0125_002
Skipping PBE solver for non-charge conformer (136/623) ILE01A0126_001...
Skipping PBE solver for non-charge conformer (137/623) VAL01A0127_001...
Skipping PBE solver for non-charge conformer (138/623) PHE01A0129_001...
ForkPoolWorker-2: Calling delphi to calculate conformer (139/623) TYR01A0130_001 in /tmp/pbe_data.data.home.granepura.5-Kinases.Kinases_MCCE.Trial03.run_apo.4LMN_TYR01A0130_001
ForkPoolWorker-3: Calling delphi to calculate conformer (140/623) TYR-1A0130_002 in /tmp/pbe_data.data.home.granepura.5-Kinases.Kinases_MCCE.Trial03.run_apo.4LMN_TYR-1A0130_002
Skipping PBE solver for non-charge conformer (141/623) ALA01A0132_001...
Skipping PBE solver for non-charge conformer (142/623) PHE01A0133_001...
ForkPoolWorker-4: Calling delphi to calculate conformer (143/623) TYR01A0134_001 in /tmp/pbe_data.data.home.granepura.5-Kinases.Kinases_MCCE.Trial03.run_apo.4LMN_TYR01A0134_001
ForkPoolWorker-1: Calling delphi to calculate conformer (144/623) TYR01A0134_002 in /tmp/pbe_data.data.home.granepura.5-Kinases.Kinases_MCCE.Trial03.run_apo.4LMN_TYR01A0134_002
ForkPoolWorker-5: Calling delphi to calculate conformer (145/623) TYR-1A0134_003 in /tmp/pbe_data.data.home.granepura.5-Kinases.Kinases_MCCE.Trial03.run_apo.4LMN_TYR-1A0134_003
ForkPoolWorker-2: Calling delphi to calculate conformer (146/623) SER01A0135_001 in /tmp/pbe_data.data.home.granepura.5-Kinases.Kinases_MCCE.Trial03.run_apo.4LMN_SER01A0135_001
ForkPoolWorker-3: Calling delphi to calculate conformer (147/623) SER01A0135_002 in /tmp/pbe_data.data.home.granepura.5-Kinases.Kinases_MCCE.Trial03.run_apo.4LMN_SER01A0135_002
ForkPoolWorker-4: Calling delphi to calculate conformer (148/623) ASP01A0136_001 in /tmp/pbe_data.data.home.granepura.5-Kinases.Kinases_MCCE.Trial03.run_apo.4LMN_ASP01A0136_001
ForkPoolWorker-5: Calling delphi to calculate conformer (149/623) ASP01A0136_002 in /tmp/pbe_data.data.home.granepura.5-Kinases.Kinases_MCCE.Trial03.run_apo.4LMN_ASP01A0136_002
ForkPoolWorker-1: Calling delphi to calculate conformer (150/623) ASP02A0136_003 in /tmp/pbe_data.data.home.granepura.5-Kinases.Kinases_MCCE.Trial03.run_apo.4LMN_ASP02A0136_003
ForkPoolWorker-2: Calling delphi to calculate conformer (151/623) ASP02A0136_004 in /tmp/pbe_data.data.home.granepura.5-Kinases.Kinases_MCCE.Trial03.run_apo.4LMN_ASP02A0136_004
ForkPoolWorker-3: Calling delphi to calculate conformer (152/623) ASP-1A0136_005 in /tmp/pbe_data.data.home.granepura.5-Kinases.Kinases_MCCE.Trial03.run_apo.4LMN_ASP-1A0136_005
ForkPoolWorker-4: Calling delphi to calculate conformer (153/623) GLU01A0138_001 in /tmp/pbe_data.data.home.granepura.5-Kinases.Kinases_MCCE.Trial03.run_apo.4LMN_GLU01A0138_001
ForkPoolWorker-1: Calling delphi to calculate conformer (154/623) GLU01A0138_002 in /tmp/pbe_data.data.home.granepura.5-Kinases.Kinases_MCCE.Trial03.run_apo.4LMN_GLU01A0138_002
ForkPoolWorker-5: Calling delphi to calculate conformer (155/623) GLU02A0138_003 in /tmp/pbe_data.data.home.granepura.5-Kinases.Kinases_MCCE.Trial03.run_apo.4LMN_GLU02A0138_003
ForkPoolWorker-2: Calling delphi to calculate conformer (156/623) GLU02A0138_004 in /tmp/pbe_data.data.home.granepura.5-Kinases.Kinases_MCCE.Trial03.run_apo.4LMN_GLU02A0138_004
ForkPoolWorker-3: Calling delphi to calculate conformer (157/623) GLU-1A0138_005 in /tmp/pbe_data.data.home.granepura.5-Kinases.Kinases_MCCE.Trial03.run_apo.4LMN_GLU-1A0138_005
Skipping PBE solver for non-charge conformer (158/623) ILE01A0139_001...
ForkPoolWorker-4: Calling delphi to calculate conformer (159/623) SER01A0140_001 in /tmp/pbe_data.data.home.granepura.5-Kinases.Kinases_MCCE.Trial03.run_apo.4LMN_SER01A0140_001
ForkPoolWorker-1: Calling delphi to calculate conformer (160/623) SER01A0140_002 in /tmp/pbe_data.data.home.granepura.5-Kinases.Kinases_MCCE.Trial03.run_apo.4LMN_SER01A0140_002
ForkPoolWorker-5: Calling delphi to calculate conformer (161/623) SER01A0140_003 in /tmp/pbe_data.data.home.granepura.5-Kinases.Kinases_MCCE.Trial03.run_apo.4LMN_SER01A0140_003
ForkPoolWorker-2: Calling delphi to calculate conformer (162/623) SER01A0140_004 in /tmp/pbe_data.data.home.granepura.5-Kinases.Kinases_MCCE.Trial03.run_apo.4LMN_SER01A0140_004
ForkPoolWorker-3: Calling delphi to calculate conformer (163/623) SER01A0140_005 in /tmp/pbe_data.data.home.granepura.5-Kinases.Kinases_MCCE.Trial03.run_apo.4LMN_SER01A0140_005
ForkPoolWorker-5: Calling delphi to calculate conformer (165/623) CYS01A0142_001 in /tmp/pbe_data.data.home.granepura.5-Kinases.Kinases_MCCE.Trial03.run_apo.4LMN_CYS01A0142_001
ForkPoolWorker-2: Calling delphi to calculate conformer (166/623) CYS01A0142_002 in /tmp/pbe_data.data.home.granepura.5-Kinases.Kinases_MCCE.Trial03.run_apo.4LMN_CYS01A0142_002
ForkPoolWorker-1: Calling delphi to calculate conformer (167/623) CYS01A0142_003 in /tmp/pbe_data.data.home.granepura.5-Kinases.Kinases_MCCE.Trial03.run_apo.4LMN_CYS01A0142_003
Skipping PBE solver for non-charge conformer (164/623) ILE01A0141_001...
ForkPoolWorker-4: Calling delphi to calculate conformer (168/623) CYS-1A0142_004 in /tmp/pbe_data.data.home.granepura.5-Kinases.Kinases_MCCE.Trial03.run_apo.4LMN_CYS-1A0142_004
ForkPoolWorker-3: Calling delphi to calculate conformer (169/623) MET01A0143_001 in /tmp/pbe_data.data.home.granepura.5-Kinases.Kinases_MCCE.Trial03.run_apo.4LMN_MET01A0143_001
ForkPoolWorker-2: Calling delphi to calculate conformer (170/623) GLU01A0144_001 in /tmp/pbe_data.data.home.granepura.5-Kinases.Kinases_MCCE.Trial03.run_apo.4LMN_GLU01A0144_001
ForkPoolWorker-5: Calling delphi to calculate conformer (171/623) GLU01A0144_002 in /tmp/pbe_data.data.home.granepura.5-Kinases.Kinases_MCCE.Trial03.run_apo.4LMN_GLU01A0144_002
ForkPoolWorker-1: Calling delphi to calculate conformer (172/623) GLU01A0144_003 in /tmp/pbe_data.data.home.granepura.5-Kinases.Kinases_MCCE.Trial03.run_apo.4LMN_GLU01A0144_003
ForkPoolWorker-4: Calling delphi to calculate conformer (173/623) GLU01A0144_004 in /tmp/pbe_data.data.home.granepura.5-Kinases.Kinases_MCCE.Trial03.run_apo.4LMN_GLU01A0144_004
ForkPoolWorker-3: Calling delphi to calculate conformer (174/623) GLU02A0144_005 in /tmp/pbe_data.data.home.granepura.5-Kinases.Kinases_MCCE.Trial03.run_apo.4LMN_GLU02A0144_005
ForkPoolWorker-5: Calling delphi to calculate conformer (175/623) GLU02A0144_006 in /tmp/pbe_data.data.home.granepura.5-Kinases.Kinases_MCCE.Trial03.run_apo.4LMN_GLU02A0144_006
ForkPoolWorker-2: Calling delphi to calculate conformer (176/623) GLU02A0144_007 in /tmp/pbe_data.data.home.granepura.5-Kinases.Kinases_MCCE.Trial03.run_apo.4LMN_GLU02A0144_007
ForkPoolWorker-1: Calling delphi to calculate conformer (177/623) GLU02A0144_008 in /tmp/pbe_data.data.home.granepura.5-Kinases.Kinases_MCCE.Trial03.run_apo.4LMN_GLU02A0144_008
ForkPoolWorker-4: Calling delphi to calculate conformer (178/623) GLU-1A0144_009 in /tmp/pbe_data.data.home.granepura.5-Kinases.Kinases_MCCE.Trial03.run_apo.4LMN_GLU-1A0144_009
ForkPoolWorker-3: Calling delphi to calculate conformer (179/623) GLU-1A0144_010 in /tmp/pbe_data.data.home.granepura.5-Kinases.Kinases_MCCE.Trial03.run_apo.4LMN_GLU-1A0144_010
ForkPoolWorker-5: Calling delphi to calculate conformer (180/623) HIS01A0145_001 in /tmp/pbe_data.data.home.granepura.5-Kinases.Kinases_MCCE.Trial03.run_apo.4LMN_HIS01A0145_001
ForkPoolWorker-2: Calling delphi to calculate conformer (181/623) HIS01A0145_002 in /tmp/pbe_data.data.home.granepura.5-Kinases.Kinases_MCCE.Trial03.run_apo.4LMN_HIS01A0145_002
ForkPoolWorker-1: Calling delphi to calculate conformer (183/623) HIS02A0145_004 in /tmp/pbe_data.data.home.granepura.5-Kinases.Kinases_MCCE.Trial03.run_apo.4LMN_HIS02A0145_004
ForkPoolWorker-4: Calling delphi to calculate conformer (182/623) HIS02A0145_003 in /tmp/pbe_data.data.home.granepura.5-Kinases.Kinases_MCCE.Trial03.run_apo.4LMN_HIS02A0145_003
ForkPoolWorker-3: Calling delphi to calculate conformer (184/623) HIS+1A0145_005 in /tmp/pbe_data.data.home.granepura.5-Kinases.Kinases_MCCE.Trial03.run_apo.4LMN_HIS+1A0145_005
ForkPoolWorker-2: Calling delphi to calculate conformer (185/623) HIS+1A0145_006 in /tmp/pbe_data.data.home.granepura.5-Kinases.Kinases_MCCE.Trial03.run_apo.4LMN_HIS+1A0145_006
ForkPoolWorker-5: Calling delphi to calculate conformer (186/623) MET01A0146_001 in /tmp/pbe_data.data.home.granepura.5-Kinases.Kinases_MCCE.Trial03.run_apo.4LMN_MET01A0146_001
ForkPoolWorker-1: Calling delphi to calculate conformer (187/623) ASP01A0147_001 in /tmp/pbe_data.data.home.granepura.5-Kinases.Kinases_MCCE.Trial03.run_apo.4LMN_ASP01A0147_001
ForkPoolWorker-4: Calling delphi to calculate conformer (188/623) ASP01A0147_002 in /tmp/pbe_data.data.home.granepura.5-Kinases.Kinases_MCCE.Trial03.run_apo.4LMN_ASP01A0147_002
ForkPoolWorker-3: Calling delphi to calculate conformer (189/623) ASP02A0147_003 in /tmp/pbe_data.data.home.granepura.5-Kinases.Kinases_MCCE.Trial03.run_apo.4LMN_ASP02A0147_003
ForkPoolWorker-2: Calling delphi to calculate conformer (191/623) ASP-1A0147_005 in /tmp/pbe_data.data.home.granepura.5-Kinases.Kinases_MCCE.Trial03.run_apo.4LMN_ASP-1A0147_005
ForkPoolWorker-5: Calling delphi to calculate conformer (192/623) SER01A0150_001 in /tmp/pbe_data.data.home.granepura.5-Kinases.Kinases_MCCE.Trial03.run_apo.4LMN_SER01A0150_001
ForkPoolWorker-1: Calling delphi to calculate conformer (190/623) ASP02A0147_004 in /tmp/pbe_data.data.home.granepura.5-Kinases.Kinases_MCCE.Trial03.run_apo.4LMN_ASP02A0147_004
Skipping PBE solver for non-charge conformer (193/623) LEU01A0151_001...
ForkPoolWorker-4: Calling delphi to calculate conformer (194/623) ASP01A0152_001 in /tmp/pbe_data.data.home.granepura.5-Kinases.Kinases_MCCE.Trial03.run_apo.4LMN_ASP01A0152_001
ForkPoolWorker-3: Calling delphi to calculate conformer (195/623) ASP01A0152_002 in /tmp/pbe_data.data.home.granepura.5-Kinases.Kinases_MCCE.Trial03.run_apo.4LMN_ASP01A0152_002
ForkPoolWorker-1: Calling delphi to calculate conformer (197/623) ASP02A0152_004 in /tmp/pbe_data.data.home.granepura.5-Kinases.Kinases_MCCE.Trial03.run_apo.4LMN_ASP02A0152_004
ForkPoolWorker-2: Calling delphi to calculate conformer (196/623) ASP02A0152_003 in /tmp/pbe_data.data.home.granepura.5-Kinases.Kinases_MCCE.Trial03.run_apo.4LMN_ASP02A0152_003
ForkPoolWorker-5: Calling delphi to calculate conformer (198/623) ASP-1A0152_005 in /tmp/pbe_data.data.home.granepura.5-Kinases.Kinases_MCCE.Trial03.run_apo.4LMN_ASP-1A0152_005
ForkPoolWorker-4: Calling delphi to calculate conformer (199/623) GLN01A0153_001 in /tmp/pbe_data.data.home.granepura.5-Kinases.Kinases_MCCE.Trial03.run_apo.4LMN_GLN01A0153_001
ForkPoolWorker-3: Calling delphi to calculate conformer (200/623) GLN01A0153_002 in /tmp/pbe_data.data.home.granepura.5-Kinases.Kinases_MCCE.Trial03.run_apo.4LMN_GLN01A0153_002
Skipping PBE solver for non-charge conformer (201/623) VAL01A0154_001...
Skipping PBE solver for non-charge conformer (202/623) LEU01A0155_001...
ForkPoolWorker-2: Calling delphi to calculate conformer (203/623) LYS01A0156_001 in /tmp/pbe_data.data.home.granepura.5-Kinases.Kinases_MCCE.Trial03.run_apo.4LMN_LYS01A0156_001
ForkPoolWorker-5: Calling delphi to calculate conformer (204/623) LYS+1A0156_002 in /tmp/pbe_data.data.home.granepura.5-Kinases.Kinases_MCCE.Trial03.run_apo.4LMN_LYS+1A0156_002
ForkPoolWorker-1: Calling delphi to calculate conformer (205/623) LYS01A0157_001 in /tmp/pbe_data.data.home.granepura.5-Kinases.Kinases_MCCE.Trial03.run_apo.4LMN_LYS01A0157_001
ForkPoolWorker-4: Calling delphi to calculate conformer (206/623) LYS+1A0157_002 in /tmp/pbe_data.data.home.granepura.5-Kinases.Kinases_MCCE.Trial03.run_apo.4LMN_LYS+1A0157_002
Skipping PBE solver for non-charge conformer (207/623) ALA01A0158_001...
ForkPoolWorker-3: Calling delphi to calculate conformer (208/623) ARG01A0160_001 in /tmp/pbe_data.data.home.granepura.5-Kinases.Kinases_MCCE.Trial03.run_apo.4LMN_ARG01A0160_001
ForkPoolWorker-1: Calling delphi to calculate conformer (210/623) ARG03A0160_003 in /tmp/pbe_data.data.home.granepura.5-Kinases.Kinases_MCCE.Trial03.run_apo.4LMN_ARG03A0160_003
ForkPoolWorker-5: Calling delphi to calculate conformer (211/623) ARG+1A0160_004 in /tmp/pbe_data.data.home.granepura.5-Kinases.Kinases_MCCE.Trial03.run_apo.4LMN_ARG+1A0160_004
ForkPoolWorker-2: Calling delphi to calculate conformer (209/623) ARG02A0160_002 in /tmp/pbe_data.data.home.granepura.5-Kinases.Kinases_MCCE.Trial03.run_apo.4LMN_ARG02A0160_002
Skipping PBE solver for non-charge conformer (212/623) ILE01A0161_001...
Skipping PBE solver for non-charge conformer (213/623) PRO01A0162_001...
ForkPoolWorker-4: Calling delphi to calculate conformer (214/623) GLU01A0163_001 in /tmp/pbe_data.data.home.granepura.5-Kinases.Kinases_MCCE.Trial03.run_apo.4LMN_GLU01A0163_001
ForkPoolWorker-3: Calling delphi to calculate conformer (215/623) GLU01A0163_002 in /tmp/pbe_data.data.home.granepura.5-Kinases.Kinases_MCCE.Trial03.run_apo.4LMN_GLU01A0163_002
ForkPoolWorker-1: Calling delphi to calculate conformer (216/623) GLU01A0163_003 in /tmp/pbe_data.data.home.granepura.5-Kinases.Kinases_MCCE.Trial03.run_apo.4LMN_GLU01A0163_003
ForkPoolWorker-2: Calling delphi to calculate conformer (217/623) GLU01A0163_004 in /tmp/pbe_data.data.home.granepura.5-Kinases.Kinases_MCCE.Trial03.run_apo.4LMN_GLU01A0163_004
ForkPoolWorker-5: Calling delphi to calculate conformer (218/623) GLU02A0163_005 in /tmp/pbe_data.data.home.granepura.5-Kinases.Kinases_MCCE.Trial03.run_apo.4LMN_GLU02A0163_005
ForkPoolWorker-4: Calling delphi to calculate conformer (219/623) GLU02A0163_006 in /tmp/pbe_data.data.home.granepura.5-Kinases.Kinases_MCCE.Trial03.run_apo.4LMN_GLU02A0163_006
ForkPoolWorker-3: Calling delphi to calculate conformer (220/623) GLU02A0163_007 in /tmp/pbe_data.data.home.granepura.5-Kinases.Kinases_MCCE.Trial03.run_apo.4LMN_GLU02A0163_007
ForkPoolWorker-2: Calling delphi to calculate conformer (221/623) GLU02A0163_008 in /tmp/pbe_data.data.home.granepura.5-Kinases.Kinases_MCCE.Trial03.run_apo.4LMN_GLU02A0163_008
ForkPoolWorker-5: Calling delphi to calculate conformer (223/623) GLU-1A0163_010 in /tmp/pbe_data.data.home.granepura.5-Kinases.Kinases_MCCE.Trial03.run_apo.4LMN_GLU-1A0163_010
ForkPoolWorker-1: Calling delphi to calculate conformer (222/623) GLU-1A0163_009 in /tmp/pbe_data.data.home.granepura.5-Kinases.Kinases_MCCE.Trial03.run_apo.4LMN_GLU-1A0163_009
ForkPoolWorker-4: Calling delphi to calculate conformer (224/623) GLN01A0164_001 in /tmp/pbe_data.data.home.granepura.5-Kinases.Kinases_MCCE.Trial03.run_apo.4LMN_GLN01A0164_001
ForkPoolWorker-3: Calling delphi to calculate conformer (225/623) GLN01A0164_002 in /tmp/pbe_data.data.home.granepura.5-Kinases.Kinases_MCCE.Trial03.run_apo.4LMN_GLN01A0164_002
Skipping PBE solver for non-charge conformer (227/623) LEU01A0166_001...
ForkPoolWorker-1: Calling delphi to calculate conformer (228/623) LYS01A0168_001 in /tmp/pbe_data.data.home.granepura.5-Kinases.Kinases_MCCE.Trial03.run_apo.4LMN_LYS01A0168_001
ForkPoolWorker-2: Calling delphi to calculate conformer (229/623) LYS+1A0168_002 in /tmp/pbe_data.data.home.granepura.5-Kinases.Kinases_MCCE.Trial03.run_apo.4LMN_LYS+1A0168_002
Skipping PBE solver for non-charge conformer (226/623) ILE01A0165_001...
Skipping PBE solver for non-charge conformer (230/623) VAL01A0169_001...
ForkPoolWorker-5: Calling delphi to calculate conformer (231/623) SER01A0170_001 in /tmp/pbe_data.data.home.granepura.5-Kinases.Kinases_MCCE.Trial03.run_apo.4LMN_SER01A0170_001
ForkPoolWorker-4: Calling delphi to calculate conformer (232/623) SER01A0170_002 in /tmp/pbe_data.data.home.granepura.5-Kinases.Kinases_MCCE.Trial03.run_apo.4LMN_SER01A0170_002
Skipping PBE solver for non-charge conformer (233/623) ILE01A0171_001...
Skipping PBE solver for non-charge conformer (234/623) ALA01A0172_001...
Skipping PBE solver for non-charge conformer (235/623) VAL01A0173_001...
Skipping PBE solver for non-charge conformer (236/623) ILE01A0174_001...
ForkPoolWorker-3: Calling delphi to calculate conformer (237/623) LYS01A0175_001 in /tmp/pbe_data.data.home.granepura.5-Kinases.Kinases_MCCE.Trial03.run_apo.4LMN_LYS01A0175_001
ForkPoolWorker-1: Calling delphi to calculate conformer (238/623) LYS+1A0175_002 in /tmp/pbe_data.data.home.granepura.5-Kinases.Kinases_MCCE.Trial03.run_apo.4LMN_LYS+1A0175_002
Skipping PBE solver for non-charge conformer (239/623) LEU01A0177_001...
ForkPoolWorker-2: Calling delphi to calculate conformer (240/623) THR01A0178_001 in /tmp/pbe_data.data.home.granepura.5-Kinases.Kinases_MCCE.Trial03.run_apo.4LMN_THR01A0178_001
ForkPoolWorker-5: Calling delphi to calculate conformer (241/623) THR01A0178_002 in /tmp/pbe_data.data.home.granepura.5-Kinases.Kinases_MCCE.Trial03.run_apo.4LMN_THR01A0178_002
ForkPoolWorker-4: Calling delphi to calculate conformer (242/623) TYR01A0179_001 in /tmp/pbe_data.data.home.granepura.5-Kinases.Kinases_MCCE.Trial03.run_apo.4LMN_TYR01A0179_001
ForkPoolWorker-3: Calling delphi to calculate conformer (243/623) TYR01A0179_002 in /tmp/pbe_data.data.home.granepura.5-Kinases.Kinases_MCCE.Trial03.run_apo.4LMN_TYR01A0179_002
ForkPoolWorker-1: Calling delphi to calculate conformer (244/623) TYR-1A0179_003 in /tmp/pbe_data.data.home.granepura.5-Kinases.Kinases_MCCE.Trial03.run_apo.4LMN_TYR-1A0179_003
Skipping PBE solver for non-charge conformer (245/623) LEU01A0180_001...
ForkPoolWorker-2: Calling delphi to calculate conformer (246/623) ARG01A0181_001 in /tmp/pbe_data.data.home.granepura.5-Kinases.Kinases_MCCE.Trial03.run_apo.4LMN_ARG01A0181_001
ForkPoolWorker-4: Calling delphi to calculate conformer (247/623) ARG02A0181_002 in /tmp/pbe_data.data.home.granepura.5-Kinases.Kinases_MCCE.Trial03.run_apo.4LMN_ARG02A0181_002
ForkPoolWorker-5: Calling delphi to calculate conformer (248/623) ARG03A0181_003 in /tmp/pbe_data.data.home.granepura.5-Kinases.Kinases_MCCE.Trial03.run_apo.4LMN_ARG03A0181_003
ForkPoolWorker-3: Calling delphi to calculate conformer (249/623) ARG+1A0181_004 in /tmp/pbe_data.data.home.granepura.5-Kinases.Kinases_MCCE.Trial03.run_apo.4LMN_ARG+1A0181_004
ForkPoolWorker-1: Calling delphi to calculate conformer (250/623) GLU01A0182_001 in /tmp/pbe_data.data.home.granepura.5-Kinases.Kinases_MCCE.Trial03.run_apo.4LMN_GLU01A0182_001
ForkPoolWorker-2: Calling delphi to calculate conformer (251/623) GLU01A0182_002 in /tmp/pbe_data.data.home.granepura.5-Kinases.Kinases_MCCE.Trial03.run_apo.4LMN_GLU01A0182_002
ForkPoolWorker-4: Calling delphi to calculate conformer (252/623) GLU02A0182_003 in /tmp/pbe_data.data.home.granepura.5-Kinases.Kinases_MCCE.Trial03.run_apo.4LMN_GLU02A0182_003
ForkPoolWorker-5: Calling delphi to calculate conformer (253/623) GLU02A0182_004 in /tmp/pbe_data.data.home.granepura.5-Kinases.Kinases_MCCE.Trial03.run_apo.4LMN_GLU02A0182_004
ForkPoolWorker-3: Calling delphi to calculate conformer (254/623) GLU-1A0182_005 in /tmp/pbe_data.data.home.granepura.5-Kinases.Kinases_MCCE.Trial03.run_apo.4LMN_GLU-1A0182_005
ForkPoolWorker-1: Calling delphi to calculate conformer (255/623) LYS01A0183_001 in /tmp/pbe_data.data.home.granepura.5-Kinases.Kinases_MCCE.Trial03.run_apo.4LMN_LYS01A0183_001
ForkPoolWorker-2: Calling delphi to calculate conformer (256/623) LYS+1A0183_002 in /tmp/pbe_data.data.home.granepura.5-Kinases.Kinases_MCCE.Trial03.run_apo.4LMN_LYS+1A0183_002
ForkPoolWorker-4: Calling delphi to calculate conformer (257/623) HIS01A0184_001 in /tmp/pbe_data.data.home.granepura.5-Kinases.Kinases_MCCE.Trial03.run_apo.4LMN_HIS01A0184_001
ForkPoolWorker-5: Calling delphi to calculate conformer (258/623) HIS02A0184_002 in /tmp/pbe_data.data.home.granepura.5-Kinases.Kinases_MCCE.Trial03.run_apo.4LMN_HIS02A0184_002
ForkPoolWorker-3: Calling delphi to calculate conformer (259/623) HIS+1A0184_003 in /tmp/pbe_data.data.home.granepura.5-Kinases.Kinases_MCCE.Trial03.run_apo.4LMN_HIS+1A0184_003
ForkPoolWorker-1: Calling delphi to calculate conformer (260/623) LYS01A0185_001 in /tmp/pbe_data.data.home.granepura.5-Kinases.Kinases_MCCE.Trial03.run_apo.4LMN_LYS01A0185_001
Skipping PBE solver for non-charge conformer (262/623) ILE01A0186_001...
ForkPoolWorker-4: Calling delphi to calculate conformer (261/623) LYS+1A0185_002 in /tmp/pbe_data.data.home.granepura.5-Kinases.Kinases_MCCE.Trial03.run_apo.4LMN_LYS+1A0185_002
ForkPoolWorker-2: Calling delphi to calculate conformer (263/623) MET01A0187_001 in /tmp/pbe_data.data.home.granepura.5-Kinases.Kinases_MCCE.Trial03.run_apo.4LMN_MET01A0187_001
ForkPoolWorker-5: Calling delphi to calculate conformer (264/623) HIS01A0188_001 in /tmp/pbe_data.data.home.granepura.5-Kinases.Kinases_MCCE.Trial03.run_apo.4LMN_HIS01A0188_001
ForkPoolWorker-3: Calling delphi to calculate conformer (265/623) HIS01A0188_002 in /tmp/pbe_data.data.home.granepura.5-Kinases.Kinases_MCCE.Trial03.run_apo.4LMN_HIS01A0188_002
ForkPoolWorker-1: Calling delphi to calculate conformer (266/623) HIS02A0188_003 in /tmp/pbe_data.data.home.granepura.5-Kinases.Kinases_MCCE.Trial03.run_apo.4LMN_HIS02A0188_003
ForkPoolWorker-2: Calling delphi to calculate conformer (267/623) HIS02A0188_004 in /tmp/pbe_data.data.home.granepura.5-Kinases.Kinases_MCCE.Trial03.run_apo.4LMN_HIS02A0188_004
ForkPoolWorker-4: Calling delphi to calculate conformer (268/623) HIS+1A0188_005 in /tmp/pbe_data.data.home.granepura.5-Kinases.Kinases_MCCE.Trial03.run_apo.4LMN_HIS+1A0188_005
ForkPoolWorker-5: Calling delphi to calculate conformer (269/623) HIS+1A0188_006 in /tmp/pbe_data.data.home.granepura.5-Kinases.Kinases_MCCE.Trial03.run_apo.4LMN_HIS+1A0188_006
ForkPoolWorker-3: Calling delphi to calculate conformer (270/623) ARG01A0189_001 in /tmp/pbe_data.data.home.granepura.5-Kinases.Kinases_MCCE.Trial03.run_apo.4LMN_ARG01A0189_001
ForkPoolWorker-1: Calling delphi to calculate conformer (271/623) ARG02A0189_002 in /tmp/pbe_data.data.home.granepura.5-Kinases.Kinases_MCCE.Trial03.run_apo.4LMN_ARG02A0189_002
ForkPoolWorker-2: Calling delphi to calculate conformer (272/623) ARG03A0189_003 in /tmp/pbe_data.data.home.granepura.5-Kinases.Kinases_MCCE.Trial03.run_apo.4LMN_ARG03A0189_003
ForkPoolWorker-4: Calling delphi to calculate conformer (273/623) ARG03A0189_004 in /tmp/pbe_data.data.home.granepura.5-Kinases.Kinases_MCCE.Trial03.run_apo.4LMN_ARG03A0189_004
ForkPoolWorker-5: Calling delphi to calculate conformer (274/623) ARG+1A0189_005 in /tmp/pbe_data.data.home.granepura.5-Kinases.Kinases_MCCE.Trial03.run_apo.4LMN_ARG+1A0189_005
ForkPoolWorker-3: Calling delphi to calculate conformer (275/623) ASP01A0190_001 in /tmp/pbe_data.data.home.granepura.5-Kinases.Kinases_MCCE.Trial03.run_apo.4LMN_ASP01A0190_001
ForkPoolWorker-1: Calling delphi to calculate conformer (276/623) ASP01A0190_002 in /tmp/pbe_data.data.home.granepura.5-Kinases.Kinases_MCCE.Trial03.run_apo.4LMN_ASP01A0190_002
ForkPoolWorker-4: Calling delphi to calculate conformer (277/623) ASP02A0190_003 in /tmp/pbe_data.data.home.granepura.5-Kinases.Kinases_MCCE.Trial03.run_apo.4LMN_ASP02A0190_003
ForkPoolWorker-2: Calling delphi to calculate conformer (278/623) ASP02A0190_004 in /tmp/pbe_data.data.home.granepura.5-Kinases.Kinases_MCCE.Trial03.run_apo.4LMN_ASP02A0190_004
ForkPoolWorker-5: Calling delphi to calculate conformer (279/623) ASP-1A0190_005 in /tmp/pbe_data.data.home.granepura.5-Kinases.Kinases_MCCE.Trial03.run_apo.4LMN_ASP-1A0190_005
Skipping PBE solver for non-charge conformer (280/623) VAL01A0191_001...
ForkPoolWorker-3: Calling delphi to calculate conformer (281/623) LYS01A0192_001 in /tmp/pbe_data.data.home.granepura.5-Kinases.Kinases_MCCE.Trial03.run_apo.4LMN_LYS01A0192_001
ForkPoolWorker-1: Calling delphi to calculate conformer (282/623) LYS+1A0192_002 in /tmp/pbe_data.data.home.granepura.5-Kinases.Kinases_MCCE.Trial03.run_apo.4LMN_LYS+1A0192_002
Skipping PBE solver for non-charge conformer (283/623) PRO01A0193_001...
ForkPoolWorker-4: Calling delphi to calculate conformer (284/623) SER01A0194_001 in /tmp/pbe_data.data.home.granepura.5-Kinases.Kinases_MCCE.Trial03.run_apo.4LMN_SER01A0194_001
ForkPoolWorker-5: Calling delphi to calculate conformer (285/623) SER01A0194_002 in /tmp/pbe_data.data.home.granepura.5-Kinases.Kinases_MCCE.Trial03.run_apo.4LMN_SER01A0194_002
ForkPoolWorker-2: Calling delphi to calculate conformer (286/623) SER01A0194_003 in /tmp/pbe_data.data.home.granepura.5-Kinases.Kinases_MCCE.Trial03.run_apo.4LMN_SER01A0194_003
ForkPoolWorker-3: Calling delphi to calculate conformer (287/623) ASN01A0195_001 in /tmp/pbe_data.data.home.granepura.5-Kinases.Kinases_MCCE.Trial03.run_apo.4LMN_ASN01A0195_001
ForkPoolWorker-1: Calling delphi to calculate conformer (288/623) ASN01A0195_002 in /tmp/pbe_data.data.home.granepura.5-Kinases.Kinases_MCCE.Trial03.run_apo.4LMN_ASN01A0195_002
Skipping PBE solver for non-charge conformer (289/623) ILE01A0196_001...
Skipping PBE solver for non-charge conformer (290/623) LEU01A0197_001...
Skipping PBE solver for non-charge conformer (291/623) VAL01A0198_001...
ForkPoolWorker-4: Calling delphi to calculate conformer (292/623) ASN01A0199_001 in /tmp/pbe_data.data.home.granepura.5-Kinases.Kinases_MCCE.Trial03.run_apo.4LMN_ASN01A0199_001
ForkPoolWorker-2: Calling delphi to calculate conformer (293/623) ASN01A0199_002 in /tmp/pbe_data.data.home.granepura.5-Kinases.Kinases_MCCE.Trial03.run_apo.4LMN_ASN01A0199_002
ForkPoolWorker-5: Calling delphi to calculate conformer (294/623) SER01A0200_001 in /tmp/pbe_data.data.home.granepura.5-Kinases.Kinases_MCCE.Trial03.run_apo.4LMN_SER01A0200_001
ForkPoolWorker-3: Calling delphi to calculate conformer (295/623) SER01A0200_002 in /tmp/pbe_data.data.home.granepura.5-Kinases.Kinases_MCCE.Trial03.run_apo.4LMN_SER01A0200_002
ForkPoolWorker-1: Calling delphi to calculate conformer (296/623) SER01A0200_003 in /tmp/pbe_data.data.home.granepura.5-Kinases.Kinases_MCCE.Trial03.run_apo.4LMN_SER01A0200_003
ForkPoolWorker-4: Calling delphi to calculate conformer (297/623) ARG01A0201_001 in /tmp/pbe_data.data.home.granepura.5-Kinases.Kinases_MCCE.Trial03.run_apo.4LMN_ARG01A0201_001
ForkPoolWorker-2: Calling delphi to calculate conformer (298/623) ARG02A0201_002 in /tmp/pbe_data.data.home.granepura.5-Kinases.Kinases_MCCE.Trial03.run_apo.4LMN_ARG02A0201_002
ForkPoolWorker-5: Calling delphi to calculate conformer (299/623) ARG03A0201_003 in /tmp/pbe_data.data.home.granepura.5-Kinases.Kinases_MCCE.Trial03.run_apo.4LMN_ARG03A0201_003
ForkPoolWorker-3: Calling delphi to calculate conformer (300/623) ARG+1A0201_004 in /tmp/pbe_data.data.home.granepura.5-Kinases.Kinases_MCCE.Trial03.run_apo.4LMN_ARG+1A0201_004
ForkPoolWorker-1: Calling delphi to calculate conformer (301/623) GLU01A0203_001 in /tmp/pbe_data.data.home.granepura.5-Kinases.Kinases_MCCE.Trial03.run_apo.4LMN_GLU01A0203_001
ForkPoolWorker-4: Calling delphi to calculate conformer (302/623) GLU01A0203_002 in /tmp/pbe_data.data.home.granepura.5-Kinases.Kinases_MCCE.Trial03.run_apo.4LMN_GLU01A0203_002
ForkPoolWorker-5: Calling delphi to calculate conformer (303/623) GLU02A0203_003 in /tmp/pbe_data.data.home.granepura.5-Kinases.Kinases_MCCE.Trial03.run_apo.4LMN_GLU02A0203_003
ForkPoolWorker-2: Calling delphi to calculate conformer (304/623) GLU02A0203_004 in /tmp/pbe_data.data.home.granepura.5-Kinases.Kinases_MCCE.Trial03.run_apo.4LMN_GLU02A0203_004
ForkPoolWorker-3: Calling delphi to calculate conformer (305/623) GLU-1A0203_005 in /tmp/pbe_data.data.home.granepura.5-Kinases.Kinases_MCCE.Trial03.run_apo.4LMN_GLU-1A0203_005
Skipping PBE solver for non-charge conformer (306/623) ILE01A0204_001...
ForkPoolWorker-1: Calling delphi to calculate conformer (307/623) LYS01A0205_001 in /tmp/pbe_data.data.home.granepura.5-Kinases.Kinases_MCCE.Trial03.run_apo.4LMN_LYS01A0205_001
ForkPoolWorker-4: Calling delphi to calculate conformer (308/623) LYS+1A0205_002 in /tmp/pbe_data.data.home.granepura.5-Kinases.Kinases_MCCE.Trial03.run_apo.4LMN_LYS+1A0205_002
ForkPoolWorker-2: Calling delphi to calculate conformer (310/623) CYS01A0207_001 in /tmp/pbe_data.data.home.granepura.5-Kinases.Kinases_MCCE.Trial03.run_apo.4LMN_CYS01A0207_001
Skipping PBE solver for non-charge conformer (309/623) LEU01A0206_001...
ForkPoolWorker-5: Calling delphi to calculate conformer (311/623) CYS01A0207_002 in /tmp/pbe_data.data.home.granepura.5-Kinases.Kinases_MCCE.Trial03.run_apo.4LMN_CYS01A0207_002
ForkPoolWorker-3: Calling delphi to calculate conformer (312/623) CYS01A0207_003 in /tmp/pbe_data.data.home.granepura.5-Kinases.Kinases_MCCE.Trial03.run_apo.4LMN_CYS01A0207_003
ForkPoolWorker-1: Calling delphi to calculate conformer (313/623) CYS-1A0207_004 in /tmp/pbe_data.data.home.granepura.5-Kinases.Kinases_MCCE.Trial03.run_apo.4LMN_CYS-1A0207_004
ForkPoolWorker-4: Calling delphi to calculate conformer (314/623) ASP01A0208_001 in /tmp/pbe_data.data.home.granepura.5-Kinases.Kinases_MCCE.Trial03.run_apo.4LMN_ASP01A0208_001
ForkPoolWorker-5: Calling delphi to calculate conformer (315/623) ASP01A0208_002 in /tmp/pbe_data.data.home.granepura.5-Kinases.Kinases_MCCE.Trial03.run_apo.4LMN_ASP01A0208_002
ForkPoolWorker-2: Calling delphi to calculate conformer (316/623) ASP02A0208_003 in /tmp/pbe_data.data.home.granepura.5-Kinases.Kinases_MCCE.Trial03.run_apo.4LMN_ASP02A0208_003
ForkPoolWorker-3: Calling delphi to calculate conformer (317/623) ASP02A0208_004 in /tmp/pbe_data.data.home.granepura.5-Kinases.Kinases_MCCE.Trial03.run_apo.4LMN_ASP02A0208_004
ForkPoolWorker-1: Calling delphi to calculate conformer (318/623) ASP-1A0208_005 in /tmp/pbe_data.data.home.granepura.5-Kinases.Kinases_MCCE.Trial03.run_apo.4LMN_ASP-1A0208_005
Skipping PBE solver for non-charge conformer (319/623) PHE01A0209_001...
Skipping PBE solver for non-charge conformer (320/623) VAL01A0211_001...
ForkPoolWorker-4: Calling delphi to calculate conformer (321/623) SER01A0212_001 in /tmp/pbe_data.data.home.granepura.5-Kinases.Kinases_MCCE.Trial03.run_apo.4LMN_SER01A0212_001
ForkPoolWorker-2: Calling delphi to calculate conformer (322/623) SER01A0212_002 in /tmp/pbe_data.data.home.granepura.5-Kinases.Kinases_MCCE.Trial03.run_apo.4LMN_SER01A0212_002
ForkPoolWorker-5: Calling delphi to calculate conformer (323/623) SER01A0212_003 in /tmp/pbe_data.data.home.granepura.5-Kinases.Kinases_MCCE.Trial03.run_apo.4LMN_SER01A0212_003
ForkPoolWorker-3: Calling delphi to calculate conformer (324/623) SER01A0212_004 in /tmp/pbe_data.data.home.granepura.5-Kinases.Kinases_MCCE.Trial03.run_apo.4LMN_SER01A0212_004
ForkPoolWorker-1: Calling delphi to calculate conformer (325/623) SER01A0212_005 in /tmp/pbe_data.data.home.granepura.5-Kinases.Kinases_MCCE.Trial03.run_apo.4LMN_SER01A0212_005
ForkPoolWorker-4: Calling delphi to calculate conformer (326/623) GLN01A0214_001 in /tmp/pbe_data.data.home.granepura.5-Kinases.Kinases_MCCE.Trial03.run_apo.4LMN_GLN01A0214_001
ForkPoolWorker-2: Calling delphi to calculate conformer (327/623) GLN01A0214_002 in /tmp/pbe_data.data.home.granepura.5-Kinases.Kinases_MCCE.Trial03.run_apo.4LMN_GLN01A0214_002
Skipping PBE solver for non-charge conformer (328/623) LEU01A0215_001...
Skipping PBE solver for non-charge conformer (329/623) ILE01A0216_001...
ForkPoolWorker-5: Calling delphi to calculate conformer (330/623) ASP01A0217_001 in /tmp/pbe_data.data.home.granepura.5-Kinases.Kinases_MCCE.Trial03.run_apo.4LMN_ASP01A0217_001
ForkPoolWorker-3: Calling delphi to calculate conformer (331/623) ASP01A0217_002 in /tmp/pbe_data.data.home.granepura.5-Kinases.Kinases_MCCE.Trial03.run_apo.4LMN_ASP01A0217_002
ForkPoolWorker-1: Calling delphi to calculate conformer (332/623) ASP02A0217_003 in /tmp/pbe_data.data.home.granepura.5-Kinases.Kinases_MCCE.Trial03.run_apo.4LMN_ASP02A0217_003
ForkPoolWorker-4: Calling delphi to calculate conformer (333/623) ASP02A0217_004 in /tmp/pbe_data.data.home.granepura.5-Kinases.Kinases_MCCE.Trial03.run_apo.4LMN_ASP02A0217_004
ForkPoolWorker-2: Calling delphi to calculate conformer (334/623) ASP-1A0217_005 in /tmp/pbe_data.data.home.granepura.5-Kinases.Kinases_MCCE.Trial03.run_apo.4LMN_ASP-1A0217_005
ForkPoolWorker-5: Calling delphi to calculate conformer (335/623) SER01A0218_001 in /tmp/pbe_data.data.home.granepura.5-Kinases.Kinases_MCCE.Trial03.run_apo.4LMN_SER01A0218_001
ForkPoolWorker-3: Calling delphi to calculate conformer (336/623) SER01A0218_002 in /tmp/pbe_data.data.home.granepura.5-Kinases.Kinases_MCCE.Trial03.run_apo.4LMN_SER01A0218_002
ForkPoolWorker-1: Calling delphi to calculate conformer (337/623) MET01A0219_001 in /tmp/pbe_data.data.home.granepura.5-Kinases.Kinases_MCCE.Trial03.run_apo.4LMN_MET01A0219_001
Skipping PBE solver for non-charge conformer (338/623) ALA01A0220_001...
ForkPoolWorker-2: Calling delphi to calculate conformer (339/623) ASN01A0221_001 in /tmp/pbe_data.data.home.granepura.5-Kinases.Kinases_MCCE.Trial03.run_apo.4LMN_ASN01A0221_001
ForkPoolWorker-4: Calling delphi to calculate conformer (340/623) ASN01A0221_002 in /tmp/pbe_data.data.home.granepura.5-Kinases.Kinases_MCCE.Trial03.run_apo.4LMN_ASN01A0221_002
ForkPoolWorker-5: Calling delphi to calculate conformer (341/623) SER01A0222_001 in /tmp/pbe_data.data.home.granepura.5-Kinases.Kinases_MCCE.Trial03.run_apo.4LMN_SER01A0222_001
ForkPoolWorker-3: Calling delphi to calculate conformer (342/623) SER01A0222_002 in /tmp/pbe_data.data.home.granepura.5-Kinases.Kinases_MCCE.Trial03.run_apo.4LMN_SER01A0222_002
Skipping PBE solver for non-charge conformer (343/623) PHE01A0223_001...
Skipping PBE solver for non-charge conformer (344/623) VAL01A0224_001...
ForkPoolWorker-1: Calling delphi to calculate conformer (345/623) THR01A0226_001 in /tmp/pbe_data.data.home.granepura.5-Kinases.Kinases_MCCE.Trial03.run_apo.4LMN_THR01A0226_001
ForkPoolWorker-2: Calling delphi to calculate conformer (346/623) ARG01A0227_001 in /tmp/pbe_data.data.home.granepura.5-Kinases.Kinases_MCCE.Trial03.run_apo.4LMN_ARG01A0227_001
ForkPoolWorker-4: Calling delphi to calculate conformer (347/623) ARG02A0227_002 in /tmp/pbe_data.data.home.granepura.5-Kinases.Kinases_MCCE.Trial03.run_apo.4LMN_ARG02A0227_002
ForkPoolWorker-5: Calling delphi to calculate conformer (348/623) ARG02A0227_003 in /tmp/pbe_data.data.home.granepura.5-Kinases.Kinases_MCCE.Trial03.run_apo.4LMN_ARG02A0227_003
ForkPoolWorker-3: Calling delphi to calculate conformer (349/623) ARG03A0227_004 in /tmp/pbe_data.data.home.granepura.5-Kinases.Kinases_MCCE.Trial03.run_apo.4LMN_ARG03A0227_004
ForkPoolWorker-1: Calling delphi to calculate conformer (350/623) ARG03A0227_005 in /tmp/pbe_data.data.home.granepura.5-Kinases.Kinases_MCCE.Trial03.run_apo.4LMN_ARG03A0227_005
ForkPoolWorker-2: Calling delphi to calculate conformer (351/623) ARG+1A0227_006 in /tmp/pbe_data.data.home.granepura.5-Kinases.Kinases_MCCE.Trial03.run_apo.4LMN_ARG+1A0227_006
ForkPoolWorker-4: Calling delphi to calculate conformer (352/623) SER01A0228_001 in /tmp/pbe_data.data.home.granepura.5-Kinases.Kinases_MCCE.Trial03.run_apo.4LMN_SER01A0228_001
ForkPoolWorker-5: Calling delphi to calculate conformer (353/623) SER01A0228_002 in /tmp/pbe_data.data.home.granepura.5-Kinases.Kinases_MCCE.Trial03.run_apo.4LMN_SER01A0228_002
ForkPoolWorker-3: Calling delphi to calculate conformer (354/623) TYR01A0229_001 in /tmp/pbe_data.data.home.granepura.5-Kinases.Kinases_MCCE.Trial03.run_apo.4LMN_TYR01A0229_001
ForkPoolWorker-1: Calling delphi to calculate conformer (355/623) TYR01A0229_002 in /tmp/pbe_data.data.home.granepura.5-Kinases.Kinases_MCCE.Trial03.run_apo.4LMN_TYR01A0229_002
ForkPoolWorker-2: Calling delphi to calculate conformer (356/623) TYR-1A0229_003 in /tmp/pbe_data.data.home.granepura.5-Kinases.Kinases_MCCE.Trial03.run_apo.4LMN_TYR-1A0229_003
ForkPoolWorker-4: Calling delphi to calculate conformer (357/623) MET01A0230_001 in /tmp/pbe_data.data.home.granepura.5-Kinases.Kinases_MCCE.Trial03.run_apo.4LMN_MET01A0230_001
ForkPoolWorker-5: Calling delphi to calculate conformer (358/623) SER01A0231_001 in /tmp/pbe_data.data.home.granepura.5-Kinases.Kinases_MCCE.Trial03.run_apo.4LMN_SER01A0231_001
ForkPoolWorker-3: Calling delphi to calculate conformer (359/623) SER01A0231_002 in /tmp/pbe_data.data.home.granepura.5-Kinases.Kinases_MCCE.Trial03.run_apo.4LMN_SER01A0231_002
ForkPoolWorker-1: Calling delphi to calculate conformer (360/623) SER01A0231_003 in /tmp/pbe_data.data.home.granepura.5-Kinases.Kinases_MCCE.Trial03.run_apo.4LMN_SER01A0231_003
ForkPoolWorker-4: Calling delphi to calculate conformer (361/623) SER01A0231_004 in /tmp/pbe_data.data.home.granepura.5-Kinases.Kinases_MCCE.Trial03.run_apo.4LMN_SER01A0231_004
ForkPoolWorker-2: Calling delphi to calculate conformer (362/623) SER01A0231_005 in /tmp/pbe_data.data.home.granepura.5-Kinases.Kinases_MCCE.Trial03.run_apo.4LMN_SER01A0231_005
ForkPoolWorker-5: Calling delphi to calculate conformer (363/623) SER01A0231_006 in /tmp/pbe_data.data.home.granepura.5-Kinases.Kinases_MCCE.Trial03.run_apo.4LMN_SER01A0231_006
ForkPoolWorker-3: Calling delphi to calculate conformer (364/623) SER01A0231_007 in /tmp/pbe_data.data.home.granepura.5-Kinases.Kinases_MCCE.Trial03.run_apo.4LMN_SER01A0231_007
ForkPoolWorker-1: Calling delphi to calculate conformer (365/623) SER01A0231_008 in /tmp/pbe_data.data.home.granepura.5-Kinases.Kinases_MCCE.Trial03.run_apo.4LMN_SER01A0231_008
Skipping PBE solver for non-charge conformer (366/623) PRO01A0232_001...
ForkPoolWorker-4: Calling delphi to calculate conformer (367/623) GLU01A0233_001 in /tmp/pbe_data.data.home.granepura.5-Kinases.Kinases_MCCE.Trial03.run_apo.4LMN_GLU01A0233_001
ForkPoolWorker-2: Calling delphi to calculate conformer (368/623) GLU01A0233_002 in /tmp/pbe_data.data.home.granepura.5-Kinases.Kinases_MCCE.Trial03.run_apo.4LMN_GLU01A0233_002
ForkPoolWorker-5: Calling delphi to calculate conformer (369/623) GLU02A0233_003 in /tmp/pbe_data.data.home.granepura.5-Kinases.Kinases_MCCE.Trial03.run_apo.4LMN_GLU02A0233_003
ForkPoolWorker-3: Calling delphi to calculate conformer (370/623) GLU02A0233_004 in /tmp/pbe_data.data.home.granepura.5-Kinases.Kinases_MCCE.Trial03.run_apo.4LMN_GLU02A0233_004
ForkPoolWorker-1: Calling delphi to calculate conformer (371/623) GLU-1A0233_005 in /tmp/pbe_data.data.home.granepura.5-Kinases.Kinases_MCCE.Trial03.run_apo.4LMN_GLU-1A0233_005
ForkPoolWorker-4: Calling delphi to calculate conformer (372/623) ARG01A0234_001 in /tmp/pbe_data.data.home.granepura.5-Kinases.Kinases_MCCE.Trial03.run_apo.4LMN_ARG01A0234_001
ForkPoolWorker-2: Calling delphi to calculate conformer (373/623) ARG02A0234_002 in /tmp/pbe_data.data.home.granepura.5-Kinases.Kinases_MCCE.Trial03.run_apo.4LMN_ARG02A0234_002
ForkPoolWorker-5: Calling delphi to calculate conformer (374/623) ARG03A0234_003 in /tmp/pbe_data.data.home.granepura.5-Kinases.Kinases_MCCE.Trial03.run_apo.4LMN_ARG03A0234_003
ForkPoolWorker-3: Calling delphi to calculate conformer (375/623) ARG+1A0234_004 in /tmp/pbe_data.data.home.granepura.5-Kinases.Kinases_MCCE.Trial03.run_apo.4LMN_ARG+1A0234_004
Skipping PBE solver for non-charge conformer (376/623) LEU01A0235_001...
ForkPoolWorker-1: Calling delphi to calculate conformer (377/623) GLN01A0236_001 in /tmp/pbe_data.data.home.granepura.5-Kinases.Kinases_MCCE.Trial03.run_apo.4LMN_GLN01A0236_001
ForkPoolWorker-2: Calling delphi to calculate conformer (378/623) GLN01A0236_002 in /tmp/pbe_data.data.home.granepura.5-Kinases.Kinases_MCCE.Trial03.run_apo.4LMN_GLN01A0236_002
ForkPoolWorker-4: Calling delphi to calculate conformer (379/623) THR01A0238_001 in /tmp/pbe_data.data.home.granepura.5-Kinases.Kinases_MCCE.Trial03.run_apo.4LMN_THR01A0238_001
ForkPoolWorker-5: Calling delphi to calculate conformer (380/623) THR01A0238_002 in /tmp/pbe_data.data.home.granepura.5-Kinases.Kinases_MCCE.Trial03.run_apo.4LMN_THR01A0238_002
ForkPoolWorker-3: Calling delphi to calculate conformer (381/623) HIS01A0239_001 in /tmp/pbe_data.data.home.granepura.5-Kinases.Kinases_MCCE.Trial03.run_apo.4LMN_HIS01A0239_001
ForkPoolWorker-1: Calling delphi to calculate conformer (382/623) HIS01A0239_002 in /tmp/pbe_data.data.home.granepura.5-Kinases.Kinases_MCCE.Trial03.run_apo.4LMN_HIS01A0239_002
ForkPoolWorker-2: Calling delphi to calculate conformer (383/623) HIS02A0239_003 in /tmp/pbe_data.data.home.granepura.5-Kinases.Kinases_MCCE.Trial03.run_apo.4LMN_HIS02A0239_003
ForkPoolWorker-4: Calling delphi to calculate conformer (384/623) HIS02A0239_004 in /tmp/pbe_data.data.home.granepura.5-Kinases.Kinases_MCCE.Trial03.run_apo.4LMN_HIS02A0239_004
ForkPoolWorker-5: Calling delphi to calculate conformer (385/623) HIS+1A0239_005 in /tmp/pbe_data.data.home.granepura.5-Kinases.Kinases_MCCE.Trial03.run_apo.4LMN_HIS+1A0239_005
ForkPoolWorker-3: Calling delphi to calculate conformer (386/623) HIS+1A0239_006 in /tmp/pbe_data.data.home.granepura.5-Kinases.Kinases_MCCE.Trial03.run_apo.4LMN_HIS+1A0239_006
ForkPoolWorker-2: Calling delphi to calculate conformer (388/623) TYR01A0240_002 in /tmp/pbe_data.data.home.granepura.5-Kinases.Kinases_MCCE.Trial03.run_apo.4LMN_TYR01A0240_002
ForkPoolWorker-1: Calling delphi to calculate conformer (389/623) TYR-1A0240_003 in /tmp/pbe_data.data.home.granepura.5-Kinases.Kinases_MCCE.Trial03.run_apo.4LMN_TYR-1A0240_003
ForkPoolWorker-4: Calling delphi to calculate conformer (387/623) TYR01A0240_001 in /tmp/pbe_data.data.home.granepura.5-Kinases.Kinases_MCCE.Trial03.run_apo.4LMN_TYR01A0240_001
ForkPoolWorker-5: Calling delphi to calculate conformer (390/623) SER01A0241_001 in /tmp/pbe_data.data.home.granepura.5-Kinases.Kinases_MCCE.Trial03.run_apo.4LMN_SER01A0241_001
ForkPoolWorker-3: Calling delphi to calculate conformer (391/623) SER01A0241_002 in /tmp/pbe_data.data.home.granepura.5-Kinases.Kinases_MCCE.Trial03.run_apo.4LMN_SER01A0241_002
Skipping PBE solver for non-charge conformer (392/623) VAL01A0242_001...
ForkPoolWorker-1: Calling delphi to calculate conformer (393/623) GLN01A0243_001 in /tmp/pbe_data.data.home.granepura.5-Kinases.Kinases_MCCE.Trial03.run_apo.4LMN_GLN01A0243_001
ForkPoolWorker-2: Calling delphi to calculate conformer (394/623) GLN01A0243_002 in /tmp/pbe_data.data.home.granepura.5-Kinases.Kinases_MCCE.Trial03.run_apo.4LMN_GLN01A0243_002
ForkPoolWorker-4: Calling delphi to calculate conformer (395/623) SER01A0244_001 in /tmp/pbe_data.data.home.granepura.5-Kinases.Kinases_MCCE.Trial03.run_apo.4LMN_SER01A0244_001
ForkPoolWorker-5: Calling delphi to calculate conformer (396/623) SER01A0244_002 in /tmp/pbe_data.data.home.granepura.5-Kinases.Kinases_MCCE.Trial03.run_apo.4LMN_SER01A0244_002
ForkPoolWorker-3: Calling delphi to calculate conformer (397/623) SER01A0244_003 in /tmp/pbe_data.data.home.granepura.5-Kinases.Kinases_MCCE.Trial03.run_apo.4LMN_SER01A0244_003
ForkPoolWorker-1: Calling delphi to calculate conformer (398/623) ASP01A0245_001 in /tmp/pbe_data.data.home.granepura.5-Kinases.Kinases_MCCE.Trial03.run_apo.4LMN_ASP01A0245_001
ForkPoolWorker-2: Calling delphi to calculate conformer (399/623) ASP01A0245_002 in /tmp/pbe_data.data.home.granepura.5-Kinases.Kinases_MCCE.Trial03.run_apo.4LMN_ASP01A0245_002
ForkPoolWorker-5: Calling delphi to calculate conformer (400/623) ASP02A0245_003 in /tmp/pbe_data.data.home.granepura.5-Kinases.Kinases_MCCE.Trial03.run_apo.4LMN_ASP02A0245_003
ForkPoolWorker-4: Calling delphi to calculate conformer (401/623) ASP02A0245_004 in /tmp/pbe_data.data.home.granepura.5-Kinases.Kinases_MCCE.Trial03.run_apo.4LMN_ASP02A0245_004
ForkPoolWorker-3: Calling delphi to calculate conformer (402/623) ASP-1A0245_005 in /tmp/pbe_data.data.home.granepura.5-Kinases.Kinases_MCCE.Trial03.run_apo.4LMN_ASP-1A0245_005
Skipping PBE solver for non-charge conformer (403/623) ILE01A0246_001...
Skipping PBE solver for non-charge conformer (404/623) TRP01A0247_001...
ForkPoolWorker-2: Calling delphi to calculate conformer (405/623) SER01A0248_001 in /tmp/pbe_data.data.home.granepura.5-Kinases.Kinases_MCCE.Trial03.run_apo.4LMN_SER01A0248_001
ForkPoolWorker-1: Calling delphi to calculate conformer (406/623) SER01A0248_002 in /tmp/pbe_data.data.home.granepura.5-Kinases.Kinases_MCCE.Trial03.run_apo.4LMN_SER01A0248_002
ForkPoolWorker-5: Calling delphi to calculate conformer (407/623) MET01A0249_001 in /tmp/pbe_data.data.home.granepura.5-Kinases.Kinases_MCCE.Trial03.run_apo.4LMN_MET01A0249_001
Skipping PBE solver for non-charge conformer (408/623) LEU01A0251_001...
ForkPoolWorker-4: Calling delphi to calculate conformer (409/623) SER01A0252_001 in /tmp/pbe_data.data.home.granepura.5-Kinases.Kinases_MCCE.Trial03.run_apo.4LMN_SER01A0252_001
ForkPoolWorker-3: Calling delphi to calculate conformer (410/623) SER01A0252_002 in /tmp/pbe_data.data.home.granepura.5-Kinases.Kinases_MCCE.Trial03.run_apo.4LMN_SER01A0252_002
ForkPoolWorker-1: Calling delphi to calculate conformer (411/623) SER01A0252_003 in /tmp/pbe_data.data.home.granepura.5-Kinases.Kinases_MCCE.Trial03.run_apo.4LMN_SER01A0252_003
Skipping PBE solver for non-charge conformer (412/623) LEU01A0253_001...
Skipping PBE solver for non-charge conformer (413/623) VAL01A0254_001...
ForkPoolWorker-2: Calling delphi to calculate conformer (414/623) GLU01A0255_001 in /tmp/pbe_data.data.home.granepura.5-Kinases.Kinases_MCCE.Trial03.run_apo.4LMN_GLU01A0255_001
ForkPoolWorker-5: Calling delphi to calculate conformer (415/623) GLU01A0255_002 in /tmp/pbe_data.data.home.granepura.5-Kinases.Kinases_MCCE.Trial03.run_apo.4LMN_GLU01A0255_002
ForkPoolWorker-4: Calling delphi to calculate conformer (416/623) GLU02A0255_003 in /tmp/pbe_data.data.home.granepura.5-Kinases.Kinases_MCCE.Trial03.run_apo.4LMN_GLU02A0255_003
ForkPoolWorker-3: Calling delphi to calculate conformer (417/623) GLU02A0255_004 in /tmp/pbe_data.data.home.granepura.5-Kinases.Kinases_MCCE.Trial03.run_apo.4LMN_GLU02A0255_004
ForkPoolWorker-1: Calling delphi to calculate conformer (418/623) GLU-1A0255_005 in /tmp/pbe_data.data.home.granepura.5-Kinases.Kinases_MCCE.Trial03.run_apo.4LMN_GLU-1A0255_005
ForkPoolWorker-2: Calling delphi to calculate conformer (419/623) MET01A0256_001 in /tmp/pbe_data.data.home.granepura.5-Kinases.Kinases_MCCE.Trial03.run_apo.4LMN_MET01A0256_001
Skipping PBE solver for non-charge conformer (420/623) ALA01A0257_001...
Skipping PBE solver for non-charge conformer (421/623) VAL01A0258_001...
ForkPoolWorker-4: Calling delphi to calculate conformer (423/623) ARG02A0260_002 in /tmp/pbe_data.data.home.granepura.5-Kinases.Kinases_MCCE.Trial03.run_apo.4LMN_ARG02A0260_002
ForkPoolWorker-5: Calling delphi to calculate conformer (422/623) ARG01A0260_001 in /tmp/pbe_data.data.home.granepura.5-Kinases.Kinases_MCCE.Trial03.run_apo.4LMN_ARG01A0260_001
ForkPoolWorker-3: Calling delphi to calculate conformer (424/623) ARG03A0260_003 in /tmp/pbe_data.data.home.granepura.5-Kinases.Kinases_MCCE.Trial03.run_apo.4LMN_ARG03A0260_003
ForkPoolWorker-1: Calling delphi to calculate conformer (425/623) ARG+1A0260_004 in /tmp/pbe_data.data.home.granepura.5-Kinases.Kinases_MCCE.Trial03.run_apo.4LMN_ARG+1A0260_004
ForkPoolWorker-2: Calling delphi to calculate conformer (426/623) TYR01A0261_001 in /tmp/pbe_data.data.home.granepura.5-Kinases.Kinases_MCCE.Trial03.run_apo.4LMN_TYR01A0261_001
ForkPoolWorker-4: Calling delphi to calculate conformer (427/623) TYR01A0261_002 in /tmp/pbe_data.data.home.granepura.5-Kinases.Kinases_MCCE.Trial03.run_apo.4LMN_TYR01A0261_002
ForkPoolWorker-5: Calling delphi to calculate conformer (428/623) TYR-1A0261_003 in /tmp/pbe_data.data.home.granepura.5-Kinases.Kinases_MCCE.Trial03.run_apo.4LMN_TYR-1A0261_003
Skipping PBE solver for non-charge conformer (429/623) PRO01A0262_001...
Skipping PBE solver for non-charge conformer (430/623) ILE01A0263_001...
Skipping PBE solver for non-charge conformer (431/623) PRO01A0264_001...
Skipping PBE solver for non-charge conformer (432/623) PRO01A0265_001...
Skipping PBE solver for non-charge conformer (433/623) PRO01A0266_001...
ForkPoolWorker-3: Calling delphi to calculate conformer (434/623) ASP01A0267_001 in /tmp/pbe_data.data.home.granepura.5-Kinases.Kinases_MCCE.Trial03.run_apo.4LMN_ASP01A0267_001
ForkPoolWorker-1: Calling delphi to calculate conformer (435/623) ASP01A0267_002 in /tmp/pbe_data.data.home.granepura.5-Kinases.Kinases_MCCE.Trial03.run_apo.4LMN_ASP01A0267_002
ForkPoolWorker-2: Calling delphi to calculate conformer (436/623) ASP02A0267_003 in /tmp/pbe_data.data.home.granepura.5-Kinases.Kinases_MCCE.Trial03.run_apo.4LMN_ASP02A0267_003
ForkPoolWorker-5: Calling delphi to calculate conformer (437/623) ASP02A0267_004 in /tmp/pbe_data.data.home.granepura.5-Kinases.Kinases_MCCE.Trial03.run_apo.4LMN_ASP02A0267_004
ForkPoolWorker-4: Calling delphi to calculate conformer (438/623) ASP-1A0267_005 in /tmp/pbe_data.data.home.granepura.5-Kinases.Kinases_MCCE.Trial03.run_apo.4LMN_ASP-1A0267_005
Skipping PBE solver for non-charge conformer (439/623) ALA01A0268_001...
ForkPoolWorker-3: Calling delphi to calculate conformer (440/623) LYS01A0269_001 in /tmp/pbe_data.data.home.granepura.5-Kinases.Kinases_MCCE.Trial03.run_apo.4LMN_LYS01A0269_001
ForkPoolWorker-1: Calling delphi to calculate conformer (441/623) LYS+1A0269_002 in /tmp/pbe_data.data.home.granepura.5-Kinases.Kinases_MCCE.Trial03.run_apo.4LMN_LYS+1A0269_002
ForkPoolWorker-2: Calling delphi to calculate conformer (442/623) GLU01A0270_001 in /tmp/pbe_data.data.home.granepura.5-Kinases.Kinases_MCCE.Trial03.run_apo.4LMN_GLU01A0270_001
ForkPoolWorker-5: Calling delphi to calculate conformer (443/623) GLU01A0270_002 in /tmp/pbe_data.data.home.granepura.5-Kinases.Kinases_MCCE.Trial03.run_apo.4LMN_GLU01A0270_002
ForkPoolWorker-4: Calling delphi to calculate conformer (444/623) GLU02A0270_003 in /tmp/pbe_data.data.home.granepura.5-Kinases.Kinases_MCCE.Trial03.run_apo.4LMN_GLU02A0270_003
ForkPoolWorker-3: Calling delphi to calculate conformer (445/623) GLU02A0270_004 in /tmp/pbe_data.data.home.granepura.5-Kinases.Kinases_MCCE.Trial03.run_apo.4LMN_GLU02A0270_004
ForkPoolWorker-1: Calling delphi to calculate conformer (446/623) GLU-1A0270_005 in /tmp/pbe_data.data.home.granepura.5-Kinases.Kinases_MCCE.Trial03.run_apo.4LMN_GLU-1A0270_005
Skipping PBE solver for non-charge conformer (447/623) LEU01A0271_001...
ForkPoolWorker-2: Calling delphi to calculate conformer (448/623) GLU01A0272_001 in /tmp/pbe_data.data.home.granepura.5-Kinases.Kinases_MCCE.Trial03.run_apo.4LMN_GLU01A0272_001
ForkPoolWorker-4: Calling delphi to calculate conformer (450/623) GLU02A0272_003 in /tmp/pbe_data.data.home.granepura.5-Kinases.Kinases_MCCE.Trial03.run_apo.4LMN_GLU02A0272_003
ForkPoolWorker-5: Calling delphi to calculate conformer (449/623) GLU01A0272_002 in /tmp/pbe_data.data.home.granepura.5-Kinases.Kinases_MCCE.Trial03.run_apo.4LMN_GLU01A0272_002
ForkPoolWorker-3: Calling delphi to calculate conformer (451/623) GLU02A0272_004 in /tmp/pbe_data.data.home.granepura.5-Kinases.Kinases_MCCE.Trial03.run_apo.4LMN_GLU02A0272_004
ForkPoolWorker-1: Calling delphi to calculate conformer (452/623) GLU-1A0272_005 in /tmp/pbe_data.data.home.granepura.5-Kinases.Kinases_MCCE.Trial03.run_apo.4LMN_GLU-1A0272_005
Skipping PBE solver for non-charge conformer (453/623) LEU01A0273_001...
ForkPoolWorker-4: Calling delphi to calculate conformer (454/623) MET01A0274_001 in /tmp/pbe_data.data.home.granepura.5-Kinases.Kinases_MCCE.Trial03.run_apo.4LMN_MET01A0274_001
Skipping PBE solver for non-charge conformer (455/623) PHE01A0275_001...
Skipping PBE solver for non-charge conformer (456/623) PRO01A0306_001...
Skipping PBE solver for non-charge conformer (457/623) PRO01A0307_001...
ForkPoolWorker-5: Calling delphi to calculate conformer (458/623) MET01A0308_001 in /tmp/pbe_data.data.home.granepura.5-Kinases.Kinases_MCCE.Trial03.run_apo.4LMN_MET01A0308_001
Skipping PBE solver for non-charge conformer (459/623) ALA01A0309_001...
Skipping PBE solver for non-charge conformer (460/623) ILE01A0310_001...
Skipping PBE solver for non-charge conformer (461/623) PHE01A0311_001...
ForkPoolWorker-2: Calling delphi to calculate conformer (462/623) GLU01A0312_001 in /tmp/pbe_data.data.home.granepura.5-Kinases.Kinases_MCCE.Trial03.run_apo.4LMN_GLU01A0312_001
ForkPoolWorker-3: Calling delphi to calculate conformer (463/623) GLU01A0312_002 in /tmp/pbe_data.data.home.granepura.5-Kinases.Kinases_MCCE.Trial03.run_apo.4LMN_GLU01A0312_002
ForkPoolWorker-4: Calling delphi to calculate conformer (464/623) GLU02A0312_003 in /tmp/pbe_data.data.home.granepura.5-Kinases.Kinases_MCCE.Trial03.run_apo.4LMN_GLU02A0312_003
ForkPoolWorker-1: Calling delphi to calculate conformer (465/623) GLU02A0312_004 in /tmp/pbe_data.data.home.granepura.5-Kinases.Kinases_MCCE.Trial03.run_apo.4LMN_GLU02A0312_004
ForkPoolWorker-5: Calling delphi to calculate conformer (466/623) GLU-1A0312_005 in /tmp/pbe_data.data.home.granepura.5-Kinases.Kinases_MCCE.Trial03.run_apo.4LMN_GLU-1A0312_005
Skipping PBE solver for non-charge conformer (467/623) LEU01A0313_001...
Skipping PBE solver for non-charge conformer (468/623) LEU01A0314_001...
ForkPoolWorker-2: Calling delphi to calculate conformer (469/623) ASP01A0315_001 in /tmp/pbe_data.data.home.granepura.5-Kinases.Kinases_MCCE.Trial03.run_apo.4LMN_ASP01A0315_001
ForkPoolWorker-3: Calling delphi to calculate conformer (470/623) ASP01A0315_002 in /tmp/pbe_data.data.home.granepura.5-Kinases.Kinases_MCCE.Trial03.run_apo.4LMN_ASP01A0315_002
ForkPoolWorker-1: Calling delphi to calculate conformer (471/623) ASP02A0315_003 in /tmp/pbe_data.data.home.granepura.5-Kinases.Kinases_MCCE.Trial03.run_apo.4LMN_ASP02A0315_003
ForkPoolWorker-4: Calling delphi to calculate conformer (472/623) ASP02A0315_004 in /tmp/pbe_data.data.home.granepura.5-Kinases.Kinases_MCCE.Trial03.run_apo.4LMN_ASP02A0315_004
ForkPoolWorker-5: Calling delphi to calculate conformer (473/623) ASP-1A0315_005 in /tmp/pbe_data.data.home.granepura.5-Kinases.Kinases_MCCE.Trial03.run_apo.4LMN_ASP-1A0315_005
ForkPoolWorker-2: Calling delphi to calculate conformer (474/623) TYR01A0316_001 in /tmp/pbe_data.data.home.granepura.5-Kinases.Kinases_MCCE.Trial03.run_apo.4LMN_TYR01A0316_001
ForkPoolWorker-3: Calling delphi to calculate conformer (475/623) TYR-1A0316_002 in /tmp/pbe_data.data.home.granepura.5-Kinases.Kinases_MCCE.Trial03.run_apo.4LMN_TYR-1A0316_002
Skipping PBE solver for non-charge conformer (476/623) ILE01A0317_001...
ForkPoolWorker-4: Calling delphi to calculate conformer (478/623) ASN01A0319_001 in /tmp/pbe_data.data.home.granepura.5-Kinases.Kinases_MCCE.Trial03.run_apo.4LMN_ASN01A0319_001
Skipping PBE solver for non-charge conformer (477/623) VAL01A0318_001...
ForkPoolWorker-1: Calling delphi to calculate conformer (479/623) ASN01A0319_002 in /tmp/pbe_data.data.home.granepura.5-Kinases.Kinases_MCCE.Trial03.run_apo.4LMN_ASN01A0319_002
ForkPoolWorker-5: Calling delphi to calculate conformer (480/623) GLU01A0320_001 in /tmp/pbe_data.data.home.granepura.5-Kinases.Kinases_MCCE.Trial03.run_apo.4LMN_GLU01A0320_001
ForkPoolWorker-2: Calling delphi to calculate conformer (481/623) GLU01A0320_002 in /tmp/pbe_data.data.home.granepura.5-Kinases.Kinases_MCCE.Trial03.run_apo.4LMN_GLU01A0320_002
ForkPoolWorker-3: Calling delphi to calculate conformer (482/623) GLU02A0320_003 in /tmp/pbe_data.data.home.granepura.5-Kinases.Kinases_MCCE.Trial03.run_apo.4LMN_GLU02A0320_003
ForkPoolWorker-4: Calling delphi to calculate conformer (483/623) GLU02A0320_004 in /tmp/pbe_data.data.home.granepura.5-Kinases.Kinases_MCCE.Trial03.run_apo.4LMN_GLU02A0320_004
ForkPoolWorker-5: Calling delphi to calculate conformer (484/623) GLU-1A0320_005 in /tmp/pbe_data.data.home.granepura.5-Kinases.Kinases_MCCE.Trial03.run_apo.4LMN_GLU-1A0320_005
Skipping PBE solver for non-charge conformer (485/623) PRO01A0321_001...
Skipping PBE solver for non-charge conformer (486/623) PRO01A0322_001...
Skipping PBE solver for non-charge conformer (487/623) PRO01A0323_001...
ForkPoolWorker-1: Calling delphi to calculate conformer (488/623) LYS01A0324_001 in /tmp/pbe_data.data.home.granepura.5-Kinases.Kinases_MCCE.Trial03.run_apo.4LMN_LYS01A0324_001
ForkPoolWorker-2: Calling delphi to calculate conformer (489/623) LYS+1A0324_002 in /tmp/pbe_data.data.home.granepura.5-Kinases.Kinases_MCCE.Trial03.run_apo.4LMN_LYS+1A0324_002
Skipping PBE solver for non-charge conformer (490/623) LEU01A0325_001...
Skipping PBE solver for non-charge conformer (491/623) PRO01A0326_001...
ForkPoolWorker-3: Calling delphi to calculate conformer (492/623) SER01A0327_001 in /tmp/pbe_data.data.home.granepura.5-Kinases.Kinases_MCCE.Trial03.run_apo.4LMN_SER01A0327_001
Skipping PBE solver for non-charge conformer (493/623) VAL01A0329_001...
Skipping PBE solver for non-charge conformer (494/623) PHE01A0330_001...
ForkPoolWorker-4: Calling delphi to calculate conformer (495/623) SER01A0331_001 in /tmp/pbe_data.data.home.granepura.5-Kinases.Kinases_MCCE.Trial03.run_apo.4LMN_SER01A0331_001
ForkPoolWorker-5: Calling delphi to calculate conformer (496/623) SER01A0331_002 in /tmp/pbe_data.data.home.granepura.5-Kinases.Kinases_MCCE.Trial03.run_apo.4LMN_SER01A0331_002
ForkPoolWorker-1: Calling delphi to calculate conformer (497/623) SER01A0331_003 in /tmp/pbe_data.data.home.granepura.5-Kinases.Kinases_MCCE.Trial03.run_apo.4LMN_SER01A0331_003
ForkPoolWorker-2: Calling delphi to calculate conformer (498/623) SER01A0331_004 in /tmp/pbe_data.data.home.granepura.5-Kinases.Kinases_MCCE.Trial03.run_apo.4LMN_SER01A0331_004
ForkPoolWorker-3: Calling delphi to calculate conformer (499/623) SER01A0331_005 in /tmp/pbe_data.data.home.granepura.5-Kinases.Kinases_MCCE.Trial03.run_apo.4LMN_SER01A0331_005
ForkPoolWorker-4: Calling delphi to calculate conformer (500/623) SER01A0331_006 in /tmp/pbe_data.data.home.granepura.5-Kinases.Kinases_MCCE.Trial03.run_apo.4LMN_SER01A0331_006
ForkPoolWorker-1: Calling delphi to calculate conformer (501/623) SER01A0331_007 in /tmp/pbe_data.data.home.granepura.5-Kinases.Kinases_MCCE.Trial03.run_apo.4LMN_SER01A0331_007
ForkPoolWorker-5: Calling delphi to calculate conformer (502/623) SER01A0331_008 in /tmp/pbe_data.data.home.granepura.5-Kinases.Kinases_MCCE.Trial03.run_apo.4LMN_SER01A0331_008
ForkPoolWorker-2: Calling delphi to calculate conformer (503/623) SER01A0331_009 in /tmp/pbe_data.data.home.granepura.5-Kinases.Kinases_MCCE.Trial03.run_apo.4LMN_SER01A0331_009
Skipping PBE solver for non-charge conformer (504/623) LEU01A0332_001...
ForkPoolWorker-3: Calling delphi to calculate conformer (505/623) GLU01A0333_001 in /tmp/pbe_data.data.home.granepura.5-Kinases.Kinases_MCCE.Trial03.run_apo.4LMN_GLU01A0333_001
ForkPoolWorker-4: Calling delphi to calculate conformer (506/623) GLU01A0333_002 in /tmp/pbe_data.data.home.granepura.5-Kinases.Kinases_MCCE.Trial03.run_apo.4LMN_GLU01A0333_002
ForkPoolWorker-5: Calling delphi to calculate conformer (507/623) GLU02A0333_003 in /tmp/pbe_data.data.home.granepura.5-Kinases.Kinases_MCCE.Trial03.run_apo.4LMN_GLU02A0333_003
ForkPoolWorker-1: Calling delphi to calculate conformer (508/623) GLU02A0333_004 in /tmp/pbe_data.data.home.granepura.5-Kinases.Kinases_MCCE.Trial03.run_apo.4LMN_GLU02A0333_004
ForkPoolWorker-2: Calling delphi to calculate conformer (509/623) GLU-1A0333_005 in /tmp/pbe_data.data.home.granepura.5-Kinases.Kinases_MCCE.Trial03.run_apo.4LMN_GLU-1A0333_005
Skipping PBE solver for non-charge conformer (510/623) PHE01A0334_001...
ForkPoolWorker-3: Calling delphi to calculate conformer (511/623) GLN01A0335_001 in /tmp/pbe_data.data.home.granepura.5-Kinases.Kinases_MCCE.Trial03.run_apo.4LMN_GLN01A0335_001
ForkPoolWorker-4: Calling delphi to calculate conformer (512/623) GLN01A0335_002 in /tmp/pbe_data.data.home.granepura.5-Kinases.Kinases_MCCE.Trial03.run_apo.4LMN_GLN01A0335_002
ForkPoolWorker-5: Calling delphi to calculate conformer (513/623) ASP01A0336_001 in /tmp/pbe_data.data.home.granepura.5-Kinases.Kinases_MCCE.Trial03.run_apo.4LMN_ASP01A0336_001
ForkPoolWorker-1: Calling delphi to calculate conformer (514/623) ASP01A0336_002 in /tmp/pbe_data.data.home.granepura.5-Kinases.Kinases_MCCE.Trial03.run_apo.4LMN_ASP01A0336_002
ForkPoolWorker-2: Calling delphi to calculate conformer (515/623) ASP02A0336_003 in /tmp/pbe_data.data.home.granepura.5-Kinases.Kinases_MCCE.Trial03.run_apo.4LMN_ASP02A0336_003
ForkPoolWorker-3: Calling delphi to calculate conformer (516/623) ASP02A0336_004 in /tmp/pbe_data.data.home.granepura.5-Kinases.Kinases_MCCE.Trial03.run_apo.4LMN_ASP02A0336_004
ForkPoolWorker-4: Calling delphi to calculate conformer (517/623) ASP02A0336_005 in /tmp/pbe_data.data.home.granepura.5-Kinases.Kinases_MCCE.Trial03.run_apo.4LMN_ASP02A0336_005
ForkPoolWorker-5: Calling delphi to calculate conformer (518/623) ASP-1A0336_006 in /tmp/pbe_data.data.home.granepura.5-Kinases.Kinases_MCCE.Trial03.run_apo.4LMN_ASP-1A0336_006
Skipping PBE solver for non-charge conformer (519/623) PHE01A0337_001...
ForkPoolWorker-1: Calling delphi to calculate conformer (521/623) ASN01A0339_001 in /tmp/pbe_data.data.home.granepura.5-Kinases.Kinases_MCCE.Trial03.run_apo.4LMN_ASN01A0339_001
Skipping PBE solver for non-charge conformer (520/623) VAL01A0338_001...
ForkPoolWorker-2: Calling delphi to calculate conformer (522/623) ASN01A0339_002 in /tmp/pbe_data.data.home.granepura.5-Kinases.Kinases_MCCE.Trial03.run_apo.4LMN_ASN01A0339_002
ForkPoolWorker-4: Calling delphi to calculate conformer (523/623) LYS01A0340_001 in /tmp/pbe_data.data.home.granepura.5-Kinases.Kinases_MCCE.Trial03.run_apo.4LMN_LYS01A0340_001
ForkPoolWorker-3: Calling delphi to calculate conformer (524/623) LYS+1A0340_002 in /tmp/pbe_data.data.home.granepura.5-Kinases.Kinases_MCCE.Trial03.run_apo.4LMN_LYS+1A0340_002
ForkPoolWorker-5: Calling delphi to calculate conformer (525/623) CYS01A0341_001 in /tmp/pbe_data.data.home.granepura.5-Kinases.Kinases_MCCE.Trial03.run_apo.4LMN_CYS01A0341_001
ForkPoolWorker-2: Calling delphi to calculate conformer (526/623) CYS01A0341_002 in /tmp/pbe_data.data.home.granepura.5-Kinases.Kinases_MCCE.Trial03.run_apo.4LMN_CYS01A0341_002
ForkPoolWorker-1: Calling delphi to calculate conformer (527/623) CYS01A0341_003 in /tmp/pbe_data.data.home.granepura.5-Kinases.Kinases_MCCE.Trial03.run_apo.4LMN_CYS01A0341_003
ForkPoolWorker-4: Calling delphi to calculate conformer (528/623) CYS-1A0341_004 in /tmp/pbe_data.data.home.granepura.5-Kinases.Kinases_MCCE.Trial03.run_apo.4LMN_CYS-1A0341_004
Skipping PBE solver for non-charge conformer (529/623) LEU01A0342_001...
Skipping PBE solver for non-charge conformer (530/623) ILE01A0343_001...
ForkPoolWorker-3: Calling delphi to calculate conformer (531/623) LYS01A0344_001 in /tmp/pbe_data.data.home.granepura.5-Kinases.Kinases_MCCE.Trial03.run_apo.4LMN_LYS01A0344_001
ForkPoolWorker-5: Calling delphi to calculate conformer (532/623) LYS+1A0344_002 in /tmp/pbe_data.data.home.granepura.5-Kinases.Kinases_MCCE.Trial03.run_apo.4LMN_LYS+1A0344_002
ForkPoolWorker-2: Calling delphi to calculate conformer (533/623) ASN01A0345_001 in /tmp/pbe_data.data.home.granepura.5-Kinases.Kinases_MCCE.Trial03.run_apo.4LMN_ASN01A0345_001
ForkPoolWorker-1: Calling delphi to calculate conformer (534/623) ASN01A0345_002 in /tmp/pbe_data.data.home.granepura.5-Kinases.Kinases_MCCE.Trial03.run_apo.4LMN_ASN01A0345_002
Skipping PBE solver for non-charge conformer (535/623) PRO01A0346_001...
Skipping PBE solver for non-charge conformer (536/623) ALA01A0347_001...
ForkPoolWorker-3: Calling delphi to calculate conformer (537/623) GLU01A0348_001 in /tmp/pbe_data.data.home.granepura.5-Kinases.Kinases_MCCE.Trial03.run_apo.4LMN_GLU01A0348_001
ForkPoolWorker-4: Calling delphi to calculate conformer (538/623) GLU01A0348_002 in /tmp/pbe_data.data.home.granepura.5-Kinases.Kinases_MCCE.Trial03.run_apo.4LMN_GLU01A0348_002
ForkPoolWorker-5: Calling delphi to calculate conformer (539/623) GLU02A0348_003 in /tmp/pbe_data.data.home.granepura.5-Kinases.Kinases_MCCE.Trial03.run_apo.4LMN_GLU02A0348_003
ForkPoolWorker-2: Calling delphi to calculate conformer (540/623) GLU02A0348_004 in /tmp/pbe_data.data.home.granepura.5-Kinases.Kinases_MCCE.Trial03.run_apo.4LMN_GLU02A0348_004
ForkPoolWorker-1: Calling delphi to calculate conformer (541/623) GLU-1A0348_005 in /tmp/pbe_data.data.home.granepura.5-Kinases.Kinases_MCCE.Trial03.run_apo.4LMN_GLU-1A0348_005
ForkPoolWorker-3: Calling delphi to calculate conformer (542/623) ARG01A0349_001 in /tmp/pbe_data.data.home.granepura.5-Kinases.Kinases_MCCE.Trial03.run_apo.4LMN_ARG01A0349_001
ForkPoolWorker-4: Calling delphi to calculate conformer (543/623) ARG02A0349_002 in /tmp/pbe_data.data.home.granepura.5-Kinases.Kinases_MCCE.Trial03.run_apo.4LMN_ARG02A0349_002
ForkPoolWorker-5: Calling delphi to calculate conformer (544/623) ARG02A0349_003 in /tmp/pbe_data.data.home.granepura.5-Kinases.Kinases_MCCE.Trial03.run_apo.4LMN_ARG02A0349_003
ForkPoolWorker-2: Calling delphi to calculate conformer (545/623) ARG03A0349_004 in /tmp/pbe_data.data.home.granepura.5-Kinases.Kinases_MCCE.Trial03.run_apo.4LMN_ARG03A0349_004
ForkPoolWorker-1: Calling delphi to calculate conformer (546/623) ARG03A0349_005 in /tmp/pbe_data.data.home.granepura.5-Kinases.Kinases_MCCE.Trial03.run_apo.4LMN_ARG03A0349_005
ForkPoolWorker-4: Calling delphi to calculate conformer (547/623) ARG+1A0349_006 in /tmp/pbe_data.data.home.granepura.5-Kinases.Kinases_MCCE.Trial03.run_apo.4LMN_ARG+1A0349_006
Skipping PBE solver for non-charge conformer (548/623) ALA01A0350_001...
ForkPoolWorker-5: Calling delphi to calculate conformer (550/623) ASP01A0351_002 in /tmp/pbe_data.data.home.granepura.5-Kinases.Kinases_MCCE.Trial03.run_apo.4LMN_ASP01A0351_002
ForkPoolWorker-3: Calling delphi to calculate conformer (549/623) ASP01A0351_001 in /tmp/pbe_data.data.home.granepura.5-Kinases.Kinases_MCCE.Trial03.run_apo.4LMN_ASP01A0351_001
ForkPoolWorker-2: Calling delphi to calculate conformer (551/623) ASP02A0351_003 in /tmp/pbe_data.data.home.granepura.5-Kinases.Kinases_MCCE.Trial03.run_apo.4LMN_ASP02A0351_003
ForkPoolWorker-1: Calling delphi to calculate conformer (552/623) ASP02A0351_004 in /tmp/pbe_data.data.home.granepura.5-Kinases.Kinases_MCCE.Trial03.run_apo.4LMN_ASP02A0351_004
ForkPoolWorker-5: Calling delphi to calculate conformer (553/623) ASP-1A0351_005 in /tmp/pbe_data.data.home.granepura.5-Kinases.Kinases_MCCE.Trial03.run_apo.4LMN_ASP-1A0351_005
Skipping PBE solver for non-charge conformer (554/623) LEU01A0352_001...
ForkPoolWorker-3: Calling delphi to calculate conformer (555/623) LYS01A0353_001 in /tmp/pbe_data.data.home.granepura.5-Kinases.Kinases_MCCE.Trial03.run_apo.4LMN_LYS01A0353_001
ForkPoolWorker-4: Calling delphi to calculate conformer (556/623) LYS+1A0353_002 in /tmp/pbe_data.data.home.granepura.5-Kinases.Kinases_MCCE.Trial03.run_apo.4LMN_LYS+1A0353_002
ForkPoolWorker-2: Calling delphi to calculate conformer (557/623) GLN01A0354_001 in /tmp/pbe_data.data.home.granepura.5-Kinases.Kinases_MCCE.Trial03.run_apo.4LMN_GLN01A0354_001
ForkPoolWorker-1: Calling delphi to calculate conformer (558/623) GLN01A0354_002 in /tmp/pbe_data.data.home.granepura.5-Kinases.Kinases_MCCE.Trial03.run_apo.4LMN_GLN01A0354_002
Skipping PBE solver for non-charge conformer (559/623) LEU01A0355_001...
ForkPoolWorker-5: Calling delphi to calculate conformer (560/623) MET01A0356_001 in /tmp/pbe_data.data.home.granepura.5-Kinases.Kinases_MCCE.Trial03.run_apo.4LMN_MET01A0356_001
Skipping PBE solver for non-charge conformer (561/623) VAL01A0357_001...
ForkPoolWorker-3: Calling delphi to calculate conformer (562/623) HIS01A0358_001 in /tmp/pbe_data.data.home.granepura.5-Kinases.Kinases_MCCE.Trial03.run_apo.4LMN_HIS01A0358_001
ForkPoolWorker-1: Calling delphi to calculate conformer (563/623) HIS02A0358_002 in /tmp/pbe_data.data.home.granepura.5-Kinases.Kinases_MCCE.Trial03.run_apo.4LMN_HIS02A0358_002
ForkPoolWorker-4: Calling delphi to calculate conformer (564/623) HIS+1A0358_003 in /tmp/pbe_data.data.home.granepura.5-Kinases.Kinases_MCCE.Trial03.run_apo.4LMN_HIS+1A0358_003
Skipping PBE solver for non-charge conformer (565/623) ALA01A0359_001...
Skipping PBE solver for non-charge conformer (566/623) PHE01A0360_001...
Skipping PBE solver for non-charge conformer (567/623) ILE01A0361_001...
ForkPoolWorker-2: Calling delphi to calculate conformer (568/623) LYS01A0362_001 in /tmp/pbe_data.data.home.granepura.5-Kinases.Kinases_MCCE.Trial03.run_apo.4LMN_LYS01A0362_001
ForkPoolWorker-3: Calling delphi to calculate conformer (569/623) LYS+1A0362_002 in /tmp/pbe_data.data.home.granepura.5-Kinases.Kinases_MCCE.Trial03.run_apo.4LMN_LYS+1A0362_002
ForkPoolWorker-5: Calling delphi to calculate conformer (570/623) ARG01A0363_001 in /tmp/pbe_data.data.home.granepura.5-Kinases.Kinases_MCCE.Trial03.run_apo.4LMN_ARG01A0363_001
ForkPoolWorker-2: Calling delphi to calculate conformer (571/623) ARG01A0363_002 in /tmp/pbe_data.data.home.granepura.5-Kinases.Kinases_MCCE.Trial03.run_apo.4LMN_ARG01A0363_002
ForkPoolWorker-4: Calling delphi to calculate conformer (572/623) ARG02A0363_003 in /tmp/pbe_data.data.home.granepura.5-Kinases.Kinases_MCCE.Trial03.run_apo.4LMN_ARG02A0363_003
ForkPoolWorker-1: Calling delphi to calculate conformer (573/623) ARG02A0363_004 in /tmp/pbe_data.data.home.granepura.5-Kinases.Kinases_MCCE.Trial03.run_apo.4LMN_ARG02A0363_004
ForkPoolWorker-3: Calling delphi to calculate conformer (574/623) ARG02A0363_005 in /tmp/pbe_data.data.home.granepura.5-Kinases.Kinases_MCCE.Trial03.run_apo.4LMN_ARG02A0363_005
ForkPoolWorker-5: Calling delphi to calculate conformer (575/623) ARG02A0363_006 in /tmp/pbe_data.data.home.granepura.5-Kinases.Kinases_MCCE.Trial03.run_apo.4LMN_ARG02A0363_006
ForkPoolWorker-2: Calling delphi to calculate conformer (576/623) ARG03A0363_007 in /tmp/pbe_data.data.home.granepura.5-Kinases.Kinases_MCCE.Trial03.run_apo.4LMN_ARG03A0363_007
ForkPoolWorker-4: Calling delphi to calculate conformer (577/623) ARG03A0363_008 in /tmp/pbe_data.data.home.granepura.5-Kinases.Kinases_MCCE.Trial03.run_apo.4LMN_ARG03A0363_008
ForkPoolWorker-1: Calling delphi to calculate conformer (578/623) ARG03A0363_009 in /tmp/pbe_data.data.home.granepura.5-Kinases.Kinases_MCCE.Trial03.run_apo.4LMN_ARG03A0363_009
ForkPoolWorker-3: Calling delphi to calculate conformer (579/623) ARG03A0363_010 in /tmp/pbe_data.data.home.granepura.5-Kinases.Kinases_MCCE.Trial03.run_apo.4LMN_ARG03A0363_010
ForkPoolWorker-5: Calling delphi to calculate conformer (580/623) ARG+1A0363_011 in /tmp/pbe_data.data.home.granepura.5-Kinases.Kinases_MCCE.Trial03.run_apo.4LMN_ARG+1A0363_011
ForkPoolWorker-2: Calling delphi to calculate conformer (581/623) ARG+1A0363_012 in /tmp/pbe_data.data.home.granepura.5-Kinases.Kinases_MCCE.Trial03.run_apo.4LMN_ARG+1A0363_012
ForkPoolWorker-4: Calling delphi to calculate conformer (582/623) SER01A0364_001 in /tmp/pbe_data.data.home.granepura.5-Kinases.Kinases_MCCE.Trial03.run_apo.4LMN_SER01A0364_001
ForkPoolWorker-1: Calling delphi to calculate conformer (583/623) SER01A0364_002 in /tmp/pbe_data.data.home.granepura.5-Kinases.Kinases_MCCE.Trial03.run_apo.4LMN_SER01A0364_002
ForkPoolWorker-3: Calling delphi to calculate conformer (584/623) SER01A0364_003 in /tmp/pbe_data.data.home.granepura.5-Kinases.Kinases_MCCE.Trial03.run_apo.4LMN_SER01A0364_003
ForkPoolWorker-5: Calling delphi to calculate conformer (585/623) ASP01A0365_001 in /tmp/pbe_data.data.home.granepura.5-Kinases.Kinases_MCCE.Trial03.run_apo.4LMN_ASP01A0365_001
ForkPoolWorker-2: Calling delphi to calculate conformer (586/623) ASP01A0365_002 in /tmp/pbe_data.data.home.granepura.5-Kinases.Kinases_MCCE.Trial03.run_apo.4LMN_ASP01A0365_002
ForkPoolWorker-1: Calling delphi to calculate conformer (587/623) ASP02A0365_003 in /tmp/pbe_data.data.home.granepura.5-Kinases.Kinases_MCCE.Trial03.run_apo.4LMN_ASP02A0365_003
ForkPoolWorker-4: Calling delphi to calculate conformer (588/623) ASP02A0365_004 in /tmp/pbe_data.data.home.granepura.5-Kinases.Kinases_MCCE.Trial03.run_apo.4LMN_ASP02A0365_004
ForkPoolWorker-3: Calling delphi to calculate conformer (589/623) ASP-1A0365_005 in /tmp/pbe_data.data.home.granepura.5-Kinases.Kinases_MCCE.Trial03.run_apo.4LMN_ASP-1A0365_005
Skipping PBE solver for non-charge conformer (590/623) ALA01A0366_001...
ForkPoolWorker-2: Calling delphi to calculate conformer (591/623) GLU01A0367_001 in /tmp/pbe_data.data.home.granepura.5-Kinases.Kinases_MCCE.Trial03.run_apo.4LMN_GLU01A0367_001
ForkPoolWorker-5: Calling delphi to calculate conformer (592/623) GLU01A0367_002 in /tmp/pbe_data.data.home.granepura.5-Kinases.Kinases_MCCE.Trial03.run_apo.4LMN_GLU01A0367_002
ForkPoolWorker-1: Calling delphi to calculate conformer (593/623) GLU02A0367_003 in /tmp/pbe_data.data.home.granepura.5-Kinases.Kinases_MCCE.Trial03.run_apo.4LMN_GLU02A0367_003
ForkPoolWorker-4: Calling delphi to calculate conformer (594/623) GLU02A0367_004 in /tmp/pbe_data.data.home.granepura.5-Kinases.Kinases_MCCE.Trial03.run_apo.4LMN_GLU02A0367_004
ForkPoolWorker-3: Calling delphi to calculate conformer (595/623) GLU-1A0367_005 in /tmp/pbe_data.data.home.granepura.5-Kinases.Kinases_MCCE.Trial03.run_apo.4LMN_GLU-1A0367_005
ForkPoolWorker-5: Calling delphi to calculate conformer (596/623) GLU01A0368_001 in /tmp/pbe_data.data.home.granepura.5-Kinases.Kinases_MCCE.Trial03.run_apo.4LMN_GLU01A0368_001
ForkPoolWorker-2: Calling delphi to calculate conformer (597/623) GLU01A0368_002 in /tmp/pbe_data.data.home.granepura.5-Kinases.Kinases_MCCE.Trial03.run_apo.4LMN_GLU01A0368_002
ForkPoolWorker-1: Calling delphi to calculate conformer (598/623) GLU02A0368_003 in /tmp/pbe_data.data.home.granepura.5-Kinases.Kinases_MCCE.Trial03.run_apo.4LMN_GLU02A0368_003
ForkPoolWorker-4: Calling delphi to calculate conformer (599/623) GLU02A0368_004 in /tmp/pbe_data.data.home.granepura.5-Kinases.Kinases_MCCE.Trial03.run_apo.4LMN_GLU02A0368_004
ForkPoolWorker-3: Calling delphi to calculate conformer (600/623) GLU-1A0368_005 in /tmp/pbe_data.data.home.granepura.5-Kinases.Kinases_MCCE.Trial03.run_apo.4LMN_GLU-1A0368_005
Skipping PBE solver for non-charge conformer (601/623) VAL01A0369_001...
ForkPoolWorker-5: Calling delphi to calculate conformer (602/623) ASP01A0370_001 in /tmp/pbe_data.data.home.granepura.5-Kinases.Kinases_MCCE.Trial03.run_apo.4LMN_ASP01A0370_001
ForkPoolWorker-2: Calling delphi to calculate conformer (603/623) ASP01A0370_002 in /tmp/pbe_data.data.home.granepura.5-Kinases.Kinases_MCCE.Trial03.run_apo.4LMN_ASP01A0370_002
ForkPoolWorker-4: Calling delphi to calculate conformer (604/623) ASP02A0370_003 in /tmp/pbe_data.data.home.granepura.5-Kinases.Kinases_MCCE.Trial03.run_apo.4LMN_ASP02A0370_003
ForkPoolWorker-1: Calling delphi to calculate conformer (605/623) ASP02A0370_004 in /tmp/pbe_data.data.home.granepura.5-Kinases.Kinases_MCCE.Trial03.run_apo.4LMN_ASP02A0370_004
ForkPoolWorker-3: Calling delphi to calculate conformer (606/623) ASP-1A0370_005 in /tmp/pbe_data.data.home.granepura.5-Kinases.Kinases_MCCE.Trial03.run_apo.4LMN_ASP-1A0370_005
Skipping PBE solver for non-charge conformer (608/623) ALA01A0372_001...
Skipping PBE solver for non-charge conformer (609/623) TRP01A0374_001...
Skipping PBE solver for non-charge conformer (607/623) PHE01A0371_001...
ForkPoolWorker-2: Calling delphi to calculate conformer (611/623) CYS01A0376_001 in /tmp/pbe_data.data.home.granepura.5-Kinases.Kinases_MCCE.Trial03.run_apo.4LMN_CYS01A0376_001
Skipping PBE solver for non-charge conformer (610/623) LEU01A0375_001...
ForkPoolWorker-5: Calling delphi to calculate conformer (612/623) CYS01A0376_002 in /tmp/pbe_data.data.home.granepura.5-Kinases.Kinases_MCCE.Trial03.run_apo.4LMN_CYS01A0376_002
ForkPoolWorker-4: Calling delphi to calculate conformer (613/623) CYS01A0376_003 in /tmp/pbe_data.data.home.granepura.5-Kinases.Kinases_MCCE.Trial03.run_apo.4LMN_CYS01A0376_003
ForkPoolWorker-1: Calling delphi to calculate conformer (614/623) CYS-1A0376_004 in /tmp/pbe_data.data.home.granepura.5-Kinases.Kinases_MCCE.Trial03.run_apo.4LMN_CYS-1A0376_004
ForkPoolWorker-3: Calling delphi to calculate conformer (615/623) SER01A0377_001 in /tmp/pbe_data.data.home.granepura.5-Kinases.Kinases_MCCE.Trial03.run_apo.4LMN_SER01A0377_001
ForkPoolWorker-5: Calling delphi to calculate conformer (616/623) SER01A0377_002 in /tmp/pbe_data.data.home.granepura.5-Kinases.Kinases_MCCE.Trial03.run_apo.4LMN_SER01A0377_002
ForkPoolWorker-2: Calling delphi to calculate conformer (617/623) THR01A0378_001 in /tmp/pbe_data.data.home.granepura.5-Kinases.Kinases_MCCE.Trial03.run_apo.4LMN_THR01A0378_001
ForkPoolWorker-4: Calling delphi to calculate conformer (618/623) THR01A0378_002 in /tmp/pbe_data.data.home.granepura.5-Kinases.Kinases_MCCE.Trial03.run_apo.4LMN_THR01A0378_002
Skipping PBE solver for non-charge conformer (619/623) ILE01A0379_001...
Skipping PBE solver for non-charge conformer (620/623) LEU01A0381_001...
ForkPoolWorker-1: Calling delphi to calculate conformer (621/623) ASN01A0382_001 in /tmp/pbe_data.data.home.granepura.5-Kinases.Kinases_MCCE.Trial03.run_apo.4LMN_ASN01A0382_001
ForkPoolWorker-3: Calling delphi to calculate conformer (622/623) ASN01A0382_002 in /tmp/pbe_data.data.home.granepura.5-Kinases.Kinases_MCCE.Trial03.run_apo.4LMN_ASN01A0382_002
ForkPoolWorker-5: Calling delphi to calculate conformer (623/623) _MG+2A0502_001 in /tmp/pbe_data.data.home.granepura.5-Kinases.Kinases_MCCE.Trial03.run_apo.4LMN__MG+2A0502_001
