ASP A0233_ R f 00 S f  0.0 H t 36 M 999
LYS A0234_ R f 00 S f  0.0 H t 36 M 999
TRP A0235_ R f 00 S f  0.0 H t 36 M 999
GLU A0236_ R f 00 S f  0.0 H t 36 M 999
MET A0237_ R f 00 S f  0.0 H t 36 M 999
GLU A0238_ R f 00 S f  0.0 H t 36 M 999
ARG A0239_ R f 00 S f  0.0 H t 36 M 999
THR A0240_ R f 00 S f  0.0 H t 36 M 999
ASP A0241_ R f 00 S f  0.0 H t 36 M 999
ILE A0242_ R f 00 S f  0.0 H t 36 M 999
THR A0243_ R f 00 S f  0.0 H t 36 M 999
MET A0244_ R f 00 S f  0.0 H t 36 M 999
LYS A0245_ R f 00 S f  0.0 H t 36 M 999
HIS A0246_ R f 00 S f  0.0 H t 36 M 999
LYS A0247_ R f 00 S f  0.0 H t 36 M 999
LEU A0248_ R f 00 S f  0.0 H t 36 M 999
GLY A0249_ R f 00 S f  0.0 H t 36 M 999
GLY A0250_ R f 00 S f  0.0 H t 36 M 999
GLY A0251_ R f 00 S f  0.0 H t 36 M 999
GLN A0252_ R f 00 S f  0.0 H t 36 M 999
TYR A0253_ R f 00 S f  0.0 H t 36 M 999
GLY A0254_ R f 00 S f  0.0 H t 36 M 999
GLU A0255_ R f 00 S f  0.0 H t 36 M 999
VAL A0256_ R f 00 S f  0.0 H t 36 M 999
TYR A0257_ R f 00 S f  0.0 H t 36 M 999
GLU A0258_ R f 00 S f  0.0 H t 36 M 999
GLY A0259_ R f 00 S f  0.0 H t 36 M 999
VAL A0260_ R f 00 S f  0.0 H t 36 M 999
TRP A0261_ R f 00 S f  0.0 H t 36 M 999
LYS A0262_ R f 00 S f  0.0 H t 36 M 999
LYS A0263_ R f 00 S f  0.0 H t 36 M 999
TYR A0264_ R f 00 S f  0.0 H t 36 M 999
SER A0265_ R f 00 S f  0.0 H t 36 M 999
LEU A0266_ R f 00 S f  0.0 H t 36 M 999
THR A0267_ R f 00 S f  0.0 H t 36 M 999
VAL A0268_ R f 00 S f  0.0 H t 36 M 999
ALA A0269_ R f 00 S f  0.0 H t 36 M 999
VAL A0270_ R f 00 S f  0.0 H t 36 M 999
LYS A0271_ R f 00 S f  0.0 H t 36 M 999
THR A0272_ R f 00 S f  0.0 H t 36 M 999
LEU A0273_ R f 00 S f  0.0 H t 36 M 999
LYS A0274_ R f 00 S f  0.0 H t 36 M 999
GLU A0275_ R f 00 S f  0.0 H t 36 M 999
ASP A0276_ R f 00 S f  0.0 H t 36 M 999
THR A0277_ R f 00 S f  0.0 H t 36 M 999
MET A0278_ R f 00 S f  0.0 H t 36 M 999
GLU A0279_ R f 00 S f  0.0 H t 36 M 999
VAL A0280_ R f 00 S f  0.0 H t 36 M 999
GLU A0281_ R f 00 S f  0.0 H t 36 M 999
GLU A0282_ R f 00 S f  0.0 H t 36 M 999
PHE A0283_ R f 00 S f  0.0 H t 36 M 999
LEU A0284_ R f 00 S f  0.0 H t 36 M 999
LYS A0285_ R f 00 S f  0.0 H t 36 M 999
GLU A0286_ R f 00 S f  0.0 H t 36 M 999
ALA A0287_ R f 00 S f  0.0 H t 36 M 999
ALA A0288_ R f 00 S f  0.0 H t 36 M 999
VAL A0289_ R f 00 S f  0.0 H t 36 M 999
MET A0290_ R f 00 S f  0.0 H t 36 M 999
LYS A0291_ R f 00 S f  0.0 H t 36 M 999
GLU A0292_ R f 00 S f  0.0 H t 36 M 999
ILE A0293_ R f 00 S f  0.0 H t 36 M 999
LYS A0294_ R f 00 S f  0.0 H t 36 M 999
HIS A0295_ R f 00 S f  0.0 H t 36 M 999
PRO A0296_ R f 00 S f  0.0 H t 36 M 999
ASN A0297_ R f 00 S f  0.0 H t 36 M 999
LEU A0298_ R f 00 S f  0.0 H t 36 M 999
VAL A0299_ R f 00 S f  0.0 H t 36 M 999
GLN A0300_ R f 00 S f  0.0 H t 36 M 999
LEU A0301_ R f 00 S f  0.0 H t 36 M 999
LEU A0302_ R f 00 S f  0.0 H t 36 M 999
GLY A0303_ R f 00 S f  0.0 H t 36 M 999
VAL A0304_ R f 00 S f  0.0 H t 36 M 999
CYS A0305_ R f 00 S f  0.0 H t 36 M 999
THR A0306_ R f 00 S f  0.0 H t 36 M 999
ARG A0307_ R f 00 S f  0.0 H t 36 M 999
GLU A0308_ R f 00 S f  0.0 H t 36 M 999
PRO A0309_ R f 00 S f  0.0 H t 36 M 999
PRO A0310_ R f 00 S f  0.0 H t 36 M 999
PHE A0311_ R f 00 S f  0.0 H t 36 M 999
TYR A0312_ R f 00 S f  0.0 H t 36 M 999
ILE A0313_ R f 00 S f  0.0 H t 36 M 999
ILE A0314_ R f 00 S f  0.0 H t 36 M 999
THR A0315_ R f 00 S f  0.0 H t 36 M 999
GLU A0316_ R f 00 S f  0.0 H t 36 M 999
PHE A0317_ R f 00 S f  0.0 H t 36 M 999
MET A0318_ R f 00 S f  0.0 H t 36 M 999
THR A0319_ R f 00 S f  0.0 H t 36 M 999
TYR A0320_ R f 00 S f  0.0 H t 36 M 999
GLY A0321_ R f 00 S f  0.0 H t 36 M 999
ASN A0322_ R f 00 S f  0.0 H t 36 M 999
LEU A0323_ R f 00 S f  0.0 H t 36 M 999
LEU A0324_ R f 00 S f  0.0 H t 36 M 999
ASP A0325_ R f 00 S f  0.0 H t 36 M 999
TYR A0326_ R f 00 S f  0.0 H t 36 M 999
LEU A0327_ R f 00 S f  0.0 H t 36 M 999
ARG A0328_ R f 00 S f  0.0 H t 36 M 999
GLU A0329_ R f 00 S f  0.0 H t 36 M 999
CYS A0330_ R f 00 S f  0.0 H t 36 M 999
ASN A0331_ R f 00 S f  0.0 H t 36 M 999
ARG A0332_ R f 00 S f  0.0 H t 36 M 999
GLN A0333_ R f 00 S f  0.0 H t 36 M 999
GLU A0334_ R f 00 S f  0.0 H t 36 M 999
VAL A0335_ R f 00 S f  0.0 H t 36 M 999
ASN A0336_ R f 00 S f  0.0 H t 36 M 999
ALA A0337_ R f 00 S f  0.0 H t 36 M 999
VAL A0338_ R f 00 S f  0.0 H t 36 M 999
VAL A0339_ R f 00 S f  0.0 H t 36 M 999
LEU A0340_ R f 00 S f  0.0 H t 36 M 999
LEU A0341_ R f 00 S f  0.0 H t 36 M 999
TYR A0342_ R f 00 S f  0.0 H t 36 M 999
MET A0343_ R f 00 S f  0.0 H t 36 M 999
ALA A0344_ R f 00 S f  0.0 H t 36 M 999
THR A0345_ R f 00 S f  0.0 H t 36 M 999
GLN A0346_ R f 00 S f  0.0 H t 36 M 999
ILE A0347_ R f 00 S f  0.0 H t 36 M 999
SER A0348_ R f 00 S f  0.0 H t 36 M 999
SER A0349_ R f 00 S f  0.0 H t 36 M 999
ALA A0350_ R f 00 S f  0.0 H t 36 M 999
MET A0351_ R f 00 S f  0.0 H t 36 M 999
GLU A0352_ R f 00 S f  0.0 H t 36 M 999
TYR A0353_ R f 00 S f  0.0 H t 36 M 999
LEU A0354_ R f 00 S f  0.0 H t 36 M 999
GLU A0355_ R f 00 S f  0.0 H t 36 M 999
LYS A0356_ R f 00 S f  0.0 H t 36 M 999
LYS A0357_ R f 00 S f  0.0 H t 36 M 999
ASN A0358_ R f 00 S f  0.0 H t 36 M 999
PHE A0359_ R f 00 S f  0.0 H t 36 M 999
ILE A0360_ R f 00 S f  0.0 H t 36 M 999
HIS A0361_ R f 00 S f  0.0 H t 36 M 999
ARG A0362_ R f 00 S f  0.0 H t 36 M 999
ASP A0363_ R f 00 S f  0.0 H t 36 M 999
LEU A0364_ R f 00 S f  0.0 H t 36 M 999
ALA A0365_ R f 00 S f  0.0 H t 36 M 999
ALA A0366_ R f 00 S f  0.0 H t 36 M 999
ARG A0367_ R f 00 S f  0.0 H t 36 M 999
ASN A0368_ R f 00 S f  0.0 H t 36 M 999
CYS A0369_ R f 00 S f  0.0 H t 36 M 999
LEU A0370_ R f 00 S f  0.0 H t 36 M 999
VAL A0371_ R f 00 S f  0.0 H t 36 M 999
GLY A0372_ R f 00 S f  0.0 H t 36 M 999
GLU A0373_ R f 00 S f  0.0 H t 36 M 999
ASN A0374_ R f 00 S f  0.0 H t 36 M 999
HIS A0375_ R f 00 S f  0.0 H t 36 M 999
LEU A0376_ R f 00 S f  0.0 H t 36 M 999
VAL A0377_ R f 00 S f  0.0 H t 36 M 999
LYS A0378_ R f 00 S f  0.0 H t 36 M 999
VAL A0379_ R f 00 S f  0.0 H t 36 M 999
ALA A0380_ R f 00 S f  0.0 H t 36 M 999
ASP A0381_ R f 00 S f  0.0 H t 36 M 999
PHE A0382_ R f 00 S f  0.0 H t 36 M 999
GLY A0383_ R f 00 S f  0.0 H t 36 M 999
LEU A0384_ R f 00 S f  0.0 H t 36 M 999
SER A0385_ R f 00 S f  0.0 H t 36 M 999
ARG A0386_ R f 00 S f  0.0 H t 36 M 999
LEU A0387_ R f 00 S f  0.0 H t 36 M 999
MET A0388_ R f 00 S f  0.0 H t 36 M 999
THR A0389_ R f 00 S f  0.0 H t 36 M 999
GLY A0390_ R f 00 S f  0.0 H t 36 M 999
ASP A0391_ R f 00 S f  0.0 H t 36 M 999
THR A0392_ R f 00 S f  0.0 H t 36 M 999
TYR A0393_ R f 00 S f  0.0 H t 36 M 999
THR A0394_ R f 00 S f  0.0 H t 36 M 999
ALA A0395_ R f 00 S f  0.0 H t 36 M 999
HIS A0396_ R f 00 S f  0.0 H t 36 M 999
ALA A0397_ R f 00 S f  0.0 H t 36 M 999
GLY A0398_ R f 00 S f  0.0 H t 36 M 999
ALA A0399_ R f 00 S f  0.0 H t 36 M 999
LYS A0400_ R f 00 S f  0.0 H t 36 M 999
PHE A0401_ R f 00 S f  0.0 H t 36 M 999
PRO A0402_ R f 00 S f  0.0 H t 36 M 999
ILE A0403_ R f 00 S f  0.0 H t 36 M 999
LYS A0404_ R f 00 S f  0.0 H t 36 M 999
TRP A0405_ R f 00 S f  0.0 H t 36 M 999
THR A0406_ R f 00 S f  0.0 H t 36 M 999
ALA A0407_ R f 00 S f  0.0 H t 36 M 999
PRO A0408_ R f 00 S f  0.0 H t 36 M 999
GLU A0409_ R f 00 S f  0.0 H t 36 M 999
SER A0410_ R f 00 S f  0.0 H t 36 M 999
LEU A0411_ R f 00 S f  0.0 H t 36 M 999
ALA A0412_ R f 00 S f  0.0 H t 36 M 999
TYR A0413_ R f 00 S f  0.0 H t 36 M 999
ASN A0414_ R f 00 S f  0.0 H t 36 M 999
LYS A0415_ R f 00 S f  0.0 H t 36 M 999
PHE A0416_ R f 00 S f  0.0 H t 36 M 999
SER A0417_ R f 00 S f  0.0 H t 36 M 999
ILE A0418_ R f 00 S f  0.0 H t 36 M 999
LYS A0419_ R f 00 S f  0.0 H t 36 M 999
SER A0420_ R f 00 S f  0.0 H t 36 M 999
ASP A0421_ R f 00 S f  0.0 H t 36 M 999
VAL A0422_ R f 00 S f  0.0 H t 36 M 999
TRP A0423_ R f 00 S f  0.0 H t 36 M 999
ALA A0424_ R f 00 S f  0.0 H t 36 M 999
PHE A0425_ R f 00 S f  0.0 H t 36 M 999
GLY A0426_ R f 00 S f  0.0 H t 36 M 999
VAL A0427_ R f 00 S f  0.0 H t 36 M 999
LEU A0428_ R f 00 S f  0.0 H t 36 M 999
LEU A0429_ R f 00 S f  0.0 H t 36 M 999
TRP A0430_ R f 00 S f  0.0 H t 36 M 999
GLU A0431_ R f 00 S f  0.0 H t 36 M 999
ILE A0432_ R f 00 S f  0.0 H t 36 M 999
ALA A0433_ R f 00 S f  0.0 H t 36 M 999
THR A0434_ R f 00 S f  0.0 H t 36 M 999
TYR A0435_ R f 00 S f  0.0 H t 36 M 999
GLY A0436_ R f 00 S f  0.0 H t 36 M 999
MET A0437_ R f 00 S f  0.0 H t 36 M 999
SER A0438_ R f 00 S f  0.0 H t 36 M 999
PRO A0439_ R f 00 S f  0.0 H t 36 M 999
TYR A0440_ R f 00 S f  0.0 H t 36 M 999
PRO A0441_ R f 00 S f  0.0 H t 36 M 999
GLY A0442_ R f 00 S f  0.0 H t 36 M 999
ILE A0443_ R f 00 S f  0.0 H t 36 M 999
ASP A0444_ R f 00 S f  0.0 H t 36 M 999
LEU A0445_ R f 00 S f  0.0 H t 36 M 999
SER A0446_ R f 00 S f  0.0 H t 36 M 999
GLN A0447_ R f 00 S f  0.0 H t 36 M 999
VAL A0448_ R f 00 S f  0.0 H t 36 M 999
TYR A0449_ R f 00 S f  0.0 H t 36 M 999
GLU A0450_ R f 00 S f  0.0 H t 36 M 999
LEU A0451_ R f 00 S f  0.0 H t 36 M 999
LEU A0452_ R f 00 S f  0.0 H t 36 M 999
GLU A0453_ R f 00 S f  0.0 H t 36 M 999
LYS A0454_ R f 00 S f  0.0 H t 36 M 999
ASP A0455_ R f 00 S f  0.0 H t 36 M 999
TYR A0456_ R f 00 S f  0.0 H t 36 M 999
ARG A0457_ R f 00 S f  0.0 H t 36 M 999
MET A0458_ R f 00 S f  0.0 H t 36 M 999
GLU A0459_ R f 00 S f  0.0 H t 36 M 999
ARG A0460_ R f 00 S f  0.0 H t 36 M 999
PRO A0461_ R f 00 S f  0.0 H t 36 M 999
GLU A0462_ R f 00 S f  0.0 H t 36 M 999
GLY A0463_ R f 00 S f  0.0 H t 36 M 999
CYS A0464_ R f 00 S f  0.0 H t 36 M 999
PRO A0465_ R f 00 S f  0.0 H t 36 M 999
GLU A0466_ R f 00 S f  0.0 H t 36 M 999
LYS A0467_ R f 00 S f  0.0 H t 36 M 999
VAL A0468_ R f 00 S f  0.0 H t 36 M 999
TYR A0469_ R f 00 S f  0.0 H t 36 M 999
GLU A0470_ R f 00 S f  0.0 H t 36 M 999
LEU A0471_ R f 00 S f  0.0 H t 36 M 999
MET A0472_ R f 00 S f  0.0 H t 36 M 999
ARG A0473_ R f 00 S f  0.0 H t 36 M 999
ALA A0474_ R f 00 S f  0.0 H t 36 M 999
CYS A0475_ R f 00 S f  0.0 H t 36 M 999
TRP A0476_ R f 00 S f  0.0 H t 36 M 999
GLN A0477_ R f 00 S f  0.0 H t 36 M 999
TRP A0478_ R f 00 S f  0.0 H t 36 M 999
ASN A0479_ R f 00 S f  0.0 H t 36 M 999
PRO A0480_ R f 00 S f  0.0 H t 36 M 999
SER A0481_ R f 00 S f  0.0 H t 36 M 999
ASP A0482_ R f 00 S f  0.0 H t 36 M 999
ARG A0483_ R f 00 S f  0.0 H t 36 M 999
PRO A0484_ R f 00 S f  0.0 H t 36 M 999
SER A0485_ R f 00 S f  0.0 H t 36 M 999
PHE A0486_ R f 00 S f  0.0 H t 36 M 999
ALA A0487_ R f 00 S f  0.0 H t 36 M 999
GLU A0488_ R f 00 S f  0.0 H t 36 M 999
ILE A0489_ R f 00 S f  0.0 H t 36 M 999
HIS A0490_ R f 00 S f  0.0 H t 36 M 999
GLN A0491_ R f 00 S f  0.0 H t 36 M 999
ALA A0492_ R f 00 S f  0.0 H t 36 M 999
PHE A0493_ R f 00 S f  0.0 H t 36 M 999
GLU A0494_ R f 00 S f  0.0 H t 36 M 999
THR A0495_ R f 00 S f  0.0 H t 36 M 999
MET A0496_ R f 00 S f  0.0 H t 36 M 999
PHE A0497_ R f 00 S f  0.0 H t 36 M 999
GLN A0498_ R f 00 S f  0.0 H t 36 M 999
GLU A0499_ R f 00 S f  0.0 H t 36 M 999
SER A0500_ R f 00 S f  0.0 H t 36 M 999
SER A0501_ R f 00 S f  0.0 H t 36 M 999
ILE A0502_ R f 00 S f  0.0 H t 36 M 999
DB8 A0601_ R f 00 S f  0.0 H t 36 M 999
