   Error! get_connect12(): connectivity of atom " N   TRP A0235" is not complete:

          get_connect12(): atom  C   of residue i-1 is not found 

   Error! get_connect12(): connectivity of atom " C   LYS A0274" is not complete:

          get_connect12(): atom  N   of residue i+1 is not found 

   Error! get_connect12(): connectivity of atom " N   ASP A0276" is not complete:

          get_connect12(): atom  C   of residue i-1 is not found 

   Error! get_connect12(): connectivity of atom " C   GLN A0498" is not complete:

          get_connect12(): atom  N   of residue i+1 is not found 

VDW_RAD  STI+1  C1    1.91
VDW_EPS  STI+1  C1    0.11
VDW_RAD  STI+1  C6    1.91
VDW_EPS  STI+1  C6    0.11
VDW_RAD  STI+1  C5    1.91
VDW_EPS  STI+1  C5    0.11
VDW_RAD  STI+1  C4    1.91
VDW_EPS  STI+1  C4    0.11
VDW_RAD  STI+1  N3    1.82
VDW_EPS  STI+1  N3    0.17
VDW_RAD  STI+1  C2    1.91
VDW_EPS  STI+1  C2    0.11
VDW_RAD  STI+1  C7    1.91
VDW_EPS  STI+1  C7    0.11
VDW_RAD  STI+1  C12   1.91
VDW_EPS  STI+1  C12   0.11
VDW_RAD  STI+1  C11   1.91
VDW_EPS  STI+1  C11   0.11
VDW_RAD  STI+1  N10   1.82
VDW_EPS  STI+1  N10   0.17
VDW_RAD  STI+1  C9    1.91
VDW_EPS  STI+1  C9    0.11
VDW_RAD  STI+1  N8    1.82
VDW_EPS  STI+1  N8    0.17
VDW_RAD  STI+1  N13   1.82
VDW_EPS  STI+1  N13   0.17
VDW_RAD  STI+1  C14   1.91
VDW_EPS  STI+1  C14   0.11
VDW_RAD  STI+1  C19   1.91
VDW_EPS  STI+1  C19   0.11
VDW_RAD  STI+1  C18   1.91
VDW_EPS  STI+1  C18   0.11
VDW_RAD  STI+1  C17   1.91
VDW_EPS  STI+1  C17   0.11
VDW_RAD  STI+1  C16   1.91
VDW_EPS  STI+1  C16   0.11
VDW_RAD  STI+1  C15   1.91
VDW_EPS  STI+1  C15   0.11
VDW_RAD  STI+1  N21   1.82
VDW_EPS  STI+1  N21   0.17
VDW_RAD  STI+1  C22   1.91
VDW_EPS  STI+1  C22   0.11
VDW_RAD  STI+1  C23   1.91
VDW_EPS  STI+1  C23   0.11
VDW_RAD  STI+1  C25   1.91
VDW_EPS  STI+1  C25   0.11
VDW_RAD  STI+1  C26   1.91
VDW_EPS  STI+1  C26   0.11
VDW_RAD  STI+1  C27   1.91
VDW_EPS  STI+1  C27   0.11
VDW_RAD  STI+1  C28   1.91
VDW_EPS  STI+1  C28   0.11
VDW_RAD  STI+1  C29   1.91
VDW_EPS  STI+1  C29   0.11
VDW_RAD  STI+1  C46   1.91
VDW_EPS  STI+1  C46   0.11
VDW_RAD  STI+1  N48   1.82
VDW_EPS  STI+1  N48   0.17
VDW_RAD  STI+1  C53   1.91
VDW_EPS  STI+1  C53   0.11
VDW_RAD  STI+1  C52   1.91
VDW_EPS  STI+1  C52   0.11
VDW_RAD  STI+1  N51   1.82
VDW_EPS  STI+1  N51   0.17
VDW_RAD  STI+1  C54   1.91
VDW_EPS  STI+1  C54   0.11
VDW_RAD  STI+1  C50   1.91
VDW_EPS  STI+1  C50   0.11
VDW_RAD  STI+1  C49   1.91
VDW_EPS  STI+1  C49   0.11
VDW_RAD  STI+1  O29   1.66
VDW_EPS  STI+1  O29   0.21
VDW_RAD  STI+1  C20   1.91
VDW_EPS  STI+1  C20   0.11
   Error! get_connect12(): connectivity of atom " N   TRP A0235" is not complete:

          get_connect12(): atom  C   of residue i-1 is not found 

TORSION  TRPBK  H    N    CA   C    f        0.0         2    180.00
   Error! get_connect12(): connectivity of atom " N   TRP A0235" is not complete:

          get_connect12(): atom  C   of residue i-1 is not found 

   Error! get_connect12(): connectivity of atom " N   TRP A0235" is not complete:

          get_connect12(): atom  C   of residue i-1 is not found 

   Error! get_connect12(): connectivity of atom " N   TRP A0235" is not complete:

          get_connect12(): atom  C   of residue i-1 is not found 

   Error! get_connect12(): connectivity of atom " C   LYS A0274" is not complete:

          get_connect12(): atom  N   of residue i+1 is not found 

   Error! get_connect12(): connectivity of atom " C   LYS A0274" is not complete:

          get_connect12(): atom  N   of residue i+1 is not found 

   Error! get_connect12(): connectivity of atom " C   LYS A0274" is not complete:

          get_connect12(): atom  N   of residue i+1 is not found 

   Error! get_connect12(): connectivity of atom " C   LYS A0274" is not complete:

          get_connect12(): atom  N   of residue i+1 is not found 

   Error! get_connect12(): connectivity of atom " N   ASP A0276" is not complete:

          get_connect12(): atom  C   of residue i-1 is not found 

TORSION  ASPBK  H    N    CA   C    f        0.0         2    180.00
   Error! get_connect12(): connectivity of atom " N   ASP A0276" is not complete:

          get_connect12(): atom  C   of residue i-1 is not found 

   Error! get_connect12(): connectivity of atom " N   ASP A0276" is not complete:

          get_connect12(): atom  C   of residue i-1 is not found 

   Error! get_connect12(): connectivity of atom " N   ASP A0276" is not complete:

          get_connect12(): atom  C   of residue i-1 is not found 

   Error! get_connect12(): connectivity of atom " C   GLN A0498" is not complete:

          get_connect12(): atom  N   of residue i+1 is not found 

   Error! get_connect12(): connectivity of atom " C   GLN A0498" is not complete:

          get_connect12(): atom  N   of residue i+1 is not found 

   Error! get_connect12(): connectivity of atom " C   GLN A0498" is not complete:

          get_connect12(): atom  N   of residue i+1 is not found 

   Error! get_connect12(): connectivity of atom " C   GLN A0498" is not complete:

          get_connect12(): atom  N   of residue i+1 is not found 

TORSION  STI+1 H541  C54  N51  C52  f        0.0         3      0.00
TORSION  STI+1 H201  C20  C19  C14  f        0.0         3      0.00
   Error! get_connect12(): connectivity of atom " N   TRP A0235" is not complete:

          get_connect12(): atom  C   of residue i-1 is not found 

   Error! get_connect12(): connectivity of atom " C   LYS A0274" is not complete:

          get_connect12(): atom  N   of residue i+1 is not found 

   Error! get_connect12(): connectivity of atom " N   ASP A0276" is not complete:

          get_connect12(): atom  C   of residue i-1 is not found 

   Error! get_connect12(): connectivity of atom " C   GLN A0498" is not complete:

          get_connect12(): atom  N   of residue i+1 is not found 

VDW_RAD  STI+1  H11   1.49
VDW_EPS  STI+1  H11   0.02
VDW_RAD  STI+1  H61   1.49
VDW_EPS  STI+1  H61   0.02
VDW_RAD  STI+1  H41   1.49
VDW_EPS  STI+1  H41   0.02
VDW_RAD  STI+1  H21   1.49
VDW_EPS  STI+1  H21   0.02
VDW_RAD  STI+1 H121   1.49
VDW_EPS  STI+1 H121   0.02
VDW_RAD  STI+1 H111   1.49
VDW_EPS  STI+1 H111   0.02
VDW_RAD  STI+1 H131   1.49
VDW_EPS  STI+1 H131   0.02
VDW_RAD  STI+1 H181   1.49
VDW_EPS  STI+1 H181   0.02
VDW_RAD  STI+1 H171   1.49
VDW_EPS  STI+1 H171   0.02
VDW_RAD  STI+1 H151   1.49
VDW_EPS  STI+1 H151   0.02
VDW_RAD  STI+1 H211   1.49
VDW_EPS  STI+1 H211   0.02
VDW_RAD  STI+1 H251   1.49
VDW_EPS  STI+1 H251   0.02
VDW_RAD  STI+1 H261   1.49
VDW_EPS  STI+1 H261   0.02
VDW_RAD  STI+1 H281   1.49
VDW_EPS  STI+1 H281   0.02
VDW_RAD  STI+1 H291   1.49
VDW_EPS  STI+1 H291   0.02
VDW_RAD  STI+1 H461   1.49
VDW_EPS  STI+1 H461   0.02
VDW_RAD  STI+1 H462   1.49
VDW_EPS  STI+1 H462   0.02
VDW_RAD  STI+1 H531   1.49
VDW_EPS  STI+1 H531   0.02
VDW_RAD  STI+1 H532   1.49
VDW_EPS  STI+1 H532   0.02
VDW_RAD  STI+1 H521   1.49
VDW_EPS  STI+1 H521   0.02
VDW_RAD  STI+1 H522   1.49
VDW_EPS  STI+1 H522   0.02
VDW_RAD  STI+1 H541   1.49
VDW_EPS  STI+1 H541   0.02
VDW_RAD  STI+1 H542   1.49
VDW_EPS  STI+1 H542   0.02
VDW_RAD  STI+1 H543   1.49
VDW_EPS  STI+1 H543   0.02
VDW_RAD  STI+1 H501   1.49
VDW_EPS  STI+1 H501   0.02
VDW_RAD  STI+1 H502   1.49
VDW_EPS  STI+1 H502   0.02
VDW_RAD  STI+1 H491   1.49
VDW_EPS  STI+1 H491   0.02
VDW_RAD  STI+1 H492   1.49
VDW_EPS  STI+1 H492   0.02
VDW_RAD  STI+1 H201   1.49
VDW_EPS  STI+1 H201   0.02
VDW_RAD  STI+1 H202   1.49
VDW_EPS  STI+1 H202   0.02
VDW_RAD  STI+1 H203   1.49
VDW_EPS  STI+1 H203   0.02
   Error! get_connect12(): connectivity of atom " N   TRP A0235" is not complete:

          get_connect12(): atom  C   of residue i-1 is not found 

   Error! get_connect12(): connectivity of atom " C   LYS A0274" is not complete:

          get_connect12(): atom  N   of residue i+1 is not found 

   Error! get_connect12(): connectivity of atom " N   ASP A0276" is not complete:

          get_connect12(): atom  C   of residue i-1 is not found 

   Error! get_connect12(): connectivity of atom " C   GLN A0498" is not complete:

          get_connect12(): atom  N   of residue i+1 is not found 

CHARGE   TRPBK  HA      0.000
CHARGE   TRP01  CB      0.000
CHARGE   TRP01  HB2     0.000
CHARGE   TRP01  HB3     0.000
CHARGE   TRP01  CG      0.000
CHARGE   TRP01  CD1     0.000
CHARGE   TRP01  HD1     0.000
CHARGE   TRP01  CD2     0.000
CHARGE   TRP01  NE1     0.000
CHARGE   TRP01  HE1     0.000
CHARGE   TRP01  CE2     0.000
CHARGE   TRP01  CE3     0.000
CHARGE   TRP01  HE3     0.000
CHARGE   TRP01  CZ2     0.000
CHARGE   TRP01  HZ2     0.000
CHARGE   TRP01  CZ3     0.000
CHARGE   TRP01  HZ3     0.000
CHARGE   TRP01  CH2     0.000
CHARGE   TRP01  HH2     0.000
CHARGE   GLUBK  HA      0.000
CHARGE   GLU01  CB      0.000
CHARGE   GLU01  HB2     0.000
CHARGE   GLU01  HB3     0.000
CHARGE   GLU01  CG      0.000
CHARGE   GLU01  HG2     0.000
CHARGE   GLU01  HG3     0.000
CHARGE   METBK  HA      0.000
CHARGE   MET01  CB      0.000
CHARGE   MET01  HB2     0.000
CHARGE   MET01  HB3     0.000
CHARGE   MET01  HG2     0.000
CHARGE   MET01  HG3     0.000
CHARGE   MET01  HE1     0.000
CHARGE   MET01  HE2     0.000
CHARGE   MET01  HE3     0.000
CHARGE   ARGBK  HA      0.000
CHARGE   ARG01  CB      0.000
CHARGE   ARG01  HB2     0.000
CHARGE   ARG01  HB3     0.000
CHARGE   ARG01  CG      0.000
CHARGE   ARG01  HG2     0.000
CHARGE   ARG01  HG3     0.000
CHARGE   ARG01  HD2     0.000
CHARGE   ARG01  HD3     0.000
CHARGE   THRBK  HA      0.000
CHARGE   THR01  CB      0.000
CHARGE   THR01  HB      0.000
CHARGE   THR01  CG2     0.000
CHARGE   THR01 HG21     0.000
CHARGE   THR01 HG22     0.000
CHARGE   THR01 HG23     0.000
CHARGE   ASPBK  HA      0.000
CHARGE   ASP01  CB      0.000
CHARGE   ASP01  HB2     0.000
CHARGE   ASP01  HB3     0.000
CHARGE   ILEBK  HA      0.000
CHARGE   ILE01  CB      0.000
CHARGE   ILE01  HB      0.000
CHARGE   ILE01  CG1     0.000
CHARGE   ILE01 HG12     0.000
CHARGE   ILE01 HG13     0.000
CHARGE   ILE01  CG2     0.000
CHARGE   ILE01 HG21     0.000
CHARGE   ILE01 HG22     0.000
CHARGE   ILE01 HG23     0.000
CHARGE   ILE01  CD1     0.000
CHARGE   ILE01 HD11     0.000
CHARGE   ILE01 HD12     0.000
CHARGE   ILE01 HD13     0.000
CHARGE   LYSBK  HA      0.000
CHARGE   LYS01  CB      0.000
CHARGE   LYS01  HB2     0.000
CHARGE   LYS01  HB3     0.000
CHARGE   LYS01  CG      0.000
CHARGE   LYS01  HG2     0.000
CHARGE   LYS01  HG3     0.000
CHARGE   LYS01  CD      0.000
CHARGE   LYS01  HD2     0.000
CHARGE   LYS01  HD3     0.000
CHARGE   LYS01  CE      0.000
CHARGE   LYS01  HE2     0.000
CHARGE   LYS01  HE3     0.000
CHARGE   HISBK  HA      0.000
CHARGE   HIS01  HB2     0.000
CHARGE   HIS01  HB3     0.000
CHARGE   LEUBK  HA      0.000
CHARGE   LEU01  CB      0.000
CHARGE   LEU01  HB2     0.000
CHARGE   LEU01  HB3     0.000
CHARGE   LEU01  CG      0.000
CHARGE   LEU01  HG      0.000
CHARGE   LEU01  CD1     0.000
CHARGE   LEU01 HD11     0.000
CHARGE   LEU01 HD12     0.000
CHARGE   LEU01 HD13     0.000
CHARGE   LEU01  CD2     0.000
CHARGE   LEU01 HD21     0.000
CHARGE   LEU01 HD22     0.000
CHARGE   LEU01 HD23     0.000
CHARGE   GLYBK  HA2     0.000
CHARGE   GLYBK  HA3     0.000
CHARGE   GLNBK  HA      0.000
CHARGE   GLN01  CB      0.000
CHARGE   GLN01  HB2     0.000
CHARGE   GLN01  HB3     0.000
CHARGE   GLN01  CG      0.000
CHARGE   GLN01  HG2     0.000
CHARGE   GLN01  HG3     0.000
CHARGE   TYRBK  HA      0.000
CHARGE   TYR01  HB2     0.000
CHARGE   TYR01  HB3     0.000
CHARGE   VALBK  HA      0.000
CHARGE   VAL01  CB      0.000
CHARGE   VAL01  HB      0.000
CHARGE   VAL01  CG1     0.000
CHARGE   VAL01 HG11     0.000
CHARGE   VAL01 HG12     0.000
CHARGE   VAL01 HG13     0.000
CHARGE   VAL01  CG2     0.000
CHARGE   VAL01 HG21     0.000
CHARGE   VAL01 HG22     0.000
CHARGE   VAL01 HG23     0.000
CHARGE   SERBK  HA      0.000
CHARGE   SER01  CB      0.000
CHARGE   SER01  HB2     0.000
CHARGE   SER01  HB3     0.000
CHARGE   ALABK  HA      0.000
CHARGE   ALA01  CB      0.000
CHARGE   ALA01  HB1     0.000
CHARGE   ALA01  HB2     0.000
CHARGE   ALA01  HB3     0.000
CHARGE   PHEBK  HA      0.000
CHARGE   PHE01  CB      0.000
CHARGE   PHE01  HB2     0.000
CHARGE   PHE01  HB3     0.000
CHARGE   PHE01  CG      0.000
CHARGE   PHE01  CD1     0.000
CHARGE   PHE01  HD1     0.000
CHARGE   PHE01  CD2     0.000
CHARGE   PHE01  HD2     0.000
CHARGE   PHE01  CE1     0.000
CHARGE   PHE01  HE1     0.000
CHARGE   PHE01  CE2     0.000
CHARGE   PHE01  HE2     0.000
CHARGE   PHE01  CZ      0.000
CHARGE   PHE01  HZ      0.000
CHARGE   PROBK  N       0.000
CHARGE   PROBK  CA      0.000
CHARGE   PROBK  HA      0.000
CHARGE   PROBK  C       0.000
CHARGE   PROBK  O       0.000
CHARGE   PRO01  CB      0.000
CHARGE   PRO01  HB2     0.000
CHARGE   PRO01  HB3     0.000
CHARGE   PRO01  CG      0.000
CHARGE   PRO01  HG2     0.000
CHARGE   PRO01  HG3     0.000
CHARGE   PRO01  CD      0.000
CHARGE   PRO01  HD2     0.000
CHARGE   PRO01  HD3     0.000
CHARGE   ASNBK  HA      0.000
CHARGE   ASN01  CB      0.000
CHARGE   ASN01  HB2     0.000
CHARGE   ASN01  HB3     0.000
CHARGE   CYSBK  HA      0.000
CHARGE   CYS01  CB      0.000
CHARGE   CYS01  HB2     0.000
CHARGE   CYS01  HB3     0.000
   Error! get_connect12(): connectivity of atom " N   TRP A0235" is not complete:

          get_connect12(): atom  C   of residue i-1 is not found 

   Error! get_connect12(): connectivity of atom " C   LYS A0274" is not complete:

          get_connect12(): atom  N   of residue i+1 is not found 

   Error! get_connect12(): connectivity of atom " N   ASP A0276" is not complete:

          get_connect12(): atom  C   of residue i-1 is not found 

   Error! get_connect12(): connectivity of atom " C   GLN A0498" is not complete:

          get_connect12(): atom  N   of residue i+1 is not found 

   Error! get_connect12(): connectivity of atom " N   TRP A0235" is not complete:

          get_connect12(): atom  C   of residue i-1 is not found 

   Error! get_connect12(): connectivity of atom " C   LYS A0274" is not complete:

          get_connect12(): atom  N   of residue i+1 is not found 

   Error! get_connect12(): connectivity of atom " N   ASP A0276" is not complete:

          get_connect12(): atom  C   of residue i-1 is not found 

   Error! get_connect12(): connectivity of atom " C   GLN A0498" is not complete:

          get_connect12(): atom  N   of residue i+1 is not found 

   Error! get_connect12(): connectivity of atom " N   TRP A0235" is not complete:

          get_connect12(): atom  C   of residue i-1 is not found 

   Error! get_connect12(): connectivity of atom " C   LYS A0274" is not complete:

          get_connect12(): atom  N   of residue i+1 is not found 

   Error! get_connect12(): connectivity of atom " N   ASP A0276" is not complete:

          get_connect12(): atom  C   of residue i-1 is not found 

   Error! get_connect12(): connectivity of atom " C   GLN A0498" is not complete:

          get_connect12(): atom  N   of residue i+1 is not found 

   Error! get_connect12(): connectivity of atom " N   TRP A0235" is not complete:

          get_connect12(): atom  C   of residue i-1 is not found 

   Error! get_connect12(): connectivity of atom " C   LYS A0274" is not complete:

          get_connect12(): atom  N   of residue i+1 is not found 

   Error! get_connect12(): connectivity of atom " N   ASP A0276" is not complete:

          get_connect12(): atom  C   of residue i-1 is not found 

   Error! get_connect12(): connectivity of atom " C   GLN A0498" is not complete:

          get_connect12(): atom  N   of residue i+1 is not found 

   Error! get_connect12(): connectivity of atom " N   TRP A0235" is not complete:

          get_connect12(): atom  C   of residue i-1 is not found 

   Error! get_connect12(): connectivity of atom " C   LYS A0274" is not complete:

          get_connect12(): atom  N   of residue i+1 is not found 

   Error! get_connect12(): connectivity of atom " N   ASP A0276" is not complete:

          get_connect12(): atom  C   of residue i-1 is not found 

   Error! get_connect12(): connectivity of atom " C   GLN A0498" is not complete:

          get_connect12(): atom  N   of residue i+1 is not found 

   Error! get_connect12(): connectivity of atom " N   TRP A0235" is not complete:

          get_connect12(): atom  C   of residue i-1 is not found 

   Error! get_connect12(): connectivity of atom " N   TRP A0235" is not complete:

          get_connect12(): atom  C   of residue i-1 is not found 

   Error! get_connect12(): connectivity of atom " C   LYS A0274" is not complete:

          get_connect12(): atom  N   of residue i+1 is not found 

   Error! get_connect12(): connectivity of atom " C   LYS A0274" is not complete:

          get_connect12(): atom  N   of residue i+1 is not found 

   Error! get_connect12(): connectivity of atom " N   ASP A0276" is not complete:

          get_connect12(): atom  C   of residue i-1 is not found 

   Error! get_connect12(): connectivity of atom " N   ASP A0276" is not complete:

          get_connect12(): atom  C   of residue i-1 is not found 

   Error! get_connect12(): connectivity of atom " C   GLN A0498" is not complete:

          get_connect12(): atom  N   of residue i+1 is not found 

   Error! get_connect12(): connectivity of atom " C   GLN A0498" is not complete:

          get_connect12(): atom  N   of residue i+1 is not found 

   Error! get_connect12(): connectivity of atom " N   TRP A0235" is not complete:

          get_connect12(): atom  C   of residue i-1 is not found 

   Error! get_connect12(): connectivity of atom " C   LYS A0274" is not complete:

          get_connect12(): atom  N   of residue i+1 is not found 

   Error! get_connect12(): connectivity of atom " N   ASP A0276" is not complete:

          get_connect12(): atom  C   of residue i-1 is not found 

   Error! get_connect12(): connectivity of atom " C   GLN A0498" is not complete:

          get_connect12(): atom  N   of residue i+1 is not found 

   Error! get_connect12(): connectivity of atom " N   TRP A0235" is not complete:

          get_connect12(): atom  C   of residue i-1 is not found 

   Error! get_connect12(): connectivity of atom " C   LYS A0274" is not complete:

          get_connect12(): atom  N   of residue i+1 is not found 

   Error! get_connect12(): connectivity of atom " N   ASP A0276" is not complete:

          get_connect12(): atom  C   of residue i-1 is not found 

   Error! get_connect12(): connectivity of atom " C   GLN A0498" is not complete:

          get_connect12(): atom  N   of residue i+1 is not found 

   Error! get_connect12(): connectivity of atom " N   TRP A0235" is not complete:

          get_connect12(): atom  C   of residue i-1 is not found 

   Error! get_connect12(): connectivity of atom " C   LYS A0274" is not complete:

          get_connect12(): atom  N   of residue i+1 is not found 

   Error! get_connect12(): connectivity of atom " N   ASP A0276" is not complete:

          get_connect12(): atom  C   of residue i-1 is not found 

   Error! get_connect12(): connectivity of atom " C   GLN A0498" is not complete:

          get_connect12(): atom  N   of residue i+1 is not found 

   Error! get_connect12(): connectivity of atom " N   TRP A0235" is not complete:

          get_connect12(): atom  C   of residue i-1 is not found 

   Error! get_connect12(): connectivity of atom " C   LYS A0274" is not complete:

          get_connect12(): atom  N   of residue i+1 is not found 

   Error! get_connect12(): connectivity of atom " N   ASP A0276" is not complete:

          get_connect12(): atom  C   of residue i-1 is not found 

   Error! get_connect12(): connectivity of atom " C   GLN A0498" is not complete:

          get_connect12(): atom  N   of residue i+1 is not found 

   Error! get_connect12(): connectivity of atom " N   TRP A0235" is not complete:

          get_connect12(): atom  C   of residue i-1 is not found 

   Error! get_connect12(): connectivity of atom " C   LYS A0274" is not complete:

          get_connect12(): atom  N   of residue i+1 is not found 

   Error! get_connect12(): connectivity of atom " N   ASP A0276" is not complete:

          get_connect12(): atom  C   of residue i-1 is not found 

   Error! get_connect12(): connectivity of atom " C   GLN A0498" is not complete:

          get_connect12(): atom  N   of residue i+1 is not found 

   Error! get_connect12(): connectivity of atom " N   TRP A0235" is not complete:

          get_connect12(): atom  C   of residue i-1 is not found 

   Error! get_connect12(): connectivity of atom " N   TRP A0235" is not complete:

          get_connect12(): atom  C   of residue i-1 is not found 

   Error! get_connect12(): connectivity of atom " C   LYS A0274" is not complete:

          get_connect12(): atom  N   of residue i+1 is not found 

   Error! get_connect12(): connectivity of atom " C   LYS A0274" is not complete:

          get_connect12(): atom  N   of residue i+1 is not found 

   Error! get_connect12(): connectivity of atom " N   ASP A0276" is not complete:

          get_connect12(): atom  C   of residue i-1 is not found 

   Error! get_connect12(): connectivity of atom " N   ASP A0276" is not complete:

          get_connect12(): atom  C   of residue i-1 is not found 

   Error! get_connect12(): connectivity of atom " C   GLN A0498" is not complete:

          get_connect12(): atom  N   of residue i+1 is not found 

   Error! get_connect12(): connectivity of atom " C   GLN A0498" is not complete:

          get_connect12(): atom  N   of residue i+1 is not found 

TORSION  STI+b H541  C54  N51  C52  f        0.0         3      0.00
TORSION  STI+b H201  C20  C19  C14  f        0.0         3      0.00
TORSION  STI+a H541  C54  N51  C52  f        0.0         3      0.00
TORSION  STI+a H201  C20  C19  C14  f        0.0         3      0.00
TORSION  STI01 H541  C54  N51  C52  f        0.0         3      0.00
TORSION  STI01 H201  C20  C19  C14  f        0.0         3      0.00
TORSION  STI+2 H541  C54  N51  C52  f        0.0         3      0.00
TORSION  STI+2 H201  C20  C19  C14  f        0.0         3      0.00
   Error! get_connect12(): connectivity of atom " N   TRP A0235" is not complete:

          get_connect12(): atom  C   of residue i-1 is not found 

   Error! get_connect12(): connectivity of atom " C   LYS A0274" is not complete:

          get_connect12(): atom  N   of residue i+1 is not found 

   Error! get_connect12(): connectivity of atom " N   ASP A0276" is not complete:

          get_connect12(): atom  C   of residue i-1 is not found 

   Error! get_connect12(): connectivity of atom " C   GLN A0498" is not complete:

          get_connect12(): atom  N   of residue i+1 is not found 

   Error! get_connect12(): connectivity of atom " N   TRP A0235" is not complete:

          get_connect12(): atom  C   of residue i-1 is not found 

   Error! get_connect12(): connectivity of atom " C   LYS A0274" is not complete:

          get_connect12(): atom  N   of residue i+1 is not found 

   Error! get_connect12(): connectivity of atom " N   ASP A0276" is not complete:

          get_connect12(): atom  C   of residue i-1 is not found 

   Error! get_connect12(): connectivity of atom " C   GLN A0498" is not complete:

          get_connect12(): atom  N   of residue i+1 is not found 

VDW_RAD  STI+1  H69   1.49
VDW_EPS  STI+1  H69   0.02
VDW_RAD  STI+b  C1    1.91
VDW_EPS  STI+b  C1    0.11
VDW_RAD  STI+b  C6    1.91
VDW_EPS  STI+b  C6    0.11
VDW_RAD  STI+b  C5    1.91
VDW_EPS  STI+b  C5    0.11
VDW_RAD  STI+b  C4    1.91
VDW_EPS  STI+b  C4    0.11
VDW_RAD  STI+b  N3    1.82
VDW_EPS  STI+b  N3    0.17
VDW_RAD  STI+b  C2    1.91
VDW_EPS  STI+b  C2    0.11
VDW_RAD  STI+b  C7    1.91
VDW_EPS  STI+b  C7    0.11
VDW_RAD  STI+b  C12   1.91
VDW_EPS  STI+b  C12   0.11
VDW_RAD  STI+b  C11   1.91
VDW_EPS  STI+b  C11   0.11
VDW_RAD  STI+b  N10   1.82
VDW_EPS  STI+b  N10   0.17
VDW_RAD  STI+b  C9    1.91
VDW_EPS  STI+b  C9    0.11
VDW_RAD  STI+b  N8    1.82
VDW_EPS  STI+b  N8    0.17
VDW_RAD  STI+b  N13   1.82
VDW_EPS  STI+b  N13   0.17
VDW_RAD  STI+b  C14   1.91
VDW_EPS  STI+b  C14   0.11
VDW_RAD  STI+b  C19   1.91
VDW_EPS  STI+b  C19   0.11
VDW_RAD  STI+b  C18   1.91
VDW_EPS  STI+b  C18   0.11
VDW_RAD  STI+b  C17   1.91
VDW_EPS  STI+b  C17   0.11
VDW_RAD  STI+b  C16   1.91
VDW_EPS  STI+b  C16   0.11
VDW_RAD  STI+b  C15   1.91
VDW_EPS  STI+b  C15   0.11
VDW_RAD  STI+b  N21   1.82
VDW_EPS  STI+b  N21   0.17
VDW_RAD  STI+b  C22   1.91
VDW_EPS  STI+b  C22   0.11
VDW_RAD  STI+b  C23   1.91
VDW_EPS  STI+b  C23   0.11
VDW_RAD  STI+b  C25   1.91
VDW_EPS  STI+b  C25   0.11
VDW_RAD  STI+b  C26   1.91
VDW_EPS  STI+b  C26   0.11
VDW_RAD  STI+b  C27   1.91
VDW_EPS  STI+b  C27   0.11
VDW_RAD  STI+b  C28   1.91
VDW_EPS  STI+b  C28   0.11
VDW_RAD  STI+b  C29   1.91
VDW_EPS  STI+b  C29   0.11
VDW_RAD  STI+b  C46   1.91
VDW_EPS  STI+b  C46   0.11
VDW_RAD  STI+b  N48   1.82
VDW_EPS  STI+b  N48   0.17
VDW_RAD  STI+b  C53   1.91
VDW_EPS  STI+b  C53   0.11
VDW_RAD  STI+b  C52   1.91
VDW_EPS  STI+b  C52   0.11
VDW_RAD  STI+b  N51   1.82
VDW_EPS  STI+b  N51   0.17
VDW_RAD  STI+b  C54   1.91
VDW_EPS  STI+b  C54   0.11
VDW_RAD  STI+b  C50   1.91
VDW_EPS  STI+b  C50   0.11
VDW_RAD  STI+b  C49   1.91
VDW_EPS  STI+b  C49   0.11
VDW_RAD  STI+b  O29   1.66
VDW_EPS  STI+b  O29   0.21
VDW_RAD  STI+b  C20   1.91
VDW_EPS  STI+b  C20   0.11
VDW_RAD  STI+b  H11   1.49
VDW_EPS  STI+b  H11   0.02
VDW_RAD  STI+b  H61   1.49
VDW_EPS  STI+b  H61   0.02
VDW_RAD  STI+b  H41   1.49
VDW_EPS  STI+b  H41   0.02
VDW_RAD  STI+b  H21   1.49
VDW_EPS  STI+b  H21   0.02
VDW_RAD  STI+b H121   1.49
VDW_EPS  STI+b H121   0.02
VDW_RAD  STI+b H111   1.49
VDW_EPS  STI+b H111   0.02
VDW_RAD  STI+b H131   1.49
VDW_EPS  STI+b H131   0.02
VDW_RAD  STI+b H181   1.49
VDW_EPS  STI+b H181   0.02
VDW_RAD  STI+b H171   1.49
VDW_EPS  STI+b H171   0.02
VDW_RAD  STI+b H151   1.49
VDW_EPS  STI+b H151   0.02
VDW_RAD  STI+b H211   1.49
VDW_EPS  STI+b H211   0.02
VDW_RAD  STI+b H251   1.49
VDW_EPS  STI+b H251   0.02
VDW_RAD  STI+b H261   1.49
VDW_EPS  STI+b H261   0.02
VDW_RAD  STI+b H281   1.49
VDW_EPS  STI+b H281   0.02
VDW_RAD  STI+b H291   1.49
VDW_EPS  STI+b H291   0.02
VDW_RAD  STI+b H461   1.49
VDW_EPS  STI+b H461   0.02
VDW_RAD  STI+b H462   1.49
VDW_EPS  STI+b H462   0.02
VDW_RAD  STI+b H531   1.49
VDW_EPS  STI+b H531   0.02
VDW_RAD  STI+b H532   1.49
VDW_EPS  STI+b H532   0.02
VDW_RAD  STI+b H521   1.49
VDW_EPS  STI+b H521   0.02
VDW_RAD  STI+b H522   1.49
VDW_EPS  STI+b H522   0.02
VDW_RAD  STI+b H541   1.49
VDW_EPS  STI+b H541   0.02
VDW_RAD  STI+b H542   1.49
VDW_EPS  STI+b H542   0.02
VDW_RAD  STI+b H543   1.49
VDW_EPS  STI+b H543   0.02
VDW_RAD  STI+b H501   1.49
VDW_EPS  STI+b H501   0.02
VDW_RAD  STI+b H502   1.49
VDW_EPS  STI+b H502   0.02
VDW_RAD  STI+b H491   1.49
VDW_EPS  STI+b H491   0.02
VDW_RAD  STI+b H492   1.49
VDW_EPS  STI+b H492   0.02
VDW_RAD  STI+b H201   1.49
VDW_EPS  STI+b H201   0.02
VDW_RAD  STI+b H202   1.49
VDW_EPS  STI+b H202   0.02
VDW_RAD  STI+b H203   1.49
VDW_EPS  STI+b H203   0.02
VDW_RAD  STI+b  H71   1.49
VDW_EPS  STI+b  H71   0.02
VDW_RAD  STI+b  H70   1.49
VDW_EPS  STI+b  H70   0.02
VDW_RAD  STI+a  C1    1.91
VDW_EPS  STI+a  C1    0.11
VDW_RAD  STI+a  C6    1.91
VDW_EPS  STI+a  C6    0.11
VDW_RAD  STI+a  C5    1.91
VDW_EPS  STI+a  C5    0.11
VDW_RAD  STI+a  C4    1.91
VDW_EPS  STI+a  C4    0.11
VDW_RAD  STI+a  N3    1.82
VDW_EPS  STI+a  N3    0.17
VDW_RAD  STI+a  C2    1.91
VDW_EPS  STI+a  C2    0.11
VDW_RAD  STI+a  C7    1.91
VDW_EPS  STI+a  C7    0.11
VDW_RAD  STI+a  C12   1.91
VDW_EPS  STI+a  C12   0.11
VDW_RAD  STI+a  C11   1.91
VDW_EPS  STI+a  C11   0.11
VDW_RAD  STI+a  N10   1.82
VDW_EPS  STI+a  N10   0.17
VDW_RAD  STI+a  C9    1.91
VDW_EPS  STI+a  C9    0.11
VDW_RAD  STI+a  N8    1.82
VDW_EPS  STI+a  N8    0.17
VDW_RAD  STI+a  N13   1.82
VDW_EPS  STI+a  N13   0.17
VDW_RAD  STI+a  C14   1.91
VDW_EPS  STI+a  C14   0.11
VDW_RAD  STI+a  C19   1.91
VDW_EPS  STI+a  C19   0.11
VDW_RAD  STI+a  C18   1.91
VDW_EPS  STI+a  C18   0.11
VDW_RAD  STI+a  C17   1.91
VDW_EPS  STI+a  C17   0.11
VDW_RAD  STI+a  C16   1.91
VDW_EPS  STI+a  C16   0.11
VDW_RAD  STI+a  C15   1.91
VDW_EPS  STI+a  C15   0.11
VDW_RAD  STI+a  N21   1.82
VDW_EPS  STI+a  N21   0.17
VDW_RAD  STI+a  C22   1.91
VDW_EPS  STI+a  C22   0.11
VDW_RAD  STI+a  C23   1.91
VDW_EPS  STI+a  C23   0.11
VDW_RAD  STI+a  C25   1.91
VDW_EPS  STI+a  C25   0.11
VDW_RAD  STI+a  C26   1.91
VDW_EPS  STI+a  C26   0.11
VDW_RAD  STI+a  C27   1.91
VDW_EPS  STI+a  C27   0.11
VDW_RAD  STI+a  C28   1.91
VDW_EPS  STI+a  C28   0.11
VDW_RAD  STI+a  C29   1.91
VDW_EPS  STI+a  C29   0.11
VDW_RAD  STI+a  C46   1.91
VDW_EPS  STI+a  C46   0.11
VDW_RAD  STI+a  N48   1.82
VDW_EPS  STI+a  N48   0.17
VDW_RAD  STI+a  C53   1.91
VDW_EPS  STI+a  C53   0.11
VDW_RAD  STI+a  C52   1.91
VDW_EPS  STI+a  C52   0.11
VDW_RAD  STI+a  N51   1.82
VDW_EPS  STI+a  N51   0.17
VDW_RAD  STI+a  C54   1.91
VDW_EPS  STI+a  C54   0.11
VDW_RAD  STI+a  C50   1.91
VDW_EPS  STI+a  C50   0.11
VDW_RAD  STI+a  C49   1.91
VDW_EPS  STI+a  C49   0.11
VDW_RAD  STI+a  O29   1.66
VDW_EPS  STI+a  O29   0.21
VDW_RAD  STI+a  C20   1.91
VDW_EPS  STI+a  C20   0.11
VDW_RAD  STI+a  H11   1.49
VDW_EPS  STI+a  H11   0.02
VDW_RAD  STI+a  H61   1.49
VDW_EPS  STI+a  H61   0.02
VDW_RAD  STI+a  H41   1.49
VDW_EPS  STI+a  H41   0.02
VDW_RAD  STI+a  H21   1.49
VDW_EPS  STI+a  H21   0.02
VDW_RAD  STI+a H121   1.49
VDW_EPS  STI+a H121   0.02
VDW_RAD  STI+a H111   1.49
VDW_EPS  STI+a H111   0.02
VDW_RAD  STI+a H131   1.49
VDW_EPS  STI+a H131   0.02
VDW_RAD  STI+a H181   1.49
VDW_EPS  STI+a H181   0.02
VDW_RAD  STI+a H171   1.49
VDW_EPS  STI+a H171   0.02
VDW_RAD  STI+a H151   1.49
VDW_EPS  STI+a H151   0.02
VDW_RAD  STI+a H211   1.49
VDW_EPS  STI+a H211   0.02
VDW_RAD  STI+a H251   1.49
VDW_EPS  STI+a H251   0.02
VDW_RAD  STI+a H261   1.49
VDW_EPS  STI+a H261   0.02
VDW_RAD  STI+a H281   1.49
VDW_EPS  STI+a H281   0.02
VDW_RAD  STI+a H291   1.49
VDW_EPS  STI+a H291   0.02
VDW_RAD  STI+a H461   1.49
VDW_EPS  STI+a H461   0.02
VDW_RAD  STI+a H462   1.49
VDW_EPS  STI+a H462   0.02
VDW_RAD  STI+a H531   1.49
VDW_EPS  STI+a H531   0.02
VDW_RAD  STI+a H532   1.49
VDW_EPS  STI+a H532   0.02
VDW_RAD  STI+a H521   1.49
VDW_EPS  STI+a H521   0.02
VDW_RAD  STI+a H522   1.49
VDW_EPS  STI+a H522   0.02
VDW_RAD  STI+a H541   1.49
VDW_EPS  STI+a H541   0.02
VDW_RAD  STI+a H542   1.49
VDW_EPS  STI+a H542   0.02
VDW_RAD  STI+a H543   1.49
VDW_EPS  STI+a H543   0.02
VDW_RAD  STI+a H501   1.49
VDW_EPS  STI+a H501   0.02
VDW_RAD  STI+a H502   1.49
VDW_EPS  STI+a H502   0.02
VDW_RAD  STI+a H491   1.49
VDW_EPS  STI+a H491   0.02
VDW_RAD  STI+a H492   1.49
VDW_EPS  STI+a H492   0.02
VDW_RAD  STI+a H201   1.49
VDW_EPS  STI+a H201   0.02
VDW_RAD  STI+a H202   1.49
VDW_EPS  STI+a H202   0.02
VDW_RAD  STI+a H203   1.49
VDW_EPS  STI+a H203   0.02
VDW_RAD  STI+a  H69   1.49
VDW_EPS  STI+a  H69   0.02
VDW_RAD  STI+a  H70   1.49
VDW_EPS  STI+a  H70   0.02
VDW_RAD  STI01  C1    1.91
VDW_EPS  STI01  C1    0.11
VDW_RAD  STI01  C6    1.91
VDW_EPS  STI01  C6    0.11
VDW_RAD  STI01  C5    1.91
VDW_EPS  STI01  C5    0.11
VDW_RAD  STI01  C4    1.91
VDW_EPS  STI01  C4    0.11
VDW_RAD  STI01  N3    1.82
VDW_EPS  STI01  N3    0.17
VDW_RAD  STI01  C2    1.91
VDW_EPS  STI01  C2    0.11
VDW_RAD  STI01  C7    1.91
VDW_EPS  STI01  C7    0.11
VDW_RAD  STI01  C12   1.91
VDW_EPS  STI01  C12   0.11
VDW_RAD  STI01  C11   1.91
VDW_EPS  STI01  C11   0.11
VDW_RAD  STI01  N10   1.82
VDW_EPS  STI01  N10   0.17
VDW_RAD  STI01  C9    1.91
VDW_EPS  STI01  C9    0.11
VDW_RAD  STI01  N8    1.82
VDW_EPS  STI01  N8    0.17
VDW_RAD  STI01  N13   1.82
VDW_EPS  STI01  N13   0.17
VDW_RAD  STI01  C14   1.91
VDW_EPS  STI01  C14   0.11
VDW_RAD  STI01  C19   1.91
VDW_EPS  STI01  C19   0.11
VDW_RAD  STI01  C18   1.91
VDW_EPS  STI01  C18   0.11
VDW_RAD  STI01  C17   1.91
VDW_EPS  STI01  C17   0.11
VDW_RAD  STI01  C16   1.91
VDW_EPS  STI01  C16   0.11
VDW_RAD  STI01  C15   1.91
VDW_EPS  STI01  C15   0.11
VDW_RAD  STI01  N21   1.82
VDW_EPS  STI01  N21   0.17
VDW_RAD  STI01  C22   1.91
VDW_EPS  STI01  C22   0.11
VDW_RAD  STI01  C23   1.91
VDW_EPS  STI01  C23   0.11
VDW_RAD  STI01  C25   1.91
VDW_EPS  STI01  C25   0.11
VDW_RAD  STI01  C26   1.91
VDW_EPS  STI01  C26   0.11
VDW_RAD  STI01  C27   1.91
VDW_EPS  STI01  C27   0.11
VDW_RAD  STI01  C28   1.91
VDW_EPS  STI01  C28   0.11
VDW_RAD  STI01  C29   1.91
VDW_EPS  STI01  C29   0.11
VDW_RAD  STI01  C46   1.91
VDW_EPS  STI01  C46   0.11
VDW_RAD  STI01  N48   1.82
VDW_EPS  STI01  N48   0.17
VDW_RAD  STI01  C53   1.91
VDW_EPS  STI01  C53   0.11
VDW_RAD  STI01  C52   1.91
VDW_EPS  STI01  C52   0.11
VDW_RAD  STI01  N51   1.82
VDW_EPS  STI01  N51   0.17
VDW_RAD  STI01  C54   1.91
VDW_EPS  STI01  C54   0.11
VDW_RAD  STI01  C50   1.91
VDW_EPS  STI01  C50   0.11
VDW_RAD  STI01  C49   1.91
VDW_EPS  STI01  C49   0.11
VDW_RAD  STI01  O29   1.66
VDW_EPS  STI01  O29   0.21
VDW_RAD  STI01  C20   1.91
VDW_EPS  STI01  C20   0.11
VDW_RAD  STI01  H11   1.49
VDW_EPS  STI01  H11   0.02
VDW_RAD  STI01  H61   1.49
VDW_EPS  STI01  H61   0.02
VDW_RAD  STI01  H41   1.49
VDW_EPS  STI01  H41   0.02
VDW_RAD  STI01  H21   1.49
VDW_EPS  STI01  H21   0.02
VDW_RAD  STI01 H121   1.49
VDW_EPS  STI01 H121   0.02
VDW_RAD  STI01 H111   1.49
VDW_EPS  STI01 H111   0.02
VDW_RAD  STI01 H131   1.49
VDW_EPS  STI01 H131   0.02
VDW_RAD  STI01 H181   1.49
VDW_EPS  STI01 H181   0.02
VDW_RAD  STI01 H171   1.49
VDW_EPS  STI01 H171   0.02
VDW_RAD  STI01 H151   1.49
VDW_EPS  STI01 H151   0.02
VDW_RAD  STI01 H211   1.49
VDW_EPS  STI01 H211   0.02
VDW_RAD  STI01 H251   1.49
VDW_EPS  STI01 H251   0.02
VDW_RAD  STI01 H261   1.49
VDW_EPS  STI01 H261   0.02
VDW_RAD  STI01 H281   1.49
VDW_EPS  STI01 H281   0.02
VDW_RAD  STI01 H291   1.49
VDW_EPS  STI01 H291   0.02
VDW_RAD  STI01 H461   1.49
VDW_EPS  STI01 H461   0.02
VDW_RAD  STI01 H462   1.49
VDW_EPS  STI01 H462   0.02
VDW_RAD  STI01 H531   1.49
VDW_EPS  STI01 H531   0.02
VDW_RAD  STI01 H532   1.49
VDW_EPS  STI01 H532   0.02
VDW_RAD  STI01 H521   1.49
VDW_EPS  STI01 H521   0.02
VDW_RAD  STI01 H522   1.49
VDW_EPS  STI01 H522   0.02
VDW_RAD  STI01 H541   1.49
VDW_EPS  STI01 H541   0.02
VDW_RAD  STI01 H542   1.49
VDW_EPS  STI01 H542   0.02
VDW_RAD  STI01 H543   1.49
VDW_EPS  STI01 H543   0.02
VDW_RAD  STI01 H501   1.49
VDW_EPS  STI01 H501   0.02
VDW_RAD  STI01 H502   1.49
VDW_EPS  STI01 H502   0.02
VDW_RAD  STI01 H491   1.49
VDW_EPS  STI01 H491   0.02
VDW_RAD  STI01 H492   1.49
VDW_EPS  STI01 H492   0.02
VDW_RAD  STI01 H201   1.49
VDW_EPS  STI01 H201   0.02
VDW_RAD  STI01 H202   1.49
VDW_EPS  STI01 H202   0.02
VDW_RAD  STI01 H203   1.49
VDW_EPS  STI01 H203   0.02
VDW_RAD  STI+2  C1    1.91
VDW_EPS  STI+2  C1    0.11
VDW_RAD  STI+2  C6    1.91
VDW_EPS  STI+2  C6    0.11
VDW_RAD  STI+2  C5    1.91
VDW_EPS  STI+2  C5    0.11
VDW_RAD  STI+2  C4    1.91
VDW_EPS  STI+2  C4    0.11
VDW_RAD  STI+2  N3    1.82
VDW_EPS  STI+2  N3    0.17
VDW_RAD  STI+2  C2    1.91
VDW_EPS  STI+2  C2    0.11
VDW_RAD  STI+2  C7    1.91
VDW_EPS  STI+2  C7    0.11
VDW_RAD  STI+2  C12   1.91
VDW_EPS  STI+2  C12   0.11
VDW_RAD  STI+2  C11   1.91
VDW_EPS  STI+2  C11   0.11
VDW_RAD  STI+2  N10   1.82
VDW_EPS  STI+2  N10   0.17
VDW_RAD  STI+2  C9    1.91
VDW_EPS  STI+2  C9    0.11
VDW_RAD  STI+2  N8    1.82
VDW_EPS  STI+2  N8    0.17
VDW_RAD  STI+2  N13   1.82
VDW_EPS  STI+2  N13   0.17
VDW_RAD  STI+2  C14   1.91
VDW_EPS  STI+2  C14   0.11
VDW_RAD  STI+2  C19   1.91
VDW_EPS  STI+2  C19   0.11
VDW_RAD  STI+2  C18   1.91
VDW_EPS  STI+2  C18   0.11
VDW_RAD  STI+2  C17   1.91
VDW_EPS  STI+2  C17   0.11
VDW_RAD  STI+2  C16   1.91
VDW_EPS  STI+2  C16   0.11
VDW_RAD  STI+2  C15   1.91
VDW_EPS  STI+2  C15   0.11
VDW_RAD  STI+2  N21   1.82
VDW_EPS  STI+2  N21   0.17
VDW_RAD  STI+2  C22   1.91
VDW_EPS  STI+2  C22   0.11
VDW_RAD  STI+2  C23   1.91
VDW_EPS  STI+2  C23   0.11
VDW_RAD  STI+2  C25   1.91
VDW_EPS  STI+2  C25   0.11
VDW_RAD  STI+2  C26   1.91
VDW_EPS  STI+2  C26   0.11
VDW_RAD  STI+2  C27   1.91
VDW_EPS  STI+2  C27   0.11
VDW_RAD  STI+2  C28   1.91
VDW_EPS  STI+2  C28   0.11
VDW_RAD  STI+2  C29   1.91
VDW_EPS  STI+2  C29   0.11
VDW_RAD  STI+2  C46   1.91
VDW_EPS  STI+2  C46   0.11
VDW_RAD  STI+2  N48   1.82
VDW_EPS  STI+2  N48   0.17
VDW_RAD  STI+2  C53   1.91
VDW_EPS  STI+2  C53   0.11
VDW_RAD  STI+2  C52   1.91
VDW_EPS  STI+2  C52   0.11
VDW_RAD  STI+2  N51   1.82
VDW_EPS  STI+2  N51   0.17
VDW_RAD  STI+2  C54   1.91
VDW_EPS  STI+2  C54   0.11
VDW_RAD  STI+2  C50   1.91
VDW_EPS  STI+2  C50   0.11
VDW_RAD  STI+2  C49   1.91
VDW_EPS  STI+2  C49   0.11
VDW_RAD  STI+2  O29   1.66
VDW_EPS  STI+2  O29   0.21
VDW_RAD  STI+2  C20   1.91
VDW_EPS  STI+2  C20   0.11
VDW_RAD  STI+2  H11   1.49
VDW_EPS  STI+2  H11   0.02
VDW_RAD  STI+2  H61   1.49
VDW_EPS  STI+2  H61   0.02
VDW_RAD  STI+2  H41   1.49
VDW_EPS  STI+2  H41   0.02
VDW_RAD  STI+2  H21   1.49
VDW_EPS  STI+2  H21   0.02
VDW_RAD  STI+2 H121   1.49
VDW_EPS  STI+2 H121   0.02
VDW_RAD  STI+2 H111   1.49
VDW_EPS  STI+2 H111   0.02
VDW_RAD  STI+2 H131   1.49
VDW_EPS  STI+2 H131   0.02
VDW_RAD  STI+2 H181   1.49
VDW_EPS  STI+2 H181   0.02
VDW_RAD  STI+2 H171   1.49
VDW_EPS  STI+2 H171   0.02
VDW_RAD  STI+2 H151   1.49
VDW_EPS  STI+2 H151   0.02
VDW_RAD  STI+2 H211   1.49
VDW_EPS  STI+2 H211   0.02
VDW_RAD  STI+2 H251   1.49
VDW_EPS  STI+2 H251   0.02
VDW_RAD  STI+2 H261   1.49
VDW_EPS  STI+2 H261   0.02
VDW_RAD  STI+2 H281   1.49
VDW_EPS  STI+2 H281   0.02
VDW_RAD  STI+2 H291   1.49
VDW_EPS  STI+2 H291   0.02
VDW_RAD  STI+2 H461   1.49
VDW_EPS  STI+2 H461   0.02
VDW_RAD  STI+2 H462   1.49
VDW_EPS  STI+2 H462   0.02
VDW_RAD  STI+2 H531   1.49
VDW_EPS  STI+2 H531   0.02
VDW_RAD  STI+2 H532   1.49
VDW_EPS  STI+2 H532   0.02
VDW_RAD  STI+2 H521   1.49
VDW_EPS  STI+2 H521   0.02
VDW_RAD  STI+2 H522   1.49
VDW_EPS  STI+2 H522   0.02
VDW_RAD  STI+2 H541   1.49
VDW_EPS  STI+2 H541   0.02
VDW_RAD  STI+2 H542   1.49
VDW_EPS  STI+2 H542   0.02
VDW_RAD  STI+2 H543   1.49
VDW_EPS  STI+2 H543   0.02
VDW_RAD  STI+2 H501   1.49
VDW_EPS  STI+2 H501   0.02
VDW_RAD  STI+2 H502   1.49
VDW_EPS  STI+2 H502   0.02
VDW_RAD  STI+2 H491   1.49
VDW_EPS  STI+2 H491   0.02
VDW_RAD  STI+2 H492   1.49
VDW_EPS  STI+2 H492   0.02
VDW_RAD  STI+2 H201   1.49
VDW_EPS  STI+2 H201   0.02
VDW_RAD  STI+2 H202   1.49
VDW_EPS  STI+2 H202   0.02
VDW_RAD  STI+2 H203   1.49
VDW_EPS  STI+2 H203   0.02
VDW_RAD  STI+2  H71   1.49
VDW_EPS  STI+2  H71   0.02
CHARGE   GLU-1  CB      0.000
CHARGE   GLU-1  HB2     0.000
CHARGE   GLU-1  HB3     0.000
CHARGE   GLU-1  CG      0.000
CHARGE   GLU-1  HG2     0.000
CHARGE   GLU-1  HG3     0.000
CHARGE   GLU02  CB      0.000
CHARGE   GLU02  HB2     0.000
CHARGE   GLU02  HB3     0.000
CHARGE   GLU02  CG      0.000
CHARGE   GLU02  HG2     0.000
CHARGE   GLU02  HG3     0.000
CHARGE   ARG+1  CB      0.000
CHARGE   ARG+1  HB2     0.000
CHARGE   ARG+1  HB3     0.000
CHARGE   ARG+1  CG      0.000
CHARGE   ARG+1  HG2     0.000
CHARGE   ARG+1  HG3     0.000
CHARGE   ARG+1  HD2     0.000
CHARGE   ARG+1  HD3     0.000
CHARGE   ARG03  CB      0.000
CHARGE   ARG03  HB2     0.000
CHARGE   ARG03  HB3     0.000
CHARGE   ARG03  CG      0.000
CHARGE   ARG03  HG2     0.000
CHARGE   ARG03  HG3     0.000
CHARGE   ARG03  HD2     0.000
CHARGE   ARG03  HD3     0.000
CHARGE   ARG02  CB      0.000
CHARGE   ARG02  HB2     0.000
CHARGE   ARG02  HB3     0.000
CHARGE   ARG02  CG      0.000
CHARGE   ARG02  HG2     0.000
CHARGE   ARG02  HG3     0.000
CHARGE   ARG02  HD2     0.000
CHARGE   ARG02  HD3     0.000
CHARGE   ASP-1  CB      0.000
CHARGE   ASP-1  HB2     0.000
CHARGE   ASP-1  HB3     0.000
CHARGE   ASP02  CB      0.000
CHARGE   ASP02  HB2     0.000
CHARGE   ASP02  HB3     0.000
CHARGE   LYS+1  CB      0.000
CHARGE   LYS+1  HB2     0.000
CHARGE   LYS+1  HB3     0.000
CHARGE   LYS+1  CG      0.000
CHARGE   LYS+1  HG2     0.000
CHARGE   LYS+1  HG3     0.000
CHARGE   LYS+1  CD      0.000
CHARGE   LYS+1  HD2     0.000
CHARGE   LYS+1  HD3     0.000
CHARGE   LYS+1  HE2     0.000
CHARGE   LYS+1  HE3     0.000
CHARGE   HIS+1  HB2     0.000
CHARGE   HIS+1  HB3     0.000
CHARGE   HIS02  HB2     0.000
CHARGE   HIS02  HB3     0.000
CHARGE   TYR-1  HB2     0.000
CHARGE   TYR-1  HB3     0.000
CHARGE   CYS-1  HB2     0.000
CHARGE   CYS-1  HB3     0.000
   Error! get_connect12(): connectivity of atom " N   TRP A0235" is not complete:

          get_connect12(): atom  C   of residue i-1 is not found 

   Error! get_connect12(): connectivity of atom " C   LYS A0274" is not complete:

          get_connect12(): atom  N   of residue i+1 is not found 

   Error! get_connect12(): connectivity of atom " N   ASP A0276" is not complete:

          get_connect12(): atom  C   of residue i-1 is not found 

   Error! get_connect12(): connectivity of atom " C   GLN A0498" is not complete:

          get_connect12(): atom  N   of residue i+1 is not found 

   Error! get_connect12(): connectivity of atom " N   TRP A0235" is not complete:

          get_connect12(): atom  C   of residue i-1 is not found 

   Error! get_connect12(): connectivity of atom " C   LYS A0274" is not complete:

          get_connect12(): atom  N   of residue i+1 is not found 

   Error! get_connect12(): connectivity of atom " N   ASP A0276" is not complete:

          get_connect12(): atom  C   of residue i-1 is not found 

   Error! get_connect12(): connectivity of atom " C   GLN A0498" is not complete:

          get_connect12(): atom  N   of residue i+1 is not found 

   Error! get_connect12(): connectivity of atom " N   TRP A0235" is not complete:

          get_connect12(): atom  C   of residue i-1 is not found 

   Error! get_connect12(): connectivity of atom " C   LYS A0274" is not complete:

          get_connect12(): atom  N   of residue i+1 is not found 

   Error! get_connect12(): connectivity of atom " N   ASP A0276" is not complete:

          get_connect12(): atom  C   of residue i-1 is not found 

   Error! get_connect12(): connectivity of atom " C   GLN A0498" is not complete:

          get_connect12(): atom  N   of residue i+1 is not found 

   Error! get_connect12(): connectivity of atom " N   TRP A0235" is not complete:

          get_connect12(): atom  C   of residue i-1 is not found 

   Error! get_connect12(): connectivity of atom " C   LYS A0274" is not complete:

          get_connect12(): atom  N   of residue i+1 is not found 

   Error! get_connect12(): connectivity of atom " N   ASP A0276" is not complete:

          get_connect12(): atom  C   of residue i-1 is not found 

   Error! get_connect12(): connectivity of atom " C   GLN A0498" is not complete:

          get_connect12(): atom  N   of residue i+1 is not found 

 Residue GLU A 258 always clash with Residue HIS A 246
 Residue ASP A 276 always clash with Residue LYS A 274
 Residue GLU A 308 always clash with Residue ARG A 307
 Residue GLU A 316 always clash with Residue LYS A 378
 Residue GLU A 352 always clash with Residue LYS A 356
 Residue TYR A 353 always clash with Residue LYS A 357
 Residue SER A 385 always clash with Residue ARG A 386
 Residue GLU A 409 always clash with Residue ARG A 483
   Error! get_connect12(): connectivity of atom " N   TRP A0235" is not complete:

          get_connect12(): atom  C   of residue i-1 is not found 

   Error! get_connect12(): connectivity of atom " C   LYS A0274" is not complete:

          get_connect12(): atom  N   of residue i+1 is not found 

   Error! get_connect12(): connectivity of atom " N   ASP A0276" is not complete:

          get_connect12(): atom  C   of residue i-1 is not found 

   Error! get_connect12(): connectivity of atom " C   GLN A0498" is not complete:

          get_connect12(): atom  N   of residue i+1 is not found 

   Error! get_connect12(): connectivity of atom " N   TRP A0235" is not complete:

          get_connect12(): atom  C   of residue i-1 is not found 

   Error! get_connect12(): connectivity of atom " C   LYS A0274" is not complete:

          get_connect12(): atom  N   of residue i+1 is not found 

   Error! get_connect12(): connectivity of atom " N   ASP A0276" is not complete:

          get_connect12(): atom  C   of residue i-1 is not found 

   Error! get_connect12(): connectivity of atom " C   GLN A0498" is not complete:

          get_connect12(): atom  N   of residue i+1 is not found 

   Error! get_connect12(): connectivity of atom " N   TRP A0235" is not complete:

          get_connect12(): atom  C   of residue i-1 is not found 

   Error! get_connect12(): connectivity of atom " C   LYS A0274" is not complete:

          get_connect12(): atom  N   of residue i+1 is not found 

   Error! get_connect12(): connectivity of atom " N   ASP A0276" is not complete:

          get_connect12(): atom  C   of residue i-1 is not found 

   Error! get_connect12(): connectivity of atom " C   GLN A0498" is not complete:

          get_connect12(): atom  N   of residue i+1 is not found 

   Error! get_connect12(): connectivity of atom " N   TRP A0235" is not complete:

          get_connect12(): atom  C   of residue i-1 is not found 

   Error! get_connect12(): connectivity of atom " C   LYS A0274" is not complete:

          get_connect12(): atom  N   of residue i+1 is not found 

   Error! get_connect12(): connectivity of atom " N   ASP A0276" is not complete:

          get_connect12(): atom  C   of residue i-1 is not found 

   Error! get_connect12(): connectivity of atom " C   GLN A0498" is not complete:

          get_connect12(): atom  N   of residue i+1 is not found 

   Error! get_connect12(): connectivity of atom " N   TRP A0235" is not complete:

          get_connect12(): atom  C   of residue i-1 is not found 

   Error! get_connect12(): connectivity of atom " C   LYS A0274" is not complete:

          get_connect12(): atom  N   of residue i+1 is not found 

   Error! get_connect12(): connectivity of atom " N   ASP A0276" is not complete:

          get_connect12(): atom  C   of residue i-1 is not found 

   Error! get_connect12(): connectivity of atom " C   GLN A0498" is not complete:

          get_connect12(): atom  N   of residue i+1 is not found 

   Error! get_connect12(): connectivity of atom " N   TRP A0235" is not complete:

          get_connect12(): atom  C   of residue i-1 is not found 

   Error! get_connect12(): connectivity of atom " C   LYS A0274" is not complete:

          get_connect12(): atom  N   of residue i+1 is not found 

   Error! get_connect12(): connectivity of atom " N   ASP A0276" is not complete:

          get_connect12(): atom  C   of residue i-1 is not found 

   Error! get_connect12(): connectivity of atom " C   GLN A0498" is not complete:

          get_connect12(): atom  N   of residue i+1 is not found 

