Skipping PBE solver for non-charge conformer (1/594) TRP01A0235_001...
ForkPoolWorker-4: Calling delphi to calculate conformer (4/594) GLU02A0236_003 in /tmp/pbe_data.data.home.granepura.5-Kinases.Kinases_MCCE.Trial03.run_holo.2HYY_GLU02A0236_003
ForkPoolWorker-5: Calling delphi to calculate conformer (5/594) GLU02A0236_004 in /tmp/pbe_data.data.home.granepura.5-Kinases.Kinases_MCCE.Trial03.run_holo.2HYY_GLU02A0236_004
ForkPoolWorker-2: Calling delphi to calculate conformer (2/594) GLU01A0236_001 in /tmp/pbe_data.data.home.granepura.5-Kinases.Kinases_MCCE.Trial03.run_holo.2HYY_GLU01A0236_001
ForkPoolWorker-1: Calling delphi to calculate conformer (6/594) GLU-1A0236_005 in /tmp/pbe_data.data.home.granepura.5-Kinases.Kinases_MCCE.Trial03.run_holo.2HYY_GLU-1A0236_005
ForkPoolWorker-3: Calling delphi to calculate conformer (3/594) GLU01A0236_002 in /tmp/pbe_data.data.home.granepura.5-Kinases.Kinases_MCCE.Trial03.run_holo.2HYY_GLU01A0236_002
ForkPoolWorker-5: Calling delphi to calculate conformer (7/594) MET01A0237_001 in /tmp/pbe_data.data.home.granepura.5-Kinases.Kinases_MCCE.Trial03.run_holo.2HYY_MET01A0237_001
ForkPoolWorker-1: Calling delphi to calculate conformer (8/594) GLU01A0238_001 in /tmp/pbe_data.data.home.granepura.5-Kinases.Kinases_MCCE.Trial03.run_holo.2HYY_GLU01A0238_001
ForkPoolWorker-3: Calling delphi to calculate conformer (9/594) GLU01A0238_002 in /tmp/pbe_data.data.home.granepura.5-Kinases.Kinases_MCCE.Trial03.run_holo.2HYY_GLU01A0238_002
ForkPoolWorker-2: Calling delphi to calculate conformer (10/594) GLU02A0238_003 in /tmp/pbe_data.data.home.granepura.5-Kinases.Kinases_MCCE.Trial03.run_holo.2HYY_GLU02A0238_003
ForkPoolWorker-4: Calling delphi to calculate conformer (11/594) GLU02A0238_004 in /tmp/pbe_data.data.home.granepura.5-Kinases.Kinases_MCCE.Trial03.run_holo.2HYY_GLU02A0238_004
ForkPoolWorker-5: Calling delphi to calculate conformer (12/594) GLU-1A0238_005 in /tmp/pbe_data.data.home.granepura.5-Kinases.Kinases_MCCE.Trial03.run_holo.2HYY_GLU-1A0238_005
ForkPoolWorker-3: Calling delphi to calculate conformer (13/594) ARG01A0239_001 in /tmp/pbe_data.data.home.granepura.5-Kinases.Kinases_MCCE.Trial03.run_holo.2HYY_ARG01A0239_001
ForkPoolWorker-2: Calling delphi to calculate conformer (14/594) ARG02A0239_002 in /tmp/pbe_data.data.home.granepura.5-Kinases.Kinases_MCCE.Trial03.run_holo.2HYY_ARG02A0239_002
ForkPoolWorker-4: Calling delphi to calculate conformer (15/594) ARG03A0239_003 in /tmp/pbe_data.data.home.granepura.5-Kinases.Kinases_MCCE.Trial03.run_holo.2HYY_ARG03A0239_003
ForkPoolWorker-1: Calling delphi to calculate conformer (16/594) ARG03A0239_004 in /tmp/pbe_data.data.home.granepura.5-Kinases.Kinases_MCCE.Trial03.run_holo.2HYY_ARG03A0239_004
ForkPoolWorker-5: Calling delphi to calculate conformer (17/594) ARG+1A0239_005 in /tmp/pbe_data.data.home.granepura.5-Kinases.Kinases_MCCE.Trial03.run_holo.2HYY_ARG+1A0239_005
ForkPoolWorker-3: Calling delphi to calculate conformer (18/594) THR01A0240_001 in /tmp/pbe_data.data.home.granepura.5-Kinases.Kinases_MCCE.Trial03.run_holo.2HYY_THR01A0240_001
ForkPoolWorker-2: Calling delphi to calculate conformer (19/594) THR01A0240_002 in /tmp/pbe_data.data.home.granepura.5-Kinases.Kinases_MCCE.Trial03.run_holo.2HYY_THR01A0240_002
ForkPoolWorker-4: Calling delphi to calculate conformer (20/594) THR01A0240_003 in /tmp/pbe_data.data.home.granepura.5-Kinases.Kinases_MCCE.Trial03.run_holo.2HYY_THR01A0240_003
ForkPoolWorker-1: Calling delphi to calculate conformer (21/594) ASP01A0241_001 in /tmp/pbe_data.data.home.granepura.5-Kinases.Kinases_MCCE.Trial03.run_holo.2HYY_ASP01A0241_001
ForkPoolWorker-3: Calling delphi to calculate conformer (22/594) ASP01A0241_002 in /tmp/pbe_data.data.home.granepura.5-Kinases.Kinases_MCCE.Trial03.run_holo.2HYY_ASP01A0241_002
ForkPoolWorker-2: Calling delphi to calculate conformer (23/594) ASP02A0241_003 in /tmp/pbe_data.data.home.granepura.5-Kinases.Kinases_MCCE.Trial03.run_holo.2HYY_ASP02A0241_003
ForkPoolWorker-5: Calling delphi to calculate conformer (24/594) ASP02A0241_004 in /tmp/pbe_data.data.home.granepura.5-Kinases.Kinases_MCCE.Trial03.run_holo.2HYY_ASP02A0241_004
ForkPoolWorker-4: Calling delphi to calculate conformer (25/594) ASP-1A0241_005 in /tmp/pbe_data.data.home.granepura.5-Kinases.Kinases_MCCE.Trial03.run_holo.2HYY_ASP-1A0241_005
Skipping PBE solver for non-charge conformer (26/594) ILE01A0242_001...
ForkPoolWorker-1: Calling delphi to calculate conformer (27/594) THR01A0243_001 in /tmp/pbe_data.data.home.granepura.5-Kinases.Kinases_MCCE.Trial03.run_holo.2HYY_THR01A0243_001
ForkPoolWorker-3: Calling delphi to calculate conformer (28/594) THR01A0243_002 in /tmp/pbe_data.data.home.granepura.5-Kinases.Kinases_MCCE.Trial03.run_holo.2HYY_THR01A0243_002
ForkPoolWorker-2: Calling delphi to calculate conformer (29/594) MET01A0244_001 in /tmp/pbe_data.data.home.granepura.5-Kinases.Kinases_MCCE.Trial03.run_holo.2HYY_MET01A0244_001
ForkPoolWorker-5: Calling delphi to calculate conformer (30/594) LYS01A0245_001 in /tmp/pbe_data.data.home.granepura.5-Kinases.Kinases_MCCE.Trial03.run_holo.2HYY_LYS01A0245_001
ForkPoolWorker-4: Calling delphi to calculate conformer (31/594) LYS+1A0245_002 in /tmp/pbe_data.data.home.granepura.5-Kinases.Kinases_MCCE.Trial03.run_holo.2HYY_LYS+1A0245_002
ForkPoolWorker-1: Calling delphi to calculate conformer (32/594) HIS01A0246_001 in /tmp/pbe_data.data.home.granepura.5-Kinases.Kinases_MCCE.Trial03.run_holo.2HYY_HIS01A0246_001
ForkPoolWorker-3: Calling delphi to calculate conformer (33/594) HIS02A0246_002 in /tmp/pbe_data.data.home.granepura.5-Kinases.Kinases_MCCE.Trial03.run_holo.2HYY_HIS02A0246_002
ForkPoolWorker-5: Calling delphi to calculate conformer (34/594) HIS+1A0246_003 in /tmp/pbe_data.data.home.granepura.5-Kinases.Kinases_MCCE.Trial03.run_holo.2HYY_HIS+1A0246_003
ForkPoolWorker-2: Calling delphi to calculate conformer (35/594) LYS01A0247_001 in /tmp/pbe_data.data.home.granepura.5-Kinases.Kinases_MCCE.Trial03.run_holo.2HYY_LYS01A0247_001
ForkPoolWorker-4: Calling delphi to calculate conformer (36/594) LYS+1A0247_002 in /tmp/pbe_data.data.home.granepura.5-Kinases.Kinases_MCCE.Trial03.run_holo.2HYY_LYS+1A0247_002
Skipping PBE solver for non-charge conformer (37/594) LEU01A0248_001...
ForkPoolWorker-1: Calling delphi to calculate conformer (38/594) GLN01A0252_001 in /tmp/pbe_data.data.home.granepura.5-Kinases.Kinases_MCCE.Trial03.run_holo.2HYY_GLN01A0252_001
ForkPoolWorker-3: Calling delphi to calculate conformer (39/594) GLN01A0252_002 in /tmp/pbe_data.data.home.granepura.5-Kinases.Kinases_MCCE.Trial03.run_holo.2HYY_GLN01A0252_002
ForkPoolWorker-5: Calling delphi to calculate conformer (40/594) TYR01A0253_001 in /tmp/pbe_data.data.home.granepura.5-Kinases.Kinases_MCCE.Trial03.run_holo.2HYY_TYR01A0253_001
ForkPoolWorker-2: Calling delphi to calculate conformer (41/594) TYR01A0253_002 in /tmp/pbe_data.data.home.granepura.5-Kinases.Kinases_MCCE.Trial03.run_holo.2HYY_TYR01A0253_002
ForkPoolWorker-4: Calling delphi to calculate conformer (42/594) TYR-1A0253_003 in /tmp/pbe_data.data.home.granepura.5-Kinases.Kinases_MCCE.Trial03.run_holo.2HYY_TYR-1A0253_003
ForkPoolWorker-1: Calling delphi to calculate conformer (43/594) TYR-1A0253_004 in /tmp/pbe_data.data.home.granepura.5-Kinases.Kinases_MCCE.Trial03.run_holo.2HYY_TYR-1A0253_004
ForkPoolWorker-3: Calling delphi to calculate conformer (44/594) GLU01A0255_001 in /tmp/pbe_data.data.home.granepura.5-Kinases.Kinases_MCCE.Trial03.run_holo.2HYY_GLU01A0255_001
ForkPoolWorker-5: Calling delphi to calculate conformer (45/594) GLU01A0255_002 in /tmp/pbe_data.data.home.granepura.5-Kinases.Kinases_MCCE.Trial03.run_holo.2HYY_GLU01A0255_002
ForkPoolWorker-4: Calling delphi to calculate conformer (46/594) GLU02A0255_003 in /tmp/pbe_data.data.home.granepura.5-Kinases.Kinases_MCCE.Trial03.run_holo.2HYY_GLU02A0255_003
ForkPoolWorker-2: Calling delphi to calculate conformer (47/594) GLU02A0255_004 in /tmp/pbe_data.data.home.granepura.5-Kinases.Kinases_MCCE.Trial03.run_holo.2HYY_GLU02A0255_004
ForkPoolWorker-1: Calling delphi to calculate conformer (48/594) GLU-1A0255_005 in /tmp/pbe_data.data.home.granepura.5-Kinases.Kinases_MCCE.Trial03.run_holo.2HYY_GLU-1A0255_005
Skipping PBE solver for non-charge conformer (49/594) VAL01A0256_001...
ForkPoolWorker-3: Calling delphi to calculate conformer (50/594) TYR01A0257_001 in /tmp/pbe_data.data.home.granepura.5-Kinases.Kinases_MCCE.Trial03.run_holo.2HYY_TYR01A0257_001
ForkPoolWorker-5: Calling delphi to calculate conformer (51/594) TYR01A0257_002 in /tmp/pbe_data.data.home.granepura.5-Kinases.Kinases_MCCE.Trial03.run_holo.2HYY_TYR01A0257_002
ForkPoolWorker-2: Calling delphi to calculate conformer (52/594) TYR-1A0257_003 in /tmp/pbe_data.data.home.granepura.5-Kinases.Kinases_MCCE.Trial03.run_holo.2HYY_TYR-1A0257_003
ForkPoolWorker-4: Calling delphi to calculate conformer (53/594) GLU01A0258_001 in /tmp/pbe_data.data.home.granepura.5-Kinases.Kinases_MCCE.Trial03.run_holo.2HYY_GLU01A0258_001
ForkPoolWorker-1: Calling delphi to calculate conformer (54/594) GLU01A0258_002 in /tmp/pbe_data.data.home.granepura.5-Kinases.Kinases_MCCE.Trial03.run_holo.2HYY_GLU01A0258_002
ForkPoolWorker-4: Calling delphi to calculate conformer (55/594) GLU02A0258_003 in /tmp/pbe_data.data.home.granepura.5-Kinases.Kinases_MCCE.Trial03.run_holo.2HYY_GLU02A0258_003
ForkPoolWorker-5: Calling delphi to calculate conformer (56/594) GLU02A0258_004 in /tmp/pbe_data.data.home.granepura.5-Kinases.Kinases_MCCE.Trial03.run_holo.2HYY_GLU02A0258_004
ForkPoolWorker-3: Calling delphi to calculate conformer (57/594) GLU-1A0258_005 in /tmp/pbe_data.data.home.granepura.5-Kinases.Kinases_MCCE.Trial03.run_holo.2HYY_GLU-1A0258_005
Skipping PBE solver for non-charge conformer (58/594) VAL01A0260_001...
Skipping PBE solver for non-charge conformer (59/594) TRP01A0261_001...
ForkPoolWorker-2: Calling delphi to calculate conformer (60/594) LYS01A0262_001 in /tmp/pbe_data.data.home.granepura.5-Kinases.Kinases_MCCE.Trial03.run_holo.2HYY_LYS01A0262_001
ForkPoolWorker-1: Calling delphi to calculate conformer (61/594) LYS+1A0262_002 in /tmp/pbe_data.data.home.granepura.5-Kinases.Kinases_MCCE.Trial03.run_holo.2HYY_LYS+1A0262_002
ForkPoolWorker-3: Calling delphi to calculate conformer (62/594) LYS01A0263_001 in /tmp/pbe_data.data.home.granepura.5-Kinases.Kinases_MCCE.Trial03.run_holo.2HYY_LYS01A0263_001
ForkPoolWorker-5: Calling delphi to calculate conformer (63/594) LYS+1A0263_002 in /tmp/pbe_data.data.home.granepura.5-Kinases.Kinases_MCCE.Trial03.run_holo.2HYY_LYS+1A0263_002
ForkPoolWorker-4: Calling delphi to calculate conformer (64/594) TYR01A0264_001 in /tmp/pbe_data.data.home.granepura.5-Kinases.Kinases_MCCE.Trial03.run_holo.2HYY_TYR01A0264_001
ForkPoolWorker-1: Calling delphi to calculate conformer (65/594) TYR-1A0264_002 in /tmp/pbe_data.data.home.granepura.5-Kinases.Kinases_MCCE.Trial03.run_holo.2HYY_TYR-1A0264_002
ForkPoolWorker-2: Calling delphi to calculate conformer (66/594) SER01A0265_001 in /tmp/pbe_data.data.home.granepura.5-Kinases.Kinases_MCCE.Trial03.run_holo.2HYY_SER01A0265_001
ForkPoolWorker-3: Calling delphi to calculate conformer (67/594) SER01A0265_002 in /tmp/pbe_data.data.home.granepura.5-Kinases.Kinases_MCCE.Trial03.run_holo.2HYY_SER01A0265_002
Skipping PBE solver for non-charge conformer (68/594) LEU01A0266_001...
Skipping PBE solver for non-charge conformer (70/594) VAL01A0268_001...
ForkPoolWorker-5: Calling delphi to calculate conformer (69/594) THR01A0267_001 in /tmp/pbe_data.data.home.granepura.5-Kinases.Kinases_MCCE.Trial03.run_holo.2HYY_THR01A0267_001
Skipping PBE solver for non-charge conformer (71/594) ALA01A0269_001...
Skipping PBE solver for non-charge conformer (72/594) VAL01A0270_001...
ForkPoolWorker-4: Calling delphi to calculate conformer (73/594) LYS01A0271_001 in /tmp/pbe_data.data.home.granepura.5-Kinases.Kinases_MCCE.Trial03.run_holo.2HYY_LYS01A0271_001
ForkPoolWorker-1: Calling delphi to calculate conformer (74/594) LYS+1A0271_002 in /tmp/pbe_data.data.home.granepura.5-Kinases.Kinases_MCCE.Trial03.run_holo.2HYY_LYS+1A0271_002
ForkPoolWorker-2: Calling delphi to calculate conformer (75/594) THR01A0272_001 in /tmp/pbe_data.data.home.granepura.5-Kinases.Kinases_MCCE.Trial03.run_holo.2HYY_THR01A0272_001
ForkPoolWorker-3: Calling delphi to calculate conformer (76/594) THR01A0272_002 in /tmp/pbe_data.data.home.granepura.5-Kinases.Kinases_MCCE.Trial03.run_holo.2HYY_THR01A0272_002
Skipping PBE solver for non-charge conformer (77/594) LEU01A0273_001...
ForkPoolWorker-5: Calling delphi to calculate conformer (78/594) LYS01A0274_001 in /tmp/pbe_data.data.home.granepura.5-Kinases.Kinases_MCCE.Trial03.run_holo.2HYY_LYS01A0274_001
ForkPoolWorker-4: Calling delphi to calculate conformer (79/594) LYS+1A0274_002 in /tmp/pbe_data.data.home.granepura.5-Kinases.Kinases_MCCE.Trial03.run_holo.2HYY_LYS+1A0274_002
ForkPoolWorker-1: Calling delphi to calculate conformer (80/594) ASP01A0276_001 in /tmp/pbe_data.data.home.granepura.5-Kinases.Kinases_MCCE.Trial03.run_holo.2HYY_ASP01A0276_001
ForkPoolWorker-2: Calling delphi to calculate conformer (81/594) ASP01A0276_002 in /tmp/pbe_data.data.home.granepura.5-Kinases.Kinases_MCCE.Trial03.run_holo.2HYY_ASP01A0276_002
ForkPoolWorker-3: Calling delphi to calculate conformer (82/594) ASP02A0276_003 in /tmp/pbe_data.data.home.granepura.5-Kinases.Kinases_MCCE.Trial03.run_holo.2HYY_ASP02A0276_003
ForkPoolWorker-5: Calling delphi to calculate conformer (83/594) ASP02A0276_004 in /tmp/pbe_data.data.home.granepura.5-Kinases.Kinases_MCCE.Trial03.run_holo.2HYY_ASP02A0276_004
ForkPoolWorker-4: Calling delphi to calculate conformer (84/594) ASP-1A0276_005 in /tmp/pbe_data.data.home.granepura.5-Kinases.Kinases_MCCE.Trial03.run_holo.2HYY_ASP-1A0276_005
ForkPoolWorker-1: Calling delphi to calculate conformer (85/594) THR01A0277_001 in /tmp/pbe_data.data.home.granepura.5-Kinases.Kinases_MCCE.Trial03.run_holo.2HYY_THR01A0277_001
ForkPoolWorker-2: Calling delphi to calculate conformer (86/594) THR01A0277_002 in /tmp/pbe_data.data.home.granepura.5-Kinases.Kinases_MCCE.Trial03.run_holo.2HYY_THR01A0277_002
ForkPoolWorker-3: Calling delphi to calculate conformer (87/594) MET01A0278_001 in /tmp/pbe_data.data.home.granepura.5-Kinases.Kinases_MCCE.Trial03.run_holo.2HYY_MET01A0278_001
ForkPoolWorker-5: Calling delphi to calculate conformer (88/594) GLU01A0279_001 in /tmp/pbe_data.data.home.granepura.5-Kinases.Kinases_MCCE.Trial03.run_holo.2HYY_GLU01A0279_001
ForkPoolWorker-4: Calling delphi to calculate conformer (89/594) GLU01A0279_002 in /tmp/pbe_data.data.home.granepura.5-Kinases.Kinases_MCCE.Trial03.run_holo.2HYY_GLU01A0279_002
ForkPoolWorker-1: Calling delphi to calculate conformer (90/594) GLU02A0279_003 in /tmp/pbe_data.data.home.granepura.5-Kinases.Kinases_MCCE.Trial03.run_holo.2HYY_GLU02A0279_003
ForkPoolWorker-2: Calling delphi to calculate conformer (91/594) GLU02A0279_004 in /tmp/pbe_data.data.home.granepura.5-Kinases.Kinases_MCCE.Trial03.run_holo.2HYY_GLU02A0279_004
ForkPoolWorker-3: Calling delphi to calculate conformer (92/594) GLU-1A0279_005 in /tmp/pbe_data.data.home.granepura.5-Kinases.Kinases_MCCE.Trial03.run_holo.2HYY_GLU-1A0279_005
Skipping PBE solver for non-charge conformer (93/594) VAL01A0280_001...
ForkPoolWorker-5: Calling delphi to calculate conformer (94/594) GLU01A0281_001 in /tmp/pbe_data.data.home.granepura.5-Kinases.Kinases_MCCE.Trial03.run_holo.2HYY_GLU01A0281_001
ForkPoolWorker-4: Calling delphi to calculate conformer (96/594) GLU02A0281_003 in /tmp/pbe_data.data.home.granepura.5-Kinases.Kinases_MCCE.Trial03.run_holo.2HYY_GLU02A0281_003
ForkPoolWorker-1: Calling delphi to calculate conformer (95/594) GLU01A0281_002 in /tmp/pbe_data.data.home.granepura.5-Kinases.Kinases_MCCE.Trial03.run_holo.2HYY_GLU01A0281_002
ForkPoolWorker-2: Calling delphi to calculate conformer (97/594) GLU02A0281_004 in /tmp/pbe_data.data.home.granepura.5-Kinases.Kinases_MCCE.Trial03.run_holo.2HYY_GLU02A0281_004
ForkPoolWorker-3: Calling delphi to calculate conformer (98/594) GLU-1A0281_005 in /tmp/pbe_data.data.home.granepura.5-Kinases.Kinases_MCCE.Trial03.run_holo.2HYY_GLU-1A0281_005
ForkPoolWorker-5: Calling delphi to calculate conformer (99/594) GLU01A0282_001 in /tmp/pbe_data.data.home.granepura.5-Kinases.Kinases_MCCE.Trial03.run_holo.2HYY_GLU01A0282_001
ForkPoolWorker-4: Calling delphi to calculate conformer (100/594) GLU01A0282_002 in /tmp/pbe_data.data.home.granepura.5-Kinases.Kinases_MCCE.Trial03.run_holo.2HYY_GLU01A0282_002
ForkPoolWorker-1: Calling delphi to calculate conformer (101/594) GLU02A0282_003 in /tmp/pbe_data.data.home.granepura.5-Kinases.Kinases_MCCE.Trial03.run_holo.2HYY_GLU02A0282_003
ForkPoolWorker-2: Calling delphi to calculate conformer (102/594) GLU02A0282_004 in /tmp/pbe_data.data.home.granepura.5-Kinases.Kinases_MCCE.Trial03.run_holo.2HYY_GLU02A0282_004
ForkPoolWorker-3: Calling delphi to calculate conformer (103/594) GLU-1A0282_005 in /tmp/pbe_data.data.home.granepura.5-Kinases.Kinases_MCCE.Trial03.run_holo.2HYY_GLU-1A0282_005
Skipping PBE solver for non-charge conformer (104/594) PHE01A0283_001...
Skipping PBE solver for non-charge conformer (105/594) LEU01A0284_001...
ForkPoolWorker-5: Calling delphi to calculate conformer (106/594) LYS01A0285_001 in /tmp/pbe_data.data.home.granepura.5-Kinases.Kinases_MCCE.Trial03.run_holo.2HYY_LYS01A0285_001
ForkPoolWorker-4: Calling delphi to calculate conformer (107/594) LYS+1A0285_002 in /tmp/pbe_data.data.home.granepura.5-Kinases.Kinases_MCCE.Trial03.run_holo.2HYY_LYS+1A0285_002
ForkPoolWorker-1: Calling delphi to calculate conformer (108/594) GLU01A0286_001 in /tmp/pbe_data.data.home.granepura.5-Kinases.Kinases_MCCE.Trial03.run_holo.2HYY_GLU01A0286_001
ForkPoolWorker-2: Calling delphi to calculate conformer (109/594) GLU01A0286_002 in /tmp/pbe_data.data.home.granepura.5-Kinases.Kinases_MCCE.Trial03.run_holo.2HYY_GLU01A0286_002
ForkPoolWorker-3: Calling delphi to calculate conformer (110/594) GLU02A0286_003 in /tmp/pbe_data.data.home.granepura.5-Kinases.Kinases_MCCE.Trial03.run_holo.2HYY_GLU02A0286_003
ForkPoolWorker-5: Calling delphi to calculate conformer (111/594) GLU02A0286_004 in /tmp/pbe_data.data.home.granepura.5-Kinases.Kinases_MCCE.Trial03.run_holo.2HYY_GLU02A0286_004
ForkPoolWorker-4: Calling delphi to calculate conformer (112/594) GLU-1A0286_005 in /tmp/pbe_data.data.home.granepura.5-Kinases.Kinases_MCCE.Trial03.run_holo.2HYY_GLU-1A0286_005
Skipping PBE solver for non-charge conformer (113/594) ALA01A0287_001...
Skipping PBE solver for non-charge conformer (114/594) ALA01A0288_001...
Skipping PBE solver for non-charge conformer (115/594) VAL01A0289_001...
ForkPoolWorker-1: Calling delphi to calculate conformer (116/594) MET01A0290_001 in /tmp/pbe_data.data.home.granepura.5-Kinases.Kinases_MCCE.Trial03.run_holo.2HYY_MET01A0290_001
ForkPoolWorker-2: Calling delphi to calculate conformer (117/594) LYS01A0291_001 in /tmp/pbe_data.data.home.granepura.5-Kinases.Kinases_MCCE.Trial03.run_holo.2HYY_LYS01A0291_001
ForkPoolWorker-3: Calling delphi to calculate conformer (118/594) LYS+1A0291_002 in /tmp/pbe_data.data.home.granepura.5-Kinases.Kinases_MCCE.Trial03.run_holo.2HYY_LYS+1A0291_002
ForkPoolWorker-5: Calling delphi to calculate conformer (119/594) GLU01A0292_001 in /tmp/pbe_data.data.home.granepura.5-Kinases.Kinases_MCCE.Trial03.run_holo.2HYY_GLU01A0292_001
ForkPoolWorker-4: Calling delphi to calculate conformer (120/594) GLU01A0292_002 in /tmp/pbe_data.data.home.granepura.5-Kinases.Kinases_MCCE.Trial03.run_holo.2HYY_GLU01A0292_002
ForkPoolWorker-1: Calling delphi to calculate conformer (121/594) GLU02A0292_003 in /tmp/pbe_data.data.home.granepura.5-Kinases.Kinases_MCCE.Trial03.run_holo.2HYY_GLU02A0292_003
ForkPoolWorker-2: Calling delphi to calculate conformer (122/594) GLU02A0292_004 in /tmp/pbe_data.data.home.granepura.5-Kinases.Kinases_MCCE.Trial03.run_holo.2HYY_GLU02A0292_004
ForkPoolWorker-3: Calling delphi to calculate conformer (123/594) GLU-1A0292_005 in /tmp/pbe_data.data.home.granepura.5-Kinases.Kinases_MCCE.Trial03.run_holo.2HYY_GLU-1A0292_005
Skipping PBE solver for non-charge conformer (124/594) ILE01A0293_001...
ForkPoolWorker-5: Calling delphi to calculate conformer (125/594) LYS01A0294_001 in /tmp/pbe_data.data.home.granepura.5-Kinases.Kinases_MCCE.Trial03.run_holo.2HYY_LYS01A0294_001
ForkPoolWorker-4: Calling delphi to calculate conformer (126/594) LYS+1A0294_002 in /tmp/pbe_data.data.home.granepura.5-Kinases.Kinases_MCCE.Trial03.run_holo.2HYY_LYS+1A0294_002
ForkPoolWorker-1: Calling delphi to calculate conformer (127/594) HIS01A0295_001 in /tmp/pbe_data.data.home.granepura.5-Kinases.Kinases_MCCE.Trial03.run_holo.2HYY_HIS01A0295_001
ForkPoolWorker-2: Calling delphi to calculate conformer (128/594) HIS01A0295_002 in /tmp/pbe_data.data.home.granepura.5-Kinases.Kinases_MCCE.Trial03.run_holo.2HYY_HIS01A0295_002
ForkPoolWorker-3: Calling delphi to calculate conformer (129/594) HIS02A0295_003 in /tmp/pbe_data.data.home.granepura.5-Kinases.Kinases_MCCE.Trial03.run_holo.2HYY_HIS02A0295_003
ForkPoolWorker-5: Calling delphi to calculate conformer (130/594) HIS02A0295_004 in /tmp/pbe_data.data.home.granepura.5-Kinases.Kinases_MCCE.Trial03.run_holo.2HYY_HIS02A0295_004
ForkPoolWorker-4: Calling delphi to calculate conformer (131/594) HIS+1A0295_005 in /tmp/pbe_data.data.home.granepura.5-Kinases.Kinases_MCCE.Trial03.run_holo.2HYY_HIS+1A0295_005
ForkPoolWorker-1: Calling delphi to calculate conformer (132/594) HIS+1A0295_006 in /tmp/pbe_data.data.home.granepura.5-Kinases.Kinases_MCCE.Trial03.run_holo.2HYY_HIS+1A0295_006
Skipping PBE solver for non-charge conformer (133/594) PRO01A0296_001...
ForkPoolWorker-2: Calling delphi to calculate conformer (134/594) ASN01A0297_001 in /tmp/pbe_data.data.home.granepura.5-Kinases.Kinases_MCCE.Trial03.run_holo.2HYY_ASN01A0297_001
ForkPoolWorker-3: Calling delphi to calculate conformer (135/594) ASN01A0297_002 in /tmp/pbe_data.data.home.granepura.5-Kinases.Kinases_MCCE.Trial03.run_holo.2HYY_ASN01A0297_002
Skipping PBE solver for non-charge conformer (136/594) LEU01A0298_001...
Skipping PBE solver for non-charge conformer (137/594) VAL01A0299_001...
ForkPoolWorker-5: Calling delphi to calculate conformer (138/594) GLN01A0300_001 in /tmp/pbe_data.data.home.granepura.5-Kinases.Kinases_MCCE.Trial03.run_holo.2HYY_GLN01A0300_001
ForkPoolWorker-1: Calling delphi to calculate conformer (139/594) GLN01A0300_002 in /tmp/pbe_data.data.home.granepura.5-Kinases.Kinases_MCCE.Trial03.run_holo.2HYY_GLN01A0300_002
Skipping PBE solver for non-charge conformer (141/594) LEU01A0302_001...
Skipping PBE solver for non-charge conformer (140/594) LEU01A0301_001...
Skipping PBE solver for non-charge conformer (142/594) VAL01A0304_001...
ForkPoolWorker-4: Calling delphi to calculate conformer (143/594) CYS01A0305_001 in /tmp/pbe_data.data.home.granepura.5-Kinases.Kinases_MCCE.Trial03.run_holo.2HYY_CYS01A0305_001
ForkPoolWorker-2: Calling delphi to calculate conformer (144/594) CYS01A0305_002 in /tmp/pbe_data.data.home.granepura.5-Kinases.Kinases_MCCE.Trial03.run_holo.2HYY_CYS01A0305_002
ForkPoolWorker-5: Calling delphi to calculate conformer (145/594) CYS01A0305_003 in /tmp/pbe_data.data.home.granepura.5-Kinases.Kinases_MCCE.Trial03.run_holo.2HYY_CYS01A0305_003
ForkPoolWorker-3: Calling delphi to calculate conformer (146/594) CYS-1A0305_004 in /tmp/pbe_data.data.home.granepura.5-Kinases.Kinases_MCCE.Trial03.run_holo.2HYY_CYS-1A0305_004
ForkPoolWorker-4: Calling delphi to calculate conformer (147/594) THR01A0306_001 in /tmp/pbe_data.data.home.granepura.5-Kinases.Kinases_MCCE.Trial03.run_holo.2HYY_THR01A0306_001
ForkPoolWorker-1: Calling delphi to calculate conformer (148/594) THR01A0306_002 in /tmp/pbe_data.data.home.granepura.5-Kinases.Kinases_MCCE.Trial03.run_holo.2HYY_THR01A0306_002
ForkPoolWorker-2: Calling delphi to calculate conformer (149/594) ARG01A0307_001 in /tmp/pbe_data.data.home.granepura.5-Kinases.Kinases_MCCE.Trial03.run_holo.2HYY_ARG01A0307_001
ForkPoolWorker-5: Calling delphi to calculate conformer (150/594) ARG02A0307_002 in /tmp/pbe_data.data.home.granepura.5-Kinases.Kinases_MCCE.Trial03.run_holo.2HYY_ARG02A0307_002
ForkPoolWorker-3: Calling delphi to calculate conformer (151/594) ARG03A0307_003 in /tmp/pbe_data.data.home.granepura.5-Kinases.Kinases_MCCE.Trial03.run_holo.2HYY_ARG03A0307_003
ForkPoolWorker-4: Calling delphi to calculate conformer (153/594) ARG+1A0307_005 in /tmp/pbe_data.data.home.granepura.5-Kinases.Kinases_MCCE.Trial03.run_holo.2HYY_ARG+1A0307_005
ForkPoolWorker-2: Calling delphi to calculate conformer (152/594) ARG03A0307_004 in /tmp/pbe_data.data.home.granepura.5-Kinases.Kinases_MCCE.Trial03.run_holo.2HYY_ARG03A0307_004
ForkPoolWorker-1: Calling delphi to calculate conformer (154/594) GLU01A0308_001 in /tmp/pbe_data.data.home.granepura.5-Kinases.Kinases_MCCE.Trial03.run_holo.2HYY_GLU01A0308_001
ForkPoolWorker-5: Calling delphi to calculate conformer (155/594) GLU01A0308_002 in /tmp/pbe_data.data.home.granepura.5-Kinases.Kinases_MCCE.Trial03.run_holo.2HYY_GLU01A0308_002
ForkPoolWorker-3: Calling delphi to calculate conformer (156/594) GLU02A0308_003 in /tmp/pbe_data.data.home.granepura.5-Kinases.Kinases_MCCE.Trial03.run_holo.2HYY_GLU02A0308_003
ForkPoolWorker-2: Calling delphi to calculate conformer (157/594) GLU02A0308_004 in /tmp/pbe_data.data.home.granepura.5-Kinases.Kinases_MCCE.Trial03.run_holo.2HYY_GLU02A0308_004
ForkPoolWorker-1: Calling delphi to calculate conformer (158/594) GLU-1A0308_005 in /tmp/pbe_data.data.home.granepura.5-Kinases.Kinases_MCCE.Trial03.run_holo.2HYY_GLU-1A0308_005
Skipping PBE solver for non-charge conformer (159/594) PRO01A0309_001...
Skipping PBE solver for non-charge conformer (160/594) PRO01A0310_001...
Skipping PBE solver for non-charge conformer (161/594) PHE01A0311_001...
ForkPoolWorker-4: Calling delphi to calculate conformer (162/594) TYR01A0312_001 in /tmp/pbe_data.data.home.granepura.5-Kinases.Kinases_MCCE.Trial03.run_holo.2HYY_TYR01A0312_001
ForkPoolWorker-5: Calling delphi to calculate conformer (163/594) TYR01A0312_002 in /tmp/pbe_data.data.home.granepura.5-Kinases.Kinases_MCCE.Trial03.run_holo.2HYY_TYR01A0312_002
Skipping PBE solver for non-charge conformer (165/594) ILE01A0313_001...
ForkPoolWorker-2: Calling delphi to calculate conformer (164/594) TYR-1A0312_003 in /tmp/pbe_data.data.home.granepura.5-Kinases.Kinases_MCCE.Trial03.run_holo.2HYY_TYR-1A0312_003
Skipping PBE solver for non-charge conformer (166/594) ILE01A0314_001...
ForkPoolWorker-1: Calling delphi to calculate conformer (167/594) THR01A0315_001 in /tmp/pbe_data.data.home.granepura.5-Kinases.Kinases_MCCE.Trial03.run_holo.2HYY_THR01A0315_001
ForkPoolWorker-3: Calling delphi to calculate conformer (168/594) THR01A0315_002 in /tmp/pbe_data.data.home.granepura.5-Kinases.Kinases_MCCE.Trial03.run_holo.2HYY_THR01A0315_002
ForkPoolWorker-4: Calling delphi to calculate conformer (169/594) THR01A0315_003 in /tmp/pbe_data.data.home.granepura.5-Kinases.Kinases_MCCE.Trial03.run_holo.2HYY_THR01A0315_003
ForkPoolWorker-5: Calling delphi to calculate conformer (170/594) GLU01A0316_001 in /tmp/pbe_data.data.home.granepura.5-Kinases.Kinases_MCCE.Trial03.run_holo.2HYY_GLU01A0316_001
ForkPoolWorker-2: Calling delphi to calculate conformer (171/594) GLU01A0316_002 in /tmp/pbe_data.data.home.granepura.5-Kinases.Kinases_MCCE.Trial03.run_holo.2HYY_GLU01A0316_002
ForkPoolWorker-1: Calling delphi to calculate conformer (172/594) GLU02A0316_003 in /tmp/pbe_data.data.home.granepura.5-Kinases.Kinases_MCCE.Trial03.run_holo.2HYY_GLU02A0316_003
ForkPoolWorker-3: Calling delphi to calculate conformer (173/594) GLU02A0316_004 in /tmp/pbe_data.data.home.granepura.5-Kinases.Kinases_MCCE.Trial03.run_holo.2HYY_GLU02A0316_004
ForkPoolWorker-4: Calling delphi to calculate conformer (174/594) GLU-1A0316_005 in /tmp/pbe_data.data.home.granepura.5-Kinases.Kinases_MCCE.Trial03.run_holo.2HYY_GLU-1A0316_005
Skipping PBE solver for non-charge conformer (175/594) PHE01A0317_001...
ForkPoolWorker-5: Calling delphi to calculate conformer (176/594) MET01A0318_001 in /tmp/pbe_data.data.home.granepura.5-Kinases.Kinases_MCCE.Trial03.run_holo.2HYY_MET01A0318_001
ForkPoolWorker-2: Calling delphi to calculate conformer (177/594) THR01A0319_001 in /tmp/pbe_data.data.home.granepura.5-Kinases.Kinases_MCCE.Trial03.run_holo.2HYY_THR01A0319_001
ForkPoolWorker-1: Calling delphi to calculate conformer (178/594) THR01A0319_002 in /tmp/pbe_data.data.home.granepura.5-Kinases.Kinases_MCCE.Trial03.run_holo.2HYY_THR01A0319_002
ForkPoolWorker-3: Calling delphi to calculate conformer (179/594) TYR01A0320_001 in /tmp/pbe_data.data.home.granepura.5-Kinases.Kinases_MCCE.Trial03.run_holo.2HYY_TYR01A0320_001
ForkPoolWorker-4: Calling delphi to calculate conformer (180/594) TYR01A0320_002 in /tmp/pbe_data.data.home.granepura.5-Kinases.Kinases_MCCE.Trial03.run_holo.2HYY_TYR01A0320_002
ForkPoolWorker-5: Calling delphi to calculate conformer (181/594) TYR-1A0320_003 in /tmp/pbe_data.data.home.granepura.5-Kinases.Kinases_MCCE.Trial03.run_holo.2HYY_TYR-1A0320_003
ForkPoolWorker-1: Calling delphi to calculate conformer (182/594) ASN01A0322_001 in /tmp/pbe_data.data.home.granepura.5-Kinases.Kinases_MCCE.Trial03.run_holo.2HYY_ASN01A0322_001
ForkPoolWorker-3: Calling delphi to calculate conformer (183/594) ASN01A0322_002 in /tmp/pbe_data.data.home.granepura.5-Kinases.Kinases_MCCE.Trial03.run_holo.2HYY_ASN01A0322_002
ForkPoolWorker-2: Calling delphi to calculate conformer (184/594) ASN01A0322_003 in /tmp/pbe_data.data.home.granepura.5-Kinases.Kinases_MCCE.Trial03.run_holo.2HYY_ASN01A0322_003
Skipping PBE solver for non-charge conformer (185/594) LEU01A0323_001...
Skipping PBE solver for non-charge conformer (186/594) LEU01A0324_001...
ForkPoolWorker-4: Calling delphi to calculate conformer (187/594) ASP01A0325_001 in /tmp/pbe_data.data.home.granepura.5-Kinases.Kinases_MCCE.Trial03.run_holo.2HYY_ASP01A0325_001
ForkPoolWorker-5: Calling delphi to calculate conformer (188/594) ASP01A0325_002 in /tmp/pbe_data.data.home.granepura.5-Kinases.Kinases_MCCE.Trial03.run_holo.2HYY_ASP01A0325_002
ForkPoolWorker-1: Calling delphi to calculate conformer (189/594) ASP02A0325_003 in /tmp/pbe_data.data.home.granepura.5-Kinases.Kinases_MCCE.Trial03.run_holo.2HYY_ASP02A0325_003
ForkPoolWorker-2: Calling delphi to calculate conformer (190/594) ASP02A0325_004 in /tmp/pbe_data.data.home.granepura.5-Kinases.Kinases_MCCE.Trial03.run_holo.2HYY_ASP02A0325_004
ForkPoolWorker-4: Calling delphi to calculate conformer (191/594) ASP-1A0325_005 in /tmp/pbe_data.data.home.granepura.5-Kinases.Kinases_MCCE.Trial03.run_holo.2HYY_ASP-1A0325_005
ForkPoolWorker-3: Calling delphi to calculate conformer (192/594) TYR01A0326_001 in /tmp/pbe_data.data.home.granepura.5-Kinases.Kinases_MCCE.Trial03.run_holo.2HYY_TYR01A0326_001
ForkPoolWorker-5: Calling delphi to calculate conformer (193/594) TYR01A0326_002 in /tmp/pbe_data.data.home.granepura.5-Kinases.Kinases_MCCE.Trial03.run_holo.2HYY_TYR01A0326_002
ForkPoolWorker-1: Calling delphi to calculate conformer (194/594) TYR01A0326_003 in /tmp/pbe_data.data.home.granepura.5-Kinases.Kinases_MCCE.Trial03.run_holo.2HYY_TYR01A0326_003
ForkPoolWorker-4: Calling delphi to calculate conformer (195/594) TYR01A0326_004 in /tmp/pbe_data.data.home.granepura.5-Kinases.Kinases_MCCE.Trial03.run_holo.2HYY_TYR01A0326_004
ForkPoolWorker-2: Calling delphi to calculate conformer (196/594) TYR-1A0326_005 in /tmp/pbe_data.data.home.granepura.5-Kinases.Kinases_MCCE.Trial03.run_holo.2HYY_TYR-1A0326_005
ForkPoolWorker-3: Calling delphi to calculate conformer (197/594) TYR-1A0326_006 in /tmp/pbe_data.data.home.granepura.5-Kinases.Kinases_MCCE.Trial03.run_holo.2HYY_TYR-1A0326_006
Skipping PBE solver for non-charge conformer (198/594) LEU01A0327_001...
ForkPoolWorker-5: Calling delphi to calculate conformer (199/594) ARG01A0328_001 in /tmp/pbe_data.data.home.granepura.5-Kinases.Kinases_MCCE.Trial03.run_holo.2HYY_ARG01A0328_001
ForkPoolWorker-1: Calling delphi to calculate conformer (200/594) ARG02A0328_002 in /tmp/pbe_data.data.home.granepura.5-Kinases.Kinases_MCCE.Trial03.run_holo.2HYY_ARG02A0328_002
ForkPoolWorker-4: Calling delphi to calculate conformer (201/594) ARG03A0328_003 in /tmp/pbe_data.data.home.granepura.5-Kinases.Kinases_MCCE.Trial03.run_holo.2HYY_ARG03A0328_003
ForkPoolWorker-2: Calling delphi to calculate conformer (202/594) ARG+1A0328_004 in /tmp/pbe_data.data.home.granepura.5-Kinases.Kinases_MCCE.Trial03.run_holo.2HYY_ARG+1A0328_004
ForkPoolWorker-3: Calling delphi to calculate conformer (203/594) GLU01A0329_001 in /tmp/pbe_data.data.home.granepura.5-Kinases.Kinases_MCCE.Trial03.run_holo.2HYY_GLU01A0329_001
ForkPoolWorker-5: Calling delphi to calculate conformer (204/594) GLU01A0329_002 in /tmp/pbe_data.data.home.granepura.5-Kinases.Kinases_MCCE.Trial03.run_holo.2HYY_GLU01A0329_002
ForkPoolWorker-1: Calling delphi to calculate conformer (205/594) GLU02A0329_003 in /tmp/pbe_data.data.home.granepura.5-Kinases.Kinases_MCCE.Trial03.run_holo.2HYY_GLU02A0329_003
ForkPoolWorker-2: Calling delphi to calculate conformer (206/594) GLU02A0329_004 in /tmp/pbe_data.data.home.granepura.5-Kinases.Kinases_MCCE.Trial03.run_holo.2HYY_GLU02A0329_004
ForkPoolWorker-4: Calling delphi to calculate conformer (207/594) GLU-1A0329_005 in /tmp/pbe_data.data.home.granepura.5-Kinases.Kinases_MCCE.Trial03.run_holo.2HYY_GLU-1A0329_005
ForkPoolWorker-3: Calling delphi to calculate conformer (208/594) CYS01A0330_001 in /tmp/pbe_data.data.home.granepura.5-Kinases.Kinases_MCCE.Trial03.run_holo.2HYY_CYS01A0330_001
ForkPoolWorker-5: Calling delphi to calculate conformer (209/594) CYS01A0330_002 in /tmp/pbe_data.data.home.granepura.5-Kinases.Kinases_MCCE.Trial03.run_holo.2HYY_CYS01A0330_002
ForkPoolWorker-1: Calling delphi to calculate conformer (210/594) CYS01A0330_003 in /tmp/pbe_data.data.home.granepura.5-Kinases.Kinases_MCCE.Trial03.run_holo.2HYY_CYS01A0330_003
ForkPoolWorker-4: Calling delphi to calculate conformer (211/594) CYS-1A0330_004 in /tmp/pbe_data.data.home.granepura.5-Kinases.Kinases_MCCE.Trial03.run_holo.2HYY_CYS-1A0330_004
ForkPoolWorker-2: Calling delphi to calculate conformer (212/594) ASN01A0331_001 in /tmp/pbe_data.data.home.granepura.5-Kinases.Kinases_MCCE.Trial03.run_holo.2HYY_ASN01A0331_001
ForkPoolWorker-3: Calling delphi to calculate conformer (213/594) ARG01A0332_001 in /tmp/pbe_data.data.home.granepura.5-Kinases.Kinases_MCCE.Trial03.run_holo.2HYY_ARG01A0332_001
ForkPoolWorker-5: Calling delphi to calculate conformer (214/594) ARG02A0332_002 in /tmp/pbe_data.data.home.granepura.5-Kinases.Kinases_MCCE.Trial03.run_holo.2HYY_ARG02A0332_002
ForkPoolWorker-1: Calling delphi to calculate conformer (215/594) ARG03A0332_003 in /tmp/pbe_data.data.home.granepura.5-Kinases.Kinases_MCCE.Trial03.run_holo.2HYY_ARG03A0332_003
ForkPoolWorker-2: Calling delphi to calculate conformer (216/594) ARG+1A0332_004 in /tmp/pbe_data.data.home.granepura.5-Kinases.Kinases_MCCE.Trial03.run_holo.2HYY_ARG+1A0332_004
ForkPoolWorker-4: Calling delphi to calculate conformer (217/594) GLN01A0333_001 in /tmp/pbe_data.data.home.granepura.5-Kinases.Kinases_MCCE.Trial03.run_holo.2HYY_GLN01A0333_001
ForkPoolWorker-3: Calling delphi to calculate conformer (218/594) GLN01A0333_002 in /tmp/pbe_data.data.home.granepura.5-Kinases.Kinases_MCCE.Trial03.run_holo.2HYY_GLN01A0333_002
ForkPoolWorker-5: Calling delphi to calculate conformer (219/594) GLU01A0334_001 in /tmp/pbe_data.data.home.granepura.5-Kinases.Kinases_MCCE.Trial03.run_holo.2HYY_GLU01A0334_001
ForkPoolWorker-1: Calling delphi to calculate conformer (220/594) GLU01A0334_002 in /tmp/pbe_data.data.home.granepura.5-Kinases.Kinases_MCCE.Trial03.run_holo.2HYY_GLU01A0334_002
ForkPoolWorker-2: Calling delphi to calculate conformer (221/594) GLU02A0334_003 in /tmp/pbe_data.data.home.granepura.5-Kinases.Kinases_MCCE.Trial03.run_holo.2HYY_GLU02A0334_003
ForkPoolWorker-4: Calling delphi to calculate conformer (222/594) GLU02A0334_004 in /tmp/pbe_data.data.home.granepura.5-Kinases.Kinases_MCCE.Trial03.run_holo.2HYY_GLU02A0334_004
ForkPoolWorker-3: Calling delphi to calculate conformer (223/594) GLU-1A0334_005 in /tmp/pbe_data.data.home.granepura.5-Kinases.Kinases_MCCE.Trial03.run_holo.2HYY_GLU-1A0334_005
Skipping PBE solver for non-charge conformer (224/594) VAL01A0335_001...
ForkPoolWorker-5: Calling delphi to calculate conformer (225/594) ASN01A0336_001 in /tmp/pbe_data.data.home.granepura.5-Kinases.Kinases_MCCE.Trial03.run_holo.2HYY_ASN01A0336_001
ForkPoolWorker-1: Calling delphi to calculate conformer (226/594) ASN01A0336_002 in /tmp/pbe_data.data.home.granepura.5-Kinases.Kinases_MCCE.Trial03.run_holo.2HYY_ASN01A0336_002
Skipping PBE solver for non-charge conformer (227/594) ALA01A0337_001...
Skipping PBE solver for non-charge conformer (229/594) VAL01A0339_001...
Skipping PBE solver for non-charge conformer (228/594) VAL01A0338_001...
Skipping PBE solver for non-charge conformer (230/594) LEU01A0340_001...
Skipping PBE solver for non-charge conformer (231/594) LEU01A0341_001...
ForkPoolWorker-4: Calling delphi to calculate conformer (232/594) TYR01A0342_001 in /tmp/pbe_data.data.home.granepura.5-Kinases.Kinases_MCCE.Trial03.run_holo.2HYY_TYR01A0342_001
ForkPoolWorker-2: Calling delphi to calculate conformer (233/594) TYR01A0342_002 in /tmp/pbe_data.data.home.granepura.5-Kinases.Kinases_MCCE.Trial03.run_holo.2HYY_TYR01A0342_002
ForkPoolWorker-3: Calling delphi to calculate conformer (234/594) TYR-1A0342_003 in /tmp/pbe_data.data.home.granepura.5-Kinases.Kinases_MCCE.Trial03.run_holo.2HYY_TYR-1A0342_003
ForkPoolWorker-5: Calling delphi to calculate conformer (235/594) MET01A0343_001 in /tmp/pbe_data.data.home.granepura.5-Kinases.Kinases_MCCE.Trial03.run_holo.2HYY_MET01A0343_001
Skipping PBE solver for non-charge conformer (236/594) ALA01A0344_001...
ForkPoolWorker-1: Calling delphi to calculate conformer (237/594) THR01A0345_001 in /tmp/pbe_data.data.home.granepura.5-Kinases.Kinases_MCCE.Trial03.run_holo.2HYY_THR01A0345_001
ForkPoolWorker-2: Calling delphi to calculate conformer (238/594) THR01A0345_002 in /tmp/pbe_data.data.home.granepura.5-Kinases.Kinases_MCCE.Trial03.run_holo.2HYY_THR01A0345_002
ForkPoolWorker-4: Calling delphi to calculate conformer (239/594) GLN01A0346_001 in /tmp/pbe_data.data.home.granepura.5-Kinases.Kinases_MCCE.Trial03.run_holo.2HYY_GLN01A0346_001
ForkPoolWorker-3: Calling delphi to calculate conformer (240/594) GLN01A0346_002 in /tmp/pbe_data.data.home.granepura.5-Kinases.Kinases_MCCE.Trial03.run_holo.2HYY_GLN01A0346_002
Skipping PBE solver for non-charge conformer (241/594) ILE01A0347_001...
ForkPoolWorker-5: Calling delphi to calculate conformer (242/594) SER01A0348_001 in /tmp/pbe_data.data.home.granepura.5-Kinases.Kinases_MCCE.Trial03.run_holo.2HYY_SER01A0348_001
ForkPoolWorker-1: Calling delphi to calculate conformer (243/594) SER01A0348_002 in /tmp/pbe_data.data.home.granepura.5-Kinases.Kinases_MCCE.Trial03.run_holo.2HYY_SER01A0348_002
ForkPoolWorker-2: Calling delphi to calculate conformer (244/594) SER01A0348_003 in /tmp/pbe_data.data.home.granepura.5-Kinases.Kinases_MCCE.Trial03.run_holo.2HYY_SER01A0348_003
ForkPoolWorker-4: Calling delphi to calculate conformer (245/594) SER01A0349_001 in /tmp/pbe_data.data.home.granepura.5-Kinases.Kinases_MCCE.Trial03.run_holo.2HYY_SER01A0349_001
ForkPoolWorker-3: Calling delphi to calculate conformer (246/594) SER01A0349_002 in /tmp/pbe_data.data.home.granepura.5-Kinases.Kinases_MCCE.Trial03.run_holo.2HYY_SER01A0349_002
ForkPoolWorker-5: Calling delphi to calculate conformer (247/594) SER01A0349_003 in /tmp/pbe_data.data.home.granepura.5-Kinases.Kinases_MCCE.Trial03.run_holo.2HYY_SER01A0349_003
ForkPoolWorker-1: Calling delphi to calculate conformer (248/594) SER01A0349_004 in /tmp/pbe_data.data.home.granepura.5-Kinases.Kinases_MCCE.Trial03.run_holo.2HYY_SER01A0349_004
ForkPoolWorker-2: Calling delphi to calculate conformer (249/594) SER01A0349_005 in /tmp/pbe_data.data.home.granepura.5-Kinases.Kinases_MCCE.Trial03.run_holo.2HYY_SER01A0349_005
Skipping PBE solver for non-charge conformer (250/594) ALA01A0350_001...
ForkPoolWorker-4: Calling delphi to calculate conformer (251/594) MET01A0351_001 in /tmp/pbe_data.data.home.granepura.5-Kinases.Kinases_MCCE.Trial03.run_holo.2HYY_MET01A0351_001
ForkPoolWorker-3: Calling delphi to calculate conformer (252/594) GLU01A0352_001 in /tmp/pbe_data.data.home.granepura.5-Kinases.Kinases_MCCE.Trial03.run_holo.2HYY_GLU01A0352_001
ForkPoolWorker-5: Calling delphi to calculate conformer (253/594) GLU01A0352_002 in /tmp/pbe_data.data.home.granepura.5-Kinases.Kinases_MCCE.Trial03.run_holo.2HYY_GLU01A0352_002
ForkPoolWorker-1: Calling delphi to calculate conformer (254/594) GLU01A0352_003 in /tmp/pbe_data.data.home.granepura.5-Kinases.Kinases_MCCE.Trial03.run_holo.2HYY_GLU01A0352_003
ForkPoolWorker-2: Calling delphi to calculate conformer (255/594) GLU01A0352_004 in /tmp/pbe_data.data.home.granepura.5-Kinases.Kinases_MCCE.Trial03.run_holo.2HYY_GLU01A0352_004
ForkPoolWorker-4: Calling delphi to calculate conformer (256/594) GLU02A0352_005 in /tmp/pbe_data.data.home.granepura.5-Kinases.Kinases_MCCE.Trial03.run_holo.2HYY_GLU02A0352_005
ForkPoolWorker-3: Calling delphi to calculate conformer (257/594) GLU02A0352_006 in /tmp/pbe_data.data.home.granepura.5-Kinases.Kinases_MCCE.Trial03.run_holo.2HYY_GLU02A0352_006
ForkPoolWorker-5: Calling delphi to calculate conformer (258/594) GLU02A0352_007 in /tmp/pbe_data.data.home.granepura.5-Kinases.Kinases_MCCE.Trial03.run_holo.2HYY_GLU02A0352_007
ForkPoolWorker-1: Calling delphi to calculate conformer (259/594) GLU02A0352_008 in /tmp/pbe_data.data.home.granepura.5-Kinases.Kinases_MCCE.Trial03.run_holo.2HYY_GLU02A0352_008
ForkPoolWorker-2: Calling delphi to calculate conformer (260/594) GLU-1A0352_009 in /tmp/pbe_data.data.home.granepura.5-Kinases.Kinases_MCCE.Trial03.run_holo.2HYY_GLU-1A0352_009
ForkPoolWorker-4: Calling delphi to calculate conformer (261/594) GLU-1A0352_010 in /tmp/pbe_data.data.home.granepura.5-Kinases.Kinases_MCCE.Trial03.run_holo.2HYY_GLU-1A0352_010
ForkPoolWorker-3: Calling delphi to calculate conformer (262/594) TYR01A0353_001 in /tmp/pbe_data.data.home.granepura.5-Kinases.Kinases_MCCE.Trial03.run_holo.2HYY_TYR01A0353_001
ForkPoolWorker-5: Calling delphi to calculate conformer (263/594) TYR-1A0353_002 in /tmp/pbe_data.data.home.granepura.5-Kinases.Kinases_MCCE.Trial03.run_holo.2HYY_TYR-1A0353_002
Skipping PBE solver for non-charge conformer (264/594) LEU01A0354_001...
ForkPoolWorker-1: Calling delphi to calculate conformer (265/594) GLU01A0355_001 in /tmp/pbe_data.data.home.granepura.5-Kinases.Kinases_MCCE.Trial03.run_holo.2HYY_GLU01A0355_001
ForkPoolWorker-2: Calling delphi to calculate conformer (266/594) GLU01A0355_002 in /tmp/pbe_data.data.home.granepura.5-Kinases.Kinases_MCCE.Trial03.run_holo.2HYY_GLU01A0355_002
ForkPoolWorker-4: Calling delphi to calculate conformer (267/594) GLU02A0355_003 in /tmp/pbe_data.data.home.granepura.5-Kinases.Kinases_MCCE.Trial03.run_holo.2HYY_GLU02A0355_003
ForkPoolWorker-3: Calling delphi to calculate conformer (268/594) GLU02A0355_004 in /tmp/pbe_data.data.home.granepura.5-Kinases.Kinases_MCCE.Trial03.run_holo.2HYY_GLU02A0355_004
ForkPoolWorker-5: Calling delphi to calculate conformer (269/594) GLU-1A0355_005 in /tmp/pbe_data.data.home.granepura.5-Kinases.Kinases_MCCE.Trial03.run_holo.2HYY_GLU-1A0355_005
ForkPoolWorker-1: Calling delphi to calculate conformer (270/594) LYS01A0356_001 in /tmp/pbe_data.data.home.granepura.5-Kinases.Kinases_MCCE.Trial03.run_holo.2HYY_LYS01A0356_001
ForkPoolWorker-2: Calling delphi to calculate conformer (271/594) LYS01A0356_002 in /tmp/pbe_data.data.home.granepura.5-Kinases.Kinases_MCCE.Trial03.run_holo.2HYY_LYS01A0356_002
ForkPoolWorker-4: Calling delphi to calculate conformer (272/594) LYS+1A0356_003 in /tmp/pbe_data.data.home.granepura.5-Kinases.Kinases_MCCE.Trial03.run_holo.2HYY_LYS+1A0356_003
ForkPoolWorker-3: Calling delphi to calculate conformer (273/594) LYS+1A0356_004 in /tmp/pbe_data.data.home.granepura.5-Kinases.Kinases_MCCE.Trial03.run_holo.2HYY_LYS+1A0356_004
ForkPoolWorker-5: Calling delphi to calculate conformer (274/594) LYS01A0357_001 in /tmp/pbe_data.data.home.granepura.5-Kinases.Kinases_MCCE.Trial03.run_holo.2HYY_LYS01A0357_001
ForkPoolWorker-1: Calling delphi to calculate conformer (275/594) LYS+1A0357_002 in /tmp/pbe_data.data.home.granepura.5-Kinases.Kinases_MCCE.Trial03.run_holo.2HYY_LYS+1A0357_002
ForkPoolWorker-2: Calling delphi to calculate conformer (276/594) ASN01A0358_001 in /tmp/pbe_data.data.home.granepura.5-Kinases.Kinases_MCCE.Trial03.run_holo.2HYY_ASN01A0358_001
ForkPoolWorker-4: Calling delphi to calculate conformer (277/594) ASN01A0358_002 in /tmp/pbe_data.data.home.granepura.5-Kinases.Kinases_MCCE.Trial03.run_holo.2HYY_ASN01A0358_002
Skipping PBE solver for non-charge conformer (278/594) PHE01A0359_001...
Skipping PBE solver for non-charge conformer (279/594) ILE01A0360_001...
ForkPoolWorker-3: Calling delphi to calculate conformer (280/594) HIS01A0361_001 in /tmp/pbe_data.data.home.granepura.5-Kinases.Kinases_MCCE.Trial03.run_holo.2HYY_HIS01A0361_001
ForkPoolWorker-5: Calling delphi to calculate conformer (281/594) HIS02A0361_002 in /tmp/pbe_data.data.home.granepura.5-Kinases.Kinases_MCCE.Trial03.run_holo.2HYY_HIS02A0361_002
ForkPoolWorker-1: Calling delphi to calculate conformer (282/594) HIS+1A0361_003 in /tmp/pbe_data.data.home.granepura.5-Kinases.Kinases_MCCE.Trial03.run_holo.2HYY_HIS+1A0361_003
ForkPoolWorker-2: Calling delphi to calculate conformer (283/594) ARG01A0362_001 in /tmp/pbe_data.data.home.granepura.5-Kinases.Kinases_MCCE.Trial03.run_holo.2HYY_ARG01A0362_001
ForkPoolWorker-4: Calling delphi to calculate conformer (284/594) ARG02A0362_002 in /tmp/pbe_data.data.home.granepura.5-Kinases.Kinases_MCCE.Trial03.run_holo.2HYY_ARG02A0362_002
ForkPoolWorker-3: Calling delphi to calculate conformer (285/594) ARG03A0362_003 in /tmp/pbe_data.data.home.granepura.5-Kinases.Kinases_MCCE.Trial03.run_holo.2HYY_ARG03A0362_003
ForkPoolWorker-5: Calling delphi to calculate conformer (286/594) ARG+1A0362_004 in /tmp/pbe_data.data.home.granepura.5-Kinases.Kinases_MCCE.Trial03.run_holo.2HYY_ARG+1A0362_004
ForkPoolWorker-1: Calling delphi to calculate conformer (287/594) ASP01A0363_001 in /tmp/pbe_data.data.home.granepura.5-Kinases.Kinases_MCCE.Trial03.run_holo.2HYY_ASP01A0363_001
ForkPoolWorker-2: Calling delphi to calculate conformer (288/594) ASP01A0363_002 in /tmp/pbe_data.data.home.granepura.5-Kinases.Kinases_MCCE.Trial03.run_holo.2HYY_ASP01A0363_002
ForkPoolWorker-4: Calling delphi to calculate conformer (289/594) ASP01A0363_003 in /tmp/pbe_data.data.home.granepura.5-Kinases.Kinases_MCCE.Trial03.run_holo.2HYY_ASP01A0363_003
ForkPoolWorker-3: Calling delphi to calculate conformer (290/594) ASP01A0363_004 in /tmp/pbe_data.data.home.granepura.5-Kinases.Kinases_MCCE.Trial03.run_holo.2HYY_ASP01A0363_004
ForkPoolWorker-5: Calling delphi to calculate conformer (291/594) ASP02A0363_005 in /tmp/pbe_data.data.home.granepura.5-Kinases.Kinases_MCCE.Trial03.run_holo.2HYY_ASP02A0363_005
ForkPoolWorker-1: Calling delphi to calculate conformer (292/594) ASP02A0363_006 in /tmp/pbe_data.data.home.granepura.5-Kinases.Kinases_MCCE.Trial03.run_holo.2HYY_ASP02A0363_006
ForkPoolWorker-2: Calling delphi to calculate conformer (293/594) ASP02A0363_007 in /tmp/pbe_data.data.home.granepura.5-Kinases.Kinases_MCCE.Trial03.run_holo.2HYY_ASP02A0363_007
ForkPoolWorker-4: Calling delphi to calculate conformer (294/594) ASP02A0363_008 in /tmp/pbe_data.data.home.granepura.5-Kinases.Kinases_MCCE.Trial03.run_holo.2HYY_ASP02A0363_008
ForkPoolWorker-3: Calling delphi to calculate conformer (295/594) ASP-1A0363_009 in /tmp/pbe_data.data.home.granepura.5-Kinases.Kinases_MCCE.Trial03.run_holo.2HYY_ASP-1A0363_009
ForkPoolWorker-5: Calling delphi to calculate conformer (296/594) ASP-1A0363_010 in /tmp/pbe_data.data.home.granepura.5-Kinases.Kinases_MCCE.Trial03.run_holo.2HYY_ASP-1A0363_010
Skipping PBE solver for non-charge conformer (297/594) LEU01A0364_001...
Skipping PBE solver for non-charge conformer (298/594) ALA01A0365_001...
Skipping PBE solver for non-charge conformer (299/594) ALA01A0366_001...
ForkPoolWorker-1: Calling delphi to calculate conformer (300/594) ARG01A0367_001 in /tmp/pbe_data.data.home.granepura.5-Kinases.Kinases_MCCE.Trial03.run_holo.2HYY_ARG01A0367_001
ForkPoolWorker-2: Calling delphi to calculate conformer (301/594) ARG02A0367_002 in /tmp/pbe_data.data.home.granepura.5-Kinases.Kinases_MCCE.Trial03.run_holo.2HYY_ARG02A0367_002
ForkPoolWorker-4: Calling delphi to calculate conformer (302/594) ARG03A0367_003 in /tmp/pbe_data.data.home.granepura.5-Kinases.Kinases_MCCE.Trial03.run_holo.2HYY_ARG03A0367_003
ForkPoolWorker-3: Calling delphi to calculate conformer (303/594) ARG03A0367_004 in /tmp/pbe_data.data.home.granepura.5-Kinases.Kinases_MCCE.Trial03.run_holo.2HYY_ARG03A0367_004
ForkPoolWorker-5: Calling delphi to calculate conformer (304/594) ARG+1A0367_005 in /tmp/pbe_data.data.home.granepura.5-Kinases.Kinases_MCCE.Trial03.run_holo.2HYY_ARG+1A0367_005
ForkPoolWorker-1: Calling delphi to calculate conformer (305/594) ASN01A0368_001 in /tmp/pbe_data.data.home.granepura.5-Kinases.Kinases_MCCE.Trial03.run_holo.2HYY_ASN01A0368_001
ForkPoolWorker-2: Calling delphi to calculate conformer (306/594) ASN01A0368_002 in /tmp/pbe_data.data.home.granepura.5-Kinases.Kinases_MCCE.Trial03.run_holo.2HYY_ASN01A0368_002
ForkPoolWorker-4: Calling delphi to calculate conformer (307/594) CYS01A0369_001 in /tmp/pbe_data.data.home.granepura.5-Kinases.Kinases_MCCE.Trial03.run_holo.2HYY_CYS01A0369_001
ForkPoolWorker-3: Calling delphi to calculate conformer (308/594) CYS01A0369_002 in /tmp/pbe_data.data.home.granepura.5-Kinases.Kinases_MCCE.Trial03.run_holo.2HYY_CYS01A0369_002
ForkPoolWorker-5: Calling delphi to calculate conformer (309/594) CYS01A0369_003 in /tmp/pbe_data.data.home.granepura.5-Kinases.Kinases_MCCE.Trial03.run_holo.2HYY_CYS01A0369_003
ForkPoolWorker-1: Calling delphi to calculate conformer (310/594) CYS-1A0369_004 in /tmp/pbe_data.data.home.granepura.5-Kinases.Kinases_MCCE.Trial03.run_holo.2HYY_CYS-1A0369_004
Skipping PBE solver for non-charge conformer (311/594) LEU01A0370_001...
Skipping PBE solver for non-charge conformer (312/594) VAL01A0371_001...
ForkPoolWorker-2: Calling delphi to calculate conformer (313/594) GLU01A0373_001 in /tmp/pbe_data.data.home.granepura.5-Kinases.Kinases_MCCE.Trial03.run_holo.2HYY_GLU01A0373_001
ForkPoolWorker-4: Calling delphi to calculate conformer (314/594) GLU01A0373_002 in /tmp/pbe_data.data.home.granepura.5-Kinases.Kinases_MCCE.Trial03.run_holo.2HYY_GLU01A0373_002
ForkPoolWorker-3: Calling delphi to calculate conformer (315/594) GLU02A0373_003 in /tmp/pbe_data.data.home.granepura.5-Kinases.Kinases_MCCE.Trial03.run_holo.2HYY_GLU02A0373_003
ForkPoolWorker-5: Calling delphi to calculate conformer (316/594) GLU02A0373_004 in /tmp/pbe_data.data.home.granepura.5-Kinases.Kinases_MCCE.Trial03.run_holo.2HYY_GLU02A0373_004
ForkPoolWorker-1: Calling delphi to calculate conformer (317/594) GLU-1A0373_005 in /tmp/pbe_data.data.home.granepura.5-Kinases.Kinases_MCCE.Trial03.run_holo.2HYY_GLU-1A0373_005
ForkPoolWorker-2: Calling delphi to calculate conformer (318/594) ASN01A0374_001 in /tmp/pbe_data.data.home.granepura.5-Kinases.Kinases_MCCE.Trial03.run_holo.2HYY_ASN01A0374_001
ForkPoolWorker-4: Calling delphi to calculate conformer (319/594) ASN01A0374_002 in /tmp/pbe_data.data.home.granepura.5-Kinases.Kinases_MCCE.Trial03.run_holo.2HYY_ASN01A0374_002
ForkPoolWorker-3: Calling delphi to calculate conformer (320/594) HIS01A0375_001 in /tmp/pbe_data.data.home.granepura.5-Kinases.Kinases_MCCE.Trial03.run_holo.2HYY_HIS01A0375_001
ForkPoolWorker-5: Calling delphi to calculate conformer (321/594) HIS01A0375_002 in /tmp/pbe_data.data.home.granepura.5-Kinases.Kinases_MCCE.Trial03.run_holo.2HYY_HIS01A0375_002
ForkPoolWorker-1: Calling delphi to calculate conformer (322/594) HIS02A0375_003 in /tmp/pbe_data.data.home.granepura.5-Kinases.Kinases_MCCE.Trial03.run_holo.2HYY_HIS02A0375_003
ForkPoolWorker-2: Calling delphi to calculate conformer (323/594) HIS02A0375_004 in /tmp/pbe_data.data.home.granepura.5-Kinases.Kinases_MCCE.Trial03.run_holo.2HYY_HIS02A0375_004
ForkPoolWorker-4: Calling delphi to calculate conformer (324/594) HIS+1A0375_005 in /tmp/pbe_data.data.home.granepura.5-Kinases.Kinases_MCCE.Trial03.run_holo.2HYY_HIS+1A0375_005
ForkPoolWorker-3: Calling delphi to calculate conformer (325/594) HIS+1A0375_006 in /tmp/pbe_data.data.home.granepura.5-Kinases.Kinases_MCCE.Trial03.run_holo.2HYY_HIS+1A0375_006
Skipping PBE solver for non-charge conformer (326/594) LEU01A0376_001...
Skipping PBE solver for non-charge conformer (327/594) VAL01A0377_001...
ForkPoolWorker-5: Calling delphi to calculate conformer (328/594) LYS01A0378_001 in /tmp/pbe_data.data.home.granepura.5-Kinases.Kinases_MCCE.Trial03.run_holo.2HYY_LYS01A0378_001
ForkPoolWorker-1: Calling delphi to calculate conformer (329/594) LYS+1A0378_002 in /tmp/pbe_data.data.home.granepura.5-Kinases.Kinases_MCCE.Trial03.run_holo.2HYY_LYS+1A0378_002
Skipping PBE solver for non-charge conformer (330/594) VAL01A0379_001...
Skipping PBE solver for non-charge conformer (331/594) ALA01A0380_001...
ForkPoolWorker-2: Calling delphi to calculate conformer (332/594) ASP01A0381_001 in /tmp/pbe_data.data.home.granepura.5-Kinases.Kinases_MCCE.Trial03.run_holo.2HYY_ASP01A0381_001
ForkPoolWorker-4: Calling delphi to calculate conformer (333/594) ASP01A0381_002 in /tmp/pbe_data.data.home.granepura.5-Kinases.Kinases_MCCE.Trial03.run_holo.2HYY_ASP01A0381_002
ForkPoolWorker-3: Calling delphi to calculate conformer (334/594) ASP02A0381_003 in /tmp/pbe_data.data.home.granepura.5-Kinases.Kinases_MCCE.Trial03.run_holo.2HYY_ASP02A0381_003
ForkPoolWorker-5: Calling delphi to calculate conformer (335/594) ASP02A0381_004 in /tmp/pbe_data.data.home.granepura.5-Kinases.Kinases_MCCE.Trial03.run_holo.2HYY_ASP02A0381_004
ForkPoolWorker-1: Calling delphi to calculate conformer (336/594) ASP-1A0381_005 in /tmp/pbe_data.data.home.granepura.5-Kinases.Kinases_MCCE.Trial03.run_holo.2HYY_ASP-1A0381_005
Skipping PBE solver for non-charge conformer (337/594) PHE01A0382_001...
Skipping PBE solver for non-charge conformer (338/594) LEU01A0384_001...
ForkPoolWorker-2: Calling delphi to calculate conformer (339/594) SER01A0385_001 in /tmp/pbe_data.data.home.granepura.5-Kinases.Kinases_MCCE.Trial03.run_holo.2HYY_SER01A0385_001
ForkPoolWorker-4: Calling delphi to calculate conformer (340/594) SER01A0385_002 in /tmp/pbe_data.data.home.granepura.5-Kinases.Kinases_MCCE.Trial03.run_holo.2HYY_SER01A0385_002
ForkPoolWorker-3: Calling delphi to calculate conformer (341/594) ARG01A0386_001 in /tmp/pbe_data.data.home.granepura.5-Kinases.Kinases_MCCE.Trial03.run_holo.2HYY_ARG01A0386_001
ForkPoolWorker-5: Calling delphi to calculate conformer (342/594) ARG02A0386_002 in /tmp/pbe_data.data.home.granepura.5-Kinases.Kinases_MCCE.Trial03.run_holo.2HYY_ARG02A0386_002
ForkPoolWorker-1: Calling delphi to calculate conformer (343/594) ARG02A0386_003 in /tmp/pbe_data.data.home.granepura.5-Kinases.Kinases_MCCE.Trial03.run_holo.2HYY_ARG02A0386_003
ForkPoolWorker-2: Calling delphi to calculate conformer (344/594) ARG03A0386_004 in /tmp/pbe_data.data.home.granepura.5-Kinases.Kinases_MCCE.Trial03.run_holo.2HYY_ARG03A0386_004
ForkPoolWorker-4: Calling delphi to calculate conformer (345/594) ARG03A0386_005 in /tmp/pbe_data.data.home.granepura.5-Kinases.Kinases_MCCE.Trial03.run_holo.2HYY_ARG03A0386_005
ForkPoolWorker-3: Calling delphi to calculate conformer (346/594) ARG+1A0386_006 in /tmp/pbe_data.data.home.granepura.5-Kinases.Kinases_MCCE.Trial03.run_holo.2HYY_ARG+1A0386_006
Skipping PBE solver for non-charge conformer (347/594) LEU01A0387_001...
ForkPoolWorker-5: Calling delphi to calculate conformer (348/594) MET01A0388_001 in /tmp/pbe_data.data.home.granepura.5-Kinases.Kinases_MCCE.Trial03.run_holo.2HYY_MET01A0388_001
ForkPoolWorker-1: Calling delphi to calculate conformer (349/594) THR01A0389_001 in /tmp/pbe_data.data.home.granepura.5-Kinases.Kinases_MCCE.Trial03.run_holo.2HYY_THR01A0389_001
ForkPoolWorker-2: Calling delphi to calculate conformer (350/594) THR01A0389_002 in /tmp/pbe_data.data.home.granepura.5-Kinases.Kinases_MCCE.Trial03.run_holo.2HYY_THR01A0389_002
ForkPoolWorker-4: Calling delphi to calculate conformer (351/594) ASP01A0391_001 in /tmp/pbe_data.data.home.granepura.5-Kinases.Kinases_MCCE.Trial03.run_holo.2HYY_ASP01A0391_001
ForkPoolWorker-3: Calling delphi to calculate conformer (352/594) ASP01A0391_002 in /tmp/pbe_data.data.home.granepura.5-Kinases.Kinases_MCCE.Trial03.run_holo.2HYY_ASP01A0391_002
ForkPoolWorker-5: Calling delphi to calculate conformer (353/594) ASP02A0391_003 in /tmp/pbe_data.data.home.granepura.5-Kinases.Kinases_MCCE.Trial03.run_holo.2HYY_ASP02A0391_003
ForkPoolWorker-1: Calling delphi to calculate conformer (354/594) ASP02A0391_004 in /tmp/pbe_data.data.home.granepura.5-Kinases.Kinases_MCCE.Trial03.run_holo.2HYY_ASP02A0391_004
ForkPoolWorker-2: Calling delphi to calculate conformer (355/594) ASP-1A0391_005 in /tmp/pbe_data.data.home.granepura.5-Kinases.Kinases_MCCE.Trial03.run_holo.2HYY_ASP-1A0391_005
ForkPoolWorker-4: Calling delphi to calculate conformer (356/594) THR01A0392_001 in /tmp/pbe_data.data.home.granepura.5-Kinases.Kinases_MCCE.Trial03.run_holo.2HYY_THR01A0392_001
ForkPoolWorker-3: Calling delphi to calculate conformer (357/594) THR01A0392_002 in /tmp/pbe_data.data.home.granepura.5-Kinases.Kinases_MCCE.Trial03.run_holo.2HYY_THR01A0392_002
ForkPoolWorker-5: Calling delphi to calculate conformer (358/594) TYR01A0393_001 in /tmp/pbe_data.data.home.granepura.5-Kinases.Kinases_MCCE.Trial03.run_holo.2HYY_TYR01A0393_001
ForkPoolWorker-1: Calling delphi to calculate conformer (359/594) TYR01A0393_002 in /tmp/pbe_data.data.home.granepura.5-Kinases.Kinases_MCCE.Trial03.run_holo.2HYY_TYR01A0393_002
ForkPoolWorker-2: Calling delphi to calculate conformer (360/594) TYR01A0393_003 in /tmp/pbe_data.data.home.granepura.5-Kinases.Kinases_MCCE.Trial03.run_holo.2HYY_TYR01A0393_003
ForkPoolWorker-4: Calling delphi to calculate conformer (361/594) TYR01A0393_004 in /tmp/pbe_data.data.home.granepura.5-Kinases.Kinases_MCCE.Trial03.run_holo.2HYY_TYR01A0393_004
ForkPoolWorker-3: Calling delphi to calculate conformer (362/594) TYR-1A0393_005 in /tmp/pbe_data.data.home.granepura.5-Kinases.Kinases_MCCE.Trial03.run_holo.2HYY_TYR-1A0393_005
ForkPoolWorker-5: Calling delphi to calculate conformer (363/594) TYR-1A0393_006 in /tmp/pbe_data.data.home.granepura.5-Kinases.Kinases_MCCE.Trial03.run_holo.2HYY_TYR-1A0393_006
ForkPoolWorker-1: Calling delphi to calculate conformer (364/594) THR01A0394_001 in /tmp/pbe_data.data.home.granepura.5-Kinases.Kinases_MCCE.Trial03.run_holo.2HYY_THR01A0394_001
ForkPoolWorker-2: Calling delphi to calculate conformer (365/594) THR01A0394_002 in /tmp/pbe_data.data.home.granepura.5-Kinases.Kinases_MCCE.Trial03.run_holo.2HYY_THR01A0394_002
Skipping PBE solver for non-charge conformer (366/594) ALA01A0395_001...
ForkPoolWorker-4: Calling delphi to calculate conformer (367/594) HIS01A0396_001 in /tmp/pbe_data.data.home.granepura.5-Kinases.Kinases_MCCE.Trial03.run_holo.2HYY_HIS01A0396_001
ForkPoolWorker-3: Calling delphi to calculate conformer (368/594) HIS01A0396_002 in /tmp/pbe_data.data.home.granepura.5-Kinases.Kinases_MCCE.Trial03.run_holo.2HYY_HIS01A0396_002
ForkPoolWorker-5: Calling delphi to calculate conformer (369/594) HIS02A0396_003 in /tmp/pbe_data.data.home.granepura.5-Kinases.Kinases_MCCE.Trial03.run_holo.2HYY_HIS02A0396_003
ForkPoolWorker-1: Calling delphi to calculate conformer (370/594) HIS02A0396_004 in /tmp/pbe_data.data.home.granepura.5-Kinases.Kinases_MCCE.Trial03.run_holo.2HYY_HIS02A0396_004
ForkPoolWorker-2: Calling delphi to calculate conformer (371/594) HIS+1A0396_005 in /tmp/pbe_data.data.home.granepura.5-Kinases.Kinases_MCCE.Trial03.run_holo.2HYY_HIS+1A0396_005
ForkPoolWorker-4: Calling delphi to calculate conformer (372/594) HIS+1A0396_006 in /tmp/pbe_data.data.home.granepura.5-Kinases.Kinases_MCCE.Trial03.run_holo.2HYY_HIS+1A0396_006
Skipping PBE solver for non-charge conformer (373/594) ALA01A0397_001...
Skipping PBE solver for non-charge conformer (374/594) ALA01A0399_001...
ForkPoolWorker-3: Calling delphi to calculate conformer (375/594) LYS01A0400_001 in /tmp/pbe_data.data.home.granepura.5-Kinases.Kinases_MCCE.Trial03.run_holo.2HYY_LYS01A0400_001
ForkPoolWorker-5: Calling delphi to calculate conformer (376/594) LYS+1A0400_002 in /tmp/pbe_data.data.home.granepura.5-Kinases.Kinases_MCCE.Trial03.run_holo.2HYY_LYS+1A0400_002
Skipping PBE solver for non-charge conformer (377/594) PHE01A0401_001...
Skipping PBE solver for non-charge conformer (378/594) PRO01A0402_001...
Skipping PBE solver for non-charge conformer (379/594) ILE01A0403_001...
ForkPoolWorker-1: Calling delphi to calculate conformer (380/594) LYS01A0404_001 in /tmp/pbe_data.data.home.granepura.5-Kinases.Kinases_MCCE.Trial03.run_holo.2HYY_LYS01A0404_001
ForkPoolWorker-2: Calling delphi to calculate conformer (381/594) LYS+1A0404_002 in /tmp/pbe_data.data.home.granepura.5-Kinases.Kinases_MCCE.Trial03.run_holo.2HYY_LYS+1A0404_002
Skipping PBE solver for non-charge conformer (382/594) TRP01A0405_001...
ForkPoolWorker-4: Calling delphi to calculate conformer (383/594) THR01A0406_001 in /tmp/pbe_data.data.home.granepura.5-Kinases.Kinases_MCCE.Trial03.run_holo.2HYY_THR01A0406_001
ForkPoolWorker-3: Calling delphi to calculate conformer (384/594) THR01A0406_002 in /tmp/pbe_data.data.home.granepura.5-Kinases.Kinases_MCCE.Trial03.run_holo.2HYY_THR01A0406_002
Skipping PBE solver for non-charge conformer (385/594) ALA01A0407_001...
Skipping PBE solver for non-charge conformer (386/594) PRO01A0408_001...
ForkPoolWorker-5: Calling delphi to calculate conformer (387/594) GLU01A0409_001 in /tmp/pbe_data.data.home.granepura.5-Kinases.Kinases_MCCE.Trial03.run_holo.2HYY_GLU01A0409_001
ForkPoolWorker-1: Calling delphi to calculate conformer (388/594) GLU01A0409_002 in /tmp/pbe_data.data.home.granepura.5-Kinases.Kinases_MCCE.Trial03.run_holo.2HYY_GLU01A0409_002
ForkPoolWorker-2: Calling delphi to calculate conformer (389/594) GLU02A0409_003 in /tmp/pbe_data.data.home.granepura.5-Kinases.Kinases_MCCE.Trial03.run_holo.2HYY_GLU02A0409_003
ForkPoolWorker-4: Calling delphi to calculate conformer (390/594) GLU02A0409_004 in /tmp/pbe_data.data.home.granepura.5-Kinases.Kinases_MCCE.Trial03.run_holo.2HYY_GLU02A0409_004
ForkPoolWorker-3: Calling delphi to calculate conformer (391/594) GLU-1A0409_005 in /tmp/pbe_data.data.home.granepura.5-Kinases.Kinases_MCCE.Trial03.run_holo.2HYY_GLU-1A0409_005
ForkPoolWorker-5: Calling delphi to calculate conformer (392/594) SER01A0410_001 in /tmp/pbe_data.data.home.granepura.5-Kinases.Kinases_MCCE.Trial03.run_holo.2HYY_SER01A0410_001
ForkPoolWorker-1: Calling delphi to calculate conformer (393/594) SER01A0410_002 in /tmp/pbe_data.data.home.granepura.5-Kinases.Kinases_MCCE.Trial03.run_holo.2HYY_SER01A0410_002
ForkPoolWorker-2: Calling delphi to calculate conformer (394/594) SER01A0410_003 in /tmp/pbe_data.data.home.granepura.5-Kinases.Kinases_MCCE.Trial03.run_holo.2HYY_SER01A0410_003
Skipping PBE solver for non-charge conformer (395/594) LEU01A0411_001...
Skipping PBE solver for non-charge conformer (396/594) ALA01A0412_001...
ForkPoolWorker-4: Calling delphi to calculate conformer (397/594) TYR01A0413_001 in /tmp/pbe_data.data.home.granepura.5-Kinases.Kinases_MCCE.Trial03.run_holo.2HYY_TYR01A0413_001
ForkPoolWorker-3: Calling delphi to calculate conformer (398/594) TYR-1A0413_002 in /tmp/pbe_data.data.home.granepura.5-Kinases.Kinases_MCCE.Trial03.run_holo.2HYY_TYR-1A0413_002
ForkPoolWorker-5: Calling delphi to calculate conformer (399/594) ASN01A0414_001 in /tmp/pbe_data.data.home.granepura.5-Kinases.Kinases_MCCE.Trial03.run_holo.2HYY_ASN01A0414_001
ForkPoolWorker-1: Calling delphi to calculate conformer (400/594) ASN01A0414_002 in /tmp/pbe_data.data.home.granepura.5-Kinases.Kinases_MCCE.Trial03.run_holo.2HYY_ASN01A0414_002
ForkPoolWorker-2: Calling delphi to calculate conformer (401/594) LYS01A0415_001 in /tmp/pbe_data.data.home.granepura.5-Kinases.Kinases_MCCE.Trial03.run_holo.2HYY_LYS01A0415_001
ForkPoolWorker-4: Calling delphi to calculate conformer (402/594) LYS+1A0415_002 in /tmp/pbe_data.data.home.granepura.5-Kinases.Kinases_MCCE.Trial03.run_holo.2HYY_LYS+1A0415_002
Skipping PBE solver for non-charge conformer (403/594) PHE01A0416_001...
ForkPoolWorker-3: Calling delphi to calculate conformer (404/594) SER01A0417_001 in /tmp/pbe_data.data.home.granepura.5-Kinases.Kinases_MCCE.Trial03.run_holo.2HYY_SER01A0417_001
Skipping PBE solver for non-charge conformer (405/594) ILE01A0418_001...
ForkPoolWorker-5: Calling delphi to calculate conformer (406/594) LYS01A0419_001 in /tmp/pbe_data.data.home.granepura.5-Kinases.Kinases_MCCE.Trial03.run_holo.2HYY_LYS01A0419_001
ForkPoolWorker-1: Calling delphi to calculate conformer (407/594) LYS+1A0419_002 in /tmp/pbe_data.data.home.granepura.5-Kinases.Kinases_MCCE.Trial03.run_holo.2HYY_LYS+1A0419_002
ForkPoolWorker-2: Calling delphi to calculate conformer (408/594) SER01A0420_001 in /tmp/pbe_data.data.home.granepura.5-Kinases.Kinases_MCCE.Trial03.run_holo.2HYY_SER01A0420_001
ForkPoolWorker-4: Calling delphi to calculate conformer (409/594) ASP01A0421_001 in /tmp/pbe_data.data.home.granepura.5-Kinases.Kinases_MCCE.Trial03.run_holo.2HYY_ASP01A0421_001
ForkPoolWorker-3: Calling delphi to calculate conformer (410/594) ASP01A0421_002 in /tmp/pbe_data.data.home.granepura.5-Kinases.Kinases_MCCE.Trial03.run_holo.2HYY_ASP01A0421_002
ForkPoolWorker-5: Calling delphi to calculate conformer (411/594) ASP02A0421_003 in /tmp/pbe_data.data.home.granepura.5-Kinases.Kinases_MCCE.Trial03.run_holo.2HYY_ASP02A0421_003
ForkPoolWorker-1: Calling delphi to calculate conformer (412/594) ASP02A0421_004 in /tmp/pbe_data.data.home.granepura.5-Kinases.Kinases_MCCE.Trial03.run_holo.2HYY_ASP02A0421_004
ForkPoolWorker-2: Calling delphi to calculate conformer (413/594) ASP-1A0421_005 in /tmp/pbe_data.data.home.granepura.5-Kinases.Kinases_MCCE.Trial03.run_holo.2HYY_ASP-1A0421_005
Skipping PBE solver for non-charge conformer (414/594) VAL01A0422_001...
Skipping PBE solver for non-charge conformer (415/594) TRP01A0423_001...
Skipping PBE solver for non-charge conformer (416/594) ALA01A0424_001...
Skipping PBE solver for non-charge conformer (417/594) PHE01A0425_001...
Skipping PBE solver for non-charge conformer (418/594) VAL01A0427_001...
Skipping PBE solver for non-charge conformer (419/594) LEU01A0428_001...
Skipping PBE solver for non-charge conformer (420/594) LEU01A0429_001...
Skipping PBE solver for non-charge conformer (421/594) TRP01A0430_001...
ForkPoolWorker-4: Calling delphi to calculate conformer (422/594) GLU01A0431_001 in /tmp/pbe_data.data.home.granepura.5-Kinases.Kinases_MCCE.Trial03.run_holo.2HYY_GLU01A0431_001
ForkPoolWorker-3: Calling delphi to calculate conformer (423/594) GLU01A0431_002 in /tmp/pbe_data.data.home.granepura.5-Kinases.Kinases_MCCE.Trial03.run_holo.2HYY_GLU01A0431_002
ForkPoolWorker-5: Calling delphi to calculate conformer (424/594) GLU02A0431_003 in /tmp/pbe_data.data.home.granepura.5-Kinases.Kinases_MCCE.Trial03.run_holo.2HYY_GLU02A0431_003
ForkPoolWorker-1: Calling delphi to calculate conformer (425/594) GLU02A0431_004 in /tmp/pbe_data.data.home.granepura.5-Kinases.Kinases_MCCE.Trial03.run_holo.2HYY_GLU02A0431_004
ForkPoolWorker-2: Calling delphi to calculate conformer (426/594) GLU-1A0431_005 in /tmp/pbe_data.data.home.granepura.5-Kinases.Kinases_MCCE.Trial03.run_holo.2HYY_GLU-1A0431_005
Skipping PBE solver for non-charge conformer (427/594) ILE01A0432_001...
Skipping PBE solver for non-charge conformer (428/594) ALA01A0433_001...
ForkPoolWorker-4: Calling delphi to calculate conformer (429/594) THR01A0434_001 in /tmp/pbe_data.data.home.granepura.5-Kinases.Kinases_MCCE.Trial03.run_holo.2HYY_THR01A0434_001
ForkPoolWorker-3: Calling delphi to calculate conformer (430/594) THR01A0434_002 in /tmp/pbe_data.data.home.granepura.5-Kinases.Kinases_MCCE.Trial03.run_holo.2HYY_THR01A0434_002
ForkPoolWorker-5: Calling delphi to calculate conformer (431/594) THR01A0434_003 in /tmp/pbe_data.data.home.granepura.5-Kinases.Kinases_MCCE.Trial03.run_holo.2HYY_THR01A0434_003
ForkPoolWorker-1: Calling delphi to calculate conformer (432/594) TYR01A0435_001 in /tmp/pbe_data.data.home.granepura.5-Kinases.Kinases_MCCE.Trial03.run_holo.2HYY_TYR01A0435_001
ForkPoolWorker-2: Calling delphi to calculate conformer (433/594) TYR01A0435_002 in /tmp/pbe_data.data.home.granepura.5-Kinases.Kinases_MCCE.Trial03.run_holo.2HYY_TYR01A0435_002
ForkPoolWorker-4: Calling delphi to calculate conformer (434/594) TYR-1A0435_003 in /tmp/pbe_data.data.home.granepura.5-Kinases.Kinases_MCCE.Trial03.run_holo.2HYY_TYR-1A0435_003
ForkPoolWorker-3: Calling delphi to calculate conformer (435/594) MET01A0437_001 in /tmp/pbe_data.data.home.granepura.5-Kinases.Kinases_MCCE.Trial03.run_holo.2HYY_MET01A0437_001
ForkPoolWorker-5: Calling delphi to calculate conformer (436/594) SER01A0438_001 in /tmp/pbe_data.data.home.granepura.5-Kinases.Kinases_MCCE.Trial03.run_holo.2HYY_SER01A0438_001
Skipping PBE solver for non-charge conformer (437/594) PRO01A0439_001...
ForkPoolWorker-1: Calling delphi to calculate conformer (438/594) TYR01A0440_001 in /tmp/pbe_data.data.home.granepura.5-Kinases.Kinases_MCCE.Trial03.run_holo.2HYY_TYR01A0440_001
ForkPoolWorker-2: Calling delphi to calculate conformer (439/594) TYR-1A0440_002 in /tmp/pbe_data.data.home.granepura.5-Kinases.Kinases_MCCE.Trial03.run_holo.2HYY_TYR-1A0440_002
Skipping PBE solver for non-charge conformer (440/594) PRO01A0441_001...
Skipping PBE solver for non-charge conformer (441/594) ILE01A0443_001...
ForkPoolWorker-4: Calling delphi to calculate conformer (442/594) ASP01A0444_001 in /tmp/pbe_data.data.home.granepura.5-Kinases.Kinases_MCCE.Trial03.run_holo.2HYY_ASP01A0444_001
ForkPoolWorker-3: Calling delphi to calculate conformer (443/594) ASP01A0444_002 in /tmp/pbe_data.data.home.granepura.5-Kinases.Kinases_MCCE.Trial03.run_holo.2HYY_ASP01A0444_002
ForkPoolWorker-5: Calling delphi to calculate conformer (444/594) ASP02A0444_003 in /tmp/pbe_data.data.home.granepura.5-Kinases.Kinases_MCCE.Trial03.run_holo.2HYY_ASP02A0444_003
ForkPoolWorker-1: Calling delphi to calculate conformer (445/594) ASP02A0444_004 in /tmp/pbe_data.data.home.granepura.5-Kinases.Kinases_MCCE.Trial03.run_holo.2HYY_ASP02A0444_004
ForkPoolWorker-2: Calling delphi to calculate conformer (446/594) ASP-1A0444_005 in /tmp/pbe_data.data.home.granepura.5-Kinases.Kinases_MCCE.Trial03.run_holo.2HYY_ASP-1A0444_005
Skipping PBE solver for non-charge conformer (447/594) LEU01A0445_001...
ForkPoolWorker-4: Calling delphi to calculate conformer (448/594) SER01A0446_001 in /tmp/pbe_data.data.home.granepura.5-Kinases.Kinases_MCCE.Trial03.run_holo.2HYY_SER01A0446_001
ForkPoolWorker-3: Calling delphi to calculate conformer (449/594) SER01A0446_002 in /tmp/pbe_data.data.home.granepura.5-Kinases.Kinases_MCCE.Trial03.run_holo.2HYY_SER01A0446_002
ForkPoolWorker-5: Calling delphi to calculate conformer (450/594) GLN01A0447_001 in /tmp/pbe_data.data.home.granepura.5-Kinases.Kinases_MCCE.Trial03.run_holo.2HYY_GLN01A0447_001
ForkPoolWorker-1: Calling delphi to calculate conformer (451/594) GLN01A0447_002 in /tmp/pbe_data.data.home.granepura.5-Kinases.Kinases_MCCE.Trial03.run_holo.2HYY_GLN01A0447_002
Skipping PBE solver for non-charge conformer (452/594) VAL01A0448_001...
ForkPoolWorker-2: Calling delphi to calculate conformer (453/594) TYR01A0449_001 in /tmp/pbe_data.data.home.granepura.5-Kinases.Kinases_MCCE.Trial03.run_holo.2HYY_TYR01A0449_001
ForkPoolWorker-4: Calling delphi to calculate conformer (454/594) TYR01A0449_002 in /tmp/pbe_data.data.home.granepura.5-Kinases.Kinases_MCCE.Trial03.run_holo.2HYY_TYR01A0449_002
ForkPoolWorker-3: Calling delphi to calculate conformer (455/594) TYR-1A0449_003 in /tmp/pbe_data.data.home.granepura.5-Kinases.Kinases_MCCE.Trial03.run_holo.2HYY_TYR-1A0449_003
ForkPoolWorker-5: Calling delphi to calculate conformer (456/594) GLU01A0450_001 in /tmp/pbe_data.data.home.granepura.5-Kinases.Kinases_MCCE.Trial03.run_holo.2HYY_GLU01A0450_001
ForkPoolWorker-1: Calling delphi to calculate conformer (457/594) GLU01A0450_002 in /tmp/pbe_data.data.home.granepura.5-Kinases.Kinases_MCCE.Trial03.run_holo.2HYY_GLU01A0450_002
ForkPoolWorker-2: Calling delphi to calculate conformer (458/594) GLU02A0450_003 in /tmp/pbe_data.data.home.granepura.5-Kinases.Kinases_MCCE.Trial03.run_holo.2HYY_GLU02A0450_003
ForkPoolWorker-4: Calling delphi to calculate conformer (459/594) GLU02A0450_004 in /tmp/pbe_data.data.home.granepura.5-Kinases.Kinases_MCCE.Trial03.run_holo.2HYY_GLU02A0450_004
ForkPoolWorker-3: Calling delphi to calculate conformer (460/594) GLU-1A0450_005 in /tmp/pbe_data.data.home.granepura.5-Kinases.Kinases_MCCE.Trial03.run_holo.2HYY_GLU-1A0450_005
Skipping PBE solver for non-charge conformer (461/594) LEU01A0451_001...
Skipping PBE solver for non-charge conformer (462/594) LEU01A0452_001...
ForkPoolWorker-5: Calling delphi to calculate conformer (463/594) GLU01A0453_001 in /tmp/pbe_data.data.home.granepura.5-Kinases.Kinases_MCCE.Trial03.run_holo.2HYY_GLU01A0453_001
ForkPoolWorker-1: Calling delphi to calculate conformer (464/594) GLU01A0453_002 in /tmp/pbe_data.data.home.granepura.5-Kinases.Kinases_MCCE.Trial03.run_holo.2HYY_GLU01A0453_002
ForkPoolWorker-2: Calling delphi to calculate conformer (465/594) GLU02A0453_003 in /tmp/pbe_data.data.home.granepura.5-Kinases.Kinases_MCCE.Trial03.run_holo.2HYY_GLU02A0453_003
ForkPoolWorker-4: Calling delphi to calculate conformer (466/594) GLU02A0453_004 in /tmp/pbe_data.data.home.granepura.5-Kinases.Kinases_MCCE.Trial03.run_holo.2HYY_GLU02A0453_004
ForkPoolWorker-3: Calling delphi to calculate conformer (467/594) GLU-1A0453_005 in /tmp/pbe_data.data.home.granepura.5-Kinases.Kinases_MCCE.Trial03.run_holo.2HYY_GLU-1A0453_005
ForkPoolWorker-5: Calling delphi to calculate conformer (468/594) LYS01A0454_001 in /tmp/pbe_data.data.home.granepura.5-Kinases.Kinases_MCCE.Trial03.run_holo.2HYY_LYS01A0454_001
ForkPoolWorker-1: Calling delphi to calculate conformer (469/594) LYS+1A0454_002 in /tmp/pbe_data.data.home.granepura.5-Kinases.Kinases_MCCE.Trial03.run_holo.2HYY_LYS+1A0454_002
ForkPoolWorker-2: Calling delphi to calculate conformer (470/594) ASP01A0455_001 in /tmp/pbe_data.data.home.granepura.5-Kinases.Kinases_MCCE.Trial03.run_holo.2HYY_ASP01A0455_001
ForkPoolWorker-4: Calling delphi to calculate conformer (471/594) ASP01A0455_002 in /tmp/pbe_data.data.home.granepura.5-Kinases.Kinases_MCCE.Trial03.run_holo.2HYY_ASP01A0455_002
ForkPoolWorker-3: Calling delphi to calculate conformer (472/594) ASP02A0455_003 in /tmp/pbe_data.data.home.granepura.5-Kinases.Kinases_MCCE.Trial03.run_holo.2HYY_ASP02A0455_003
ForkPoolWorker-5: Calling delphi to calculate conformer (473/594) ASP02A0455_004 in /tmp/pbe_data.data.home.granepura.5-Kinases.Kinases_MCCE.Trial03.run_holo.2HYY_ASP02A0455_004
ForkPoolWorker-1: Calling delphi to calculate conformer (474/594) ASP-1A0455_005 in /tmp/pbe_data.data.home.granepura.5-Kinases.Kinases_MCCE.Trial03.run_holo.2HYY_ASP-1A0455_005
ForkPoolWorker-2: Calling delphi to calculate conformer (475/594) TYR01A0456_001 in /tmp/pbe_data.data.home.granepura.5-Kinases.Kinases_MCCE.Trial03.run_holo.2HYY_TYR01A0456_001
ForkPoolWorker-4: Calling delphi to calculate conformer (476/594) TYR01A0456_002 in /tmp/pbe_data.data.home.granepura.5-Kinases.Kinases_MCCE.Trial03.run_holo.2HYY_TYR01A0456_002
ForkPoolWorker-3: Calling delphi to calculate conformer (477/594) TYR-1A0456_003 in /tmp/pbe_data.data.home.granepura.5-Kinases.Kinases_MCCE.Trial03.run_holo.2HYY_TYR-1A0456_003
ForkPoolWorker-5: Calling delphi to calculate conformer (478/594) ARG01A0457_001 in /tmp/pbe_data.data.home.granepura.5-Kinases.Kinases_MCCE.Trial03.run_holo.2HYY_ARG01A0457_001
ForkPoolWorker-1: Calling delphi to calculate conformer (479/594) ARG02A0457_002 in /tmp/pbe_data.data.home.granepura.5-Kinases.Kinases_MCCE.Trial03.run_holo.2HYY_ARG02A0457_002
ForkPoolWorker-2: Calling delphi to calculate conformer (480/594) ARG02A0457_003 in /tmp/pbe_data.data.home.granepura.5-Kinases.Kinases_MCCE.Trial03.run_holo.2HYY_ARG02A0457_003
ForkPoolWorker-4: Calling delphi to calculate conformer (481/594) ARG03A0457_004 in /tmp/pbe_data.data.home.granepura.5-Kinases.Kinases_MCCE.Trial03.run_holo.2HYY_ARG03A0457_004
ForkPoolWorker-3: Calling delphi to calculate conformer (482/594) ARG+1A0457_005 in /tmp/pbe_data.data.home.granepura.5-Kinases.Kinases_MCCE.Trial03.run_holo.2HYY_ARG+1A0457_005
ForkPoolWorker-5: Calling delphi to calculate conformer (483/594) MET01A0458_001 in /tmp/pbe_data.data.home.granepura.5-Kinases.Kinases_MCCE.Trial03.run_holo.2HYY_MET01A0458_001
ForkPoolWorker-1: Calling delphi to calculate conformer (484/594) GLU01A0459_001 in /tmp/pbe_data.data.home.granepura.5-Kinases.Kinases_MCCE.Trial03.run_holo.2HYY_GLU01A0459_001
ForkPoolWorker-2: Calling delphi to calculate conformer (485/594) GLU01A0459_002 in /tmp/pbe_data.data.home.granepura.5-Kinases.Kinases_MCCE.Trial03.run_holo.2HYY_GLU01A0459_002
ForkPoolWorker-4: Calling delphi to calculate conformer (486/594) GLU02A0459_003 in /tmp/pbe_data.data.home.granepura.5-Kinases.Kinases_MCCE.Trial03.run_holo.2HYY_GLU02A0459_003
ForkPoolWorker-3: Calling delphi to calculate conformer (487/594) GLU02A0459_004 in /tmp/pbe_data.data.home.granepura.5-Kinases.Kinases_MCCE.Trial03.run_holo.2HYY_GLU02A0459_004
ForkPoolWorker-5: Calling delphi to calculate conformer (488/594) GLU-1A0459_005 in /tmp/pbe_data.data.home.granepura.5-Kinases.Kinases_MCCE.Trial03.run_holo.2HYY_GLU-1A0459_005
ForkPoolWorker-1: Calling delphi to calculate conformer (489/594) ARG01A0460_001 in /tmp/pbe_data.data.home.granepura.5-Kinases.Kinases_MCCE.Trial03.run_holo.2HYY_ARG01A0460_001
ForkPoolWorker-2: Calling delphi to calculate conformer (490/594) ARG02A0460_002 in /tmp/pbe_data.data.home.granepura.5-Kinases.Kinases_MCCE.Trial03.run_holo.2HYY_ARG02A0460_002
ForkPoolWorker-4: Calling delphi to calculate conformer (491/594) ARG02A0460_003 in /tmp/pbe_data.data.home.granepura.5-Kinases.Kinases_MCCE.Trial03.run_holo.2HYY_ARG02A0460_003
ForkPoolWorker-3: Calling delphi to calculate conformer (492/594) ARG03A0460_004 in /tmp/pbe_data.data.home.granepura.5-Kinases.Kinases_MCCE.Trial03.run_holo.2HYY_ARG03A0460_004
ForkPoolWorker-5: Calling delphi to calculate conformer (493/594) ARG+1A0460_005 in /tmp/pbe_data.data.home.granepura.5-Kinases.Kinases_MCCE.Trial03.run_holo.2HYY_ARG+1A0460_005
Skipping PBE solver for non-charge conformer (494/594) PRO01A0461_001...
ForkPoolWorker-1: Calling delphi to calculate conformer (495/594) GLU01A0462_001 in /tmp/pbe_data.data.home.granepura.5-Kinases.Kinases_MCCE.Trial03.run_holo.2HYY_GLU01A0462_001
ForkPoolWorker-2: Calling delphi to calculate conformer (496/594) GLU01A0462_002 in /tmp/pbe_data.data.home.granepura.5-Kinases.Kinases_MCCE.Trial03.run_holo.2HYY_GLU01A0462_002
ForkPoolWorker-4: Calling delphi to calculate conformer (497/594) GLU02A0462_003 in /tmp/pbe_data.data.home.granepura.5-Kinases.Kinases_MCCE.Trial03.run_holo.2HYY_GLU02A0462_003
ForkPoolWorker-3: Calling delphi to calculate conformer (498/594) GLU02A0462_004 in /tmp/pbe_data.data.home.granepura.5-Kinases.Kinases_MCCE.Trial03.run_holo.2HYY_GLU02A0462_004
ForkPoolWorker-5: Calling delphi to calculate conformer (499/594) GLU-1A0462_005 in /tmp/pbe_data.data.home.granepura.5-Kinases.Kinases_MCCE.Trial03.run_holo.2HYY_GLU-1A0462_005
ForkPoolWorker-1: Calling delphi to calculate conformer (500/594) CYS01A0464_001 in /tmp/pbe_data.data.home.granepura.5-Kinases.Kinases_MCCE.Trial03.run_holo.2HYY_CYS01A0464_001
ForkPoolWorker-2: Calling delphi to calculate conformer (501/594) CYS01A0464_002 in /tmp/pbe_data.data.home.granepura.5-Kinases.Kinases_MCCE.Trial03.run_holo.2HYY_CYS01A0464_002
ForkPoolWorker-4: Calling delphi to calculate conformer (502/594) CYS01A0464_003 in /tmp/pbe_data.data.home.granepura.5-Kinases.Kinases_MCCE.Trial03.run_holo.2HYY_CYS01A0464_003
ForkPoolWorker-3: Calling delphi to calculate conformer (503/594) CYS-1A0464_004 in /tmp/pbe_data.data.home.granepura.5-Kinases.Kinases_MCCE.Trial03.run_holo.2HYY_CYS-1A0464_004
Skipping PBE solver for non-charge conformer (504/594) PRO01A0465_001...
ForkPoolWorker-5: Calling delphi to calculate conformer (505/594) GLU01A0466_001 in /tmp/pbe_data.data.home.granepura.5-Kinases.Kinases_MCCE.Trial03.run_holo.2HYY_GLU01A0466_001
ForkPoolWorker-1: Calling delphi to calculate conformer (506/594) GLU01A0466_002 in /tmp/pbe_data.data.home.granepura.5-Kinases.Kinases_MCCE.Trial03.run_holo.2HYY_GLU01A0466_002
ForkPoolWorker-2: Calling delphi to calculate conformer (507/594) GLU02A0466_003 in /tmp/pbe_data.data.home.granepura.5-Kinases.Kinases_MCCE.Trial03.run_holo.2HYY_GLU02A0466_003
ForkPoolWorker-4: Calling delphi to calculate conformer (508/594) GLU02A0466_004 in /tmp/pbe_data.data.home.granepura.5-Kinases.Kinases_MCCE.Trial03.run_holo.2HYY_GLU02A0466_004
ForkPoolWorker-3: Calling delphi to calculate conformer (509/594) GLU-1A0466_005 in /tmp/pbe_data.data.home.granepura.5-Kinases.Kinases_MCCE.Trial03.run_holo.2HYY_GLU-1A0466_005
ForkPoolWorker-5: Calling delphi to calculate conformer (510/594) LYS01A0467_001 in /tmp/pbe_data.data.home.granepura.5-Kinases.Kinases_MCCE.Trial03.run_holo.2HYY_LYS01A0467_001
ForkPoolWorker-1: Calling delphi to calculate conformer (511/594) LYS+1A0467_002 in /tmp/pbe_data.data.home.granepura.5-Kinases.Kinases_MCCE.Trial03.run_holo.2HYY_LYS+1A0467_002
Skipping PBE solver for non-charge conformer (512/594) VAL01A0468_001...
ForkPoolWorker-2: Calling delphi to calculate conformer (513/594) TYR01A0469_001 in /tmp/pbe_data.data.home.granepura.5-Kinases.Kinases_MCCE.Trial03.run_holo.2HYY_TYR01A0469_001
ForkPoolWorker-4: Calling delphi to calculate conformer (514/594) TYR01A0469_002 in /tmp/pbe_data.data.home.granepura.5-Kinases.Kinases_MCCE.Trial03.run_holo.2HYY_TYR01A0469_002
ForkPoolWorker-3: Calling delphi to calculate conformer (515/594) TYR-1A0469_003 in /tmp/pbe_data.data.home.granepura.5-Kinases.Kinases_MCCE.Trial03.run_holo.2HYY_TYR-1A0469_003
ForkPoolWorker-5: Calling delphi to calculate conformer (516/594) GLU01A0470_001 in /tmp/pbe_data.data.home.granepura.5-Kinases.Kinases_MCCE.Trial03.run_holo.2HYY_GLU01A0470_001
ForkPoolWorker-1: Calling delphi to calculate conformer (517/594) GLU01A0470_002 in /tmp/pbe_data.data.home.granepura.5-Kinases.Kinases_MCCE.Trial03.run_holo.2HYY_GLU01A0470_002
ForkPoolWorker-2: Calling delphi to calculate conformer (518/594) GLU02A0470_003 in /tmp/pbe_data.data.home.granepura.5-Kinases.Kinases_MCCE.Trial03.run_holo.2HYY_GLU02A0470_003
ForkPoolWorker-4: Calling delphi to calculate conformer (519/594) GLU02A0470_004 in /tmp/pbe_data.data.home.granepura.5-Kinases.Kinases_MCCE.Trial03.run_holo.2HYY_GLU02A0470_004
ForkPoolWorker-3: Calling delphi to calculate conformer (520/594) GLU-1A0470_005 in /tmp/pbe_data.data.home.granepura.5-Kinases.Kinases_MCCE.Trial03.run_holo.2HYY_GLU-1A0470_005
Skipping PBE solver for non-charge conformer (521/594) LEU01A0471_001...
ForkPoolWorker-5: Calling delphi to calculate conformer (522/594) MET01A0472_001 in /tmp/pbe_data.data.home.granepura.5-Kinases.Kinases_MCCE.Trial03.run_holo.2HYY_MET01A0472_001
ForkPoolWorker-1: Calling delphi to calculate conformer (523/594) ARG01A0473_001 in /tmp/pbe_data.data.home.granepura.5-Kinases.Kinases_MCCE.Trial03.run_holo.2HYY_ARG01A0473_001
ForkPoolWorker-2: Calling delphi to calculate conformer (524/594) ARG02A0473_002 in /tmp/pbe_data.data.home.granepura.5-Kinases.Kinases_MCCE.Trial03.run_holo.2HYY_ARG02A0473_002
ForkPoolWorker-4: Calling delphi to calculate conformer (525/594) ARG03A0473_003 in /tmp/pbe_data.data.home.granepura.5-Kinases.Kinases_MCCE.Trial03.run_holo.2HYY_ARG03A0473_003
ForkPoolWorker-3: Calling delphi to calculate conformer (526/594) ARG03A0473_004 in /tmp/pbe_data.data.home.granepura.5-Kinases.Kinases_MCCE.Trial03.run_holo.2HYY_ARG03A0473_004
ForkPoolWorker-5: Calling delphi to calculate conformer (527/594) ARG+1A0473_005 in /tmp/pbe_data.data.home.granepura.5-Kinases.Kinases_MCCE.Trial03.run_holo.2HYY_ARG+1A0473_005
Skipping PBE solver for non-charge conformer (528/594) ALA01A0474_001...
ForkPoolWorker-1: Calling delphi to calculate conformer (529/594) CYS01A0475_001 in /tmp/pbe_data.data.home.granepura.5-Kinases.Kinases_MCCE.Trial03.run_holo.2HYY_CYS01A0475_001
ForkPoolWorker-2: Calling delphi to calculate conformer (530/594) CYS01A0475_002 in /tmp/pbe_data.data.home.granepura.5-Kinases.Kinases_MCCE.Trial03.run_holo.2HYY_CYS01A0475_002
ForkPoolWorker-4: Calling delphi to calculate conformer (531/594) CYS01A0475_003 in /tmp/pbe_data.data.home.granepura.5-Kinases.Kinases_MCCE.Trial03.run_holo.2HYY_CYS01A0475_003
ForkPoolWorker-3: Calling delphi to calculate conformer (532/594) CYS-1A0475_004 in /tmp/pbe_data.data.home.granepura.5-Kinases.Kinases_MCCE.Trial03.run_holo.2HYY_CYS-1A0475_004
Skipping PBE solver for non-charge conformer (533/594) TRP01A0476_001...
ForkPoolWorker-5: Calling delphi to calculate conformer (534/594) GLN01A0477_001 in /tmp/pbe_data.data.home.granepura.5-Kinases.Kinases_MCCE.Trial03.run_holo.2HYY_GLN01A0477_001
ForkPoolWorker-1: Calling delphi to calculate conformer (535/594) GLN01A0477_002 in /tmp/pbe_data.data.home.granepura.5-Kinases.Kinases_MCCE.Trial03.run_holo.2HYY_GLN01A0477_002
Skipping PBE solver for non-charge conformer (536/594) TRP01A0478_001...
ForkPoolWorker-2: Calling delphi to calculate conformer (537/594) ASN01A0479_001 in /tmp/pbe_data.data.home.granepura.5-Kinases.Kinases_MCCE.Trial03.run_holo.2HYY_ASN01A0479_001
ForkPoolWorker-4: Calling delphi to calculate conformer (538/594) ASN01A0479_002 in /tmp/pbe_data.data.home.granepura.5-Kinases.Kinases_MCCE.Trial03.run_holo.2HYY_ASN01A0479_002
Skipping PBE solver for non-charge conformer (539/594) PRO01A0480_001...
ForkPoolWorker-3: Calling delphi to calculate conformer (540/594) SER01A0481_001 in /tmp/pbe_data.data.home.granepura.5-Kinases.Kinases_MCCE.Trial03.run_holo.2HYY_SER01A0481_001
ForkPoolWorker-5: Calling delphi to calculate conformer (541/594) SER01A0481_002 in /tmp/pbe_data.data.home.granepura.5-Kinases.Kinases_MCCE.Trial03.run_holo.2HYY_SER01A0481_002
ForkPoolWorker-1: Calling delphi to calculate conformer (542/594) ASP01A0482_001 in /tmp/pbe_data.data.home.granepura.5-Kinases.Kinases_MCCE.Trial03.run_holo.2HYY_ASP01A0482_001
ForkPoolWorker-2: Calling delphi to calculate conformer (543/594) ASP01A0482_002 in /tmp/pbe_data.data.home.granepura.5-Kinases.Kinases_MCCE.Trial03.run_holo.2HYY_ASP01A0482_002
ForkPoolWorker-4: Calling delphi to calculate conformer (544/594) ASP02A0482_003 in /tmp/pbe_data.data.home.granepura.5-Kinases.Kinases_MCCE.Trial03.run_holo.2HYY_ASP02A0482_003
ForkPoolWorker-3: Calling delphi to calculate conformer (545/594) ASP02A0482_004 in /tmp/pbe_data.data.home.granepura.5-Kinases.Kinases_MCCE.Trial03.run_holo.2HYY_ASP02A0482_004
ForkPoolWorker-5: Calling delphi to calculate conformer (546/594) ASP-1A0482_005 in /tmp/pbe_data.data.home.granepura.5-Kinases.Kinases_MCCE.Trial03.run_holo.2HYY_ASP-1A0482_005
ForkPoolWorker-1: Calling delphi to calculate conformer (547/594) ARG01A0483_001 in /tmp/pbe_data.data.home.granepura.5-Kinases.Kinases_MCCE.Trial03.run_holo.2HYY_ARG01A0483_001
ForkPoolWorker-2: Calling delphi to calculate conformer (548/594) ARG02A0483_002 in /tmp/pbe_data.data.home.granepura.5-Kinases.Kinases_MCCE.Trial03.run_holo.2HYY_ARG02A0483_002
ForkPoolWorker-4: Calling delphi to calculate conformer (549/594) ARG02A0483_003 in /tmp/pbe_data.data.home.granepura.5-Kinases.Kinases_MCCE.Trial03.run_holo.2HYY_ARG02A0483_003
ForkPoolWorker-3: Calling delphi to calculate conformer (550/594) ARG03A0483_004 in /tmp/pbe_data.data.home.granepura.5-Kinases.Kinases_MCCE.Trial03.run_holo.2HYY_ARG03A0483_004
ForkPoolWorker-5: Calling delphi to calculate conformer (551/594) ARG03A0483_005 in /tmp/pbe_data.data.home.granepura.5-Kinases.Kinases_MCCE.Trial03.run_holo.2HYY_ARG03A0483_005
ForkPoolWorker-1: Calling delphi to calculate conformer (552/594) ARG+1A0483_006 in /tmp/pbe_data.data.home.granepura.5-Kinases.Kinases_MCCE.Trial03.run_holo.2HYY_ARG+1A0483_006
Skipping PBE solver for non-charge conformer (553/594) PRO01A0484_001...
ForkPoolWorker-2: Calling delphi to calculate conformer (554/594) SER01A0485_001 in /tmp/pbe_data.data.home.granepura.5-Kinases.Kinases_MCCE.Trial03.run_holo.2HYY_SER01A0485_001
ForkPoolWorker-4: Calling delphi to calculate conformer (555/594) SER01A0485_002 in /tmp/pbe_data.data.home.granepura.5-Kinases.Kinases_MCCE.Trial03.run_holo.2HYY_SER01A0485_002
ForkPoolWorker-3: Calling delphi to calculate conformer (556/594) SER01A0485_003 in /tmp/pbe_data.data.home.granepura.5-Kinases.Kinases_MCCE.Trial03.run_holo.2HYY_SER01A0485_003
Skipping PBE solver for non-charge conformer (557/594) PHE01A0486_001...
Skipping PBE solver for non-charge conformer (558/594) ALA01A0487_001...
ForkPoolWorker-5: Calling delphi to calculate conformer (559/594) GLU01A0488_001 in /tmp/pbe_data.data.home.granepura.5-Kinases.Kinases_MCCE.Trial03.run_holo.2HYY_GLU01A0488_001
ForkPoolWorker-1: Calling delphi to calculate conformer (560/594) GLU01A0488_002 in /tmp/pbe_data.data.home.granepura.5-Kinases.Kinases_MCCE.Trial03.run_holo.2HYY_GLU01A0488_002
ForkPoolWorker-2: Calling delphi to calculate conformer (561/594) GLU02A0488_003 in /tmp/pbe_data.data.home.granepura.5-Kinases.Kinases_MCCE.Trial03.run_holo.2HYY_GLU02A0488_003
ForkPoolWorker-4: Calling delphi to calculate conformer (562/594) GLU02A0488_004 in /tmp/pbe_data.data.home.granepura.5-Kinases.Kinases_MCCE.Trial03.run_holo.2HYY_GLU02A0488_004
ForkPoolWorker-3: Calling delphi to calculate conformer (563/594) GLU-1A0488_005 in /tmp/pbe_data.data.home.granepura.5-Kinases.Kinases_MCCE.Trial03.run_holo.2HYY_GLU-1A0488_005
Skipping PBE solver for non-charge conformer (564/594) ILE01A0489_001...
ForkPoolWorker-5: Calling delphi to calculate conformer (565/594) HIS01A0490_001 in /tmp/pbe_data.data.home.granepura.5-Kinases.Kinases_MCCE.Trial03.run_holo.2HYY_HIS01A0490_001
ForkPoolWorker-1: Calling delphi to calculate conformer (566/594) HIS01A0490_002 in /tmp/pbe_data.data.home.granepura.5-Kinases.Kinases_MCCE.Trial03.run_holo.2HYY_HIS01A0490_002
ForkPoolWorker-2: Calling delphi to calculate conformer (567/594) HIS01A0490_003 in /tmp/pbe_data.data.home.granepura.5-Kinases.Kinases_MCCE.Trial03.run_holo.2HYY_HIS01A0490_003
ForkPoolWorker-4: Calling delphi to calculate conformer (568/594) HIS02A0490_004 in /tmp/pbe_data.data.home.granepura.5-Kinases.Kinases_MCCE.Trial03.run_holo.2HYY_HIS02A0490_004
ForkPoolWorker-3: Calling delphi to calculate conformer (569/594) HIS02A0490_005 in /tmp/pbe_data.data.home.granepura.5-Kinases.Kinases_MCCE.Trial03.run_holo.2HYY_HIS02A0490_005
ForkPoolWorker-5: Calling delphi to calculate conformer (570/594) HIS02A0490_006 in /tmp/pbe_data.data.home.granepura.5-Kinases.Kinases_MCCE.Trial03.run_holo.2HYY_HIS02A0490_006
ForkPoolWorker-1: Calling delphi to calculate conformer (571/594) HIS+1A0490_007 in /tmp/pbe_data.data.home.granepura.5-Kinases.Kinases_MCCE.Trial03.run_holo.2HYY_HIS+1A0490_007
ForkPoolWorker-2: Calling delphi to calculate conformer (572/594) HIS+1A0490_008 in /tmp/pbe_data.data.home.granepura.5-Kinases.Kinases_MCCE.Trial03.run_holo.2HYY_HIS+1A0490_008
ForkPoolWorker-4: Calling delphi to calculate conformer (573/594) HIS+1A0490_009 in /tmp/pbe_data.data.home.granepura.5-Kinases.Kinases_MCCE.Trial03.run_holo.2HYY_HIS+1A0490_009
ForkPoolWorker-3: Calling delphi to calculate conformer (574/594) GLN01A0491_001 in /tmp/pbe_data.data.home.granepura.5-Kinases.Kinases_MCCE.Trial03.run_holo.2HYY_GLN01A0491_001
ForkPoolWorker-5: Calling delphi to calculate conformer (575/594) GLN01A0491_002 in /tmp/pbe_data.data.home.granepura.5-Kinases.Kinases_MCCE.Trial03.run_holo.2HYY_GLN01A0491_002
Skipping PBE solver for non-charge conformer (576/594) ALA01A0492_001...
Skipping PBE solver for non-charge conformer (577/594) PHE01A0493_001...
ForkPoolWorker-1: Calling delphi to calculate conformer (578/594) GLU01A0494_001 in /tmp/pbe_data.data.home.granepura.5-Kinases.Kinases_MCCE.Trial03.run_holo.2HYY_GLU01A0494_001
ForkPoolWorker-2: Calling delphi to calculate conformer (579/594) GLU01A0494_002 in /tmp/pbe_data.data.home.granepura.5-Kinases.Kinases_MCCE.Trial03.run_holo.2HYY_GLU01A0494_002
ForkPoolWorker-4: Calling delphi to calculate conformer (580/594) GLU02A0494_003 in /tmp/pbe_data.data.home.granepura.5-Kinases.Kinases_MCCE.Trial03.run_holo.2HYY_GLU02A0494_003
ForkPoolWorker-3: Calling delphi to calculate conformer (581/594) GLU02A0494_004 in /tmp/pbe_data.data.home.granepura.5-Kinases.Kinases_MCCE.Trial03.run_holo.2HYY_GLU02A0494_004
ForkPoolWorker-5: Calling delphi to calculate conformer (582/594) GLU-1A0494_005 in /tmp/pbe_data.data.home.granepura.5-Kinases.Kinases_MCCE.Trial03.run_holo.2HYY_GLU-1A0494_005
ForkPoolWorker-1: Calling delphi to calculate conformer (583/594) THR01A0495_001 in /tmp/pbe_data.data.home.granepura.5-Kinases.Kinases_MCCE.Trial03.run_holo.2HYY_THR01A0495_001
ForkPoolWorker-2: Calling delphi to calculate conformer (584/594) MET01A0496_001 in /tmp/pbe_data.data.home.granepura.5-Kinases.Kinases_MCCE.Trial03.run_holo.2HYY_MET01A0496_001
Skipping PBE solver for non-charge conformer (585/594) PHE01A0497_001...
ForkPoolWorker-4: Calling delphi to calculate conformer (586/594) GLN01A0498_001 in /tmp/pbe_data.data.home.granepura.5-Kinases.Kinases_MCCE.Trial03.run_holo.2HYY_GLN01A0498_001
ForkPoolWorker-3: Calling delphi to calculate conformer (587/594) GLN01A0498_002 in /tmp/pbe_data.data.home.granepura.5-Kinases.Kinases_MCCE.Trial03.run_holo.2HYY_GLN01A0498_002
ForkPoolWorker-5: Calling delphi to calculate conformer (588/594) STI+1A0600_001 in /tmp/pbe_data.data.home.granepura.5-Kinases.Kinases_MCCE.Trial03.run_holo.2HYY_STI+1A0600_001
ForkPoolWorker-1: Calling delphi to calculate conformer (589/594) STI+2A0600_002 in /tmp/pbe_data.data.home.granepura.5-Kinases.Kinases_MCCE.Trial03.run_holo.2HYY_STI+2A0600_002
ForkPoolWorker-2: Calling delphi to calculate conformer (590/594) STI01A0600_003 in /tmp/pbe_data.data.home.granepura.5-Kinases.Kinases_MCCE.Trial03.run_holo.2HYY_STI01A0600_003
ForkPoolWorker-4: Calling delphi to calculate conformer (591/594) STI+aA0600_004 in /tmp/pbe_data.data.home.granepura.5-Kinases.Kinases_MCCE.Trial03.run_holo.2HYY_STI+aA0600_004
ForkPoolWorker-3: Calling delphi to calculate conformer (592/594) STI+aA0600_005 in /tmp/pbe_data.data.home.granepura.5-Kinases.Kinases_MCCE.Trial03.run_holo.2HYY_STI+aA0600_005
ForkPoolWorker-5: Calling delphi to calculate conformer (593/594) STI+bA0600_006 in /tmp/pbe_data.data.home.granepura.5-Kinases.Kinases_MCCE.Trial03.run_holo.2HYY_STI+bA0600_006
ForkPoolWorker-1: Calling delphi to calculate conformer (594/594) STI+bA0600_007 in /tmp/pbe_data.data.home.granepura.5-Kinases.Kinases_MCCE.Trial03.run_holo.2HYY_STI+bA0600_007
