Skipping protein centering. Using original file: prot.pdb
Final input PDB file: prot.pdb
STEP1 SKIPPED (flag was f).
STEP2 SKIPPED (flag was f).
STEP3 SKIPPED — step2_out.pdb not found.
Running custom stepC script "modify_head3" (between STEP3 and STEP4)...
Traceback (most recent call last):
  File "/home/schowdhury/programs/modify_head3", line 129, in <module>
    process_head3_lst()
  File "/home/schowdhury/programs/modify_head3", line 101, in process_head3_lst
    with open(file_path, 'r') as file:
FileNotFoundError: [Errno 2] No such file or directory: 'head3.lst'
modify_head3 FAILED after 00h:00m:00s!
STEP4 SKIPPED — head3.lst was not created recently.
Temporary PBE data will be stored in:                             /tmp
Full path of the working directory is:                            /home/schowdhury/Project_kinases/cof_tpl_mg/run_kin/2EUF
Subdirectories matching this pattern will be removed from temp dir: schowdhury.Project_kinases.cof_tpl_mg.run_kin.2EUF
STEP_CLEAN: cleaning matching pbe_data folders in /tmp...
STEP_CLEAN: no matching /tmp pbe_data folders found.
Script complete.
Total runtime: 00h:00m:00s
Timing report written to mcce_timing.log

>>> Caught termination signal. Running STEP_CLEAN before exiting...
