Computing conformer GLU01A0697_001 with delphi ... finished in 4.64 seconds.
Computing conformer GLU02A0697_003 with delphi ... finished in 4.64 seconds.
Computing conformer GLU01A0697_002 with delphi ... finished in 4.65 seconds.
Skipping conformer ALA01A0698_001, no charge, skip ... in 0.01 seconds.
Skipping conformer PRO01A0699_001, no charge, skip ... in 0.01 seconds.
Computing conformer GLU02A0697_004 with delphi ... finished in 4.67 seconds.
Computing conformer GLU-1A0697_005 with delphi ... finished in 4.68 seconds.
Skipping conformer ALA01A0702_001, no charge, skip ... in 0.01 seconds.
Skipping conformer LEU01A0703_001, no charge, skip ... in 0.01 seconds.
Skipping conformer LEU01A0704_001, no charge, skip ... in 0.01 seconds.
Computing conformer GLN01A0701_001 with delphi ... finished in 4.58 seconds.
Computing conformer GLN01A0701_002 with delphi ... finished in 4.59 seconds.
Computing conformer ASN01A0700_001 with delphi ... finished in 4.65 seconds.
Computing conformer ASN01A0700_002 with delphi ... finished in 4.65 seconds.
Computing conformer ARG01A0705_001 with delphi ... finished in 4.64 seconds.
Computing conformer ARG02A0705_003 with delphi ... finished in 4.64 seconds.
Skipping conformer ILE01A0706_001, no charge, skip ... in 0.01 seconds.
Computing conformer ARG02A0705_002 with delphi ... finished in 4.69 seconds.
Computing conformer ARG03A0705_005 with delphi ... finished in 4.64 seconds.
Skipping conformer LEU01A0707_001, no charge, skip ... in 0.03 seconds.
Computing conformer ARG03A0705_004 with delphi ... finished in 4.66 seconds.
Computing conformer ARG+1A0705_006 with delphi ... finished in 4.62 seconds.
Computing conformer LYS01A0708_001 with delphi ... finished in 4.68 seconds.
Computing conformer LYS+1A0708_002 with delphi ... finished in 4.67 seconds.
Computing conformer GLU01A0709_002 with delphi ... finished in 4.66 seconds.
Computing conformer GLU01A0709_001 with delphi ... finished in 4.69 seconds.
Computing conformer GLU02A0709_003 with delphi ... finished in 4.69 seconds.
Computing conformer GLU02A0709_004 with delphi ... finished in 4.67 seconds.
Computing conformer GLU-1A0709_005 with delphi ... finished in 4.66 seconds.
Computing conformer THR01A0710_002 with delphi ... finished in 4.69 seconds.
Computing conformer THR01A0710_001 with delphi ... finished in 4.70 seconds.
Computing conformer GLU01A0711_001 with delphi ... finished in 4.68 seconds.
Skipping conformer PHE01A0712_001, no charge, skip ... in 0.03 seconds.
Computing conformer GLU01A0711_002 with delphi ... finished in 4.66 seconds.
Computing conformer GLU-1A0711_005 with delphi ... finished in 4.65 seconds.
Computing conformer LYS01A0713_001 with delphi ... finished in 4.62 seconds.
Computing conformer GLU02A0711_004 with delphi ... finished in 4.67 seconds.
Computing conformer GLU02A0711_003 with delphi ... finished in 4.73 seconds.
Computing conformer LYS+1A0713_002 with delphi ... finished in 4.67 seconds.
Skipping conformer ILE01A0715_001, no charge, skip ... in 0.03 seconds.
Computing conformer LYS01A0714_001 with delphi ... finished in 4.68 seconds.
Computing conformer LYS+1A0714_003 with delphi ... finished in 4.70 seconds.
Skipping conformer VAL01A0717_001, no charge, skip ... in 0.01 seconds.
Skipping conformer LEU01A0718_001, no charge, skip ... in 0.01 seconds.
Computing conformer LYS+1A0714_004 with delphi ... finished in 4.71 seconds.
Skipping conformer ALA01A0722_001, no charge, skip ... in 0.03 seconds.
Skipping conformer PHE01A0723_001, no charge, skip ... in 0.01 seconds.
Computing conformer LYS01A0714_002 with delphi ... finished in 4.79 seconds.
Computing conformer LYS01A0716_001 with delphi ... finished in 4.63 seconds.
Skipping conformer VAL01A0726_001, no charge, skip ... in 0.01 seconds.
Computing conformer LYS+1A0716_002 with delphi ... finished in 4.65 seconds.
Computing conformer THR01A0725_001 with delphi ... finished in 4.66 seconds.
Computing conformer SER01A0720_001 with delphi ... finished in 4.71 seconds.
Computing conformer THR01A0725_002 with delphi ... finished in 4.69 seconds.
Skipping conformer LEU01A0730_001, no charge, skip ... in 0.01 seconds.
Skipping conformer TRP01A0731_001, no charge, skip ... in 0.01 seconds.
Skipping conformer ILE01A0732_001, no charge, skip ... in 0.01 seconds.
Skipping conformer PRO01A0733_001, no charge, skip ... in 0.03 seconds.
Computing conformer TYR01A0727_001 with delphi ... finished in 4.69 seconds.
Computing conformer TYR-1A0727_002 with delphi ... finished in 4.67 seconds.
Computing conformer LYS01A0728_001 with delphi ... finished in 4.66 seconds.
Computing conformer LYS+1A0728_002 with delphi ... finished in 4.65 seconds.
Computing conformer GLU01A0734_001 with delphi ... finished in 4.60 seconds.
Computing conformer GLU02A0734_003 with delphi ... finished in 4.61 seconds.
Computing conformer GLU01A0734_002 with delphi ... finished in 4.64 seconds.
Computing conformer GLU-1A0734_005 with delphi ... finished in 4.59 seconds.
Computing conformer GLU02A0734_004 with delphi ... finished in 4.61 seconds.
Computing conformer GLU01A0736_001 with delphi ... finished in 4.61 seconds.
Computing conformer GLU02A0736_003 with delphi ... finished in 4.65 seconds.
Computing conformer GLU01A0736_002 with delphi ... finished in 4.68 seconds.
Skipping conformer VAL01A0738_001, no charge, skip ... in 0.03 seconds.
Computing conformer GLU-1A0736_005 with delphi ... finished in 4.62 seconds.
Computing conformer GLU02A0736_004 with delphi ... finished in 4.69 seconds.
Computing conformer LYS01A0737_001 with delphi ... finished in 4.62 seconds.
Computing conformer LYS+1A0737_002 with delphi ... finished in 4.67 seconds.
Skipping conformer ILE01A0740_001, no charge, skip ... in 0.03 seconds.
Skipping conformer PRO01A0741_001, no charge, skip ... in 0.01 seconds.
Skipping conformer VAL01A0742_001, no charge, skip ... in 0.01 seconds.
Skipping conformer ALA01A0743_001, no charge, skip ... in 0.01 seconds.
Computing conformer LYS+1A0739_003 with delphi ... finished in 4.64 seconds.
Skipping conformer ILE01A0744_001, no charge, skip ... in 0.02 seconds.
Computing conformer LYS01A0739_001 with delphi ... finished in 4.71 seconds.
Computing conformer LYS01A0739_002 with delphi ... finished in 4.74 seconds.
Computing conformer LYS+1A0739_004 with delphi ... finished in 4.70 seconds.
Computing conformer LYS01A0745_001 with delphi ... finished in 4.77 seconds.
Computing conformer LYS+1A0745_002 with delphi ... finished in 4.77 seconds.
Computing conformer GLU01A0746_001 with delphi ... finished in 4.77 seconds.
Skipping conformer LEU01A0747_001, no charge, skip ... in 0.01 seconds.
Computing conformer GLU02A0746_003 with delphi ... finished in 4.75 seconds.
Computing conformer GLU01A0746_002 with delphi ... finished in 4.78 seconds.
Computing conformer GLU02A0746_004 with delphi ... finished in 4.90 seconds.
Computing conformer ARG02A0748_002 with delphi ... finished in 5.04 seconds.
Computing conformer GLU-1A0746_005 with delphi ... finished in 5.10 seconds.
Computing conformer ARG03A0748_003 with delphi ... finished in 5.17 seconds.
Computing conformer ARG01A0748_001 with delphi ... finished in 5.19 seconds.
Computing conformer ARG+1A0748_004 with delphi ... finished in 5.09 seconds.
Computing conformer GLU02A0749_003 with delphi ... finished in 4.95 seconds.
Skipping conformer ALA01A0750_001, no charge, skip ... in 0.01 seconds.
Computing conformer GLU01A0749_002 with delphi ... finished in 5.12 seconds.
Computing conformer GLU01A0749_001 with delphi ... finished in 5.18 seconds.
Computing conformer GLU02A0749_004 with delphi ... finished in 5.14 seconds.
Computing conformer GLU-1A0749_005 with delphi ... finished in 5.25 seconds.
Computing conformer THR01A0751_001 with delphi ... finished in 5.06 seconds.
Skipping conformer PRO01A0753_001, no charge, skip ... in 0.01 seconds.
Computing conformer THR01A0751_003 with delphi ... finished in 5.00 seconds.
Skipping conformer ALA01A0755_001, no charge, skip ... in 0.01 seconds.
Computing conformer SER01A0752_001 with delphi ... finished in 4.94 seconds.
Computing conformer THR01A0751_002 with delphi ... finished in 5.15 seconds.
Computing conformer ASN01A0756_001 with delphi ... finished in 4.78 seconds.
Computing conformer LYS+1A0754_002 with delphi ... finished in 4.83 seconds.
Computing conformer LYS01A0754_001 with delphi ... finished in 4.87 seconds.
Computing conformer LYS01A0757_001 with delphi ... finished in 4.78 seconds.
Computing conformer ASN01A0756_002 with delphi ... finished in 4.87 seconds.
Computing conformer LYS+1A0757_002 with delphi ... finished in 4.74 seconds.
Computing conformer GLU01A0758_002 with delphi ... finished in 4.74 seconds.
Computing conformer GLU01A0758_001 with delphi ... finished in 4.78 seconds.
Skipping conformer ILE01A0759_001, no charge, skip ... in 0.01 seconds.
Skipping conformer LEU01A0760_001, no charge, skip ... in 0.03 seconds.
Computing conformer GLU02A0758_003 with delphi ... finished in 4.75 seconds.
Computing conformer GLU02A0758_004 with delphi ... finished in 4.79 seconds.
Computing conformer GLU-1A0758_005 with delphi ... finished in 4.66 seconds.
Computing conformer ASP01A0761_002 with delphi ... finished in 4.66 seconds.
Computing conformer ASP02A0761_003 with delphi ... finished in 4.68 seconds.
Computing conformer ASP01A0761_001 with delphi ... finished in 4.75 seconds.
Computing conformer ASP02A0761_004 with delphi ... finished in 4.67 seconds.
Computing conformer ASP-1A0761_005 with delphi ... finished in 4.63 seconds.
Computing conformer GLU01A0762_001 with delphi ... finished in 4.70 seconds.
Computing conformer GLU01A0762_004 with delphi ... finished in 4.67 seconds.
Computing conformer GLU01A0762_003 with delphi ... finished in 4.68 seconds.
Computing conformer GLU01A0762_002 with delphi ... finished in 4.72 seconds.
Computing conformer GLU02A0762_005 with delphi ... finished in 4.71 seconds.
Computing conformer GLU02A0762_006 with delphi ... finished in 4.74 seconds.
Computing conformer GLU-1A0762_009 with delphi ... finished in 4.68 seconds.
Computing conformer GLU02A0762_007 with delphi ... finished in 4.72 seconds.
Skipping conformer ALA01A0763_001, no charge, skip ... in 0.03 seconds.
Computing conformer GLU02A0762_008 with delphi ... finished in 4.74 seconds.
Skipping conformer VAL01A0765_001, no charge, skip ... in 0.02 seconds.
Computing conformer GLU-1A0762_010 with delphi ... finished in 4.80 seconds.
Skipping conformer ALA01A0767_001, no charge, skip ... in 0.01 seconds.
Computing conformer TYR01A0764_001 with delphi ... finished in 4.69 seconds.
Computing conformer TYR-1A0764_003 with delphi ... finished in 4.68 seconds.
Computing conformer TYR01A0764_002 with delphi ... finished in 4.71 seconds.
Skipping conformer VAL01A0769_001, no charge, skip ... in 0.01 seconds.
Computing conformer MET01A0766_001 with delphi ... finished in 4.77 seconds.
Computing conformer SER01A0768_001 with delphi ... finished in 4.73 seconds.
Computing conformer SER01A0768_003 with delphi ... finished in 4.72 seconds.
Computing conformer ASP01A0770_001 with delphi ... finished in 4.74 seconds.
Computing conformer SER01A0768_002 with delphi ... finished in 4.80 seconds.
Computing conformer ASP01A0770_002 with delphi ... finished in 4.75 seconds.
Skipping conformer PRO01A0772_001, no charge, skip ... in 0.01 seconds.
Computing conformer ASP02A0770_003 with delphi ... finished in 4.71 seconds.
Computing conformer ASP02A0770_004 with delphi ... finished in 4.73 seconds.
Computing conformer ASP-1A0770_005 with delphi ... finished in 4.70 seconds.
Computing conformer ASN01A0771_001 with delphi ... finished in 4.80 seconds.
Computing conformer HIS01A0773_001 with delphi ... finished in 4.74 seconds.
Computing conformer HIS01A0773_002 with delphi ... finished in 4.72 seconds.
Skipping conformer VAL01A0774_001, no charge, skip ... in 0.01 seconds.
Computing conformer HIS02A0773_003 with delphi ... finished in 4.70 seconds.
Computing conformer HIS02A0773_004 with delphi ... finished in 4.72 seconds.
Computing conformer HIS+1A0773_005 with delphi ... finished in 4.68 seconds.
Computing conformer HIS+1A0773_006 with delphi ... finished in 4.68 seconds.
Computing conformer CYS01A0775_001 with delphi ... finished in 4.74 seconds.
Computing conformer CYS01A0775_002 with delphi ... finished in 4.80 seconds.
Computing conformer CYS01A0775_003 with delphi ... finished in 4.76 seconds.
Computing conformer CYS-1A0775_004 with delphi ... finished in 4.71 seconds.
Computing conformer ARG01A0776_001 with delphi ... finished in 4.67 seconds.
Skipping conformer LEU01A0778_001, no charge, skip ... in 0.01 seconds.
Skipping conformer LEU01A0777_001, no charge, skip ... in 0.03 seconds.
Skipping conformer ILE01A0780_001, no charge, skip ... in 0.03 seconds.
Computing conformer ARG02A0776_002 with delphi ... finished in 4.73 seconds.
Computing conformer ARG03A0776_003 with delphi ... finished in 4.67 seconds.
Computing conformer ARG+1A0776_004 with delphi ... finished in 4.67 seconds.
Skipping conformer LEU01A0782_001, no charge, skip ... in 0.03 seconds.
Computing conformer CYS01A0781_001 with delphi ... finished in 4.64 seconds.
Computing conformer CYS01A0781_002 with delphi ... finished in 4.67 seconds.
Computing conformer CYS01A0781_003 with delphi ... finished in 4.68 seconds.
Computing conformer THR01A0783_002 with delphi ... finished in 4.67 seconds.
Computing conformer THR01A0783_003 with delphi ... finished in 4.64 seconds.
Skipping conformer VAL01A0786_001, no charge, skip ... in 0.01 seconds.
Computing conformer CYS-1A0781_004 with delphi ... finished in 4.75 seconds.
Computing conformer THR01A0783_001 with delphi ... finished in 4.71 seconds.
Skipping conformer LEU01A0788_001, no charge, skip ... in 0.01 seconds.
Skipping conformer ILE01A0789_001, no charge, skip ... in 0.01 seconds.
Computing conformer SER01A0784_001 with delphi ... finished in 4.66 seconds.
Computing conformer THR01A0785_001 with delphi ... finished in 4.69 seconds.
Computing conformer GLN01A0787_001 with delphi ... finished in 4.70 seconds.
Computing conformer GLN01A0787_002 with delphi ... finished in 4.71 seconds.
Computing conformer THR01A0790_001 with delphi ... finished in 4.76 seconds.
Skipping conformer LEU01A0792_001, no charge, skip ... in 0.01 seconds.
Computing conformer THR01A0790_002 with delphi ... finished in 4.77 seconds.
Skipping conformer PRO01A0794_001, no charge, skip ... in 0.01 seconds.
Skipping conformer PHE01A0795_001, no charge, skip ... in 0.03 seconds.
Computing conformer GLN01A0791_002 with delphi ... finished in 4.74 seconds.
Computing conformer GLN01A0791_003 with delphi ... finished in 4.86 seconds.
Computing conformer GLN01A0791_001 with delphi ... finished in 4.93 seconds.
Computing conformer MET01A0793_001 with delphi ... finished in 4.82 seconds.
Skipping conformer LEU01A0798_001, no charge, skip ... in 0.01 seconds.
Skipping conformer LEU01A0799_001, no charge, skip ... in 0.03 seconds.
Computing conformer CYS01A0797_001 with delphi ... finished in 4.73 seconds.
Computing conformer CYS01A0797_002 with delphi ... finished in 4.75 seconds.
Computing conformer ASP01A0800_001 with delphi ... finished in 4.78 seconds.
Computing conformer CYS-1A0797_004 with delphi ... finished in 4.92 seconds.
Computing conformer CYS01A0797_003 with delphi ... finished in 5.04 seconds.
Computing conformer ASP01A0800_002 with delphi ... finished in 4.80 seconds.
Computing conformer ASP02A0800_003 with delphi ... finished in 4.88 seconds.
Skipping conformer VAL01A0802_001, no charge, skip ... in 0.03 seconds.
Computing conformer ASP02A0800_004 with delphi ... finished in 4.75 seconds.
Computing conformer ASP-1A0800_005 with delphi ... finished in 4.88 seconds.
Computing conformer TYR01A0801_001 with delphi ... finished in 4.77 seconds.
Computing conformer TYR-1A0801_002 with delphi ... finished in 4.71 seconds.
Computing conformer ARG01A0803_001 with delphi ... finished in 4.71 seconds.
Computing conformer ARG02A0803_002 with delphi ... finished in 4.72 seconds.
Computing conformer ARG03A0803_003 with delphi ... finished in 4.64 seconds.
Computing conformer ARG+1A0803_004 with delphi ... finished in 4.65 seconds.
Computing conformer GLU01A0804_001 with delphi ... finished in 4.64 seconds.
Computing conformer GLU01A0804_002 with delphi ... finished in 4.67 seconds.
Computing conformer GLU02A0804_003 with delphi ... finished in 4.69 seconds.
Computing conformer GLU-1A0804_005 with delphi ... finished in 4.67 seconds.
Computing conformer GLU02A0804_004 with delphi ... finished in 4.69 seconds.
Computing conformer HIS01A0805_001 with delphi ... finished in 4.69 seconds.
Computing conformer HIS01A0805_002 with delphi ... finished in 4.70 seconds.
Computing conformer HIS02A0805_003 with delphi ... finished in 4.70 seconds.
Computing conformer HIS+1A0805_005 with delphi ... finished in 4.70 seconds.
Computing conformer HIS02A0805_004 with delphi ... finished in 4.77 seconds.
Computing conformer HIS+1A0805_006 with delphi ... finished in 4.66 seconds.
Computing conformer LYS01A0806_001 with delphi ... finished in 4.71 seconds.
Computing conformer LYS+1A0806_002 with delphi ... finished in 4.70 seconds.
Computing conformer ASP01A0807_001 with delphi ... finished in 4.71 seconds.
Computing conformer ASP01A0807_002 with delphi ... finished in 4.72 seconds.
Computing conformer ASP02A0807_003 with delphi ... finished in 4.58 seconds.
Skipping conformer ILE01A0809_001, no charge, skip ... in 0.01 seconds.
Computing conformer ASP02A0807_004 with delphi ... finished in 4.60 seconds.
Computing conformer ASP-1A0807_005 with delphi ... finished in 4.61 seconds.
Computing conformer ASN01A0808_001 with delphi ... finished in 4.59 seconds.
Computing conformer ASN01A0808_002 with delphi ... finished in 4.65 seconds.
Computing conformer SER01A0811_001 with delphi ... finished in 4.64 seconds.
Computing conformer SER01A0811_002 with delphi ... finished in 4.63 seconds.
Skipping conformer LEU01A0814_001, no charge, skip ... in 0.03 seconds.
Skipping conformer LEU01A0815_001, no charge, skip ... in 0.01 seconds.
Computing conformer GLN01A0812_001 with delphi ... finished in 4.65 seconds.
Computing conformer GLN01A0812_002 with delphi ... finished in 4.64 seconds.
Skipping conformer TRP01A0817_001, no charge, skip ... in 0.01 seconds.
Computing conformer TYR01A0813_001 with delphi ... finished in 4.66 seconds.
Computing conformer TYR-1A0813_002 with delphi ... finished in 4.70 seconds.
Computing conformer ASN01A0816_001 with delphi ... finished in 4.65 seconds.
Computing conformer ASN01A0816_002 with delphi ... finished in 4.66 seconds.
Skipping conformer VAL01A0819_001, no charge, skip ... in 0.01 seconds.
Computing conformer CYS01A0818_001 with delphi ... finished in 4.73 seconds.
Computing conformer CYS01A0818_002 with delphi ... finished in 4.70 seconds.
Skipping conformer ILE01A0821_001, no charge, skip ... in 0.03 seconds.
Skipping conformer ALA01A0822_001, no charge, skip ... in 0.01 seconds.
Computing conformer CYS01A0818_003 with delphi ... finished in 4.68 seconds.
Computing conformer CYS-1A0818_004 with delphi ... finished in 4.70 seconds.
Computing conformer GLN01A0820_001 with delphi ... finished in 4.74 seconds.
Computing conformer GLN01A0820_002 with delphi ... finished in 4.74 seconds.
Computing conformer LYS01A0823_001 with delphi ... finished in 4.68 seconds.
Computing conformer LYS+1A0823_002 with delphi ... finished in 4.74 seconds.
Computing conformer MET01A0825_001 with delphi ... finished in 4.76 seconds.
Computing conformer ASN01A0826_001 with delphi ... finished in 4.80 seconds.
Skipping conformer LEU01A0828_001, no charge, skip ... in 0.01 seconds.
Computing conformer ASN01A0826_002 with delphi ... finished in 4.79 seconds.
Computing conformer TYR01A0827_001 with delphi ... finished in 5.00 seconds.
Computing conformer TYR01A0827_002 with delphi ... finished in 4.78 seconds.
Computing conformer TYR-1A0827_003 with delphi ... finished in 4.82 seconds.
Computing conformer GLU01A0829_001 with delphi ... finished in 4.83 seconds.
Computing conformer GLU01A0829_002 with delphi ... finished in 4.79 seconds.
Computing conformer GLU02A0829_003 with delphi ... finished in 4.87 seconds.
Computing conformer GLU02A0829_004 with delphi ... finished in 4.78 seconds.
Computing conformer GLU-1A0829_005 with delphi ... finished in 4.83 seconds.
Computing conformer ASP01A0830_001 with delphi ... finished in 4.87 seconds.
Computing conformer ASP01A0830_002 with delphi ... finished in 4.80 seconds.
Computing conformer ASP02A0830_003 with delphi ... finished in 4.78 seconds.
Computing conformer ASP02A0830_004 with delphi ... finished in 4.84 seconds.
Computing conformer ASP-1A0830_005 with delphi ... finished in 4.79 seconds.
Computing conformer ARG02A0831_002 with delphi ... finished in 4.77 seconds.
Computing conformer ARG01A0831_001 with delphi ... finished in 4.80 seconds.
Computing conformer ARG02A0831_003 with delphi ... finished in 4.74 seconds.
Computing conformer ARG03A0831_004 with delphi ... finished in 4.69 seconds.
Computing conformer ARG03A0831_005 with delphi ... finished in 4.72 seconds.
Computing conformer ARG01A0832_001 with delphi ... finished in 4.70 seconds.
Computing conformer ARG+1A0831_006 with delphi ... finished in 4.75 seconds.
Skipping conformer LEU01A0833_001, no charge, skip ... in 0.01 seconds.
Skipping conformer VAL01A0834_001, no charge, skip ... in 0.01 seconds.
Computing conformer ARG02A0832_002 with delphi ... finished in 4.72 seconds.
Computing conformer ARG02A0832_003 with delphi ... finished in 4.63 seconds.
Computing conformer ARG03A0832_004 with delphi ... finished in 4.69 seconds.
Computing conformer ARG+1A0832_005 with delphi ... finished in 4.66 seconds.
Computing conformer HIS01A0835_001 with delphi ... finished in 4.87 seconds.
Computing conformer HIS02A0835_002 with delphi ... finished in 4.74 seconds.
Computing conformer HIS+1A0835_003 with delphi ... finished in 4.78 seconds.
Computing conformer ARG01A0836_001 with delphi ... finished in 4.71 seconds.
Computing conformer ARG02A0836_002 with delphi ... finished in 4.76 seconds.
Computing conformer ARG02A0836_003 with delphi ... finished in 4.85 seconds.
Computing conformer ARG03A0836_004 with delphi ... finished in 4.74 seconds.
Computing conformer ARG03A0836_005 with delphi ... finished in 4.71 seconds.
Computing conformer ARG+1A0836_006 with delphi ... finished in 4.70 seconds.
Computing conformer ASP01A0837_001 with delphi ... finished in 4.80 seconds.
Skipping conformer LEU01A0838_001, no charge, skip ... in 0.01 seconds.
Skipping conformer ALA01A0839_001, no charge, skip ... in 0.01 seconds.
Skipping conformer ALA01A0840_001, no charge, skip ... in 0.03 seconds.
Computing conformer ASP01A0837_002 with delphi ... finished in 4.79 seconds.
Computing conformer ASP02A0837_003 with delphi ... finished in 4.75 seconds.
Computing conformer ASP02A0837_004 with delphi ... finished in 4.77 seconds.
Computing conformer ASP-1A0837_005 with delphi ... finished in 4.79 seconds.
Computing conformer ARG01A0841_001 with delphi ... finished in 4.74 seconds.
Computing conformer ARG02A0841_003 with delphi ... finished in 4.78 seconds.
Computing conformer ARG02A0841_002 with delphi ... finished in 4.80 seconds.
Computing conformer ARG03A0841_004 with delphi ... finished in 4.87 seconds.
Skipping conformer VAL01A0843_001, no charge, skip ... in 0.01 seconds.
Skipping conformer LEU01A0844_001, no charge, skip ... in 0.03 seconds.
Skipping conformer VAL01A0845_001, no charge, skip ... in 0.01 seconds.
Computing conformer ARG03A0841_005 with delphi ... finished in 4.83 seconds.
Computing conformer ARG+1A0841_006 with delphi ... finished in 4.79 seconds.
Computing conformer ASN01A0842_002 with delphi ... finished in 4.81 seconds.
Computing conformer ASN01A0842_001 with delphi ... finished in 4.82 seconds.
Skipping conformer PRO01A0848_001, no charge, skip ... in 0.01 seconds.
Computing conformer LYS01A0846_001 with delphi ... finished in 4.88 seconds.
Computing conformer LYS+1A0846_002 with delphi ... finished in 5.03 seconds.
Computing conformer THR01A0847_001 with delphi ... finished in 4.81 seconds.
Computing conformer GLN01A0849_001 with delphi ... finished in 4.78 seconds.
Computing conformer GLN01A0849_002 with delphi ... finished in 4.80 seconds.
Computing conformer HIS01A0850_001 with delphi ... finished in 4.84 seconds.
Computing conformer HIS01A0850_002 with delphi ... finished in 4.86 seconds.
Skipping conformer VAL01A0851_001, no charge, skip ... in 0.04 seconds.
Computing conformer HIS02A0850_003 with delphi ... finished in 4.95 seconds.
Computing conformer HIS02A0850_004 with delphi ... finished in 4.97 seconds.
Computing conformer HIS+1A0850_005 with delphi ... finished in 4.95 seconds.
Skipping conformer ILE01A0853_001, no charge, skip ... in 0.01 seconds.
Computing conformer HIS+1A0850_006 with delphi ... finished in 4.78 seconds.
Computing conformer LYS01A0852_001 with delphi ... finished in 5.15 seconds.
Computing conformer LYS+1A0852_002 with delphi ... finished in 5.09 seconds.
Computing conformer THR01A0854_001 with delphi ... finished in 4.86 seconds.
Computing conformer THR01A0854_002 with delphi ... finished in 5.05 seconds.
Computing conformer THR01A0854_003 with delphi ... finished in 4.82 seconds.
Computing conformer ASP01A0855_001 with delphi ... finished in 4.91 seconds.
Skipping conformer PHE01A0856_001, no charge, skip ... in 0.03 seconds.
Skipping conformer LEU01A0858_001, no charge, skip ... in 0.01 seconds.
Skipping conformer ALA01A0859_001, no charge, skip ... in 0.01 seconds.
Computing conformer ASP01A0855_002 with delphi ... finished in 5.01 seconds.
Computing conformer ASP02A0855_003 with delphi ... finished in 4.97 seconds.
Skipping conformer LEU01A0861_001, no charge, skip ... in 0.01 seconds.
Skipping conformer LEU01A0862_001, no charge, skip ... in 0.03 seconds.
Skipping conformer ALA01A0864_001, no charge, skip ... in 0.01 seconds.
Computing conformer ASP02A0855_004 with delphi ... finished in 4.94 seconds.
Computing conformer ASP-1A0855_005 with delphi ... finished in 4.83 seconds.
Computing conformer LYS01A0860_001 with delphi ... finished in 4.89 seconds.
Computing conformer LYS+1A0860_002 with delphi ... finished in 4.75 seconds.
Computing conformer GLU01A0865_001 with delphi ... finished in 4.72 seconds.
Skipping conformer VAL01A0876_001, no charge, skip ... in 0.03 seconds.
Skipping conformer PRO01A0877_001, no charge, skip ... in 0.01 seconds.
Skipping conformer ILE01A0878_001, no charge, skip ... in 0.01 seconds.
Computing conformer GLU01A0865_002 with delphi ... finished in 4.81 seconds.
Computing conformer GLU02A0865_003 with delphi ... finished in 4.74 seconds.
Skipping conformer TRP01A0880_001, no charge, skip ... in 0.01 seconds.
Computing conformer GLU-1A0865_005 with delphi ... finished in 4.66 seconds.
Computing conformer GLU02A0865_004 with delphi ... finished in 4.70 seconds.
Skipping conformer ALA01A0882_001, no charge, skip ... in 0.01 seconds.
Skipping conformer LEU01A0883_001, no charge, skip ... in 0.01 seconds.
Computing conformer LYS01A0879_001 with delphi ... finished in 4.66 seconds.
Computing conformer LYS+1A0879_002 with delphi ... finished in 4.70 seconds.
Computing conformer MET01A0881_001 with delphi ... finished in 4.68 seconds.
Computing conformer GLU01A0884_001 with delphi ... finished in 4.62 seconds.
Computing conformer GLU01A0884_002 with delphi ... finished in 4.67 seconds.
Computing conformer GLU01A0884_003 with delphi ... finished in 4.63 seconds.
Computing conformer GLU01A0884_004 with delphi ... finished in 4.63 seconds.
Computing conformer GLU02A0884_005 with delphi ... finished in 4.71 seconds.
Computing conformer GLU02A0884_006 with delphi ... finished in 4.64 seconds.
Computing conformer GLU02A0884_007 with delphi ... finished in 4.62 seconds.
Computing conformer GLU02A0884_008 with delphi ... finished in 4.61 seconds.
Computing conformer GLU-1A0884_009 with delphi ... finished in 4.60 seconds.
Skipping conformer ILE01A0886_001, no charge, skip ... in 0.01 seconds.
Skipping conformer LEU01A0887_001, no charge, skip ... in 0.03 seconds.
Computing conformer GLU-1A0884_010 with delphi ... finished in 4.67 seconds.
Computing conformer SER01A0885_001 with delphi ... finished in 4.63 seconds.
Computing conformer SER01A0885_002 with delphi ... finished in 4.67 seconds.
Computing conformer SER01A0885_003 with delphi ... finished in 4.64 seconds.
Computing conformer HIS01A0888_001 with delphi ... finished in 4.60 seconds.
Computing conformer HIS02A0888_002 with delphi ... finished in 4.68 seconds.
Computing conformer HIS+1A0888_003 with delphi ... finished in 4.65 seconds.
Skipping conformer ILE01A0890_001, no charge, skip ... in 0.01 seconds.
Computing conformer ARG01A0889_001 with delphi ... finished in 4.63 seconds.
Computing conformer ARG02A0889_002 with delphi ... finished in 4.62 seconds.
Computing conformer ARG03A0889_003 with delphi ... finished in 4.59 seconds.
Computing conformer ARG+1A0889_004 with delphi ... finished in 4.67 seconds.
Computing conformer TYR01A0891_001 with delphi ... finished in 4.70 seconds.
Computing conformer TYR-1A0891_002 with delphi ... finished in 4.68 seconds.
Computing conformer THR01A0892_001 with delphi ... finished in 4.66 seconds.
Computing conformer THR01A0892_002 with delphi ... finished in 4.65 seconds.
Computing conformer HIS01A0893_001 with delphi ... finished in 4.68 seconds.
Computing conformer HIS01A0893_002 with delphi ... finished in 4.67 seconds.
Computing conformer HIS02A0893_004 with delphi ... finished in 4.65 seconds.
Computing conformer HIS02A0893_003 with delphi ... finished in 4.73 seconds.
Computing conformer HIS+1A0893_005 with delphi ... finished in 4.67 seconds.
Computing conformer HIS+1A0893_006 with delphi ... finished in 4.69 seconds.
Computing conformer GLN01A0894_001 with delphi ... finished in 4.68 seconds.
Computing conformer GLN01A0894_002 with delphi ... finished in 4.69 seconds.
Computing conformer SER01A0895_001 with delphi ... finished in 4.70 seconds.
Computing conformer ASP01A0896_001 with delphi ... finished in 4.69 seconds.
Skipping conformer VAL01A0897_001, no charge, skip ... in 0.01 seconds.
Skipping conformer TRP01A0898_001, no charge, skip ... in 0.01 seconds.
Computing conformer ASP01A0896_002 with delphi ... finished in 4.70 seconds.
Computing conformer ASP02A0896_003 with delphi ... finished in 4.72 seconds.
Computing conformer ASP02A0896_004 with delphi ... finished in 4.70 seconds.
Computing conformer ASP-1A0896_005 with delphi ... finished in 4.69 seconds.
Computing conformer SER01A0899_001 with delphi ... finished in 4.72 seconds.
Skipping conformer VAL01A0902_001, no charge, skip ... in 0.01 seconds.
Computing conformer SER01A0899_002 with delphi ... finished in 4.72 seconds.
Computing conformer TYR01A0900_001 with delphi ... finished in 4.71 seconds.
Computing conformer TYR01A0900_002 with delphi ... finished in 4.71 seconds.
Computing conformer TYR-1A0900_003 with delphi ... finished in 4.68 seconds.
Skipping conformer VAL01A0904_001, no charge, skip ... in 0.01 seconds.
Skipping conformer TRP01A0905_001, no charge, skip ... in 0.01 seconds.
Computing conformer THR01A0903_001 with delphi ... finished in 4.71 seconds.
Computing conformer THR01A0903_002 with delphi ... finished in 4.72 seconds.
Computing conformer GLU01A0906_001 with delphi ... finished in 4.65 seconds.
Computing conformer THR01A0903_003 with delphi ... finished in 4.70 seconds.
Skipping conformer LEU01A0907_001, no charge, skip ... in 0.01 seconds.
Computing conformer GLU01A0906_002 with delphi ... finished in 4.69 seconds.
Computing conformer GLU02A0906_003 with delphi ... finished in 4.69 seconds.
Computing conformer GLU02A0906_004 with delphi ... finished in 4.86 seconds.
Skipping conformer PHE01A0910_001, no charge, skip ... in 0.01 seconds.
Computing conformer MET01A0908_001 with delphi ... finished in 4.63 seconds.
Computing conformer GLU-1A0906_005 with delphi ... finished in 4.67 seconds.
Computing conformer THR01A0909_001 with delphi ... finished in 4.65 seconds.
Skipping conformer PRO01A0914_001, no charge, skip ... in 0.01 seconds.
Computing conformer THR01A0909_002 with delphi ... finished in 4.65 seconds.
Computing conformer SER01A0912_001 with delphi ... finished in 4.68 seconds.
Computing conformer LYS01A0913_001 with delphi ... finished in 4.62 seconds.
Computing conformer LYS+1A0913_002 with delphi ... finished in 4.63 seconds.
Computing conformer TYR01A0915_001 with delphi ... finished in 4.65 seconds.
Computing conformer TYR01A0915_002 with delphi ... finished in 4.64 seconds.
Computing conformer TYR-1A0915_003 with delphi ... finished in 4.67 seconds.
Computing conformer ASP01A0916_001 with delphi ... finished in 4.64 seconds.
Skipping conformer ILE01A0918_001, no charge, skip ... in 0.03 seconds.
Skipping conformer PRO01A0919_001, no charge, skip ... in 0.01 seconds.
Computing conformer ASP01A0916_002 with delphi ... finished in 4.64 seconds.
Skipping conformer ALA01A0920_001, no charge, skip ... in 0.01 seconds.
Computing conformer ASP02A0916_003 with delphi ... finished in 4.62 seconds.
Computing conformer ASP02A0916_004 with delphi ... finished in 4.62 seconds.
Computing conformer ASP-1A0916_005 with delphi ... finished in 4.66 seconds.
Computing conformer SER01A0921_001 with delphi ... finished in 4.63 seconds.
Computing conformer SER01A0921_002 with delphi ... finished in 4.65 seconds.
Computing conformer GLU01A0922_001 with delphi ... finished in 4.65 seconds.
Skipping conformer ILE01A0923_001, no charge, skip ... in 0.01 seconds.
Computing conformer GLU01A0922_002 with delphi ... finished in 4.67 seconds.
Computing conformer GLU02A0922_003 with delphi ... finished in 4.69 seconds.
Computing conformer GLU02A0922_004 with delphi ... finished in 4.64 seconds.
Computing conformer GLU-1A0922_005 with delphi ... finished in 4.65 seconds.
Computing conformer SER01A0924_001 with delphi ... finished in 4.67 seconds.
Computing conformer SER01A0924_002 with delphi ... finished in 4.63 seconds.
Skipping conformer ILE01A0926_001, no charge, skip ... in 0.01 seconds.
Skipping conformer LEU01A0927_001, no charge, skip ... in 0.01 seconds.
Computing conformer SER01A0924_003 with delphi ... finished in 4.67 seconds.
Computing conformer SER01A0925_001 with delphi ... finished in 4.66 seconds.
Computing conformer SER01A0925_002 with delphi ... finished in 4.64 seconds.
Computing conformer SER01A0925_003 with delphi ... finished in 4.62 seconds.
Computing conformer GLU01A0928_001 with delphi ... finished in 4.60 seconds.
Computing conformer GLU01A0928_002 with delphi ... finished in 4.62 seconds.
Computing conformer GLU02A0928_003 with delphi ... finished in 4.61 seconds.
Computing conformer GLU02A0928_004 with delphi ... finished in 4.61 seconds.
Computing conformer GLU-1A0928_005 with delphi ... finished in 4.58 seconds.
Computing conformer LYS01A0929_001 with delphi ... finished in 4.57 seconds.
Computing conformer LYS+1A0929_002 with delphi ... finished in 4.58 seconds.
Computing conformer GLU01A0931_001 with delphi ... finished in 4.61 seconds.
Computing conformer GLU01A0931_002 with delphi ... finished in 4.60 seconds.
Computing conformer GLU02A0931_003 with delphi ... finished in 4.60 seconds.
Computing conformer GLU02A0931_004 with delphi ... finished in 4.63 seconds.
Computing conformer GLU-1A0931_005 with delphi ... finished in 4.58 seconds.
Skipping conformer LEU01A0933_001, no charge, skip ... in 0.01 seconds.
Skipping conformer PRO01A0934_001, no charge, skip ... in 0.03 seconds.
Computing conformer ARG01A0932_001 with delphi ... finished in 4.61 seconds.
Computing conformer ARG02A0932_002 with delphi ... finished in 4.63 seconds.
Computing conformer ARG03A0932_003 with delphi ... finished in 4.62 seconds.
Skipping conformer PRO01A0936_001, no charge, skip ... in 0.01 seconds.
Skipping conformer PRO01A0937_001, no charge, skip ... in 0.01 seconds.
Skipping conformer ILE01A0938_001, no charge, skip ... in 0.01 seconds.
Computing conformer ARG+1A0932_004 with delphi ... finished in 4.64 seconds.
Computing conformer GLN01A0935_001 with delphi ... finished in 4.60 seconds.
Computing conformer GLN01A0935_002 with delphi ... finished in 4.66 seconds.
Computing conformer CYS01A0939_002 with delphi ... finished in 4.64 seconds.
Computing conformer CYS01A0939_001 with delphi ... finished in 4.66 seconds.
Skipping conformer ILE01A0941_001, no charge, skip ... in 0.01 seconds.
Computing conformer CYS01A0939_003 with delphi ... finished in 4.65 seconds.
Computing conformer CYS-1A0939_004 with delphi ... finished in 4.67 seconds.
Computing conformer THR01A0940_001 with delphi ... finished in 4.66 seconds.
Computing conformer THR01A0940_002 with delphi ... finished in 4.63 seconds.
Computing conformer ASP01A0942_001 with delphi ... finished in 4.66 seconds.
Skipping conformer VAL01A0943_001, no charge, skip ... in 0.01 seconds.
Computing conformer ASP01A0942_002 with delphi ... finished in 4.63 seconds.
Computing conformer ASP02A0942_003 with delphi ... finished in 4.67 seconds.
Computing conformer ASP02A0942_004 with delphi ... finished in 4.65 seconds.
Computing conformer ASP-1A0942_005 with delphi ... finished in 4.66 seconds.
Skipping conformer ILE01A0946_001, no charge, skip ... in 0.01 seconds.
Computing conformer TYR01A0944_001 with delphi ... finished in 4.71 seconds.
Skipping conformer VAL01A0948_001, no charge, skip ... in 0.01 seconds.
Computing conformer TYR01A0944_002 with delphi ... finished in 4.67 seconds.
Computing conformer TYR-1A0944_003 with delphi ... finished in 4.73 seconds.
Computing conformer MET01A0945_001 with delphi ... finished in 4.71 seconds.
Computing conformer MET01A0947_001 with delphi ... finished in 4.74 seconds.
Computing conformer LYS01A0949_001 with delphi ... finished in 4.73 seconds.
Computing conformer LYS+1A0949_002 with delphi ... finished in 4.71 seconds.
Skipping conformer TRP01A0951_001, no charge, skip ... in 0.03 seconds.
Computing conformer CYS01A0950_001 with delphi ... finished in 4.83 seconds.
Skipping conformer ILE01A0953_001, no charge, skip ... in 0.02 seconds.
Computing conformer CYS01A0950_002 with delphi ... finished in 4.76 seconds.
Computing conformer CYS01A0950_003 with delphi ... finished in 4.80 seconds.
Computing conformer MET01A0952_001 with delphi ... finished in 4.67 seconds.
Computing conformer CYS-1A0950_004 with delphi ... finished in 4.73 seconds.
Computing conformer ASP01A0954_001 with delphi ... finished in 4.67 seconds.
Skipping conformer ALA01A0955_001, no charge, skip ... in 0.03 seconds.
Computing conformer ASP01A0954_002 with delphi ... finished in 4.66 seconds.
Computing conformer ASP02A0954_003 with delphi ... finished in 4.65 seconds.
Computing conformer ASP-1A0954_005 with delphi ... finished in 4.62 seconds.
Computing conformer ASP02A0954_004 with delphi ... finished in 4.64 seconds.
Computing conformer ASP01A0956_001 with delphi ... finished in 4.67 seconds.
Computing conformer ASP01A0956_002 with delphi ... finished in 4.61 seconds.
Computing conformer ASP-1A0956_005 with delphi ... finished in 4.61 seconds.
Computing conformer ASP02A0956_004 with delphi ... finished in 4.65 seconds.
Computing conformer ASP02A0956_003 with delphi ... finished in 4.68 seconds.
Computing conformer SER01A0957_001 with delphi ... finished in 4.60 seconds.
Computing conformer SER01A0957_002 with delphi ... finished in 4.62 seconds.
Computing conformer ARG01A0958_001 with delphi ... finished in 4.65 seconds.
Computing conformer SER01A0957_003 with delphi ... finished in 4.69 seconds.
Computing conformer ARG02A0958_002 with delphi ... finished in 4.72 seconds.
Skipping conformer PRO01A0959_001, no charge, skip ... in 0.01 seconds.
Computing conformer ARG02A0958_003 with delphi ... finished in 4.70 seconds.
Computing conformer ARG03A0958_004 with delphi ... finished in 4.71 seconds.
Skipping conformer PHE01A0961_001, no charge, skip ... in 0.01 seconds.
Computing conformer ARG03A0958_005 with delphi ... finished in 4.66 seconds.
Computing conformer ARG+1A0958_006 with delphi ... finished in 4.68 seconds.
Computing conformer LYS01A0960_001 with delphi ... finished in 4.66 seconds.
Computing conformer LYS+1A0960_002 with delphi ... finished in 4.68 seconds.
Computing conformer ARG01A0962_001 with delphi ... finished in 4.69 seconds.
Computing conformer ARG02A0962_002 with delphi ... finished in 4.66 seconds.
Computing conformer ARG03A0962_003 with delphi ... finished in 4.65 seconds.
Computing conformer ARG+1A0962_004 with delphi ... finished in 4.65 seconds.
Computing conformer GLU01A0963_001 with delphi ... finished in 4.68 seconds.
Skipping conformer LEU01A0964_001, no charge, skip ... in 0.01 seconds.
Skipping conformer ILE01A0965_001, no charge, skip ... in 0.03 seconds.
Skipping conformer ILE01A0966_001, no charge, skip ... in 0.01 seconds.
Computing conformer GLU01A0963_002 with delphi ... finished in 4.69 seconds.
Computing conformer GLU02A0963_003 with delphi ... finished in 4.69 seconds.
Computing conformer GLU-1A0963_005 with delphi ... finished in 4.67 seconds.
Computing conformer GLU02A0963_004 with delphi ... finished in 4.76 seconds.
Computing conformer GLU01A0967_001 with delphi ... finished in 4.92 seconds.
Skipping conformer PHE01A0968_001, no charge, skip ... in 0.01 seconds.
Computing conformer GLU01A0967_002 with delphi ... finished in 4.79 seconds.
Computing conformer GLU-1A0967_005 with delphi ... finished in 4.70 seconds.
Computing conformer GLU02A0967_003 with delphi ... finished in 5.00 seconds.
Computing conformer GLU02A0967_004 with delphi ... finished in 4.93 seconds.
Skipping conformer ALA01A0972_001, no charge, skip ... in 0.01 seconds.
Computing conformer LYS01A0970_001 with delphi ... finished in 4.72 seconds.
Computing conformer LYS+1A0970_002 with delphi ... finished in 4.80 seconds.
Computing conformer SER01A0969_001 with delphi ... finished in 5.00 seconds.
Computing conformer ARG01A0973_001 with delphi ... finished in 4.74 seconds.
Computing conformer MET01A0971_001 with delphi ... finished in 4.82 seconds.
Computing conformer ARG02A0973_002 with delphi ... finished in 4.69 seconds.
Computing conformer ARG+1A0973_004 with delphi ... finished in 4.69 seconds.
Computing conformer ARG03A0973_003 with delphi ... finished in 4.74 seconds.
Computing conformer ASP01A0974_001 with delphi ... finished in 4.71 seconds.
Skipping conformer PRO01A0975_001, no charge, skip ... in 0.01 seconds.
Computing conformer ASP01A0974_002 with delphi ... finished in 4.70 seconds.
Computing conformer ASP02A0974_003 with delphi ... finished in 4.75 seconds.
Computing conformer ASP02A0974_004 with delphi ... finished in 4.72 seconds.
Computing conformer ASP-1A0974_005 with delphi ... finished in 4.76 seconds.
Computing conformer GLN01A0976_001 with delphi ... finished in 4.68 seconds.
Computing conformer GLN01A0976_002 with delphi ... finished in 4.70 seconds.
Computing conformer GLN01A0976_003 with delphi ... finished in 4.64 seconds.
Computing conformer ARG01A0977_001 with delphi ... finished in 4.67 seconds.
Computing conformer ARG02A0977_002 with delphi ... finished in 4.66 seconds.
Computing conformer ARG02A0977_003 with delphi ... finished in 4.67 seconds.
Computing conformer ARG03A0977_004 with delphi ... finished in 4.65 seconds.
Skipping conformer LEU01A0979_001, no charge, skip ... in 0.01 seconds.
Skipping conformer VAL01A0980_001, no charge, skip ... in 0.01 seconds.
Skipping conformer ILE01A0981_001, no charge, skip ... in 0.03 seconds.
Computing conformer ARG+1A0977_005 with delphi ... finished in 4.69 seconds.
Computing conformer TYR01A0978_001 with delphi ... finished in 4.66 seconds.
Computing conformer TYR01A0978_002 with delphi ... finished in 4.67 seconds.
Computing conformer TYR-1A0978_003 with delphi ... finished in 4.67 seconds.
Computing conformer GLN01A0982_001 with delphi ... finished in 4.66 seconds.
Computing conformer GLN01A0982_002 with delphi ... finished in 4.59 seconds.
Computing conformer ASP01A0984_001 with delphi ... finished in 4.60 seconds.
Computing conformer ASP01A0984_002 with delphi ... finished in 4.62 seconds.
Computing conformer ASP01A0984_003 with delphi ... finished in 4.60 seconds.
Computing conformer ASP01A0984_004 with delphi ... finished in 4.60 seconds.
Computing conformer ASP02A0984_005 with delphi ... finished in 4.66 seconds.
Computing conformer ASP02A0984_006 with delphi ... finished in 4.63 seconds.
Computing conformer ASP02A0984_007 with delphi ... finished in 4.62 seconds.
Computing conformer ASP02A0984_008 with delphi ... finished in 4.61 seconds.
Computing conformer ASP-1A0984_009 with delphi ... finished in 4.61 seconds.
Computing conformer ASP-1A0984_010 with delphi ... finished in 4.64 seconds.
Computing conformer GLU01A0985_001 with delphi ... finished in 4.64 seconds.
Computing conformer GLU01A0985_002 with delphi ... finished in 4.59 seconds.
Computing conformer GLU02A0985_003 with delphi ... finished in 4.62 seconds.
Computing conformer GLU02A0985_004 with delphi ... finished in 4.65 seconds.
Computing conformer GLU-1A0985_005 with delphi ... finished in 4.64 seconds.
Computing conformer ARG01A0986_001 with delphi ... finished in 4.60 seconds.
Computing conformer ARG02A0986_002 with delphi ... finished in 4.59 seconds.
Computing conformer ARG03A0986_003 with delphi ... finished in 4.59 seconds.
Computing conformer ARG+1A0986_004 with delphi ... finished in 4.55 seconds.
Skipping conformer LEU01A0989_001, no charge, skip ... in 0.01 seconds.
Computing conformer MET01A0987_001 with delphi ... finished in 4.57 seconds.
Computing conformer HIS02A0988_002 with delphi ... finished in 4.57 seconds.
Computing conformer HIS01A0988_001 with delphi ... finished in 4.63 seconds.
Computing conformer HIS+1A0988_003 with delphi ... finished in 4.58 seconds.
Computing conformer ASP01A1003_001 with delphi ... finished in 4.65 seconds.
Computing conformer ASP01A1003_002 with delphi ... finished in 4.58 seconds.
Computing conformer ASP02A1003_003 with delphi ... finished in 4.62 seconds.
Computing conformer ASP02A1003_004 with delphi ... finished in 4.59 seconds.
Computing conformer ASP-1A1003_005 with delphi ... finished in 4.56 seconds.
Computing conformer GLU01A1004_001 with delphi ... finished in 4.57 seconds.
Computing conformer GLU01A1004_002 with delphi ... finished in 4.59 seconds.
Computing conformer GLU02A1004_003 with delphi ... finished in 4.60 seconds.
Computing conformer GLU02A1004_004 with delphi ... finished in 4.62 seconds.
Computing conformer GLU-1A1004_005 with delphi ... finished in 4.63 seconds.
Computing conformer GLU01A1005_001 with delphi ... finished in 4.60 seconds.
