  pH             pKa/Em  n(slope) 1000*chi2
ARG+A0602_        >7.4                     
ASP-A0604_        <7.4                     
ARG+A0607_        >7.4                     
ARG+A0609_        >7.4                     
ARG+A0611_        >7.4                     
LYS+A0613_        >7.4                     
GLU-A0614_        <7.4                     
LYS+A0615_        >7.4                     
GLU-A0618_        <7.4                     
GLU-A0623_        <7.4                     
HIS+A0625_        >7.4                     
CYS-A0627_        >7.4                     
GLU-A0628_        <7.4                     
ASP-A0630_        <7.4                     
ASP-A0634_        <7.4                     
ASP-A0639_        <7.4                     
ARG+A0645_        >7.4                     
LYS+A0646_        >7.4                     
HIS+A0648_        >7.4                     
LYS+A0655_        >7.4                     
ARG+A0658_        >7.4                     
ASP-A0660_        <7.4                     
LYS+A0663_        >7.4                     
ARG+A0666_        >7.4                     
ASP-A0668_        <7.4                     
LYS+A0671_        >7.4                     
GLU-A0672_        <7.4                     
LYS+A0674_        >7.4                     
ARG+A0678_        >7.4                     
LYS+A0680_        >7.4                     
ASP-A0681_        <7.4                     
ARG+A0686_        >7.4                     
CYS-A0691_        >7.4                     
ASP-A0694_        <7.4                     
ASP-A0695_        <7.4                     
CYS-A0698_        >7.4                     
ASP-A0702_        <7.4                     
TYR-A0703_        >7.4                     
GLU-A0705_        <7.4                     
ASP-A0708_        <7.4                     
HIS+A0716_        >7.4                     
GLU-A0719_        <7.4                     
ASP-A0720_        <7.4                     
TYR-A0740_        >7.4                     
HIS+A0745_        >7.4                     
ARG+A0755_        >7.4                     
TYR-A0756_        >7.4                     
HIS+A0764_        <7.4                     
ARG+A0765_        >7.4                     
ASP-A0766_        <7.4                     
ARG+A0770_        >7.4                     
CYS-A0772_        >7.4                     
GLU-A0776_        <7.4                     
LYS+A0781_        >7.4                     
ASP-A0784_        <7.4                     
ARG+A0789_        >7.4                     
TYR-A0792_        >7.4                     
ASP-A0795_        <7.4                     
TYR-A0796_        >7.4                     
TYR-A0797_        >7.4                     
ARG+A0798_        >7.4                     
ARG+A0802_        >7.4                     
ARG+A0808_        >7.4                     
GLU-A0813_        <7.4                     
CYS-A0814_        >7.4                     
LYS+A0819_        >7.4                     
ASP-A0825_        <7.4                     
GLU-A0835_        <7.4                     
CYS-A0840_        >7.4                     
ARG+A0841_        >7.4                     
ASP-A0850_        <7.4                     
GLU-A0851_        <7.4                     
GLU-A0855_        <7.4                     
GLU-A0859_        <7.4                     
ARG+A0862_        >7.4                     
ASP-A0863_        <7.4                     
ARG+A0866_        >7.4                     
TYR-A0869_        >7.4                     
ARG+A0872_        >7.4                     
CYS-A0876_        >7.4                     
TYR-A0881_        >7.4                     
GLU-A0882_        <7.4                     
ARG+A0886_        >7.4                     
CYS-A0887_        >7.4                     
ARG+A0890_        >7.4                     
GLU-A0891_        <7.4                     
GLU-A0893_        <7.4                     
ARG+A0895_        >7.4                     
HIS+A0902_        <7.4                     
ARG+A0903_        >7.4                     
GLU-A0907_        <7.4                     
ASP-A0908_        <7.4                     
0LI+A1000_        >7.4                     
0LI+A1004_        <7.4                     
