2025-07-16 18:25:22 - INFO: pdbio_gr, <module>: Step 3. Energies calculation with PBE solver.
2025-07-16 18:25:22 - INFO: pdbio_gr, <module>: Calling new VDW....No Scaling Applied
2025-07-16 18:25:22 - INFO: pdbio_gr, <module>:    Process run time options & convert step2_out.pdb.
2025-07-16 18:25:22 - INFO: pdbio_gr, load_ftpl: Reading parameters from /home/granepura/MCCE4/param
2025-07-16 18:25:22 - INFO: pdbio_gr, load_ftpl: Updating vdw parameters from /data/home/granepura/MCCE4/param/00always_needed.tpl
2025-07-16 18:25:22 - INFO: pdbio_gr, load_ftpl: Loading TORSION parameters from /data/home/granepura/MCCE4/param/00always_needed.tpl
2025-07-16 18:25:22 - INFO: pdbio_gr, <module>:    Prepare input for PB solver.
2025-07-16 18:25:22 - INFO: pdbio_gr, <module>:    Time needed: 0 seconds.
2025-07-16 18:25:22 - INFO: pdbio_gr, <module>:    Time needed: 0 seconds.
2025-07-16 18:25:22 - INFO: pdbio_gr, <module>:    Set up parallel envrionment and run PB solver.
2025-07-16 18:25:22 - INFO: pdbio_gr, <module>:    Running PBE solver in 1 threads
2025-07-16 18:25:22 - INFO: pdbio_gr, pbe: ForkPoolWorker-1: Calling delphi to calculate conformer 0LI01A1000_001
2025-07-16 18:25:23 - INFO: pdbio_gr, pbe: ForkPoolWorker-1: Calling delphi to calculate conformer 0LI01A1000_002
2025-07-16 18:25:25 - INFO: pdbio_gr, pbe: ForkPoolWorker-1: Calling delphi to calculate conformer 0LI+1A1000_003
2025-07-16 18:25:26 - INFO: pdbio_gr, pbe: ForkPoolWorker-1: Calling delphi to calculate conformer 0LI+1A1000_004
2025-07-16 18:25:27 - INFO: pdbio_gr, pbe: ForkPoolWorker-1: Calling delphi to calculate conformer 0LI+2A1000_005
2025-07-16 18:25:28 - INFO: pdbio_gr, pbe: ForkPoolWorker-1: Calling delphi to calculate conformer 0LI+2A1000_006
2025-07-16 18:25:29 - INFO: pdbio_gr, pbe: ForkPoolWorker-1: Calling delphi to calculate conformer 0LI01A1004_001
2025-07-16 18:25:30 - INFO: pdbio_gr, pbe: ForkPoolWorker-1: Calling delphi to calculate conformer 0LI+1A1004_002
2025-07-16 18:25:31 - INFO: pdbio_gr, pbe: ForkPoolWorker-1: Calling delphi to calculate conformer 0LI+2A1004_003
2025-07-16 18:25:32 - INFO: pdbio_gr, <module>:    Time needed: 9 seconds.
2025-07-16 18:25:32 - INFO: pdbio_gr, <module>:    Post-processing of electrostatic potential.
2025-07-16 18:25:32 - INFO: pdbio_gr, <module>:    Processing ele pairwise interaction...
2025-07-16 18:25:32 - INFO: pdbio_gr, <module>:    Time needed: 0 seconds.
2025-07-16 18:25:32 - INFO: pdbio_gr, <module>:    Making atom connectivity ...
2025-07-16 18:25:32 - INFO: pdbio_gr, <module>:    Time needed: 0 seconds.
2025-07-16 18:25:32 - INFO: pdbio_gr, <module>:    Calculating vdw ...
2025-07-16 18:25:32 - INFO: pdbio_gr, <module>:    Time needed: 0 seconds.
2025-07-16 18:25:32 - INFO: pdbio_gr, <module>:    Calculating torsion energy ...
2025-07-16 18:25:32 - INFO: pdbio_gr, <module>:    Time needed: 0 seconds.
2025-07-16 18:25:32 - INFO: pdbio_gr, <module>:    Composing head3.lst ...
2025-07-16 18:25:32 - INFO: pdbio_gr, <module>:    Time needed: 0 seconds.
2025-07-16 18:25:32 - INFO: pdbio_gr, <module>:    Composing opp files ...
2025-07-16 18:25:32 - INFO: pdbio_gr, <module>:    Time needed: 0 seconds.
2025-07-16 18:25:32 - INFO: pdbio_gr, <module>:    Total time for step3 is 9 seconds.
2025-07-17 16:04:11 - INFO: pdbio_gr, <module>: Step 3. Energies calculation with PBE solver.
2025-07-17 16:04:11 - INFO: pdbio_gr, <module>: Calling new VDW....No Scaling Applied
2025-07-17 16:04:11 - INFO: pdbio_gr, <module>:    Process run time options & convert step2_out.pdb.
2025-07-17 16:04:11 - INFO: pdbio_gr, load_ftpl: Reading parameters from /home/granepura/MCCE4/param
2025-07-17 16:04:11 - INFO: pdbio_gr, load_ftpl: Updating vdw parameters from /data/home/granepura/MCCE4/param/00always_needed.tpl
2025-07-17 16:04:11 - INFO: pdbio_gr, load_ftpl: Loading TORSION parameters from /data/home/granepura/MCCE4/param/00always_needed.tpl
2025-07-17 16:04:11 - INFO: pdbio_gr, <module>:    Prepare input for PB solver.
2025-07-17 16:04:11 - INFO: pdbio_gr, <module>:    Time needed: 0 seconds.
2025-07-17 16:04:11 - INFO: pdbio_gr, <module>:    Time needed: 0 seconds.
2025-07-17 16:04:11 - INFO: pdbio_gr, <module>:    Set up parallel envrionment and run PB solver.
2025-07-17 16:04:11 - INFO: pdbio_gr, <module>:    Running PBE solver in 1 threads
2025-07-17 16:04:11 - INFO: pdbio_gr, pbe: ForkPoolWorker-1: Calling delphi to calculate conformer 0LI01A1000_001
2025-07-17 16:04:12 - INFO: pdbio_gr, pbe: ForkPoolWorker-1: Calling delphi to calculate conformer 0LI01A1000_002
2025-07-17 16:04:13 - INFO: pdbio_gr, pbe: ForkPoolWorker-1: Calling delphi to calculate conformer 0LI+1A1000_003
2025-07-17 16:04:14 - INFO: pdbio_gr, pbe: ForkPoolWorker-1: Calling delphi to calculate conformer 0LI+1A1000_004
2025-07-17 16:04:15 - INFO: pdbio_gr, pbe: ForkPoolWorker-1: Calling delphi to calculate conformer 0LI+2A1000_005
2025-07-17 16:04:16 - INFO: pdbio_gr, pbe: ForkPoolWorker-1: Calling delphi to calculate conformer 0LI+2A1000_006
2025-07-17 16:04:17 - INFO: pdbio_gr, pbe: ForkPoolWorker-1: Calling delphi to calculate conformer 0LI01A1004_001
2025-07-17 16:04:18 - INFO: pdbio_gr, pbe: ForkPoolWorker-1: Calling delphi to calculate conformer 0LI+1A1004_002
2025-07-17 16:04:19 - INFO: pdbio_gr, pbe: ForkPoolWorker-1: Calling delphi to calculate conformer 0LI+2A1004_003
2025-07-17 16:04:20 - INFO: pdbio_gr, <module>:    Time needed: 9 seconds.
2025-07-17 16:04:20 - INFO: pdbio_gr, <module>:    Post-processing of electrostatic potential.
2025-07-17 16:04:20 - INFO: pdbio_gr, <module>:    Processing ele pairwise interaction...
2025-07-17 16:04:20 - INFO: pdbio_gr, <module>:    Time needed: 0 seconds.
2025-07-17 16:04:20 - INFO: pdbio_gr, <module>:    Making atom connectivity ...
2025-07-17 16:04:20 - INFO: pdbio_gr, <module>:    Time needed: 0 seconds.
2025-07-17 16:04:20 - INFO: pdbio_gr, <module>:    Calculating vdw ...
2025-07-17 16:04:20 - INFO: pdbio_gr, <module>:    Time needed: 0 seconds.
2025-07-17 16:04:20 - INFO: pdbio_gr, <module>:    Calculating torsion energy ...
2025-07-17 16:04:20 - INFO: pdbio_gr, <module>:    Time needed: 0 seconds.
2025-07-17 16:04:20 - INFO: pdbio_gr, <module>:    Composing head3.lst ...
2025-07-17 16:04:20 - INFO: pdbio_gr, <module>:    Time needed: 0 seconds.
2025-07-17 16:04:20 - INFO: pdbio_gr, <module>:    Composing opp files ...
2025-07-17 16:04:20 - INFO: pdbio_gr, <module>:    Time needed: 0 seconds.
2025-07-17 16:04:20 - INFO: pdbio_gr, <module>:    Total time for step3 is 9 seconds.
2025-07-18 19:13:27 - INFO: pdbio_gr, <module>: Step 3. Energies calculation with PBE solver.
2025-07-18 19:13:27 - INFO: pdbio_gr, <module>: Calling new VDW....No Scaling Applied
2025-07-18 19:13:27 - INFO: pdbio_gr, <module>:    Process run time options & convert step2_out.pdb.
2025-07-18 19:13:27 - INFO: pdbio_gr, load_ftpl: Reading parameters from /home/granepura/MCCE4/param
2025-07-18 19:13:27 - INFO: pdbio_gr, load_ftpl: Updating vdw parameters from /data/home/granepura/MCCE4/param/00always_needed.tpl
2025-07-18 19:13:27 - INFO: pdbio_gr, load_ftpl: Loading TORSION parameters from /data/home/granepura/MCCE4/param/00always_needed.tpl
2025-07-18 19:13:27 - INFO: pdbio_gr, <module>:    Prepare input for PB solver.
2025-07-18 19:13:27 - INFO: pdbio_gr, <module>:    Time needed: 0 seconds.
2025-07-18 19:13:29 - INFO: pdbio_gr, <module>:    Time needed: 1 seconds.
2025-07-18 19:13:29 - INFO: pdbio_gr, <module>:    Set up parallel envrionment and run PB solver.
2025-07-18 19:13:29 - INFO: pdbio_gr, <module>:    Running PBE solver in 1 threads
2025-07-18 19:13:29 - INFO: pdbio_gr, pbe: ForkPoolWorker-1: Calling ngpb to calculate conformer 0LI01A1000_001
2025-07-18 19:13:29 - INFO: pdbio_gr, pbe: ForkPoolWorker-2: Calling ngpb to calculate conformer 0LI01A1000_002
2025-07-18 19:13:29 - INFO: pdbio_gr, pbe: ForkPoolWorker-3: Calling ngpb to calculate conformer 0LI+1A1000_003
2025-07-18 19:13:29 - INFO: pdbio_gr, pbe: ForkPoolWorker-4: Calling ngpb to calculate conformer 0LI+1A1000_004
2025-07-18 19:13:29 - INFO: pdbio_gr, pbe: ForkPoolWorker-5: Calling ngpb to calculate conformer 0LI+2A1000_005
2025-07-18 19:13:29 - INFO: pdbio_gr, pbe: ForkPoolWorker-6: Calling ngpb to calculate conformer 0LI+2A1000_006
2025-07-18 19:13:29 - INFO: pdbio_gr, pbe: ForkPoolWorker-7: Calling ngpb to calculate conformer 0LI01A1004_001
2025-07-18 19:13:29 - INFO: pdbio_gr, pbe: ForkPoolWorker-8: Calling ngpb to calculate conformer 0LI+1A1004_002
2025-07-18 19:13:29 - INFO: pdbio_gr, pbe: ForkPoolWorker-9: Calling ngpb to calculate conformer 0LI+2A1004_003
2025-07-18 19:13:59 - ERROR: pdbio_gr, <module>: Task 0 timed out
2025-07-18 19:14:29 - ERROR: pdbio_gr, <module>: Task 1 timed out
2025-07-18 19:14:59 - ERROR: pdbio_gr, <module>: Task 2 timed out
2025-07-18 19:15:29 - ERROR: pdbio_gr, <module>: Task 3 timed out
2025-07-18 19:15:59 - ERROR: pdbio_gr, <module>: Task 4 timed out
2025-07-18 19:16:29 - ERROR: pdbio_gr, <module>: Task 5 timed out
2025-07-18 19:16:59 - ERROR: pdbio_gr, <module>: Task 6 timed out
2025-07-18 19:17:29 - ERROR: pdbio_gr, <module>: Task 7 timed out
2025-07-18 19:17:59 - ERROR: pdbio_gr, <module>: Task 8 timed out
2025-07-18 19:17:59 - WARNING: pdbio_gr, <module>:     Error PBE solving on ['[ERROR] Task timed out', '[ERROR] Task timed out', '[ERROR] Task timed out', '[ERROR] Task timed out', '[ERROR] Task timed out', '[ERROR] Task timed out', '[ERROR] Task timed out', '[ERROR] Task timed out', '[ERROR] Task timed out']
2025-07-18 19:17:59 - INFO: pdbio_gr, <module>:    Time needed: 270 seconds.
2025-07-18 19:17:59 - INFO: pdbio_gr, <module>:    Post-processing of electrostatic potential.
2025-07-18 19:17:59 - INFO: pdbio_gr, <module>:    Processing ele pairwise interaction...
2025-07-18 19:17:59 - INFO: pdbio_gr, <module>:    Time needed: 0 seconds.
2025-07-18 19:17:59 - INFO: pdbio_gr, <module>:    Making atom connectivity ...
2025-07-18 19:17:59 - INFO: pdbio_gr, <module>:    Time needed: 0 seconds.
2025-07-18 19:17:59 - INFO: pdbio_gr, <module>:    Calculating vdw ...
2025-07-18 19:17:59 - INFO: pdbio_gr, <module>:    Time needed: 0 seconds.
2025-07-18 19:17:59 - INFO: pdbio_gr, <module>:    Calculating torsion energy ...
2025-07-18 19:17:59 - INFO: pdbio_gr, <module>:    Time needed: 0 seconds.
2025-07-18 19:17:59 - INFO: pdbio_gr, <module>:    Composing head3.lst ...
2025-07-18 19:17:59 - INFO: pdbio_gr, <module>:    Time needed: 0 seconds.
2025-07-18 19:17:59 - INFO: pdbio_gr, <module>:    Composing opp files ...
2025-07-18 19:17:59 - INFO: pdbio_gr, <module>:    Time needed: 0 seconds.
2025-07-18 19:17:59 - INFO: pdbio_gr, <module>:    Total time for step3 is 271 seconds.
2025-07-18 19:26:19 - INFO: pdbio_gr, <module>: Step 3. Energies calculation with PBE solver.
2025-07-18 19:26:19 - INFO: pdbio_gr, <module>: Calling new VDW....No Scaling Applied
2025-07-18 19:26:19 - INFO: pdbio_gr, <module>:    Process run time options & convert step2_out.pdb.
2025-07-18 19:26:19 - INFO: pdbio_gr, load_ftpl: Reading parameters from /home/granepura/MCCE4/param
2025-07-18 19:26:19 - INFO: pdbio_gr, load_ftpl: Updating vdw parameters from /data/home/granepura/MCCE4/param/00always_needed.tpl
2025-07-18 19:26:19 - INFO: pdbio_gr, load_ftpl: Loading TORSION parameters from /data/home/granepura/MCCE4/param/00always_needed.tpl
2025-07-18 19:26:19 - INFO: pdbio_gr, <module>:    Prepare input for PB solver.
2025-07-18 19:26:19 - INFO: pdbio_gr, <module>:    Time needed: 0 seconds.
2025-07-18 19:26:19 - INFO: pdbio_gr, <module>:    Time needed: 0 seconds.
2025-07-18 19:26:19 - INFO: pdbio_gr, <module>:    Set up parallel envrionment and run PB solver.
2025-07-18 19:26:19 - INFO: pdbio_gr, <module>:    Running PBE solver in 1 threads
2025-07-18 19:26:19 - INFO: pdbio_gr, pbe: ForkPoolWorker-1: Calling ngpb to calculate conformer 0LI01A1000_001
2025-07-18 19:26:20 - INFO: pdbio_gr, pbe: ForkPoolWorker-1: Calling ngpb to calculate conformer 0LI01A1000_002
2025-07-18 19:26:20 - INFO: pdbio_gr, pbe: ForkPoolWorker-2: Calling ngpb to calculate conformer 0LI+1A1000_003
2025-07-18 19:26:20 - INFO: pdbio_gr, pbe: ForkPoolWorker-3: Calling ngpb to calculate conformer 0LI+1A1000_004
2025-07-18 19:26:20 - INFO: pdbio_gr, pbe: ForkPoolWorker-4: Calling ngpb to calculate conformer 0LI+2A1000_005
2025-07-18 19:26:20 - INFO: pdbio_gr, pbe: ForkPoolWorker-5: Calling ngpb to calculate conformer 0LI+2A1000_006
2025-07-18 19:26:20 - INFO: pdbio_gr, pbe: ForkPoolWorker-6: Calling ngpb to calculate conformer 0LI01A1004_001
2025-07-18 19:26:21 - INFO: pdbio_gr, pbe: ForkPoolWorker-7: Calling ngpb to calculate conformer 0LI+1A1004_002
2025-07-18 19:26:21 - INFO: pdbio_gr, pbe: ForkPoolWorker-8: Calling ngpb to calculate conformer 0LI+2A1004_003
2025-07-18 19:26:50 - ERROR: pdbio_gr, <module>: Task 1 timed out
2025-07-18 19:27:20 - ERROR: pdbio_gr, <module>: Task 2 timed out
2025-07-18 19:27:50 - ERROR: pdbio_gr, <module>: Task 3 timed out
2025-07-18 19:28:20 - ERROR: pdbio_gr, <module>: Task 4 timed out
2025-07-18 19:28:50 - ERROR: pdbio_gr, <module>: Task 5 timed out
2025-07-18 19:29:20 - ERROR: pdbio_gr, <module>: Task 6 timed out
2025-07-18 19:29:50 - ERROR: pdbio_gr, <module>: Task 7 timed out
2025-07-18 19:30:20 - ERROR: pdbio_gr, <module>: Task 8 timed out
2025-07-18 19:30:20 - WARNING: pdbio_gr, <module>:     Error PBE solving on ['[ERROR] Task timed out', '[ERROR] Task timed out', '[ERROR] Task timed out', '[ERROR] Task timed out', '[ERROR] Task timed out', '[ERROR] Task timed out', '[ERROR] Task timed out', '[ERROR] Task timed out']
2025-07-18 19:30:20 - INFO: pdbio_gr, <module>:    Time needed: 241 seconds.
2025-07-18 19:30:20 - INFO: pdbio_gr, <module>:    Post-processing of electrostatic potential.
2025-07-18 19:30:20 - INFO: pdbio_gr, <module>:    Processing ele pairwise interaction...
2025-07-18 19:30:20 - INFO: pdbio_gr, <module>:    Time needed: 0 seconds.
2025-07-18 19:30:20 - INFO: pdbio_gr, <module>:    Making atom connectivity ...
2025-07-18 19:30:20 - INFO: pdbio_gr, <module>:    Time needed: 0 seconds.
2025-07-18 19:30:20 - INFO: pdbio_gr, <module>:    Calculating vdw ...
2025-07-18 19:30:20 - INFO: pdbio_gr, <module>:    Time needed: 0 seconds.
2025-07-18 19:30:20 - INFO: pdbio_gr, <module>:    Calculating torsion energy ...
2025-07-18 19:30:20 - INFO: pdbio_gr, <module>:    Time needed: 0 seconds.
2025-07-18 19:30:20 - INFO: pdbio_gr, <module>:    Composing head3.lst ...
2025-07-18 19:30:20 - INFO: pdbio_gr, <module>:    Time needed: 0 seconds.
2025-07-18 19:30:20 - INFO: pdbio_gr, <module>:    Composing opp files ...
2025-07-18 19:30:20 - INFO: pdbio_gr, <module>:    Time needed: 0 seconds.
2025-07-18 19:30:20 - INFO: pdbio_gr, <module>:    Total time for step3 is 241 seconds.
2025-07-18 19:35:32 - INFO: pdbio_gr, <module>: Step 3. Energies calculation with PBE solver.
2025-07-18 19:35:32 - INFO: pdbio_gr, <module>: Calling new VDW....No Scaling Applied
2025-07-18 19:35:32 - INFO: pdbio_gr, <module>:    Process run time options & convert step2_out.pdb.
2025-07-18 19:35:32 - INFO: pdbio_gr, load_ftpl: Reading parameters from /home/granepura/MCCE4/param
2025-07-18 19:35:32 - INFO: pdbio_gr, load_ftpl: Updating vdw parameters from /data/home/granepura/MCCE4/param/00always_needed.tpl
2025-07-18 19:35:32 - INFO: pdbio_gr, load_ftpl: Loading TORSION parameters from /data/home/granepura/MCCE4/param/00always_needed.tpl
2025-07-18 19:35:32 - INFO: pdbio_gr, <module>:    Prepare input for PB solver.
2025-07-18 19:35:32 - INFO: pdbio_gr, <module>:    Time needed: 0 seconds.
2025-07-18 19:35:34 - INFO: pdbio_gr, <module>:    Time needed: 1 seconds.
2025-07-18 19:35:34 - INFO: pdbio_gr, <module>:    Set up parallel envrionment and run PB solver.
2025-07-18 19:35:34 - INFO: pdbio_gr, <module>:    Running PBE solver in 1 threads
2025-07-18 19:35:34 - INFO: pdbio_gr, pbe: ForkPoolWorker-1: Calling ngpb to calculate conformer 0LI01A1000_001
2025-07-18 19:35:34 - INFO: pdbio_gr, pbe: ForkPoolWorker-2: Calling ngpb to calculate conformer 0LI01A1000_002
2025-07-18 19:35:34 - INFO: pdbio_gr, pbe: ForkPoolWorker-3: Calling ngpb to calculate conformer 0LI+1A1000_003
2025-07-18 19:35:34 - INFO: pdbio_gr, pbe: ForkPoolWorker-4: Calling ngpb to calculate conformer 0LI+1A1000_004
2025-07-18 19:35:34 - INFO: pdbio_gr, pbe: ForkPoolWorker-5: Calling ngpb to calculate conformer 0LI+2A1000_005
2025-07-18 19:35:34 - INFO: pdbio_gr, pbe: ForkPoolWorker-6: Calling ngpb to calculate conformer 0LI+2A1000_006
2025-07-18 19:35:34 - INFO: pdbio_gr, pbe: ForkPoolWorker-7: Calling ngpb to calculate conformer 0LI01A1004_001
2025-07-18 19:35:34 - INFO: pdbio_gr, pbe: ForkPoolWorker-8: Calling ngpb to calculate conformer 0LI+1A1004_002
2025-07-18 19:35:34 - INFO: pdbio_gr, pbe: ForkPoolWorker-9: Calling ngpb to calculate conformer 0LI+2A1004_003
2025-07-18 19:36:04 - ERROR: pdbio_gr, <module>: Task 0 timed out
2025-07-18 19:36:34 - ERROR: pdbio_gr, <module>: Task 1 timed out
2025-07-18 19:37:04 - ERROR: pdbio_gr, <module>: Task 2 timed out
2025-07-18 19:37:34 - ERROR: pdbio_gr, <module>: Task 3 timed out
2025-07-18 19:38:04 - ERROR: pdbio_gr, <module>: Task 4 timed out
2025-07-18 19:38:34 - ERROR: pdbio_gr, <module>: Task 5 timed out
2025-07-18 20:10:39 - INFO: pdbio_gr, <module>: Step 3. Energies calculation with PBE solver.
2025-07-18 20:10:39 - INFO: pdbio_gr, <module>: Calling new VDW....No Scaling Applied
2025-07-18 20:10:39 - INFO: pdbio_gr, <module>:    Process run time options & convert step2_out.pdb.
2025-07-18 20:10:39 - INFO: pdbio_gr, load_ftpl: Reading parameters from /home/granepura/MCCE4/param
2025-07-18 20:10:39 - INFO: pdbio_gr, load_ftpl: Updating vdw parameters from /data/home/granepura/MCCE4/param/00always_needed.tpl
2025-07-18 20:10:39 - INFO: pdbio_gr, load_ftpl: Loading TORSION parameters from /data/home/granepura/MCCE4/param/00always_needed.tpl
2025-07-18 20:10:39 - INFO: pdbio_gr, <module>:    Prepare input for PB solver.
2025-07-18 20:10:39 - INFO: pdbio_gr, <module>:    Time needed: 0 seconds.
2025-07-18 20:10:39 - INFO: pdbio_gr, <module>:    Time needed: 0 seconds.
2025-07-18 20:10:39 - INFO: pdbio_gr, <module>:    Set up parallel envrionment and run PB solver.
2025-07-18 20:10:39 - INFO: pdbio_gr, <module>:    Running PBE solver in 1 threads
2025-07-18 20:10:39 - INFO: pdbio_gr, pbe: ForkPoolWorker-1: Calling delphi to calculate conformer 0LI01A1000_001
2025-07-18 20:10:40 - INFO: pdbio_gr, pbe: ForkPoolWorker-1: Calling delphi to calculate conformer 0LI01A1000_002
2025-07-18 20:10:41 - INFO: pdbio_gr, pbe: ForkPoolWorker-1: Calling delphi to calculate conformer 0LI+1A1000_003
2025-07-18 20:10:42 - INFO: pdbio_gr, pbe: ForkPoolWorker-1: Calling delphi to calculate conformer 0LI+1A1000_004
2025-07-18 20:10:43 - INFO: pdbio_gr, pbe: ForkPoolWorker-1: Calling delphi to calculate conformer 0LI+2A1000_005
2025-07-18 20:10:44 - INFO: pdbio_gr, pbe: ForkPoolWorker-1: Calling delphi to calculate conformer 0LI+2A1000_006
2025-07-18 20:10:45 - INFO: pdbio_gr, pbe: ForkPoolWorker-1: Calling delphi to calculate conformer 0LI01A1004_001
2025-07-18 20:10:46 - INFO: pdbio_gr, pbe: ForkPoolWorker-1: Calling delphi to calculate conformer 0LI+1A1004_002
2025-07-18 20:10:47 - INFO: pdbio_gr, pbe: ForkPoolWorker-1: Calling delphi to calculate conformer 0LI+2A1004_003
2025-07-18 20:10:48 - INFO: pdbio_gr, <module>:    Time needed: 9 seconds.
2025-07-18 20:10:48 - INFO: pdbio_gr, <module>:    Post-processing of electrostatic potential.
2025-07-18 20:10:48 - INFO: pdbio_gr, <module>:    Processing ele pairwise interaction...
2025-07-18 20:10:48 - INFO: pdbio_gr, <module>:    Time needed: 0 seconds.
2025-07-18 20:10:48 - INFO: pdbio_gr, <module>:    Making atom connectivity ...
2025-07-18 20:10:48 - INFO: pdbio_gr, <module>:    Time needed: 0 seconds.
2025-07-18 20:10:48 - INFO: pdbio_gr, <module>:    Calculating vdw ...
2025-07-18 20:10:48 - INFO: pdbio_gr, <module>:    Time needed: 0 seconds.
2025-07-18 20:10:48 - INFO: pdbio_gr, <module>:    Calculating torsion energy ...
2025-07-18 20:10:48 - INFO: pdbio_gr, <module>:    Time needed: 0 seconds.
2025-07-18 20:10:48 - INFO: pdbio_gr, <module>:    Composing head3.lst ...
2025-07-18 20:10:48 - INFO: pdbio_gr, <module>:    Time needed: 0 seconds.
2025-07-18 20:10:48 - INFO: pdbio_gr, <module>:    Composing opp files ...
2025-07-18 20:10:48 - INFO: pdbio_gr, <module>:    Time needed: 0 seconds.
2025-07-18 20:10:48 - INFO: pdbio_gr, <module>:    Total time for step3 is 9 seconds.
2025-07-18 20:25:51 - INFO: pdbio_gr, <module>: Step 3. Energies calculation with PBE solver.
2025-07-18 20:25:51 - INFO: pdbio_gr, <module>: Calling new VDW....No Scaling Applied
2025-07-18 20:25:51 - INFO: pdbio_gr, <module>:    Process run time options & convert step2_out.pdb.
2025-07-18 20:25:51 - INFO: pdbio_gr, load_ftpl: Reading parameters from /home/granepura/MCCE4/param
2025-07-18 20:25:51 - INFO: pdbio_gr, load_ftpl: Updating vdw parameters from /data/home/granepura/MCCE4/param/00always_needed.tpl
2025-07-18 20:25:51 - INFO: pdbio_gr, load_ftpl: Loading TORSION parameters from /data/home/granepura/MCCE4/param/00always_needed.tpl
2025-07-18 20:25:51 - INFO: pdbio_gr, <module>:    Prepare input for PB solver.
2025-07-18 20:25:51 - INFO: pdbio_gr, <module>:    Time needed: 0 seconds.
2025-07-18 20:25:51 - INFO: pdbio_gr, <module>:    Time needed: 0 seconds.
2025-07-18 20:25:51 - INFO: pdbio_gr, <module>:    Set up parallel envrionment and run PB solver.
2025-07-18 20:25:51 - INFO: pdbio_gr, <module>:    Running PBE solver in 1 threads
2025-07-18 20:25:51 - INFO: pdbio_gr, pbe: ForkPoolWorker-1: Calling delphi to calculate conformer 0LI01A1000_001
2025-07-18 20:25:52 - INFO: pdbio_gr, pbe: ForkPoolWorker-1: Calling delphi to calculate conformer 0LI01A1000_002
2025-07-18 20:25:53 - INFO: pdbio_gr, pbe: ForkPoolWorker-1: Calling delphi to calculate conformer 0LI+1A1000_003
2025-07-18 20:25:54 - INFO: pdbio_gr, pbe: ForkPoolWorker-1: Calling delphi to calculate conformer 0LI+1A1000_004
2025-07-18 20:25:55 - INFO: pdbio_gr, pbe: ForkPoolWorker-1: Calling delphi to calculate conformer 0LI+2A1000_005
2025-07-18 20:25:56 - INFO: pdbio_gr, pbe: ForkPoolWorker-1: Calling delphi to calculate conformer 0LI+2A1000_006
2025-07-18 20:25:57 - INFO: pdbio_gr, pbe: ForkPoolWorker-1: Calling delphi to calculate conformer 0LI01A1004_001
2025-07-18 20:25:58 - INFO: pdbio_gr, pbe: ForkPoolWorker-1: Calling delphi to calculate conformer 0LI+1A1004_002
2025-07-18 20:25:59 - INFO: pdbio_gr, pbe: ForkPoolWorker-1: Calling delphi to calculate conformer 0LI+2A1004_003
2025-07-18 20:26:00 - INFO: pdbio_gr, <module>:    Time needed: 9 seconds.
2025-07-18 20:26:00 - INFO: pdbio_gr, <module>:    Post-processing of electrostatic potential.
2025-07-18 20:26:00 - INFO: pdbio_gr, <module>:    Processing ele pairwise interaction...
2025-07-18 20:26:00 - INFO: pdbio_gr, <module>:    Time needed: 0 seconds.
2025-07-18 20:26:00 - INFO: pdbio_gr, <module>:    Making atom connectivity ...
2025-07-18 20:26:00 - INFO: pdbio_gr, <module>:    Time needed: 0 seconds.
2025-07-18 20:26:00 - INFO: pdbio_gr, <module>:    Calculating vdw ...
2025-07-18 20:26:00 - INFO: pdbio_gr, <module>:    Time needed: 0 seconds.
2025-07-18 20:26:00 - INFO: pdbio_gr, <module>:    Calculating torsion energy ...
2025-07-18 20:26:00 - INFO: pdbio_gr, <module>:    Time needed: 0 seconds.
2025-07-18 20:26:00 - INFO: pdbio_gr, <module>:    Composing head3.lst ...
2025-07-18 20:26:00 - INFO: pdbio_gr, <module>:    Time needed: 0 seconds.
2025-07-18 20:26:00 - INFO: pdbio_gr, <module>:    Composing opp files ...
2025-07-18 20:26:00 - INFO: pdbio_gr, <module>:    Time needed: 0 seconds.
2025-07-18 20:26:00 - INFO: pdbio_gr, <module>:    Total time for step3 is 9 seconds.
2025-07-19 11:08:45 - INFO: pdbio_gr, <module>: Step 3. Energies calculation with PBE solver.
2025-07-19 11:08:45 - INFO: pdbio_gr, <module>: Calling new VDW....No Scaling Applied
2025-07-19 11:08:45 - INFO: pdbio_gr, <module>:    Process run time options & convert step2_out.pdb.
2025-07-19 11:08:45 - INFO: pdbio_gr, load_ftpl: Reading parameters from /home/granepura/MCCE4/param
2025-07-19 11:08:45 - INFO: pdbio_gr, load_ftpl: Updating vdw parameters from /data/home/granepura/MCCE4/param/00always_needed.tpl
2025-07-19 11:08:45 - INFO: pdbio_gr, load_ftpl: Loading TORSION parameters from /data/home/granepura/MCCE4/param/00always_needed.tpl
2025-07-19 11:08:45 - INFO: pdbio_gr, <module>:    Prepare input for PB solver.
2025-07-19 11:08:45 - INFO: pdbio_gr, <module>:    Time needed: 0 seconds.
2025-07-19 11:08:45 - INFO: pdbio_gr, <module>:    Time needed: 0 seconds.
2025-07-19 11:08:45 - INFO: pdbio_gr, <module>:    Set up parallel envrionment and run PB solver.
2025-07-19 11:08:45 - INFO: pdbio_gr, <module>:    Running PBE solver in 1 threads
2025-07-19 11:08:45 - INFO: pdbio_gr, pbe: ForkPoolWorker-1: Calling delphi to calculate conformer 0LI01A1000_001
2025-07-19 11:08:46 - INFO: pdbio_gr, pbe: ForkPoolWorker-1: Calling delphi to calculate conformer 0LI01A1000_002
2025-07-19 11:08:47 - INFO: pdbio_gr, pbe: ForkPoolWorker-1: Calling delphi to calculate conformer 0LI+1A1000_003
2025-07-19 11:08:48 - INFO: pdbio_gr, pbe: ForkPoolWorker-1: Calling delphi to calculate conformer 0LI+1A1000_004
2025-07-19 11:08:49 - INFO: pdbio_gr, pbe: ForkPoolWorker-1: Calling delphi to calculate conformer 0LI+2A1000_005
2025-07-19 11:08:50 - INFO: pdbio_gr, pbe: ForkPoolWorker-1: Calling delphi to calculate conformer 0LI+2A1000_006
2025-07-19 11:08:51 - INFO: pdbio_gr, pbe: ForkPoolWorker-1: Calling delphi to calculate conformer 0LI01A1004_001
2025-07-19 11:08:52 - INFO: pdbio_gr, pbe: ForkPoolWorker-1: Calling delphi to calculate conformer 0LI+1A1004_002
2025-07-19 11:08:53 - INFO: pdbio_gr, pbe: ForkPoolWorker-1: Calling delphi to calculate conformer 0LI+2A1004_003
2025-07-19 11:08:54 - INFO: pdbio_gr, <module>:    Time needed: 9 seconds.
2025-07-19 11:08:54 - INFO: pdbio_gr, <module>:    Post-processing of electrostatic potential.
2025-07-19 11:08:54 - INFO: pdbio_gr, <module>:    Processing ele pairwise interaction...
2025-07-19 11:08:54 - INFO: pdbio_gr, <module>:    Time needed: 0 seconds.
2025-07-19 11:08:54 - INFO: pdbio_gr, <module>:    Making atom connectivity ...
2025-07-19 11:08:54 - INFO: pdbio_gr, <module>:    Time needed: 0 seconds.
2025-07-19 11:08:54 - INFO: pdbio_gr, <module>:    Calculating vdw ...
2025-07-19 11:08:54 - INFO: pdbio_gr, <module>:    Time needed: 0 seconds.
2025-07-19 11:08:54 - INFO: pdbio_gr, <module>:    Calculating torsion energy ...
2025-07-19 11:08:54 - INFO: pdbio_gr, <module>:    Time needed: 0 seconds.
2025-07-19 11:08:54 - INFO: pdbio_gr, <module>:    Composing head3.lst ...
2025-07-19 11:08:54 - INFO: pdbio_gr, <module>:    Time needed: 0 seconds.
2025-07-19 11:08:54 - INFO: pdbio_gr, <module>:    Composing opp files ...
2025-07-19 11:08:54 - INFO: pdbio_gr, <module>:    Time needed: 0 seconds.
2025-07-19 11:08:54 - INFO: pdbio_gr, <module>:    Total time for step3 is 9 seconds.
2025-08-27 23:37:25 - INFO: pdbio_gr, <module>: Step 3. Energies calculation with PBE solver.
2025-08-27 23:37:25 - INFO: pdbio_gr, <module>: Calling new VDW....No Scaling Applied
2025-08-27 23:37:25 - INFO: pdbio_gr, <module>:    Process run time options & convert step2_out.pdb.
2025-08-27 23:37:25 - INFO: pdbio_gr, load_ftpl: Reading parameters from /home/granepura/MCCE4/param
2025-08-27 23:37:25 - INFO: pdbio_gr, load_ftpl: Updating vdw parameters from /data/home/granepura/MCCE4/param/00always_needed.tpl
2025-08-27 23:37:25 - INFO: pdbio_gr, load_ftpl: Loading TORSION parameters from /data/home/granepura/MCCE4/param/00always_needed.tpl
2025-08-27 23:37:25 - INFO: pdbio_gr, <module>:    Prepare input for PB solver.
2025-08-27 23:37:25 - INFO: pdbio_gr, <module>:    Time needed: 0 seconds.
2025-08-27 23:37:25 - INFO: pdbio_gr, <module>:    Time needed: 0 seconds.
2025-08-27 23:37:25 - INFO: pdbio_gr, <module>:    Set up parallel envrionment and run PB solver.
2025-08-27 23:37:25 - INFO: pdbio_gr, <module>:    Running PBE solver in 1 threads
2025-08-27 23:37:25 - INFO: pdbio_gr, pbe: ForkPoolWorker-1: Calling delphi to calculate conformer 0LI01A1000_001 in /tmp/pbe_data.data.home.granepura.5-kinases.cof_tpl_mg.run_cof2.3zos_0LI01A1000_001
2025-08-27 23:37:26 - INFO: pdbio_gr, pbe: ForkPoolWorker-1: Calling delphi to calculate conformer 0LI01A1000_002 in /tmp/pbe_data.data.home.granepura.5-kinases.cof_tpl_mg.run_cof2.3zos_0LI01A1000_002
2025-08-27 23:37:27 - INFO: pdbio_gr, pbe: ForkPoolWorker-1: Calling delphi to calculate conformer 0LI+1A1000_003 in /tmp/pbe_data.data.home.granepura.5-kinases.cof_tpl_mg.run_cof2.3zos_0LI+1A1000_003
2025-08-27 23:37:28 - INFO: pdbio_gr, pbe: ForkPoolWorker-1: Calling delphi to calculate conformer 0LI+1A1000_004 in /tmp/pbe_data.data.home.granepura.5-kinases.cof_tpl_mg.run_cof2.3zos_0LI+1A1000_004
2025-08-27 23:37:28 - INFO: pdbio_gr, pbe: ForkPoolWorker-1: Calling delphi to calculate conformer 0LI+2A1000_005 in /tmp/pbe_data.data.home.granepura.5-kinases.cof_tpl_mg.run_cof2.3zos_0LI+2A1000_005
2025-08-27 23:37:29 - INFO: pdbio_gr, pbe: ForkPoolWorker-1: Calling delphi to calculate conformer 0LI+2A1000_006 in /tmp/pbe_data.data.home.granepura.5-kinases.cof_tpl_mg.run_cof2.3zos_0LI+2A1000_006
2025-08-27 23:37:29 - INFO: pdbio_gr, pbe: ForkPoolWorker-1: Calling delphi to calculate conformer 0LI01A1004_001 in /tmp/pbe_data.data.home.granepura.5-kinases.cof_tpl_mg.run_cof2.3zos_0LI01A1004_001
2025-08-27 23:37:30 - INFO: pdbio_gr, pbe: ForkPoolWorker-1: Calling delphi to calculate conformer 0LI+1A1004_002 in /tmp/pbe_data.data.home.granepura.5-kinases.cof_tpl_mg.run_cof2.3zos_0LI+1A1004_002
2025-08-27 23:37:31 - INFO: pdbio_gr, pbe: ForkPoolWorker-1: Calling delphi to calculate conformer 0LI+2A1004_003 in /tmp/pbe_data.data.home.granepura.5-kinases.cof_tpl_mg.run_cof2.3zos_0LI+2A1004_003
2025-08-27 23:37:31 - INFO: pdbio_gr, <module>:    Time needed: 6 seconds.
2025-08-27 23:37:31 - INFO: pdbio_gr, <module>:    Post-processing of electrostatic potential.
2025-08-27 23:37:31 - INFO: pdbio_gr, <module>:    Processing ele pairwise interaction...
2025-08-27 23:37:31 - INFO: pdbio_gr, <module>:    Time needed: 0 seconds.
2025-08-27 23:37:31 - INFO: pdbio_gr, <module>:    Making atom connectivity ...
2025-08-27 23:37:31 - INFO: pdbio_gr, <module>:    Time needed: 0 seconds.
2025-08-27 23:37:31 - INFO: pdbio_gr, <module>:    Calculating vdw ...
2025-08-27 23:37:31 - INFO: pdbio_gr, <module>:    Time needed: 0 seconds.
2025-08-27 23:37:31 - INFO: pdbio_gr, <module>:    Calculating torsion energy ...
2025-08-27 23:37:31 - INFO: pdbio_gr, <module>:    Time needed: 0 seconds.
2025-08-27 23:37:31 - INFO: pdbio_gr, <module>:    Composing head3.lst ...
2025-08-27 23:37:31 - INFO: pdbio_gr, <module>:    Time needed: 0 seconds.
2025-08-27 23:37:31 - INFO: pdbio_gr, <module>:    Composing opp files ...
2025-08-27 23:37:31 - INFO: pdbio_gr, <module>:    Time needed: 0 seconds.
2025-08-27 23:37:31 - INFO: pdbio_gr, <module>:    Total time for step3 is 6 seconds.
2025-08-29 00:55:00 - INFO: pdbio_gr, <module>: Step 3. Energies calculation with PBE solver.
2025-08-29 00:55:00 - INFO: pdbio_gr, <module>: Calling new VDW....No Scaling Applied
2025-08-29 00:55:00 - INFO: pdbio_gr, <module>:    Process run time options & convert step2_out.pdb.
2025-08-29 00:55:00 - INFO: pdbio_gr, load_ftpl: Reading parameters from /home/granepura/MCCE4/param
2025-08-29 00:55:00 - INFO: pdbio_gr, load_ftpl: Updating vdw parameters from /data/home/granepura/MCCE4/param/00always_needed.tpl
2025-08-29 00:55:00 - INFO: pdbio_gr, load_ftpl: Loading TORSION parameters from /data/home/granepura/MCCE4/param/00always_needed.tpl
2025-08-29 00:55:00 - INFO: pdbio_gr, <module>:    Prepare input for PB solver.
2025-08-29 00:55:00 - INFO: pdbio_gr, <module>:    Time needed: 0 seconds.
2025-08-29 00:55:00 - INFO: pdbio_gr, <module>:    Time needed: 0 seconds.
2025-08-29 00:55:00 - INFO: pdbio_gr, <module>:    Set up parallel envrionment and run PB solver.
2025-08-29 00:55:00 - INFO: pdbio_gr, <module>:    Running PBE solver in 1 threads
2025-08-29 00:55:00 - INFO: pdbio_gr, pbe: ForkPoolWorker-1: Calling delphi to calculate conformer 0LI01A1000_001 in /tmp/pbe_data.data.home.granepura.5-kinases.cof_tpl_mg.run_cof2.3zos_0LI01A1000_001
2025-08-29 00:55:02 - INFO: pdbio_gr, pbe: ForkPoolWorker-1: Calling delphi to calculate conformer 0LI01A1000_002 in /tmp/pbe_data.data.home.granepura.5-kinases.cof_tpl_mg.run_cof2.3zos_0LI01A1000_002
2025-08-29 00:55:03 - INFO: pdbio_gr, pbe: ForkPoolWorker-1: Calling delphi to calculate conformer 0LI+1A1000_003 in /tmp/pbe_data.data.home.granepura.5-kinases.cof_tpl_mg.run_cof2.3zos_0LI+1A1000_003
2025-08-29 00:55:05 - INFO: pdbio_gr, pbe: ForkPoolWorker-1: Calling delphi to calculate conformer 0LI+1A1000_004 in /tmp/pbe_data.data.home.granepura.5-kinases.cof_tpl_mg.run_cof2.3zos_0LI+1A1000_004
2025-08-29 00:55:06 - INFO: pdbio_gr, pbe: ForkPoolWorker-1: Calling delphi to calculate conformer 0LI+2A1000_005 in /tmp/pbe_data.data.home.granepura.5-kinases.cof_tpl_mg.run_cof2.3zos_0LI+2A1000_005
2025-08-29 00:55:08 - INFO: pdbio_gr, pbe: ForkPoolWorker-1: Calling delphi to calculate conformer 0LI+2A1000_006 in /tmp/pbe_data.data.home.granepura.5-kinases.cof_tpl_mg.run_cof2.3zos_0LI+2A1000_006
2025-08-29 00:55:09 - INFO: pdbio_gr, pbe: ForkPoolWorker-1: Calling delphi to calculate conformer 0LI01A1004_001 in /tmp/pbe_data.data.home.granepura.5-kinases.cof_tpl_mg.run_cof2.3zos_0LI01A1004_001
2025-08-29 00:55:10 - INFO: pdbio_gr, pbe: ForkPoolWorker-1: Calling delphi to calculate conformer 0LI+1A1004_002 in /tmp/pbe_data.data.home.granepura.5-kinases.cof_tpl_mg.run_cof2.3zos_0LI+1A1004_002
2025-08-29 00:55:12 - INFO: pdbio_gr, pbe: ForkPoolWorker-1: Calling delphi to calculate conformer 0LI+2A1004_003 in /tmp/pbe_data.data.home.granepura.5-kinases.cof_tpl_mg.run_cof2.3zos_0LI+2A1004_003
2025-08-29 00:55:13 - INFO: pdbio_gr, <module>:    Time needed: 13 seconds.
2025-08-29 00:55:13 - INFO: pdbio_gr, <module>:    Post-processing of electrostatic potential.
2025-08-29 00:55:13 - INFO: pdbio_gr, <module>:    Processing ele pairwise interaction...
2025-08-29 00:55:13 - INFO: pdbio_gr, <module>:    Time needed: 0 seconds.
2025-08-29 00:55:13 - INFO: pdbio_gr, <module>:    Making atom connectivity ...
2025-08-29 00:55:13 - INFO: pdbio_gr, <module>:    Time needed: 0 seconds.
2025-08-29 00:55:13 - INFO: pdbio_gr, <module>:    Calculating vdw ...
2025-08-29 00:55:13 - INFO: pdbio_gr, <module>:    Time needed: 0 seconds.
2025-08-29 00:55:13 - INFO: pdbio_gr, <module>:    Calculating torsion energy ...
2025-08-29 00:55:13 - INFO: pdbio_gr, <module>:    Time needed: 0 seconds.
2025-08-29 00:55:13 - INFO: pdbio_gr, <module>:    Composing head3.lst ...
2025-08-29 00:55:13 - INFO: pdbio_gr, <module>:    Time needed: 0 seconds.
2025-08-29 00:55:13 - INFO: pdbio_gr, <module>:    Composing opp files ...
2025-08-29 00:55:13 - INFO: pdbio_gr, <module>:    Time needed: 0 seconds.
2025-08-29 00:55:13 - INFO: pdbio_gr, <module>:    Total time for step3 is 13 seconds.
2025-10-15 23:22:22 - INFO: step3.py, <module>: Step 3. Energies calculation with PBE solver.
2025-10-15 23:22:22 - INFO: step3.py, <module>: Calling new VDW....No Scaling Applied
2025-10-15 23:22:22 - INFO: step3.py, <module>:    Process run time options & convert step2_out.pdb.
2025-10-15 23:22:23 - INFO: step3.py, <module>:    Prepare input for PB solver.
2025-10-15 23:22:23 - INFO: step3.py, <module>:    Time needed: 0 seconds.
2025-10-15 23:22:23 - INFO: step3.py, <module>:    Set up parallel envrionment and run PB solver.
2025-10-15 23:22:23 - INFO: step3.py, <module>:    Running PBE solver in 1 threads
2025-10-15 23:22:23 - INFO: step3.py, pbe: ForkPoolWorker-1: Calling delphi to calculate conformer 0LI01A1000_001 in /tmp/pbe_data.data.home.granepura.5-kinases.cof_tpl_mg.run_cof2.3ZOS_0LI01A1000_001
2025-10-15 23:22:24 - INFO: step3.py, pbe: ForkPoolWorker-1: Calling delphi to calculate conformer 0LI01A1000_002 in /tmp/pbe_data.data.home.granepura.5-kinases.cof_tpl_mg.run_cof2.3ZOS_0LI01A1000_002
2025-10-15 23:22:26 - INFO: step3.py, pbe: ForkPoolWorker-1: Calling delphi to calculate conformer 0LI+1A1000_003 in /tmp/pbe_data.data.home.granepura.5-kinases.cof_tpl_mg.run_cof2.3ZOS_0LI+1A1000_003
2025-10-15 23:22:27 - INFO: step3.py, pbe: ForkPoolWorker-1: Calling delphi to calculate conformer 0LI+1A1000_004 in /tmp/pbe_data.data.home.granepura.5-kinases.cof_tpl_mg.run_cof2.3ZOS_0LI+1A1000_004
2025-10-15 23:22:29 - INFO: step3.py, pbe: ForkPoolWorker-1: Calling delphi to calculate conformer 0LI+2A1000_005 in /tmp/pbe_data.data.home.granepura.5-kinases.cof_tpl_mg.run_cof2.3ZOS_0LI+2A1000_005
2025-10-15 23:22:30 - INFO: step3.py, pbe: ForkPoolWorker-1: Calling delphi to calculate conformer 0LI+2A1000_006 in /tmp/pbe_data.data.home.granepura.5-kinases.cof_tpl_mg.run_cof2.3ZOS_0LI+2A1000_006
2025-10-15 23:22:31 - INFO: step3.py, pbe: ForkPoolWorker-1: Calling delphi to calculate conformer 0LI01A1004_001 in /tmp/pbe_data.data.home.granepura.5-kinases.cof_tpl_mg.run_cof2.3ZOS_0LI01A1004_001
2025-10-15 23:22:33 - INFO: step3.py, pbe: ForkPoolWorker-1: Calling delphi to calculate conformer 0LI+1A1004_002 in /tmp/pbe_data.data.home.granepura.5-kinases.cof_tpl_mg.run_cof2.3ZOS_0LI+1A1004_002
2025-10-15 23:22:34 - INFO: step3.py, pbe: ForkPoolWorker-1: Calling delphi to calculate conformer 0LI+2A1004_003 in /tmp/pbe_data.data.home.granepura.5-kinases.cof_tpl_mg.run_cof2.3ZOS_0LI+2A1004_003
2025-10-15 23:22:36 - INFO: step3.py, <module>:    Time needed: 13 seconds.
2025-10-15 23:22:36 - INFO: step3.py, <module>:    Post-processing of electrostatic potential.
2025-10-15 23:22:36 - INFO: step3.py, <module>:    Processing ele pairwise interaction...
2025-10-15 23:22:36 - INFO: step3.py, <module>:    Time needed: 0 seconds.
2025-10-15 23:22:36 - INFO: step3.py, <module>:    Making atom connectivity ...
2025-10-15 23:22:36 - INFO: step3.py, <module>:    Time needed: 0 seconds.
2025-10-15 23:22:36 - INFO: step3.py, <module>:    Calculating vdw ...
2025-10-15 23:22:36 - INFO: step3.py, <module>:    Time needed: 0 seconds.
2025-10-15 23:22:36 - INFO: step3.py, <module>:    Calculating torsion energy ...
2025-10-15 23:22:36 - INFO: step3.py, <module>:    Time needed: 0 seconds.
2025-10-15 23:22:36 - INFO: step3.py, <module>:    Composing head3.lst ...
2025-10-15 23:22:36 - INFO: step3.py, <module>:    Time needed: 0 seconds.
2025-10-15 23:22:36 - INFO: step3.py, <module>:    Composing opp files ...
2025-10-15 23:22:36 - INFO: step3.py, <module>:    Time needed: 0 seconds.
2025-10-15 23:22:36 - INFO: step3.py, <module>:    Total time for step3 is 13 seconds.
2025-10-15 23:27:05 - INFO: step3.py, <module>: Step 3. Energies calculation with PBE solver.
2025-10-15 23:27:05 - INFO: step3.py, <module>: Calling new VDW....No Scaling Applied
2025-10-15 23:27:05 - INFO: step3.py, <module>:    Process run time options & convert step2_out.pdb.
2025-10-15 23:27:05 - INFO: step3.py, <module>:    Prepare input for PB solver.
2025-10-15 23:27:05 - INFO: step3.py, <module>:    Time needed: 0 seconds.
2025-10-15 23:27:05 - INFO: step3.py, <module>:    Set up parallel envrionment and run PB solver.
2025-10-15 23:27:05 - INFO: step3.py, <module>:    Running PBE solver in 1 threads
2025-10-15 23:27:05 - INFO: step3.py, pbe: ForkPoolWorker-1: Calling delphi to calculate conformer 0LI01A1000_001 in /tmp/pbe_data.data.home.granepura.5-kinases.cof_tpl_mg.run_cof2.3ZOS_0LI01A1000_001
2025-10-15 23:27:07 - INFO: step3.py, pbe: ForkPoolWorker-1: Calling delphi to calculate conformer 0LI01A1000_002 in /tmp/pbe_data.data.home.granepura.5-kinases.cof_tpl_mg.run_cof2.3ZOS_0LI01A1000_002
2025-10-15 23:27:08 - INFO: step3.py, pbe: ForkPoolWorker-1: Calling delphi to calculate conformer 0LI+1A1000_003 in /tmp/pbe_data.data.home.granepura.5-kinases.cof_tpl_mg.run_cof2.3ZOS_0LI+1A1000_003
2025-10-15 23:27:10 - INFO: step3.py, pbe: ForkPoolWorker-1: Calling delphi to calculate conformer 0LI+1A1000_004 in /tmp/pbe_data.data.home.granepura.5-kinases.cof_tpl_mg.run_cof2.3ZOS_0LI+1A1000_004
2025-10-15 23:27:11 - INFO: step3.py, pbe: ForkPoolWorker-1: Calling delphi to calculate conformer 0LI+2A1000_005 in /tmp/pbe_data.data.home.granepura.5-kinases.cof_tpl_mg.run_cof2.3ZOS_0LI+2A1000_005
2025-10-15 23:27:12 - INFO: step3.py, pbe: ForkPoolWorker-1: Calling delphi to calculate conformer 0LI+2A1000_006 in /tmp/pbe_data.data.home.granepura.5-kinases.cof_tpl_mg.run_cof2.3ZOS_0LI+2A1000_006
2025-10-15 23:27:14 - INFO: step3.py, pbe: ForkPoolWorker-1: Calling delphi to calculate conformer 0LI01A1004_001 in /tmp/pbe_data.data.home.granepura.5-kinases.cof_tpl_mg.run_cof2.3ZOS_0LI01A1004_001
2025-10-15 23:27:15 - INFO: step3.py, pbe: ForkPoolWorker-1: Calling delphi to calculate conformer 0LI+1A1004_002 in /tmp/pbe_data.data.home.granepura.5-kinases.cof_tpl_mg.run_cof2.3ZOS_0LI+1A1004_002
2025-10-15 23:27:17 - INFO: step3.py, pbe: ForkPoolWorker-1: Calling delphi to calculate conformer 0LI+2A1004_003 in /tmp/pbe_data.data.home.granepura.5-kinases.cof_tpl_mg.run_cof2.3ZOS_0LI+2A1004_003
2025-10-15 23:27:18 - INFO: step3.py, <module>:    Time needed: 13 seconds.
2025-10-15 23:27:18 - INFO: step3.py, <module>:    Post-processing of electrostatic potential.
2025-10-15 23:27:18 - INFO: step3.py, <module>:    Processing ele pairwise interaction...
2025-10-15 23:27:18 - INFO: step3.py, <module>:    Time needed: 0 seconds.
2025-10-15 23:27:18 - INFO: step3.py, <module>:    Making atom connectivity ...
2025-10-15 23:27:18 - INFO: step3.py, <module>:    Time needed: 0 seconds.
2025-10-15 23:27:18 - INFO: step3.py, <module>:    Calculating vdw ...
2025-10-15 23:27:18 - INFO: step3.py, <module>:    Time needed: 0 seconds.
2025-10-15 23:27:18 - INFO: step3.py, <module>:    Calculating torsion energy ...
2025-10-15 23:27:18 - INFO: step3.py, <module>:    Time needed: 0 seconds.
2025-10-15 23:27:18 - INFO: step3.py, <module>:    Composing head3.lst ...
2025-10-15 23:27:18 - INFO: step3.py, <module>:    Time needed: 0 seconds.
2025-10-15 23:27:18 - INFO: step3.py, <module>:    Composing opp files ...
2025-10-15 23:27:18 - INFO: step3.py, <module>:    Time needed: 0 seconds.
2025-10-15 23:27:18 - INFO: step3.py, <module>:    Total time for step3 is 13 seconds.
2025-10-15 23:29:26 - INFO: step3.py, <module>: Step 3. Energies calculation with PBE solver.
2025-10-15 23:29:26 - INFO: step3.py, <module>: Calling new VDW....No Scaling Applied
2025-10-15 23:29:26 - INFO: step3.py, <module>:    Process run time options & convert step2_out.pdb.
2025-10-15 23:29:26 - INFO: step3.py, <module>:    Prepare input for PB solver.
2025-10-15 23:29:26 - INFO: step3.py, <module>:    Time needed: 0 seconds.
2025-10-15 23:29:26 - INFO: step3.py, <module>:    Set up parallel envrionment and run PB solver.
2025-10-15 23:29:26 - INFO: step3.py, <module>:    Running PBE solver in 1 threads
2025-10-15 23:29:26 - INFO: step3.py, pbe: ForkPoolWorker-1: Calling delphi to calculate conformer 0LI01A1000_001 in /tmp/pbe_data.data.home.granepura.5-kinases.cof_tpl_mg.run_cof2.3ZOS_0LI01A1000_001
2025-10-15 23:29:28 - INFO: step3.py, pbe: ForkPoolWorker-1: Calling delphi to calculate conformer 0LI01A1000_002 in /tmp/pbe_data.data.home.granepura.5-kinases.cof_tpl_mg.run_cof2.3ZOS_0LI01A1000_002
2025-10-15 23:29:29 - INFO: step3.py, pbe: ForkPoolWorker-1: Calling delphi to calculate conformer 0LI+1A1000_003 in /tmp/pbe_data.data.home.granepura.5-kinases.cof_tpl_mg.run_cof2.3ZOS_0LI+1A1000_003
2025-10-15 23:29:31 - INFO: step3.py, pbe: ForkPoolWorker-1: Calling delphi to calculate conformer 0LI+1A1000_004 in /tmp/pbe_data.data.home.granepura.5-kinases.cof_tpl_mg.run_cof2.3ZOS_0LI+1A1000_004
2025-10-15 23:29:32 - INFO: step3.py, pbe: ForkPoolWorker-1: Calling delphi to calculate conformer 0LI+2A1000_005 in /tmp/pbe_data.data.home.granepura.5-kinases.cof_tpl_mg.run_cof2.3ZOS_0LI+2A1000_005
2025-10-15 23:29:33 - INFO: step3.py, pbe: ForkPoolWorker-1: Calling delphi to calculate conformer 0LI+2A1000_006 in /tmp/pbe_data.data.home.granepura.5-kinases.cof_tpl_mg.run_cof2.3ZOS_0LI+2A1000_006
2025-10-15 23:29:35 - INFO: step3.py, pbe: ForkPoolWorker-1: Calling delphi to calculate conformer 0LI01A1004_001 in /tmp/pbe_data.data.home.granepura.5-kinases.cof_tpl_mg.run_cof2.3ZOS_0LI01A1004_001
2025-10-15 23:29:36 - INFO: step3.py, pbe: ForkPoolWorker-1: Calling delphi to calculate conformer 0LI+1A1004_002 in /tmp/pbe_data.data.home.granepura.5-kinases.cof_tpl_mg.run_cof2.3ZOS_0LI+1A1004_002
2025-10-15 23:29:38 - INFO: step3.py, pbe: ForkPoolWorker-1: Calling delphi to calculate conformer 0LI+2A1004_003 in /tmp/pbe_data.data.home.granepura.5-kinases.cof_tpl_mg.run_cof2.3ZOS_0LI+2A1004_003
2025-10-15 23:29:39 - INFO: step3.py, <module>:    Time needed: 12 seconds.
2025-10-15 23:29:39 - INFO: step3.py, <module>:    Post-processing of electrostatic potential.
2025-10-15 23:29:39 - INFO: step3.py, <module>:    Processing ele pairwise interaction...
2025-10-15 23:29:39 - INFO: step3.py, <module>:    Time needed: 0 seconds.
2025-10-15 23:29:39 - INFO: step3.py, <module>:    Making atom connectivity ...
2025-10-15 23:29:39 - INFO: step3.py, <module>:    Time needed: 0 seconds.
2025-10-15 23:29:39 - INFO: step3.py, <module>:    Calculating vdw ...
2025-10-15 23:29:39 - INFO: step3.py, <module>:    Time needed: 0 seconds.
2025-10-15 23:29:39 - INFO: step3.py, <module>:    Calculating torsion energy ...
2025-10-15 23:29:39 - INFO: step3.py, <module>:    Time needed: 0 seconds.
2025-10-15 23:29:39 - INFO: step3.py, <module>:    Composing head3.lst ...
2025-10-15 23:29:39 - INFO: step3.py, <module>:    Time needed: 0 seconds.
2025-10-15 23:29:39 - INFO: step3.py, <module>:    Composing opp files ...
2025-10-15 23:29:39 - INFO: step3.py, <module>:    Time needed: 0 seconds.
2025-10-15 23:29:39 - INFO: step3.py, <module>:    Total time for step3 is 13 seconds.
2025-10-16 16:28:08 - INFO: step3.py, <module>: Step 3. Energies calculation with PBE solver.
2025-10-16 16:28:08 - INFO: step3.py, <module>: Calling new VDW....No Scaling Applied
2025-10-16 16:28:08 - INFO: step3.py, <module>:    Process run time options & convert step2_out.pdb.
2025-10-16 16:28:08 - INFO: step3.py, <module>:    Prepare input for PB solver.
2025-10-16 16:28:08 - INFO: step3.py, <module>:    Time needed: 0 seconds.
2025-10-16 16:28:08 - INFO: step3.py, <module>:    Set up parallel envrionment and run PB solver.
2025-10-16 16:28:08 - INFO: step3.py, <module>:    Running PBE solver in 1 threads
2025-10-16 16:28:08 - INFO: step3.py, pbe: ForkPoolWorker-1: Calling delphi to calculate conformer 0LI01A1000_001 in /tmp/pbe_data.data.home.granepura.5-kinases.cof_tpl_mg.run_cof2.3ZOS_0LI01A1000_001
2025-10-16 16:28:09 - INFO: step3.py, pbe: ForkPoolWorker-1: Calling delphi to calculate conformer 0LI01A1000_002 in /tmp/pbe_data.data.home.granepura.5-kinases.cof_tpl_mg.run_cof2.3ZOS_0LI01A1000_002
2025-10-16 16:28:11 - INFO: step3.py, pbe: ForkPoolWorker-1: Calling delphi to calculate conformer 0LI+1A1000_003 in /tmp/pbe_data.data.home.granepura.5-kinases.cof_tpl_mg.run_cof2.3ZOS_0LI+1A1000_003
2025-10-16 16:28:13 - INFO: step3.py, pbe: ForkPoolWorker-1: Calling delphi to calculate conformer 0LI+1A1000_004 in /tmp/pbe_data.data.home.granepura.5-kinases.cof_tpl_mg.run_cof2.3ZOS_0LI+1A1000_004
2025-10-16 16:28:14 - INFO: step3.py, pbe: ForkPoolWorker-1: Calling delphi to calculate conformer 0LI+2A1000_005 in /tmp/pbe_data.data.home.granepura.5-kinases.cof_tpl_mg.run_cof2.3ZOS_0LI+2A1000_005
2025-10-16 16:28:16 - INFO: step3.py, pbe: ForkPoolWorker-1: Calling delphi to calculate conformer 0LI+2A1000_006 in /tmp/pbe_data.data.home.granepura.5-kinases.cof_tpl_mg.run_cof2.3ZOS_0LI+2A1000_006
2025-10-16 16:28:17 - INFO: step3.py, pbe: ForkPoolWorker-1: Calling delphi to calculate conformer 0LI01A1004_001 in /tmp/pbe_data.data.home.granepura.5-kinases.cof_tpl_mg.run_cof2.3ZOS_0LI01A1004_001
2025-10-16 16:28:18 - INFO: step3.py, pbe: ForkPoolWorker-1: Calling delphi to calculate conformer 0LI+1A1004_002 in /tmp/pbe_data.data.home.granepura.5-kinases.cof_tpl_mg.run_cof2.3ZOS_0LI+1A1004_002
2025-10-16 16:28:20 - INFO: step3.py, pbe: ForkPoolWorker-1: Calling delphi to calculate conformer 0LI+2A1004_003 in /tmp/pbe_data.data.home.granepura.5-kinases.cof_tpl_mg.run_cof2.3ZOS_0LI+2A1004_003
2025-10-16 16:28:21 - INFO: step3.py, <module>:    Time needed: 13 seconds.
2025-10-16 16:28:21 - INFO: step3.py, <module>:    Post-processing of electrostatic potential.
2025-10-16 16:28:21 - INFO: step3.py, <module>:    Processing ele pairwise interaction...
2025-10-16 16:28:21 - INFO: step3.py, <module>:    Time needed: 0 seconds.
2025-10-16 16:28:21 - INFO: step3.py, <module>:    Making atom connectivity ...
2025-10-16 16:28:21 - INFO: step3.py, <module>:    Time needed: 0 seconds.
2025-10-16 16:28:21 - INFO: step3.py, <module>:    Calculating vdw ...
2025-10-16 16:28:21 - INFO: step3.py, <module>:    Time needed: 0 seconds.
2025-10-16 16:28:21 - INFO: step3.py, <module>:    Calculating torsion energy ...
2025-10-16 16:28:21 - INFO: step3.py, <module>:    Time needed: 0 seconds.
2025-10-16 16:28:21 - INFO: step3.py, <module>:    Composing head3.lst ...
2025-10-16 16:28:21 - INFO: step3.py, <module>:    Time needed: 0 seconds.
2025-10-16 16:28:21 - INFO: step3.py, <module>:    Composing opp files ...
2025-10-16 16:28:21 - INFO: step3.py, <module>:    Time needed: 0 seconds.
2025-10-16 16:28:21 - INFO: step3.py, <module>:    Total time for step3 is 13 seconds.
2025-10-16 17:12:47 - INFO: step3.py, <module>: Step 3. Energies calculation with PBE solver.
2025-10-16 17:12:47 - INFO: step3.py, <module>: Calling new VDW....No Scaling Applied
2025-10-16 17:12:47 - INFO: step3.py, <module>:    Process run time options & convert step2_out.pdb.
2025-10-16 17:12:47 - INFO: step3.py, <module>:    Prepare input for PB solver.
2025-10-16 17:12:47 - INFO: step3.py, <module>:    Time needed: 0 seconds.
2025-10-16 17:12:47 - INFO: step3.py, <module>:    Set up parallel envrionment and run PB solver.
2025-10-16 17:12:47 - INFO: step3.py, <module>:    Running PBE solver in 1 threads
2025-10-16 17:12:47 - INFO: step3.py, pbe: ForkPoolWorker-1: Calling delphi to calculate conformer 0LI01A1000_001 in /tmp/pbe_data.data.home.granepura.5-kinases.cof_tpl_mg.run_cof2.3ZOS_0LI01A1000_001
2025-10-16 17:12:49 - INFO: step3.py, pbe: ForkPoolWorker-1: Calling delphi to calculate conformer 0LI01A1000_002 in /tmp/pbe_data.data.home.granepura.5-kinases.cof_tpl_mg.run_cof2.3ZOS_0LI01A1000_002
2025-10-16 17:12:51 - INFO: step3.py, pbe: ForkPoolWorker-1: Calling delphi to calculate conformer 0LI+1A1000_003 in /tmp/pbe_data.data.home.granepura.5-kinases.cof_tpl_mg.run_cof2.3ZOS_0LI+1A1000_003
2025-10-16 17:12:53 - INFO: step3.py, pbe: ForkPoolWorker-1: Calling delphi to calculate conformer 0LI+1A1000_004 in /tmp/pbe_data.data.home.granepura.5-kinases.cof_tpl_mg.run_cof2.3ZOS_0LI+1A1000_004
2025-10-16 17:12:55 - INFO: step3.py, pbe: ForkPoolWorker-1: Calling delphi to calculate conformer 0LI+2A1000_005 in /tmp/pbe_data.data.home.granepura.5-kinases.cof_tpl_mg.run_cof2.3ZOS_0LI+2A1000_005
2025-10-16 17:12:56 - INFO: step3.py, pbe: ForkPoolWorker-1: Calling delphi to calculate conformer 0LI+2A1000_006 in /tmp/pbe_data.data.home.granepura.5-kinases.cof_tpl_mg.run_cof2.3ZOS_0LI+2A1000_006
2025-10-16 17:12:58 - INFO: step3.py, pbe: ForkPoolWorker-1: Calling delphi to calculate conformer 0LI01A1004_001 in /tmp/pbe_data.data.home.granepura.5-kinases.cof_tpl_mg.run_cof2.3ZOS_0LI01A1004_001
2025-10-16 17:13:01 - INFO: step3.py, pbe: ForkPoolWorker-1: Calling delphi to calculate conformer 0LI+1A1004_002 in /tmp/pbe_data.data.home.granepura.5-kinases.cof_tpl_mg.run_cof2.3ZOS_0LI+1A1004_002
2025-10-16 17:13:03 - INFO: step3.py, pbe: ForkPoolWorker-1: Calling delphi to calculate conformer 0LI+2A1004_003 in /tmp/pbe_data.data.home.granepura.5-kinases.cof_tpl_mg.run_cof2.3ZOS_0LI+2A1004_003
2025-10-16 17:13:05 - INFO: step3.py, <module>:    Time needed: 17 seconds.
2025-10-16 17:13:05 - INFO: step3.py, <module>:    Post-processing of electrostatic potential.
2025-10-16 17:13:05 - INFO: step3.py, <module>:    Processing ele pairwise interaction...
2025-10-16 17:13:05 - INFO: step3.py, <module>:    Time needed: 0 seconds.
2025-10-16 17:13:05 - INFO: step3.py, <module>:    Making atom connectivity ...
2025-10-16 17:13:05 - INFO: step3.py, <module>:    Time needed: 0 seconds.
2025-10-16 17:13:05 - INFO: step3.py, <module>:    Calculating vdw ...
2025-10-16 17:13:05 - INFO: step3.py, <module>:    Time needed: 0 seconds.
2025-10-16 17:13:05 - INFO: step3.py, <module>:    Calculating torsion energy ...
2025-10-16 17:13:05 - INFO: step3.py, <module>:    Time needed: 0 seconds.
2025-10-16 17:13:05 - INFO: step3.py, <module>:    Composing head3.lst ...
2025-10-16 17:13:05 - INFO: step3.py, <module>:    Time needed: 0 seconds.
2025-10-16 17:13:05 - INFO: step3.py, <module>:    Composing opp files ...
2025-10-16 17:13:05 - INFO: step3.py, <module>:    Time needed: 0 seconds.
2025-10-16 17:13:05 - INFO: step3.py, <module>:    Total time for step3 is 18 seconds.
2026-03-30 03:40:31 - INFO: step3.py, <module>: Step 3. Energies calculation with PBE solver.
2026-03-30 03:40:31 - INFO: step3.py, <module>: Calling new VDW....No Scaling Applied
2026-03-30 03:40:31 - INFO: step3.py, <module>:    Process run time options & convert step2_out.pdb.
2026-03-30 03:40:31 - INFO: step3.py, <module>:    Prepare input for PB solver.
2026-03-30 03:40:31 - INFO: step3.py, <module>:    Time needed: 0 seconds.
2026-03-30 03:40:31 - INFO: step3.py, <module>:    Set up parallel envrionment and run PB solver.
2026-03-30 03:40:31 - INFO: step3.py, <module>:    Running PBE solver in 1 threads
2026-03-30 03:40:31 - INFO: step3.py, pbe: ForkPoolWorker-1: Calling delphi to calculate conformer (1/9) 0LI01A1000_001 in /tmp/pbe_data.data.home.schowdhury.Project_kinases.cof_tpl_mg.run_cof2.3ZOS_0LI01A1000_001
2026-03-30 03:40:35 - INFO: step3.py, pbe: ForkPoolWorker-1: Calling delphi to calculate conformer (2/9) 0LI01A1000_002 in /tmp/pbe_data.data.home.schowdhury.Project_kinases.cof_tpl_mg.run_cof2.3ZOS_0LI01A1000_002
2026-03-30 03:40:38 - INFO: step3.py, pbe: ForkPoolWorker-1: Calling delphi to calculate conformer (3/9) 0LI+1A1000_003 in /tmp/pbe_data.data.home.schowdhury.Project_kinases.cof_tpl_mg.run_cof2.3ZOS_0LI+1A1000_003
2026-03-30 03:40:41 - INFO: step3.py, pbe: ForkPoolWorker-1: Calling delphi to calculate conformer (4/9) 0LI+1A1000_004 in /tmp/pbe_data.data.home.schowdhury.Project_kinases.cof_tpl_mg.run_cof2.3ZOS_0LI+1A1000_004
2026-03-30 03:40:45 - INFO: step3.py, pbe: ForkPoolWorker-1: Calling delphi to calculate conformer (5/9) 0LI+2A1000_005 in /tmp/pbe_data.data.home.schowdhury.Project_kinases.cof_tpl_mg.run_cof2.3ZOS_0LI+2A1000_005
2026-03-30 03:40:48 - INFO: step3.py, pbe: ForkPoolWorker-1: Calling delphi to calculate conformer (6/9) 0LI+2A1000_006 in /tmp/pbe_data.data.home.schowdhury.Project_kinases.cof_tpl_mg.run_cof2.3ZOS_0LI+2A1000_006
2026-03-30 03:40:52 - INFO: step3.py, pbe: ForkPoolWorker-1: Calling delphi to calculate conformer (7/9) 0LI01A1004_001 in /tmp/pbe_data.data.home.schowdhury.Project_kinases.cof_tpl_mg.run_cof2.3ZOS_0LI01A1004_001
2026-03-30 03:40:55 - INFO: step3.py, pbe: ForkPoolWorker-1: Calling delphi to calculate conformer (8/9) 0LI+1A1004_002 in /tmp/pbe_data.data.home.schowdhury.Project_kinases.cof_tpl_mg.run_cof2.3ZOS_0LI+1A1004_002
2026-03-30 03:40:58 - INFO: step3.py, pbe: ForkPoolWorker-1: Calling delphi to calculate conformer (9/9) 0LI+2A1004_003 in /tmp/pbe_data.data.home.schowdhury.Project_kinases.cof_tpl_mg.run_cof2.3ZOS_0LI+2A1004_003
2026-03-30 03:41:02 - INFO: step3.py, <module>:    Time needed: 30 seconds.
2026-03-30 03:41:02 - INFO: step3.py, <module>:    Post-processing of electrostatic potential.
2026-03-30 03:41:02 - INFO: step3.py, <module>:    Processing ele pairwise interaction...
2026-03-30 03:41:02 - INFO: step3.py, <module>:    Time needed: 0 seconds.
2026-03-30 03:41:02 - INFO: step3.py, <module>:    Making atom connectivity ...
2026-03-30 03:41:02 - INFO: step3.py, <module>:    Time needed: 0 seconds.
2026-03-30 03:41:02 - INFO: step3.py, <module>:    Calculating vdw ...
2026-03-30 03:41:02 - INFO: step3.py, <module>:    Time needed: 0 seconds.
2026-03-30 03:41:02 - INFO: step3.py, <module>:    Calculating torsion energy ...
2026-03-30 03:41:02 - INFO: step3.py, <module>:    Time needed: 0 seconds.
2026-03-30 03:41:02 - INFO: step3.py, <module>:    Composing head3.lst ...
2026-03-30 03:41:02 - INFO: step3.py, <module>:    Time needed: 0 seconds.
2026-03-30 03:41:02 - INFO: step3.py, <module>:    Composing opp files ...
2026-03-30 03:41:02 - INFO: step3.py, <module>:    Time needed: 0 seconds.
2026-03-30 03:41:02 - INFO: step3.py, <module>:    Total time for step3 is 30 seconds.
