  pH             pKa/Em  n(slope) 1000*chi2
ASP-A0233_        <7.4                     
LYS+A0234_        >7.4                     
GLU-A0236_        <7.4                     
GLU-A0238_        <7.4                     
ARG+A0239_        >7.4                     
ASP-A0241_        <7.4                     
LYS+A0245_        >7.4                     
HIS+A0246_        >7.4                     
LYS+A0247_        >7.4                     
TYR-A0253_        >7.4                     
GLU-A0255_        <7.4                     
TYR-A0257_        >7.4                     
GLU-A0258_        <7.4                     
LYS+A0262_        >7.4                     
LYS+A0263_        >7.4                     
TYR-A0264_        >7.4                     
LYS+A0271_        >7.4                     
LYS+A0274_        >7.4                     
GLU-A0279_        <7.4                     
GLU-A0281_        <7.4                     
GLU-A0282_        <7.4                     
LYS+A0285_        >7.4                     
GLU-A0286_        <7.4                     
LYS+A0291_        >7.4                     
GLU-A0292_        <7.4                     
LYS+A0294_        >7.4                     
HIS+A0295_        <7.4                     
CYS-A0305_        >7.4                     
ARG+A0307_        >7.4                     
GLU-A0308_        <7.4                     
TYR-A0312_        >7.4                     
GLU-A0316_        <7.4                     
TYR-A0320_        >7.4                     
ASP-A0325_        <7.4                     
TYR-A0326_        >7.4                     
ARG+A0328_        >7.4                     
GLU-A0329_        >7.4                     
CYS-A0330_        >7.4                     
ARG+A0332_        >7.4                     
GLU-A0334_        <7.4                     
TYR-A0342_        >7.4                     
GLU-A0352_        <7.4                     
TYR-A0353_        >7.4                     
GLU-A0355_        <7.4                     
LYS+A0356_        >7.4                     
LYS+A0357_        >7.4                     
HIS+A0361_        <7.4                     
ARG+A0362_        >7.4                     
ASP-A0363_        <7.4                     
ARG+A0367_        >7.4                     
CYS-A0369_        >7.4                     
GLU-A0373_        <7.4                     
HIS+A0375_        >7.4                     
LYS+A0378_        >7.4                     
ASP-A0381_        <7.4                     
ARG+A0386_        >7.4                     
ASP-A0391_        <7.4                     
TYR-A0393_        >7.4                     
HIS+A0396_        >7.4                     
LYS+A0400_        >7.4                     
LYS+A0404_        >7.4                     
GLU-A0409_        <7.4                     
TYR-A0413_        >7.4                     
LYS+A0415_        >7.4                     
LYS+A0419_        >7.4                     
ASP-A0421_        <7.4                     
GLU-A0431_        <7.4                     
TYR-A0435_        >7.4                     
TYR-A0440_        >7.4                     
ASP-A0444_        <7.4                     
TYR-A0449_        >7.4                     
GLU-A0450_        <7.4                     
GLU-A0453_        <7.4                     
LYS+A0454_        >7.4                     
ASP-A0455_        <7.4                     
TYR-A0456_        >7.4                     
ARG+A0457_        >7.4                     
GLU-A0459_        <7.4                     
ARG+A0460_        >7.4                     
GLU-A0462_        <7.4                     
CYS-A0464_        >7.4                     
GLU-A0466_        <7.4                     
LYS+A0467_        >7.4                     
TYR-A0469_        >7.4                     
GLU-A0470_        <7.4                     
ARG+A0473_        >7.4                     
CYS-A0475_        >7.4                     
ASP-A0482_        <7.4                     
ARG+A0483_        >7.4                     
GLU-A0488_        <7.4                     
HIS+A0490_        >7.4                     
GLU-A0494_        <7.4                     
GLU-A0499_        >7.4                     
NIL+A0600_        <7.4                     
