INFO - step3.py: Step 3. Energies calculation with PBE solver.
INFO - step3.py: Calling new VDW....No Scaling Applied
INFO - step3.py:    Process run time options & convert step2_out.pdb.
INFO - step3.py:    Prepare input for PB solver.
INFO - step3.py:    Time needed: 0 seconds.
INFO - step3.py:    Set up parallel envrionment and run PB solver.
INFO - step3.py:    Running PBE solver in 5 threads
!!! Detected an existing run.prm.
If you intend to use this run.prm, either use mcce directly or rename run.prm and use "-load_runprm" to load it.
For now, run.prm is overwritten and will be restored at the end of this program. 

Warning: VDW_RAD SO401 " HO1" not defined in RADIUS parameter
Warning: VDW_RAD SO401 " HO2" not defined in RADIUS parameter
Warning: VDW_RAD SO4-1 " HO1" not defined in RADIUS parameter
INFO - step3.py: ForkPoolWorker-1: Calling delphi to calculate conformer (1/672) GLU01A0697_001 in /tmp/pbe_data.data.home.granepura.5-Kinases.Kinases_MCCE.Trial03.run_apo.3UG2_GLU01A0697_001
INFO - step3.py: ForkPoolWorker-4: Calling delphi to calculate conformer (4/672) GLU02A0697_004 in /tmp/pbe_data.data.home.granepura.5-Kinases.Kinases_MCCE.Trial03.run_apo.3UG2_GLU02A0697_004
INFO - step3.py: ForkPoolWorker-2: Calling delphi to calculate conformer (2/672) GLU01A0697_002 in /tmp/pbe_data.data.home.granepura.5-Kinases.Kinases_MCCE.Trial03.run_apo.3UG2_GLU01A0697_002
INFO - step3.py: ForkPoolWorker-3: Calling delphi to calculate conformer (3/672) GLU02A0697_003 in /tmp/pbe_data.data.home.granepura.5-Kinases.Kinases_MCCE.Trial03.run_apo.3UG2_GLU02A0697_003
INFO - step3.py: ForkPoolWorker-5: Calling delphi to calculate conformer (5/672) GLU-1A0697_005 in /tmp/pbe_data.data.home.granepura.5-Kinases.Kinases_MCCE.Trial03.run_apo.3UG2_GLU-1A0697_005
INFO - step3.py: Skipping PBE solver for non-charge conformer (6/672) ALA01A0698_001...
INFO - step3.py: Skipping PBE solver for non-charge conformer (7/672) PRO01A0699_001...
INFO - step3.py: ForkPoolWorker-1: Calling delphi to calculate conformer (9/672) ASN01A0700_002 in /tmp/pbe_data.data.home.granepura.5-Kinases.Kinases_MCCE.Trial03.run_apo.3UG2_ASN01A0700_002
INFO - step3.py: ForkPoolWorker-4: Calling delphi to calculate conformer (8/672) ASN01A0700_001 in /tmp/pbe_data.data.home.granepura.5-Kinases.Kinases_MCCE.Trial03.run_apo.3UG2_ASN01A0700_001
INFO - step3.py: ForkPoolWorker-3: Calling delphi to calculate conformer (10/672) ASN01A0700_003 in /tmp/pbe_data.data.home.granepura.5-Kinases.Kinases_MCCE.Trial03.run_apo.3UG2_ASN01A0700_003
INFO - step3.py: ForkPoolWorker-5: Calling delphi to calculate conformer (11/672) GLN01A0701_001 in /tmp/pbe_data.data.home.granepura.5-Kinases.Kinases_MCCE.Trial03.run_apo.3UG2_GLN01A0701_001
INFO - step3.py: ForkPoolWorker-2: Calling delphi to calculate conformer (12/672) GLN01A0701_002 in /tmp/pbe_data.data.home.granepura.5-Kinases.Kinases_MCCE.Trial03.run_apo.3UG2_GLN01A0701_002
INFO - step3.py: Skipping PBE solver for non-charge conformer (14/672) LEU01A0703_001...
INFO - step3.py: Skipping PBE solver for non-charge conformer (15/672) LEU01A0704_001...
INFO - step3.py: ForkPoolWorker-3: Calling delphi to calculate conformer (16/672) ARG01A0705_001 in /tmp/pbe_data.data.home.granepura.5-Kinases.Kinases_MCCE.Trial03.run_apo.3UG2_ARG01A0705_001
INFO - step3.py: Skipping PBE solver for non-charge conformer (13/672) ALA01A0702_001...
INFO - step3.py: ForkPoolWorker-2: Calling delphi to calculate conformer (17/672) ARG02A0705_002 in /tmp/pbe_data.data.home.granepura.5-Kinases.Kinases_MCCE.Trial03.run_apo.3UG2_ARG02A0705_002
INFO - step3.py: ForkPoolWorker-5: Calling delphi to calculate conformer (18/672) ARG02A0705_003 in /tmp/pbe_data.data.home.granepura.5-Kinases.Kinases_MCCE.Trial03.run_apo.3UG2_ARG02A0705_003
INFO - step3.py: ForkPoolWorker-1: Calling delphi to calculate conformer (19/672) ARG03A0705_004 in /tmp/pbe_data.data.home.granepura.5-Kinases.Kinases_MCCE.Trial03.run_apo.3UG2_ARG03A0705_004
INFO - step3.py: ForkPoolWorker-4: Calling delphi to calculate conformer (20/672) ARG03A0705_005 in /tmp/pbe_data.data.home.granepura.5-Kinases.Kinases_MCCE.Trial03.run_apo.3UG2_ARG03A0705_005
INFO - step3.py: ForkPoolWorker-5: Calling delphi to calculate conformer (21/672) ARG+1A0705_006 in /tmp/pbe_data.data.home.granepura.5-Kinases.Kinases_MCCE.Trial03.run_apo.3UG2_ARG+1A0705_006
INFO - step3.py: Skipping PBE solver for non-charge conformer (22/672) ILE01A0706_001...
INFO - step3.py: Skipping PBE solver for non-charge conformer (23/672) LEU01A0707_001...
INFO - step3.py: ForkPoolWorker-4: Calling delphi to calculate conformer (24/672) LYS01A0708_001 in /tmp/pbe_data.data.home.granepura.5-Kinases.Kinases_MCCE.Trial03.run_apo.3UG2_LYS01A0708_001
INFO - step3.py: ForkPoolWorker-2: Calling delphi to calculate conformer (25/672) LYS+1A0708_002 in /tmp/pbe_data.data.home.granepura.5-Kinases.Kinases_MCCE.Trial03.run_apo.3UG2_LYS+1A0708_002
INFO - step3.py: ForkPoolWorker-3: Calling delphi to calculate conformer (26/672) GLU01A0709_001 in /tmp/pbe_data.data.home.granepura.5-Kinases.Kinases_MCCE.Trial03.run_apo.3UG2_GLU01A0709_001
INFO - step3.py: ForkPoolWorker-1: Calling delphi to calculate conformer (27/672) GLU01A0709_002 in /tmp/pbe_data.data.home.granepura.5-Kinases.Kinases_MCCE.Trial03.run_apo.3UG2_GLU01A0709_002
INFO - step3.py: ForkPoolWorker-4: Calling delphi to calculate conformer (29/672) GLU02A0709_004 in /tmp/pbe_data.data.home.granepura.5-Kinases.Kinases_MCCE.Trial03.run_apo.3UG2_GLU02A0709_004
INFO - step3.py: ForkPoolWorker-5: Calling delphi to calculate conformer (28/672) GLU02A0709_003 in /tmp/pbe_data.data.home.granepura.5-Kinases.Kinases_MCCE.Trial03.run_apo.3UG2_GLU02A0709_003
INFO - step3.py: ForkPoolWorker-2: Calling delphi to calculate conformer (30/672) GLU-1A0709_005 in /tmp/pbe_data.data.home.granepura.5-Kinases.Kinases_MCCE.Trial03.run_apo.3UG2_GLU-1A0709_005
INFO - step3.py: ForkPoolWorker-1: Calling delphi to calculate conformer (31/672) THR01A0710_001 in /tmp/pbe_data.data.home.granepura.5-Kinases.Kinases_MCCE.Trial03.run_apo.3UG2_THR01A0710_001
INFO - step3.py: ForkPoolWorker-3: Calling delphi to calculate conformer (32/672) THR01A0710_002 in /tmp/pbe_data.data.home.granepura.5-Kinases.Kinases_MCCE.Trial03.run_apo.3UG2_THR01A0710_002
INFO - step3.py: ForkPoolWorker-5: Calling delphi to calculate conformer (33/672) GLU01A0711_001 in /tmp/pbe_data.data.home.granepura.5-Kinases.Kinases_MCCE.Trial03.run_apo.3UG2_GLU01A0711_001
INFO - step3.py: ForkPoolWorker-2: Calling delphi to calculate conformer (34/672) GLU01A0711_002 in /tmp/pbe_data.data.home.granepura.5-Kinases.Kinases_MCCE.Trial03.run_apo.3UG2_GLU01A0711_002
INFO - step3.py: ForkPoolWorker-4: Calling delphi to calculate conformer (35/672) GLU02A0711_003 in /tmp/pbe_data.data.home.granepura.5-Kinases.Kinases_MCCE.Trial03.run_apo.3UG2_GLU02A0711_003
INFO - step3.py: ForkPoolWorker-3: Calling delphi to calculate conformer (37/672) GLU-1A0711_005 in /tmp/pbe_data.data.home.granepura.5-Kinases.Kinases_MCCE.Trial03.run_apo.3UG2_GLU-1A0711_005
INFO - step3.py: ForkPoolWorker-1: Calling delphi to calculate conformer (36/672) GLU02A0711_004 in /tmp/pbe_data.data.home.granepura.5-Kinases.Kinases_MCCE.Trial03.run_apo.3UG2_GLU02A0711_004
INFO - step3.py: Skipping PBE solver for non-charge conformer (38/672) PHE01A0712_001...
INFO - step3.py: ForkPoolWorker-5: Calling delphi to calculate conformer (39/672) LYS01A0713_001 in /tmp/pbe_data.data.home.granepura.5-Kinases.Kinases_MCCE.Trial03.run_apo.3UG2_LYS01A0713_001
INFO - step3.py: ForkPoolWorker-2: Calling delphi to calculate conformer (40/672) LYS+1A0713_002 in /tmp/pbe_data.data.home.granepura.5-Kinases.Kinases_MCCE.Trial03.run_apo.3UG2_LYS+1A0713_002
INFO - step3.py: ForkPoolWorker-4: Calling delphi to calculate conformer (41/672) LYS01A0714_001 in /tmp/pbe_data.data.home.granepura.5-Kinases.Kinases_MCCE.Trial03.run_apo.3UG2_LYS01A0714_001
INFO - step3.py: Skipping PBE solver for non-charge conformer (43/672) ILE01A0715_001...
INFO - step3.py: ForkPoolWorker-3: Calling delphi to calculate conformer (42/672) LYS+1A0714_002 in /tmp/pbe_data.data.home.granepura.5-Kinases.Kinases_MCCE.Trial03.run_apo.3UG2_LYS+1A0714_002
INFO - step3.py: ForkPoolWorker-1: Calling delphi to calculate conformer (44/672) LYS01A0716_001 in /tmp/pbe_data.data.home.granepura.5-Kinases.Kinases_MCCE.Trial03.run_apo.3UG2_LYS01A0716_001
INFO - step3.py: ForkPoolWorker-5: Calling delphi to calculate conformer (45/672) LYS+1A0716_002 in /tmp/pbe_data.data.home.granepura.5-Kinases.Kinases_MCCE.Trial03.run_apo.3UG2_LYS+1A0716_002
INFO - step3.py: Skipping PBE solver for non-charge conformer (46/672) VAL01A0717_001...
INFO - step3.py: Skipping PBE solver for non-charge conformer (47/672) LEU01A0718_001...
INFO - step3.py: ForkPoolWorker-2: Calling delphi to calculate conformer (49/672) SER01A0720_001 in /tmp/pbe_data.data.home.granepura.5-Kinases.Kinases_MCCE.Trial03.run_apo.3UG2_SER01A0720_001
INFO - step3.py: ForkPoolWorker-4: Calling delphi to calculate conformer (48/672) SER01A0719_001 in /tmp/pbe_data.data.home.granepura.5-Kinases.Kinases_MCCE.Trial03.run_apo.3UG2_SER01A0719_001
INFO - step3.py: ForkPoolWorker-3: Calling delphi to calculate conformer (50/672) THR01A0725_001 in /tmp/pbe_data.data.home.granepura.5-Kinases.Kinases_MCCE.Trial03.run_apo.3UG2_THR01A0725_001
INFO - step3.py: ForkPoolWorker-1: Calling delphi to calculate conformer (51/672) THR01A0725_002 in /tmp/pbe_data.data.home.granepura.5-Kinases.Kinases_MCCE.Trial03.run_apo.3UG2_THR01A0725_002
INFO - step3.py: Skipping PBE solver for non-charge conformer (52/672) VAL01A0726_001...
INFO - step3.py: ForkPoolWorker-5: Calling delphi to calculate conformer (53/672) TYR01A0727_001 in /tmp/pbe_data.data.home.granepura.5-Kinases.Kinases_MCCE.Trial03.run_apo.3UG2_TYR01A0727_001
INFO - step3.py: ForkPoolWorker-2: Calling delphi to calculate conformer (54/672) TYR01A0727_002 in /tmp/pbe_data.data.home.granepura.5-Kinases.Kinases_MCCE.Trial03.run_apo.3UG2_TYR01A0727_002
INFO - step3.py: ForkPoolWorker-4: Calling delphi to calculate conformer (55/672) TYR-1A0727_003 in /tmp/pbe_data.data.home.granepura.5-Kinases.Kinases_MCCE.Trial03.run_apo.3UG2_TYR-1A0727_003
INFO - step3.py: ForkPoolWorker-1: Calling delphi to calculate conformer (56/672) LYS01A0728_001 in /tmp/pbe_data.data.home.granepura.5-Kinases.Kinases_MCCE.Trial03.run_apo.3UG2_LYS01A0728_001
INFO - step3.py: ForkPoolWorker-3: Calling delphi to calculate conformer (57/672) LYS+1A0728_002 in /tmp/pbe_data.data.home.granepura.5-Kinases.Kinases_MCCE.Trial03.run_apo.3UG2_LYS+1A0728_002
INFO - step3.py: Skipping PBE solver for non-charge conformer (59/672) TRP01A0731_001...
INFO - step3.py: Skipping PBE solver for non-charge conformer (58/672) LEU01A0730_001...
INFO - step3.py: Skipping PBE solver for non-charge conformer (60/672) ILE01A0732_001...
INFO - step3.py: Skipping PBE solver for non-charge conformer (61/672) PRO01A0733_001...
INFO - step3.py: ForkPoolWorker-2: Calling delphi to calculate conformer (62/672) GLU01A0734_001 in /tmp/pbe_data.data.home.granepura.5-Kinases.Kinases_MCCE.Trial03.run_apo.3UG2_GLU01A0734_001
INFO - step3.py: ForkPoolWorker-5: Calling delphi to calculate conformer (63/672) GLU01A0734_002 in /tmp/pbe_data.data.home.granepura.5-Kinases.Kinases_MCCE.Trial03.run_apo.3UG2_GLU01A0734_002
INFO - step3.py: ForkPoolWorker-1: Calling delphi to calculate conformer (64/672) GLU02A0734_003 in /tmp/pbe_data.data.home.granepura.5-Kinases.Kinases_MCCE.Trial03.run_apo.3UG2_GLU02A0734_003
INFO - step3.py: ForkPoolWorker-4: Calling delphi to calculate conformer (65/672) GLU02A0734_004 in /tmp/pbe_data.data.home.granepura.5-Kinases.Kinases_MCCE.Trial03.run_apo.3UG2_GLU02A0734_004
INFO - step3.py: ForkPoolWorker-3: Calling delphi to calculate conformer (66/672) GLU-1A0734_005 in /tmp/pbe_data.data.home.granepura.5-Kinases.Kinases_MCCE.Trial03.run_apo.3UG2_GLU-1A0734_005
INFO - step3.py: ForkPoolWorker-5: Calling delphi to calculate conformer (67/672) GLU01A0736_001 in /tmp/pbe_data.data.home.granepura.5-Kinases.Kinases_MCCE.Trial03.run_apo.3UG2_GLU01A0736_001
INFO - step3.py: ForkPoolWorker-2: Calling delphi to calculate conformer (68/672) GLU01A0736_002 in /tmp/pbe_data.data.home.granepura.5-Kinases.Kinases_MCCE.Trial03.run_apo.3UG2_GLU01A0736_002
INFO - step3.py: ForkPoolWorker-1: Calling delphi to calculate conformer (69/672) GLU02A0736_003 in /tmp/pbe_data.data.home.granepura.5-Kinases.Kinases_MCCE.Trial03.run_apo.3UG2_GLU02A0736_003
INFO - step3.py: ForkPoolWorker-4: Calling delphi to calculate conformer (70/672) GLU02A0736_004 in /tmp/pbe_data.data.home.granepura.5-Kinases.Kinases_MCCE.Trial03.run_apo.3UG2_GLU02A0736_004
INFO - step3.py: ForkPoolWorker-3: Calling delphi to calculate conformer (71/672) GLU-1A0736_005 in /tmp/pbe_data.data.home.granepura.5-Kinases.Kinases_MCCE.Trial03.run_apo.3UG2_GLU-1A0736_005
INFO - step3.py: ForkPoolWorker-2: Calling delphi to calculate conformer (72/672) LYS01A0737_001 in /tmp/pbe_data.data.home.granepura.5-Kinases.Kinases_MCCE.Trial03.run_apo.3UG2_LYS01A0737_001
INFO - step3.py: ForkPoolWorker-1: Calling delphi to calculate conformer (73/672) LYS+1A0737_002 in /tmp/pbe_data.data.home.granepura.5-Kinases.Kinases_MCCE.Trial03.run_apo.3UG2_LYS+1A0737_002
INFO - step3.py: Skipping PBE solver for non-charge conformer (74/672) VAL01A0738_001...
INFO - step3.py: ForkPoolWorker-5: Calling delphi to calculate conformer (75/672) LYS01A0739_001 in /tmp/pbe_data.data.home.granepura.5-Kinases.Kinases_MCCE.Trial03.run_apo.3UG2_LYS01A0739_001
INFO - step3.py: ForkPoolWorker-4: Calling delphi to calculate conformer (76/672) LYS+1A0739_002 in /tmp/pbe_data.data.home.granepura.5-Kinases.Kinases_MCCE.Trial03.run_apo.3UG2_LYS+1A0739_002
INFO - step3.py: Skipping PBE solver for non-charge conformer (77/672) ILE01A0740_001...
INFO - step3.py: Skipping PBE solver for non-charge conformer (78/672) PRO01A0741_001...
INFO - step3.py: Skipping PBE solver for non-charge conformer (79/672) VAL01A0742_001...
INFO - step3.py: Skipping PBE solver for non-charge conformer (80/672) ALA01A0743_001...
INFO - step3.py: Skipping PBE solver for non-charge conformer (81/672) ILE01A0744_001...
INFO - step3.py: ForkPoolWorker-3: Calling delphi to calculate conformer (82/672) LYS01A0745_001 in /tmp/pbe_data.data.home.granepura.5-Kinases.Kinases_MCCE.Trial03.run_apo.3UG2_LYS01A0745_001
INFO - step3.py: ForkPoolWorker-2: Calling delphi to calculate conformer (83/672) LYS+1A0745_002 in /tmp/pbe_data.data.home.granepura.5-Kinases.Kinases_MCCE.Trial03.run_apo.3UG2_LYS+1A0745_002
INFO - step3.py: ForkPoolWorker-1: Calling delphi to calculate conformer (84/672) GLU01A0746_001 in /tmp/pbe_data.data.home.granepura.5-Kinases.Kinases_MCCE.Trial03.run_apo.3UG2_GLU01A0746_001
INFO - step3.py: ForkPoolWorker-4: Calling delphi to calculate conformer (85/672) GLU01A0746_002 in /tmp/pbe_data.data.home.granepura.5-Kinases.Kinases_MCCE.Trial03.run_apo.3UG2_GLU01A0746_002
INFO - step3.py: ForkPoolWorker-3: Calling delphi to calculate conformer (86/672) GLU02A0746_003 in /tmp/pbe_data.data.home.granepura.5-Kinases.Kinases_MCCE.Trial03.run_apo.3UG2_GLU02A0746_003
INFO - step3.py: ForkPoolWorker-5: Calling delphi to calculate conformer (87/672) GLU02A0746_004 in /tmp/pbe_data.data.home.granepura.5-Kinases.Kinases_MCCE.Trial03.run_apo.3UG2_GLU02A0746_004
INFO - step3.py: ForkPoolWorker-2: Calling delphi to calculate conformer (88/672) GLU-1A0746_005 in /tmp/pbe_data.data.home.granepura.5-Kinases.Kinases_MCCE.Trial03.run_apo.3UG2_GLU-1A0746_005
INFO - step3.py: ForkPoolWorker-1: Calling delphi to calculate conformer (89/672) SER01A0752_001 in /tmp/pbe_data.data.home.granepura.5-Kinases.Kinases_MCCE.Trial03.run_apo.3UG2_SER01A0752_001
INFO - step3.py: Skipping PBE solver for non-charge conformer (90/672) PRO01A0753_001...
INFO - step3.py: ForkPoolWorker-5: Calling delphi to calculate conformer (91/672) LYS01A0754_001 in /tmp/pbe_data.data.home.granepura.5-Kinases.Kinases_MCCE.Trial03.run_apo.3UG2_LYS01A0754_001
INFO - step3.py: ForkPoolWorker-4: Calling delphi to calculate conformer (92/672) LYS+1A0754_002 in /tmp/pbe_data.data.home.granepura.5-Kinases.Kinases_MCCE.Trial03.run_apo.3UG2_LYS+1A0754_002
INFO - step3.py: Skipping PBE solver for non-charge conformer (93/672) ALA01A0755_001...
INFO - step3.py: ForkPoolWorker-3: Calling delphi to calculate conformer (94/672) ASN01A0756_001 in /tmp/pbe_data.data.home.granepura.5-Kinases.Kinases_MCCE.Trial03.run_apo.3UG2_ASN01A0756_001
INFO - step3.py: ForkPoolWorker-2: Calling delphi to calculate conformer (95/672) ASN01A0756_002 in /tmp/pbe_data.data.home.granepura.5-Kinases.Kinases_MCCE.Trial03.run_apo.3UG2_ASN01A0756_002
INFO - step3.py: ForkPoolWorker-1: Calling delphi to calculate conformer (96/672) LYS01A0757_001 in /tmp/pbe_data.data.home.granepura.5-Kinases.Kinases_MCCE.Trial03.run_apo.3UG2_LYS01A0757_001
INFO - step3.py: ForkPoolWorker-4: Calling delphi to calculate conformer (98/672) GLU01A0758_001 in /tmp/pbe_data.data.home.granepura.5-Kinases.Kinases_MCCE.Trial03.run_apo.3UG2_GLU01A0758_001
INFO - step3.py: ForkPoolWorker-5: Calling delphi to calculate conformer (97/672) LYS+1A0757_002 in /tmp/pbe_data.data.home.granepura.5-Kinases.Kinases_MCCE.Trial03.run_apo.3UG2_LYS+1A0757_002
INFO - step3.py: ForkPoolWorker-3: Calling delphi to calculate conformer (99/672) GLU01A0758_002 in /tmp/pbe_data.data.home.granepura.5-Kinases.Kinases_MCCE.Trial03.run_apo.3UG2_GLU01A0758_002
INFO - step3.py: ForkPoolWorker-2: Calling delphi to calculate conformer (100/672) GLU02A0758_003 in /tmp/pbe_data.data.home.granepura.5-Kinases.Kinases_MCCE.Trial03.run_apo.3UG2_GLU02A0758_003
INFO - step3.py: ForkPoolWorker-1: Calling delphi to calculate conformer (101/672) GLU02A0758_004 in /tmp/pbe_data.data.home.granepura.5-Kinases.Kinases_MCCE.Trial03.run_apo.3UG2_GLU02A0758_004
INFO - step3.py: ForkPoolWorker-5: Calling delphi to calculate conformer (102/672) GLU-1A0758_005 in /tmp/pbe_data.data.home.granepura.5-Kinases.Kinases_MCCE.Trial03.run_apo.3UG2_GLU-1A0758_005
INFO - step3.py: Skipping PBE solver for non-charge conformer (103/672) ILE01A0759_001...
INFO - step3.py: Skipping PBE solver for non-charge conformer (104/672) LEU01A0760_001...
INFO - step3.py: ForkPoolWorker-3: Calling delphi to calculate conformer (105/672) ASP01A0761_001 in /tmp/pbe_data.data.home.granepura.5-Kinases.Kinases_MCCE.Trial03.run_apo.3UG2_ASP01A0761_001
INFO - step3.py: ForkPoolWorker-4: Calling delphi to calculate conformer (106/672) ASP01A0761_002 in /tmp/pbe_data.data.home.granepura.5-Kinases.Kinases_MCCE.Trial03.run_apo.3UG2_ASP01A0761_002
INFO - step3.py: ForkPoolWorker-2: Calling delphi to calculate conformer (107/672) ASP01A0761_003 in /tmp/pbe_data.data.home.granepura.5-Kinases.Kinases_MCCE.Trial03.run_apo.3UG2_ASP01A0761_003
INFO - step3.py: ForkPoolWorker-5: Calling delphi to calculate conformer (108/672) ASP01A0761_004 in /tmp/pbe_data.data.home.granepura.5-Kinases.Kinases_MCCE.Trial03.run_apo.3UG2_ASP01A0761_004
INFO - step3.py: ForkPoolWorker-1: Calling delphi to calculate conformer (109/672) ASP02A0761_005 in /tmp/pbe_data.data.home.granepura.5-Kinases.Kinases_MCCE.Trial03.run_apo.3UG2_ASP02A0761_005
INFO - step3.py: ForkPoolWorker-4: Calling delphi to calculate conformer (110/672) ASP02A0761_006 in /tmp/pbe_data.data.home.granepura.5-Kinases.Kinases_MCCE.Trial03.run_apo.3UG2_ASP02A0761_006
INFO - step3.py: ForkPoolWorker-3: Calling delphi to calculate conformer (111/672) ASP02A0761_007 in /tmp/pbe_data.data.home.granepura.5-Kinases.Kinases_MCCE.Trial03.run_apo.3UG2_ASP02A0761_007
INFO - step3.py: ForkPoolWorker-2: Calling delphi to calculate conformer (112/672) ASP02A0761_008 in /tmp/pbe_data.data.home.granepura.5-Kinases.Kinases_MCCE.Trial03.run_apo.3UG2_ASP02A0761_008
INFO - step3.py: ForkPoolWorker-5: Calling delphi to calculate conformer (113/672) ASP-1A0761_009 in /tmp/pbe_data.data.home.granepura.5-Kinases.Kinases_MCCE.Trial03.run_apo.3UG2_ASP-1A0761_009
INFO - step3.py: ForkPoolWorker-1: Calling delphi to calculate conformer (114/672) ASP-1A0761_010 in /tmp/pbe_data.data.home.granepura.5-Kinases.Kinases_MCCE.Trial03.run_apo.3UG2_ASP-1A0761_010
INFO - step3.py: ForkPoolWorker-4: Calling delphi to calculate conformer (115/672) GLU01A0762_001 in /tmp/pbe_data.data.home.granepura.5-Kinases.Kinases_MCCE.Trial03.run_apo.3UG2_GLU01A0762_001
INFO - step3.py: ForkPoolWorker-3: Calling delphi to calculate conformer (116/672) GLU01A0762_002 in /tmp/pbe_data.data.home.granepura.5-Kinases.Kinases_MCCE.Trial03.run_apo.3UG2_GLU01A0762_002
INFO - step3.py: ForkPoolWorker-2: Calling delphi to calculate conformer (117/672) GLU02A0762_003 in /tmp/pbe_data.data.home.granepura.5-Kinases.Kinases_MCCE.Trial03.run_apo.3UG2_GLU02A0762_003
INFO - step3.py: ForkPoolWorker-5: Calling delphi to calculate conformer (118/672) GLU02A0762_004 in /tmp/pbe_data.data.home.granepura.5-Kinases.Kinases_MCCE.Trial03.run_apo.3UG2_GLU02A0762_004
INFO - step3.py: ForkPoolWorker-1: Calling delphi to calculate conformer (119/672) GLU-1A0762_005 in /tmp/pbe_data.data.home.granepura.5-Kinases.Kinases_MCCE.Trial03.run_apo.3UG2_GLU-1A0762_005
INFO - step3.py: Skipping PBE solver for non-charge conformer (120/672) ALA01A0763_001...
INFO - step3.py: ForkPoolWorker-4: Calling delphi to calculate conformer (121/672) TYR01A0764_001 in /tmp/pbe_data.data.home.granepura.5-Kinases.Kinases_MCCE.Trial03.run_apo.3UG2_TYR01A0764_001
INFO - step3.py: ForkPoolWorker-3: Calling delphi to calculate conformer (122/672) TYR-1A0764_002 in /tmp/pbe_data.data.home.granepura.5-Kinases.Kinases_MCCE.Trial03.run_apo.3UG2_TYR-1A0764_002
INFO - step3.py: Skipping PBE solver for non-charge conformer (123/672) VAL01A0765_001...
INFO - step3.py: ForkPoolWorker-2: Calling delphi to calculate conformer (124/672) MET01A0766_001 in /tmp/pbe_data.data.home.granepura.5-Kinases.Kinases_MCCE.Trial03.run_apo.3UG2_MET01A0766_001
INFO - step3.py: Skipping PBE solver for non-charge conformer (125/672) ALA01A0767_001...
INFO - step3.py: ForkPoolWorker-5: Calling delphi to calculate conformer (126/672) SER01A0768_001 in /tmp/pbe_data.data.home.granepura.5-Kinases.Kinases_MCCE.Trial03.run_apo.3UG2_SER01A0768_001
INFO - step3.py: ForkPoolWorker-1: Calling delphi to calculate conformer (127/672) SER01A0768_002 in /tmp/pbe_data.data.home.granepura.5-Kinases.Kinases_MCCE.Trial03.run_apo.3UG2_SER01A0768_002
INFO - step3.py: ForkPoolWorker-3: Calling delphi to calculate conformer (128/672) SER01A0768_003 in /tmp/pbe_data.data.home.granepura.5-Kinases.Kinases_MCCE.Trial03.run_apo.3UG2_SER01A0768_003
INFO - step3.py: ForkPoolWorker-4: Calling delphi to calculate conformer (129/672) SER01A0768_004 in /tmp/pbe_data.data.home.granepura.5-Kinases.Kinases_MCCE.Trial03.run_apo.3UG2_SER01A0768_004
INFO - step3.py: ForkPoolWorker-2: Calling delphi to calculate conformer (130/672) SER01A0768_005 in /tmp/pbe_data.data.home.granepura.5-Kinases.Kinases_MCCE.Trial03.run_apo.3UG2_SER01A0768_005
INFO - step3.py: Skipping PBE solver for non-charge conformer (131/672) VAL01A0769_001...
INFO - step3.py: ForkPoolWorker-5: Calling delphi to calculate conformer (132/672) ASP01A0770_001 in /tmp/pbe_data.data.home.granepura.5-Kinases.Kinases_MCCE.Trial03.run_apo.3UG2_ASP01A0770_001
INFO - step3.py: ForkPoolWorker-1: Calling delphi to calculate conformer (133/672) ASP01A0770_002 in /tmp/pbe_data.data.home.granepura.5-Kinases.Kinases_MCCE.Trial03.run_apo.3UG2_ASP01A0770_002
INFO - step3.py: ForkPoolWorker-4: Calling delphi to calculate conformer (134/672) ASP02A0770_003 in /tmp/pbe_data.data.home.granepura.5-Kinases.Kinases_MCCE.Trial03.run_apo.3UG2_ASP02A0770_003
INFO - step3.py: ForkPoolWorker-3: Calling delphi to calculate conformer (135/672) ASP02A0770_004 in /tmp/pbe_data.data.home.granepura.5-Kinases.Kinases_MCCE.Trial03.run_apo.3UG2_ASP02A0770_004
INFO - step3.py: ForkPoolWorker-2: Calling delphi to calculate conformer (136/672) ASP-1A0770_005 in /tmp/pbe_data.data.home.granepura.5-Kinases.Kinases_MCCE.Trial03.run_apo.3UG2_ASP-1A0770_005
INFO - step3.py: ForkPoolWorker-5: Calling delphi to calculate conformer (137/672) ASN01A0771_001 in /tmp/pbe_data.data.home.granepura.5-Kinases.Kinases_MCCE.Trial03.run_apo.3UG2_ASN01A0771_001
INFO - step3.py: ForkPoolWorker-1: Calling delphi to calculate conformer (138/672) ASN01A0771_002 in /tmp/pbe_data.data.home.granepura.5-Kinases.Kinases_MCCE.Trial03.run_apo.3UG2_ASN01A0771_002
INFO - step3.py: Skipping PBE solver for non-charge conformer (139/672) PRO01A0772_001...
INFO - step3.py: ForkPoolWorker-4: Calling delphi to calculate conformer (140/672) HIS01A0773_001 in /tmp/pbe_data.data.home.granepura.5-Kinases.Kinases_MCCE.Trial03.run_apo.3UG2_HIS01A0773_001
INFO - step3.py: ForkPoolWorker-3: Calling delphi to calculate conformer (141/672) HIS01A0773_002 in /tmp/pbe_data.data.home.granepura.5-Kinases.Kinases_MCCE.Trial03.run_apo.3UG2_HIS01A0773_002
INFO - step3.py: ForkPoolWorker-2: Calling delphi to calculate conformer (142/672) HIS02A0773_003 in /tmp/pbe_data.data.home.granepura.5-Kinases.Kinases_MCCE.Trial03.run_apo.3UG2_HIS02A0773_003
INFO - step3.py: ForkPoolWorker-5: Calling delphi to calculate conformer (143/672) HIS02A0773_004 in /tmp/pbe_data.data.home.granepura.5-Kinases.Kinases_MCCE.Trial03.run_apo.3UG2_HIS02A0773_004
INFO - step3.py: ForkPoolWorker-1: Calling delphi to calculate conformer (144/672) HIS+1A0773_005 in /tmp/pbe_data.data.home.granepura.5-Kinases.Kinases_MCCE.Trial03.run_apo.3UG2_HIS+1A0773_005
INFO - step3.py: ForkPoolWorker-4: Calling delphi to calculate conformer (145/672) HIS+1A0773_006 in /tmp/pbe_data.data.home.granepura.5-Kinases.Kinases_MCCE.Trial03.run_apo.3UG2_HIS+1A0773_006
INFO - step3.py: Skipping PBE solver for non-charge conformer (146/672) VAL01A0774_001...
INFO - step3.py: ForkPoolWorker-3: Calling delphi to calculate conformer (147/672) CYS01A0775_001 in /tmp/pbe_data.data.home.granepura.5-Kinases.Kinases_MCCE.Trial03.run_apo.3UG2_CYS01A0775_001
INFO - step3.py: ForkPoolWorker-2: Calling delphi to calculate conformer (148/672) CYS01A0775_002 in /tmp/pbe_data.data.home.granepura.5-Kinases.Kinases_MCCE.Trial03.run_apo.3UG2_CYS01A0775_002
INFO - step3.py: ForkPoolWorker-1: Calling delphi to calculate conformer (149/672) CYS01A0775_003 in /tmp/pbe_data.data.home.granepura.5-Kinases.Kinases_MCCE.Trial03.run_apo.3UG2_CYS01A0775_003
INFO - step3.py: ForkPoolWorker-5: Calling delphi to calculate conformer (150/672) CYS-1A0775_004 in /tmp/pbe_data.data.home.granepura.5-Kinases.Kinases_MCCE.Trial03.run_apo.3UG2_CYS-1A0775_004
INFO - step3.py: ForkPoolWorker-4: Calling delphi to calculate conformer (151/672) ARG01A0776_001 in /tmp/pbe_data.data.home.granepura.5-Kinases.Kinases_MCCE.Trial03.run_apo.3UG2_ARG01A0776_001
INFO - step3.py: ForkPoolWorker-3: Calling delphi to calculate conformer (152/672) ARG02A0776_002 in /tmp/pbe_data.data.home.granepura.5-Kinases.Kinases_MCCE.Trial03.run_apo.3UG2_ARG02A0776_002
INFO - step3.py: ForkPoolWorker-2: Calling delphi to calculate conformer (153/672) ARG02A0776_003 in /tmp/pbe_data.data.home.granepura.5-Kinases.Kinases_MCCE.Trial03.run_apo.3UG2_ARG02A0776_003
INFO - step3.py: ForkPoolWorker-1: Calling delphi to calculate conformer (154/672) ARG03A0776_004 in /tmp/pbe_data.data.home.granepura.5-Kinases.Kinases_MCCE.Trial03.run_apo.3UG2_ARG03A0776_004
INFO - step3.py: ForkPoolWorker-5: Calling delphi to calculate conformer (155/672) ARG+1A0776_005 in /tmp/pbe_data.data.home.granepura.5-Kinases.Kinases_MCCE.Trial03.run_apo.3UG2_ARG+1A0776_005
INFO - step3.py: Skipping PBE solver for non-charge conformer (156/672) LEU01A0777_001...
INFO - step3.py: Skipping PBE solver for non-charge conformer (157/672) LEU01A0778_001...
INFO - step3.py: Skipping PBE solver for non-charge conformer (158/672) ILE01A0780_001...
INFO - step3.py: ForkPoolWorker-4: Calling delphi to calculate conformer (159/672) CYS01A0781_001 in /tmp/pbe_data.data.home.granepura.5-Kinases.Kinases_MCCE.Trial03.run_apo.3UG2_CYS01A0781_001
INFO - step3.py: ForkPoolWorker-3: Calling delphi to calculate conformer (160/672) CYS01A0781_002 in /tmp/pbe_data.data.home.granepura.5-Kinases.Kinases_MCCE.Trial03.run_apo.3UG2_CYS01A0781_002
INFO - step3.py: ForkPoolWorker-2: Calling delphi to calculate conformer (161/672) CYS01A0781_003 in /tmp/pbe_data.data.home.granepura.5-Kinases.Kinases_MCCE.Trial03.run_apo.3UG2_CYS01A0781_003
INFO - step3.py: ForkPoolWorker-1: Calling delphi to calculate conformer (162/672) CYS-1A0781_004 in /tmp/pbe_data.data.home.granepura.5-Kinases.Kinases_MCCE.Trial03.run_apo.3UG2_CYS-1A0781_004
INFO - step3.py: Skipping PBE solver for non-charge conformer (163/672) LEU01A0782_001...
INFO - step3.py: ForkPoolWorker-5: Calling delphi to calculate conformer (164/672) THR01A0783_001 in /tmp/pbe_data.data.home.granepura.5-Kinases.Kinases_MCCE.Trial03.run_apo.3UG2_THR01A0783_001
INFO - step3.py: ForkPoolWorker-4: Calling delphi to calculate conformer (165/672) THR01A0783_002 in /tmp/pbe_data.data.home.granepura.5-Kinases.Kinases_MCCE.Trial03.run_apo.3UG2_THR01A0783_002
INFO - step3.py: ForkPoolWorker-3: Calling delphi to calculate conformer (166/672) THR01A0783_003 in /tmp/pbe_data.data.home.granepura.5-Kinases.Kinases_MCCE.Trial03.run_apo.3UG2_THR01A0783_003
INFO - step3.py: ForkPoolWorker-2: Calling delphi to calculate conformer (167/672) SER01A0784_001 in /tmp/pbe_data.data.home.granepura.5-Kinases.Kinases_MCCE.Trial03.run_apo.3UG2_SER01A0784_001
INFO - step3.py: ForkPoolWorker-1: Calling delphi to calculate conformer (168/672) THR01A0785_001 in /tmp/pbe_data.data.home.granepura.5-Kinases.Kinases_MCCE.Trial03.run_apo.3UG2_THR01A0785_001
INFO - step3.py: ForkPoolWorker-5: Calling delphi to calculate conformer (169/672) THR01A0785_002 in /tmp/pbe_data.data.home.granepura.5-Kinases.Kinases_MCCE.Trial03.run_apo.3UG2_THR01A0785_002
INFO - step3.py: Skipping PBE solver for non-charge conformer (170/672) VAL01A0786_001...
INFO - step3.py: ForkPoolWorker-4: Calling delphi to calculate conformer (171/672) GLN01A0787_001 in /tmp/pbe_data.data.home.granepura.5-Kinases.Kinases_MCCE.Trial03.run_apo.3UG2_GLN01A0787_001
INFO - step3.py: ForkPoolWorker-3: Calling delphi to calculate conformer (172/672) GLN01A0787_002 in /tmp/pbe_data.data.home.granepura.5-Kinases.Kinases_MCCE.Trial03.run_apo.3UG2_GLN01A0787_002
INFO - step3.py: Skipping PBE solver for non-charge conformer (173/672) LEU01A0788_001...
INFO - step3.py: Skipping PBE solver for non-charge conformer (174/672) ILE01A0789_001...
INFO - step3.py: ForkPoolWorker-2: Calling delphi to calculate conformer (175/672) MET01A0790_001 in /tmp/pbe_data.data.home.granepura.5-Kinases.Kinases_MCCE.Trial03.run_apo.3UG2_MET01A0790_001
INFO - step3.py: ForkPoolWorker-1: Calling delphi to calculate conformer (176/672) GLN01A0791_001 in /tmp/pbe_data.data.home.granepura.5-Kinases.Kinases_MCCE.Trial03.run_apo.3UG2_GLN01A0791_001
INFO - step3.py: ForkPoolWorker-5: Calling delphi to calculate conformer (177/672) GLN01A0791_002 in /tmp/pbe_data.data.home.granepura.5-Kinases.Kinases_MCCE.Trial03.run_apo.3UG2_GLN01A0791_002
INFO - step3.py: Skipping PBE solver for non-charge conformer (178/672) LEU01A0792_001...
INFO - step3.py: ForkPoolWorker-4: Calling delphi to calculate conformer (179/672) MET01A0793_001 in /tmp/pbe_data.data.home.granepura.5-Kinases.Kinases_MCCE.Trial03.run_apo.3UG2_MET01A0793_001
INFO - step3.py: Skipping PBE solver for non-charge conformer (180/672) PRO01A0794_001...
INFO - step3.py: Skipping PBE solver for non-charge conformer (181/672) PHE01A0795_001...
INFO - step3.py: ForkPoolWorker-3: Calling delphi to calculate conformer (182/672) CYS01A0797_001 in /tmp/pbe_data.data.home.granepura.5-Kinases.Kinases_MCCE.Trial03.run_apo.3UG2_CYS01A0797_001
INFO - step3.py: ForkPoolWorker-1: Calling delphi to calculate conformer (183/672) CYS01A0797_002 in /tmp/pbe_data.data.home.granepura.5-Kinases.Kinases_MCCE.Trial03.run_apo.3UG2_CYS01A0797_002
INFO - step3.py: ForkPoolWorker-2: Calling delphi to calculate conformer (184/672) CYS01A0797_003 in /tmp/pbe_data.data.home.granepura.5-Kinases.Kinases_MCCE.Trial03.run_apo.3UG2_CYS01A0797_003
INFO - step3.py: ForkPoolWorker-5: Calling delphi to calculate conformer (185/672) CYS-1A0797_004 in /tmp/pbe_data.data.home.granepura.5-Kinases.Kinases_MCCE.Trial03.run_apo.3UG2_CYS-1A0797_004
INFO - step3.py: Skipping PBE solver for non-charge conformer (186/672) LEU01A0798_001...
INFO - step3.py: Skipping PBE solver for non-charge conformer (187/672) LEU01A0799_001...
INFO - step3.py: ForkPoolWorker-4: Calling delphi to calculate conformer (188/672) ASP01A0800_001 in /tmp/pbe_data.data.home.granepura.5-Kinases.Kinases_MCCE.Trial03.run_apo.3UG2_ASP01A0800_001
INFO - step3.py: ForkPoolWorker-3: Calling delphi to calculate conformer (189/672) ASP01A0800_002 in /tmp/pbe_data.data.home.granepura.5-Kinases.Kinases_MCCE.Trial03.run_apo.3UG2_ASP01A0800_002
INFO - step3.py: ForkPoolWorker-2: Calling delphi to calculate conformer (190/672) ASP02A0800_003 in /tmp/pbe_data.data.home.granepura.5-Kinases.Kinases_MCCE.Trial03.run_apo.3UG2_ASP02A0800_003
INFO - step3.py: ForkPoolWorker-1: Calling delphi to calculate conformer (191/672) ASP02A0800_004 in /tmp/pbe_data.data.home.granepura.5-Kinases.Kinases_MCCE.Trial03.run_apo.3UG2_ASP02A0800_004
INFO - step3.py: ForkPoolWorker-5: Calling delphi to calculate conformer (192/672) ASP-1A0800_005 in /tmp/pbe_data.data.home.granepura.5-Kinases.Kinases_MCCE.Trial03.run_apo.3UG2_ASP-1A0800_005
INFO - step3.py: ForkPoolWorker-4: Calling delphi to calculate conformer (193/672) TYR01A0801_001 in /tmp/pbe_data.data.home.granepura.5-Kinases.Kinases_MCCE.Trial03.run_apo.3UG2_TYR01A0801_001
INFO - step3.py: ForkPoolWorker-3: Calling delphi to calculate conformer (194/672) TYR-1A0801_002 in /tmp/pbe_data.data.home.granepura.5-Kinases.Kinases_MCCE.Trial03.run_apo.3UG2_TYR-1A0801_002
INFO - step3.py: Skipping PBE solver for non-charge conformer (195/672) VAL01A0802_001...
INFO - step3.py: ForkPoolWorker-2: Calling delphi to calculate conformer (196/672) ARG01A0803_001 in /tmp/pbe_data.data.home.granepura.5-Kinases.Kinases_MCCE.Trial03.run_apo.3UG2_ARG01A0803_001
INFO - step3.py: ForkPoolWorker-1: Calling delphi to calculate conformer (197/672) ARG02A0803_002 in /tmp/pbe_data.data.home.granepura.5-Kinases.Kinases_MCCE.Trial03.run_apo.3UG2_ARG02A0803_002
INFO - step3.py: ForkPoolWorker-5: Calling delphi to calculate conformer (198/672) ARG03A0803_003 in /tmp/pbe_data.data.home.granepura.5-Kinases.Kinases_MCCE.Trial03.run_apo.3UG2_ARG03A0803_003
INFO - step3.py: ForkPoolWorker-4: Calling delphi to calculate conformer (199/672) ARG+1A0803_004 in /tmp/pbe_data.data.home.granepura.5-Kinases.Kinases_MCCE.Trial03.run_apo.3UG2_ARG+1A0803_004
INFO - step3.py: ForkPoolWorker-3: Calling delphi to calculate conformer (200/672) GLU01A0804_001 in /tmp/pbe_data.data.home.granepura.5-Kinases.Kinases_MCCE.Trial03.run_apo.3UG2_GLU01A0804_001
