Skipping PBE solver for non-charge conformer (1/1130) LEU01A0008_001...
ForkPoolWorker-1: Calling delphi to calculate conformer (2/1130) ASN01A0009_001 in /tmp/pbe_data.data.home.granepura.5-Kinases.Kinases_MCCE.Trial01.run_apo.2EUF_ASN01A0009_001
ForkPoolWorker-1: Calling delphi to calculate conformer (3/1130) ASN01A0009_002 in /tmp/pbe_data.data.home.granepura.5-Kinases.Kinases_MCCE.Trial01.run_apo.2EUF_ASN01A0009_002
ForkPoolWorker-1: Calling delphi to calculate conformer (4/1130) ARG01A0010_001 in /tmp/pbe_data.data.home.granepura.5-Kinases.Kinases_MCCE.Trial01.run_apo.2EUF_ARG01A0010_001
ForkPoolWorker-1: Calling delphi to calculate conformer (5/1130) ARG02A0010_002 in /tmp/pbe_data.data.home.granepura.5-Kinases.Kinases_MCCE.Trial01.run_apo.2EUF_ARG02A0010_002
ForkPoolWorker-1: Calling delphi to calculate conformer (6/1130) ARG03A0010_003 in /tmp/pbe_data.data.home.granepura.5-Kinases.Kinases_MCCE.Trial01.run_apo.2EUF_ARG03A0010_003
ForkPoolWorker-1: Calling delphi to calculate conformer (7/1130) ARG+1A0010_004 in /tmp/pbe_data.data.home.granepura.5-Kinases.Kinases_MCCE.Trial01.run_apo.2EUF_ARG+1A0010_004
Skipping PBE solver for non-charge conformer (8/1130) ALA01A0011_001...
ForkPoolWorker-1: Calling delphi to calculate conformer (9/1130) LYS01A0012_001 in /tmp/pbe_data.data.home.granepura.5-Kinases.Kinases_MCCE.Trial01.run_apo.2EUF_LYS01A0012_001
ForkPoolWorker-1: Calling delphi to calculate conformer (10/1130) LYS+1A0012_002 in /tmp/pbe_data.data.home.granepura.5-Kinases.Kinases_MCCE.Trial01.run_apo.2EUF_LYS+1A0012_002
Skipping PBE solver for non-charge conformer (11/1130) ILE01A0013_001...
ForkPoolWorker-1: Calling delphi to calculate conformer (12/1130) ASP01A0014_001 in /tmp/pbe_data.data.home.granepura.5-Kinases.Kinases_MCCE.Trial01.run_apo.2EUF_ASP01A0014_001
ForkPoolWorker-1: Calling delphi to calculate conformer (13/1130) ASP01A0014_002 in /tmp/pbe_data.data.home.granepura.5-Kinases.Kinases_MCCE.Trial01.run_apo.2EUF_ASP01A0014_002
ForkPoolWorker-1: Calling delphi to calculate conformer (14/1130) ASP02A0014_003 in /tmp/pbe_data.data.home.granepura.5-Kinases.Kinases_MCCE.Trial01.run_apo.2EUF_ASP02A0014_003
ForkPoolWorker-1: Calling delphi to calculate conformer (15/1130) ASP02A0014_004 in /tmp/pbe_data.data.home.granepura.5-Kinases.Kinases_MCCE.Trial01.run_apo.2EUF_ASP02A0014_004
ForkPoolWorker-1: Calling delphi to calculate conformer (16/1130) ASP-1A0014_005 in /tmp/pbe_data.data.home.granepura.5-Kinases.Kinases_MCCE.Trial01.run_apo.2EUF_ASP-1A0014_005
ForkPoolWorker-1: Calling delphi to calculate conformer (17/1130) SER01A0015_001 in /tmp/pbe_data.data.home.granepura.5-Kinases.Kinases_MCCE.Trial01.run_apo.2EUF_SER01A0015_001
ForkPoolWorker-1: Calling delphi to calculate conformer (18/1130) THR01A0016_001 in /tmp/pbe_data.data.home.granepura.5-Kinases.Kinases_MCCE.Trial01.run_apo.2EUF_THR01A0016_001
ForkPoolWorker-1: Calling delphi to calculate conformer (19/1130) THR01A0016_002 in /tmp/pbe_data.data.home.granepura.5-Kinases.Kinases_MCCE.Trial01.run_apo.2EUF_THR01A0016_002
ForkPoolWorker-1: Calling delphi to calculate conformer (20/1130) THR01A0017_001 in /tmp/pbe_data.data.home.granepura.5-Kinases.Kinases_MCCE.Trial01.run_apo.2EUF_THR01A0017_001
ForkPoolWorker-1: Calling delphi to calculate conformer (21/1130) MET01A0018_001 in /tmp/pbe_data.data.home.granepura.5-Kinases.Kinases_MCCE.Trial01.run_apo.2EUF_MET01A0018_001
ForkPoolWorker-1: Calling delphi to calculate conformer (22/1130) LYS01A0019_001 in /tmp/pbe_data.data.home.granepura.5-Kinases.Kinases_MCCE.Trial01.run_apo.2EUF_LYS01A0019_001
ForkPoolWorker-1: Calling delphi to calculate conformer (23/1130) LYS+1A0019_002 in /tmp/pbe_data.data.home.granepura.5-Kinases.Kinases_MCCE.Trial01.run_apo.2EUF_LYS+1A0019_002
ForkPoolWorker-1: Calling delphi to calculate conformer (24/1130) ASP01A0020_001 in /tmp/pbe_data.data.home.granepura.5-Kinases.Kinases_MCCE.Trial01.run_apo.2EUF_ASP01A0020_001
ForkPoolWorker-1: Calling delphi to calculate conformer (25/1130) ASP01A0020_002 in /tmp/pbe_data.data.home.granepura.5-Kinases.Kinases_MCCE.Trial01.run_apo.2EUF_ASP01A0020_002
ForkPoolWorker-1: Calling delphi to calculate conformer (26/1130) ASP02A0020_003 in /tmp/pbe_data.data.home.granepura.5-Kinases.Kinases_MCCE.Trial01.run_apo.2EUF_ASP02A0020_003
ForkPoolWorker-1: Calling delphi to calculate conformer (27/1130) ASP02A0020_004 in /tmp/pbe_data.data.home.granepura.5-Kinases.Kinases_MCCE.Trial01.run_apo.2EUF_ASP02A0020_004
ForkPoolWorker-1: Calling delphi to calculate conformer (28/1130) ASP-1A0020_005 in /tmp/pbe_data.data.home.granepura.5-Kinases.Kinases_MCCE.Trial01.run_apo.2EUF_ASP-1A0020_005
Skipping PBE solver for non-charge conformer (29/1130) PRO01A0021_001...
ForkPoolWorker-1: Calling delphi to calculate conformer (30/1130) ARG01A0022_001 in /tmp/pbe_data.data.home.granepura.5-Kinases.Kinases_MCCE.Trial01.run_apo.2EUF_ARG01A0022_001
ForkPoolWorker-1: Calling delphi to calculate conformer (31/1130) ARG02A0022_002 in /tmp/pbe_data.data.home.granepura.5-Kinases.Kinases_MCCE.Trial01.run_apo.2EUF_ARG02A0022_002
ForkPoolWorker-1: Calling delphi to calculate conformer (32/1130) ARG02A0022_003 in /tmp/pbe_data.data.home.granepura.5-Kinases.Kinases_MCCE.Trial01.run_apo.2EUF_ARG02A0022_003
ForkPoolWorker-1: Calling delphi to calculate conformer (33/1130) ARG03A0022_004 in /tmp/pbe_data.data.home.granepura.5-Kinases.Kinases_MCCE.Trial01.run_apo.2EUF_ARG03A0022_004
ForkPoolWorker-1: Calling delphi to calculate conformer (34/1130) ARG03A0022_005 in /tmp/pbe_data.data.home.granepura.5-Kinases.Kinases_MCCE.Trial01.run_apo.2EUF_ARG03A0022_005
ForkPoolWorker-1: Calling delphi to calculate conformer (35/1130) ARG+1A0022_006 in /tmp/pbe_data.data.home.granepura.5-Kinases.Kinases_MCCE.Trial01.run_apo.2EUF_ARG+1A0022_006
Skipping PBE solver for non-charge conformer (36/1130) VAL01A0023_001...
Skipping PBE solver for non-charge conformer (37/1130) LEU01A0024_001...
ForkPoolWorker-1: Calling delphi to calculate conformer (38/1130) ASN01A0025_001 in /tmp/pbe_data.data.home.granepura.5-Kinases.Kinases_MCCE.Trial01.run_apo.2EUF_ASN01A0025_001
ForkPoolWorker-1: Calling delphi to calculate conformer (39/1130) ASN01A0025_002 in /tmp/pbe_data.data.home.granepura.5-Kinases.Kinases_MCCE.Trial01.run_apo.2EUF_ASN01A0025_002
ForkPoolWorker-1: Calling delphi to calculate conformer (40/1130) ASN01A0026_001 in /tmp/pbe_data.data.home.granepura.5-Kinases.Kinases_MCCE.Trial01.run_apo.2EUF_ASN01A0026_001
ForkPoolWorker-1: Calling delphi to calculate conformer (41/1130) ASN01A0026_002 in /tmp/pbe_data.data.home.granepura.5-Kinases.Kinases_MCCE.Trial01.run_apo.2EUF_ASN01A0026_002
Skipping PBE solver for non-charge conformer (42/1130) LEU01A0027_001...
ForkPoolWorker-1: Calling delphi to calculate conformer (43/1130) LYS01A0028_001 in /tmp/pbe_data.data.home.granepura.5-Kinases.Kinases_MCCE.Trial01.run_apo.2EUF_LYS01A0028_001
ForkPoolWorker-1: Calling delphi to calculate conformer (44/1130) LYS+1A0028_002 in /tmp/pbe_data.data.home.granepura.5-Kinases.Kinases_MCCE.Trial01.run_apo.2EUF_LYS+1A0028_002
Skipping PBE solver for non-charge conformer (45/1130) LEU01A0029_001...
ForkPoolWorker-1: Calling delphi to calculate conformer (46/1130) ARG01A0030_001 in /tmp/pbe_data.data.home.granepura.5-Kinases.Kinases_MCCE.Trial01.run_apo.2EUF_ARG01A0030_001
ForkPoolWorker-1: Calling delphi to calculate conformer (47/1130) ARG02A0030_002 in /tmp/pbe_data.data.home.granepura.5-Kinases.Kinases_MCCE.Trial01.run_apo.2EUF_ARG02A0030_002
ForkPoolWorker-1: Calling delphi to calculate conformer (48/1130) ARG02A0030_003 in /tmp/pbe_data.data.home.granepura.5-Kinases.Kinases_MCCE.Trial01.run_apo.2EUF_ARG02A0030_003
ForkPoolWorker-1: Calling delphi to calculate conformer (49/1130) ARG03A0030_004 in /tmp/pbe_data.data.home.granepura.5-Kinases.Kinases_MCCE.Trial01.run_apo.2EUF_ARG03A0030_004
ForkPoolWorker-1: Calling delphi to calculate conformer (50/1130) ARG03A0030_005 in /tmp/pbe_data.data.home.granepura.5-Kinases.Kinases_MCCE.Trial01.run_apo.2EUF_ARG03A0030_005
ForkPoolWorker-1: Calling delphi to calculate conformer (51/1130) ARG+1A0030_006 in /tmp/pbe_data.data.home.granepura.5-Kinases.Kinases_MCCE.Trial01.run_apo.2EUF_ARG+1A0030_006
ForkPoolWorker-1: Calling delphi to calculate conformer (52/1130) GLU01A0031_001 in /tmp/pbe_data.data.home.granepura.5-Kinases.Kinases_MCCE.Trial01.run_apo.2EUF_GLU01A0031_001
ForkPoolWorker-1: Calling delphi to calculate conformer (53/1130) GLU01A0031_002 in /tmp/pbe_data.data.home.granepura.5-Kinases.Kinases_MCCE.Trial01.run_apo.2EUF_GLU01A0031_002
ForkPoolWorker-1: Calling delphi to calculate conformer (54/1130) GLU02A0031_003 in /tmp/pbe_data.data.home.granepura.5-Kinases.Kinases_MCCE.Trial01.run_apo.2EUF_GLU02A0031_003
ForkPoolWorker-1: Calling delphi to calculate conformer (55/1130) GLU02A0031_004 in /tmp/pbe_data.data.home.granepura.5-Kinases.Kinases_MCCE.Trial01.run_apo.2EUF_GLU02A0031_004
ForkPoolWorker-1: Calling delphi to calculate conformer (56/1130) GLU-1A0031_005 in /tmp/pbe_data.data.home.granepura.5-Kinases.Kinases_MCCE.Trial01.run_apo.2EUF_GLU-1A0031_005
Skipping PBE solver for non-charge conformer (57/1130) LEU01A0032_001...
Skipping PBE solver for non-charge conformer (58/1130) LEU01A0033_001...
Skipping PBE solver for non-charge conformer (59/1130) LEU01A0034_001...
Skipping PBE solver for non-charge conformer (60/1130) PRO01A0035_001...
ForkPoolWorker-1: Calling delphi to calculate conformer (61/1130) LYS01A0036_001 in /tmp/pbe_data.data.home.granepura.5-Kinases.Kinases_MCCE.Trial01.run_apo.2EUF_LYS01A0036_001
ForkPoolWorker-1: Calling delphi to calculate conformer (62/1130) LYS+1A0036_002 in /tmp/pbe_data.data.home.granepura.5-Kinases.Kinases_MCCE.Trial01.run_apo.2EUF_LYS+1A0036_002
Skipping PBE solver for non-charge conformer (63/1130) PHE01A0037_001...
ForkPoolWorker-1: Calling delphi to calculate conformer (64/1130) THR01A0038_001 in /tmp/pbe_data.data.home.granepura.5-Kinases.Kinases_MCCE.Trial01.run_apo.2EUF_THR01A0038_001
ForkPoolWorker-1: Calling delphi to calculate conformer (65/1130) SER01A0039_001 in /tmp/pbe_data.data.home.granepura.5-Kinases.Kinases_MCCE.Trial01.run_apo.2EUF_SER01A0039_001
ForkPoolWorker-1: Calling delphi to calculate conformer (66/1130) SER01A0039_002 in /tmp/pbe_data.data.home.granepura.5-Kinases.Kinases_MCCE.Trial01.run_apo.2EUF_SER01A0039_002
ForkPoolWorker-1: Calling delphi to calculate conformer (67/1130) SER01A0039_003 in /tmp/pbe_data.data.home.granepura.5-Kinases.Kinases_MCCE.Trial01.run_apo.2EUF_SER01A0039_003
Skipping PBE solver for non-charge conformer (68/1130) LEU01A0040_001...
Skipping PBE solver for non-charge conformer (69/1130) TRP01A0041_001...
ForkPoolWorker-1: Calling delphi to calculate conformer (70/1130) GLU01A0042_001 in /tmp/pbe_data.data.home.granepura.5-Kinases.Kinases_MCCE.Trial01.run_apo.2EUF_GLU01A0042_001
ForkPoolWorker-1: Calling delphi to calculate conformer (71/1130) GLU01A0042_002 in /tmp/pbe_data.data.home.granepura.5-Kinases.Kinases_MCCE.Trial01.run_apo.2EUF_GLU01A0042_002
ForkPoolWorker-1: Calling delphi to calculate conformer (72/1130) GLU02A0042_003 in /tmp/pbe_data.data.home.granepura.5-Kinases.Kinases_MCCE.Trial01.run_apo.2EUF_GLU02A0042_003
ForkPoolWorker-1: Calling delphi to calculate conformer (73/1130) GLU02A0042_004 in /tmp/pbe_data.data.home.granepura.5-Kinases.Kinases_MCCE.Trial01.run_apo.2EUF_GLU02A0042_004
ForkPoolWorker-1: Calling delphi to calculate conformer (74/1130) GLU-1A0042_005 in /tmp/pbe_data.data.home.granepura.5-Kinases.Kinases_MCCE.Trial01.run_apo.2EUF_GLU-1A0042_005
Skipping PBE solver for non-charge conformer (75/1130) ILE01A0043_001...
ForkPoolWorker-1: Calling delphi to calculate conformer (76/1130) GLN01A0044_001 in /tmp/pbe_data.data.home.granepura.5-Kinases.Kinases_MCCE.Trial01.run_apo.2EUF_GLN01A0044_001
ForkPoolWorker-1: Calling delphi to calculate conformer (77/1130) GLN01A0044_002 in /tmp/pbe_data.data.home.granepura.5-Kinases.Kinases_MCCE.Trial01.run_apo.2EUF_GLN01A0044_002
ForkPoolWorker-1: Calling delphi to calculate conformer (78/1130) THR01A0045_001 in /tmp/pbe_data.data.home.granepura.5-Kinases.Kinases_MCCE.Trial01.run_apo.2EUF_THR01A0045_001
ForkPoolWorker-1: Calling delphi to calculate conformer (79/1130) THR01A0045_002 in /tmp/pbe_data.data.home.granepura.5-Kinases.Kinases_MCCE.Trial01.run_apo.2EUF_THR01A0045_002
ForkPoolWorker-1: Calling delphi to calculate conformer (80/1130) GLU01A0046_001 in /tmp/pbe_data.data.home.granepura.5-Kinases.Kinases_MCCE.Trial01.run_apo.2EUF_GLU01A0046_001
ForkPoolWorker-1: Calling delphi to calculate conformer (81/1130) GLU01A0046_002 in /tmp/pbe_data.data.home.granepura.5-Kinases.Kinases_MCCE.Trial01.run_apo.2EUF_GLU01A0046_002
ForkPoolWorker-1: Calling delphi to calculate conformer (82/1130) GLU02A0046_003 in /tmp/pbe_data.data.home.granepura.5-Kinases.Kinases_MCCE.Trial01.run_apo.2EUF_GLU02A0046_003
ForkPoolWorker-1: Calling delphi to calculate conformer (83/1130) GLU02A0046_004 in /tmp/pbe_data.data.home.granepura.5-Kinases.Kinases_MCCE.Trial01.run_apo.2EUF_GLU02A0046_004
ForkPoolWorker-1: Calling delphi to calculate conformer (84/1130) GLU-1A0046_005 in /tmp/pbe_data.data.home.granepura.5-Kinases.Kinases_MCCE.Trial01.run_apo.2EUF_GLU-1A0046_005
Skipping PBE solver for non-charge conformer (85/1130) VAL01A0047_001...
ForkPoolWorker-1: Calling delphi to calculate conformer (86/1130) THR01A0048_001 in /tmp/pbe_data.data.home.granepura.5-Kinases.Kinases_MCCE.Trial01.run_apo.2EUF_THR01A0048_001
ForkPoolWorker-1: Calling delphi to calculate conformer (87/1130) THR01A0048_002 in /tmp/pbe_data.data.home.granepura.5-Kinases.Kinases_MCCE.Trial01.run_apo.2EUF_THR01A0048_002
Skipping PBE solver for non-charge conformer (88/1130) VAL01A0049_001...
ForkPoolWorker-1: Calling delphi to calculate conformer (89/1130) ASP01A0050_001 in /tmp/pbe_data.data.home.granepura.5-Kinases.Kinases_MCCE.Trial01.run_apo.2EUF_ASP01A0050_001
ForkPoolWorker-1: Calling delphi to calculate conformer (90/1130) ASP01A0050_002 in /tmp/pbe_data.data.home.granepura.5-Kinases.Kinases_MCCE.Trial01.run_apo.2EUF_ASP01A0050_002
ForkPoolWorker-1: Calling delphi to calculate conformer (91/1130) ASP02A0050_003 in /tmp/pbe_data.data.home.granepura.5-Kinases.Kinases_MCCE.Trial01.run_apo.2EUF_ASP02A0050_003
ForkPoolWorker-1: Calling delphi to calculate conformer (92/1130) ASP02A0050_004 in /tmp/pbe_data.data.home.granepura.5-Kinases.Kinases_MCCE.Trial01.run_apo.2EUF_ASP02A0050_004
ForkPoolWorker-1: Calling delphi to calculate conformer (93/1130) ASP-1A0050_005 in /tmp/pbe_data.data.home.granepura.5-Kinases.Kinases_MCCE.Trial01.run_apo.2EUF_ASP-1A0050_005
ForkPoolWorker-1: Calling delphi to calculate conformer (94/1130) ASN01A0051_001 in /tmp/pbe_data.data.home.granepura.5-Kinases.Kinases_MCCE.Trial01.run_apo.2EUF_ASN01A0051_001
ForkPoolWorker-1: Calling delphi to calculate conformer (95/1130) ASN01A0051_002 in /tmp/pbe_data.data.home.granepura.5-Kinases.Kinases_MCCE.Trial01.run_apo.2EUF_ASN01A0051_002
ForkPoolWorker-1: Calling delphi to calculate conformer (96/1130) ARG01A0052_001 in /tmp/pbe_data.data.home.granepura.5-Kinases.Kinases_MCCE.Trial01.run_apo.2EUF_ARG01A0052_001
ForkPoolWorker-1: Calling delphi to calculate conformer (97/1130) ARG02A0052_002 in /tmp/pbe_data.data.home.granepura.5-Kinases.Kinases_MCCE.Trial01.run_apo.2EUF_ARG02A0052_002
ForkPoolWorker-1: Calling delphi to calculate conformer (98/1130) ARG03A0052_003 in /tmp/pbe_data.data.home.granepura.5-Kinases.Kinases_MCCE.Trial01.run_apo.2EUF_ARG03A0052_003
ForkPoolWorker-1: Calling delphi to calculate conformer (99/1130) ARG03A0052_004 in /tmp/pbe_data.data.home.granepura.5-Kinases.Kinases_MCCE.Trial01.run_apo.2EUF_ARG03A0052_004
ForkPoolWorker-1: Calling delphi to calculate conformer (100/1130) ARG+1A0052_005 in /tmp/pbe_data.data.home.granepura.5-Kinases.Kinases_MCCE.Trial01.run_apo.2EUF_ARG+1A0052_005
ForkPoolWorker-1: Calling delphi to calculate conformer (101/1130) THR01A0053_001 in /tmp/pbe_data.data.home.granepura.5-Kinases.Kinases_MCCE.Trial01.run_apo.2EUF_THR01A0053_001
Skipping PBE solver for non-charge conformer (102/1130) ILE01A0054_001...
Skipping PBE solver for non-charge conformer (103/1130) LEU01A0055_001...
Skipping PBE solver for non-charge conformer (104/1130) LEU01A0056_001...
ForkPoolWorker-1: Calling delphi to calculate conformer (105/1130) THR01A0057_001 in /tmp/pbe_data.data.home.granepura.5-Kinases.Kinases_MCCE.Trial01.run_apo.2EUF_THR01A0057_001
Skipping PBE solver for non-charge conformer (106/1130) TRP01A0058_001...
ForkPoolWorker-1: Calling delphi to calculate conformer (107/1130) MET01A0059_001 in /tmp/pbe_data.data.home.granepura.5-Kinases.Kinases_MCCE.Trial01.run_apo.2EUF_MET01A0059_001
ForkPoolWorker-1: Calling delphi to calculate conformer (108/1130) HIS01A0060_001 in /tmp/pbe_data.data.home.granepura.5-Kinases.Kinases_MCCE.Trial01.run_apo.2EUF_HIS01A0060_001
ForkPoolWorker-1: Calling delphi to calculate conformer (109/1130) HIS01A0060_002 in /tmp/pbe_data.data.home.granepura.5-Kinases.Kinases_MCCE.Trial01.run_apo.2EUF_HIS01A0060_002
ForkPoolWorker-1: Calling delphi to calculate conformer (110/1130) HIS02A0060_003 in /tmp/pbe_data.data.home.granepura.5-Kinases.Kinases_MCCE.Trial01.run_apo.2EUF_HIS02A0060_003
ForkPoolWorker-1: Calling delphi to calculate conformer (111/1130) HIS02A0060_004 in /tmp/pbe_data.data.home.granepura.5-Kinases.Kinases_MCCE.Trial01.run_apo.2EUF_HIS02A0060_004
ForkPoolWorker-1: Calling delphi to calculate conformer (112/1130) HIS+1A0060_005 in /tmp/pbe_data.data.home.granepura.5-Kinases.Kinases_MCCE.Trial01.run_apo.2EUF_HIS+1A0060_005
ForkPoolWorker-1: Calling delphi to calculate conformer (113/1130) HIS+1A0060_006 in /tmp/pbe_data.data.home.granepura.5-Kinases.Kinases_MCCE.Trial01.run_apo.2EUF_HIS+1A0060_006
Skipping PBE solver for non-charge conformer (114/1130) LEU01A0061_001...
Skipping PBE solver for non-charge conformer (115/1130) LEU01A0062_001...
ForkPoolWorker-1: Calling delphi to calculate conformer (116/1130) CYS01A0063_001 in /tmp/pbe_data.data.home.granepura.5-Kinases.Kinases_MCCE.Trial01.run_apo.2EUF_CYS01A0063_001
ForkPoolWorker-1: Calling delphi to calculate conformer (117/1130) CYS01A0063_002 in /tmp/pbe_data.data.home.granepura.5-Kinases.Kinases_MCCE.Trial01.run_apo.2EUF_CYS01A0063_002
ForkPoolWorker-1: Calling delphi to calculate conformer (118/1130) CYS01A0063_003 in /tmp/pbe_data.data.home.granepura.5-Kinases.Kinases_MCCE.Trial01.run_apo.2EUF_CYS01A0063_003
ForkPoolWorker-1: Calling delphi to calculate conformer (119/1130) CYS-1A0063_004 in /tmp/pbe_data.data.home.granepura.5-Kinases.Kinases_MCCE.Trial01.run_apo.2EUF_CYS-1A0063_004
ForkPoolWorker-1: Calling delphi to calculate conformer (120/1130) GLU01A0064_001 in /tmp/pbe_data.data.home.granepura.5-Kinases.Kinases_MCCE.Trial01.run_apo.2EUF_GLU01A0064_001
ForkPoolWorker-1: Calling delphi to calculate conformer (121/1130) GLU01A0064_002 in /tmp/pbe_data.data.home.granepura.5-Kinases.Kinases_MCCE.Trial01.run_apo.2EUF_GLU01A0064_002
ForkPoolWorker-1: Calling delphi to calculate conformer (122/1130) GLU02A0064_003 in /tmp/pbe_data.data.home.granepura.5-Kinases.Kinases_MCCE.Trial01.run_apo.2EUF_GLU02A0064_003
ForkPoolWorker-1: Calling delphi to calculate conformer (123/1130) GLU02A0064_004 in /tmp/pbe_data.data.home.granepura.5-Kinases.Kinases_MCCE.Trial01.run_apo.2EUF_GLU02A0064_004
ForkPoolWorker-1: Calling delphi to calculate conformer (124/1130) GLU-1A0064_005 in /tmp/pbe_data.data.home.granepura.5-Kinases.Kinases_MCCE.Trial01.run_apo.2EUF_GLU-1A0064_005
ForkPoolWorker-1: Calling delphi to calculate conformer (125/1130) SER01A0065_001 in /tmp/pbe_data.data.home.granepura.5-Kinases.Kinases_MCCE.Trial01.run_apo.2EUF_SER01A0065_001
ForkPoolWorker-1: Calling delphi to calculate conformer (126/1130) SER01A0065_002 in /tmp/pbe_data.data.home.granepura.5-Kinases.Kinases_MCCE.Trial01.run_apo.2EUF_SER01A0065_002
Skipping PBE solver for non-charge conformer (127/1130) PHE01A0066_001...
ForkPoolWorker-1: Calling delphi to calculate conformer (128/1130) GLU01A0067_001 in /tmp/pbe_data.data.home.granepura.5-Kinases.Kinases_MCCE.Trial01.run_apo.2EUF_GLU01A0067_001
ForkPoolWorker-1: Calling delphi to calculate conformer (129/1130) GLU01A0067_002 in /tmp/pbe_data.data.home.granepura.5-Kinases.Kinases_MCCE.Trial01.run_apo.2EUF_GLU01A0067_002
ForkPoolWorker-1: Calling delphi to calculate conformer (130/1130) GLU02A0067_003 in /tmp/pbe_data.data.home.granepura.5-Kinases.Kinases_MCCE.Trial01.run_apo.2EUF_GLU02A0067_003
ForkPoolWorker-1: Calling delphi to calculate conformer (131/1130) GLU02A0067_004 in /tmp/pbe_data.data.home.granepura.5-Kinases.Kinases_MCCE.Trial01.run_apo.2EUF_GLU02A0067_004
ForkPoolWorker-1: Calling delphi to calculate conformer (132/1130) GLU-1A0067_005 in /tmp/pbe_data.data.home.granepura.5-Kinases.Kinases_MCCE.Trial01.run_apo.2EUF_GLU-1A0067_005
Skipping PBE solver for non-charge conformer (133/1130) LEU01A0068_001...
ForkPoolWorker-1: Calling delphi to calculate conformer (134/1130) ASP01A0069_001 in /tmp/pbe_data.data.home.granepura.5-Kinases.Kinases_MCCE.Trial01.run_apo.2EUF_ASP01A0069_001
ForkPoolWorker-1: Calling delphi to calculate conformer (135/1130) ASP01A0069_002 in /tmp/pbe_data.data.home.granepura.5-Kinases.Kinases_MCCE.Trial01.run_apo.2EUF_ASP01A0069_002
ForkPoolWorker-1: Calling delphi to calculate conformer (136/1130) ASP02A0069_003 in /tmp/pbe_data.data.home.granepura.5-Kinases.Kinases_MCCE.Trial01.run_apo.2EUF_ASP02A0069_003
ForkPoolWorker-1: Calling delphi to calculate conformer (137/1130) ASP02A0069_004 in /tmp/pbe_data.data.home.granepura.5-Kinases.Kinases_MCCE.Trial01.run_apo.2EUF_ASP02A0069_004
ForkPoolWorker-1: Calling delphi to calculate conformer (138/1130) ASP-1A0069_005 in /tmp/pbe_data.data.home.granepura.5-Kinases.Kinases_MCCE.Trial01.run_apo.2EUF_ASP-1A0069_005
ForkPoolWorker-1: Calling delphi to calculate conformer (139/1130) LYS01A0070_001 in /tmp/pbe_data.data.home.granepura.5-Kinases.Kinases_MCCE.Trial01.run_apo.2EUF_LYS01A0070_001
ForkPoolWorker-1: Calling delphi to calculate conformer (140/1130) LYS+1A0070_002 in /tmp/pbe_data.data.home.granepura.5-Kinases.Kinases_MCCE.Trial01.run_apo.2EUF_LYS+1A0070_002
ForkPoolWorker-1: Calling delphi to calculate conformer (141/1130) SER01A0071_001 in /tmp/pbe_data.data.home.granepura.5-Kinases.Kinases_MCCE.Trial01.run_apo.2EUF_SER01A0071_001
ForkPoolWorker-1: Calling delphi to calculate conformer (142/1130) SER01A0071_002 in /tmp/pbe_data.data.home.granepura.5-Kinases.Kinases_MCCE.Trial01.run_apo.2EUF_SER01A0071_002
Skipping PBE solver for non-charge conformer (143/1130) VAL01A0072_001...
Skipping PBE solver for non-charge conformer (144/1130) PHE01A0073_001...
Skipping PBE solver for non-charge conformer (145/1130) PRO01A0074_001...
Skipping PBE solver for non-charge conformer (146/1130) LEU01A0075_001...
ForkPoolWorker-1: Calling delphi to calculate conformer (147/1130) SER01A0076_001 in /tmp/pbe_data.data.home.granepura.5-Kinases.Kinases_MCCE.Trial01.run_apo.2EUF_SER01A0076_001
ForkPoolWorker-1: Calling delphi to calculate conformer (148/1130) SER01A0076_002 in /tmp/pbe_data.data.home.granepura.5-Kinases.Kinases_MCCE.Trial01.run_apo.2EUF_SER01A0076_002
Skipping PBE solver for non-charge conformer (149/1130) VAL01A0077_001...
ForkPoolWorker-1: Calling delphi to calculate conformer (150/1130) SER01A0078_001 in /tmp/pbe_data.data.home.granepura.5-Kinases.Kinases_MCCE.Trial01.run_apo.2EUF_SER01A0078_001
ForkPoolWorker-1: Calling delphi to calculate conformer (151/1130) SER01A0078_002 in /tmp/pbe_data.data.home.granepura.5-Kinases.Kinases_MCCE.Trial01.run_apo.2EUF_SER01A0078_002
Skipping PBE solver for non-charge conformer (152/1130) ILE01A0079_001...
Skipping PBE solver for non-charge conformer (153/1130) LEU01A0080_001...
ForkPoolWorker-1: Calling delphi to calculate conformer (154/1130) ASP01A0081_001 in /tmp/pbe_data.data.home.granepura.5-Kinases.Kinases_MCCE.Trial01.run_apo.2EUF_ASP01A0081_001
ForkPoolWorker-1: Calling delphi to calculate conformer (155/1130) ASP01A0081_002 in /tmp/pbe_data.data.home.granepura.5-Kinases.Kinases_MCCE.Trial01.run_apo.2EUF_ASP01A0081_002
ForkPoolWorker-1: Calling delphi to calculate conformer (156/1130) ASP02A0081_003 in /tmp/pbe_data.data.home.granepura.5-Kinases.Kinases_MCCE.Trial01.run_apo.2EUF_ASP02A0081_003
ForkPoolWorker-1: Calling delphi to calculate conformer (157/1130) ASP02A0081_004 in /tmp/pbe_data.data.home.granepura.5-Kinases.Kinases_MCCE.Trial01.run_apo.2EUF_ASP02A0081_004
ForkPoolWorker-1: Calling delphi to calculate conformer (158/1130) ASP-1A0081_005 in /tmp/pbe_data.data.home.granepura.5-Kinases.Kinases_MCCE.Trial01.run_apo.2EUF_ASP-1A0081_005
ForkPoolWorker-1: Calling delphi to calculate conformer (159/1130) ARG01A0082_001 in /tmp/pbe_data.data.home.granepura.5-Kinases.Kinases_MCCE.Trial01.run_apo.2EUF_ARG01A0082_001
ForkPoolWorker-1: Calling delphi to calculate conformer (160/1130) ARG02A0082_002 in /tmp/pbe_data.data.home.granepura.5-Kinases.Kinases_MCCE.Trial01.run_apo.2EUF_ARG02A0082_002
ForkPoolWorker-1: Calling delphi to calculate conformer (161/1130) ARG03A0082_003 in /tmp/pbe_data.data.home.granepura.5-Kinases.Kinases_MCCE.Trial01.run_apo.2EUF_ARG03A0082_003
ForkPoolWorker-1: Calling delphi to calculate conformer (162/1130) ARG03A0082_004 in /tmp/pbe_data.data.home.granepura.5-Kinases.Kinases_MCCE.Trial01.run_apo.2EUF_ARG03A0082_004
ForkPoolWorker-1: Calling delphi to calculate conformer (163/1130) ARG+1A0082_005 in /tmp/pbe_data.data.home.granepura.5-Kinases.Kinases_MCCE.Trial01.run_apo.2EUF_ARG+1A0082_005
ForkPoolWorker-1: Calling delphi to calculate conformer (164/1130) TYR01A0083_001 in /tmp/pbe_data.data.home.granepura.5-Kinases.Kinases_MCCE.Trial01.run_apo.2EUF_TYR01A0083_001
ForkPoolWorker-1: Calling delphi to calculate conformer (165/1130) TYR01A0083_002 in /tmp/pbe_data.data.home.granepura.5-Kinases.Kinases_MCCE.Trial01.run_apo.2EUF_TYR01A0083_002
ForkPoolWorker-1: Calling delphi to calculate conformer (166/1130) TYR-1A0083_003 in /tmp/pbe_data.data.home.granepura.5-Kinases.Kinases_MCCE.Trial01.run_apo.2EUF_TYR-1A0083_003
Skipping PBE solver for non-charge conformer (167/1130) LEU01A0084_001...
ForkPoolWorker-1: Calling delphi to calculate conformer (168/1130) CYS01A0085_001 in /tmp/pbe_data.data.home.granepura.5-Kinases.Kinases_MCCE.Trial01.run_apo.2EUF_CYS01A0085_001
ForkPoolWorker-1: Calling delphi to calculate conformer (169/1130) CYS01A0085_002 in /tmp/pbe_data.data.home.granepura.5-Kinases.Kinases_MCCE.Trial01.run_apo.2EUF_CYS01A0085_002
ForkPoolWorker-1: Calling delphi to calculate conformer (170/1130) CYS01A0085_003 in /tmp/pbe_data.data.home.granepura.5-Kinases.Kinases_MCCE.Trial01.run_apo.2EUF_CYS01A0085_003
ForkPoolWorker-1: Calling delphi to calculate conformer (171/1130) CYS-1A0085_004 in /tmp/pbe_data.data.home.granepura.5-Kinases.Kinases_MCCE.Trial01.run_apo.2EUF_CYS-1A0085_004
ForkPoolWorker-1: Calling delphi to calculate conformer (172/1130) LYS01A0086_001 in /tmp/pbe_data.data.home.granepura.5-Kinases.Kinases_MCCE.Trial01.run_apo.2EUF_LYS01A0086_001
ForkPoolWorker-1: Calling delphi to calculate conformer (173/1130) LYS+1A0086_002 in /tmp/pbe_data.data.home.granepura.5-Kinases.Kinases_MCCE.Trial01.run_apo.2EUF_LYS+1A0086_002
ForkPoolWorker-1: Calling delphi to calculate conformer (174/1130) LYS01A0087_001 in /tmp/pbe_data.data.home.granepura.5-Kinases.Kinases_MCCE.Trial01.run_apo.2EUF_LYS01A0087_001
ForkPoolWorker-1: Calling delphi to calculate conformer (175/1130) LYS+1A0087_002 in /tmp/pbe_data.data.home.granepura.5-Kinases.Kinases_MCCE.Trial01.run_apo.2EUF_LYS+1A0087_002
ForkPoolWorker-1: Calling delphi to calculate conformer (176/1130) GLN01A0088_001 in /tmp/pbe_data.data.home.granepura.5-Kinases.Kinases_MCCE.Trial01.run_apo.2EUF_GLN01A0088_001
ForkPoolWorker-1: Calling delphi to calculate conformer (177/1130) GLN01A0088_002 in /tmp/pbe_data.data.home.granepura.5-Kinases.Kinases_MCCE.Trial01.run_apo.2EUF_GLN01A0088_002
ForkPoolWorker-1: Calling delphi to calculate conformer (178/1130) THR01A0090_001 in /tmp/pbe_data.data.home.granepura.5-Kinases.Kinases_MCCE.Trial01.run_apo.2EUF_THR01A0090_001
ForkPoolWorker-1: Calling delphi to calculate conformer (179/1130) LYS01A0091_001 in /tmp/pbe_data.data.home.granepura.5-Kinases.Kinases_MCCE.Trial01.run_apo.2EUF_LYS01A0091_001
ForkPoolWorker-1: Calling delphi to calculate conformer (180/1130) LYS+1A0091_002 in /tmp/pbe_data.data.home.granepura.5-Kinases.Kinases_MCCE.Trial01.run_apo.2EUF_LYS+1A0091_002
ForkPoolWorker-1: Calling delphi to calculate conformer (181/1130) LYS01A0092_001 in /tmp/pbe_data.data.home.granepura.5-Kinases.Kinases_MCCE.Trial01.run_apo.2EUF_LYS01A0092_001
ForkPoolWorker-1: Calling delphi to calculate conformer (182/1130) LYS+1A0092_002 in /tmp/pbe_data.data.home.granepura.5-Kinases.Kinases_MCCE.Trial01.run_apo.2EUF_LYS+1A0092_002
ForkPoolWorker-1: Calling delphi to calculate conformer (183/1130) THR01A0093_001 in /tmp/pbe_data.data.home.granepura.5-Kinases.Kinases_MCCE.Trial01.run_apo.2EUF_THR01A0093_001
ForkPoolWorker-1: Calling delphi to calculate conformer (184/1130) THR01A0093_002 in /tmp/pbe_data.data.home.granepura.5-Kinases.Kinases_MCCE.Trial01.run_apo.2EUF_THR01A0093_002
Skipping PBE solver for non-charge conformer (185/1130) LEU01A0094_001...
ForkPoolWorker-1: Calling delphi to calculate conformer (186/1130) GLN01A0095_001 in /tmp/pbe_data.data.home.granepura.5-Kinases.Kinases_MCCE.Trial01.run_apo.2EUF_GLN01A0095_001
ForkPoolWorker-1: Calling delphi to calculate conformer (187/1130) GLN01A0095_002 in /tmp/pbe_data.data.home.granepura.5-Kinases.Kinases_MCCE.Trial01.run_apo.2EUF_GLN01A0095_002
ForkPoolWorker-1: Calling delphi to calculate conformer (188/1130) LYS01A0096_001 in /tmp/pbe_data.data.home.granepura.5-Kinases.Kinases_MCCE.Trial01.run_apo.2EUF_LYS01A0096_001
ForkPoolWorker-1: Calling delphi to calculate conformer (189/1130) LYS+1A0096_002 in /tmp/pbe_data.data.home.granepura.5-Kinases.Kinases_MCCE.Trial01.run_apo.2EUF_LYS+1A0096_002
Skipping PBE solver for non-charge conformer (190/1130) ILE01A0097_001...
Skipping PBE solver for non-charge conformer (191/1130) ALA01A0099_001...
Skipping PBE solver for non-charge conformer (192/1130) ALA01A0100_001...
ForkPoolWorker-1: Calling delphi to calculate conformer (193/1130) CYS01A0101_001 in /tmp/pbe_data.data.home.granepura.5-Kinases.Kinases_MCCE.Trial01.run_apo.2EUF_CYS01A0101_001
ForkPoolWorker-1: Calling delphi to calculate conformer (194/1130) CYS01A0101_002 in /tmp/pbe_data.data.home.granepura.5-Kinases.Kinases_MCCE.Trial01.run_apo.2EUF_CYS01A0101_002
ForkPoolWorker-1: Calling delphi to calculate conformer (195/1130) CYS01A0101_003 in /tmp/pbe_data.data.home.granepura.5-Kinases.Kinases_MCCE.Trial01.run_apo.2EUF_CYS01A0101_003
ForkPoolWorker-1: Calling delphi to calculate conformer (196/1130) CYS-1A0101_004 in /tmp/pbe_data.data.home.granepura.5-Kinases.Kinases_MCCE.Trial01.run_apo.2EUF_CYS-1A0101_004
Skipping PBE solver for non-charge conformer (197/1130) VAL01A0102_001...
Skipping PBE solver for non-charge conformer (198/1130) LEU01A0103_001...
Skipping PBE solver for non-charge conformer (199/1130) ILE01A0104_001...
ForkPoolWorker-1: Calling delphi to calculate conformer (200/1130) SER01A0106_001 in /tmp/pbe_data.data.home.granepura.5-Kinases.Kinases_MCCE.Trial01.run_apo.2EUF_SER01A0106_001
ForkPoolWorker-1: Calling delphi to calculate conformer (201/1130) SER01A0106_002 in /tmp/pbe_data.data.home.granepura.5-Kinases.Kinases_MCCE.Trial01.run_apo.2EUF_SER01A0106_002
ForkPoolWorker-1: Calling delphi to calculate conformer (202/1130) LYS01A0107_001 in /tmp/pbe_data.data.home.granepura.5-Kinases.Kinases_MCCE.Trial01.run_apo.2EUF_LYS01A0107_001
ForkPoolWorker-1: Calling delphi to calculate conformer (203/1130) LYS+1A0107_002 in /tmp/pbe_data.data.home.granepura.5-Kinases.Kinases_MCCE.Trial01.run_apo.2EUF_LYS+1A0107_002
Skipping PBE solver for non-charge conformer (204/1130) ILE01A0108_001...
ForkPoolWorker-1: Calling delphi to calculate conformer (205/1130) ARG01A0109_001 in /tmp/pbe_data.data.home.granepura.5-Kinases.Kinases_MCCE.Trial01.run_apo.2EUF_ARG01A0109_001
ForkPoolWorker-1: Calling delphi to calculate conformer (206/1130) ARG02A0109_002 in /tmp/pbe_data.data.home.granepura.5-Kinases.Kinases_MCCE.Trial01.run_apo.2EUF_ARG02A0109_002
ForkPoolWorker-1: Calling delphi to calculate conformer (207/1130) ARG02A0109_003 in /tmp/pbe_data.data.home.granepura.5-Kinases.Kinases_MCCE.Trial01.run_apo.2EUF_ARG02A0109_003
ForkPoolWorker-1: Calling delphi to calculate conformer (208/1130) ARG03A0109_004 in /tmp/pbe_data.data.home.granepura.5-Kinases.Kinases_MCCE.Trial01.run_apo.2EUF_ARG03A0109_004
ForkPoolWorker-1: Calling delphi to calculate conformer (209/1130) ARG03A0109_005 in /tmp/pbe_data.data.home.granepura.5-Kinases.Kinases_MCCE.Trial01.run_apo.2EUF_ARG03A0109_005
ForkPoolWorker-1: Calling delphi to calculate conformer (210/1130) ARG+1A0109_006 in /tmp/pbe_data.data.home.granepura.5-Kinases.Kinases_MCCE.Trial01.run_apo.2EUF_ARG+1A0109_006
ForkPoolWorker-1: Calling delphi to calculate conformer (211/1130) THR01A0110_001 in /tmp/pbe_data.data.home.granepura.5-Kinases.Kinases_MCCE.Trial01.run_apo.2EUF_THR01A0110_001
ForkPoolWorker-1: Calling delphi to calculate conformer (212/1130) THR01A0110_002 in /tmp/pbe_data.data.home.granepura.5-Kinases.Kinases_MCCE.Trial01.run_apo.2EUF_THR01A0110_002
Skipping PBE solver for non-charge conformer (213/1130) VAL01A0111_001...
ForkPoolWorker-1: Calling delphi to calculate conformer (214/1130) LYS01A0112_001 in /tmp/pbe_data.data.home.granepura.5-Kinases.Kinases_MCCE.Trial01.run_apo.2EUF_LYS01A0112_001
ForkPoolWorker-1: Calling delphi to calculate conformer (215/1130) LYS+1A0112_002 in /tmp/pbe_data.data.home.granepura.5-Kinases.Kinases_MCCE.Trial01.run_apo.2EUF_LYS+1A0112_002
Skipping PBE solver for non-charge conformer (216/1130) PRO01A0113_001...
ForkPoolWorker-1: Calling delphi to calculate conformer (217/1130) MET01A0114_001 in /tmp/pbe_data.data.home.granepura.5-Kinases.Kinases_MCCE.Trial01.run_apo.2EUF_MET01A0114_001
ForkPoolWorker-1: Calling delphi to calculate conformer (218/1130) THR01A0115_001 in /tmp/pbe_data.data.home.granepura.5-Kinases.Kinases_MCCE.Trial01.run_apo.2EUF_THR01A0115_001
ForkPoolWorker-1: Calling delphi to calculate conformer (219/1130) THR01A0115_002 in /tmp/pbe_data.data.home.granepura.5-Kinases.Kinases_MCCE.Trial01.run_apo.2EUF_THR01A0115_002
Skipping PBE solver for non-charge conformer (220/1130) VAL01A0116_001...
ForkPoolWorker-1: Calling delphi to calculate conformer (221/1130) SER01A0117_001 in /tmp/pbe_data.data.home.granepura.5-Kinases.Kinases_MCCE.Trial01.run_apo.2EUF_SER01A0117_001
ForkPoolWorker-1: Calling delphi to calculate conformer (222/1130) SER01A0117_002 in /tmp/pbe_data.data.home.granepura.5-Kinases.Kinases_MCCE.Trial01.run_apo.2EUF_SER01A0117_002
ForkPoolWorker-1: Calling delphi to calculate conformer (223/1130) LYS01A0118_001 in /tmp/pbe_data.data.home.granepura.5-Kinases.Kinases_MCCE.Trial01.run_apo.2EUF_LYS01A0118_001
ForkPoolWorker-1: Calling delphi to calculate conformer (224/1130) LYS+1A0118_002 in /tmp/pbe_data.data.home.granepura.5-Kinases.Kinases_MCCE.Trial01.run_apo.2EUF_LYS+1A0118_002
Skipping PBE solver for non-charge conformer (225/1130) LEU01A0119_001...
ForkPoolWorker-1: Calling delphi to calculate conformer (226/1130) THR01A0120_001 in /tmp/pbe_data.data.home.granepura.5-Kinases.Kinases_MCCE.Trial01.run_apo.2EUF_THR01A0120_001
ForkPoolWorker-1: Calling delphi to calculate conformer (227/1130) TYR01A0121_001 in /tmp/pbe_data.data.home.granepura.5-Kinases.Kinases_MCCE.Trial01.run_apo.2EUF_TYR01A0121_001
ForkPoolWorker-1: Calling delphi to calculate conformer (228/1130) TYR-1A0121_002 in /tmp/pbe_data.data.home.granepura.5-Kinases.Kinases_MCCE.Trial01.run_apo.2EUF_TYR-1A0121_002
Skipping PBE solver for non-charge conformer (229/1130) LEU01A0122_001...
ForkPoolWorker-1: Calling delphi to calculate conformer (230/1130) SER01A0123_001 in /tmp/pbe_data.data.home.granepura.5-Kinases.Kinases_MCCE.Trial01.run_apo.2EUF_SER01A0123_001
ForkPoolWorker-1: Calling delphi to calculate conformer (231/1130) SER01A0123_002 in /tmp/pbe_data.data.home.granepura.5-Kinases.Kinases_MCCE.Trial01.run_apo.2EUF_SER01A0123_002
Skipping PBE solver for non-charge conformer (232/1130) PHE01A0127_001...
ForkPoolWorker-1: Calling delphi to calculate conformer (233/1130) THR01A0128_001 in /tmp/pbe_data.data.home.granepura.5-Kinases.Kinases_MCCE.Trial01.run_apo.2EUF_THR01A0128_001
