INFO - step3.py: Step 3. Energies calculation with PBE solver.
INFO - step3.py: Calling new VDW....No Scaling Applied
INFO - step3.py:    Process run time options & convert step2_out.pdb.
INFO - step3.py:    Prepare input for PB solver.
INFO - step3.py:    Time needed: 0 seconds.
INFO - step3.py:    Set up parallel envrionment and run PB solver.
INFO - step3.py:    Running PBE solver in 1 threads
!!! Detected an existing run.prm.
If you intend to use this run.prm, either use mcce directly or rename run.prm and use "-load_runprm" to load it.
For now, run.prm is overwritten and will be restored at the end of this program. 

Warning: VDW_RAD SO401 " HO1" not defined in RADIUS parameter
Warning: VDW_RAD SO401 " HO2" not defined in RADIUS parameter
Warning: VDW_RAD SO4-1 " HO1" not defined in RADIUS parameter
INFO - step3.py: Skipping PBE solver for non-charge conformer (1/1130) LEU01A0008_001...
INFO - step3.py: ForkPoolWorker-1: Calling delphi to calculate conformer (2/1130) ASN01A0009_001 in /tmp/pbe_data.data.home.granepura.5-Kinases.Kinases_MCCE.Trial01.run_apo.2EUF_ASN01A0009_001
INFO - step3.py: ForkPoolWorker-1: Calling delphi to calculate conformer (3/1130) ASN01A0009_002 in /tmp/pbe_data.data.home.granepura.5-Kinases.Kinases_MCCE.Trial01.run_apo.2EUF_ASN01A0009_002
INFO - step3.py: ForkPoolWorker-1: Calling delphi to calculate conformer (4/1130) ARG01A0010_001 in /tmp/pbe_data.data.home.granepura.5-Kinases.Kinases_MCCE.Trial01.run_apo.2EUF_ARG01A0010_001
INFO - step3.py: ForkPoolWorker-1: Calling delphi to calculate conformer (5/1130) ARG02A0010_002 in /tmp/pbe_data.data.home.granepura.5-Kinases.Kinases_MCCE.Trial01.run_apo.2EUF_ARG02A0010_002
INFO - step3.py: ForkPoolWorker-1: Calling delphi to calculate conformer (6/1130) ARG03A0010_003 in /tmp/pbe_data.data.home.granepura.5-Kinases.Kinases_MCCE.Trial01.run_apo.2EUF_ARG03A0010_003
INFO - step3.py: ForkPoolWorker-1: Calling delphi to calculate conformer (7/1130) ARG+1A0010_004 in /tmp/pbe_data.data.home.granepura.5-Kinases.Kinases_MCCE.Trial01.run_apo.2EUF_ARG+1A0010_004
INFO - step3.py: Skipping PBE solver for non-charge conformer (8/1130) ALA01A0011_001...
INFO - step3.py: ForkPoolWorker-1: Calling delphi to calculate conformer (9/1130) LYS01A0012_001 in /tmp/pbe_data.data.home.granepura.5-Kinases.Kinases_MCCE.Trial01.run_apo.2EUF_LYS01A0012_001
INFO - step3.py: ForkPoolWorker-1: Calling delphi to calculate conformer (10/1130) LYS+1A0012_002 in /tmp/pbe_data.data.home.granepura.5-Kinases.Kinases_MCCE.Trial01.run_apo.2EUF_LYS+1A0012_002
INFO - step3.py: Skipping PBE solver for non-charge conformer (11/1130) ILE01A0013_001...
INFO - step3.py: ForkPoolWorker-1: Calling delphi to calculate conformer (12/1130) ASP01A0014_001 in /tmp/pbe_data.data.home.granepura.5-Kinases.Kinases_MCCE.Trial01.run_apo.2EUF_ASP01A0014_001
INFO - step3.py: ForkPoolWorker-1: Calling delphi to calculate conformer (13/1130) ASP01A0014_002 in /tmp/pbe_data.data.home.granepura.5-Kinases.Kinases_MCCE.Trial01.run_apo.2EUF_ASP01A0014_002
INFO - step3.py: ForkPoolWorker-1: Calling delphi to calculate conformer (14/1130) ASP02A0014_003 in /tmp/pbe_data.data.home.granepura.5-Kinases.Kinases_MCCE.Trial01.run_apo.2EUF_ASP02A0014_003
INFO - step3.py: ForkPoolWorker-1: Calling delphi to calculate conformer (15/1130) ASP02A0014_004 in /tmp/pbe_data.data.home.granepura.5-Kinases.Kinases_MCCE.Trial01.run_apo.2EUF_ASP02A0014_004
INFO - step3.py: ForkPoolWorker-1: Calling delphi to calculate conformer (16/1130) ASP-1A0014_005 in /tmp/pbe_data.data.home.granepura.5-Kinases.Kinases_MCCE.Trial01.run_apo.2EUF_ASP-1A0014_005
INFO - step3.py: ForkPoolWorker-1: Calling delphi to calculate conformer (17/1130) SER01A0015_001 in /tmp/pbe_data.data.home.granepura.5-Kinases.Kinases_MCCE.Trial01.run_apo.2EUF_SER01A0015_001
INFO - step3.py: ForkPoolWorker-1: Calling delphi to calculate conformer (18/1130) THR01A0016_001 in /tmp/pbe_data.data.home.granepura.5-Kinases.Kinases_MCCE.Trial01.run_apo.2EUF_THR01A0016_001
INFO - step3.py: ForkPoolWorker-1: Calling delphi to calculate conformer (19/1130) THR01A0016_002 in /tmp/pbe_data.data.home.granepura.5-Kinases.Kinases_MCCE.Trial01.run_apo.2EUF_THR01A0016_002
INFO - step3.py: ForkPoolWorker-1: Calling delphi to calculate conformer (20/1130) THR01A0017_001 in /tmp/pbe_data.data.home.granepura.5-Kinases.Kinases_MCCE.Trial01.run_apo.2EUF_THR01A0017_001
INFO - step3.py: ForkPoolWorker-1: Calling delphi to calculate conformer (21/1130) MET01A0018_001 in /tmp/pbe_data.data.home.granepura.5-Kinases.Kinases_MCCE.Trial01.run_apo.2EUF_MET01A0018_001
INFO - step3.py: ForkPoolWorker-1: Calling delphi to calculate conformer (22/1130) LYS01A0019_001 in /tmp/pbe_data.data.home.granepura.5-Kinases.Kinases_MCCE.Trial01.run_apo.2EUF_LYS01A0019_001
INFO - step3.py: ForkPoolWorker-1: Calling delphi to calculate conformer (23/1130) LYS+1A0019_002 in /tmp/pbe_data.data.home.granepura.5-Kinases.Kinases_MCCE.Trial01.run_apo.2EUF_LYS+1A0019_002
INFO - step3.py: ForkPoolWorker-1: Calling delphi to calculate conformer (24/1130) ASP01A0020_001 in /tmp/pbe_data.data.home.granepura.5-Kinases.Kinases_MCCE.Trial01.run_apo.2EUF_ASP01A0020_001
INFO - step3.py: ForkPoolWorker-1: Calling delphi to calculate conformer (25/1130) ASP01A0020_002 in /tmp/pbe_data.data.home.granepura.5-Kinases.Kinases_MCCE.Trial01.run_apo.2EUF_ASP01A0020_002
INFO - step3.py: ForkPoolWorker-1: Calling delphi to calculate conformer (26/1130) ASP02A0020_003 in /tmp/pbe_data.data.home.granepura.5-Kinases.Kinases_MCCE.Trial01.run_apo.2EUF_ASP02A0020_003
INFO - step3.py: ForkPoolWorker-1: Calling delphi to calculate conformer (27/1130) ASP02A0020_004 in /tmp/pbe_data.data.home.granepura.5-Kinases.Kinases_MCCE.Trial01.run_apo.2EUF_ASP02A0020_004
INFO - step3.py: ForkPoolWorker-1: Calling delphi to calculate conformer (28/1130) ASP-1A0020_005 in /tmp/pbe_data.data.home.granepura.5-Kinases.Kinases_MCCE.Trial01.run_apo.2EUF_ASP-1A0020_005
INFO - step3.py: Skipping PBE solver for non-charge conformer (29/1130) PRO01A0021_001...
INFO - step3.py: ForkPoolWorker-1: Calling delphi to calculate conformer (30/1130) ARG01A0022_001 in /tmp/pbe_data.data.home.granepura.5-Kinases.Kinases_MCCE.Trial01.run_apo.2EUF_ARG01A0022_001
INFO - step3.py: ForkPoolWorker-1: Calling delphi to calculate conformer (31/1130) ARG02A0022_002 in /tmp/pbe_data.data.home.granepura.5-Kinases.Kinases_MCCE.Trial01.run_apo.2EUF_ARG02A0022_002
INFO - step3.py: ForkPoolWorker-1: Calling delphi to calculate conformer (32/1130) ARG02A0022_003 in /tmp/pbe_data.data.home.granepura.5-Kinases.Kinases_MCCE.Trial01.run_apo.2EUF_ARG02A0022_003
INFO - step3.py: ForkPoolWorker-1: Calling delphi to calculate conformer (33/1130) ARG03A0022_004 in /tmp/pbe_data.data.home.granepura.5-Kinases.Kinases_MCCE.Trial01.run_apo.2EUF_ARG03A0022_004
INFO - step3.py: ForkPoolWorker-1: Calling delphi to calculate conformer (34/1130) ARG03A0022_005 in /tmp/pbe_data.data.home.granepura.5-Kinases.Kinases_MCCE.Trial01.run_apo.2EUF_ARG03A0022_005
INFO - step3.py: ForkPoolWorker-1: Calling delphi to calculate conformer (35/1130) ARG+1A0022_006 in /tmp/pbe_data.data.home.granepura.5-Kinases.Kinases_MCCE.Trial01.run_apo.2EUF_ARG+1A0022_006
INFO - step3.py: Skipping PBE solver for non-charge conformer (36/1130) VAL01A0023_001...
INFO - step3.py: Skipping PBE solver for non-charge conformer (37/1130) LEU01A0024_001...
INFO - step3.py: ForkPoolWorker-1: Calling delphi to calculate conformer (38/1130) ASN01A0025_001 in /tmp/pbe_data.data.home.granepura.5-Kinases.Kinases_MCCE.Trial01.run_apo.2EUF_ASN01A0025_001
INFO - step3.py: ForkPoolWorker-1: Calling delphi to calculate conformer (39/1130) ASN01A0025_002 in /tmp/pbe_data.data.home.granepura.5-Kinases.Kinases_MCCE.Trial01.run_apo.2EUF_ASN01A0025_002
INFO - step3.py: ForkPoolWorker-1: Calling delphi to calculate conformer (40/1130) ASN01A0026_001 in /tmp/pbe_data.data.home.granepura.5-Kinases.Kinases_MCCE.Trial01.run_apo.2EUF_ASN01A0026_001
INFO - step3.py: ForkPoolWorker-1: Calling delphi to calculate conformer (41/1130) ASN01A0026_002 in /tmp/pbe_data.data.home.granepura.5-Kinases.Kinases_MCCE.Trial01.run_apo.2EUF_ASN01A0026_002
INFO - step3.py: Skipping PBE solver for non-charge conformer (42/1130) LEU01A0027_001...
INFO - step3.py: ForkPoolWorker-1: Calling delphi to calculate conformer (43/1130) LYS01A0028_001 in /tmp/pbe_data.data.home.granepura.5-Kinases.Kinases_MCCE.Trial01.run_apo.2EUF_LYS01A0028_001
INFO - step3.py: ForkPoolWorker-1: Calling delphi to calculate conformer (44/1130) LYS+1A0028_002 in /tmp/pbe_data.data.home.granepura.5-Kinases.Kinases_MCCE.Trial01.run_apo.2EUF_LYS+1A0028_002
INFO - step3.py: Skipping PBE solver for non-charge conformer (45/1130) LEU01A0029_001...
INFO - step3.py: ForkPoolWorker-1: Calling delphi to calculate conformer (46/1130) ARG01A0030_001 in /tmp/pbe_data.data.home.granepura.5-Kinases.Kinases_MCCE.Trial01.run_apo.2EUF_ARG01A0030_001
INFO - step3.py: ForkPoolWorker-1: Calling delphi to calculate conformer (47/1130) ARG02A0030_002 in /tmp/pbe_data.data.home.granepura.5-Kinases.Kinases_MCCE.Trial01.run_apo.2EUF_ARG02A0030_002
INFO - step3.py: ForkPoolWorker-1: Calling delphi to calculate conformer (48/1130) ARG02A0030_003 in /tmp/pbe_data.data.home.granepura.5-Kinases.Kinases_MCCE.Trial01.run_apo.2EUF_ARG02A0030_003
INFO - step3.py: ForkPoolWorker-1: Calling delphi to calculate conformer (49/1130) ARG03A0030_004 in /tmp/pbe_data.data.home.granepura.5-Kinases.Kinases_MCCE.Trial01.run_apo.2EUF_ARG03A0030_004
INFO - step3.py: ForkPoolWorker-1: Calling delphi to calculate conformer (50/1130) ARG03A0030_005 in /tmp/pbe_data.data.home.granepura.5-Kinases.Kinases_MCCE.Trial01.run_apo.2EUF_ARG03A0030_005
INFO - step3.py: ForkPoolWorker-1: Calling delphi to calculate conformer (51/1130) ARG+1A0030_006 in /tmp/pbe_data.data.home.granepura.5-Kinases.Kinases_MCCE.Trial01.run_apo.2EUF_ARG+1A0030_006
INFO - step3.py: ForkPoolWorker-1: Calling delphi to calculate conformer (52/1130) GLU01A0031_001 in /tmp/pbe_data.data.home.granepura.5-Kinases.Kinases_MCCE.Trial01.run_apo.2EUF_GLU01A0031_001
INFO - step3.py: ForkPoolWorker-1: Calling delphi to calculate conformer (53/1130) GLU01A0031_002 in /tmp/pbe_data.data.home.granepura.5-Kinases.Kinases_MCCE.Trial01.run_apo.2EUF_GLU01A0031_002
INFO - step3.py: ForkPoolWorker-1: Calling delphi to calculate conformer (54/1130) GLU02A0031_003 in /tmp/pbe_data.data.home.granepura.5-Kinases.Kinases_MCCE.Trial01.run_apo.2EUF_GLU02A0031_003
INFO - step3.py: ForkPoolWorker-1: Calling delphi to calculate conformer (55/1130) GLU02A0031_004 in /tmp/pbe_data.data.home.granepura.5-Kinases.Kinases_MCCE.Trial01.run_apo.2EUF_GLU02A0031_004
INFO - step3.py: ForkPoolWorker-1: Calling delphi to calculate conformer (56/1130) GLU-1A0031_005 in /tmp/pbe_data.data.home.granepura.5-Kinases.Kinases_MCCE.Trial01.run_apo.2EUF_GLU-1A0031_005
INFO - step3.py: Skipping PBE solver for non-charge conformer (57/1130) LEU01A0032_001...
INFO - step3.py: Skipping PBE solver for non-charge conformer (58/1130) LEU01A0033_001...
INFO - step3.py: Skipping PBE solver for non-charge conformer (59/1130) LEU01A0034_001...
INFO - step3.py: Skipping PBE solver for non-charge conformer (60/1130) PRO01A0035_001...
INFO - step3.py: ForkPoolWorker-1: Calling delphi to calculate conformer (61/1130) LYS01A0036_001 in /tmp/pbe_data.data.home.granepura.5-Kinases.Kinases_MCCE.Trial01.run_apo.2EUF_LYS01A0036_001
INFO - step3.py: ForkPoolWorker-1: Calling delphi to calculate conformer (62/1130) LYS+1A0036_002 in /tmp/pbe_data.data.home.granepura.5-Kinases.Kinases_MCCE.Trial01.run_apo.2EUF_LYS+1A0036_002
INFO - step3.py: Skipping PBE solver for non-charge conformer (63/1130) PHE01A0037_001...
INFO - step3.py: ForkPoolWorker-1: Calling delphi to calculate conformer (64/1130) THR01A0038_001 in /tmp/pbe_data.data.home.granepura.5-Kinases.Kinases_MCCE.Trial01.run_apo.2EUF_THR01A0038_001
INFO - step3.py: ForkPoolWorker-1: Calling delphi to calculate conformer (65/1130) SER01A0039_001 in /tmp/pbe_data.data.home.granepura.5-Kinases.Kinases_MCCE.Trial01.run_apo.2EUF_SER01A0039_001
INFO - step3.py: ForkPoolWorker-1: Calling delphi to calculate conformer (66/1130) SER01A0039_002 in /tmp/pbe_data.data.home.granepura.5-Kinases.Kinases_MCCE.Trial01.run_apo.2EUF_SER01A0039_002
INFO - step3.py: ForkPoolWorker-1: Calling delphi to calculate conformer (67/1130) SER01A0039_003 in /tmp/pbe_data.data.home.granepura.5-Kinases.Kinases_MCCE.Trial01.run_apo.2EUF_SER01A0039_003
INFO - step3.py: Skipping PBE solver for non-charge conformer (68/1130) LEU01A0040_001...
INFO - step3.py: Skipping PBE solver for non-charge conformer (69/1130) TRP01A0041_001...
INFO - step3.py: ForkPoolWorker-1: Calling delphi to calculate conformer (70/1130) GLU01A0042_001 in /tmp/pbe_data.data.home.granepura.5-Kinases.Kinases_MCCE.Trial01.run_apo.2EUF_GLU01A0042_001
INFO - step3.py: ForkPoolWorker-1: Calling delphi to calculate conformer (71/1130) GLU01A0042_002 in /tmp/pbe_data.data.home.granepura.5-Kinases.Kinases_MCCE.Trial01.run_apo.2EUF_GLU01A0042_002
INFO - step3.py: ForkPoolWorker-1: Calling delphi to calculate conformer (72/1130) GLU02A0042_003 in /tmp/pbe_data.data.home.granepura.5-Kinases.Kinases_MCCE.Trial01.run_apo.2EUF_GLU02A0042_003
INFO - step3.py: ForkPoolWorker-1: Calling delphi to calculate conformer (73/1130) GLU02A0042_004 in /tmp/pbe_data.data.home.granepura.5-Kinases.Kinases_MCCE.Trial01.run_apo.2EUF_GLU02A0042_004
INFO - step3.py: ForkPoolWorker-1: Calling delphi to calculate conformer (74/1130) GLU-1A0042_005 in /tmp/pbe_data.data.home.granepura.5-Kinases.Kinases_MCCE.Trial01.run_apo.2EUF_GLU-1A0042_005
INFO - step3.py: Skipping PBE solver for non-charge conformer (75/1130) ILE01A0043_001...
INFO - step3.py: ForkPoolWorker-1: Calling delphi to calculate conformer (76/1130) GLN01A0044_001 in /tmp/pbe_data.data.home.granepura.5-Kinases.Kinases_MCCE.Trial01.run_apo.2EUF_GLN01A0044_001
INFO - step3.py: ForkPoolWorker-1: Calling delphi to calculate conformer (77/1130) GLN01A0044_002 in /tmp/pbe_data.data.home.granepura.5-Kinases.Kinases_MCCE.Trial01.run_apo.2EUF_GLN01A0044_002
INFO - step3.py: ForkPoolWorker-1: Calling delphi to calculate conformer (78/1130) THR01A0045_001 in /tmp/pbe_data.data.home.granepura.5-Kinases.Kinases_MCCE.Trial01.run_apo.2EUF_THR01A0045_001
INFO - step3.py: ForkPoolWorker-1: Calling delphi to calculate conformer (79/1130) THR01A0045_002 in /tmp/pbe_data.data.home.granepura.5-Kinases.Kinases_MCCE.Trial01.run_apo.2EUF_THR01A0045_002
INFO - step3.py: ForkPoolWorker-1: Calling delphi to calculate conformer (80/1130) GLU01A0046_001 in /tmp/pbe_data.data.home.granepura.5-Kinases.Kinases_MCCE.Trial01.run_apo.2EUF_GLU01A0046_001
INFO - step3.py: ForkPoolWorker-1: Calling delphi to calculate conformer (81/1130) GLU01A0046_002 in /tmp/pbe_data.data.home.granepura.5-Kinases.Kinases_MCCE.Trial01.run_apo.2EUF_GLU01A0046_002
INFO - step3.py: ForkPoolWorker-1: Calling delphi to calculate conformer (82/1130) GLU02A0046_003 in /tmp/pbe_data.data.home.granepura.5-Kinases.Kinases_MCCE.Trial01.run_apo.2EUF_GLU02A0046_003
INFO - step3.py: ForkPoolWorker-1: Calling delphi to calculate conformer (83/1130) GLU02A0046_004 in /tmp/pbe_data.data.home.granepura.5-Kinases.Kinases_MCCE.Trial01.run_apo.2EUF_GLU02A0046_004
INFO - step3.py: ForkPoolWorker-1: Calling delphi to calculate conformer (84/1130) GLU-1A0046_005 in /tmp/pbe_data.data.home.granepura.5-Kinases.Kinases_MCCE.Trial01.run_apo.2EUF_GLU-1A0046_005
INFO - step3.py: Skipping PBE solver for non-charge conformer (85/1130) VAL01A0047_001...
INFO - step3.py: ForkPoolWorker-1: Calling delphi to calculate conformer (86/1130) THR01A0048_001 in /tmp/pbe_data.data.home.granepura.5-Kinases.Kinases_MCCE.Trial01.run_apo.2EUF_THR01A0048_001
INFO - step3.py: ForkPoolWorker-1: Calling delphi to calculate conformer (87/1130) THR01A0048_002 in /tmp/pbe_data.data.home.granepura.5-Kinases.Kinases_MCCE.Trial01.run_apo.2EUF_THR01A0048_002
INFO - step3.py: Skipping PBE solver for non-charge conformer (88/1130) VAL01A0049_001...
INFO - step3.py: ForkPoolWorker-1: Calling delphi to calculate conformer (89/1130) ASP01A0050_001 in /tmp/pbe_data.data.home.granepura.5-Kinases.Kinases_MCCE.Trial01.run_apo.2EUF_ASP01A0050_001
INFO - step3.py: ForkPoolWorker-1: Calling delphi to calculate conformer (90/1130) ASP01A0050_002 in /tmp/pbe_data.data.home.granepura.5-Kinases.Kinases_MCCE.Trial01.run_apo.2EUF_ASP01A0050_002
INFO - step3.py: ForkPoolWorker-1: Calling delphi to calculate conformer (91/1130) ASP02A0050_003 in /tmp/pbe_data.data.home.granepura.5-Kinases.Kinases_MCCE.Trial01.run_apo.2EUF_ASP02A0050_003
INFO - step3.py: ForkPoolWorker-1: Calling delphi to calculate conformer (92/1130) ASP02A0050_004 in /tmp/pbe_data.data.home.granepura.5-Kinases.Kinases_MCCE.Trial01.run_apo.2EUF_ASP02A0050_004
INFO - step3.py: ForkPoolWorker-1: Calling delphi to calculate conformer (93/1130) ASP-1A0050_005 in /tmp/pbe_data.data.home.granepura.5-Kinases.Kinases_MCCE.Trial01.run_apo.2EUF_ASP-1A0050_005
INFO - step3.py: ForkPoolWorker-1: Calling delphi to calculate conformer (94/1130) ASN01A0051_001 in /tmp/pbe_data.data.home.granepura.5-Kinases.Kinases_MCCE.Trial01.run_apo.2EUF_ASN01A0051_001
INFO - step3.py: ForkPoolWorker-1: Calling delphi to calculate conformer (95/1130) ASN01A0051_002 in /tmp/pbe_data.data.home.granepura.5-Kinases.Kinases_MCCE.Trial01.run_apo.2EUF_ASN01A0051_002
INFO - step3.py: ForkPoolWorker-1: Calling delphi to calculate conformer (96/1130) ARG01A0052_001 in /tmp/pbe_data.data.home.granepura.5-Kinases.Kinases_MCCE.Trial01.run_apo.2EUF_ARG01A0052_001
INFO - step3.py: ForkPoolWorker-1: Calling delphi to calculate conformer (97/1130) ARG02A0052_002 in /tmp/pbe_data.data.home.granepura.5-Kinases.Kinases_MCCE.Trial01.run_apo.2EUF_ARG02A0052_002
INFO - step3.py: ForkPoolWorker-1: Calling delphi to calculate conformer (98/1130) ARG03A0052_003 in /tmp/pbe_data.data.home.granepura.5-Kinases.Kinases_MCCE.Trial01.run_apo.2EUF_ARG03A0052_003
INFO - step3.py: ForkPoolWorker-1: Calling delphi to calculate conformer (99/1130) ARG03A0052_004 in /tmp/pbe_data.data.home.granepura.5-Kinases.Kinases_MCCE.Trial01.run_apo.2EUF_ARG03A0052_004
INFO - step3.py: ForkPoolWorker-1: Calling delphi to calculate conformer (100/1130) ARG+1A0052_005 in /tmp/pbe_data.data.home.granepura.5-Kinases.Kinases_MCCE.Trial01.run_apo.2EUF_ARG+1A0052_005
INFO - step3.py: ForkPoolWorker-1: Calling delphi to calculate conformer (101/1130) THR01A0053_001 in /tmp/pbe_data.data.home.granepura.5-Kinases.Kinases_MCCE.Trial01.run_apo.2EUF_THR01A0053_001
INFO - step3.py: Skipping PBE solver for non-charge conformer (102/1130) ILE01A0054_001...
INFO - step3.py: Skipping PBE solver for non-charge conformer (103/1130) LEU01A0055_001...
INFO - step3.py: Skipping PBE solver for non-charge conformer (104/1130) LEU01A0056_001...
INFO - step3.py: ForkPoolWorker-1: Calling delphi to calculate conformer (105/1130) THR01A0057_001 in /tmp/pbe_data.data.home.granepura.5-Kinases.Kinases_MCCE.Trial01.run_apo.2EUF_THR01A0057_001
INFO - step3.py: Skipping PBE solver for non-charge conformer (106/1130) TRP01A0058_001...
INFO - step3.py: ForkPoolWorker-1: Calling delphi to calculate conformer (107/1130) MET01A0059_001 in /tmp/pbe_data.data.home.granepura.5-Kinases.Kinases_MCCE.Trial01.run_apo.2EUF_MET01A0059_001
INFO - step3.py: ForkPoolWorker-1: Calling delphi to calculate conformer (108/1130) HIS01A0060_001 in /tmp/pbe_data.data.home.granepura.5-Kinases.Kinases_MCCE.Trial01.run_apo.2EUF_HIS01A0060_001
INFO - step3.py: ForkPoolWorker-1: Calling delphi to calculate conformer (109/1130) HIS01A0060_002 in /tmp/pbe_data.data.home.granepura.5-Kinases.Kinases_MCCE.Trial01.run_apo.2EUF_HIS01A0060_002
INFO - step3.py: ForkPoolWorker-1: Calling delphi to calculate conformer (110/1130) HIS02A0060_003 in /tmp/pbe_data.data.home.granepura.5-Kinases.Kinases_MCCE.Trial01.run_apo.2EUF_HIS02A0060_003
INFO - step3.py: ForkPoolWorker-1: Calling delphi to calculate conformer (111/1130) HIS02A0060_004 in /tmp/pbe_data.data.home.granepura.5-Kinases.Kinases_MCCE.Trial01.run_apo.2EUF_HIS02A0060_004
INFO - step3.py: ForkPoolWorker-1: Calling delphi to calculate conformer (112/1130) HIS+1A0060_005 in /tmp/pbe_data.data.home.granepura.5-Kinases.Kinases_MCCE.Trial01.run_apo.2EUF_HIS+1A0060_005
INFO - step3.py: ForkPoolWorker-1: Calling delphi to calculate conformer (113/1130) HIS+1A0060_006 in /tmp/pbe_data.data.home.granepura.5-Kinases.Kinases_MCCE.Trial01.run_apo.2EUF_HIS+1A0060_006
INFO - step3.py: Skipping PBE solver for non-charge conformer (114/1130) LEU01A0061_001...
INFO - step3.py: Skipping PBE solver for non-charge conformer (115/1130) LEU01A0062_001...
INFO - step3.py: ForkPoolWorker-1: Calling delphi to calculate conformer (116/1130) CYS01A0063_001 in /tmp/pbe_data.data.home.granepura.5-Kinases.Kinases_MCCE.Trial01.run_apo.2EUF_CYS01A0063_001
INFO - step3.py: ForkPoolWorker-1: Calling delphi to calculate conformer (117/1130) CYS01A0063_002 in /tmp/pbe_data.data.home.granepura.5-Kinases.Kinases_MCCE.Trial01.run_apo.2EUF_CYS01A0063_002
INFO - step3.py: ForkPoolWorker-1: Calling delphi to calculate conformer (118/1130) CYS01A0063_003 in /tmp/pbe_data.data.home.granepura.5-Kinases.Kinases_MCCE.Trial01.run_apo.2EUF_CYS01A0063_003
INFO - step3.py: ForkPoolWorker-1: Calling delphi to calculate conformer (119/1130) CYS-1A0063_004 in /tmp/pbe_data.data.home.granepura.5-Kinases.Kinases_MCCE.Trial01.run_apo.2EUF_CYS-1A0063_004
INFO - step3.py: ForkPoolWorker-1: Calling delphi to calculate conformer (120/1130) GLU01A0064_001 in /tmp/pbe_data.data.home.granepura.5-Kinases.Kinases_MCCE.Trial01.run_apo.2EUF_GLU01A0064_001
INFO - step3.py: ForkPoolWorker-1: Calling delphi to calculate conformer (121/1130) GLU01A0064_002 in /tmp/pbe_data.data.home.granepura.5-Kinases.Kinases_MCCE.Trial01.run_apo.2EUF_GLU01A0064_002
INFO - step3.py: ForkPoolWorker-1: Calling delphi to calculate conformer (122/1130) GLU02A0064_003 in /tmp/pbe_data.data.home.granepura.5-Kinases.Kinases_MCCE.Trial01.run_apo.2EUF_GLU02A0064_003
INFO - step3.py: ForkPoolWorker-1: Calling delphi to calculate conformer (123/1130) GLU02A0064_004 in /tmp/pbe_data.data.home.granepura.5-Kinases.Kinases_MCCE.Trial01.run_apo.2EUF_GLU02A0064_004
INFO - step3.py: ForkPoolWorker-1: Calling delphi to calculate conformer (124/1130) GLU-1A0064_005 in /tmp/pbe_data.data.home.granepura.5-Kinases.Kinases_MCCE.Trial01.run_apo.2EUF_GLU-1A0064_005
INFO - step3.py: ForkPoolWorker-1: Calling delphi to calculate conformer (125/1130) SER01A0065_001 in /tmp/pbe_data.data.home.granepura.5-Kinases.Kinases_MCCE.Trial01.run_apo.2EUF_SER01A0065_001
INFO - step3.py: ForkPoolWorker-1: Calling delphi to calculate conformer (126/1130) SER01A0065_002 in /tmp/pbe_data.data.home.granepura.5-Kinases.Kinases_MCCE.Trial01.run_apo.2EUF_SER01A0065_002
INFO - step3.py: Skipping PBE solver for non-charge conformer (127/1130) PHE01A0066_001...
INFO - step3.py: ForkPoolWorker-1: Calling delphi to calculate conformer (128/1130) GLU01A0067_001 in /tmp/pbe_data.data.home.granepura.5-Kinases.Kinases_MCCE.Trial01.run_apo.2EUF_GLU01A0067_001
INFO - step3.py: ForkPoolWorker-1: Calling delphi to calculate conformer (129/1130) GLU01A0067_002 in /tmp/pbe_data.data.home.granepura.5-Kinases.Kinases_MCCE.Trial01.run_apo.2EUF_GLU01A0067_002
INFO - step3.py: ForkPoolWorker-1: Calling delphi to calculate conformer (130/1130) GLU02A0067_003 in /tmp/pbe_data.data.home.granepura.5-Kinases.Kinases_MCCE.Trial01.run_apo.2EUF_GLU02A0067_003
INFO - step3.py: ForkPoolWorker-1: Calling delphi to calculate conformer (131/1130) GLU02A0067_004 in /tmp/pbe_data.data.home.granepura.5-Kinases.Kinases_MCCE.Trial01.run_apo.2EUF_GLU02A0067_004
INFO - step3.py: ForkPoolWorker-1: Calling delphi to calculate conformer (132/1130) GLU-1A0067_005 in /tmp/pbe_data.data.home.granepura.5-Kinases.Kinases_MCCE.Trial01.run_apo.2EUF_GLU-1A0067_005
INFO - step3.py: Skipping PBE solver for non-charge conformer (133/1130) LEU01A0068_001...
INFO - step3.py: ForkPoolWorker-1: Calling delphi to calculate conformer (134/1130) ASP01A0069_001 in /tmp/pbe_data.data.home.granepura.5-Kinases.Kinases_MCCE.Trial01.run_apo.2EUF_ASP01A0069_001
INFO - step3.py: ForkPoolWorker-1: Calling delphi to calculate conformer (135/1130) ASP01A0069_002 in /tmp/pbe_data.data.home.granepura.5-Kinases.Kinases_MCCE.Trial01.run_apo.2EUF_ASP01A0069_002
INFO - step3.py: ForkPoolWorker-1: Calling delphi to calculate conformer (136/1130) ASP02A0069_003 in /tmp/pbe_data.data.home.granepura.5-Kinases.Kinases_MCCE.Trial01.run_apo.2EUF_ASP02A0069_003
INFO - step3.py: ForkPoolWorker-1: Calling delphi to calculate conformer (137/1130) ASP02A0069_004 in /tmp/pbe_data.data.home.granepura.5-Kinases.Kinases_MCCE.Trial01.run_apo.2EUF_ASP02A0069_004
INFO - step3.py: ForkPoolWorker-1: Calling delphi to calculate conformer (138/1130) ASP-1A0069_005 in /tmp/pbe_data.data.home.granepura.5-Kinases.Kinases_MCCE.Trial01.run_apo.2EUF_ASP-1A0069_005
INFO - step3.py: ForkPoolWorker-1: Calling delphi to calculate conformer (139/1130) LYS01A0070_001 in /tmp/pbe_data.data.home.granepura.5-Kinases.Kinases_MCCE.Trial01.run_apo.2EUF_LYS01A0070_001
INFO - step3.py: ForkPoolWorker-1: Calling delphi to calculate conformer (140/1130) LYS+1A0070_002 in /tmp/pbe_data.data.home.granepura.5-Kinases.Kinases_MCCE.Trial01.run_apo.2EUF_LYS+1A0070_002
INFO - step3.py: ForkPoolWorker-1: Calling delphi to calculate conformer (141/1130) SER01A0071_001 in /tmp/pbe_data.data.home.granepura.5-Kinases.Kinases_MCCE.Trial01.run_apo.2EUF_SER01A0071_001
INFO - step3.py: ForkPoolWorker-1: Calling delphi to calculate conformer (142/1130) SER01A0071_002 in /tmp/pbe_data.data.home.granepura.5-Kinases.Kinases_MCCE.Trial01.run_apo.2EUF_SER01A0071_002
INFO - step3.py: Skipping PBE solver for non-charge conformer (143/1130) VAL01A0072_001...
INFO - step3.py: Skipping PBE solver for non-charge conformer (144/1130) PHE01A0073_001...
INFO - step3.py: Skipping PBE solver for non-charge conformer (145/1130) PRO01A0074_001...
INFO - step3.py: Skipping PBE solver for non-charge conformer (146/1130) LEU01A0075_001...
INFO - step3.py: ForkPoolWorker-1: Calling delphi to calculate conformer (147/1130) SER01A0076_001 in /tmp/pbe_data.data.home.granepura.5-Kinases.Kinases_MCCE.Trial01.run_apo.2EUF_SER01A0076_001
INFO - step3.py: ForkPoolWorker-1: Calling delphi to calculate conformer (148/1130) SER01A0076_002 in /tmp/pbe_data.data.home.granepura.5-Kinases.Kinases_MCCE.Trial01.run_apo.2EUF_SER01A0076_002
INFO - step3.py: Skipping PBE solver for non-charge conformer (149/1130) VAL01A0077_001...
INFO - step3.py: ForkPoolWorker-1: Calling delphi to calculate conformer (150/1130) SER01A0078_001 in /tmp/pbe_data.data.home.granepura.5-Kinases.Kinases_MCCE.Trial01.run_apo.2EUF_SER01A0078_001
INFO - step3.py: ForkPoolWorker-1: Calling delphi to calculate conformer (151/1130) SER01A0078_002 in /tmp/pbe_data.data.home.granepura.5-Kinases.Kinases_MCCE.Trial01.run_apo.2EUF_SER01A0078_002
INFO - step3.py: Skipping PBE solver for non-charge conformer (152/1130) ILE01A0079_001...
INFO - step3.py: Skipping PBE solver for non-charge conformer (153/1130) LEU01A0080_001...
INFO - step3.py: ForkPoolWorker-1: Calling delphi to calculate conformer (154/1130) ASP01A0081_001 in /tmp/pbe_data.data.home.granepura.5-Kinases.Kinases_MCCE.Trial01.run_apo.2EUF_ASP01A0081_001
INFO - step3.py: ForkPoolWorker-1: Calling delphi to calculate conformer (155/1130) ASP01A0081_002 in /tmp/pbe_data.data.home.granepura.5-Kinases.Kinases_MCCE.Trial01.run_apo.2EUF_ASP01A0081_002
INFO - step3.py: ForkPoolWorker-1: Calling delphi to calculate conformer (156/1130) ASP02A0081_003 in /tmp/pbe_data.data.home.granepura.5-Kinases.Kinases_MCCE.Trial01.run_apo.2EUF_ASP02A0081_003
INFO - step3.py: ForkPoolWorker-1: Calling delphi to calculate conformer (157/1130) ASP02A0081_004 in /tmp/pbe_data.data.home.granepura.5-Kinases.Kinases_MCCE.Trial01.run_apo.2EUF_ASP02A0081_004
INFO - step3.py: ForkPoolWorker-1: Calling delphi to calculate conformer (158/1130) ASP-1A0081_005 in /tmp/pbe_data.data.home.granepura.5-Kinases.Kinases_MCCE.Trial01.run_apo.2EUF_ASP-1A0081_005
INFO - step3.py: ForkPoolWorker-1: Calling delphi to calculate conformer (159/1130) ARG01A0082_001 in /tmp/pbe_data.data.home.granepura.5-Kinases.Kinases_MCCE.Trial01.run_apo.2EUF_ARG01A0082_001
INFO - step3.py: ForkPoolWorker-1: Calling delphi to calculate conformer (160/1130) ARG02A0082_002 in /tmp/pbe_data.data.home.granepura.5-Kinases.Kinases_MCCE.Trial01.run_apo.2EUF_ARG02A0082_002
INFO - step3.py: ForkPoolWorker-1: Calling delphi to calculate conformer (161/1130) ARG03A0082_003 in /tmp/pbe_data.data.home.granepura.5-Kinases.Kinases_MCCE.Trial01.run_apo.2EUF_ARG03A0082_003
INFO - step3.py: ForkPoolWorker-1: Calling delphi to calculate conformer (162/1130) ARG03A0082_004 in /tmp/pbe_data.data.home.granepura.5-Kinases.Kinases_MCCE.Trial01.run_apo.2EUF_ARG03A0082_004
INFO - step3.py: ForkPoolWorker-1: Calling delphi to calculate conformer (163/1130) ARG+1A0082_005 in /tmp/pbe_data.data.home.granepura.5-Kinases.Kinases_MCCE.Trial01.run_apo.2EUF_ARG+1A0082_005
INFO - step3.py: ForkPoolWorker-1: Calling delphi to calculate conformer (164/1130) TYR01A0083_001 in /tmp/pbe_data.data.home.granepura.5-Kinases.Kinases_MCCE.Trial01.run_apo.2EUF_TYR01A0083_001
INFO - step3.py: ForkPoolWorker-1: Calling delphi to calculate conformer (165/1130) TYR01A0083_002 in /tmp/pbe_data.data.home.granepura.5-Kinases.Kinases_MCCE.Trial01.run_apo.2EUF_TYR01A0083_002
INFO - step3.py: ForkPoolWorker-1: Calling delphi to calculate conformer (166/1130) TYR-1A0083_003 in /tmp/pbe_data.data.home.granepura.5-Kinases.Kinases_MCCE.Trial01.run_apo.2EUF_TYR-1A0083_003
INFO - step3.py: Skipping PBE solver for non-charge conformer (167/1130) LEU01A0084_001...
INFO - step3.py: ForkPoolWorker-1: Calling delphi to calculate conformer (168/1130) CYS01A0085_001 in /tmp/pbe_data.data.home.granepura.5-Kinases.Kinases_MCCE.Trial01.run_apo.2EUF_CYS01A0085_001
INFO - step3.py: ForkPoolWorker-1: Calling delphi to calculate conformer (169/1130) CYS01A0085_002 in /tmp/pbe_data.data.home.granepura.5-Kinases.Kinases_MCCE.Trial01.run_apo.2EUF_CYS01A0085_002
INFO - step3.py: ForkPoolWorker-1: Calling delphi to calculate conformer (170/1130) CYS01A0085_003 in /tmp/pbe_data.data.home.granepura.5-Kinases.Kinases_MCCE.Trial01.run_apo.2EUF_CYS01A0085_003
INFO - step3.py: ForkPoolWorker-1: Calling delphi to calculate conformer (171/1130) CYS-1A0085_004 in /tmp/pbe_data.data.home.granepura.5-Kinases.Kinases_MCCE.Trial01.run_apo.2EUF_CYS-1A0085_004
INFO - step3.py: ForkPoolWorker-1: Calling delphi to calculate conformer (172/1130) LYS01A0086_001 in /tmp/pbe_data.data.home.granepura.5-Kinases.Kinases_MCCE.Trial01.run_apo.2EUF_LYS01A0086_001
INFO - step3.py: ForkPoolWorker-1: Calling delphi to calculate conformer (173/1130) LYS+1A0086_002 in /tmp/pbe_data.data.home.granepura.5-Kinases.Kinases_MCCE.Trial01.run_apo.2EUF_LYS+1A0086_002
INFO - step3.py: ForkPoolWorker-1: Calling delphi to calculate conformer (174/1130) LYS01A0087_001 in /tmp/pbe_data.data.home.granepura.5-Kinases.Kinases_MCCE.Trial01.run_apo.2EUF_LYS01A0087_001
INFO - step3.py: ForkPoolWorker-1: Calling delphi to calculate conformer (175/1130) LYS+1A0087_002 in /tmp/pbe_data.data.home.granepura.5-Kinases.Kinases_MCCE.Trial01.run_apo.2EUF_LYS+1A0087_002
INFO - step3.py: ForkPoolWorker-1: Calling delphi to calculate conformer (176/1130) GLN01A0088_001 in /tmp/pbe_data.data.home.granepura.5-Kinases.Kinases_MCCE.Trial01.run_apo.2EUF_GLN01A0088_001
INFO - step3.py: ForkPoolWorker-1: Calling delphi to calculate conformer (177/1130) GLN01A0088_002 in /tmp/pbe_data.data.home.granepura.5-Kinases.Kinases_MCCE.Trial01.run_apo.2EUF_GLN01A0088_002
INFO - step3.py: ForkPoolWorker-1: Calling delphi to calculate conformer (178/1130) THR01A0090_001 in /tmp/pbe_data.data.home.granepura.5-Kinases.Kinases_MCCE.Trial01.run_apo.2EUF_THR01A0090_001
INFO - step3.py: ForkPoolWorker-1: Calling delphi to calculate conformer (179/1130) LYS01A0091_001 in /tmp/pbe_data.data.home.granepura.5-Kinases.Kinases_MCCE.Trial01.run_apo.2EUF_LYS01A0091_001
INFO - step3.py: ForkPoolWorker-1: Calling delphi to calculate conformer (180/1130) LYS+1A0091_002 in /tmp/pbe_data.data.home.granepura.5-Kinases.Kinases_MCCE.Trial01.run_apo.2EUF_LYS+1A0091_002
INFO - step3.py: ForkPoolWorker-1: Calling delphi to calculate conformer (181/1130) LYS01A0092_001 in /tmp/pbe_data.data.home.granepura.5-Kinases.Kinases_MCCE.Trial01.run_apo.2EUF_LYS01A0092_001
INFO - step3.py: ForkPoolWorker-1: Calling delphi to calculate conformer (182/1130) LYS+1A0092_002 in /tmp/pbe_data.data.home.granepura.5-Kinases.Kinases_MCCE.Trial01.run_apo.2EUF_LYS+1A0092_002
INFO - step3.py: ForkPoolWorker-1: Calling delphi to calculate conformer (183/1130) THR01A0093_001 in /tmp/pbe_data.data.home.granepura.5-Kinases.Kinases_MCCE.Trial01.run_apo.2EUF_THR01A0093_001
INFO - step3.py: ForkPoolWorker-1: Calling delphi to calculate conformer (184/1130) THR01A0093_002 in /tmp/pbe_data.data.home.granepura.5-Kinases.Kinases_MCCE.Trial01.run_apo.2EUF_THR01A0093_002
INFO - step3.py: Skipping PBE solver for non-charge conformer (185/1130) LEU01A0094_001...
INFO - step3.py: ForkPoolWorker-1: Calling delphi to calculate conformer (186/1130) GLN01A0095_001 in /tmp/pbe_data.data.home.granepura.5-Kinases.Kinases_MCCE.Trial01.run_apo.2EUF_GLN01A0095_001
INFO - step3.py: ForkPoolWorker-1: Calling delphi to calculate conformer (187/1130) GLN01A0095_002 in /tmp/pbe_data.data.home.granepura.5-Kinases.Kinases_MCCE.Trial01.run_apo.2EUF_GLN01A0095_002
INFO - step3.py: ForkPoolWorker-1: Calling delphi to calculate conformer (188/1130) LYS01A0096_001 in /tmp/pbe_data.data.home.granepura.5-Kinases.Kinases_MCCE.Trial01.run_apo.2EUF_LYS01A0096_001
INFO - step3.py: ForkPoolWorker-1: Calling delphi to calculate conformer (189/1130) LYS+1A0096_002 in /tmp/pbe_data.data.home.granepura.5-Kinases.Kinases_MCCE.Trial01.run_apo.2EUF_LYS+1A0096_002
INFO - step3.py: Skipping PBE solver for non-charge conformer (190/1130) ILE01A0097_001...
INFO - step3.py: Skipping PBE solver for non-charge conformer (191/1130) ALA01A0099_001...
INFO - step3.py: Skipping PBE solver for non-charge conformer (192/1130) ALA01A0100_001...
INFO - step3.py: ForkPoolWorker-1: Calling delphi to calculate conformer (193/1130) CYS01A0101_001 in /tmp/pbe_data.data.home.granepura.5-Kinases.Kinases_MCCE.Trial01.run_apo.2EUF_CYS01A0101_001
INFO - step3.py: ForkPoolWorker-1: Calling delphi to calculate conformer (194/1130) CYS01A0101_002 in /tmp/pbe_data.data.home.granepura.5-Kinases.Kinases_MCCE.Trial01.run_apo.2EUF_CYS01A0101_002
INFO - step3.py: ForkPoolWorker-1: Calling delphi to calculate conformer (195/1130) CYS01A0101_003 in /tmp/pbe_data.data.home.granepura.5-Kinases.Kinases_MCCE.Trial01.run_apo.2EUF_CYS01A0101_003
INFO - step3.py: ForkPoolWorker-1: Calling delphi to calculate conformer (196/1130) CYS-1A0101_004 in /tmp/pbe_data.data.home.granepura.5-Kinases.Kinases_MCCE.Trial01.run_apo.2EUF_CYS-1A0101_004
INFO - step3.py: Skipping PBE solver for non-charge conformer (197/1130) VAL01A0102_001...
INFO - step3.py: Skipping PBE solver for non-charge conformer (198/1130) LEU01A0103_001...
INFO - step3.py: Skipping PBE solver for non-charge conformer (199/1130) ILE01A0104_001...
INFO - step3.py: ForkPoolWorker-1: Calling delphi to calculate conformer (200/1130) SER01A0106_001 in /tmp/pbe_data.data.home.granepura.5-Kinases.Kinases_MCCE.Trial01.run_apo.2EUF_SER01A0106_001
INFO - step3.py: ForkPoolWorker-1: Calling delphi to calculate conformer (201/1130) SER01A0106_002 in /tmp/pbe_data.data.home.granepura.5-Kinases.Kinases_MCCE.Trial01.run_apo.2EUF_SER01A0106_002
INFO - step3.py: ForkPoolWorker-1: Calling delphi to calculate conformer (202/1130) LYS01A0107_001 in /tmp/pbe_data.data.home.granepura.5-Kinases.Kinases_MCCE.Trial01.run_apo.2EUF_LYS01A0107_001
INFO - step3.py: ForkPoolWorker-1: Calling delphi to calculate conformer (203/1130) LYS+1A0107_002 in /tmp/pbe_data.data.home.granepura.5-Kinases.Kinases_MCCE.Trial01.run_apo.2EUF_LYS+1A0107_002
INFO - step3.py: Skipping PBE solver for non-charge conformer (204/1130) ILE01A0108_001...
INFO - step3.py: ForkPoolWorker-1: Calling delphi to calculate conformer (205/1130) ARG01A0109_001 in /tmp/pbe_data.data.home.granepura.5-Kinases.Kinases_MCCE.Trial01.run_apo.2EUF_ARG01A0109_001
INFO - step3.py: ForkPoolWorker-1: Calling delphi to calculate conformer (206/1130) ARG02A0109_002 in /tmp/pbe_data.data.home.granepura.5-Kinases.Kinases_MCCE.Trial01.run_apo.2EUF_ARG02A0109_002
INFO - step3.py: ForkPoolWorker-1: Calling delphi to calculate conformer (207/1130) ARG02A0109_003 in /tmp/pbe_data.data.home.granepura.5-Kinases.Kinases_MCCE.Trial01.run_apo.2EUF_ARG02A0109_003
INFO - step3.py: ForkPoolWorker-1: Calling delphi to calculate conformer (208/1130) ARG03A0109_004 in /tmp/pbe_data.data.home.granepura.5-Kinases.Kinases_MCCE.Trial01.run_apo.2EUF_ARG03A0109_004
INFO - step3.py: ForkPoolWorker-1: Calling delphi to calculate conformer (209/1130) ARG03A0109_005 in /tmp/pbe_data.data.home.granepura.5-Kinases.Kinases_MCCE.Trial01.run_apo.2EUF_ARG03A0109_005
INFO - step3.py: ForkPoolWorker-1: Calling delphi to calculate conformer (210/1130) ARG+1A0109_006 in /tmp/pbe_data.data.home.granepura.5-Kinases.Kinases_MCCE.Trial01.run_apo.2EUF_ARG+1A0109_006
INFO - step3.py: ForkPoolWorker-1: Calling delphi to calculate conformer (211/1130) THR01A0110_001 in /tmp/pbe_data.data.home.granepura.5-Kinases.Kinases_MCCE.Trial01.run_apo.2EUF_THR01A0110_001
INFO - step3.py: ForkPoolWorker-1: Calling delphi to calculate conformer (212/1130) THR01A0110_002 in /tmp/pbe_data.data.home.granepura.5-Kinases.Kinases_MCCE.Trial01.run_apo.2EUF_THR01A0110_002
INFO - step3.py: Skipping PBE solver for non-charge conformer (213/1130) VAL01A0111_001...
INFO - step3.py: ForkPoolWorker-1: Calling delphi to calculate conformer (214/1130) LYS01A0112_001 in /tmp/pbe_data.data.home.granepura.5-Kinases.Kinases_MCCE.Trial01.run_apo.2EUF_LYS01A0112_001
INFO - step3.py: ForkPoolWorker-1: Calling delphi to calculate conformer (215/1130) LYS+1A0112_002 in /tmp/pbe_data.data.home.granepura.5-Kinases.Kinases_MCCE.Trial01.run_apo.2EUF_LYS+1A0112_002
INFO - step3.py: Skipping PBE solver for non-charge conformer (216/1130) PRO01A0113_001...
INFO - step3.py: ForkPoolWorker-1: Calling delphi to calculate conformer (217/1130) MET01A0114_001 in /tmp/pbe_data.data.home.granepura.5-Kinases.Kinases_MCCE.Trial01.run_apo.2EUF_MET01A0114_001
INFO - step3.py: ForkPoolWorker-1: Calling delphi to calculate conformer (218/1130) THR01A0115_001 in /tmp/pbe_data.data.home.granepura.5-Kinases.Kinases_MCCE.Trial01.run_apo.2EUF_THR01A0115_001
INFO - step3.py: ForkPoolWorker-1: Calling delphi to calculate conformer (219/1130) THR01A0115_002 in /tmp/pbe_data.data.home.granepura.5-Kinases.Kinases_MCCE.Trial01.run_apo.2EUF_THR01A0115_002
INFO - step3.py: Skipping PBE solver for non-charge conformer (220/1130) VAL01A0116_001...
INFO - step3.py: ForkPoolWorker-1: Calling delphi to calculate conformer (221/1130) SER01A0117_001 in /tmp/pbe_data.data.home.granepura.5-Kinases.Kinases_MCCE.Trial01.run_apo.2EUF_SER01A0117_001
INFO - step3.py: ForkPoolWorker-1: Calling delphi to calculate conformer (222/1130) SER01A0117_002 in /tmp/pbe_data.data.home.granepura.5-Kinases.Kinases_MCCE.Trial01.run_apo.2EUF_SER01A0117_002
INFO - step3.py: ForkPoolWorker-1: Calling delphi to calculate conformer (223/1130) LYS01A0118_001 in /tmp/pbe_data.data.home.granepura.5-Kinases.Kinases_MCCE.Trial01.run_apo.2EUF_LYS01A0118_001
INFO - step3.py: ForkPoolWorker-1: Calling delphi to calculate conformer (224/1130) LYS+1A0118_002 in /tmp/pbe_data.data.home.granepura.5-Kinases.Kinases_MCCE.Trial01.run_apo.2EUF_LYS+1A0118_002
INFO - step3.py: Skipping PBE solver for non-charge conformer (225/1130) LEU01A0119_001...
INFO - step3.py: ForkPoolWorker-1: Calling delphi to calculate conformer (226/1130) THR01A0120_001 in /tmp/pbe_data.data.home.granepura.5-Kinases.Kinases_MCCE.Trial01.run_apo.2EUF_THR01A0120_001
INFO - step3.py: ForkPoolWorker-1: Calling delphi to calculate conformer (227/1130) TYR01A0121_001 in /tmp/pbe_data.data.home.granepura.5-Kinases.Kinases_MCCE.Trial01.run_apo.2EUF_TYR01A0121_001
INFO - step3.py: ForkPoolWorker-1: Calling delphi to calculate conformer (228/1130) TYR-1A0121_002 in /tmp/pbe_data.data.home.granepura.5-Kinases.Kinases_MCCE.Trial01.run_apo.2EUF_TYR-1A0121_002
INFO - step3.py: Skipping PBE solver for non-charge conformer (229/1130) LEU01A0122_001...
INFO - step3.py: ForkPoolWorker-1: Calling delphi to calculate conformer (230/1130) SER01A0123_001 in /tmp/pbe_data.data.home.granepura.5-Kinases.Kinases_MCCE.Trial01.run_apo.2EUF_SER01A0123_001
INFO - step3.py: ForkPoolWorker-1: Calling delphi to calculate conformer (231/1130) SER01A0123_002 in /tmp/pbe_data.data.home.granepura.5-Kinases.Kinases_MCCE.Trial01.run_apo.2EUF_SER01A0123_002
INFO - step3.py: Skipping PBE solver for non-charge conformer (232/1130) PHE01A0127_001...
INFO - step3.py: ForkPoolWorker-1: Calling delphi to calculate conformer (233/1130) THR01A0128_001 in /tmp/pbe_data.data.home.granepura.5-Kinases.Kinases_MCCE.Trial01.run_apo.2EUF_THR01A0128_001
INFO - step3.py: ForkPoolWorker-1: Calling delphi to calculate conformer (234/1130) THR01A0128_002 in /tmp/pbe_data.data.home.granepura.5-Kinases.Kinases_MCCE.Trial01.run_apo.2EUF_THR01A0128_002
INFO - step3.py: ForkPoolWorker-1: Calling delphi to calculate conformer (235/1130) THR01A0128_003 in /tmp/pbe_data.data.home.granepura.5-Kinases.Kinases_MCCE.Trial01.run_apo.2EUF_THR01A0128_003
INFO - step3.py: ForkPoolWorker-1: Calling delphi to calculate conformer (236/1130) ASN01A0129_001 in /tmp/pbe_data.data.home.granepura.5-Kinases.Kinases_MCCE.Trial01.run_apo.2EUF_ASN01A0129_001
INFO - step3.py: ForkPoolWorker-1: Calling delphi to calculate conformer (237/1130) ASN01A0129_002 in /tmp/pbe_data.data.home.granepura.5-Kinases.Kinases_MCCE.Trial01.run_apo.2EUF_ASN01A0129_002
INFO - step3.py: Skipping PBE solver for non-charge conformer (238/1130) LEU01A0130_001...
INFO - step3.py: ForkPoolWorker-1: Calling delphi to calculate conformer (239/1130) GLU01A0131_001 in /tmp/pbe_data.data.home.granepura.5-Kinases.Kinases_MCCE.Trial01.run_apo.2EUF_GLU01A0131_001
INFO - step3.py: ForkPoolWorker-1: Calling delphi to calculate conformer (240/1130) GLU01A0131_002 in /tmp/pbe_data.data.home.granepura.5-Kinases.Kinases_MCCE.Trial01.run_apo.2EUF_GLU01A0131_002
INFO - step3.py: ForkPoolWorker-1: Calling delphi to calculate conformer (241/1130) GLU02A0131_003 in /tmp/pbe_data.data.home.granepura.5-Kinases.Kinases_MCCE.Trial01.run_apo.2EUF_GLU02A0131_003
INFO - step3.py: ForkPoolWorker-1: Calling delphi to calculate conformer (242/1130) GLU02A0131_004 in /tmp/pbe_data.data.home.granepura.5-Kinases.Kinases_MCCE.Trial01.run_apo.2EUF_GLU02A0131_004
INFO - step3.py: ForkPoolWorker-1: Calling delphi to calculate conformer (243/1130) GLU-1A0131_005 in /tmp/pbe_data.data.home.granepura.5-Kinases.Kinases_MCCE.Trial01.run_apo.2EUF_GLU-1A0131_005
INFO - step3.py: Skipping PBE solver for non-charge conformer (244/1130) LEU01A0132_001...
INFO - step3.py: Skipping PBE solver for non-charge conformer (245/1130) ILE01A0133_001...
INFO - step3.py: ForkPoolWorker-1: Calling delphi to calculate conformer (246/1130) ASN01A0134_001 in /tmp/pbe_data.data.home.granepura.5-Kinases.Kinases_MCCE.Trial01.run_apo.2EUF_ASN01A0134_001
INFO - step3.py: ForkPoolWorker-1: Calling delphi to calculate conformer (247/1130) ASN01A0134_002 in /tmp/pbe_data.data.home.granepura.5-Kinases.Kinases_MCCE.Trial01.run_apo.2EUF_ASN01A0134_002
INFO - step3.py: ForkPoolWorker-1: Calling delphi to calculate conformer (248/1130) GLN01A0135_001 in /tmp/pbe_data.data.home.granepura.5-Kinases.Kinases_MCCE.Trial01.run_apo.2EUF_GLN01A0135_001
INFO - step3.py: ForkPoolWorker-1: Calling delphi to calculate conformer (249/1130) GLN01A0135_002 in /tmp/pbe_data.data.home.granepura.5-Kinases.Kinases_MCCE.Trial01.run_apo.2EUF_GLN01A0135_002
INFO - step3.py: ForkPoolWorker-1: Calling delphi to calculate conformer (250/1130) GLU01A0136_001 in /tmp/pbe_data.data.home.granepura.5-Kinases.Kinases_MCCE.Trial01.run_apo.2EUF_GLU01A0136_001
INFO - step3.py: ForkPoolWorker-1: Calling delphi to calculate conformer (251/1130) GLU01A0136_002 in /tmp/pbe_data.data.home.granepura.5-Kinases.Kinases_MCCE.Trial01.run_apo.2EUF_GLU01A0136_002
INFO - step3.py: ForkPoolWorker-1: Calling delphi to calculate conformer (252/1130) GLU02A0136_003 in /tmp/pbe_data.data.home.granepura.5-Kinases.Kinases_MCCE.Trial01.run_apo.2EUF_GLU02A0136_003
INFO - step3.py: ForkPoolWorker-1: Calling delphi to calculate conformer (253/1130) GLU02A0136_004 in /tmp/pbe_data.data.home.granepura.5-Kinases.Kinases_MCCE.Trial01.run_apo.2EUF_GLU02A0136_004
INFO - step3.py: ForkPoolWorker-1: Calling delphi to calculate conformer (254/1130) GLU-1A0136_005 in /tmp/pbe_data.data.home.granepura.5-Kinases.Kinases_MCCE.Trial01.run_apo.2EUF_GLU-1A0136_005
INFO - step3.py: ForkPoolWorker-1: Calling delphi to calculate conformer (255/1130) LYS01A0137_001 in /tmp/pbe_data.data.home.granepura.5-Kinases.Kinases_MCCE.Trial01.run_apo.2EUF_LYS01A0137_001
INFO - step3.py: ForkPoolWorker-1: Calling delphi to calculate conformer (256/1130) LYS+1A0137_002 in /tmp/pbe_data.data.home.granepura.5-Kinases.Kinases_MCCE.Trial01.run_apo.2EUF_LYS+1A0137_002
INFO - step3.py: ForkPoolWorker-1: Calling delphi to calculate conformer (257/1130) ASP01A0138_001 in /tmp/pbe_data.data.home.granepura.5-Kinases.Kinases_MCCE.Trial01.run_apo.2EUF_ASP01A0138_001
INFO - step3.py: ForkPoolWorker-1: Calling delphi to calculate conformer (258/1130) ASP01A0138_002 in /tmp/pbe_data.data.home.granepura.5-Kinases.Kinases_MCCE.Trial01.run_apo.2EUF_ASP01A0138_002
INFO - step3.py: ForkPoolWorker-1: Calling delphi to calculate conformer (259/1130) ASP02A0138_003 in /tmp/pbe_data.data.home.granepura.5-Kinases.Kinases_MCCE.Trial01.run_apo.2EUF_ASP02A0138_003
INFO - step3.py: ForkPoolWorker-1: Calling delphi to calculate conformer (260/1130) ASP02A0138_004 in /tmp/pbe_data.data.home.granepura.5-Kinases.Kinases_MCCE.Trial01.run_apo.2EUF_ASP02A0138_004
INFO - step3.py: ForkPoolWorker-1: Calling delphi to calculate conformer (261/1130) ASP-1A0138_005 in /tmp/pbe_data.data.home.granepura.5-Kinases.Kinases_MCCE.Trial01.run_apo.2EUF_ASP-1A0138_005
INFO - step3.py: Skipping PBE solver for non-charge conformer (262/1130) ILE01A0139_001...
INFO - step3.py: Skipping PBE solver for non-charge conformer (263/1130) LEU01A0140_001...
INFO - step3.py: ForkPoolWorker-1: Calling delphi to calculate conformer (264/1130) GLU01A0141_001 in /tmp/pbe_data.data.home.granepura.5-Kinases.Kinases_MCCE.Trial01.run_apo.2EUF_GLU01A0141_001
INFO - step3.py: ForkPoolWorker-1: Calling delphi to calculate conformer (265/1130) GLU01A0141_002 in /tmp/pbe_data.data.home.granepura.5-Kinases.Kinases_MCCE.Trial01.run_apo.2EUF_GLU01A0141_002
INFO - step3.py: ForkPoolWorker-1: Calling delphi to calculate conformer (266/1130) GLU02A0141_003 in /tmp/pbe_data.data.home.granepura.5-Kinases.Kinases_MCCE.Trial01.run_apo.2EUF_GLU02A0141_003
INFO - step3.py: ForkPoolWorker-1: Calling delphi to calculate conformer (267/1130) GLU02A0141_004 in /tmp/pbe_data.data.home.granepura.5-Kinases.Kinases_MCCE.Trial01.run_apo.2EUF_GLU02A0141_004
INFO - step3.py: ForkPoolWorker-1: Calling delphi to calculate conformer (268/1130) GLU-1A0141_005 in /tmp/pbe_data.data.home.granepura.5-Kinases.Kinases_MCCE.Trial01.run_apo.2EUF_GLU-1A0141_005
INFO - step3.py: Skipping PBE solver for non-charge conformer (269/1130) ALA01A0142_001...
INFO - step3.py: Skipping PBE solver for non-charge conformer (270/1130) LEU01A0143_001...
INFO - step3.py: ForkPoolWorker-1: Calling delphi to calculate conformer (271/1130) LYS01A0144_001 in /tmp/pbe_data.data.home.granepura.5-Kinases.Kinases_MCCE.Trial01.run_apo.2EUF_LYS01A0144_001
INFO - step3.py: ForkPoolWorker-1: Calling delphi to calculate conformer (272/1130) LYS+1A0144_002 in /tmp/pbe_data.data.home.granepura.5-Kinases.Kinases_MCCE.Trial01.run_apo.2EUF_LYS+1A0144_002
INFO - step3.py: Skipping PBE solver for non-charge conformer (273/1130) TRP01A0145_001...
INFO - step3.py: ForkPoolWorker-1: Calling delphi to calculate conformer (274/1130) ASP01A0146_001 in /tmp/pbe_data.data.home.granepura.5-Kinases.Kinases_MCCE.Trial01.run_apo.2EUF_ASP01A0146_001
INFO - step3.py: ForkPoolWorker-1: Calling delphi to calculate conformer (275/1130) ASP01A0146_002 in /tmp/pbe_data.data.home.granepura.5-Kinases.Kinases_MCCE.Trial01.run_apo.2EUF_ASP01A0146_002
INFO - step3.py: ForkPoolWorker-1: Calling delphi to calculate conformer (276/1130) ASP02A0146_003 in /tmp/pbe_data.data.home.granepura.5-Kinases.Kinases_MCCE.Trial01.run_apo.2EUF_ASP02A0146_003
INFO - step3.py: ForkPoolWorker-1: Calling delphi to calculate conformer (277/1130) ASP02A0146_004 in /tmp/pbe_data.data.home.granepura.5-Kinases.Kinases_MCCE.Trial01.run_apo.2EUF_ASP02A0146_004
INFO - step3.py: ForkPoolWorker-1: Calling delphi to calculate conformer (278/1130) ASP-1A0146_005 in /tmp/pbe_data.data.home.granepura.5-Kinases.Kinases_MCCE.Trial01.run_apo.2EUF_ASP-1A0146_005
INFO - step3.py: ForkPoolWorker-1: Calling delphi to calculate conformer (279/1130) THR01A0147_001 in /tmp/pbe_data.data.home.granepura.5-Kinases.Kinases_MCCE.Trial01.run_apo.2EUF_THR01A0147_001
INFO - step3.py: ForkPoolWorker-1: Calling delphi to calculate conformer (280/1130) THR01A0147_002 in /tmp/pbe_data.data.home.granepura.5-Kinases.Kinases_MCCE.Trial01.run_apo.2EUF_THR01A0147_002
INFO - step3.py: ForkPoolWorker-1: Calling delphi to calculate conformer (281/1130) GLU01A0148_001 in /tmp/pbe_data.data.home.granepura.5-Kinases.Kinases_MCCE.Trial01.run_apo.2EUF_GLU01A0148_001
INFO - step3.py: ForkPoolWorker-1: Calling delphi to calculate conformer (282/1130) GLU01A0148_002 in /tmp/pbe_data.data.home.granepura.5-Kinases.Kinases_MCCE.Trial01.run_apo.2EUF_GLU01A0148_002
INFO - step3.py: ForkPoolWorker-1: Calling delphi to calculate conformer (283/1130) GLU02A0148_003 in /tmp/pbe_data.data.home.granepura.5-Kinases.Kinases_MCCE.Trial01.run_apo.2EUF_GLU02A0148_003
INFO - step3.py: ForkPoolWorker-1: Calling delphi to calculate conformer (284/1130) GLU02A0148_004 in /tmp/pbe_data.data.home.granepura.5-Kinases.Kinases_MCCE.Trial01.run_apo.2EUF_GLU02A0148_004
INFO - step3.py: ForkPoolWorker-1: Calling delphi to calculate conformer (285/1130) GLU-1A0148_005 in /tmp/pbe_data.data.home.granepura.5-Kinases.Kinases_MCCE.Trial01.run_apo.2EUF_GLU-1A0148_005
INFO - step3.py: Skipping PBE solver for non-charge conformer (286/1130) ALA01A0149_001...
INFO - step3.py: Skipping PBE solver for non-charge conformer (287/1130) VAL01A0150_001...
INFO - step3.py: Skipping PBE solver for non-charge conformer (288/1130) LEU01A0151_001...
INFO - step3.py: Skipping PBE solver for non-charge conformer (289/1130) ALA01A0152_001...
INFO - step3.py: ForkPoolWorker-1: Calling delphi to calculate conformer (290/1130) THR01A0153_001 in /tmp/pbe_data.data.home.granepura.5-Kinases.Kinases_MCCE.Trial01.run_apo.2EUF_THR01A0153_001
INFO - step3.py: ForkPoolWorker-1: Calling delphi to calculate conformer (291/1130) THR01A0153_002 in /tmp/pbe_data.data.home.granepura.5-Kinases.Kinases_MCCE.Trial01.run_apo.2EUF_THR01A0153_002
INFO - step3.py: ForkPoolWorker-1: Calling delphi to calculate conformer (292/1130) ASP01A0154_001 in /tmp/pbe_data.data.home.granepura.5-Kinases.Kinases_MCCE.Trial01.run_apo.2EUF_ASP01A0154_001
INFO - step3.py: ForkPoolWorker-1: Calling delphi to calculate conformer (293/1130) ASP01A0154_002 in /tmp/pbe_data.data.home.granepura.5-Kinases.Kinases_MCCE.Trial01.run_apo.2EUF_ASP01A0154_002
INFO - step3.py: ForkPoolWorker-1: Calling delphi to calculate conformer (294/1130) ASP01A0154_003 in /tmp/pbe_data.data.home.granepura.5-Kinases.Kinases_MCCE.Trial01.run_apo.2EUF_ASP01A0154_003
INFO - step3.py: ForkPoolWorker-1: Calling delphi to calculate conformer (295/1130) ASP01A0154_004 in /tmp/pbe_data.data.home.granepura.5-Kinases.Kinases_MCCE.Trial01.run_apo.2EUF_ASP01A0154_004
INFO - step3.py: ForkPoolWorker-1: Calling delphi to calculate conformer (296/1130) ASP02A0154_005 in /tmp/pbe_data.data.home.granepura.5-Kinases.Kinases_MCCE.Trial01.run_apo.2EUF_ASP02A0154_005
INFO - step3.py: ForkPoolWorker-1: Calling delphi to calculate conformer (297/1130) ASP02A0154_006 in /tmp/pbe_data.data.home.granepura.5-Kinases.Kinases_MCCE.Trial01.run_apo.2EUF_ASP02A0154_006
INFO - step3.py: ForkPoolWorker-1: Calling delphi to calculate conformer (298/1130) ASP02A0154_007 in /tmp/pbe_data.data.home.granepura.5-Kinases.Kinases_MCCE.Trial01.run_apo.2EUF_ASP02A0154_007
INFO - step3.py: ForkPoolWorker-1: Calling delphi to calculate conformer (299/1130) ASP02A0154_008 in /tmp/pbe_data.data.home.granepura.5-Kinases.Kinases_MCCE.Trial01.run_apo.2EUF_ASP02A0154_008
INFO - step3.py: ForkPoolWorker-1: Calling delphi to calculate conformer (300/1130) ASP-1A0154_009 in /tmp/pbe_data.data.home.granepura.5-Kinases.Kinases_MCCE.Trial01.run_apo.2EUF_ASP-1A0154_009
INFO - step3.py: ForkPoolWorker-1: Calling delphi to calculate conformer (301/1130) ASP-1A0154_010 in /tmp/pbe_data.data.home.granepura.5-Kinases.Kinases_MCCE.Trial01.run_apo.2EUF_ASP-1A0154_010
INFO - step3.py: Skipping PBE solver for non-charge conformer (302/1130) PHE01A0155_001...
INFO - step3.py: Skipping PBE solver for non-charge conformer (303/1130) LEU01A0156_001...
INFO - step3.py: Skipping PBE solver for non-charge conformer (304/1130) ILE01A0157_001...
INFO - step3.py: Skipping PBE solver for non-charge conformer (305/1130) PRO01A0158_001...
INFO - step3.py: Skipping PBE solver for non-charge conformer (306/1130) LEU01A0159_001...
INFO - step3.py: ForkPoolWorker-1: Calling delphi to calculate conformer (307/1130) CYS01A0160_001 in /tmp/pbe_data.data.home.granepura.5-Kinases.Kinases_MCCE.Trial01.run_apo.2EUF_CYS01A0160_001
INFO - step3.py: ForkPoolWorker-1: Calling delphi to calculate conformer (308/1130) CYS01A0160_002 in /tmp/pbe_data.data.home.granepura.5-Kinases.Kinases_MCCE.Trial01.run_apo.2EUF_CYS01A0160_002
INFO - step3.py: ForkPoolWorker-1: Calling delphi to calculate conformer (309/1130) CYS01A0160_003 in /tmp/pbe_data.data.home.granepura.5-Kinases.Kinases_MCCE.Trial01.run_apo.2EUF_CYS01A0160_003
INFO - step3.py: ForkPoolWorker-1: Calling delphi to calculate conformer (310/1130) CYS-1A0160_004 in /tmp/pbe_data.data.home.granepura.5-Kinases.Kinases_MCCE.Trial01.run_apo.2EUF_CYS-1A0160_004
INFO - step3.py: ForkPoolWorker-1: Calling delphi to calculate conformer (311/1130) ASN01A0161_001 in /tmp/pbe_data.data.home.granepura.5-Kinases.Kinases_MCCE.Trial01.run_apo.2EUF_ASN01A0161_001
INFO - step3.py: Skipping PBE solver for non-charge conformer (312/1130) ALA01A0162_001...
INFO - step3.py: Skipping PBE solver for non-charge conformer (313/1130) LEU01A0163_001...
INFO - step3.py: ForkPoolWorker-1: Calling delphi to calculate conformer (314/1130) LYS01A0164_001 in /tmp/pbe_data.data.home.granepura.5-Kinases.Kinases_MCCE.Trial01.run_apo.2EUF_LYS01A0164_001
INFO - step3.py: ForkPoolWorker-1: Calling delphi to calculate conformer (315/1130) LYS+1A0164_002 in /tmp/pbe_data.data.home.granepura.5-Kinases.Kinases_MCCE.Trial01.run_apo.2EUF_LYS+1A0164_002
INFO - step3.py: Skipping PBE solver for non-charge conformer (316/1130) ILE01A0165_001...
INFO - step3.py: Skipping PBE solver for non-charge conformer (317/1130) PRO01A0166_001...
INFO - step3.py: ForkPoolWorker-1: Calling delphi to calculate conformer (318/1130) GLU01A0167_001 in /tmp/pbe_data.data.home.granepura.5-Kinases.Kinases_MCCE.Trial01.run_apo.2EUF_GLU01A0167_001
INFO - step3.py: ForkPoolWorker-1: Calling delphi to calculate conformer (319/1130) GLU01A0167_002 in /tmp/pbe_data.data.home.granepura.5-Kinases.Kinases_MCCE.Trial01.run_apo.2EUF_GLU01A0167_002
INFO - step3.py: ForkPoolWorker-1: Calling delphi to calculate conformer (320/1130) GLU02A0167_003 in /tmp/pbe_data.data.home.granepura.5-Kinases.Kinases_MCCE.Trial01.run_apo.2EUF_GLU02A0167_003
INFO - step3.py: ForkPoolWorker-1: Calling delphi to calculate conformer (321/1130) GLU02A0167_004 in /tmp/pbe_data.data.home.granepura.5-Kinases.Kinases_MCCE.Trial01.run_apo.2EUF_GLU02A0167_004
INFO - step3.py: ForkPoolWorker-1: Calling delphi to calculate conformer (322/1130) GLU-1A0167_005 in /tmp/pbe_data.data.home.granepura.5-Kinases.Kinases_MCCE.Trial01.run_apo.2EUF_GLU-1A0167_005
INFO - step3.py: ForkPoolWorker-1: Calling delphi to calculate conformer (323/1130) ASP01A0168_001 in /tmp/pbe_data.data.home.granepura.5-Kinases.Kinases_MCCE.Trial01.run_apo.2EUF_ASP01A0168_001
INFO - step3.py: ForkPoolWorker-1: Calling delphi to calculate conformer (324/1130) ASP01A0168_002 in /tmp/pbe_data.data.home.granepura.5-Kinases.Kinases_MCCE.Trial01.run_apo.2EUF_ASP01A0168_002
INFO - step3.py: ForkPoolWorker-1: Calling delphi to calculate conformer (325/1130) ASP02A0168_003 in /tmp/pbe_data.data.home.granepura.5-Kinases.Kinases_MCCE.Trial01.run_apo.2EUF_ASP02A0168_003
INFO - step3.py: ForkPoolWorker-1: Calling delphi to calculate conformer (326/1130) ASP02A0168_004 in /tmp/pbe_data.data.home.granepura.5-Kinases.Kinases_MCCE.Trial01.run_apo.2EUF_ASP02A0168_004
INFO - step3.py: ForkPoolWorker-1: Calling delphi to calculate conformer (327/1130) ASP-1A0168_005 in /tmp/pbe_data.data.home.granepura.5-Kinases.Kinases_MCCE.Trial01.run_apo.2EUF_ASP-1A0168_005
INFO - step3.py: Skipping PBE solver for non-charge conformer (328/1130) LEU01A0169_001...
INFO - step3.py: Skipping PBE solver for non-charge conformer (329/1130) TRP01A0170_001...
INFO - step3.py: Skipping PBE solver for non-charge conformer (330/1130) PRO01A0171_001...
INFO - step3.py: ForkPoolWorker-1: Calling delphi to calculate conformer (331/1130) GLN01A0172_001 in /tmp/pbe_data.data.home.granepura.5-Kinases.Kinases_MCCE.Trial01.run_apo.2EUF_GLN01A0172_001
INFO - step3.py: ForkPoolWorker-1: Calling delphi to calculate conformer (332/1130) GLN01A0172_002 in /tmp/pbe_data.data.home.granepura.5-Kinases.Kinases_MCCE.Trial01.run_apo.2EUF_GLN01A0172_002
INFO - step3.py: Skipping PBE solver for non-charge conformer (333/1130) LEU01A0173_001...
INFO - step3.py: ForkPoolWorker-1: Calling delphi to calculate conformer (334/1130) TYR01A0174_001 in /tmp/pbe_data.data.home.granepura.5-Kinases.Kinases_MCCE.Trial01.run_apo.2EUF_TYR01A0174_001
INFO - step3.py: ForkPoolWorker-1: Calling delphi to calculate conformer (335/1130) TYR-1A0174_002 in /tmp/pbe_data.data.home.granepura.5-Kinases.Kinases_MCCE.Trial01.run_apo.2EUF_TYR-1A0174_002
INFO - step3.py: ForkPoolWorker-1: Calling delphi to calculate conformer (336/1130) GLU01A0175_001 in /tmp/pbe_data.data.home.granepura.5-Kinases.Kinases_MCCE.Trial01.run_apo.2EUF_GLU01A0175_001
INFO - step3.py: ForkPoolWorker-1: Calling delphi to calculate conformer (337/1130) GLU01A0175_002 in /tmp/pbe_data.data.home.granepura.5-Kinases.Kinases_MCCE.Trial01.run_apo.2EUF_GLU01A0175_002
INFO - step3.py: ForkPoolWorker-1: Calling delphi to calculate conformer (338/1130) GLU02A0175_003 in /tmp/pbe_data.data.home.granepura.5-Kinases.Kinases_MCCE.Trial01.run_apo.2EUF_GLU02A0175_003
INFO - step3.py: ForkPoolWorker-1: Calling delphi to calculate conformer (339/1130) GLU02A0175_004 in /tmp/pbe_data.data.home.granepura.5-Kinases.Kinases_MCCE.Trial01.run_apo.2EUF_GLU02A0175_004
INFO - step3.py: ForkPoolWorker-1: Calling delphi to calculate conformer (340/1130) GLU-1A0175_005 in /tmp/pbe_data.data.home.granepura.5-Kinases.Kinases_MCCE.Trial01.run_apo.2EUF_GLU-1A0175_005
INFO - step3.py: Skipping PBE solver for non-charge conformer (341/1130) ALA01A0176_001...
INFO - step3.py: Skipping PBE solver for non-charge conformer (342/1130) ALA01A0177_001...
INFO - step3.py: ForkPoolWorker-1: Calling delphi to calculate conformer (343/1130) SER01A0178_001 in /tmp/pbe_data.data.home.granepura.5-Kinases.Kinases_MCCE.Trial01.run_apo.2EUF_SER01A0178_001
INFO - step3.py: ForkPoolWorker-1: Calling delphi to calculate conformer (344/1130) SER01A0178_002 in /tmp/pbe_data.data.home.granepura.5-Kinases.Kinases_MCCE.Trial01.run_apo.2EUF_SER01A0178_002
INFO - step3.py: ForkPoolWorker-1: Calling delphi to calculate conformer (345/1130) SER01A0178_003 in /tmp/pbe_data.data.home.granepura.5-Kinases.Kinases_MCCE.Trial01.run_apo.2EUF_SER01A0178_003
INFO - step3.py: ForkPoolWorker-1: Calling delphi to calculate conformer (346/1130) THR01A0179_001 in /tmp/pbe_data.data.home.granepura.5-Kinases.Kinases_MCCE.Trial01.run_apo.2EUF_THR01A0179_001
INFO - step3.py: ForkPoolWorker-1: Calling delphi to calculate conformer (347/1130) THR01A0179_002 in /tmp/pbe_data.data.home.granepura.5-Kinases.Kinases_MCCE.Trial01.run_apo.2EUF_THR01A0179_002
INFO - step3.py: ForkPoolWorker-1: Calling delphi to calculate conformer (348/1130) THR01A0179_003 in /tmp/pbe_data.data.home.granepura.5-Kinases.Kinases_MCCE.Trial01.run_apo.2EUF_THR01A0179_003
INFO - step3.py: ForkPoolWorker-1: Calling delphi to calculate conformer (349/1130) THR01A0180_001 in /tmp/pbe_data.data.home.granepura.5-Kinases.Kinases_MCCE.Trial01.run_apo.2EUF_THR01A0180_001
INFO - step3.py: Skipping PBE solver for non-charge conformer (350/1130) ILE01A0181_001...
INFO - step3.py: ForkPoolWorker-1: Calling delphi to calculate conformer (351/1130) CYS01A0182_001 in /tmp/pbe_data.data.home.granepura.5-Kinases.Kinases_MCCE.Trial01.run_apo.2EUF_CYS01A0182_001
INFO - step3.py: ForkPoolWorker-1: Calling delphi to calculate conformer (352/1130) CYS01A0182_002 in /tmp/pbe_data.data.home.granepura.5-Kinases.Kinases_MCCE.Trial01.run_apo.2EUF_CYS01A0182_002
INFO - step3.py: ForkPoolWorker-1: Calling delphi to calculate conformer (353/1130) CYS01A0182_003 in /tmp/pbe_data.data.home.granepura.5-Kinases.Kinases_MCCE.Trial01.run_apo.2EUF_CYS01A0182_003
INFO - step3.py: ForkPoolWorker-1: Calling delphi to calculate conformer (354/1130) CYS-1A0182_004 in /tmp/pbe_data.data.home.granepura.5-Kinases.Kinases_MCCE.Trial01.run_apo.2EUF_CYS-1A0182_004
INFO - step3.py: ForkPoolWorker-1: Calling delphi to calculate conformer (355/1130) LYS01A0183_001 in /tmp/pbe_data.data.home.granepura.5-Kinases.Kinases_MCCE.Trial01.run_apo.2EUF_LYS01A0183_001
INFO - step3.py: ForkPoolWorker-1: Calling delphi to calculate conformer (356/1130) LYS+1A0183_002 in /tmp/pbe_data.data.home.granepura.5-Kinases.Kinases_MCCE.Trial01.run_apo.2EUF_LYS+1A0183_002
INFO - step3.py: Skipping PBE solver for non-charge conformer (357/1130) ALA01A0184_001...
INFO - step3.py: Skipping PBE solver for non-charge conformer (358/1130) LEU01A0185_001...
INFO - step3.py: Skipping PBE solver for non-charge conformer (359/1130) ILE01A0186_001...
INFO - step3.py: ForkPoolWorker-1: Calling delphi to calculate conformer (360/1130) GLN01A0187_001 in /tmp/pbe_data.data.home.granepura.5-Kinases.Kinases_MCCE.Trial01.run_apo.2EUF_GLN01A0187_001
INFO - step3.py: ForkPoolWorker-1: Calling delphi to calculate conformer (361/1130) GLN01A0187_002 in /tmp/pbe_data.data.home.granepura.5-Kinases.Kinases_MCCE.Trial01.run_apo.2EUF_GLN01A0187_002
INFO - step3.py: Skipping PBE solver for non-charge conformer (362/1130) PRO01A0188_001...
INFO - step3.py: ForkPoolWorker-1: Calling delphi to calculate conformer (363/1130) ASN01A0189_001 in /tmp/pbe_data.data.home.granepura.5-Kinases.Kinases_MCCE.Trial01.run_apo.2EUF_ASN01A0189_001
INFO - step3.py: ForkPoolWorker-1: Calling delphi to calculate conformer (364/1130) ASN01A0189_002 in /tmp/pbe_data.data.home.granepura.5-Kinases.Kinases_MCCE.Trial01.run_apo.2EUF_ASN01A0189_002
INFO - step3.py: Skipping PBE solver for non-charge conformer (365/1130) ILE01A0190_001...
INFO - step3.py: Skipping PBE solver for non-charge conformer (366/1130) ALA01A0191_001...
INFO - step3.py: Skipping PBE solver for non-charge conformer (367/1130) LEU01A0192_001...
INFO - step3.py: Skipping PBE solver for non-charge conformer (368/1130) LEU01A0193_001...
INFO - step3.py: ForkPoolWorker-1: Calling delphi to calculate conformer (369/1130) SER01A0194_001 in /tmp/pbe_data.data.home.granepura.5-Kinases.Kinases_MCCE.Trial01.run_apo.2EUF_SER01A0194_001
INFO - step3.py: ForkPoolWorker-1: Calling delphi to calculate conformer (370/1130) SER01A0194_002 in /tmp/pbe_data.data.home.granepura.5-Kinases.Kinases_MCCE.Trial01.run_apo.2EUF_SER01A0194_002
INFO - step3.py: ForkPoolWorker-1: Calling delphi to calculate conformer (371/1130) SER01A0194_003 in /tmp/pbe_data.data.home.granepura.5-Kinases.Kinases_MCCE.Trial01.run_apo.2EUF_SER01A0194_003
INFO - step3.py: Skipping PBE solver for non-charge conformer (372/1130) PRO01A0195_001...
INFO - step3.py: Skipping PBE solver for non-charge conformer (373/1130) LEU01A0197_001...
INFO - step3.py: Skipping PBE solver for non-charge conformer (374/1130) ILE01A0198_001...
INFO - step3.py: ForkPoolWorker-1: Calling delphi to calculate conformer (375/1130) CYS01A0199_001 in /tmp/pbe_data.data.home.granepura.5-Kinases.Kinases_MCCE.Trial01.run_apo.2EUF_CYS01A0199_001
INFO - step3.py: ForkPoolWorker-1: Calling delphi to calculate conformer (376/1130) CYS01A0199_002 in /tmp/pbe_data.data.home.granepura.5-Kinases.Kinases_MCCE.Trial01.run_apo.2EUF_CYS01A0199_002
INFO - step3.py: ForkPoolWorker-1: Calling delphi to calculate conformer (377/1130) CYS01A0199_003 in /tmp/pbe_data.data.home.granepura.5-Kinases.Kinases_MCCE.Trial01.run_apo.2EUF_CYS01A0199_003
INFO - step3.py: ForkPoolWorker-1: Calling delphi to calculate conformer (378/1130) CYS-1A0199_004 in /tmp/pbe_data.data.home.granepura.5-Kinases.Kinases_MCCE.Trial01.run_apo.2EUF_CYS-1A0199_004
INFO - step3.py: Skipping PBE solver for non-charge conformer (379/1130) ALA01A0200_001...
INFO - step3.py: Skipping PBE solver for non-charge conformer (380/1130) LEU01A0203_001...
INFO - step3.py: Skipping PBE solver for non-charge conformer (381/1130) LEU01A0204_001...
INFO - step3.py: ForkPoolWorker-1: Calling delphi to calculate conformer (382/1130) THR01A0205_001 in /tmp/pbe_data.data.home.granepura.5-Kinases.Kinases_MCCE.Trial01.run_apo.2EUF_THR01A0205_001
INFO - step3.py: ForkPoolWorker-1: Calling delphi to calculate conformer (383/1130) THR01A0205_002 in /tmp/pbe_data.data.home.granepura.5-Kinases.Kinases_MCCE.Trial01.run_apo.2EUF_THR01A0205_002
INFO - step3.py: ForkPoolWorker-1: Calling delphi to calculate conformer (384/1130) THR01A0206_001 in /tmp/pbe_data.data.home.granepura.5-Kinases.Kinases_MCCE.Trial01.run_apo.2EUF_THR01A0206_001
INFO - step3.py: ForkPoolWorker-1: Calling delphi to calculate conformer (385/1130) THR01A0206_002 in /tmp/pbe_data.data.home.granepura.5-Kinases.Kinases_MCCE.Trial01.run_apo.2EUF_THR01A0206_002
INFO - step3.py: Skipping PBE solver for non-charge conformer (386/1130) ILE01A0207_001...
INFO - step3.py: ForkPoolWorker-1: Calling delphi to calculate conformer (387/1130) GLU01A0208_001 in /tmp/pbe_data.data.home.granepura.5-Kinases.Kinases_MCCE.Trial01.run_apo.2EUF_GLU01A0208_001
INFO - step3.py: ForkPoolWorker-1: Calling delphi to calculate conformer (388/1130) GLU01A0208_002 in /tmp/pbe_data.data.home.granepura.5-Kinases.Kinases_MCCE.Trial01.run_apo.2EUF_GLU01A0208_002
INFO - step3.py: ForkPoolWorker-1: Calling delphi to calculate conformer (389/1130) GLU02A0208_003 in /tmp/pbe_data.data.home.granepura.5-Kinases.Kinases_MCCE.Trial01.run_apo.2EUF_GLU02A0208_003
INFO - step3.py: ForkPoolWorker-1: Calling delphi to calculate conformer (390/1130) GLU02A0208_004 in /tmp/pbe_data.data.home.granepura.5-Kinases.Kinases_MCCE.Trial01.run_apo.2EUF_GLU02A0208_004
INFO - step3.py: ForkPoolWorker-1: Calling delphi to calculate conformer (391/1130) GLU-1A0208_005 in /tmp/pbe_data.data.home.granepura.5-Kinases.Kinases_MCCE.Trial01.run_apo.2EUF_GLU-1A0208_005
INFO - step3.py: ForkPoolWorker-1: Calling delphi to calculate conformer (392/1130) THR01A0209_001 in /tmp/pbe_data.data.home.granepura.5-Kinases.Kinases_MCCE.Trial01.run_apo.2EUF_THR01A0209_001
INFO - step3.py: ForkPoolWorker-1: Calling delphi to calculate conformer (393/1130) THR01A0209_002 in /tmp/pbe_data.data.home.granepura.5-Kinases.Kinases_MCCE.Trial01.run_apo.2EUF_THR01A0209_002
INFO - step3.py: ForkPoolWorker-1: Calling delphi to calculate conformer (394/1130) THR01A0209_003 in /tmp/pbe_data.data.home.granepura.5-Kinases.Kinases_MCCE.Trial01.run_apo.2EUF_THR01A0209_003
INFO - step3.py: ForkPoolWorker-1: Calling delphi to calculate conformer (395/1130) ASP01A0210_001 in /tmp/pbe_data.data.home.granepura.5-Kinases.Kinases_MCCE.Trial01.run_apo.2EUF_ASP01A0210_001
INFO - step3.py: ForkPoolWorker-1: Calling delphi to calculate conformer (396/1130) ASP01A0210_002 in /tmp/pbe_data.data.home.granepura.5-Kinases.Kinases_MCCE.Trial01.run_apo.2EUF_ASP01A0210_002
INFO - step3.py: ForkPoolWorker-1: Calling delphi to calculate conformer (397/1130) ASP02A0210_003 in /tmp/pbe_data.data.home.granepura.5-Kinases.Kinases_MCCE.Trial01.run_apo.2EUF_ASP02A0210_003
INFO - step3.py: ForkPoolWorker-1: Calling delphi to calculate conformer (398/1130) ASP02A0210_004 in /tmp/pbe_data.data.home.granepura.5-Kinases.Kinases_MCCE.Trial01.run_apo.2EUF_ASP02A0210_004
INFO - step3.py: ForkPoolWorker-1: Calling delphi to calculate conformer (399/1130) ASP-1A0210_005 in /tmp/pbe_data.data.home.granepura.5-Kinases.Kinases_MCCE.Trial01.run_apo.2EUF_ASP-1A0210_005
INFO - step3.py: ForkPoolWorker-1: Calling delphi to calculate conformer (400/1130) ASN01A0211_001 in /tmp/pbe_data.data.home.granepura.5-Kinases.Kinases_MCCE.Trial01.run_apo.2EUF_ASN01A0211_001
INFO - step3.py: ForkPoolWorker-1: Calling delphi to calculate conformer (401/1130) ASN01A0211_002 in /tmp/pbe_data.data.home.granepura.5-Kinases.Kinases_MCCE.Trial01.run_apo.2EUF_ASN01A0211_002
INFO - step3.py: ForkPoolWorker-1: Calling delphi to calculate conformer (402/1130) THR01A0212_001 in /tmp/pbe_data.data.home.granepura.5-Kinases.Kinases_MCCE.Trial01.run_apo.2EUF_THR01A0212_001
INFO - step3.py: ForkPoolWorker-1: Calling delphi to calculate conformer (403/1130) THR01A0212_002 in /tmp/pbe_data.data.home.granepura.5-Kinases.Kinases_MCCE.Trial01.run_apo.2EUF_THR01A0212_002
INFO - step3.py: ForkPoolWorker-1: Calling delphi to calculate conformer (404/1130) THR01A0212_003 in /tmp/pbe_data.data.home.granepura.5-Kinases.Kinases_MCCE.Trial01.run_apo.2EUF_THR01A0212_003
INFO - step3.py: ForkPoolWorker-1: Calling delphi to calculate conformer (405/1130) ASN01A0213_001 in /tmp/pbe_data.data.home.granepura.5-Kinases.Kinases_MCCE.Trial01.run_apo.2EUF_ASN01A0213_001
INFO - step3.py: ForkPoolWorker-1: Calling delphi to calculate conformer (406/1130) CYS01A0214_001 in /tmp/pbe_data.data.home.granepura.5-Kinases.Kinases_MCCE.Trial01.run_apo.2EUF_CYS01A0214_001
INFO - step3.py: ForkPoolWorker-1: Calling delphi to calculate conformer (407/1130) CYS01A0214_002 in /tmp/pbe_data.data.home.granepura.5-Kinases.Kinases_MCCE.Trial01.run_apo.2EUF_CYS01A0214_002
INFO - step3.py: ForkPoolWorker-1: Calling delphi to calculate conformer (408/1130) CYS01A0214_003 in /tmp/pbe_data.data.home.granepura.5-Kinases.Kinases_MCCE.Trial01.run_apo.2EUF_CYS01A0214_003
INFO - step3.py: ForkPoolWorker-1: Calling delphi to calculate conformer (409/1130) CYS-1A0214_004 in /tmp/pbe_data.data.home.granepura.5-Kinases.Kinases_MCCE.Trial01.run_apo.2EUF_CYS-1A0214_004
INFO - step3.py: ForkPoolWorker-1: Calling delphi to calculate conformer (410/1130) ARG01A0215_001 in /tmp/pbe_data.data.home.granepura.5-Kinases.Kinases_MCCE.Trial01.run_apo.2EUF_ARG01A0215_001
INFO - step3.py: ForkPoolWorker-1: Calling delphi to calculate conformer (411/1130) ARG02A0215_002 in /tmp/pbe_data.data.home.granepura.5-Kinases.Kinases_MCCE.Trial01.run_apo.2EUF_ARG02A0215_002
INFO - step3.py: ForkPoolWorker-1: Calling delphi to calculate conformer (412/1130) ARG03A0215_003 in /tmp/pbe_data.data.home.granepura.5-Kinases.Kinases_MCCE.Trial01.run_apo.2EUF_ARG03A0215_003
INFO - step3.py: ForkPoolWorker-1: Calling delphi to calculate conformer (413/1130) ARG03A0215_004 in /tmp/pbe_data.data.home.granepura.5-Kinases.Kinases_MCCE.Trial01.run_apo.2EUF_ARG03A0215_004
INFO - step3.py: ForkPoolWorker-1: Calling delphi to calculate conformer (414/1130) ARG+1A0215_005 in /tmp/pbe_data.data.home.granepura.5-Kinases.Kinases_MCCE.Trial01.run_apo.2EUF_ARG+1A0215_005
INFO - step3.py: Skipping PBE solver for non-charge conformer (415/1130) PRO01A0216_001...
INFO - step3.py: Skipping PBE solver for non-charge conformer (416/1130) TRP01A0217_001...
INFO - step3.py: ForkPoolWorker-1: Calling delphi to calculate conformer (417/1130) THR01A0218_001 in /tmp/pbe_data.data.home.granepura.5-Kinases.Kinases_MCCE.Trial01.run_apo.2EUF_THR01A0218_001
INFO - step3.py: ForkPoolWorker-1: Calling delphi to calculate conformer (418/1130) THR01A0218_002 in /tmp/pbe_data.data.home.granepura.5-Kinases.Kinases_MCCE.Trial01.run_apo.2EUF_THR01A0218_002
INFO - step3.py: ForkPoolWorker-1: Calling delphi to calculate conformer (419/1130) CYS01A0219_001 in /tmp/pbe_data.data.home.granepura.5-Kinases.Kinases_MCCE.Trial01.run_apo.2EUF_CYS01A0219_001
INFO - step3.py: ForkPoolWorker-1: Calling delphi to calculate conformer (420/1130) CYS01A0219_002 in /tmp/pbe_data.data.home.granepura.5-Kinases.Kinases_MCCE.Trial01.run_apo.2EUF_CYS01A0219_002
INFO - step3.py: ForkPoolWorker-1: Calling delphi to calculate conformer (421/1130) CYS01A0219_003 in /tmp/pbe_data.data.home.granepura.5-Kinases.Kinases_MCCE.Trial01.run_apo.2EUF_CYS01A0219_003
INFO - step3.py: ForkPoolWorker-1: Calling delphi to calculate conformer (422/1130) CYS-1A0219_004 in /tmp/pbe_data.data.home.granepura.5-Kinases.Kinases_MCCE.Trial01.run_apo.2EUF_CYS-1A0219_004
INFO - step3.py: ForkPoolWorker-1: Calling delphi to calculate conformer (423/1130) TYR01A0220_001 in /tmp/pbe_data.data.home.granepura.5-Kinases.Kinases_MCCE.Trial01.run_apo.2EUF_TYR01A0220_001
INFO - step3.py: ForkPoolWorker-1: Calling delphi to calculate conformer (424/1130) TYR01A0220_002 in /tmp/pbe_data.data.home.granepura.5-Kinases.Kinases_MCCE.Trial01.run_apo.2EUF_TYR01A0220_002
INFO - step3.py: ForkPoolWorker-1: Calling delphi to calculate conformer (425/1130) TYR-1A0220_003 in /tmp/pbe_data.data.home.granepura.5-Kinases.Kinases_MCCE.Trial01.run_apo.2EUF_TYR-1A0220_003
INFO - step3.py: Skipping PBE solver for non-charge conformer (426/1130) LEU01A0221_001...
INFO - step3.py: ForkPoolWorker-1: Calling delphi to calculate conformer (427/1130) GLU01A0222_001 in /tmp/pbe_data.data.home.granepura.5-Kinases.Kinases_MCCE.Trial01.run_apo.2EUF_GLU01A0222_001
INFO - step3.py: ForkPoolWorker-1: Calling delphi to calculate conformer (428/1130) GLU01A0222_002 in /tmp/pbe_data.data.home.granepura.5-Kinases.Kinases_MCCE.Trial01.run_apo.2EUF_GLU01A0222_002
INFO - step3.py: ForkPoolWorker-1: Calling delphi to calculate conformer (429/1130) GLU02A0222_003 in /tmp/pbe_data.data.home.granepura.5-Kinases.Kinases_MCCE.Trial01.run_apo.2EUF_GLU02A0222_003
INFO - step3.py: ForkPoolWorker-1: Calling delphi to calculate conformer (430/1130) GLU02A0222_004 in /tmp/pbe_data.data.home.granepura.5-Kinases.Kinases_MCCE.Trial01.run_apo.2EUF_GLU02A0222_004
INFO - step3.py: ForkPoolWorker-1: Calling delphi to calculate conformer (431/1130) GLU-1A0222_005 in /tmp/pbe_data.data.home.granepura.5-Kinases.Kinases_MCCE.Trial01.run_apo.2EUF_GLU-1A0222_005
INFO - step3.py: ForkPoolWorker-1: Calling delphi to calculate conformer (432/1130) ASP01A0223_001 in /tmp/pbe_data.data.home.granepura.5-Kinases.Kinases_MCCE.Trial01.run_apo.2EUF_ASP01A0223_001
INFO - step3.py: ForkPoolWorker-1: Calling delphi to calculate conformer (433/1130) ASP01A0223_002 in /tmp/pbe_data.data.home.granepura.5-Kinases.Kinases_MCCE.Trial01.run_apo.2EUF_ASP01A0223_002
INFO - step3.py: ForkPoolWorker-1: Calling delphi to calculate conformer (434/1130) ASP02A0223_003 in /tmp/pbe_data.data.home.granepura.5-Kinases.Kinases_MCCE.Trial01.run_apo.2EUF_ASP02A0223_003
INFO - step3.py: ForkPoolWorker-1: Calling delphi to calculate conformer (435/1130) ASP02A0223_004 in /tmp/pbe_data.data.home.granepura.5-Kinases.Kinases_MCCE.Trial01.run_apo.2EUF_ASP02A0223_004
INFO - step3.py: ForkPoolWorker-1: Calling delphi to calculate conformer (436/1130) ASP-1A0223_005 in /tmp/pbe_data.data.home.granepura.5-Kinases.Kinases_MCCE.Trial01.run_apo.2EUF_ASP-1A0223_005
INFO - step3.py: Skipping PBE solver for non-charge conformer (437/1130) LEU01A0224_001...
INFO - step3.py: ForkPoolWorker-1: Calling delphi to calculate conformer (438/1130) SER01A0225_001 in /tmp/pbe_data.data.home.granepura.5-Kinases.Kinases_MCCE.Trial01.run_apo.2EUF_SER01A0225_001
INFO - step3.py: ForkPoolWorker-1: Calling delphi to calculate conformer (439/1130) SER01A0225_002 in /tmp/pbe_data.data.home.granepura.5-Kinases.Kinases_MCCE.Trial01.run_apo.2EUF_SER01A0225_002
INFO - step3.py: ForkPoolWorker-1: Calling delphi to calculate conformer (440/1130) SER01A0226_001 in /tmp/pbe_data.data.home.granepura.5-Kinases.Kinases_MCCE.Trial01.run_apo.2EUF_SER01A0226_001
INFO - step3.py: Skipping PBE solver for non-charge conformer (441/1130) ILE01A0227_001...
INFO - step3.py: Skipping PBE solver for non-charge conformer (442/1130) LEU01A0228_001...
INFO - step3.py: ForkPoolWorker-1: Calling delphi to calculate conformer (443/1130) ASN01A0229_001 in /tmp/pbe_data.data.home.granepura.5-Kinases.Kinases_MCCE.Trial01.run_apo.2EUF_ASN01A0229_001
INFO - step3.py: Skipping PBE solver for non-charge conformer (444/1130) PHE01A0230_001...
INFO - step3.py: ForkPoolWorker-1: Calling delphi to calculate conformer (445/1130) SER01A0231_001 in /tmp/pbe_data.data.home.granepura.5-Kinases.Kinases_MCCE.Trial01.run_apo.2EUF_SER01A0231_001
INFO - step3.py: ForkPoolWorker-1: Calling delphi to calculate conformer (446/1130) SER01A0231_002 in /tmp/pbe_data.data.home.granepura.5-Kinases.Kinases_MCCE.Trial01.run_apo.2EUF_SER01A0231_002
INFO - step3.py: ForkPoolWorker-1: Calling delphi to calculate conformer (447/1130) THR01A0232_001 in /tmp/pbe_data.data.home.granepura.5-Kinases.Kinases_MCCE.Trial01.run_apo.2EUF_THR01A0232_001
INFO - step3.py: ForkPoolWorker-1: Calling delphi to calculate conformer (448/1130) ASN01A0233_001 in /tmp/pbe_data.data.home.granepura.5-Kinases.Kinases_MCCE.Trial01.run_apo.2EUF_ASN01A0233_001
INFO - step3.py: ForkPoolWorker-1: Calling delphi to calculate conformer (449/1130) ASN01A0233_002 in /tmp/pbe_data.data.home.granepura.5-Kinases.Kinases_MCCE.Trial01.run_apo.2EUF_ASN01A0233_002
INFO - step3.py: ForkPoolWorker-1: Calling delphi to calculate conformer (450/1130) THR01A0234_001 in /tmp/pbe_data.data.home.granepura.5-Kinases.Kinases_MCCE.Trial01.run_apo.2EUF_THR01A0234_001
INFO - step3.py: ForkPoolWorker-1: Calling delphi to calculate conformer (451/1130) THR01A0234_002 in /tmp/pbe_data.data.home.granepura.5-Kinases.Kinases_MCCE.Trial01.run_apo.2EUF_THR01A0234_002
INFO - step3.py: Skipping PBE solver for non-charge conformer (452/1130) VAL01A0235_001...
INFO - step3.py: ForkPoolWorker-1: Calling delphi to calculate conformer (453/1130) ARG01A0236_001 in /tmp/pbe_data.data.home.granepura.5-Kinases.Kinases_MCCE.Trial01.run_apo.2EUF_ARG01A0236_001
INFO - step3.py: ForkPoolWorker-1: Calling delphi to calculate conformer (454/1130) ARG02A0236_002 in /tmp/pbe_data.data.home.granepura.5-Kinases.Kinases_MCCE.Trial01.run_apo.2EUF_ARG02A0236_002
INFO - step3.py: ForkPoolWorker-1: Calling delphi to calculate conformer (455/1130) ARG03A0236_003 in /tmp/pbe_data.data.home.granepura.5-Kinases.Kinases_MCCE.Trial01.run_apo.2EUF_ARG03A0236_003
INFO - step3.py: ForkPoolWorker-1: Calling delphi to calculate conformer (456/1130) ARG+1A0236_004 in /tmp/pbe_data.data.home.granepura.5-Kinases.Kinases_MCCE.Trial01.run_apo.2EUF_ARG+1A0236_004
INFO - step3.py: ForkPoolWorker-1: Calling delphi to calculate conformer (457/1130) THR01A0237_001 in /tmp/pbe_data.data.home.granepura.5-Kinases.Kinases_MCCE.Trial01.run_apo.2EUF_THR01A0237_001
INFO - step3.py: ForkPoolWorker-1: Calling delphi to calculate conformer (458/1130) THR01A0237_002 in /tmp/pbe_data.data.home.granepura.5-Kinases.Kinases_MCCE.Trial01.run_apo.2EUF_THR01A0237_002
INFO - step3.py: Skipping PBE solver for non-charge conformer (459/1130) VAL01A0238_001...
INFO - step3.py: ForkPoolWorker-1: Calling delphi to calculate conformer (460/1130) LYS01A0239_001 in /tmp/pbe_data.data.home.granepura.5-Kinases.Kinases_MCCE.Trial01.run_apo.2EUF_LYS01A0239_001
INFO - step3.py: ForkPoolWorker-1: Calling delphi to calculate conformer (461/1130) LYS+1A0239_002 in /tmp/pbe_data.data.home.granepura.5-Kinases.Kinases_MCCE.Trial01.run_apo.2EUF_LYS+1A0239_002
INFO - step3.py: ForkPoolWorker-1: Calling delphi to calculate conformer (462/1130) ASP01A0240_001 in /tmp/pbe_data.data.home.granepura.5-Kinases.Kinases_MCCE.Trial01.run_apo.2EUF_ASP01A0240_001
INFO - step3.py: ForkPoolWorker-1: Calling delphi to calculate conformer (463/1130) ASP01A0240_002 in /tmp/pbe_data.data.home.granepura.5-Kinases.Kinases_MCCE.Trial01.run_apo.2EUF_ASP01A0240_002
INFO - step3.py: ForkPoolWorker-1: Calling delphi to calculate conformer (464/1130) ASP01A0240_003 in /tmp/pbe_data.data.home.granepura.5-Kinases.Kinases_MCCE.Trial01.run_apo.2EUF_ASP01A0240_003
INFO - step3.py: ForkPoolWorker-1: Calling delphi to calculate conformer (465/1130) ASP01A0240_004 in /tmp/pbe_data.data.home.granepura.5-Kinases.Kinases_MCCE.Trial01.run_apo.2EUF_ASP01A0240_004
INFO - step3.py: ForkPoolWorker-1: Calling delphi to calculate conformer (466/1130) ASP02A0240_005 in /tmp/pbe_data.data.home.granepura.5-Kinases.Kinases_MCCE.Trial01.run_apo.2EUF_ASP02A0240_005
INFO - step3.py: ForkPoolWorker-1: Calling delphi to calculate conformer (467/1130) ASP02A0240_006 in /tmp/pbe_data.data.home.granepura.5-Kinases.Kinases_MCCE.Trial01.run_apo.2EUF_ASP02A0240_006
INFO - step3.py: ForkPoolWorker-1: Calling delphi to calculate conformer (468/1130) ASP-1A0240_007 in /tmp/pbe_data.data.home.granepura.5-Kinases.Kinases_MCCE.Trial01.run_apo.2EUF_ASP-1A0240_007
INFO - step3.py: ForkPoolWorker-1: Calling delphi to calculate conformer (469/1130) GLN01A0241_001 in /tmp/pbe_data.data.home.granepura.5-Kinases.Kinases_MCCE.Trial01.run_apo.2EUF_GLN01A0241_001
INFO - step3.py: Skipping PBE solver for non-charge conformer (470/1130) VAL01A0242_001...
INFO - step3.py: ForkPoolWorker-1: Calling delphi to calculate conformer (471/1130) SER01A0243_001 in /tmp/pbe_data.data.home.granepura.5-Kinases.Kinases_MCCE.Trial01.run_apo.2EUF_SER01A0243_001
INFO - step3.py: ForkPoolWorker-1: Calling delphi to calculate conformer (472/1130) SER01A0243_002 in /tmp/pbe_data.data.home.granepura.5-Kinases.Kinases_MCCE.Trial01.run_apo.2EUF_SER01A0243_002
INFO - step3.py: ForkPoolWorker-1: Calling delphi to calculate conformer (473/1130) SER01A0243_003 in /tmp/pbe_data.data.home.granepura.5-Kinases.Kinases_MCCE.Trial01.run_apo.2EUF_SER01A0243_003
INFO - step3.py: ForkPoolWorker-1: Calling delphi to calculate conformer (474/1130) GLU01A0244_001 in /tmp/pbe_data.data.home.granepura.5-Kinases.Kinases_MCCE.Trial01.run_apo.2EUF_GLU01A0244_001
INFO - step3.py: ForkPoolWorker-1: Calling delphi to calculate conformer (475/1130) GLU01A0244_002 in /tmp/pbe_data.data.home.granepura.5-Kinases.Kinases_MCCE.Trial01.run_apo.2EUF_GLU01A0244_002
INFO - step3.py: ForkPoolWorker-1: Calling delphi to calculate conformer (476/1130) GLU02A0244_003 in /tmp/pbe_data.data.home.granepura.5-Kinases.Kinases_MCCE.Trial01.run_apo.2EUF_GLU02A0244_003
INFO - step3.py: ForkPoolWorker-1: Calling delphi to calculate conformer (477/1130) GLU02A0244_004 in /tmp/pbe_data.data.home.granepura.5-Kinases.Kinases_MCCE.Trial01.run_apo.2EUF_GLU02A0244_004
INFO - step3.py: ForkPoolWorker-1: Calling delphi to calculate conformer (478/1130) GLU-1A0244_005 in /tmp/pbe_data.data.home.granepura.5-Kinases.Kinases_MCCE.Trial01.run_apo.2EUF_GLU-1A0244_005
INFO - step3.py: Skipping PBE solver for non-charge conformer (479/1130) ALA01A0245_001...
INFO - step3.py: Skipping PBE solver for non-charge conformer (480/1130) PHE01A0246_001...
INFO - step3.py: ForkPoolWorker-1: Calling delphi to calculate conformer (481/1130) SER01A0247_001 in /tmp/pbe_data.data.home.granepura.5-Kinases.Kinases_MCCE.Trial01.run_apo.2EUF_SER01A0247_001
INFO - step3.py: ForkPoolWorker-1: Calling delphi to calculate conformer (482/1130) SER01A0247_002 in /tmp/pbe_data.data.home.granepura.5-Kinases.Kinases_MCCE.Trial01.run_apo.2EUF_SER01A0247_002
INFO - step3.py: ForkPoolWorker-1: Calling delphi to calculate conformer (483/1130) SER01A0247_003 in /tmp/pbe_data.data.home.granepura.5-Kinases.Kinases_MCCE.Trial01.run_apo.2EUF_SER01A0247_003
INFO - step3.py: Skipping PBE solver for non-charge conformer (484/1130) LEU01A0248_001...
INFO - step3.py: ForkPoolWorker-1: Calling delphi to calculate conformer (485/1130) TYR01A0249_001 in /tmp/pbe_data.data.home.granepura.5-Kinases.Kinases_MCCE.Trial01.run_apo.2EUF_TYR01A0249_001
INFO - step3.py: ForkPoolWorker-1: Calling delphi to calculate conformer (486/1130) TYR01A0249_002 in /tmp/pbe_data.data.home.granepura.5-Kinases.Kinases_MCCE.Trial01.run_apo.2EUF_TYR01A0249_002
INFO - step3.py: ForkPoolWorker-1: Calling delphi to calculate conformer (487/1130) TYR-1A0249_003 in /tmp/pbe_data.data.home.granepura.5-Kinases.Kinases_MCCE.Trial01.run_apo.2EUF_TYR-1A0249_003
INFO - step3.py: ForkPoolWorker-1: Calling delphi to calculate conformer (488/1130) ASP01A0250_001 in /tmp/pbe_data.data.home.granepura.5-Kinases.Kinases_MCCE.Trial01.run_apo.2EUF_ASP01A0250_001
INFO - step3.py: ForkPoolWorker-1: Calling delphi to calculate conformer (489/1130) ASP01A0250_002 in /tmp/pbe_data.data.home.granepura.5-Kinases.Kinases_MCCE.Trial01.run_apo.2EUF_ASP01A0250_002
INFO - step3.py: ForkPoolWorker-1: Calling delphi to calculate conformer (490/1130) ASP01A0250_003 in /tmp/pbe_data.data.home.granepura.5-Kinases.Kinases_MCCE.Trial01.run_apo.2EUF_ASP01A0250_003
INFO - step3.py: ForkPoolWorker-1: Calling delphi to calculate conformer (491/1130) ASP01A0250_004 in /tmp/pbe_data.data.home.granepura.5-Kinases.Kinases_MCCE.Trial01.run_apo.2EUF_ASP01A0250_004
INFO - step3.py: ForkPoolWorker-1: Calling delphi to calculate conformer (492/1130) ASP02A0250_005 in /tmp/pbe_data.data.home.granepura.5-Kinases.Kinases_MCCE.Trial01.run_apo.2EUF_ASP02A0250_005
INFO - step3.py: ForkPoolWorker-1: Calling delphi to calculate conformer (493/1130) ASP02A0250_006 in /tmp/pbe_data.data.home.granepura.5-Kinases.Kinases_MCCE.Trial01.run_apo.2EUF_ASP02A0250_006
INFO - step3.py: ForkPoolWorker-1: Calling delphi to calculate conformer (494/1130) ASP02A0250_007 in /tmp/pbe_data.data.home.granepura.5-Kinases.Kinases_MCCE.Trial01.run_apo.2EUF_ASP02A0250_007
INFO - step3.py: ForkPoolWorker-1: Calling delphi to calculate conformer (495/1130) ASP02A0250_008 in /tmp/pbe_data.data.home.granepura.5-Kinases.Kinases_MCCE.Trial01.run_apo.2EUF_ASP02A0250_008
INFO - step3.py: ForkPoolWorker-1: Calling delphi to calculate conformer (496/1130) ASP-1A0250_009 in /tmp/pbe_data.data.home.granepura.5-Kinases.Kinases_MCCE.Trial01.run_apo.2EUF_ASP-1A0250_009
INFO - step3.py: ForkPoolWorker-1: Calling delphi to calculate conformer (497/1130) ASP-1A0250_010 in /tmp/pbe_data.data.home.granepura.5-Kinases.Kinases_MCCE.Trial01.run_apo.2EUF_ASP-1A0250_010
INFO - step3.py: Skipping PBE solver for non-charge conformer (498/1130) LEU01A0251_001...
INFO - step3.py: ForkPoolWorker-1: Calling delphi to calculate conformer (499/1130) GLU01A0252_001 in /tmp/pbe_data.data.home.granepura.5-Kinases.Kinases_MCCE.Trial01.run_apo.2EUF_GLU01A0252_001
INFO - step3.py: ForkPoolWorker-1: Calling delphi to calculate conformer (500/1130) GLU01A0252_002 in /tmp/pbe_data.data.home.granepura.5-Kinases.Kinases_MCCE.Trial01.run_apo.2EUF_GLU01A0252_002
INFO - step3.py: ForkPoolWorker-1: Calling delphi to calculate conformer (501/1130) GLU02A0252_003 in /tmp/pbe_data.data.home.granepura.5-Kinases.Kinases_MCCE.Trial01.run_apo.2EUF_GLU02A0252_003
INFO - step3.py: ForkPoolWorker-1: Calling delphi to calculate conformer (502/1130) GLU02A0252_004 in /tmp/pbe_data.data.home.granepura.5-Kinases.Kinases_MCCE.Trial01.run_apo.2EUF_GLU02A0252_004
INFO - step3.py: ForkPoolWorker-1: Calling delphi to calculate conformer (503/1130) GLU-1A0252_005 in /tmp/pbe_data.data.home.granepura.5-Kinases.Kinases_MCCE.Trial01.run_apo.2EUF_GLU-1A0252_005
INFO - step3.py: Skipping PBE solver for non-charge conformer (504/1130) ILE01A0253_001...
INFO - step3.py: Skipping PBE solver for non-charge conformer (505/1130) LEU01A0254_001...
INFO - step3.py: ForkPoolWorker-1: Calling delphi to calculate conformer (506/1130) ASP01B0010_001 in /tmp/pbe_data.data.home.granepura.5-Kinases.Kinases_MCCE.Trial01.run_apo.2EUF_ASP01B0010_001
INFO - step3.py: ForkPoolWorker-1: Calling delphi to calculate conformer (507/1130) ASP01B0010_002 in /tmp/pbe_data.data.home.granepura.5-Kinases.Kinases_MCCE.Trial01.run_apo.2EUF_ASP01B0010_002
INFO - step3.py: ForkPoolWorker-1: Calling delphi to calculate conformer (508/1130) ASP02B0010_003 in /tmp/pbe_data.data.home.granepura.5-Kinases.Kinases_MCCE.Trial01.run_apo.2EUF_ASP02B0010_003
INFO - step3.py: ForkPoolWorker-1: Calling delphi to calculate conformer (509/1130) ASP02B0010_004 in /tmp/pbe_data.data.home.granepura.5-Kinases.Kinases_MCCE.Trial01.run_apo.2EUF_ASP02B0010_004
INFO - step3.py: ForkPoolWorker-1: Calling delphi to calculate conformer (510/1130) ASP-1B0010_005 in /tmp/pbe_data.data.home.granepura.5-Kinases.Kinases_MCCE.Trial01.run_apo.2EUF_ASP-1B0010_005
INFO - step3.py: ForkPoolWorker-1: Calling delphi to calculate conformer (511/1130) GLN01B0011_001 in /tmp/pbe_data.data.home.granepura.5-Kinases.Kinases_MCCE.Trial01.run_apo.2EUF_GLN01B0011_001
INFO - step3.py: ForkPoolWorker-1: Calling delphi to calculate conformer (512/1130) GLN01B0011_002 in /tmp/pbe_data.data.home.granepura.5-Kinases.Kinases_MCCE.Trial01.run_apo.2EUF_GLN01B0011_002
INFO - step3.py: ForkPoolWorker-1: Calling delphi to calculate conformer (513/1130) GLN01B0012_001 in /tmp/pbe_data.data.home.granepura.5-Kinases.Kinases_MCCE.Trial01.run_apo.2EUF_GLN01B0012_001
INFO - step3.py: ForkPoolWorker-1: Calling delphi to calculate conformer (514/1130) TYR01B0013_001 in /tmp/pbe_data.data.home.granepura.5-Kinases.Kinases_MCCE.Trial01.run_apo.2EUF_TYR01B0013_001
INFO - step3.py: ForkPoolWorker-1: Calling delphi to calculate conformer (515/1130) TYR-1B0013_002 in /tmp/pbe_data.data.home.granepura.5-Kinases.Kinases_MCCE.Trial01.run_apo.2EUF_TYR-1B0013_002
INFO - step3.py: ForkPoolWorker-1: Calling delphi to calculate conformer (516/1130) GLU01B0014_001 in /tmp/pbe_data.data.home.granepura.5-Kinases.Kinases_MCCE.Trial01.run_apo.2EUF_GLU01B0014_001
INFO - step3.py: ForkPoolWorker-1: Calling delphi to calculate conformer (517/1130) GLU01B0014_002 in /tmp/pbe_data.data.home.granepura.5-Kinases.Kinases_MCCE.Trial01.run_apo.2EUF_GLU01B0014_002
INFO - step3.py: ForkPoolWorker-1: Calling delphi to calculate conformer (518/1130) GLU02B0014_003 in /tmp/pbe_data.data.home.granepura.5-Kinases.Kinases_MCCE.Trial01.run_apo.2EUF_GLU02B0014_003
INFO - step3.py: ForkPoolWorker-1: Calling delphi to calculate conformer (519/1130) GLU02B0014_004 in /tmp/pbe_data.data.home.granepura.5-Kinases.Kinases_MCCE.Trial01.run_apo.2EUF_GLU02B0014_004
INFO - step3.py: ForkPoolWorker-1: Calling delphi to calculate conformer (520/1130) GLU-1B0014_005 in /tmp/pbe_data.data.home.granepura.5-Kinases.Kinases_MCCE.Trial01.run_apo.2EUF_GLU-1B0014_005
INFO - step3.py: ForkPoolWorker-1: Calling delphi to calculate conformer (521/1130) CYS01B0015_001 in /tmp/pbe_data.data.home.granepura.5-Kinases.Kinases_MCCE.Trial01.run_apo.2EUF_CYS01B0015_001
INFO - step3.py: ForkPoolWorker-1: Calling delphi to calculate conformer (522/1130) CYS01B0015_002 in /tmp/pbe_data.data.home.granepura.5-Kinases.Kinases_MCCE.Trial01.run_apo.2EUF_CYS01B0015_002
INFO - step3.py: ForkPoolWorker-1: Calling delphi to calculate conformer (523/1130) CYS01B0015_003 in /tmp/pbe_data.data.home.granepura.5-Kinases.Kinases_MCCE.Trial01.run_apo.2EUF_CYS01B0015_003
INFO - step3.py: ForkPoolWorker-1: Calling delphi to calculate conformer (524/1130) CYS-1B0015_004 in /tmp/pbe_data.data.home.granepura.5-Kinases.Kinases_MCCE.Trial01.run_apo.2EUF_CYS-1B0015_004
INFO - step3.py: Skipping PBE solver for non-charge conformer (525/1130) VAL01B0016_001...
INFO - step3.py: Skipping PBE solver for non-charge conformer (526/1130) ALA01B0017_001...
INFO - step3.py: ForkPoolWorker-1: Calling delphi to calculate conformer (527/1130) GLU01B0018_001 in /tmp/pbe_data.data.home.granepura.5-Kinases.Kinases_MCCE.Trial01.run_apo.2EUF_GLU01B0018_001
INFO - step3.py: ForkPoolWorker-1: Calling delphi to calculate conformer (528/1130) GLU01B0018_002 in /tmp/pbe_data.data.home.granepura.5-Kinases.Kinases_MCCE.Trial01.run_apo.2EUF_GLU01B0018_002
INFO - step3.py: ForkPoolWorker-1: Calling delphi to calculate conformer (529/1130) GLU02B0018_003 in /tmp/pbe_data.data.home.granepura.5-Kinases.Kinases_MCCE.Trial01.run_apo.2EUF_GLU02B0018_003
INFO - step3.py: ForkPoolWorker-1: Calling delphi to calculate conformer (530/1130) GLU02B0018_004 in /tmp/pbe_data.data.home.granepura.5-Kinases.Kinases_MCCE.Trial01.run_apo.2EUF_GLU02B0018_004
INFO - step3.py: ForkPoolWorker-1: Calling delphi to calculate conformer (531/1130) GLU-1B0018_005 in /tmp/pbe_data.data.home.granepura.5-Kinases.Kinases_MCCE.Trial01.run_apo.2EUF_GLU-1B0018_005
INFO - step3.py: Skipping PBE solver for non-charge conformer (532/1130) ILE01B0019_001...
INFO - step3.py: ForkPoolWorker-1: Calling delphi to calculate conformer (533/1130) GLU01B0021_001 in /tmp/pbe_data.data.home.granepura.5-Kinases.Kinases_MCCE.Trial01.run_apo.2EUF_GLU01B0021_001
INFO - step3.py: ForkPoolWorker-1: Calling delphi to calculate conformer (534/1130) GLU01B0021_002 in /tmp/pbe_data.data.home.granepura.5-Kinases.Kinases_MCCE.Trial01.run_apo.2EUF_GLU01B0021_002
INFO - step3.py: ForkPoolWorker-1: Calling delphi to calculate conformer (535/1130) GLU02B0021_003 in /tmp/pbe_data.data.home.granepura.5-Kinases.Kinases_MCCE.Trial01.run_apo.2EUF_GLU02B0021_003
INFO - step3.py: ForkPoolWorker-1: Calling delphi to calculate conformer (536/1130) GLU02B0021_004 in /tmp/pbe_data.data.home.granepura.5-Kinases.Kinases_MCCE.Trial01.run_apo.2EUF_GLU02B0021_004
INFO - step3.py: ForkPoolWorker-1: Calling delphi to calculate conformer (537/1130) GLU-1B0021_005 in /tmp/pbe_data.data.home.granepura.5-Kinases.Kinases_MCCE.Trial01.run_apo.2EUF_GLU-1B0021_005
INFO - step3.py: Skipping PBE solver for non-charge conformer (538/1130) ALA01B0023_001...
INFO - step3.py: ForkPoolWorker-1: Calling delphi to calculate conformer (539/1130) TYR01B0024_001 in /tmp/pbe_data.data.home.granepura.5-Kinases.Kinases_MCCE.Trial01.run_apo.2EUF_TYR01B0024_001
INFO - step3.py: ForkPoolWorker-1: Calling delphi to calculate conformer (540/1130) TYR01B0024_002 in /tmp/pbe_data.data.home.granepura.5-Kinases.Kinases_MCCE.Trial01.run_apo.2EUF_TYR01B0024_002
INFO - step3.py: ForkPoolWorker-1: Calling delphi to calculate conformer (541/1130) TYR-1B0024_003 in /tmp/pbe_data.data.home.granepura.5-Kinases.Kinases_MCCE.Trial01.run_apo.2EUF_TYR-1B0024_003
INFO - step3.py: ForkPoolWorker-1: Calling delphi to calculate conformer (542/1130) LYS01B0026_001 in /tmp/pbe_data.data.home.granepura.5-Kinases.Kinases_MCCE.Trial01.run_apo.2EUF_LYS01B0026_001
INFO - step3.py: ForkPoolWorker-1: Calling delphi to calculate conformer (543/1130) LYS+1B0026_002 in /tmp/pbe_data.data.home.granepura.5-Kinases.Kinases_MCCE.Trial01.run_apo.2EUF_LYS+1B0026_002
INFO - step3.py: Skipping PBE solver for non-charge conformer (544/1130) VAL01B0027_001...
INFO - step3.py: Skipping PBE solver for non-charge conformer (545/1130) PHE01B0028_001...
INFO - step3.py: ForkPoolWorker-1: Calling delphi to calculate conformer (546/1130) LYS01B0029_001 in /tmp/pbe_data.data.home.granepura.5-Kinases.Kinases_MCCE.Trial01.run_apo.2EUF_LYS01B0029_001
INFO - step3.py: ForkPoolWorker-1: Calling delphi to calculate conformer (547/1130) LYS+1B0029_002 in /tmp/pbe_data.data.home.granepura.5-Kinases.Kinases_MCCE.Trial01.run_apo.2EUF_LYS+1B0029_002
INFO - step3.py: Skipping PBE solver for non-charge conformer (548/1130) ALA01B0030_001...
INFO - step3.py: ForkPoolWorker-1: Calling delphi to calculate conformer (549/1130) ARG01B0031_001 in /tmp/pbe_data.data.home.granepura.5-Kinases.Kinases_MCCE.Trial01.run_apo.2EUF_ARG01B0031_001
INFO - step3.py: ForkPoolWorker-1: Calling delphi to calculate conformer (550/1130) ARG02B0031_002 in /tmp/pbe_data.data.home.granepura.5-Kinases.Kinases_MCCE.Trial01.run_apo.2EUF_ARG02B0031_002
INFO - step3.py: ForkPoolWorker-1: Calling delphi to calculate conformer (551/1130) ARG03B0031_003 in /tmp/pbe_data.data.home.granepura.5-Kinases.Kinases_MCCE.Trial01.run_apo.2EUF_ARG03B0031_003
INFO - step3.py: ForkPoolWorker-1: Calling delphi to calculate conformer (552/1130) ARG03B0031_004 in /tmp/pbe_data.data.home.granepura.5-Kinases.Kinases_MCCE.Trial01.run_apo.2EUF_ARG03B0031_004
INFO - step3.py: ForkPoolWorker-1: Calling delphi to calculate conformer (553/1130) ARG+1B0031_005 in /tmp/pbe_data.data.home.granepura.5-Kinases.Kinases_MCCE.Trial01.run_apo.2EUF_ARG+1B0031_005
INFO - step3.py: ForkPoolWorker-1: Calling delphi to calculate conformer (554/1130) ASP01B0032_001 in /tmp/pbe_data.data.home.granepura.5-Kinases.Kinases_MCCE.Trial01.run_apo.2EUF_ASP01B0032_001
INFO - step3.py: ForkPoolWorker-1: Calling delphi to calculate conformer (555/1130) ASP01B0032_002 in /tmp/pbe_data.data.home.granepura.5-Kinases.Kinases_MCCE.Trial01.run_apo.2EUF_ASP01B0032_002
