ForkPoolWorker-1: Calling delphi to calculate conformer B49+1A2000_001 in /tmp/pbe_data.data.home.granepura.5-kinases.cof_tpl_mg.run_cof2.4agd_B49+1A2000_001
ForkPoolWorker-1: Calling delphi to calculate conformer B49+1A2000_002 in /tmp/pbe_data.data.home.granepura.5-kinases.cof_tpl_mg.run_cof2.4agd_B49+1A2000_002
ForkPoolWorker-1: Calling delphi to calculate conformer B4901A2000_003 in /tmp/pbe_data.data.home.granepura.5-kinases.cof_tpl_mg.run_cof2.4agd_B4901A2000_003
ForkPoolWorker-1: Calling delphi to calculate conformer B4901A2000_004 in /tmp/pbe_data.data.home.granepura.5-kinases.cof_tpl_mg.run_cof2.4agd_B4901A2000_004
ForkPoolWorker-1: Calling delphi to calculate conformer B4902A2000_005 in /tmp/pbe_data.data.home.granepura.5-kinases.cof_tpl_mg.run_cof2.4agd_B4902A2000_005
ForkPoolWorker-1: Calling delphi to calculate conformer B4902A2000_006 in /tmp/pbe_data.data.home.granepura.5-kinases.cof_tpl_mg.run_cof2.4agd_B4902A2000_006
ForkPoolWorker-1: Calling delphi to calculate conformer B4903A2000_007 in /tmp/pbe_data.data.home.granepura.5-kinases.cof_tpl_mg.run_cof2.4agd_B4903A2000_007
ForkPoolWorker-1: Calling delphi to calculate conformer B49+1A2000_001 in /tmp/pbe_data.data.home.granepura.5-kinases.cof_tpl_mg.run_cof2.4AGD_B49+1A2000_001
ForkPoolWorker-1: Calling delphi to calculate conformer B49+1A2000_002 in /tmp/pbe_data.data.home.granepura.5-kinases.cof_tpl_mg.run_cof2.4AGD_B49+1A2000_002
ForkPoolWorker-1: Calling delphi to calculate conformer B4901A2000_003 in /tmp/pbe_data.data.home.granepura.5-kinases.cof_tpl_mg.run_cof2.4AGD_B4901A2000_003
ForkPoolWorker-1: Calling delphi to calculate conformer B4901A2000_004 in /tmp/pbe_data.data.home.granepura.5-kinases.cof_tpl_mg.run_cof2.4AGD_B4901A2000_004
ForkPoolWorker-1: Calling delphi to calculate conformer B4902A2000_005 in /tmp/pbe_data.data.home.granepura.5-kinases.cof_tpl_mg.run_cof2.4AGD_B4902A2000_005
ForkPoolWorker-1: Calling delphi to calculate conformer B4902A2000_006 in /tmp/pbe_data.data.home.granepura.5-kinases.cof_tpl_mg.run_cof2.4AGD_B4902A2000_006
ForkPoolWorker-1: Calling delphi to calculate conformer B4903A2000_007 in /tmp/pbe_data.data.home.granepura.5-kinases.cof_tpl_mg.run_cof2.4AGD_B4903A2000_007
ForkPoolWorker-1: Calling delphi to calculate conformer B49+1A2000_001 in /tmp/pbe_data.data.home.granepura.5-kinases.cof_tpl_mg.run_cof2.4AGD_B49+1A2000_001
ForkPoolWorker-1: Calling delphi to calculate conformer B49+1A2000_002 in /tmp/pbe_data.data.home.granepura.5-kinases.cof_tpl_mg.run_cof2.4AGD_B49+1A2000_002
ForkPoolWorker-1: Calling delphi to calculate conformer B4901A2000_003 in /tmp/pbe_data.data.home.granepura.5-kinases.cof_tpl_mg.run_cof2.4AGD_B4901A2000_003
ForkPoolWorker-1: Calling delphi to calculate conformer B4901A2000_004 in /tmp/pbe_data.data.home.granepura.5-kinases.cof_tpl_mg.run_cof2.4AGD_B4901A2000_004
ForkPoolWorker-1: Calling delphi to calculate conformer B4902A2000_005 in /tmp/pbe_data.data.home.granepura.5-kinases.cof_tpl_mg.run_cof2.4AGD_B4902A2000_005
ForkPoolWorker-1: Calling delphi to calculate conformer B4902A2000_006 in /tmp/pbe_data.data.home.granepura.5-kinases.cof_tpl_mg.run_cof2.4AGD_B4902A2000_006
ForkPoolWorker-1: Calling delphi to calculate conformer B4903A2000_007 in /tmp/pbe_data.data.home.granepura.5-kinases.cof_tpl_mg.run_cof2.4AGD_B4903A2000_007
ForkPoolWorker-1: Calling delphi to calculate conformer B49+1A2000_001 in /tmp/pbe_data.data.home.granepura.5-kinases.cof_tpl_mg.run_cof2.4AGD_B49+1A2000_001
ForkPoolWorker-1: Calling delphi to calculate conformer B49+1A2000_002 in /tmp/pbe_data.data.home.granepura.5-kinases.cof_tpl_mg.run_cof2.4AGD_B49+1A2000_002
ForkPoolWorker-1: Calling delphi to calculate conformer B4901A2000_003 in /tmp/pbe_data.data.home.granepura.5-kinases.cof_tpl_mg.run_cof2.4AGD_B4901A2000_003
ForkPoolWorker-1: Calling delphi to calculate conformer B4901A2000_004 in /tmp/pbe_data.data.home.granepura.5-kinases.cof_tpl_mg.run_cof2.4AGD_B4901A2000_004
ForkPoolWorker-1: Calling delphi to calculate conformer B4902A2000_005 in /tmp/pbe_data.data.home.granepura.5-kinases.cof_tpl_mg.run_cof2.4AGD_B4902A2000_005
ForkPoolWorker-1: Calling delphi to calculate conformer B4902A2000_006 in /tmp/pbe_data.data.home.granepura.5-kinases.cof_tpl_mg.run_cof2.4AGD_B4902A2000_006
ForkPoolWorker-1: Calling delphi to calculate conformer B4903A2000_007 in /tmp/pbe_data.data.home.granepura.5-kinases.cof_tpl_mg.run_cof2.4AGD_B4903A2000_007
ForkPoolWorker-1: Calling delphi to calculate conformer B49+1A2000_001 in /tmp/pbe_data.data.home.granepura.5-kinases.cof_tpl_mg.run_cof2.4AGD_B49+1A2000_001
ForkPoolWorker-1: Calling delphi to calculate conformer B49+1A2000_002 in /tmp/pbe_data.data.home.granepura.5-kinases.cof_tpl_mg.run_cof2.4AGD_B49+1A2000_002
ForkPoolWorker-1: Calling delphi to calculate conformer B4901A2000_003 in /tmp/pbe_data.data.home.granepura.5-kinases.cof_tpl_mg.run_cof2.4AGD_B4901A2000_003
ForkPoolWorker-1: Calling delphi to calculate conformer B4901A2000_004 in /tmp/pbe_data.data.home.granepura.5-kinases.cof_tpl_mg.run_cof2.4AGD_B4901A2000_004
ForkPoolWorker-1: Calling delphi to calculate conformer B4902A2000_005 in /tmp/pbe_data.data.home.granepura.5-kinases.cof_tpl_mg.run_cof2.4AGD_B4902A2000_005
ForkPoolWorker-1: Calling delphi to calculate conformer B4902A2000_006 in /tmp/pbe_data.data.home.granepura.5-kinases.cof_tpl_mg.run_cof2.4AGD_B4902A2000_006
ForkPoolWorker-1: Calling delphi to calculate conformer B4903A2000_007 in /tmp/pbe_data.data.home.granepura.5-kinases.cof_tpl_mg.run_cof2.4AGD_B4903A2000_007
ForkPoolWorker-1: Calling delphi to calculate conformer B49+1A2000_001 in /tmp/pbe_data.data.home.granepura.5-kinases.cof_tpl_mg.run_cof2.4AGD_B49+1A2000_001
ForkPoolWorker-1: Calling delphi to calculate conformer B49+1A2000_002 in /tmp/pbe_data.data.home.granepura.5-kinases.cof_tpl_mg.run_cof2.4AGD_B49+1A2000_002
ForkPoolWorker-1: Calling delphi to calculate conformer B4901A2000_003 in /tmp/pbe_data.data.home.granepura.5-kinases.cof_tpl_mg.run_cof2.4AGD_B4901A2000_003
ForkPoolWorker-1: Calling delphi to calculate conformer B4901A2000_004 in /tmp/pbe_data.data.home.granepura.5-kinases.cof_tpl_mg.run_cof2.4AGD_B4901A2000_004
ForkPoolWorker-1: Calling delphi to calculate conformer B4902A2000_005 in /tmp/pbe_data.data.home.granepura.5-kinases.cof_tpl_mg.run_cof2.4AGD_B4902A2000_005
ForkPoolWorker-1: Calling delphi to calculate conformer B4902A2000_006 in /tmp/pbe_data.data.home.granepura.5-kinases.cof_tpl_mg.run_cof2.4AGD_B4902A2000_006
ForkPoolWorker-1: Calling delphi to calculate conformer B4903A2000_007 in /tmp/pbe_data.data.home.granepura.5-kinases.cof_tpl_mg.run_cof2.4AGD_B4903A2000_007
ForkPoolWorker-1: Calling delphi to calculate conformer (1/7) B49+1A2000_001 in /tmp/pbe_data.data.home.schowdhury.Project_kinases.cof_tpl_mg.run_cof2.4AGD_B49+1A2000_001
ForkPoolWorker-1: Calling delphi to calculate conformer (2/7) B49+1A2000_002 in /tmp/pbe_data.data.home.schowdhury.Project_kinases.cof_tpl_mg.run_cof2.4AGD_B49+1A2000_002
ForkPoolWorker-1: Calling delphi to calculate conformer (3/7) B4901A2000_003 in /tmp/pbe_data.data.home.schowdhury.Project_kinases.cof_tpl_mg.run_cof2.4AGD_B4901A2000_003
ForkPoolWorker-1: Calling delphi to calculate conformer (4/7) B4901A2000_004 in /tmp/pbe_data.data.home.schowdhury.Project_kinases.cof_tpl_mg.run_cof2.4AGD_B4901A2000_004
ForkPoolWorker-1: Calling delphi to calculate conformer (5/7) B4902A2000_005 in /tmp/pbe_data.data.home.schowdhury.Project_kinases.cof_tpl_mg.run_cof2.4AGD_B4902A2000_005
ForkPoolWorker-1: Calling delphi to calculate conformer (6/7) B4902A2000_006 in /tmp/pbe_data.data.home.schowdhury.Project_kinases.cof_tpl_mg.run_cof2.4AGD_B4902A2000_006
ForkPoolWorker-1: Calling delphi to calculate conformer (7/7) B4903A2000_007 in /tmp/pbe_data.data.home.schowdhury.Project_kinases.cof_tpl_mg.run_cof2.4AGD_B4903A2000_007
