ForkPoolWorker-1: Calling delphi to calculate conformer (1/611) ASN01A1093_001 in /tmp/pbe_data.data.home.granepura.5-Kinases.Kinases_MCCE.Trial01.run_apo.4ANS_ASN01A1093_001
ForkPoolWorker-1: Calling delphi to calculate conformer (2/611) ASN01A1093_002 in /tmp/pbe_data.data.home.granepura.5-Kinases.Kinases_MCCE.Trial01.run_apo.4ANS_ASN01A1093_002
Skipping PBE solver for non-charge conformer (3/611) PRO01A1094_001...
ForkPoolWorker-1: Calling delphi to calculate conformer (4/611) ASN01A1095_001 in /tmp/pbe_data.data.home.granepura.5-Kinases.Kinases_MCCE.Trial01.run_apo.4ANS_ASN01A1095_001
ForkPoolWorker-1: Calling delphi to calculate conformer (5/611) ASN01A1095_002 in /tmp/pbe_data.data.home.granepura.5-Kinases.Kinases_MCCE.Trial01.run_apo.4ANS_ASN01A1095_002
ForkPoolWorker-1: Calling delphi to calculate conformer (6/611) TYR01A1096_001 in /tmp/pbe_data.data.home.granepura.5-Kinases.Kinases_MCCE.Trial01.run_apo.4ANS_TYR01A1096_001
ForkPoolWorker-1: Calling delphi to calculate conformer (7/611) TYR-1A1096_002 in /tmp/pbe_data.data.home.granepura.5-Kinases.Kinases_MCCE.Trial01.run_apo.4ANS_TYR-1A1096_002
ForkPoolWorker-1: Calling delphi to calculate conformer (8/611) CYS01A1097_001 in /tmp/pbe_data.data.home.granepura.5-Kinases.Kinases_MCCE.Trial01.run_apo.4ANS_CYS01A1097_001
ForkPoolWorker-1: Calling delphi to calculate conformer (9/611) CYS01A1097_002 in /tmp/pbe_data.data.home.granepura.5-Kinases.Kinases_MCCE.Trial01.run_apo.4ANS_CYS01A1097_002
ForkPoolWorker-1: Calling delphi to calculate conformer (10/611) CYS01A1097_003 in /tmp/pbe_data.data.home.granepura.5-Kinases.Kinases_MCCE.Trial01.run_apo.4ANS_CYS01A1097_003
ForkPoolWorker-1: Calling delphi to calculate conformer (11/611) CYS-1A1097_004 in /tmp/pbe_data.data.home.granepura.5-Kinases.Kinases_MCCE.Trial01.run_apo.4ANS_CYS-1A1097_004
Skipping PBE solver for non-charge conformer (12/611) PHE01A1098_001...
Skipping PBE solver for non-charge conformer (13/611) ALA01A1099_001...
ForkPoolWorker-1: Calling delphi to calculate conformer (14/611) LYS01A1101_001 in /tmp/pbe_data.data.home.granepura.5-Kinases.Kinases_MCCE.Trial01.run_apo.4ANS_LYS01A1101_001
ForkPoolWorker-1: Calling delphi to calculate conformer (15/611) LYS+1A1101_002 in /tmp/pbe_data.data.home.granepura.5-Kinases.Kinases_MCCE.Trial01.run_apo.4ANS_LYS+1A1101_002
ForkPoolWorker-1: Calling delphi to calculate conformer (16/611) THR01A1102_001 in /tmp/pbe_data.data.home.granepura.5-Kinases.Kinases_MCCE.Trial01.run_apo.4ANS_THR01A1102_001
ForkPoolWorker-1: Calling delphi to calculate conformer (17/611) THR01A1102_002 in /tmp/pbe_data.data.home.granepura.5-Kinases.Kinases_MCCE.Trial01.run_apo.4ANS_THR01A1102_002
ForkPoolWorker-1: Calling delphi to calculate conformer (18/611) SER01A1103_001 in /tmp/pbe_data.data.home.granepura.5-Kinases.Kinases_MCCE.Trial01.run_apo.4ANS_SER01A1103_001
ForkPoolWorker-1: Calling delphi to calculate conformer (19/611) SER01A1103_002 in /tmp/pbe_data.data.home.granepura.5-Kinases.Kinases_MCCE.Trial01.run_apo.4ANS_SER01A1103_002
ForkPoolWorker-1: Calling delphi to calculate conformer (20/611) SER01A1104_001 in /tmp/pbe_data.data.home.granepura.5-Kinases.Kinases_MCCE.Trial01.run_apo.4ANS_SER01A1104_001
ForkPoolWorker-1: Calling delphi to calculate conformer (21/611) SER01A1104_002 in /tmp/pbe_data.data.home.granepura.5-Kinases.Kinases_MCCE.Trial01.run_apo.4ANS_SER01A1104_002
ForkPoolWorker-1: Calling delphi to calculate conformer (22/611) SER01A1104_003 in /tmp/pbe_data.data.home.granepura.5-Kinases.Kinases_MCCE.Trial01.run_apo.4ANS_SER01A1104_003
ForkPoolWorker-1: Calling delphi to calculate conformer (23/611) SER01A1104_004 in /tmp/pbe_data.data.home.granepura.5-Kinases.Kinases_MCCE.Trial01.run_apo.4ANS_SER01A1104_004
Skipping PBE solver for non-charge conformer (24/611) ILE01A1105_001...
ForkPoolWorker-1: Calling delphi to calculate conformer (25/611) SER01A1106_001 in /tmp/pbe_data.data.home.granepura.5-Kinases.Kinases_MCCE.Trial01.run_apo.4ANS_SER01A1106_001
ForkPoolWorker-1: Calling delphi to calculate conformer (26/611) SER01A1106_002 in /tmp/pbe_data.data.home.granepura.5-Kinases.Kinases_MCCE.Trial01.run_apo.4ANS_SER01A1106_002
ForkPoolWorker-1: Calling delphi to calculate conformer (27/611) ASP01A1107_001 in /tmp/pbe_data.data.home.granepura.5-Kinases.Kinases_MCCE.Trial01.run_apo.4ANS_ASP01A1107_001
ForkPoolWorker-1: Calling delphi to calculate conformer (28/611) ASP01A1107_002 in /tmp/pbe_data.data.home.granepura.5-Kinases.Kinases_MCCE.Trial01.run_apo.4ANS_ASP01A1107_002
ForkPoolWorker-1: Calling delphi to calculate conformer (29/611) ASP02A1107_003 in /tmp/pbe_data.data.home.granepura.5-Kinases.Kinases_MCCE.Trial01.run_apo.4ANS_ASP02A1107_003
ForkPoolWorker-1: Calling delphi to calculate conformer (30/611) ASP02A1107_004 in /tmp/pbe_data.data.home.granepura.5-Kinases.Kinases_MCCE.Trial01.run_apo.4ANS_ASP02A1107_004
ForkPoolWorker-1: Calling delphi to calculate conformer (31/611) ASP-1A1107_005 in /tmp/pbe_data.data.home.granepura.5-Kinases.Kinases_MCCE.Trial01.run_apo.4ANS_ASP-1A1107_005
Skipping PBE solver for non-charge conformer (32/611) LEU01A1108_001...
ForkPoolWorker-1: Calling delphi to calculate conformer (33/611) LYS01A1109_001 in /tmp/pbe_data.data.home.granepura.5-Kinases.Kinases_MCCE.Trial01.run_apo.4ANS_LYS01A1109_001
ForkPoolWorker-1: Calling delphi to calculate conformer (34/611) LYS+1A1109_002 in /tmp/pbe_data.data.home.granepura.5-Kinases.Kinases_MCCE.Trial01.run_apo.4ANS_LYS+1A1109_002
ForkPoolWorker-1: Calling delphi to calculate conformer (35/611) GLU01A1110_001 in /tmp/pbe_data.data.home.granepura.5-Kinases.Kinases_MCCE.Trial01.run_apo.4ANS_GLU01A1110_001
ForkPoolWorker-1: Calling delphi to calculate conformer (36/611) GLU01A1110_002 in /tmp/pbe_data.data.home.granepura.5-Kinases.Kinases_MCCE.Trial01.run_apo.4ANS_GLU01A1110_002
ForkPoolWorker-1: Calling delphi to calculate conformer (37/611) GLU02A1110_003 in /tmp/pbe_data.data.home.granepura.5-Kinases.Kinases_MCCE.Trial01.run_apo.4ANS_GLU02A1110_003
ForkPoolWorker-1: Calling delphi to calculate conformer (38/611) GLU02A1110_004 in /tmp/pbe_data.data.home.granepura.5-Kinases.Kinases_MCCE.Trial01.run_apo.4ANS_GLU02A1110_004
ForkPoolWorker-1: Calling delphi to calculate conformer (39/611) GLU-1A1110_005 in /tmp/pbe_data.data.home.granepura.5-Kinases.Kinases_MCCE.Trial01.run_apo.4ANS_GLU-1A1110_005
Skipping PBE solver for non-charge conformer (40/611) VAL01A1111_001...
Skipping PBE solver for non-charge conformer (41/611) PRO01A1112_001...
ForkPoolWorker-1: Calling delphi to calculate conformer (42/611) ARG01A1113_001 in /tmp/pbe_data.data.home.granepura.5-Kinases.Kinases_MCCE.Trial01.run_apo.4ANS_ARG01A1113_001
ForkPoolWorker-1: Calling delphi to calculate conformer (43/611) ARG02A1113_002 in /tmp/pbe_data.data.home.granepura.5-Kinases.Kinases_MCCE.Trial01.run_apo.4ANS_ARG02A1113_002
ForkPoolWorker-1: Calling delphi to calculate conformer (44/611) ARG03A1113_003 in /tmp/pbe_data.data.home.granepura.5-Kinases.Kinases_MCCE.Trial01.run_apo.4ANS_ARG03A1113_003
ForkPoolWorker-1: Calling delphi to calculate conformer (45/611) ARG+1A1113_004 in /tmp/pbe_data.data.home.granepura.5-Kinases.Kinases_MCCE.Trial01.run_apo.4ANS_ARG+1A1113_004
ForkPoolWorker-1: Calling delphi to calculate conformer (46/611) LYS01A1114_001 in /tmp/pbe_data.data.home.granepura.5-Kinases.Kinases_MCCE.Trial01.run_apo.4ANS_LYS01A1114_001
ForkPoolWorker-1: Calling delphi to calculate conformer (47/611) LYS+1A1114_002 in /tmp/pbe_data.data.home.granepura.5-Kinases.Kinases_MCCE.Trial01.run_apo.4ANS_LYS+1A1114_002
ForkPoolWorker-1: Calling delphi to calculate conformer (48/611) ASN01A1115_001 in /tmp/pbe_data.data.home.granepura.5-Kinases.Kinases_MCCE.Trial01.run_apo.4ANS_ASN01A1115_001
ForkPoolWorker-1: Calling delphi to calculate conformer (49/611) ASN01A1115_002 in /tmp/pbe_data.data.home.granepura.5-Kinases.Kinases_MCCE.Trial01.run_apo.4ANS_ASN01A1115_002
Skipping PBE solver for non-charge conformer (50/611) ILE01A1116_001...
ForkPoolWorker-1: Calling delphi to calculate conformer (51/611) THR01A1117_001 in /tmp/pbe_data.data.home.granepura.5-Kinases.Kinases_MCCE.Trial01.run_apo.4ANS_THR01A1117_001
Skipping PBE solver for non-charge conformer (52/611) LEU01A1118_001...
Skipping PBE solver for non-charge conformer (53/611) ILE01A1119_001...
ForkPoolWorker-1: Calling delphi to calculate conformer (54/611) ARG01A1120_001 in /tmp/pbe_data.data.home.granepura.5-Kinases.Kinases_MCCE.Trial01.run_apo.4ANS_ARG01A1120_001
ForkPoolWorker-1: Calling delphi to calculate conformer (55/611) ARG02A1120_002 in /tmp/pbe_data.data.home.granepura.5-Kinases.Kinases_MCCE.Trial01.run_apo.4ANS_ARG02A1120_002
ForkPoolWorker-1: Calling delphi to calculate conformer (56/611) ARG02A1120_003 in /tmp/pbe_data.data.home.granepura.5-Kinases.Kinases_MCCE.Trial01.run_apo.4ANS_ARG02A1120_003
ForkPoolWorker-1: Calling delphi to calculate conformer (57/611) ARG03A1120_004 in /tmp/pbe_data.data.home.granepura.5-Kinases.Kinases_MCCE.Trial01.run_apo.4ANS_ARG03A1120_004
ForkPoolWorker-1: Calling delphi to calculate conformer (58/611) ARG+1A1120_005 in /tmp/pbe_data.data.home.granepura.5-Kinases.Kinases_MCCE.Trial01.run_apo.4ANS_ARG+1A1120_005
Skipping PBE solver for non-charge conformer (59/611) LEU01A1122_001...
Skipping PBE solver for non-charge conformer (60/611) ALA01A1126_001...
Skipping PBE solver for non-charge conformer (61/611) PHE01A1127_001...
ForkPoolWorker-1: Calling delphi to calculate conformer (62/611) GLU01A1129_001 in /tmp/pbe_data.data.home.granepura.5-Kinases.Kinases_MCCE.Trial01.run_apo.4ANS_GLU01A1129_001
ForkPoolWorker-1: Calling delphi to calculate conformer (63/611) GLU01A1129_002 in /tmp/pbe_data.data.home.granepura.5-Kinases.Kinases_MCCE.Trial01.run_apo.4ANS_GLU01A1129_002
ForkPoolWorker-1: Calling delphi to calculate conformer (64/611) GLU02A1129_003 in /tmp/pbe_data.data.home.granepura.5-Kinases.Kinases_MCCE.Trial01.run_apo.4ANS_GLU02A1129_003
ForkPoolWorker-1: Calling delphi to calculate conformer (65/611) GLU02A1129_004 in /tmp/pbe_data.data.home.granepura.5-Kinases.Kinases_MCCE.Trial01.run_apo.4ANS_GLU02A1129_004
ForkPoolWorker-1: Calling delphi to calculate conformer (66/611) GLU-1A1129_005 in /tmp/pbe_data.data.home.granepura.5-Kinases.Kinases_MCCE.Trial01.run_apo.4ANS_GLU-1A1129_005
Skipping PBE solver for non-charge conformer (67/611) VAL01A1130_001...
ForkPoolWorker-1: Calling delphi to calculate conformer (68/611) TYR01A1131_001 in /tmp/pbe_data.data.home.granepura.5-Kinases.Kinases_MCCE.Trial01.run_apo.4ANS_TYR01A1131_001
ForkPoolWorker-1: Calling delphi to calculate conformer (69/611) TYR01A1131_002 in /tmp/pbe_data.data.home.granepura.5-Kinases.Kinases_MCCE.Trial01.run_apo.4ANS_TYR01A1131_002
ForkPoolWorker-1: Calling delphi to calculate conformer (70/611) TYR-1A1131_003 in /tmp/pbe_data.data.home.granepura.5-Kinases.Kinases_MCCE.Trial01.run_apo.4ANS_TYR-1A1131_003
ForkPoolWorker-1: Calling delphi to calculate conformer (71/611) GLU01A1132_001 in /tmp/pbe_data.data.home.granepura.5-Kinases.Kinases_MCCE.Trial01.run_apo.4ANS_GLU01A1132_001
ForkPoolWorker-1: Calling delphi to calculate conformer (72/611) GLU01A1132_002 in /tmp/pbe_data.data.home.granepura.5-Kinases.Kinases_MCCE.Trial01.run_apo.4ANS_GLU01A1132_002
ForkPoolWorker-1: Calling delphi to calculate conformer (73/611) GLU02A1132_003 in /tmp/pbe_data.data.home.granepura.5-Kinases.Kinases_MCCE.Trial01.run_apo.4ANS_GLU02A1132_003
ForkPoolWorker-1: Calling delphi to calculate conformer (74/611) GLU02A1132_004 in /tmp/pbe_data.data.home.granepura.5-Kinases.Kinases_MCCE.Trial01.run_apo.4ANS_GLU02A1132_004
ForkPoolWorker-1: Calling delphi to calculate conformer (75/611) GLU-1A1132_005 in /tmp/pbe_data.data.home.granepura.5-Kinases.Kinases_MCCE.Trial01.run_apo.4ANS_GLU-1A1132_005
ForkPoolWorker-1: Calling delphi to calculate conformer (76/611) GLN01A1134_001 in /tmp/pbe_data.data.home.granepura.5-Kinases.Kinases_MCCE.Trial01.run_apo.4ANS_GLN01A1134_001
ForkPoolWorker-1: Calling delphi to calculate conformer (77/611) GLN01A1134_002 in /tmp/pbe_data.data.home.granepura.5-Kinases.Kinases_MCCE.Trial01.run_apo.4ANS_GLN01A1134_002
Skipping PBE solver for non-charge conformer (78/611) VAL01A1135_001...
Skipping PBE solver for non-charge conformer (79/611) PRO01A1144_001...
Skipping PBE solver for non-charge conformer (80/611) LEU01A1145_001...
ForkPoolWorker-1: Calling delphi to calculate conformer (81/611) GLN01A1146_001 in /tmp/pbe_data.data.home.granepura.5-Kinases.Kinases_MCCE.Trial01.run_apo.4ANS_GLN01A1146_001
ForkPoolWorker-1: Calling delphi to calculate conformer (82/611) GLN01A1146_002 in /tmp/pbe_data.data.home.granepura.5-Kinases.Kinases_MCCE.Trial01.run_apo.4ANS_GLN01A1146_002
Skipping PBE solver for non-charge conformer (83/611) VAL01A1147_001...
Skipping PBE solver for non-charge conformer (84/611) ALA01A1148_001...
Skipping PBE solver for non-charge conformer (85/611) VAL01A1149_001...
ForkPoolWorker-1: Calling delphi to calculate conformer (86/611) LYS01A1150_001 in /tmp/pbe_data.data.home.granepura.5-Kinases.Kinases_MCCE.Trial01.run_apo.4ANS_LYS01A1150_001
ForkPoolWorker-1: Calling delphi to calculate conformer (87/611) LYS+1A1150_002 in /tmp/pbe_data.data.home.granepura.5-Kinases.Kinases_MCCE.Trial01.run_apo.4ANS_LYS+1A1150_002
ForkPoolWorker-1: Calling delphi to calculate conformer (88/611) THR01A1151_001 in /tmp/pbe_data.data.home.granepura.5-Kinases.Kinases_MCCE.Trial01.run_apo.4ANS_THR01A1151_001
ForkPoolWorker-1: Calling delphi to calculate conformer (89/611) THR01A1151_002 in /tmp/pbe_data.data.home.granepura.5-Kinases.Kinases_MCCE.Trial01.run_apo.4ANS_THR01A1151_002
ForkPoolWorker-1: Calling delphi to calculate conformer (90/611) THR01A1151_003 in /tmp/pbe_data.data.home.granepura.5-Kinases.Kinases_MCCE.Trial01.run_apo.4ANS_THR01A1151_003
Skipping PBE solver for non-charge conformer (91/611) LEU01A1152_001...
Skipping PBE solver for non-charge conformer (92/611) PRO01A1153_001...
ForkPoolWorker-1: Calling delphi to calculate conformer (93/611) GLU01A1154_001 in /tmp/pbe_data.data.home.granepura.5-Kinases.Kinases_MCCE.Trial01.run_apo.4ANS_GLU01A1154_001
ForkPoolWorker-1: Calling delphi to calculate conformer (94/611) GLU01A1154_002 in /tmp/pbe_data.data.home.granepura.5-Kinases.Kinases_MCCE.Trial01.run_apo.4ANS_GLU01A1154_002
ForkPoolWorker-1: Calling delphi to calculate conformer (95/611) GLU02A1154_003 in /tmp/pbe_data.data.home.granepura.5-Kinases.Kinases_MCCE.Trial01.run_apo.4ANS_GLU02A1154_003
ForkPoolWorker-1: Calling delphi to calculate conformer (96/611) GLU02A1154_004 in /tmp/pbe_data.data.home.granepura.5-Kinases.Kinases_MCCE.Trial01.run_apo.4ANS_GLU02A1154_004
ForkPoolWorker-1: Calling delphi to calculate conformer (97/611) GLU-1A1154_005 in /tmp/pbe_data.data.home.granepura.5-Kinases.Kinases_MCCE.Trial01.run_apo.4ANS_GLU-1A1154_005
Skipping PBE solver for non-charge conformer (98/611) VAL01A1155_001...
ForkPoolWorker-1: Calling delphi to calculate conformer (99/611) CYS01A1156_001 in /tmp/pbe_data.data.home.granepura.5-Kinases.Kinases_MCCE.Trial01.run_apo.4ANS_CYS01A1156_001
ForkPoolWorker-1: Calling delphi to calculate conformer (100/611) CYS01A1156_002 in /tmp/pbe_data.data.home.granepura.5-Kinases.Kinases_MCCE.Trial01.run_apo.4ANS_CYS01A1156_002
ForkPoolWorker-1: Calling delphi to calculate conformer (101/611) CYS01A1156_003 in /tmp/pbe_data.data.home.granepura.5-Kinases.Kinases_MCCE.Trial01.run_apo.4ANS_CYS01A1156_003
ForkPoolWorker-1: Calling delphi to calculate conformer (102/611) CYS-1A1156_004 in /tmp/pbe_data.data.home.granepura.5-Kinases.Kinases_MCCE.Trial01.run_apo.4ANS_CYS-1A1156_004
ForkPoolWorker-1: Calling delphi to calculate conformer (103/611) SER01A1157_001 in /tmp/pbe_data.data.home.granepura.5-Kinases.Kinases_MCCE.Trial01.run_apo.4ANS_SER01A1157_001
ForkPoolWorker-1: Calling delphi to calculate conformer (104/611) SER01A1157_002 in /tmp/pbe_data.data.home.granepura.5-Kinases.Kinases_MCCE.Trial01.run_apo.4ANS_SER01A1157_002
ForkPoolWorker-1: Calling delphi to calculate conformer (105/611) GLU01A1158_001 in /tmp/pbe_data.data.home.granepura.5-Kinases.Kinases_MCCE.Trial01.run_apo.4ANS_GLU01A1158_001
ForkPoolWorker-1: Calling delphi to calculate conformer (106/611) GLU01A1158_002 in /tmp/pbe_data.data.home.granepura.5-Kinases.Kinases_MCCE.Trial01.run_apo.4ANS_GLU01A1158_002
ForkPoolWorker-1: Calling delphi to calculate conformer (107/611) GLU02A1158_003 in /tmp/pbe_data.data.home.granepura.5-Kinases.Kinases_MCCE.Trial01.run_apo.4ANS_GLU02A1158_003
ForkPoolWorker-1: Calling delphi to calculate conformer (108/611) GLU02A1158_004 in /tmp/pbe_data.data.home.granepura.5-Kinases.Kinases_MCCE.Trial01.run_apo.4ANS_GLU02A1158_004
ForkPoolWorker-1: Calling delphi to calculate conformer (109/611) GLU-1A1158_005 in /tmp/pbe_data.data.home.granepura.5-Kinases.Kinases_MCCE.Trial01.run_apo.4ANS_GLU-1A1158_005
ForkPoolWorker-1: Calling delphi to calculate conformer (110/611) GLN01A1159_001 in /tmp/pbe_data.data.home.granepura.5-Kinases.Kinases_MCCE.Trial01.run_apo.4ANS_GLN01A1159_001
ForkPoolWorker-1: Calling delphi to calculate conformer (111/611) GLN01A1159_002 in /tmp/pbe_data.data.home.granepura.5-Kinases.Kinases_MCCE.Trial01.run_apo.4ANS_GLN01A1159_002
ForkPoolWorker-1: Calling delphi to calculate conformer (112/611) GLN01A1159_003 in /tmp/pbe_data.data.home.granepura.5-Kinases.Kinases_MCCE.Trial01.run_apo.4ANS_GLN01A1159_003
ForkPoolWorker-1: Calling delphi to calculate conformer (113/611) ASP01A1160_001 in /tmp/pbe_data.data.home.granepura.5-Kinases.Kinases_MCCE.Trial01.run_apo.4ANS_ASP01A1160_001
ForkPoolWorker-1: Calling delphi to calculate conformer (114/611) ASP01A1160_002 in /tmp/pbe_data.data.home.granepura.5-Kinases.Kinases_MCCE.Trial01.run_apo.4ANS_ASP01A1160_002
ForkPoolWorker-1: Calling delphi to calculate conformer (115/611) ASP01A1160_003 in /tmp/pbe_data.data.home.granepura.5-Kinases.Kinases_MCCE.Trial01.run_apo.4ANS_ASP01A1160_003
ForkPoolWorker-1: Calling delphi to calculate conformer (116/611) ASP01A1160_004 in /tmp/pbe_data.data.home.granepura.5-Kinases.Kinases_MCCE.Trial01.run_apo.4ANS_ASP01A1160_004
ForkPoolWorker-1: Calling delphi to calculate conformer (117/611) ASP02A1160_005 in /tmp/pbe_data.data.home.granepura.5-Kinases.Kinases_MCCE.Trial01.run_apo.4ANS_ASP02A1160_005
ForkPoolWorker-1: Calling delphi to calculate conformer (118/611) ASP02A1160_006 in /tmp/pbe_data.data.home.granepura.5-Kinases.Kinases_MCCE.Trial01.run_apo.4ANS_ASP02A1160_006
ForkPoolWorker-1: Calling delphi to calculate conformer (119/611) ASP02A1160_007 in /tmp/pbe_data.data.home.granepura.5-Kinases.Kinases_MCCE.Trial01.run_apo.4ANS_ASP02A1160_007
ForkPoolWorker-1: Calling delphi to calculate conformer (120/611) ASP02A1160_008 in /tmp/pbe_data.data.home.granepura.5-Kinases.Kinases_MCCE.Trial01.run_apo.4ANS_ASP02A1160_008
ForkPoolWorker-1: Calling delphi to calculate conformer (121/611) ASP-1A1160_009 in /tmp/pbe_data.data.home.granepura.5-Kinases.Kinases_MCCE.Trial01.run_apo.4ANS_ASP-1A1160_009
ForkPoolWorker-1: Calling delphi to calculate conformer (122/611) ASP-1A1160_010 in /tmp/pbe_data.data.home.granepura.5-Kinases.Kinases_MCCE.Trial01.run_apo.4ANS_ASP-1A1160_010
ForkPoolWorker-1: Calling delphi to calculate conformer (123/611) GLU01A1161_001 in /tmp/pbe_data.data.home.granepura.5-Kinases.Kinases_MCCE.Trial01.run_apo.4ANS_GLU01A1161_001
ForkPoolWorker-1: Calling delphi to calculate conformer (124/611) GLU01A1161_002 in /tmp/pbe_data.data.home.granepura.5-Kinases.Kinases_MCCE.Trial01.run_apo.4ANS_GLU01A1161_002
ForkPoolWorker-1: Calling delphi to calculate conformer (125/611) GLU02A1161_003 in /tmp/pbe_data.data.home.granepura.5-Kinases.Kinases_MCCE.Trial01.run_apo.4ANS_GLU02A1161_003
ForkPoolWorker-1: Calling delphi to calculate conformer (126/611) GLU02A1161_004 in /tmp/pbe_data.data.home.granepura.5-Kinases.Kinases_MCCE.Trial01.run_apo.4ANS_GLU02A1161_004
ForkPoolWorker-1: Calling delphi to calculate conformer (127/611) GLU-1A1161_005 in /tmp/pbe_data.data.home.granepura.5-Kinases.Kinases_MCCE.Trial01.run_apo.4ANS_GLU-1A1161_005
Skipping PBE solver for non-charge conformer (128/611) LEU01A1162_001...
ForkPoolWorker-1: Calling delphi to calculate conformer (129/611) ASP01A1163_001 in /tmp/pbe_data.data.home.granepura.5-Kinases.Kinases_MCCE.Trial01.run_apo.4ANS_ASP01A1163_001
ForkPoolWorker-1: Calling delphi to calculate conformer (130/611) ASP01A1163_002 in /tmp/pbe_data.data.home.granepura.5-Kinases.Kinases_MCCE.Trial01.run_apo.4ANS_ASP01A1163_002
ForkPoolWorker-1: Calling delphi to calculate conformer (131/611) ASP02A1163_003 in /tmp/pbe_data.data.home.granepura.5-Kinases.Kinases_MCCE.Trial01.run_apo.4ANS_ASP02A1163_003
ForkPoolWorker-1: Calling delphi to calculate conformer (132/611) ASP02A1163_004 in /tmp/pbe_data.data.home.granepura.5-Kinases.Kinases_MCCE.Trial01.run_apo.4ANS_ASP02A1163_004
ForkPoolWorker-1: Calling delphi to calculate conformer (133/611) ASP-1A1163_005 in /tmp/pbe_data.data.home.granepura.5-Kinases.Kinases_MCCE.Trial01.run_apo.4ANS_ASP-1A1163_005
Skipping PBE solver for non-charge conformer (134/611) PHE01A1164_001...
Skipping PBE solver for non-charge conformer (135/611) LEU01A1165_001...
ForkPoolWorker-1: Calling delphi to calculate conformer (136/611) MET01A1166_001 in /tmp/pbe_data.data.home.granepura.5-Kinases.Kinases_MCCE.Trial01.run_apo.4ANS_MET01A1166_001
ForkPoolWorker-1: Calling delphi to calculate conformer (137/611) GLU01A1167_001 in /tmp/pbe_data.data.home.granepura.5-Kinases.Kinases_MCCE.Trial01.run_apo.4ANS_GLU01A1167_001
ForkPoolWorker-1: Calling delphi to calculate conformer (138/611) GLU01A1167_002 in /tmp/pbe_data.data.home.granepura.5-Kinases.Kinases_MCCE.Trial01.run_apo.4ANS_GLU01A1167_002
ForkPoolWorker-1: Calling delphi to calculate conformer (139/611) GLU02A1167_003 in /tmp/pbe_data.data.home.granepura.5-Kinases.Kinases_MCCE.Trial01.run_apo.4ANS_GLU02A1167_003
ForkPoolWorker-1: Calling delphi to calculate conformer (140/611) GLU02A1167_004 in /tmp/pbe_data.data.home.granepura.5-Kinases.Kinases_MCCE.Trial01.run_apo.4ANS_GLU02A1167_004
ForkPoolWorker-1: Calling delphi to calculate conformer (141/611) GLU-1A1167_005 in /tmp/pbe_data.data.home.granepura.5-Kinases.Kinases_MCCE.Trial01.run_apo.4ANS_GLU-1A1167_005
Skipping PBE solver for non-charge conformer (142/611) ALA01A1168_001...
Skipping PBE solver for non-charge conformer (143/611) LEU01A1169_001...
Skipping PBE solver for non-charge conformer (144/611) ILE01A1170_001...
Skipping PBE solver for non-charge conformer (145/611) ILE01A1171_001...
ForkPoolWorker-1: Calling delphi to calculate conformer (146/611) SER01A1172_001 in /tmp/pbe_data.data.home.granepura.5-Kinases.Kinases_MCCE.Trial01.run_apo.4ANS_SER01A1172_001
ForkPoolWorker-1: Calling delphi to calculate conformer (147/611) SER01A1172_002 in /tmp/pbe_data.data.home.granepura.5-Kinases.Kinases_MCCE.Trial01.run_apo.4ANS_SER01A1172_002
ForkPoolWorker-1: Calling delphi to calculate conformer (148/611) LYS01A1173_001 in /tmp/pbe_data.data.home.granepura.5-Kinases.Kinases_MCCE.Trial01.run_apo.4ANS_LYS01A1173_001
ForkPoolWorker-1: Calling delphi to calculate conformer (149/611) LYS+1A1173_002 in /tmp/pbe_data.data.home.granepura.5-Kinases.Kinases_MCCE.Trial01.run_apo.4ANS_LYS+1A1173_002
Skipping PBE solver for non-charge conformer (150/611) PHE01A1174_001...
ForkPoolWorker-1: Calling delphi to calculate conformer (151/611) ASN01A1175_001 in /tmp/pbe_data.data.home.granepura.5-Kinases.Kinases_MCCE.Trial01.run_apo.4ANS_ASN01A1175_001
ForkPoolWorker-1: Calling delphi to calculate conformer (152/611) HIS01A1176_001 in /tmp/pbe_data.data.home.granepura.5-Kinases.Kinases_MCCE.Trial01.run_apo.4ANS_HIS01A1176_001
ForkPoolWorker-1: Calling delphi to calculate conformer (153/611) HIS02A1176_002 in /tmp/pbe_data.data.home.granepura.5-Kinases.Kinases_MCCE.Trial01.run_apo.4ANS_HIS02A1176_002
ForkPoolWorker-1: Calling delphi to calculate conformer (154/611) HIS+1A1176_003 in /tmp/pbe_data.data.home.granepura.5-Kinases.Kinases_MCCE.Trial01.run_apo.4ANS_HIS+1A1176_003
ForkPoolWorker-1: Calling delphi to calculate conformer (155/611) GLN01A1177_001 in /tmp/pbe_data.data.home.granepura.5-Kinases.Kinases_MCCE.Trial01.run_apo.4ANS_GLN01A1177_001
ForkPoolWorker-1: Calling delphi to calculate conformer (156/611) GLN01A1177_002 in /tmp/pbe_data.data.home.granepura.5-Kinases.Kinases_MCCE.Trial01.run_apo.4ANS_GLN01A1177_002
ForkPoolWorker-1: Calling delphi to calculate conformer (157/611) ASN01A1178_001 in /tmp/pbe_data.data.home.granepura.5-Kinases.Kinases_MCCE.Trial01.run_apo.4ANS_ASN01A1178_001
ForkPoolWorker-1: Calling delphi to calculate conformer (158/611) ASN01A1178_002 in /tmp/pbe_data.data.home.granepura.5-Kinases.Kinases_MCCE.Trial01.run_apo.4ANS_ASN01A1178_002
Skipping PBE solver for non-charge conformer (159/611) ILE01A1179_001...
Skipping PBE solver for non-charge conformer (160/611) VAL01A1180_001...
ForkPoolWorker-1: Calling delphi to calculate conformer (161/611) ARG01A1181_001 in /tmp/pbe_data.data.home.granepura.5-Kinases.Kinases_MCCE.Trial01.run_apo.4ANS_ARG01A1181_001
ForkPoolWorker-1: Calling delphi to calculate conformer (162/611) ARG02A1181_002 in /tmp/pbe_data.data.home.granepura.5-Kinases.Kinases_MCCE.Trial01.run_apo.4ANS_ARG02A1181_002
ForkPoolWorker-1: Calling delphi to calculate conformer (163/611) ARG02A1181_003 in /tmp/pbe_data.data.home.granepura.5-Kinases.Kinases_MCCE.Trial01.run_apo.4ANS_ARG02A1181_003
ForkPoolWorker-1: Calling delphi to calculate conformer (164/611) ARG03A1181_004 in /tmp/pbe_data.data.home.granepura.5-Kinases.Kinases_MCCE.Trial01.run_apo.4ANS_ARG03A1181_004
ForkPoolWorker-1: Calling delphi to calculate conformer (165/611) ARG+1A1181_005 in /tmp/pbe_data.data.home.granepura.5-Kinases.Kinases_MCCE.Trial01.run_apo.4ANS_ARG+1A1181_005
ForkPoolWorker-1: Calling delphi to calculate conformer (166/611) CYS01A1182_001 in /tmp/pbe_data.data.home.granepura.5-Kinases.Kinases_MCCE.Trial01.run_apo.4ANS_CYS01A1182_001
ForkPoolWorker-1: Calling delphi to calculate conformer (167/611) CYS01A1182_002 in /tmp/pbe_data.data.home.granepura.5-Kinases.Kinases_MCCE.Trial01.run_apo.4ANS_CYS01A1182_002
ForkPoolWorker-1: Calling delphi to calculate conformer (168/611) CYS01A1182_003 in /tmp/pbe_data.data.home.granepura.5-Kinases.Kinases_MCCE.Trial01.run_apo.4ANS_CYS01A1182_003
ForkPoolWorker-1: Calling delphi to calculate conformer (169/611) CYS-1A1182_004 in /tmp/pbe_data.data.home.granepura.5-Kinases.Kinases_MCCE.Trial01.run_apo.4ANS_CYS-1A1182_004
Skipping PBE solver for non-charge conformer (170/611) ILE01A1183_001...
Skipping PBE solver for non-charge conformer (171/611) VAL01A1185_001...
ForkPoolWorker-1: Calling delphi to calculate conformer (172/611) SER01A1186_001 in /tmp/pbe_data.data.home.granepura.5-Kinases.Kinases_MCCE.Trial01.run_apo.4ANS_SER01A1186_001
ForkPoolWorker-1: Calling delphi to calculate conformer (173/611) SER01A1186_002 in /tmp/pbe_data.data.home.granepura.5-Kinases.Kinases_MCCE.Trial01.run_apo.4ANS_SER01A1186_002
Skipping PBE solver for non-charge conformer (174/611) LEU01A1187_001...
ForkPoolWorker-1: Calling delphi to calculate conformer (175/611) GLN01A1188_001 in /tmp/pbe_data.data.home.granepura.5-Kinases.Kinases_MCCE.Trial01.run_apo.4ANS_GLN01A1188_001
ForkPoolWorker-1: Calling delphi to calculate conformer (176/611) GLN01A1188_002 in /tmp/pbe_data.data.home.granepura.5-Kinases.Kinases_MCCE.Trial01.run_apo.4ANS_GLN01A1188_002
ForkPoolWorker-1: Calling delphi to calculate conformer (177/611) SER01A1189_001 in /tmp/pbe_data.data.home.granepura.5-Kinases.Kinases_MCCE.Trial01.run_apo.4ANS_SER01A1189_001
Skipping PBE solver for non-charge conformer (178/611) LEU01A1190_001...
Skipping PBE solver for non-charge conformer (179/611) PRO01A1191_001...
ForkPoolWorker-1: Calling delphi to calculate conformer (180/611) ARG01A1192_001 in /tmp/pbe_data.data.home.granepura.5-Kinases.Kinases_MCCE.Trial01.run_apo.4ANS_ARG01A1192_001
ForkPoolWorker-1: Calling delphi to calculate conformer (181/611) ARG02A1192_002 in /tmp/pbe_data.data.home.granepura.5-Kinases.Kinases_MCCE.Trial01.run_apo.4ANS_ARG02A1192_002
ForkPoolWorker-1: Calling delphi to calculate conformer (182/611) ARG03A1192_003 in /tmp/pbe_data.data.home.granepura.5-Kinases.Kinases_MCCE.Trial01.run_apo.4ANS_ARG03A1192_003
ForkPoolWorker-1: Calling delphi to calculate conformer (183/611) ARG03A1192_004 in /tmp/pbe_data.data.home.granepura.5-Kinases.Kinases_MCCE.Trial01.run_apo.4ANS_ARG03A1192_004
ForkPoolWorker-1: Calling delphi to calculate conformer (184/611) ARG+1A1192_005 in /tmp/pbe_data.data.home.granepura.5-Kinases.Kinases_MCCE.Trial01.run_apo.4ANS_ARG+1A1192_005
Skipping PBE solver for non-charge conformer (185/611) PHE01A1193_001...
Skipping PBE solver for non-charge conformer (186/611) ILE01A1194_001...
Skipping PBE solver for non-charge conformer (187/611) LEU01A1195_001...
ForkPoolWorker-1: Calling delphi to calculate conformer (188/611) MET01A1196_001 in /tmp/pbe_data.data.home.granepura.5-Kinases.Kinases_MCCE.Trial01.run_apo.4ANS_MET01A1196_001
ForkPoolWorker-1: Calling delphi to calculate conformer (189/611) GLU01A1197_001 in /tmp/pbe_data.data.home.granepura.5-Kinases.Kinases_MCCE.Trial01.run_apo.4ANS_GLU01A1197_001
ForkPoolWorker-1: Calling delphi to calculate conformer (190/611) GLU01A1197_002 in /tmp/pbe_data.data.home.granepura.5-Kinases.Kinases_MCCE.Trial01.run_apo.4ANS_GLU01A1197_002
ForkPoolWorker-1: Calling delphi to calculate conformer (191/611) GLU02A1197_003 in /tmp/pbe_data.data.home.granepura.5-Kinases.Kinases_MCCE.Trial01.run_apo.4ANS_GLU02A1197_003
ForkPoolWorker-1: Calling delphi to calculate conformer (192/611) GLU02A1197_004 in /tmp/pbe_data.data.home.granepura.5-Kinases.Kinases_MCCE.Trial01.run_apo.4ANS_GLU02A1197_004
ForkPoolWorker-1: Calling delphi to calculate conformer (193/611) GLU-1A1197_005 in /tmp/pbe_data.data.home.granepura.5-Kinases.Kinases_MCCE.Trial01.run_apo.4ANS_GLU-1A1197_005
Skipping PBE solver for non-charge conformer (194/611) LEU01A1198_001...
ForkPoolWorker-1: Calling delphi to calculate conformer (195/611) MET01A1199_001 in /tmp/pbe_data.data.home.granepura.5-Kinases.Kinases_MCCE.Trial01.run_apo.4ANS_MET01A1199_001
Skipping PBE solver for non-charge conformer (196/611) ALA01A1200_001...
ForkPoolWorker-1: Calling delphi to calculate conformer (197/611) ASP01A1203_001 in /tmp/pbe_data.data.home.granepura.5-Kinases.Kinases_MCCE.Trial01.run_apo.4ANS_ASP01A1203_001
ForkPoolWorker-1: Calling delphi to calculate conformer (198/611) ASP01A1203_002 in /tmp/pbe_data.data.home.granepura.5-Kinases.Kinases_MCCE.Trial01.run_apo.4ANS_ASP01A1203_002
ForkPoolWorker-1: Calling delphi to calculate conformer (199/611) ASP02A1203_003 in /tmp/pbe_data.data.home.granepura.5-Kinases.Kinases_MCCE.Trial01.run_apo.4ANS_ASP02A1203_003
ForkPoolWorker-1: Calling delphi to calculate conformer (200/611) ASP02A1203_004 in /tmp/pbe_data.data.home.granepura.5-Kinases.Kinases_MCCE.Trial01.run_apo.4ANS_ASP02A1203_004
ForkPoolWorker-1: Calling delphi to calculate conformer (201/611) ASP-1A1203_005 in /tmp/pbe_data.data.home.granepura.5-Kinases.Kinases_MCCE.Trial01.run_apo.4ANS_ASP-1A1203_005
Skipping PBE solver for non-charge conformer (202/611) LEU01A1204_001...
ForkPoolWorker-1: Calling delphi to calculate conformer (203/611) LYS01A1205_001 in /tmp/pbe_data.data.home.granepura.5-Kinases.Kinases_MCCE.Trial01.run_apo.4ANS_LYS01A1205_001
ForkPoolWorker-1: Calling delphi to calculate conformer (204/611) LYS+1A1205_002 in /tmp/pbe_data.data.home.granepura.5-Kinases.Kinases_MCCE.Trial01.run_apo.4ANS_LYS+1A1205_002
ForkPoolWorker-1: Calling delphi to calculate conformer (205/611) SER01A1206_001 in /tmp/pbe_data.data.home.granepura.5-Kinases.Kinases_MCCE.Trial01.run_apo.4ANS_SER01A1206_001
ForkPoolWorker-1: Calling delphi to calculate conformer (206/611) SER01A1206_002 in /tmp/pbe_data.data.home.granepura.5-Kinases.Kinases_MCCE.Trial01.run_apo.4ANS_SER01A1206_002
ForkPoolWorker-1: Calling delphi to calculate conformer (207/611) SER01A1206_003 in /tmp/pbe_data.data.home.granepura.5-Kinases.Kinases_MCCE.Trial01.run_apo.4ANS_SER01A1206_003
Skipping PBE solver for non-charge conformer (208/611) PHE01A1207_001...
Skipping PBE solver for non-charge conformer (209/611) LEU01A1208_001...
ForkPoolWorker-1: Calling delphi to calculate conformer (210/611) ARG01A1209_001 in /tmp/pbe_data.data.home.granepura.5-Kinases.Kinases_MCCE.Trial01.run_apo.4ANS_ARG01A1209_001
ForkPoolWorker-1: Calling delphi to calculate conformer (211/611) ARG02A1209_002 in /tmp/pbe_data.data.home.granepura.5-Kinases.Kinases_MCCE.Trial01.run_apo.4ANS_ARG02A1209_002
ForkPoolWorker-1: Calling delphi to calculate conformer (212/611) ARG03A1209_003 in /tmp/pbe_data.data.home.granepura.5-Kinases.Kinases_MCCE.Trial01.run_apo.4ANS_ARG03A1209_003
ForkPoolWorker-1: Calling delphi to calculate conformer (213/611) ARG+1A1209_004 in /tmp/pbe_data.data.home.granepura.5-Kinases.Kinases_MCCE.Trial01.run_apo.4ANS_ARG+1A1209_004
ForkPoolWorker-1: Calling delphi to calculate conformer (214/611) GLU01A1210_001 in /tmp/pbe_data.data.home.granepura.5-Kinases.Kinases_MCCE.Trial01.run_apo.4ANS_GLU01A1210_001
ForkPoolWorker-1: Calling delphi to calculate conformer (215/611) GLU01A1210_002 in /tmp/pbe_data.data.home.granepura.5-Kinases.Kinases_MCCE.Trial01.run_apo.4ANS_GLU01A1210_002
ForkPoolWorker-1: Calling delphi to calculate conformer (216/611) GLU02A1210_003 in /tmp/pbe_data.data.home.granepura.5-Kinases.Kinases_MCCE.Trial01.run_apo.4ANS_GLU02A1210_003
ForkPoolWorker-1: Calling delphi to calculate conformer (217/611) GLU02A1210_004 in /tmp/pbe_data.data.home.granepura.5-Kinases.Kinases_MCCE.Trial01.run_apo.4ANS_GLU02A1210_004
ForkPoolWorker-1: Calling delphi to calculate conformer (218/611) GLU-1A1210_005 in /tmp/pbe_data.data.home.granepura.5-Kinases.Kinases_MCCE.Trial01.run_apo.4ANS_GLU-1A1210_005
ForkPoolWorker-1: Calling delphi to calculate conformer (219/611) THR01A1211_001 in /tmp/pbe_data.data.home.granepura.5-Kinases.Kinases_MCCE.Trial01.run_apo.4ANS_THR01A1211_001
ForkPoolWorker-1: Calling delphi to calculate conformer (220/611) THR01A1211_002 in /tmp/pbe_data.data.home.granepura.5-Kinases.Kinases_MCCE.Trial01.run_apo.4ANS_THR01A1211_002
ForkPoolWorker-1: Calling delphi to calculate conformer (221/611) ARG01A1212_001 in /tmp/pbe_data.data.home.granepura.5-Kinases.Kinases_MCCE.Trial01.run_apo.4ANS_ARG01A1212_001
ForkPoolWorker-1: Calling delphi to calculate conformer (222/611) ARG02A1212_002 in /tmp/pbe_data.data.home.granepura.5-Kinases.Kinases_MCCE.Trial01.run_apo.4ANS_ARG02A1212_002
ForkPoolWorker-1: Calling delphi to calculate conformer (223/611) ARG02A1212_003 in /tmp/pbe_data.data.home.granepura.5-Kinases.Kinases_MCCE.Trial01.run_apo.4ANS_ARG02A1212_003
ForkPoolWorker-1: Calling delphi to calculate conformer (224/611) ARG03A1212_004 in /tmp/pbe_data.data.home.granepura.5-Kinases.Kinases_MCCE.Trial01.run_apo.4ANS_ARG03A1212_004
ForkPoolWorker-1: Calling delphi to calculate conformer (225/611) ARG+1A1212_005 in /tmp/pbe_data.data.home.granepura.5-Kinases.Kinases_MCCE.Trial01.run_apo.4ANS_ARG+1A1212_005
Skipping PBE solver for non-charge conformer (226/611) PRO01A1213_001...
ForkPoolWorker-1: Calling delphi to calculate conformer (227/611) ARG01A1214_001 in /tmp/pbe_data.data.home.granepura.5-Kinases.Kinases_MCCE.Trial01.run_apo.4ANS_ARG01A1214_001
ForkPoolWorker-1: Calling delphi to calculate conformer (228/611) ARG02A1214_002 in /tmp/pbe_data.data.home.granepura.5-Kinases.Kinases_MCCE.Trial01.run_apo.4ANS_ARG02A1214_002
ForkPoolWorker-1: Calling delphi to calculate conformer (229/611) ARG03A1214_003 in /tmp/pbe_data.data.home.granepura.5-Kinases.Kinases_MCCE.Trial01.run_apo.4ANS_ARG03A1214_003
ForkPoolWorker-1: Calling delphi to calculate conformer (230/611) ARG03A1214_004 in /tmp/pbe_data.data.home.granepura.5-Kinases.Kinases_MCCE.Trial01.run_apo.4ANS_ARG03A1214_004
ForkPoolWorker-1: Calling delphi to calculate conformer (231/611) ARG+1A1214_005 in /tmp/pbe_data.data.home.granepura.5-Kinases.Kinases_MCCE.Trial01.run_apo.4ANS_ARG+1A1214_005
Skipping PBE solver for non-charge conformer (232/611) PRO01A1215_001...
ForkPoolWorker-1: Calling delphi to calculate conformer (233/611) SER01A1216_001 in /tmp/pbe_data.data.home.granepura.5-Kinases.Kinases_MCCE.Trial01.run_apo.4ANS_SER01A1216_001
ForkPoolWorker-1: Calling delphi to calculate conformer (234/611) GLN01A1217_001 in /tmp/pbe_data.data.home.granepura.5-Kinases.Kinases_MCCE.Trial01.run_apo.4ANS_GLN01A1217_001
Skipping PBE solver for non-charge conformer (235/611) PRO01A1218_001...
ForkPoolWorker-1: Calling delphi to calculate conformer (236/611) SER01A1219_001 in /tmp/pbe_data.data.home.granepura.5-Kinases.Kinases_MCCE.Trial01.run_apo.4ANS_SER01A1219_001
ForkPoolWorker-1: Calling delphi to calculate conformer (237/611) SER01A1220_001 in /tmp/pbe_data.data.home.granepura.5-Kinases.Kinases_MCCE.Trial01.run_apo.4ANS_SER01A1220_001
Skipping PBE solver for non-charge conformer (238/611) LEU01A1221_001...
Skipping PBE solver for non-charge conformer (239/611) ALA01A1222_001...
ForkPoolWorker-1: Calling delphi to calculate conformer (240/611) MET01A1223_001 in /tmp/pbe_data.data.home.granepura.5-Kinases.Kinases_MCCE.Trial01.run_apo.4ANS_MET01A1223_001
Skipping PBE solver for non-charge conformer (241/611) LEU01A1224_001...
ForkPoolWorker-1: Calling delphi to calculate conformer (242/611) ASP01A1225_001 in /tmp/pbe_data.data.home.granepura.5-Kinases.Kinases_MCCE.Trial01.run_apo.4ANS_ASP01A1225_001
ForkPoolWorker-1: Calling delphi to calculate conformer (243/611) ASP01A1225_002 in /tmp/pbe_data.data.home.granepura.5-Kinases.Kinases_MCCE.Trial01.run_apo.4ANS_ASP01A1225_002
ForkPoolWorker-1: Calling delphi to calculate conformer (244/611) ASP02A1225_003 in /tmp/pbe_data.data.home.granepura.5-Kinases.Kinases_MCCE.Trial01.run_apo.4ANS_ASP02A1225_003
ForkPoolWorker-1: Calling delphi to calculate conformer (245/611) ASP02A1225_004 in /tmp/pbe_data.data.home.granepura.5-Kinases.Kinases_MCCE.Trial01.run_apo.4ANS_ASP02A1225_004
ForkPoolWorker-1: Calling delphi to calculate conformer (246/611) ASP-1A1225_005 in /tmp/pbe_data.data.home.granepura.5-Kinases.Kinases_MCCE.Trial01.run_apo.4ANS_ASP-1A1225_005
Skipping PBE solver for non-charge conformer (247/611) LEU01A1226_001...
Skipping PBE solver for non-charge conformer (248/611) LEU01A1227_001...
ForkPoolWorker-1: Calling delphi to calculate conformer (249/611) HIS01A1228_001 in /tmp/pbe_data.data.home.granepura.5-Kinases.Kinases_MCCE.Trial01.run_apo.4ANS_HIS01A1228_001
ForkPoolWorker-1: Calling delphi to calculate conformer (250/611) HIS01A1228_002 in /tmp/pbe_data.data.home.granepura.5-Kinases.Kinases_MCCE.Trial01.run_apo.4ANS_HIS01A1228_002
ForkPoolWorker-1: Calling delphi to calculate conformer (251/611) HIS02A1228_003 in /tmp/pbe_data.data.home.granepura.5-Kinases.Kinases_MCCE.Trial01.run_apo.4ANS_HIS02A1228_003
ForkPoolWorker-1: Calling delphi to calculate conformer (252/611) HIS02A1228_004 in /tmp/pbe_data.data.home.granepura.5-Kinases.Kinases_MCCE.Trial01.run_apo.4ANS_HIS02A1228_004
ForkPoolWorker-1: Calling delphi to calculate conformer (253/611) HIS+1A1228_005 in /tmp/pbe_data.data.home.granepura.5-Kinases.Kinases_MCCE.Trial01.run_apo.4ANS_HIS+1A1228_005
ForkPoolWorker-1: Calling delphi to calculate conformer (254/611) HIS+1A1228_006 in /tmp/pbe_data.data.home.granepura.5-Kinases.Kinases_MCCE.Trial01.run_apo.4ANS_HIS+1A1228_006
Skipping PBE solver for non-charge conformer (255/611) VAL01A1229_001...
Skipping PBE solver for non-charge conformer (256/611) ALA01A1230_001...
ForkPoolWorker-1: Calling delphi to calculate conformer (257/611) ARG01A1231_001 in /tmp/pbe_data.data.home.granepura.5-Kinases.Kinases_MCCE.Trial01.run_apo.4ANS_ARG01A1231_001
ForkPoolWorker-1: Calling delphi to calculate conformer (258/611) ARG02A1231_002 in /tmp/pbe_data.data.home.granepura.5-Kinases.Kinases_MCCE.Trial01.run_apo.4ANS_ARG02A1231_002
ForkPoolWorker-1: Calling delphi to calculate conformer (259/611) ARG02A1231_003 in /tmp/pbe_data.data.home.granepura.5-Kinases.Kinases_MCCE.Trial01.run_apo.4ANS_ARG02A1231_003
ForkPoolWorker-1: Calling delphi to calculate conformer (260/611) ARG03A1231_004 in /tmp/pbe_data.data.home.granepura.5-Kinases.Kinases_MCCE.Trial01.run_apo.4ANS_ARG03A1231_004
ForkPoolWorker-1: Calling delphi to calculate conformer (261/611) ARG03A1231_005 in /tmp/pbe_data.data.home.granepura.5-Kinases.Kinases_MCCE.Trial01.run_apo.4ANS_ARG03A1231_005
ForkPoolWorker-1: Calling delphi to calculate conformer (262/611) ARG+1A1231_006 in /tmp/pbe_data.data.home.granepura.5-Kinases.Kinases_MCCE.Trial01.run_apo.4ANS_ARG+1A1231_006
ForkPoolWorker-1: Calling delphi to calculate conformer (263/611) ASP01A1232_001 in /tmp/pbe_data.data.home.granepura.5-Kinases.Kinases_MCCE.Trial01.run_apo.4ANS_ASP01A1232_001
ForkPoolWorker-1: Calling delphi to calculate conformer (264/611) ASP01A1232_002 in /tmp/pbe_data.data.home.granepura.5-Kinases.Kinases_MCCE.Trial01.run_apo.4ANS_ASP01A1232_002
ForkPoolWorker-1: Calling delphi to calculate conformer (265/611) ASP02A1232_003 in /tmp/pbe_data.data.home.granepura.5-Kinases.Kinases_MCCE.Trial01.run_apo.4ANS_ASP02A1232_003
ForkPoolWorker-1: Calling delphi to calculate conformer (266/611) ASP02A1232_004 in /tmp/pbe_data.data.home.granepura.5-Kinases.Kinases_MCCE.Trial01.run_apo.4ANS_ASP02A1232_004
ForkPoolWorker-1: Calling delphi to calculate conformer (267/611) ASP-1A1232_005 in /tmp/pbe_data.data.home.granepura.5-Kinases.Kinases_MCCE.Trial01.run_apo.4ANS_ASP-1A1232_005
Skipping PBE solver for non-charge conformer (268/611) ILE01A1233_001...
Skipping PBE solver for non-charge conformer (269/611) ALA01A1234_001...
ForkPoolWorker-1: Calling delphi to calculate conformer (270/611) CYS01A1235_001 in /tmp/pbe_data.data.home.granepura.5-Kinases.Kinases_MCCE.Trial01.run_apo.4ANS_CYS01A1235_001
ForkPoolWorker-1: Calling delphi to calculate conformer (271/611) CYS01A1235_002 in /tmp/pbe_data.data.home.granepura.5-Kinases.Kinases_MCCE.Trial01.run_apo.4ANS_CYS01A1235_002
ForkPoolWorker-1: Calling delphi to calculate conformer (272/611) CYS01A1235_003 in /tmp/pbe_data.data.home.granepura.5-Kinases.Kinases_MCCE.Trial01.run_apo.4ANS_CYS01A1235_003
ForkPoolWorker-1: Calling delphi to calculate conformer (273/611) CYS-1A1235_004 in /tmp/pbe_data.data.home.granepura.5-Kinases.Kinases_MCCE.Trial01.run_apo.4ANS_CYS-1A1235_004
ForkPoolWorker-1: Calling delphi to calculate conformer (274/611) CYS01A1237_001 in /tmp/pbe_data.data.home.granepura.5-Kinases.Kinases_MCCE.Trial01.run_apo.4ANS_CYS01A1237_001
ForkPoolWorker-1: Calling delphi to calculate conformer (275/611) CYS01A1237_002 in /tmp/pbe_data.data.home.granepura.5-Kinases.Kinases_MCCE.Trial01.run_apo.4ANS_CYS01A1237_002
ForkPoolWorker-1: Calling delphi to calculate conformer (276/611) CYS01A1237_003 in /tmp/pbe_data.data.home.granepura.5-Kinases.Kinases_MCCE.Trial01.run_apo.4ANS_CYS01A1237_003
ForkPoolWorker-1: Calling delphi to calculate conformer (277/611) CYS-1A1237_004 in /tmp/pbe_data.data.home.granepura.5-Kinases.Kinases_MCCE.Trial01.run_apo.4ANS_CYS-1A1237_004
ForkPoolWorker-1: Calling delphi to calculate conformer (278/611) GLN01A1238_001 in /tmp/pbe_data.data.home.granepura.5-Kinases.Kinases_MCCE.Trial01.run_apo.4ANS_GLN01A1238_001
ForkPoolWorker-1: Calling delphi to calculate conformer (279/611) GLN01A1238_002 in /tmp/pbe_data.data.home.granepura.5-Kinases.Kinases_MCCE.Trial01.run_apo.4ANS_GLN01A1238_002
ForkPoolWorker-1: Calling delphi to calculate conformer (280/611) TYR01A1239_001 in /tmp/pbe_data.data.home.granepura.5-Kinases.Kinases_MCCE.Trial01.run_apo.4ANS_TYR01A1239_001
ForkPoolWorker-1: Calling delphi to calculate conformer (281/611) TYR-1A1239_002 in /tmp/pbe_data.data.home.granepura.5-Kinases.Kinases_MCCE.Trial01.run_apo.4ANS_TYR-1A1239_002
Skipping PBE solver for non-charge conformer (282/611) LEU01A1240_001...
ForkPoolWorker-1: Calling delphi to calculate conformer (283/611) GLU01A1241_001 in /tmp/pbe_data.data.home.granepura.5-Kinases.Kinases_MCCE.Trial01.run_apo.4ANS_GLU01A1241_001
ForkPoolWorker-1: Calling delphi to calculate conformer (284/611) GLU01A1241_002 in /tmp/pbe_data.data.home.granepura.5-Kinases.Kinases_MCCE.Trial01.run_apo.4ANS_GLU01A1241_002
ForkPoolWorker-1: Calling delphi to calculate conformer (285/611) GLU02A1241_003 in /tmp/pbe_data.data.home.granepura.5-Kinases.Kinases_MCCE.Trial01.run_apo.4ANS_GLU02A1241_003
ForkPoolWorker-1: Calling delphi to calculate conformer (286/611) GLU02A1241_004 in /tmp/pbe_data.data.home.granepura.5-Kinases.Kinases_MCCE.Trial01.run_apo.4ANS_GLU02A1241_004
ForkPoolWorker-1: Calling delphi to calculate conformer (287/611) GLU-1A1241_005 in /tmp/pbe_data.data.home.granepura.5-Kinases.Kinases_MCCE.Trial01.run_apo.4ANS_GLU-1A1241_005
ForkPoolWorker-1: Calling delphi to calculate conformer (288/611) GLU01A1242_001 in /tmp/pbe_data.data.home.granepura.5-Kinases.Kinases_MCCE.Trial01.run_apo.4ANS_GLU01A1242_001
