INFO - step3.py: Step 3. Energies calculation with PBE solver.
INFO - step3.py: Calling new VDW....No Scaling Applied
INFO - step3.py:    Process run time options & convert step2_out.pdb.
INFO - step3.py:    Prepare input for PB solver.
INFO - step3.py:    Time needed: 0 seconds.
INFO - step3.py:    Set up parallel envrionment and run PB solver.
INFO - step3.py:    Running PBE solver in 5 threads
!!! Detected an existing run.prm.
If you intend to use this run.prm, either use mcce directly or rename run.prm and use "-load_runprm" to load it.
For now, run.prm is overwritten and will be restored at the end of this program. 

Warning: VDW_RAD SO401 " HO1" not defined in RADIUS parameter
Warning: VDW_RAD SO401 " HO2" not defined in RADIUS parameter
Warning: VDW_RAD SO4-1 " HO1" not defined in RADIUS parameter
INFO - step3.py: ForkPoolWorker-5: Calling delphi to calculate conformer (5/593) HIS+1A1052_005 in /tmp/pbe_data.data.home.granepura.5-Kinases.Kinases_MCCE.Trial03.run_apo.2WGJ_HIS+1A1052_005
INFO - step3.py: ForkPoolWorker-1: Calling delphi to calculate conformer (1/593) HIS01A1052_001 in /tmp/pbe_data.data.home.granepura.5-Kinases.Kinases_MCCE.Trial03.run_apo.2WGJ_HIS01A1052_001
INFO - step3.py: ForkPoolWorker-4: Calling delphi to calculate conformer (4/593) HIS02A1052_004 in /tmp/pbe_data.data.home.granepura.5-Kinases.Kinases_MCCE.Trial03.run_apo.2WGJ_HIS02A1052_004
INFO - step3.py: ForkPoolWorker-3: Calling delphi to calculate conformer (3/593) HIS02A1052_003 in /tmp/pbe_data.data.home.granepura.5-Kinases.Kinases_MCCE.Trial03.run_apo.2WGJ_HIS02A1052_003
INFO - step3.py: ForkPoolWorker-2: Calling delphi to calculate conformer (2/593) HIS01A1052_002 in /tmp/pbe_data.data.home.granepura.5-Kinases.Kinases_MCCE.Trial03.run_apo.2WGJ_HIS01A1052_002
INFO - step3.py: ForkPoolWorker-5: Calling delphi to calculate conformer (6/593) HIS+1A1052_006 in /tmp/pbe_data.data.home.granepura.5-Kinases.Kinases_MCCE.Trial03.run_apo.2WGJ_HIS+1A1052_006
INFO - step3.py: Skipping PBE solver for non-charge conformer (7/593) ILE01A1053_001...
INFO - step3.py: ForkPoolWorker-3: Calling delphi to calculate conformer (8/593) ASP01A1054_001 in /tmp/pbe_data.data.home.granepura.5-Kinases.Kinases_MCCE.Trial03.run_apo.2WGJ_ASP01A1054_001
INFO - step3.py: ForkPoolWorker-1: Calling delphi to calculate conformer (9/593) ASP01A1054_002 in /tmp/pbe_data.data.home.granepura.5-Kinases.Kinases_MCCE.Trial03.run_apo.2WGJ_ASP01A1054_002
INFO - step3.py: ForkPoolWorker-4: Calling delphi to calculate conformer (10/593) ASP02A1054_003 in /tmp/pbe_data.data.home.granepura.5-Kinases.Kinases_MCCE.Trial03.run_apo.2WGJ_ASP02A1054_003
INFO - step3.py: ForkPoolWorker-2: Calling delphi to calculate conformer (11/593) ASP02A1054_004 in /tmp/pbe_data.data.home.granepura.5-Kinases.Kinases_MCCE.Trial03.run_apo.2WGJ_ASP02A1054_004
INFO - step3.py: ForkPoolWorker-5: Calling delphi to calculate conformer (12/593) ASP-1A1054_005 in /tmp/pbe_data.data.home.granepura.5-Kinases.Kinases_MCCE.Trial03.run_apo.2WGJ_ASP-1A1054_005
INFO - step3.py: Skipping PBE solver for non-charge conformer (13/593) LEU01A1055_001...
INFO - step3.py: ForkPoolWorker-1: Calling delphi to calculate conformer (14/593) SER01A1056_001 in /tmp/pbe_data.data.home.granepura.5-Kinases.Kinases_MCCE.Trial03.run_apo.2WGJ_SER01A1056_001
INFO - step3.py: Skipping PBE solver for non-charge conformer (15/593) ALA01A1057_001...
INFO - step3.py: ForkPoolWorker-2: Calling delphi to calculate conformer (17/593) ASN01A1059_001 in /tmp/pbe_data.data.home.granepura.5-Kinases.Kinases_MCCE.Trial03.run_apo.2WGJ_ASN01A1059_001
INFO - step3.py: ForkPoolWorker-4: Calling delphi to calculate conformer (18/593) ASN01A1059_002 in /tmp/pbe_data.data.home.granepura.5-Kinases.Kinases_MCCE.Trial03.run_apo.2WGJ_ASN01A1059_002
INFO - step3.py: Skipping PBE solver for non-charge conformer (16/593) LEU01A1058_001...
INFO - step3.py: Skipping PBE solver for non-charge conformer (19/593) PRO01A1060_001...
INFO - step3.py: ForkPoolWorker-3: Calling delphi to calculate conformer (20/593) GLU01A1061_001 in /tmp/pbe_data.data.home.granepura.5-Kinases.Kinases_MCCE.Trial03.run_apo.2WGJ_GLU01A1061_001
INFO - step3.py: ForkPoolWorker-1: Calling delphi to calculate conformer (21/593) GLU01A1061_002 in /tmp/pbe_data.data.home.granepura.5-Kinases.Kinases_MCCE.Trial03.run_apo.2WGJ_GLU01A1061_002
INFO - step3.py: ForkPoolWorker-3: Calling delphi to calculate conformer (22/593) GLU02A1061_003 in /tmp/pbe_data.data.home.granepura.5-Kinases.Kinases_MCCE.Trial03.run_apo.2WGJ_GLU02A1061_003
INFO - step3.py: ForkPoolWorker-5: Calling delphi to calculate conformer (23/593) GLU02A1061_004 in /tmp/pbe_data.data.home.granepura.5-Kinases.Kinases_MCCE.Trial03.run_apo.2WGJ_GLU02A1061_004
INFO - step3.py: ForkPoolWorker-4: Calling delphi to calculate conformer (24/593) GLU-1A1061_005 in /tmp/pbe_data.data.home.granepura.5-Kinases.Kinases_MCCE.Trial03.run_apo.2WGJ_GLU-1A1061_005
INFO - step3.py: Skipping PBE solver for non-charge conformer (25/593) LEU01A1062_001...
INFO - step3.py: Skipping PBE solver for non-charge conformer (26/593) VAL01A1063_001...
INFO - step3.py: ForkPoolWorker-2: Calling delphi to calculate conformer (27/593) GLN01A1064_001 in /tmp/pbe_data.data.home.granepura.5-Kinases.Kinases_MCCE.Trial03.run_apo.2WGJ_GLN01A1064_001
INFO - step3.py: ForkPoolWorker-1: Calling delphi to calculate conformer (28/593) GLN01A1064_002 in /tmp/pbe_data.data.home.granepura.5-Kinases.Kinases_MCCE.Trial03.run_apo.2WGJ_GLN01A1064_002
INFO - step3.py: Skipping PBE solver for non-charge conformer (29/593) ALA01A1065_001...
INFO - step3.py: Skipping PBE solver for non-charge conformer (30/593) VAL01A1066_001...
INFO - step3.py: ForkPoolWorker-3: Calling delphi to calculate conformer (32/593) GLN01A1067_002 in /tmp/pbe_data.data.home.granepura.5-Kinases.Kinases_MCCE.Trial03.run_apo.2WGJ_GLN01A1067_002
INFO - step3.py: ForkPoolWorker-5: Calling delphi to calculate conformer (31/593) GLN01A1067_001 in /tmp/pbe_data.data.home.granepura.5-Kinases.Kinases_MCCE.Trial03.run_apo.2WGJ_GLN01A1067_001
INFO - step3.py: ForkPoolWorker-4: Calling delphi to calculate conformer (33/593) HIS01A1068_001 in /tmp/pbe_data.data.home.granepura.5-Kinases.Kinases_MCCE.Trial03.run_apo.2WGJ_HIS01A1068_001
INFO - step3.py: ForkPoolWorker-2: Calling delphi to calculate conformer (34/593) HIS01A1068_002 in /tmp/pbe_data.data.home.granepura.5-Kinases.Kinases_MCCE.Trial03.run_apo.2WGJ_HIS01A1068_002
INFO - step3.py: ForkPoolWorker-1: Calling delphi to calculate conformer (35/593) HIS02A1068_003 in /tmp/pbe_data.data.home.granepura.5-Kinases.Kinases_MCCE.Trial03.run_apo.2WGJ_HIS02A1068_003
INFO - step3.py: ForkPoolWorker-5: Calling delphi to calculate conformer (36/593) HIS02A1068_004 in /tmp/pbe_data.data.home.granepura.5-Kinases.Kinases_MCCE.Trial03.run_apo.2WGJ_HIS02A1068_004
INFO - step3.py: ForkPoolWorker-3: Calling delphi to calculate conformer (37/593) HIS+1A1068_005 in /tmp/pbe_data.data.home.granepura.5-Kinases.Kinases_MCCE.Trial03.run_apo.2WGJ_HIS+1A1068_005
INFO - step3.py: ForkPoolWorker-4: Calling delphi to calculate conformer (38/593) HIS+1A1068_006 in /tmp/pbe_data.data.home.granepura.5-Kinases.Kinases_MCCE.Trial03.run_apo.2WGJ_HIS+1A1068_006
INFO - step3.py: Skipping PBE solver for non-charge conformer (39/593) VAL01A1069_001...
INFO - step3.py: Skipping PBE solver for non-charge conformer (40/593) VAL01A1070_001...
INFO - step3.py: Skipping PBE solver for non-charge conformer (41/593) ILE01A1071_001...
INFO - step3.py: Skipping PBE solver for non-charge conformer (42/593) PRO01A1073_001...
INFO - step3.py: ForkPoolWorker-2: Calling delphi to calculate conformer (43/593) SER01A1074_001 in /tmp/pbe_data.data.home.granepura.5-Kinases.Kinases_MCCE.Trial03.run_apo.2WGJ_SER01A1074_001
INFO - step3.py: ForkPoolWorker-1: Calling delphi to calculate conformer (44/593) SER01A1075_001 in /tmp/pbe_data.data.home.granepura.5-Kinases.Kinases_MCCE.Trial03.run_apo.2WGJ_SER01A1075_001
INFO - step3.py: Skipping PBE solver for non-charge conformer (46/593) LEU01A1076_001...
INFO - step3.py: Skipping PBE solver for non-charge conformer (47/593) ILE01A1077_001...
INFO - step3.py: ForkPoolWorker-3: Calling delphi to calculate conformer (45/593) SER01A1075_002 in /tmp/pbe_data.data.home.granepura.5-Kinases.Kinases_MCCE.Trial03.run_apo.2WGJ_SER01A1075_002
INFO - step3.py: ForkPoolWorker-4: Calling delphi to calculate conformer (49/593) HIS01A1079_001 in /tmp/pbe_data.data.home.granepura.5-Kinases.Kinases_MCCE.Trial03.run_apo.2WGJ_HIS01A1079_001
INFO - step3.py: Skipping PBE solver for non-charge conformer (48/593) VAL01A1078_001...
INFO - step3.py: ForkPoolWorker-5: Calling delphi to calculate conformer (50/593) HIS01A1079_002 in /tmp/pbe_data.data.home.granepura.5-Kinases.Kinases_MCCE.Trial03.run_apo.2WGJ_HIS01A1079_002
INFO - step3.py: ForkPoolWorker-2: Calling delphi to calculate conformer (51/593) HIS02A1079_003 in /tmp/pbe_data.data.home.granepura.5-Kinases.Kinases_MCCE.Trial03.run_apo.2WGJ_HIS02A1079_003
INFO - step3.py: ForkPoolWorker-1: Calling delphi to calculate conformer (52/593) HIS02A1079_004 in /tmp/pbe_data.data.home.granepura.5-Kinases.Kinases_MCCE.Trial03.run_apo.2WGJ_HIS02A1079_004
INFO - step3.py: ForkPoolWorker-4: Calling delphi to calculate conformer (53/593) HIS+1A1079_005 in /tmp/pbe_data.data.home.granepura.5-Kinases.Kinases_MCCE.Trial03.run_apo.2WGJ_HIS+1A1079_005
INFO - step3.py: ForkPoolWorker-5: Calling delphi to calculate conformer (54/593) HIS+1A1079_006 in /tmp/pbe_data.data.home.granepura.5-Kinases.Kinases_MCCE.Trial03.run_apo.2WGJ_HIS+1A1079_006
INFO - step3.py: Skipping PBE solver for non-charge conformer (55/593) PHE01A1080_001...
INFO - step3.py: ForkPoolWorker-3: Calling delphi to calculate conformer (56/593) ASN01A1081_001 in /tmp/pbe_data.data.home.granepura.5-Kinases.Kinases_MCCE.Trial03.run_apo.2WGJ_ASN01A1081_001
INFO - step3.py: ForkPoolWorker-2: Calling delphi to calculate conformer (57/593) ASN01A1081_002 in /tmp/pbe_data.data.home.granepura.5-Kinases.Kinases_MCCE.Trial03.run_apo.2WGJ_ASN01A1081_002
INFO - step3.py: ForkPoolWorker-3: Calling delphi to calculate conformer (58/593) GLU01A1082_001 in /tmp/pbe_data.data.home.granepura.5-Kinases.Kinases_MCCE.Trial03.run_apo.2WGJ_GLU01A1082_001
INFO - step3.py: ForkPoolWorker-4: Calling delphi to calculate conformer (59/593) GLU01A1082_002 in /tmp/pbe_data.data.home.granepura.5-Kinases.Kinases_MCCE.Trial03.run_apo.2WGJ_GLU01A1082_002
INFO - step3.py: ForkPoolWorker-5: Calling delphi to calculate conformer (60/593) GLU02A1082_003 in /tmp/pbe_data.data.home.granepura.5-Kinases.Kinases_MCCE.Trial03.run_apo.2WGJ_GLU02A1082_003
INFO - step3.py: ForkPoolWorker-1: Calling delphi to calculate conformer (61/593) GLU02A1082_004 in /tmp/pbe_data.data.home.granepura.5-Kinases.Kinases_MCCE.Trial03.run_apo.2WGJ_GLU02A1082_004
INFO - step3.py: ForkPoolWorker-2: Calling delphi to calculate conformer (62/593) GLU-1A1082_005 in /tmp/pbe_data.data.home.granepura.5-Kinases.Kinases_MCCE.Trial03.run_apo.2WGJ_GLU-1A1082_005
INFO - step3.py: Skipping PBE solver for non-charge conformer (63/593) VAL01A1083_001...
INFO - step3.py: Skipping PBE solver for non-charge conformer (64/593) ILE01A1084_001...
INFO - step3.py: ForkPoolWorker-3: Calling delphi to calculate conformer (65/593) ARG01A1086_001 in /tmp/pbe_data.data.home.granepura.5-Kinases.Kinases_MCCE.Trial03.run_apo.2WGJ_ARG01A1086_001
INFO - step3.py: ForkPoolWorker-5: Calling delphi to calculate conformer (66/593) ARG02A1086_002 in /tmp/pbe_data.data.home.granepura.5-Kinases.Kinases_MCCE.Trial03.run_apo.2WGJ_ARG02A1086_002
INFO - step3.py: ForkPoolWorker-2: Calling delphi to calculate conformer (67/593) ARG02A1086_003 in /tmp/pbe_data.data.home.granepura.5-Kinases.Kinases_MCCE.Trial03.run_apo.2WGJ_ARG02A1086_003
INFO - step3.py: ForkPoolWorker-4: Calling delphi to calculate conformer (68/593) ARG03A1086_004 in /tmp/pbe_data.data.home.granepura.5-Kinases.Kinases_MCCE.Trial03.run_apo.2WGJ_ARG03A1086_004
INFO - step3.py: ForkPoolWorker-1: Calling delphi to calculate conformer (69/593) ARG+1A1086_005 in /tmp/pbe_data.data.home.granepura.5-Kinases.Kinases_MCCE.Trial03.run_apo.2WGJ_ARG+1A1086_005
INFO - step3.py: ForkPoolWorker-3: Calling delphi to calculate conformer (70/593) HIS01A1088_001 in /tmp/pbe_data.data.home.granepura.5-Kinases.Kinases_MCCE.Trial03.run_apo.2WGJ_HIS01A1088_001
INFO - step3.py: ForkPoolWorker-2: Calling delphi to calculate conformer (71/593) HIS01A1088_002 in /tmp/pbe_data.data.home.granepura.5-Kinases.Kinases_MCCE.Trial03.run_apo.2WGJ_HIS01A1088_002
INFO - step3.py: ForkPoolWorker-1: Calling delphi to calculate conformer (72/593) HIS02A1088_003 in /tmp/pbe_data.data.home.granepura.5-Kinases.Kinases_MCCE.Trial03.run_apo.2WGJ_HIS02A1088_003
INFO - step3.py: ForkPoolWorker-5: Calling delphi to calculate conformer (73/593) HIS02A1088_004 in /tmp/pbe_data.data.home.granepura.5-Kinases.Kinases_MCCE.Trial03.run_apo.2WGJ_HIS02A1088_004
INFO - step3.py: ForkPoolWorker-4: Calling delphi to calculate conformer (74/593) HIS+1A1088_005 in /tmp/pbe_data.data.home.granepura.5-Kinases.Kinases_MCCE.Trial03.run_apo.2WGJ_HIS+1A1088_005
INFO - step3.py: ForkPoolWorker-3: Calling delphi to calculate conformer (75/593) HIS+1A1088_006 in /tmp/pbe_data.data.home.granepura.5-Kinases.Kinases_MCCE.Trial03.run_apo.2WGJ_HIS+1A1088_006
INFO - step3.py: Skipping PBE solver for non-charge conformer (76/593) PHE01A1089_001...
INFO - step3.py: ForkPoolWorker-2: Calling delphi to calculate conformer (77/593) CYS01A1091_001 in /tmp/pbe_data.data.home.granepura.5-Kinases.Kinases_MCCE.Trial03.run_apo.2WGJ_CYS01A1091_001
INFO - step3.py: ForkPoolWorker-1: Calling delphi to calculate conformer (78/593) CYS01A1091_002 in /tmp/pbe_data.data.home.granepura.5-Kinases.Kinases_MCCE.Trial03.run_apo.2WGJ_CYS01A1091_002
INFO - step3.py: ForkPoolWorker-5: Calling delphi to calculate conformer (79/593) CYS01A1091_003 in /tmp/pbe_data.data.home.granepura.5-Kinases.Kinases_MCCE.Trial03.run_apo.2WGJ_CYS01A1091_003
INFO - step3.py: ForkPoolWorker-4: Calling delphi to calculate conformer (80/593) CYS-1A1091_004 in /tmp/pbe_data.data.home.granepura.5-Kinases.Kinases_MCCE.Trial03.run_apo.2WGJ_CYS-1A1091_004
INFO - step3.py: Skipping PBE solver for non-charge conformer (81/593) VAL01A1092_001...
INFO - step3.py: ForkPoolWorker-3: Calling delphi to calculate conformer (82/593) TYR01A1093_001 in /tmp/pbe_data.data.home.granepura.5-Kinases.Kinases_MCCE.Trial03.run_apo.2WGJ_TYR01A1093_001
INFO - step3.py: ForkPoolWorker-1: Calling delphi to calculate conformer (83/593) TYR-1A1093_002 in /tmp/pbe_data.data.home.granepura.5-Kinases.Kinases_MCCE.Trial03.run_apo.2WGJ_TYR-1A1093_002
INFO - step3.py: ForkPoolWorker-2: Calling delphi to calculate conformer (84/593) HIS01A1094_001 in /tmp/pbe_data.data.home.granepura.5-Kinases.Kinases_MCCE.Trial03.run_apo.2WGJ_HIS01A1094_001
INFO - step3.py: ForkPoolWorker-5: Calling delphi to calculate conformer (86/593) HIS01A1094_003 in /tmp/pbe_data.data.home.granepura.5-Kinases.Kinases_MCCE.Trial03.run_apo.2WGJ_HIS01A1094_003
INFO - step3.py: ForkPoolWorker-4: Calling delphi to calculate conformer (85/593) HIS01A1094_002 in /tmp/pbe_data.data.home.granepura.5-Kinases.Kinases_MCCE.Trial03.run_apo.2WGJ_HIS01A1094_002
INFO - step3.py: ForkPoolWorker-3: Calling delphi to calculate conformer (87/593) HIS02A1094_004 in /tmp/pbe_data.data.home.granepura.5-Kinases.Kinases_MCCE.Trial03.run_apo.2WGJ_HIS02A1094_004
INFO - step3.py: ForkPoolWorker-2: Calling delphi to calculate conformer (88/593) HIS02A1094_005 in /tmp/pbe_data.data.home.granepura.5-Kinases.Kinases_MCCE.Trial03.run_apo.2WGJ_HIS02A1094_005
INFO - step3.py: ForkPoolWorker-1: Calling delphi to calculate conformer (89/593) HIS02A1094_006 in /tmp/pbe_data.data.home.granepura.5-Kinases.Kinases_MCCE.Trial03.run_apo.2WGJ_HIS02A1094_006
INFO - step3.py: ForkPoolWorker-4: Calling delphi to calculate conformer (91/593) HIS+1A1094_008 in /tmp/pbe_data.data.home.granepura.5-Kinases.Kinases_MCCE.Trial03.run_apo.2WGJ_HIS+1A1094_008
INFO - step3.py: ForkPoolWorker-5: Calling delphi to calculate conformer (90/593) HIS+1A1094_007 in /tmp/pbe_data.data.home.granepura.5-Kinases.Kinases_MCCE.Trial03.run_apo.2WGJ_HIS+1A1094_007
INFO - step3.py: ForkPoolWorker-3: Calling delphi to calculate conformer (92/593) HIS+1A1094_009 in /tmp/pbe_data.data.home.granepura.5-Kinases.Kinases_MCCE.Trial03.run_apo.2WGJ_HIS+1A1094_009
INFO - step3.py: ForkPoolWorker-2: Calling delphi to calculate conformer (93/593) THR01A1096_001 in /tmp/pbe_data.data.home.granepura.5-Kinases.Kinases_MCCE.Trial03.run_apo.2WGJ_THR01A1096_001
INFO - step3.py: ForkPoolWorker-1: Calling delphi to calculate conformer (94/593) THR01A1096_002 in /tmp/pbe_data.data.home.granepura.5-Kinases.Kinases_MCCE.Trial03.run_apo.2WGJ_THR01A1096_002
INFO - step3.py: Skipping PBE solver for non-charge conformer (95/593) LEU01A1097_001...
INFO - step3.py: Skipping PBE solver for non-charge conformer (96/593) LEU01A1098_001...
INFO - step3.py: ForkPoolWorker-5: Calling delphi to calculate conformer (97/593) LYS01A1103_001 in /tmp/pbe_data.data.home.granepura.5-Kinases.Kinases_MCCE.Trial03.run_apo.2WGJ_LYS01A1103_001
INFO - step3.py: ForkPoolWorker-4: Calling delphi to calculate conformer (98/593) LYS+1A1103_002 in /tmp/pbe_data.data.home.granepura.5-Kinases.Kinases_MCCE.Trial03.run_apo.2WGJ_LYS+1A1103_002
INFO - step3.py: ForkPoolWorker-2: Calling delphi to calculate conformer (99/593) LYS01A1104_001 in /tmp/pbe_data.data.home.granepura.5-Kinases.Kinases_MCCE.Trial03.run_apo.2WGJ_LYS01A1104_001
INFO - step3.py: Skipping PBE solver for non-charge conformer (101/593) ILE01A1105_001...
INFO - step3.py: ForkPoolWorker-1: Calling delphi to calculate conformer (100/593) LYS+1A1104_002 in /tmp/pbe_data.data.home.granepura.5-Kinases.Kinases_MCCE.Trial03.run_apo.2WGJ_LYS+1A1104_002
INFO - step3.py: ForkPoolWorker-3: Calling delphi to calculate conformer (102/593) HIS01A1106_001 in /tmp/pbe_data.data.home.granepura.5-Kinases.Kinases_MCCE.Trial03.run_apo.2WGJ_HIS01A1106_001
INFO - step3.py: ForkPoolWorker-4: Calling delphi to calculate conformer (103/593) HIS01A1106_002 in /tmp/pbe_data.data.home.granepura.5-Kinases.Kinases_MCCE.Trial03.run_apo.2WGJ_HIS01A1106_002
INFO - step3.py: ForkPoolWorker-5: Calling delphi to calculate conformer (104/593) HIS02A1106_003 in /tmp/pbe_data.data.home.granepura.5-Kinases.Kinases_MCCE.Trial03.run_apo.2WGJ_HIS02A1106_003
INFO - step3.py: ForkPoolWorker-2: Calling delphi to calculate conformer (105/593) HIS02A1106_004 in /tmp/pbe_data.data.home.granepura.5-Kinases.Kinases_MCCE.Trial03.run_apo.2WGJ_HIS02A1106_004
INFO - step3.py: ForkPoolWorker-1: Calling delphi to calculate conformer (106/593) HIS+1A1106_005 in /tmp/pbe_data.data.home.granepura.5-Kinases.Kinases_MCCE.Trial03.run_apo.2WGJ_HIS+1A1106_005
INFO - step3.py: ForkPoolWorker-3: Calling delphi to calculate conformer (107/593) HIS+1A1106_006 in /tmp/pbe_data.data.home.granepura.5-Kinases.Kinases_MCCE.Trial03.run_apo.2WGJ_HIS+1A1106_006
INFO - step3.py: ForkPoolWorker-4: Calling delphi to calculate conformer (108/593) CYS01A1107_001 in /tmp/pbe_data.data.home.granepura.5-Kinases.Kinases_MCCE.Trial03.run_apo.2WGJ_CYS01A1107_001
INFO - step3.py: ForkPoolWorker-5: Calling delphi to calculate conformer (109/593) CYS01A1107_002 in /tmp/pbe_data.data.home.granepura.5-Kinases.Kinases_MCCE.Trial03.run_apo.2WGJ_CYS01A1107_002
INFO - step3.py: ForkPoolWorker-2: Calling delphi to calculate conformer (110/593) CYS01A1107_003 in /tmp/pbe_data.data.home.granepura.5-Kinases.Kinases_MCCE.Trial03.run_apo.2WGJ_CYS01A1107_003
INFO - step3.py: ForkPoolWorker-3: Calling delphi to calculate conformer (111/593) CYS-1A1107_004 in /tmp/pbe_data.data.home.granepura.5-Kinases.Kinases_MCCE.Trial03.run_apo.2WGJ_CYS-1A1107_004
INFO - step3.py: Skipping PBE solver for non-charge conformer (112/593) ALA01A1108_001...
INFO - step3.py: Skipping PBE solver for non-charge conformer (113/593) VAL01A1109_001...
INFO - step3.py: ForkPoolWorker-1: Calling delphi to calculate conformer (114/593) LYS01A1110_001 in /tmp/pbe_data.data.home.granepura.5-Kinases.Kinases_MCCE.Trial03.run_apo.2WGJ_LYS01A1110_001
INFO - step3.py: ForkPoolWorker-4: Calling delphi to calculate conformer (115/593) LYS+1A1110_002 in /tmp/pbe_data.data.home.granepura.5-Kinases.Kinases_MCCE.Trial03.run_apo.2WGJ_LYS+1A1110_002
INFO - step3.py: ForkPoolWorker-5: Calling delphi to calculate conformer (116/593) SER01A1111_001 in /tmp/pbe_data.data.home.granepura.5-Kinases.Kinases_MCCE.Trial03.run_apo.2WGJ_SER01A1111_001
INFO - step3.py: ForkPoolWorker-2: Calling delphi to calculate conformer (117/593) SER01A1111_002 in /tmp/pbe_data.data.home.granepura.5-Kinases.Kinases_MCCE.Trial03.run_apo.2WGJ_SER01A1111_002
INFO - step3.py: Skipping PBE solver for non-charge conformer (118/593) LEU01A1112_001...
INFO - step3.py: ForkPoolWorker-3: Calling delphi to calculate conformer (119/593) ASN01A1113_001 in /tmp/pbe_data.data.home.granepura.5-Kinases.Kinases_MCCE.Trial03.run_apo.2WGJ_ASN01A1113_001
INFO - step3.py: ForkPoolWorker-1: Calling delphi to calculate conformer (120/593) ASN01A1113_002 in /tmp/pbe_data.data.home.granepura.5-Kinases.Kinases_MCCE.Trial03.run_apo.2WGJ_ASN01A1113_002
INFO - step3.py: ForkPoolWorker-5: Calling delphi to calculate conformer (121/593) ASN01A1113_003 in /tmp/pbe_data.data.home.granepura.5-Kinases.Kinases_MCCE.Trial03.run_apo.2WGJ_ASN01A1113_003
INFO - step3.py: ForkPoolWorker-4: Calling delphi to calculate conformer (122/593) ARG01A1114_001 in /tmp/pbe_data.data.home.granepura.5-Kinases.Kinases_MCCE.Trial03.run_apo.2WGJ_ARG01A1114_001
INFO - step3.py: ForkPoolWorker-3: Calling delphi to calculate conformer (124/593) ARG03A1114_003 in /tmp/pbe_data.data.home.granepura.5-Kinases.Kinases_MCCE.Trial03.run_apo.2WGJ_ARG03A1114_003
INFO - step3.py: ForkPoolWorker-2: Calling delphi to calculate conformer (123/593) ARG02A1114_002 in /tmp/pbe_data.data.home.granepura.5-Kinases.Kinases_MCCE.Trial03.run_apo.2WGJ_ARG02A1114_002
INFO - step3.py: ForkPoolWorker-1: Calling delphi to calculate conformer (125/593) ARG+1A1114_004 in /tmp/pbe_data.data.home.granepura.5-Kinases.Kinases_MCCE.Trial03.run_apo.2WGJ_ARG+1A1114_004
INFO - step3.py: Skipping PBE solver for non-charge conformer (126/593) ILE01A1115_001...
INFO - step3.py: ForkPoolWorker-5: Calling delphi to calculate conformer (127/593) THR01A1116_001 in /tmp/pbe_data.data.home.granepura.5-Kinases.Kinases_MCCE.Trial03.run_apo.2WGJ_THR01A1116_001
INFO - step3.py: ForkPoolWorker-4: Calling delphi to calculate conformer (128/593) ASP01A1117_001 in /tmp/pbe_data.data.home.granepura.5-Kinases.Kinases_MCCE.Trial03.run_apo.2WGJ_ASP01A1117_001
