INFO - step3.py: Step 3. Energies calculation with PBE solver.
INFO - step3.py: Calling new VDW....No Scaling Applied
INFO - step3.py:    Process run time options & convert step2_out.pdb.
INFO - step3.py:    Prepare input for PB solver.
INFO - step3.py:    Time needed: 0 seconds.
INFO - step3.py:    Set up parallel envrionment and run PB solver.
INFO - step3.py:    Running PBE solver in 5 threads
!!! Detected an existing run.prm.
If you intend to use this run.prm, either use mcce directly or rename run.prm and use "-load_runprm" to load it.
For now, run.prm is overwritten and will be restored at the end of this program. 

Warning: VDW_RAD SO401 " HO1" not defined in RADIUS parameter
Warning: VDW_RAD SO401 " HO2" not defined in RADIUS parameter
Warning: VDW_RAD SO4-1 " HO1" not defined in RADIUS parameter
Warning, parameter ('RADIUS', 'VGH+a', ' H53') not found, using default values as C
Warning, parameter ('RADIUS', 'VGH+a', ' H54') not found, using default values as C
Warning, parameter ('RADIUS', 'VGH+1', ' H53') not found, using default values as C
Warning, parameter ('RADIUS', 'VGH+2', ' H53') not found, using default values as C
INFO - step3.py: ForkPoolWorker-1: Calling delphi to calculate conformer (1/631) ASN01A1093_001 in /tmp/pbe_data.data.home.granepura.5-Kinases.Kinases_MCCE.Trial03.run_holo.4ANQ_ASN01A1093_001
INFO - step3.py: Skipping PBE solver for non-charge conformer (3/631) PRO01A1094_001...
INFO - step3.py: ForkPoolWorker-4: Calling delphi to calculate conformer (4/631) ASN01A1095_001 in /tmp/pbe_data.data.home.granepura.5-Kinases.Kinases_MCCE.Trial03.run_holo.4ANQ_ASN01A1095_001
INFO - step3.py: ForkPoolWorker-5: Calling delphi to calculate conformer (5/631) ASN01A1095_002 in /tmp/pbe_data.data.home.granepura.5-Kinases.Kinases_MCCE.Trial03.run_holo.4ANQ_ASN01A1095_002
INFO - step3.py: ForkPoolWorker-3: Calling delphi to calculate conformer (6/631) TYR01A1096_001 in /tmp/pbe_data.data.home.granepura.5-Kinases.Kinases_MCCE.Trial03.run_holo.4ANQ_TYR01A1096_001
INFO - step3.py: ForkPoolWorker-2: Calling delphi to calculate conformer (2/631) ASN01A1093_002 in /tmp/pbe_data.data.home.granepura.5-Kinases.Kinases_MCCE.Trial03.run_holo.4ANQ_ASN01A1093_002
INFO - step3.py: ForkPoolWorker-2: Calling delphi to calculate conformer (7/631) TYR-1A1096_002 in /tmp/pbe_data.data.home.granepura.5-Kinases.Kinases_MCCE.Trial03.run_holo.4ANQ_TYR-1A1096_002
INFO - step3.py: ForkPoolWorker-5: Calling delphi to calculate conformer (8/631) CYS01A1097_001 in /tmp/pbe_data.data.home.granepura.5-Kinases.Kinases_MCCE.Trial03.run_holo.4ANQ_CYS01A1097_001
INFO - step3.py: ForkPoolWorker-3: Calling delphi to calculate conformer (9/631) CYS01A1097_002 in /tmp/pbe_data.data.home.granepura.5-Kinases.Kinases_MCCE.Trial03.run_holo.4ANQ_CYS01A1097_002
INFO - step3.py: ForkPoolWorker-4: Calling delphi to calculate conformer (10/631) CYS01A1097_003 in /tmp/pbe_data.data.home.granepura.5-Kinases.Kinases_MCCE.Trial03.run_holo.4ANQ_CYS01A1097_003
INFO - step3.py: ForkPoolWorker-1: Calling delphi to calculate conformer (11/631) CYS-1A1097_004 in /tmp/pbe_data.data.home.granepura.5-Kinases.Kinases_MCCE.Trial03.run_holo.4ANQ_CYS-1A1097_004
INFO - step3.py: Skipping PBE solver for non-charge conformer (12/631) PHE01A1098_001...
INFO - step3.py: Skipping PBE solver for non-charge conformer (13/631) ALA01A1099_001...
INFO - step3.py: ForkPoolWorker-2: Calling delphi to calculate conformer (14/631) LYS01A1101_001 in /tmp/pbe_data.data.home.granepura.5-Kinases.Kinases_MCCE.Trial03.run_holo.4ANQ_LYS01A1101_001
INFO - step3.py: ForkPoolWorker-5: Calling delphi to calculate conformer (15/631) LYS+1A1101_002 in /tmp/pbe_data.data.home.granepura.5-Kinases.Kinases_MCCE.Trial03.run_holo.4ANQ_LYS+1A1101_002
INFO - step3.py: ForkPoolWorker-1: Calling delphi to calculate conformer (16/631) THR01A1102_001 in /tmp/pbe_data.data.home.granepura.5-Kinases.Kinases_MCCE.Trial03.run_holo.4ANQ_THR01A1102_001
INFO - step3.py: ForkPoolWorker-4: Calling delphi to calculate conformer (17/631) THR01A1102_002 in /tmp/pbe_data.data.home.granepura.5-Kinases.Kinases_MCCE.Trial03.run_holo.4ANQ_THR01A1102_002
INFO - step3.py: ForkPoolWorker-3: Calling delphi to calculate conformer (18/631) SER01A1103_001 in /tmp/pbe_data.data.home.granepura.5-Kinases.Kinases_MCCE.Trial03.run_holo.4ANQ_SER01A1103_001
INFO - step3.py: ForkPoolWorker-2: Calling delphi to calculate conformer (19/631) SER01A1103_002 in /tmp/pbe_data.data.home.granepura.5-Kinases.Kinases_MCCE.Trial03.run_holo.4ANQ_SER01A1103_002
INFO - step3.py: ForkPoolWorker-5: Calling delphi to calculate conformer (20/631) SER01A1104_001 in /tmp/pbe_data.data.home.granepura.5-Kinases.Kinases_MCCE.Trial03.run_holo.4ANQ_SER01A1104_001
INFO - step3.py: ForkPoolWorker-1: Calling delphi to calculate conformer (21/631) SER01A1104_002 in /tmp/pbe_data.data.home.granepura.5-Kinases.Kinases_MCCE.Trial03.run_holo.4ANQ_SER01A1104_002
INFO - step3.py: ForkPoolWorker-4: Calling delphi to calculate conformer (22/631) SER01A1104_003 in /tmp/pbe_data.data.home.granepura.5-Kinases.Kinases_MCCE.Trial03.run_holo.4ANQ_SER01A1104_003
INFO - step3.py: ForkPoolWorker-3: Calling delphi to calculate conformer (23/631) SER01A1104_004 in /tmp/pbe_data.data.home.granepura.5-Kinases.Kinases_MCCE.Trial03.run_holo.4ANQ_SER01A1104_004
INFO - step3.py: Skipping PBE solver for non-charge conformer (24/631) ILE01A1105_001...
INFO - step3.py: ForkPoolWorker-2: Calling delphi to calculate conformer (25/631) SER01A1106_001 in /tmp/pbe_data.data.home.granepura.5-Kinases.Kinases_MCCE.Trial03.run_holo.4ANQ_SER01A1106_001
INFO - step3.py: ForkPoolWorker-5: Calling delphi to calculate conformer (26/631) SER01A1106_002 in /tmp/pbe_data.data.home.granepura.5-Kinases.Kinases_MCCE.Trial03.run_holo.4ANQ_SER01A1106_002
INFO - step3.py: ForkPoolWorker-4: Calling delphi to calculate conformer (27/631) ASP01A1107_001 in /tmp/pbe_data.data.home.granepura.5-Kinases.Kinases_MCCE.Trial03.run_holo.4ANQ_ASP01A1107_001
INFO - step3.py: ForkPoolWorker-1: Calling delphi to calculate conformer (28/631) ASP01A1107_002 in /tmp/pbe_data.data.home.granepura.5-Kinases.Kinases_MCCE.Trial03.run_holo.4ANQ_ASP01A1107_002
INFO - step3.py: ForkPoolWorker-3: Calling delphi to calculate conformer (29/631) ASP02A1107_003 in /tmp/pbe_data.data.home.granepura.5-Kinases.Kinases_MCCE.Trial03.run_holo.4ANQ_ASP02A1107_003
INFO - step3.py: ForkPoolWorker-2: Calling delphi to calculate conformer (30/631) ASP02A1107_004 in /tmp/pbe_data.data.home.granepura.5-Kinases.Kinases_MCCE.Trial03.run_holo.4ANQ_ASP02A1107_004
INFO - step3.py: ForkPoolWorker-5: Calling delphi to calculate conformer (31/631) ASP-1A1107_005 in /tmp/pbe_data.data.home.granepura.5-Kinases.Kinases_MCCE.Trial03.run_holo.4ANQ_ASP-1A1107_005
INFO - step3.py: Skipping PBE solver for non-charge conformer (32/631) LEU01A1108_001...
INFO - step3.py: ForkPoolWorker-4: Calling delphi to calculate conformer (33/631) LYS01A1109_001 in /tmp/pbe_data.data.home.granepura.5-Kinases.Kinases_MCCE.Trial03.run_holo.4ANQ_LYS01A1109_001
INFO - step3.py: ForkPoolWorker-1: Calling delphi to calculate conformer (34/631) LYS+1A1109_002 in /tmp/pbe_data.data.home.granepura.5-Kinases.Kinases_MCCE.Trial03.run_holo.4ANQ_LYS+1A1109_002
INFO - step3.py: ForkPoolWorker-3: Calling delphi to calculate conformer (35/631) GLU01A1110_001 in /tmp/pbe_data.data.home.granepura.5-Kinases.Kinases_MCCE.Trial03.run_holo.4ANQ_GLU01A1110_001
INFO - step3.py: ForkPoolWorker-2: Calling delphi to calculate conformer (36/631) GLU01A1110_002 in /tmp/pbe_data.data.home.granepura.5-Kinases.Kinases_MCCE.Trial03.run_holo.4ANQ_GLU01A1110_002
INFO - step3.py: ForkPoolWorker-5: Calling delphi to calculate conformer (37/631) GLU02A1110_003 in /tmp/pbe_data.data.home.granepura.5-Kinases.Kinases_MCCE.Trial03.run_holo.4ANQ_GLU02A1110_003
INFO - step3.py: ForkPoolWorker-4: Calling delphi to calculate conformer (38/631) GLU02A1110_004 in /tmp/pbe_data.data.home.granepura.5-Kinases.Kinases_MCCE.Trial03.run_holo.4ANQ_GLU02A1110_004
INFO - step3.py: ForkPoolWorker-1: Calling delphi to calculate conformer (39/631) GLU-1A1110_005 in /tmp/pbe_data.data.home.granepura.5-Kinases.Kinases_MCCE.Trial03.run_holo.4ANQ_GLU-1A1110_005
INFO - step3.py: Skipping PBE solver for non-charge conformer (40/631) VAL01A1111_001...
INFO - step3.py: Skipping PBE solver for non-charge conformer (41/631) PRO01A1112_001...
INFO - step3.py: ForkPoolWorker-3: Calling delphi to calculate conformer (42/631) ARG01A1113_001 in /tmp/pbe_data.data.home.granepura.5-Kinases.Kinases_MCCE.Trial03.run_holo.4ANQ_ARG01A1113_001
INFO - step3.py: ForkPoolWorker-2: Calling delphi to calculate conformer (43/631) ARG02A1113_002 in /tmp/pbe_data.data.home.granepura.5-Kinases.Kinases_MCCE.Trial03.run_holo.4ANQ_ARG02A1113_002
INFO - step3.py: ForkPoolWorker-5: Calling delphi to calculate conformer (44/631) ARG03A1113_003 in /tmp/pbe_data.data.home.granepura.5-Kinases.Kinases_MCCE.Trial03.run_holo.4ANQ_ARG03A1113_003
INFO - step3.py: ForkPoolWorker-4: Calling delphi to calculate conformer (45/631) ARG+1A1113_004 in /tmp/pbe_data.data.home.granepura.5-Kinases.Kinases_MCCE.Trial03.run_holo.4ANQ_ARG+1A1113_004
INFO - step3.py: ForkPoolWorker-1: Calling delphi to calculate conformer (46/631) LYS01A1114_001 in /tmp/pbe_data.data.home.granepura.5-Kinases.Kinases_MCCE.Trial03.run_holo.4ANQ_LYS01A1114_001
INFO - step3.py: ForkPoolWorker-3: Calling delphi to calculate conformer (47/631) LYS+1A1114_002 in /tmp/pbe_data.data.home.granepura.5-Kinases.Kinases_MCCE.Trial03.run_holo.4ANQ_LYS+1A1114_002
INFO - step3.py: ForkPoolWorker-2: Calling delphi to calculate conformer (48/631) ASN01A1115_001 in /tmp/pbe_data.data.home.granepura.5-Kinases.Kinases_MCCE.Trial03.run_holo.4ANQ_ASN01A1115_001
INFO - step3.py: ForkPoolWorker-5: Calling delphi to calculate conformer (49/631) ASN01A1115_002 in /tmp/pbe_data.data.home.granepura.5-Kinases.Kinases_MCCE.Trial03.run_holo.4ANQ_ASN01A1115_002
INFO - step3.py: Skipping PBE solver for non-charge conformer (50/631) ILE01A1116_001...
INFO - step3.py: ForkPoolWorker-4: Calling delphi to calculate conformer (51/631) THR01A1117_001 in /tmp/pbe_data.data.home.granepura.5-Kinases.Kinases_MCCE.Trial03.run_holo.4ANQ_THR01A1117_001
INFO - step3.py: Skipping PBE solver for non-charge conformer (52/631) LEU01A1118_001...
INFO - step3.py: Skipping PBE solver for non-charge conformer (53/631) ILE01A1119_001...
INFO - step3.py: ForkPoolWorker-1: Calling delphi to calculate conformer (54/631) ARG01A1120_001 in /tmp/pbe_data.data.home.granepura.5-Kinases.Kinases_MCCE.Trial03.run_holo.4ANQ_ARG01A1120_001
INFO - step3.py: ForkPoolWorker-3: Calling delphi to calculate conformer (55/631) ARG02A1120_002 in /tmp/pbe_data.data.home.granepura.5-Kinases.Kinases_MCCE.Trial03.run_holo.4ANQ_ARG02A1120_002
INFO - step3.py: ForkPoolWorker-2: Calling delphi to calculate conformer (56/631) ARG02A1120_003 in /tmp/pbe_data.data.home.granepura.5-Kinases.Kinases_MCCE.Trial03.run_holo.4ANQ_ARG02A1120_003
INFO - step3.py: ForkPoolWorker-5: Calling delphi to calculate conformer (57/631) ARG03A1120_004 in /tmp/pbe_data.data.home.granepura.5-Kinases.Kinases_MCCE.Trial03.run_holo.4ANQ_ARG03A1120_004
INFO - step3.py: ForkPoolWorker-4: Calling delphi to calculate conformer (58/631) ARG+1A1120_005 in /tmp/pbe_data.data.home.granepura.5-Kinases.Kinases_MCCE.Trial03.run_holo.4ANQ_ARG+1A1120_005
INFO - step3.py: Skipping PBE solver for non-charge conformer (59/631) LEU01A1122_001...
INFO - step3.py: Skipping PBE solver for non-charge conformer (60/631) ALA01A1126_001...
INFO - step3.py: Skipping PBE solver for non-charge conformer (61/631) PHE01A1127_001...
INFO - step3.py: ForkPoolWorker-1: Calling delphi to calculate conformer (62/631) GLU01A1129_001 in /tmp/pbe_data.data.home.granepura.5-Kinases.Kinases_MCCE.Trial03.run_holo.4ANQ_GLU01A1129_001
INFO - step3.py: ForkPoolWorker-3: Calling delphi to calculate conformer (63/631) GLU01A1129_002 in /tmp/pbe_data.data.home.granepura.5-Kinases.Kinases_MCCE.Trial03.run_holo.4ANQ_GLU01A1129_002
INFO - step3.py: ForkPoolWorker-2: Calling delphi to calculate conformer (64/631) GLU02A1129_003 in /tmp/pbe_data.data.home.granepura.5-Kinases.Kinases_MCCE.Trial03.run_holo.4ANQ_GLU02A1129_003
INFO - step3.py: ForkPoolWorker-5: Calling delphi to calculate conformer (65/631) GLU02A1129_004 in /tmp/pbe_data.data.home.granepura.5-Kinases.Kinases_MCCE.Trial03.run_holo.4ANQ_GLU02A1129_004
INFO - step3.py: ForkPoolWorker-4: Calling delphi to calculate conformer (66/631) GLU-1A1129_005 in /tmp/pbe_data.data.home.granepura.5-Kinases.Kinases_MCCE.Trial03.run_holo.4ANQ_GLU-1A1129_005
INFO - step3.py: Skipping PBE solver for non-charge conformer (67/631) VAL01A1130_001...
INFO - step3.py: ForkPoolWorker-1: Calling delphi to calculate conformer (68/631) TYR01A1131_001 in /tmp/pbe_data.data.home.granepura.5-Kinases.Kinases_MCCE.Trial03.run_holo.4ANQ_TYR01A1131_001
INFO - step3.py: ForkPoolWorker-3: Calling delphi to calculate conformer (69/631) TYR01A1131_002 in /tmp/pbe_data.data.home.granepura.5-Kinases.Kinases_MCCE.Trial03.run_holo.4ANQ_TYR01A1131_002
INFO - step3.py: ForkPoolWorker-2: Calling delphi to calculate conformer (70/631) TYR-1A1131_003 in /tmp/pbe_data.data.home.granepura.5-Kinases.Kinases_MCCE.Trial03.run_holo.4ANQ_TYR-1A1131_003
INFO - step3.py: ForkPoolWorker-5: Calling delphi to calculate conformer (71/631) GLU01A1132_001 in /tmp/pbe_data.data.home.granepura.5-Kinases.Kinases_MCCE.Trial03.run_holo.4ANQ_GLU01A1132_001
INFO - step3.py: ForkPoolWorker-4: Calling delphi to calculate conformer (72/631) GLU01A1132_002 in /tmp/pbe_data.data.home.granepura.5-Kinases.Kinases_MCCE.Trial03.run_holo.4ANQ_GLU01A1132_002
INFO - step3.py: ForkPoolWorker-1: Calling delphi to calculate conformer (73/631) GLU02A1132_003 in /tmp/pbe_data.data.home.granepura.5-Kinases.Kinases_MCCE.Trial03.run_holo.4ANQ_GLU02A1132_003
INFO - step3.py: ForkPoolWorker-3: Calling delphi to calculate conformer (74/631) GLU02A1132_004 in /tmp/pbe_data.data.home.granepura.5-Kinases.Kinases_MCCE.Trial03.run_holo.4ANQ_GLU02A1132_004
INFO - step3.py: ForkPoolWorker-2: Calling delphi to calculate conformer (75/631) GLU-1A1132_005 in /tmp/pbe_data.data.home.granepura.5-Kinases.Kinases_MCCE.Trial03.run_holo.4ANQ_GLU-1A1132_005
INFO - step3.py: ForkPoolWorker-5: Calling delphi to calculate conformer (76/631) GLN01A1134_001 in /tmp/pbe_data.data.home.granepura.5-Kinases.Kinases_MCCE.Trial03.run_holo.4ANQ_GLN01A1134_001
INFO - step3.py: ForkPoolWorker-4: Calling delphi to calculate conformer (77/631) GLN01A1134_002 in /tmp/pbe_data.data.home.granepura.5-Kinases.Kinases_MCCE.Trial03.run_holo.4ANQ_GLN01A1134_002
INFO - step3.py: Skipping PBE solver for non-charge conformer (78/631) VAL01A1135_001...
INFO - step3.py: Skipping PBE solver for non-charge conformer (79/631) PRO01A1144_001...
INFO - step3.py: Skipping PBE solver for non-charge conformer (80/631) LEU01A1145_001...
INFO - step3.py: ForkPoolWorker-1: Calling delphi to calculate conformer (81/631) GLN01A1146_001 in /tmp/pbe_data.data.home.granepura.5-Kinases.Kinases_MCCE.Trial03.run_holo.4ANQ_GLN01A1146_001
INFO - step3.py: ForkPoolWorker-3: Calling delphi to calculate conformer (82/631) GLN01A1146_002 in /tmp/pbe_data.data.home.granepura.5-Kinases.Kinases_MCCE.Trial03.run_holo.4ANQ_GLN01A1146_002
INFO - step3.py: Skipping PBE solver for non-charge conformer (83/631) VAL01A1147_001...
INFO - step3.py: Skipping PBE solver for non-charge conformer (84/631) ALA01A1148_001...
INFO - step3.py: Skipping PBE solver for non-charge conformer (85/631) VAL01A1149_001...
INFO - step3.py: ForkPoolWorker-2: Calling delphi to calculate conformer (86/631) LYS01A1150_001 in /tmp/pbe_data.data.home.granepura.5-Kinases.Kinases_MCCE.Trial03.run_holo.4ANQ_LYS01A1150_001
INFO - step3.py: ForkPoolWorker-5: Calling delphi to calculate conformer (87/631) LYS+1A1150_002 in /tmp/pbe_data.data.home.granepura.5-Kinases.Kinases_MCCE.Trial03.run_holo.4ANQ_LYS+1A1150_002
INFO - step3.py: ForkPoolWorker-4: Calling delphi to calculate conformer (88/631) THR01A1151_001 in /tmp/pbe_data.data.home.granepura.5-Kinases.Kinases_MCCE.Trial03.run_holo.4ANQ_THR01A1151_001
INFO - step3.py: ForkPoolWorker-1: Calling delphi to calculate conformer (89/631) THR01A1151_002 in /tmp/pbe_data.data.home.granepura.5-Kinases.Kinases_MCCE.Trial03.run_holo.4ANQ_THR01A1151_002
INFO - step3.py: ForkPoolWorker-3: Calling delphi to calculate conformer (90/631) THR01A1151_003 in /tmp/pbe_data.data.home.granepura.5-Kinases.Kinases_MCCE.Trial03.run_holo.4ANQ_THR01A1151_003
INFO - step3.py: Skipping PBE solver for non-charge conformer (91/631) LEU01A1152_001...
INFO - step3.py: Skipping PBE solver for non-charge conformer (92/631) PRO01A1153_001...
INFO - step3.py: ForkPoolWorker-2: Calling delphi to calculate conformer (93/631) GLU01A1154_001 in /tmp/pbe_data.data.home.granepura.5-Kinases.Kinases_MCCE.Trial03.run_holo.4ANQ_GLU01A1154_001
INFO - step3.py: ForkPoolWorker-5: Calling delphi to calculate conformer (94/631) GLU01A1154_002 in /tmp/pbe_data.data.home.granepura.5-Kinases.Kinases_MCCE.Trial03.run_holo.4ANQ_GLU01A1154_002
INFO - step3.py: ForkPoolWorker-4: Calling delphi to calculate conformer (95/631) GLU02A1154_003 in /tmp/pbe_data.data.home.granepura.5-Kinases.Kinases_MCCE.Trial03.run_holo.4ANQ_GLU02A1154_003
INFO - step3.py: ForkPoolWorker-1: Calling delphi to calculate conformer (96/631) GLU02A1154_004 in /tmp/pbe_data.data.home.granepura.5-Kinases.Kinases_MCCE.Trial03.run_holo.4ANQ_GLU02A1154_004
INFO - step3.py: ForkPoolWorker-3: Calling delphi to calculate conformer (97/631) GLU-1A1154_005 in /tmp/pbe_data.data.home.granepura.5-Kinases.Kinases_MCCE.Trial03.run_holo.4ANQ_GLU-1A1154_005
INFO - step3.py: Skipping PBE solver for non-charge conformer (98/631) VAL01A1155_001...
INFO - step3.py: ForkPoolWorker-2: Calling delphi to calculate conformer (99/631) CYS01A1156_001 in /tmp/pbe_data.data.home.granepura.5-Kinases.Kinases_MCCE.Trial03.run_holo.4ANQ_CYS01A1156_001
INFO - step3.py: ForkPoolWorker-5: Calling delphi to calculate conformer (100/631) CYS01A1156_002 in /tmp/pbe_data.data.home.granepura.5-Kinases.Kinases_MCCE.Trial03.run_holo.4ANQ_CYS01A1156_002
INFO - step3.py: ForkPoolWorker-4: Calling delphi to calculate conformer (101/631) CYS01A1156_003 in /tmp/pbe_data.data.home.granepura.5-Kinases.Kinases_MCCE.Trial03.run_holo.4ANQ_CYS01A1156_003
INFO - step3.py: ForkPoolWorker-1: Calling delphi to calculate conformer (102/631) CYS-1A1156_004 in /tmp/pbe_data.data.home.granepura.5-Kinases.Kinases_MCCE.Trial03.run_holo.4ANQ_CYS-1A1156_004
INFO - step3.py: ForkPoolWorker-3: Calling delphi to calculate conformer (103/631) SER01A1157_001 in /tmp/pbe_data.data.home.granepura.5-Kinases.Kinases_MCCE.Trial03.run_holo.4ANQ_SER01A1157_001
INFO - step3.py: ForkPoolWorker-2: Calling delphi to calculate conformer (104/631) SER01A1157_002 in /tmp/pbe_data.data.home.granepura.5-Kinases.Kinases_MCCE.Trial03.run_holo.4ANQ_SER01A1157_002
INFO - step3.py: ForkPoolWorker-5: Calling delphi to calculate conformer (105/631) SER01A1157_003 in /tmp/pbe_data.data.home.granepura.5-Kinases.Kinases_MCCE.Trial03.run_holo.4ANQ_SER01A1157_003
INFO - step3.py: ForkPoolWorker-4: Calling delphi to calculate conformer (106/631) GLU01A1158_001 in /tmp/pbe_data.data.home.granepura.5-Kinases.Kinases_MCCE.Trial03.run_holo.4ANQ_GLU01A1158_001
INFO - step3.py: ForkPoolWorker-1: Calling delphi to calculate conformer (107/631) GLU01A1158_002 in /tmp/pbe_data.data.home.granepura.5-Kinases.Kinases_MCCE.Trial03.run_holo.4ANQ_GLU01A1158_002
INFO - step3.py: ForkPoolWorker-3: Calling delphi to calculate conformer (108/631) GLU02A1158_003 in /tmp/pbe_data.data.home.granepura.5-Kinases.Kinases_MCCE.Trial03.run_holo.4ANQ_GLU02A1158_003
INFO - step3.py: ForkPoolWorker-2: Calling delphi to calculate conformer (109/631) GLU02A1158_004 in /tmp/pbe_data.data.home.granepura.5-Kinases.Kinases_MCCE.Trial03.run_holo.4ANQ_GLU02A1158_004
INFO - step3.py: ForkPoolWorker-5: Calling delphi to calculate conformer (110/631) GLU-1A1158_005 in /tmp/pbe_data.data.home.granepura.5-Kinases.Kinases_MCCE.Trial03.run_holo.4ANQ_GLU-1A1158_005
INFO - step3.py: ForkPoolWorker-4: Calling delphi to calculate conformer (111/631) GLN01A1159_001 in /tmp/pbe_data.data.home.granepura.5-Kinases.Kinases_MCCE.Trial03.run_holo.4ANQ_GLN01A1159_001
INFO - step3.py: ForkPoolWorker-1: Calling delphi to calculate conformer (112/631) GLN01A1159_002 in /tmp/pbe_data.data.home.granepura.5-Kinases.Kinases_MCCE.Trial03.run_holo.4ANQ_GLN01A1159_002
INFO - step3.py: ForkPoolWorker-3: Calling delphi to calculate conformer (113/631) GLN01A1159_003 in /tmp/pbe_data.data.home.granepura.5-Kinases.Kinases_MCCE.Trial03.run_holo.4ANQ_GLN01A1159_003
INFO - step3.py: ForkPoolWorker-2: Calling delphi to calculate conformer (114/631) GLN01A1159_004 in /tmp/pbe_data.data.home.granepura.5-Kinases.Kinases_MCCE.Trial03.run_holo.4ANQ_GLN01A1159_004
INFO - step3.py: ForkPoolWorker-5: Calling delphi to calculate conformer (115/631) ASP01A1160_001 in /tmp/pbe_data.data.home.granepura.5-Kinases.Kinases_MCCE.Trial03.run_holo.4ANQ_ASP01A1160_001
INFO - step3.py: ForkPoolWorker-4: Calling delphi to calculate conformer (116/631) ASP01A1160_002 in /tmp/pbe_data.data.home.granepura.5-Kinases.Kinases_MCCE.Trial03.run_holo.4ANQ_ASP01A1160_002
INFO - step3.py: ForkPoolWorker-1: Calling delphi to calculate conformer (117/631) ASP02A1160_003 in /tmp/pbe_data.data.home.granepura.5-Kinases.Kinases_MCCE.Trial03.run_holo.4ANQ_ASP02A1160_003
INFO - step3.py: ForkPoolWorker-3: Calling delphi to calculate conformer (118/631) ASP02A1160_004 in /tmp/pbe_data.data.home.granepura.5-Kinases.Kinases_MCCE.Trial03.run_holo.4ANQ_ASP02A1160_004
INFO - step3.py: ForkPoolWorker-2: Calling delphi to calculate conformer (119/631) ASP-1A1160_005 in /tmp/pbe_data.data.home.granepura.5-Kinases.Kinases_MCCE.Trial03.run_holo.4ANQ_ASP-1A1160_005
INFO - step3.py: ForkPoolWorker-5: Calling delphi to calculate conformer (120/631) GLU01A1161_001 in /tmp/pbe_data.data.home.granepura.5-Kinases.Kinases_MCCE.Trial03.run_holo.4ANQ_GLU01A1161_001
INFO - step3.py: ForkPoolWorker-4: Calling delphi to calculate conformer (121/631) GLU01A1161_002 in /tmp/pbe_data.data.home.granepura.5-Kinases.Kinases_MCCE.Trial03.run_holo.4ANQ_GLU01A1161_002
INFO - step3.py: ForkPoolWorker-1: Calling delphi to calculate conformer (122/631) GLU02A1161_003 in /tmp/pbe_data.data.home.granepura.5-Kinases.Kinases_MCCE.Trial03.run_holo.4ANQ_GLU02A1161_003
INFO - step3.py: ForkPoolWorker-3: Calling delphi to calculate conformer (123/631) GLU02A1161_004 in /tmp/pbe_data.data.home.granepura.5-Kinases.Kinases_MCCE.Trial03.run_holo.4ANQ_GLU02A1161_004
INFO - step3.py: ForkPoolWorker-2: Calling delphi to calculate conformer (124/631) GLU-1A1161_005 in /tmp/pbe_data.data.home.granepura.5-Kinases.Kinases_MCCE.Trial03.run_holo.4ANQ_GLU-1A1161_005
INFO - step3.py: Skipping PBE solver for non-charge conformer (125/631) LEU01A1162_001...
INFO - step3.py: ForkPoolWorker-5: Calling delphi to calculate conformer (126/631) ASP01A1163_001 in /tmp/pbe_data.data.home.granepura.5-Kinases.Kinases_MCCE.Trial03.run_holo.4ANQ_ASP01A1163_001
INFO - step3.py: ForkPoolWorker-4: Calling delphi to calculate conformer (127/631) ASP01A1163_002 in /tmp/pbe_data.data.home.granepura.5-Kinases.Kinases_MCCE.Trial03.run_holo.4ANQ_ASP01A1163_002
INFO - step3.py: ForkPoolWorker-1: Calling delphi to calculate conformer (128/631) ASP02A1163_003 in /tmp/pbe_data.data.home.granepura.5-Kinases.Kinases_MCCE.Trial03.run_holo.4ANQ_ASP02A1163_003
INFO - step3.py: ForkPoolWorker-3: Calling delphi to calculate conformer (129/631) ASP02A1163_004 in /tmp/pbe_data.data.home.granepura.5-Kinases.Kinases_MCCE.Trial03.run_holo.4ANQ_ASP02A1163_004
INFO - step3.py: ForkPoolWorker-2: Calling delphi to calculate conformer (130/631) ASP-1A1163_005 in /tmp/pbe_data.data.home.granepura.5-Kinases.Kinases_MCCE.Trial03.run_holo.4ANQ_ASP-1A1163_005
INFO - step3.py: Skipping PBE solver for non-charge conformer (131/631) PHE01A1164_001...
INFO - step3.py: Skipping PBE solver for non-charge conformer (132/631) LEU01A1165_001...
INFO - step3.py: ForkPoolWorker-5: Calling delphi to calculate conformer (133/631) MET01A1166_001 in /tmp/pbe_data.data.home.granepura.5-Kinases.Kinases_MCCE.Trial03.run_holo.4ANQ_MET01A1166_001
INFO - step3.py: ForkPoolWorker-4: Calling delphi to calculate conformer (134/631) GLU01A1167_001 in /tmp/pbe_data.data.home.granepura.5-Kinases.Kinases_MCCE.Trial03.run_holo.4ANQ_GLU01A1167_001
INFO - step3.py: ForkPoolWorker-1: Calling delphi to calculate conformer (135/631) GLU01A1167_002 in /tmp/pbe_data.data.home.granepura.5-Kinases.Kinases_MCCE.Trial03.run_holo.4ANQ_GLU01A1167_002
INFO - step3.py: ForkPoolWorker-3: Calling delphi to calculate conformer (136/631) GLU02A1167_003 in /tmp/pbe_data.data.home.granepura.5-Kinases.Kinases_MCCE.Trial03.run_holo.4ANQ_GLU02A1167_003
INFO - step3.py: ForkPoolWorker-2: Calling delphi to calculate conformer (137/631) GLU02A1167_004 in /tmp/pbe_data.data.home.granepura.5-Kinases.Kinases_MCCE.Trial03.run_holo.4ANQ_GLU02A1167_004
INFO - step3.py: ForkPoolWorker-5: Calling delphi to calculate conformer (138/631) GLU-1A1167_005 in /tmp/pbe_data.data.home.granepura.5-Kinases.Kinases_MCCE.Trial03.run_holo.4ANQ_GLU-1A1167_005
INFO - step3.py: Skipping PBE solver for non-charge conformer (139/631) ALA01A1168_001...
INFO - step3.py: Skipping PBE solver for non-charge conformer (140/631) LEU01A1169_001...
INFO - step3.py: Skipping PBE solver for non-charge conformer (141/631) ILE01A1170_001...
INFO - step3.py: Skipping PBE solver for non-charge conformer (142/631) ILE01A1171_001...
INFO - step3.py: ForkPoolWorker-4: Calling delphi to calculate conformer (143/631) SER01A1172_001 in /tmp/pbe_data.data.home.granepura.5-Kinases.Kinases_MCCE.Trial03.run_holo.4ANQ_SER01A1172_001
INFO - step3.py: ForkPoolWorker-1: Calling delphi to calculate conformer (144/631) SER01A1172_002 in /tmp/pbe_data.data.home.granepura.5-Kinases.Kinases_MCCE.Trial03.run_holo.4ANQ_SER01A1172_002
INFO - step3.py: ForkPoolWorker-3: Calling delphi to calculate conformer (145/631) SER01A1172_003 in /tmp/pbe_data.data.home.granepura.5-Kinases.Kinases_MCCE.Trial03.run_holo.4ANQ_SER01A1172_003
INFO - step3.py: ForkPoolWorker-2: Calling delphi to calculate conformer (146/631) LYS01A1173_001 in /tmp/pbe_data.data.home.granepura.5-Kinases.Kinases_MCCE.Trial03.run_holo.4ANQ_LYS01A1173_001
INFO - step3.py: ForkPoolWorker-5: Calling delphi to calculate conformer (147/631) LYS+1A1173_002 in /tmp/pbe_data.data.home.granepura.5-Kinases.Kinases_MCCE.Trial03.run_holo.4ANQ_LYS+1A1173_002
INFO - step3.py: Skipping PBE solver for non-charge conformer (148/631) PHE01A1174_001...
INFO - step3.py: ForkPoolWorker-4: Calling delphi to calculate conformer (149/631) ASN01A1175_001 in /tmp/pbe_data.data.home.granepura.5-Kinases.Kinases_MCCE.Trial03.run_holo.4ANQ_ASN01A1175_001
INFO - step3.py: ForkPoolWorker-1: Calling delphi to calculate conformer (150/631) ASN01A1175_002 in /tmp/pbe_data.data.home.granepura.5-Kinases.Kinases_MCCE.Trial03.run_holo.4ANQ_ASN01A1175_002
INFO - step3.py: ForkPoolWorker-3: Calling delphi to calculate conformer (151/631) HIS01A1176_001 in /tmp/pbe_data.data.home.granepura.5-Kinases.Kinases_MCCE.Trial03.run_holo.4ANQ_HIS01A1176_001
INFO - step3.py: ForkPoolWorker-2: Calling delphi to calculate conformer (152/631) HIS02A1176_002 in /tmp/pbe_data.data.home.granepura.5-Kinases.Kinases_MCCE.Trial03.run_holo.4ANQ_HIS02A1176_002
INFO - step3.py: ForkPoolWorker-5: Calling delphi to calculate conformer (153/631) HIS+1A1176_003 in /tmp/pbe_data.data.home.granepura.5-Kinases.Kinases_MCCE.Trial03.run_holo.4ANQ_HIS+1A1176_003
INFO - step3.py: ForkPoolWorker-4: Calling delphi to calculate conformer (154/631) GLN01A1177_001 in /tmp/pbe_data.data.home.granepura.5-Kinases.Kinases_MCCE.Trial03.run_holo.4ANQ_GLN01A1177_001
INFO - step3.py: ForkPoolWorker-1: Calling delphi to calculate conformer (155/631) GLN01A1177_002 in /tmp/pbe_data.data.home.granepura.5-Kinases.Kinases_MCCE.Trial03.run_holo.4ANQ_GLN01A1177_002
INFO - step3.py: ForkPoolWorker-3: Calling delphi to calculate conformer (156/631) ASN01A1178_001 in /tmp/pbe_data.data.home.granepura.5-Kinases.Kinases_MCCE.Trial03.run_holo.4ANQ_ASN01A1178_001
INFO - step3.py: ForkPoolWorker-2: Calling delphi to calculate conformer (157/631) ASN01A1178_002 in /tmp/pbe_data.data.home.granepura.5-Kinases.Kinases_MCCE.Trial03.run_holo.4ANQ_ASN01A1178_002
INFO - step3.py: Skipping PBE solver for non-charge conformer (158/631) ILE01A1179_001...
INFO - step3.py: Skipping PBE solver for non-charge conformer (159/631) VAL01A1180_001...
INFO - step3.py: ForkPoolWorker-5: Calling delphi to calculate conformer (160/631) ARG01A1181_001 in /tmp/pbe_data.data.home.granepura.5-Kinases.Kinases_MCCE.Trial03.run_holo.4ANQ_ARG01A1181_001
INFO - step3.py: ForkPoolWorker-4: Calling delphi to calculate conformer (161/631) ARG01A1181_002 in /tmp/pbe_data.data.home.granepura.5-Kinases.Kinases_MCCE.Trial03.run_holo.4ANQ_ARG01A1181_002
INFO - step3.py: ForkPoolWorker-1: Calling delphi to calculate conformer (162/631) ARG02A1181_003 in /tmp/pbe_data.data.home.granepura.5-Kinases.Kinases_MCCE.Trial03.run_holo.4ANQ_ARG02A1181_003
INFO - step3.py: ForkPoolWorker-3: Calling delphi to calculate conformer (163/631) ARG02A1181_004 in /tmp/pbe_data.data.home.granepura.5-Kinases.Kinases_MCCE.Trial03.run_holo.4ANQ_ARG02A1181_004
INFO - step3.py: ForkPoolWorker-2: Calling delphi to calculate conformer (164/631) ARG02A1181_005 in /tmp/pbe_data.data.home.granepura.5-Kinases.Kinases_MCCE.Trial03.run_holo.4ANQ_ARG02A1181_005
INFO - step3.py: ForkPoolWorker-5: Calling delphi to calculate conformer (165/631) ARG03A1181_006 in /tmp/pbe_data.data.home.granepura.5-Kinases.Kinases_MCCE.Trial03.run_holo.4ANQ_ARG03A1181_006
INFO - step3.py: ForkPoolWorker-4: Calling delphi to calculate conformer (166/631) ARG03A1181_007 in /tmp/pbe_data.data.home.granepura.5-Kinases.Kinases_MCCE.Trial03.run_holo.4ANQ_ARG03A1181_007
INFO - step3.py: ForkPoolWorker-1: Calling delphi to calculate conformer (167/631) ARG+1A1181_008 in /tmp/pbe_data.data.home.granepura.5-Kinases.Kinases_MCCE.Trial03.run_holo.4ANQ_ARG+1A1181_008
INFO - step3.py: ForkPoolWorker-3: Calling delphi to calculate conformer (168/631) ARG+1A1181_009 in /tmp/pbe_data.data.home.granepura.5-Kinases.Kinases_MCCE.Trial03.run_holo.4ANQ_ARG+1A1181_009
INFO - step3.py: ForkPoolWorker-2: Calling delphi to calculate conformer (169/631) CYS01A1182_001 in /tmp/pbe_data.data.home.granepura.5-Kinases.Kinases_MCCE.Trial03.run_holo.4ANQ_CYS01A1182_001
INFO - step3.py: ForkPoolWorker-5: Calling delphi to calculate conformer (170/631) CYS01A1182_002 in /tmp/pbe_data.data.home.granepura.5-Kinases.Kinases_MCCE.Trial03.run_holo.4ANQ_CYS01A1182_002
INFO - step3.py: ForkPoolWorker-4: Calling delphi to calculate conformer (171/631) CYS01A1182_003 in /tmp/pbe_data.data.home.granepura.5-Kinases.Kinases_MCCE.Trial03.run_holo.4ANQ_CYS01A1182_003
INFO - step3.py: ForkPoolWorker-1: Calling delphi to calculate conformer (172/631) CYS-1A1182_004 in /tmp/pbe_data.data.home.granepura.5-Kinases.Kinases_MCCE.Trial03.run_holo.4ANQ_CYS-1A1182_004
INFO - step3.py: Skipping PBE solver for non-charge conformer (173/631) ILE01A1183_001...
INFO - step3.py: Skipping PBE solver for non-charge conformer (174/631) VAL01A1185_001...
INFO - step3.py: ForkPoolWorker-3: Calling delphi to calculate conformer (175/631) SER01A1186_001 in /tmp/pbe_data.data.home.granepura.5-Kinases.Kinases_MCCE.Trial03.run_holo.4ANQ_SER01A1186_001
INFO - step3.py: ForkPoolWorker-2: Calling delphi to calculate conformer (176/631) SER01A1186_002 in /tmp/pbe_data.data.home.granepura.5-Kinases.Kinases_MCCE.Trial03.run_holo.4ANQ_SER01A1186_002
INFO - step3.py: ForkPoolWorker-5: Calling delphi to calculate conformer (177/631) SER01A1186_003 in /tmp/pbe_data.data.home.granepura.5-Kinases.Kinases_MCCE.Trial03.run_holo.4ANQ_SER01A1186_003
INFO - step3.py: Skipping PBE solver for non-charge conformer (178/631) LEU01A1187_001...
INFO - step3.py: ForkPoolWorker-4: Calling delphi to calculate conformer (179/631) GLN01A1188_001 in /tmp/pbe_data.data.home.granepura.5-Kinases.Kinases_MCCE.Trial03.run_holo.4ANQ_GLN01A1188_001
INFO - step3.py: ForkPoolWorker-1: Calling delphi to calculate conformer (180/631) GLN01A1188_002 in /tmp/pbe_data.data.home.granepura.5-Kinases.Kinases_MCCE.Trial03.run_holo.4ANQ_GLN01A1188_002
INFO - step3.py: ForkPoolWorker-3: Calling delphi to calculate conformer (181/631) SER01A1189_001 in /tmp/pbe_data.data.home.granepura.5-Kinases.Kinases_MCCE.Trial03.run_holo.4ANQ_SER01A1189_001
INFO - step3.py: Skipping PBE solver for non-charge conformer (182/631) LEU01A1190_001...
INFO - step3.py: Skipping PBE solver for non-charge conformer (183/631) PRO01A1191_001...
INFO - step3.py: ForkPoolWorker-2: Calling delphi to calculate conformer (184/631) ARG01A1192_001 in /tmp/pbe_data.data.home.granepura.5-Kinases.Kinases_MCCE.Trial03.run_holo.4ANQ_ARG01A1192_001
INFO - step3.py: ForkPoolWorker-5: Calling delphi to calculate conformer (185/631) ARG02A1192_002 in /tmp/pbe_data.data.home.granepura.5-Kinases.Kinases_MCCE.Trial03.run_holo.4ANQ_ARG02A1192_002
INFO - step3.py: ForkPoolWorker-4: Calling delphi to calculate conformer (186/631) ARG03A1192_003 in /tmp/pbe_data.data.home.granepura.5-Kinases.Kinases_MCCE.Trial03.run_holo.4ANQ_ARG03A1192_003
INFO - step3.py: ForkPoolWorker-1: Calling delphi to calculate conformer (187/631) ARG03A1192_004 in /tmp/pbe_data.data.home.granepura.5-Kinases.Kinases_MCCE.Trial03.run_holo.4ANQ_ARG03A1192_004
INFO - step3.py: ForkPoolWorker-3: Calling delphi to calculate conformer (188/631) ARG+1A1192_005 in /tmp/pbe_data.data.home.granepura.5-Kinases.Kinases_MCCE.Trial03.run_holo.4ANQ_ARG+1A1192_005
INFO - step3.py: Skipping PBE solver for non-charge conformer (189/631) PHE01A1193_001...
INFO - step3.py: Skipping PBE solver for non-charge conformer (190/631) ILE01A1194_001...
INFO - step3.py: Skipping PBE solver for non-charge conformer (191/631) LEU01A1195_001...
INFO - step3.py: Skipping PBE solver for non-charge conformer (192/631) LEU01A1196_001...
INFO - step3.py: ForkPoolWorker-2: Calling delphi to calculate conformer (193/631) GLU01A1197_001 in /tmp/pbe_data.data.home.granepura.5-Kinases.Kinases_MCCE.Trial03.run_holo.4ANQ_GLU01A1197_001
INFO - step3.py: ForkPoolWorker-5: Calling delphi to calculate conformer (194/631) GLU01A1197_002 in /tmp/pbe_data.data.home.granepura.5-Kinases.Kinases_MCCE.Trial03.run_holo.4ANQ_GLU01A1197_002
INFO - step3.py: ForkPoolWorker-4: Calling delphi to calculate conformer (195/631) GLU02A1197_003 in /tmp/pbe_data.data.home.granepura.5-Kinases.Kinases_MCCE.Trial03.run_holo.4ANQ_GLU02A1197_003
INFO - step3.py: ForkPoolWorker-1: Calling delphi to calculate conformer (196/631) GLU02A1197_004 in /tmp/pbe_data.data.home.granepura.5-Kinases.Kinases_MCCE.Trial03.run_holo.4ANQ_GLU02A1197_004
INFO - step3.py: ForkPoolWorker-3: Calling delphi to calculate conformer (197/631) GLU-1A1197_005 in /tmp/pbe_data.data.home.granepura.5-Kinases.Kinases_MCCE.Trial03.run_holo.4ANQ_GLU-1A1197_005
INFO - step3.py: Skipping PBE solver for non-charge conformer (198/631) LEU01A1198_001...
INFO - step3.py: ForkPoolWorker-2: Calling delphi to calculate conformer (199/631) MET01A1199_001 in /tmp/pbe_data.data.home.granepura.5-Kinases.Kinases_MCCE.Trial03.run_holo.4ANQ_MET01A1199_001
INFO - step3.py: Skipping PBE solver for non-charge conformer (200/631) ALA01A1200_001...
INFO - step3.py: ForkPoolWorker-5: Calling delphi to calculate conformer (201/631) ASP01A1203_001 in /tmp/pbe_data.data.home.granepura.5-Kinases.Kinases_MCCE.Trial03.run_holo.4ANQ_ASP01A1203_001
INFO - step3.py: ForkPoolWorker-4: Calling delphi to calculate conformer (202/631) ASP01A1203_002 in /tmp/pbe_data.data.home.granepura.5-Kinases.Kinases_MCCE.Trial03.run_holo.4ANQ_ASP01A1203_002
INFO - step3.py: ForkPoolWorker-1: Calling delphi to calculate conformer (203/631) ASP01A1203_003 in /tmp/pbe_data.data.home.granepura.5-Kinases.Kinases_MCCE.Trial03.run_holo.4ANQ_ASP01A1203_003
INFO - step3.py: ForkPoolWorker-3: Calling delphi to calculate conformer (204/631) ASP01A1203_004 in /tmp/pbe_data.data.home.granepura.5-Kinases.Kinases_MCCE.Trial03.run_holo.4ANQ_ASP01A1203_004
INFO - step3.py: ForkPoolWorker-2: Calling delphi to calculate conformer (205/631) ASP02A1203_005 in /tmp/pbe_data.data.home.granepura.5-Kinases.Kinases_MCCE.Trial03.run_holo.4ANQ_ASP02A1203_005
INFO - step3.py: ForkPoolWorker-5: Calling delphi to calculate conformer (206/631) ASP02A1203_006 in /tmp/pbe_data.data.home.granepura.5-Kinases.Kinases_MCCE.Trial03.run_holo.4ANQ_ASP02A1203_006
INFO - step3.py: ForkPoolWorker-4: Calling delphi to calculate conformer (207/631) ASP02A1203_007 in /tmp/pbe_data.data.home.granepura.5-Kinases.Kinases_MCCE.Trial03.run_holo.4ANQ_ASP02A1203_007
INFO - step3.py: ForkPoolWorker-1: Calling delphi to calculate conformer (208/631) ASP02A1203_008 in /tmp/pbe_data.data.home.granepura.5-Kinases.Kinases_MCCE.Trial03.run_holo.4ANQ_ASP02A1203_008
INFO - step3.py: ForkPoolWorker-3: Calling delphi to calculate conformer (209/631) ASP-1A1203_009 in /tmp/pbe_data.data.home.granepura.5-Kinases.Kinases_MCCE.Trial03.run_holo.4ANQ_ASP-1A1203_009
INFO - step3.py: ForkPoolWorker-2: Calling delphi to calculate conformer (210/631) ASP-1A1203_010 in /tmp/pbe_data.data.home.granepura.5-Kinases.Kinases_MCCE.Trial03.run_holo.4ANQ_ASP-1A1203_010
INFO - step3.py: Skipping PBE solver for non-charge conformer (211/631) LEU01A1204_001...
INFO - step3.py: ForkPoolWorker-5: Calling delphi to calculate conformer (212/631) LYS01A1205_001 in /tmp/pbe_data.data.home.granepura.5-Kinases.Kinases_MCCE.Trial03.run_holo.4ANQ_LYS01A1205_001
INFO - step3.py: ForkPoolWorker-4: Calling delphi to calculate conformer (213/631) LYS+1A1205_002 in /tmp/pbe_data.data.home.granepura.5-Kinases.Kinases_MCCE.Trial03.run_holo.4ANQ_LYS+1A1205_002
INFO - step3.py: ForkPoolWorker-1: Calling delphi to calculate conformer (214/631) SER01A1206_001 in /tmp/pbe_data.data.home.granepura.5-Kinases.Kinases_MCCE.Trial03.run_holo.4ANQ_SER01A1206_001
INFO - step3.py: ForkPoolWorker-3: Calling delphi to calculate conformer (215/631) SER01A1206_002 in /tmp/pbe_data.data.home.granepura.5-Kinases.Kinases_MCCE.Trial03.run_holo.4ANQ_SER01A1206_002
INFO - step3.py: ForkPoolWorker-2: Calling delphi to calculate conformer (216/631) SER01A1206_003 in /tmp/pbe_data.data.home.granepura.5-Kinases.Kinases_MCCE.Trial03.run_holo.4ANQ_SER01A1206_003
INFO - step3.py: Skipping PBE solver for non-charge conformer (217/631) PHE01A1207_001...
INFO - step3.py: Skipping PBE solver for non-charge conformer (218/631) LEU01A1208_001...
INFO - step3.py: ForkPoolWorker-5: Calling delphi to calculate conformer (219/631) ARG01A1209_001 in /tmp/pbe_data.data.home.granepura.5-Kinases.Kinases_MCCE.Trial03.run_holo.4ANQ_ARG01A1209_001
INFO - step3.py: ForkPoolWorker-4: Calling delphi to calculate conformer (220/631) ARG02A1209_002 in /tmp/pbe_data.data.home.granepura.5-Kinases.Kinases_MCCE.Trial03.run_holo.4ANQ_ARG02A1209_002
INFO - step3.py: ForkPoolWorker-1: Calling delphi to calculate conformer (221/631) ARG02A1209_003 in /tmp/pbe_data.data.home.granepura.5-Kinases.Kinases_MCCE.Trial03.run_holo.4ANQ_ARG02A1209_003
INFO - step3.py: ForkPoolWorker-3: Calling delphi to calculate conformer (222/631) ARG03A1209_004 in /tmp/pbe_data.data.home.granepura.5-Kinases.Kinases_MCCE.Trial03.run_holo.4ANQ_ARG03A1209_004
INFO - step3.py: ForkPoolWorker-2: Calling delphi to calculate conformer (223/631) ARG+1A1209_005 in /tmp/pbe_data.data.home.granepura.5-Kinases.Kinases_MCCE.Trial03.run_holo.4ANQ_ARG+1A1209_005
INFO - step3.py: ForkPoolWorker-5: Calling delphi to calculate conformer (224/631) GLU01A1210_001 in /tmp/pbe_data.data.home.granepura.5-Kinases.Kinases_MCCE.Trial03.run_holo.4ANQ_GLU01A1210_001
