 ph              7.4
GLU01A0697_001 0.000
GLU01A0697_002 0.000
GLU02A0697_003 0.000
GLU02A0697_004 0.000
GLU-1A0697_005 0.000
ALA01A0698_001 0.000
PRO01A0699_001 0.000
ASN01A0700_001 0.196
ASN01A0700_002 0.196
ASN01A0700_003 0.196
ASN01A0700_004 0.196
ASN01A0700_005 0.196
GLN01A0701_001 0.410
GLN01A0701_002 0.410
ALA01A0702_001 0.000
LEU01A0703_001 0.000
LEU01A0704_001 0.000
ARG01A0705_001 0.000
ARG02A0705_002 0.000
ARG03A0705_003 0.000
ARG+1A0705_004 0.000
ILE01A0706_001 0.000
LEU01A0707_001 0.000
LYS01A0708_001 0.000
LYS+1A0708_002 0.000
GLU01A0709_001 0.746
GLU01A0709_002 0.746
GLU02A0709_003 0.746
GLU02A0709_004 0.746
GLU-1A0709_005 0.000
THR01A0710_001 0.000
GLU01A0711_001 0.000
GLU01A0711_002 0.000
GLU02A0711_003 0.000
GLU02A0711_004 0.000
GLU-1A0711_005 0.000
PHE01A0712_001 0.000
LYS01A0713_001 0.000
LYS+1A0713_002 0.000
LYS01A0714_001 0.000
LYS+1A0714_002 0.000
ILE01A0715_001 0.000
LYS01A0716_001 0.000
LYS+1A0716_002 0.000
VAL01A0717_001 0.000
LEU01A0718_001 0.000
SER01A0720_001 0.303
SER01A0720_002 0.303
THR01A0725_001 0.383
THR01A0725_002 0.383
VAL01A0726_001 0.000
TYR01A0727_001 0.406
TYR01A0727_002 0.406
TYR-1A0727_003 0.000
LYS01A0728_001 0.000
LYS+1A0728_002 0.000
LEU01A0730_001 0.000
TRP01A0731_001 0.000
ILE01A0732_001 0.000
PRO01A0733_001 0.000
GLU01A0734_001 0.000
GLU01A0734_002 0.000
GLU02A0734_003 0.000
GLU02A0734_004 0.000
GLU-1A0734_005 0.000
GLU01A0736_001 0.000
GLU01A0736_002 0.000
GLU02A0736_003 0.000
GLU02A0736_004 0.000
GLU-1A0736_005 0.000
LYS01A0737_001 0.000
LYS+1A0737_002 0.000
VAL01A0738_001 0.000
LYS01A0739_001 0.000
LYS+1A0739_002 0.000
ILE01A0740_001 0.000
PRO01A0741_001 0.000
VAL01A0742_001 0.000
ALA01A0743_001 0.000
ILE01A0744_001 0.000
LYS01A0745_001 0.000
LYS+1A0745_002 0.000
GLU01A0746_001 0.618
GLU01A0746_002 0.618
GLU02A0746_003 0.618
GLU02A0746_004 0.618
GLU-1A0746_005 0.000
LYS01A0757_001 0.000
LYS+1A0757_002 0.000
GLU01A0758_001 0.262
GLU01A0758_002 0.262
GLU02A0758_003 0.262
GLU02A0758_004 0.262
GLU-1A0758_005 0.000
ILE01A0759_001 0.000
LEU01A0760_001 0.000
ASP01A0761_001 0.000
ASP01A0761_002 0.000
ASP02A0761_003 0.000
ASP02A0761_004 0.000
ASP-1A0761_005 0.000
GLU01A0762_001 0.281
GLU01A0762_002 0.281
GLU02A0762_003 0.281
GLU02A0762_004 0.281
GLU-1A0762_005 0.000
ALA01A0763_001 0.000
TYR01A0764_001 0.000
TYR-1A0764_002 0.000
VAL01A0765_001 0.000
MET01A0766_001 0.000
ALA01A0767_001 0.000
SER01A0768_001 0.020
SER01A0768_002 0.020
SER01A0768_003 0.020
VAL01A0769_001 0.000
ASP01A0770_001 0.000
ASP01A0770_002 0.000
ASP02A0770_003 0.000
ASP02A0770_004 0.000
ASP-1A0770_005 0.000
ASN01A0771_001 0.000
ASN01A0771_002 0.000
PRO01A0772_001 0.000
HIS01A0773_001 0.250
HIS01A0773_002 0.250
HIS02A0773_003 0.250
HIS02A0773_004 0.250
HIS+1A0773_005 0.327
HIS+1A0773_006 0.327
VAL01A0774_001 0.000
CYS01A0775_001 0.597
CYS01A0775_002 0.597
CYS01A0775_003 0.597
CYS-1A0775_004 0.000
ARG01A0776_001 0.000
ARG02A0776_002 0.000
ARG03A0776_003 0.000
ARG+1A0776_004 0.000
LEU01A0777_001 0.000
LEU01A0778_001 0.000
ILE01A0780_001 0.000
CYS01A0781_001 0.511
CYS01A0781_002 0.511
CYS01A0781_003 0.511
CYS-1A0781_004 0.000
LEU01A0782_001 0.000
THR01A0783_001 0.269
THR01A0783_002 0.269
SER01A0784_001 0.183
SER01A0784_002 0.183
THR01A0785_001 0.053
THR01A0785_002 0.053
VAL01A0786_001 0.000
GLN01A0787_001 0.303
GLN01A0787_002 0.303
LEU01A0788_001 0.000
ILE01A0789_001 0.000
THR01A0790_001 0.353
THR01A0790_002 0.353
THR01A0790_003 0.353
GLN01A0791_001 0.353
GLN01A0791_002 0.353
LEU01A0792_001 0.000
MET01A0793_001 0.000
PRO01A0794_001 0.000
PHE01A0795_001 0.000
CYS01A0797_001 0.582
CYS01A0797_002 0.582
CYS01A0797_003 0.582
CYS-1A0797_004 0.000
LEU01A0798_001 0.000
LEU01A0799_001 0.000
ASP01A0800_001 0.000
ASP01A0800_002 0.000
ASP02A0800_003 0.000
ASP02A0800_004 0.000
ASP-1A0800_005 0.000
TYR01A0801_001 0.000
TYR-1A0801_002 0.000
VAL01A0802_001 0.000
ARG01A0803_001 0.000
ARG02A0803_002 0.000
ARG03A0803_003 0.000
ARG+1A0803_004 0.000
GLU01A0804_001 0.000
GLU01A0804_002 0.000
GLU02A0804_003 0.000
GLU02A0804_004 0.000
GLU-1A0804_005 0.000
HIS01A0805_001 0.606
HIS01A0805_002 0.606
HIS02A0805_003 0.606
HIS02A0805_004 0.606
HIS+1A0805_005 0.339
HIS+1A0805_006 0.339
LYS01A0806_001 0.000
LYS+1A0806_002 0.000
ASP01A0807_001 0.000
ASP01A0807_002 0.000
ASP02A0807_003 0.000
ASP02A0807_004 0.000
ASP-1A0807_005 0.000
ASN01A0808_001 0.281
ASN01A0808_002 0.281
ILE01A0809_001 0.000
SER01A0811_001 0.326
SER01A0811_002 0.326
SER01A0811_003 0.326
GLN01A0812_001 0.285
GLN01A0812_002 0.285
TYR01A0813_001 0.259
TYR01A0813_002 0.259
TYR-1A0813_003 0.000
LEU01A0814_001 0.000
LEU01A0815_001 0.000
ASN01A0816_001 0.282
ASN01A0816_002 0.282
TRP01A0817_001 0.000
CYS01A0818_001 0.548
CYS01A0818_002 0.548
CYS01A0818_003 0.548
CYS-1A0818_004 0.000
VAL01A0819_001 0.000
GLN01A0820_001 0.000
ILE01A0821_001 0.000
ALA01A0822_001 0.000
LYS01A0823_001 0.000
LYS+1A0823_002 0.000
MET01A0825_001 0.000
ASN01A0826_001 0.409
ASN01A0826_002 0.409
TYR01A0827_001 0.000
TYR01A0827_002 0.000
TYR-1A0827_003 0.000
LEU01A0828_001 0.000
GLU01A0829_001 0.557
GLU01A0829_002 0.557
GLU02A0829_003 0.557
GLU02A0829_004 0.557
GLU-1A0829_005 0.000
ASP01A0830_001 0.589
ASP01A0830_002 0.589
ASP02A0830_003 0.589
ASP02A0830_004 0.589
ASP-1A0830_005 0.000
ARG01A0831_001 0.000
ARG02A0831_002 0.000
ARG03A0831_003 0.000
ARG+1A0831_004 0.000
ARG01A0832_001 0.000
ARG02A0832_002 0.000
ARG03A0832_003 0.000
ARG+1A0832_004 0.000
LEU01A0833_001 0.000
VAL01A0834_001 0.000
HIS01A0835_001 0.066
HIS01A0835_002 0.066
HIS02A0835_003 0.066
HIS02A0835_004 0.066
HIS+1A0835_005 0.000
HIS+1A0835_006 0.000
ARG01A0836_001 0.000
ARG02A0836_002 0.000
ARG03A0836_003 0.000
ARG03A0836_004 0.000
ARG+1A0836_005 0.000
ASP01A0837_001 0.404
ASP01A0837_002 0.404
ASP02A0837_003 0.404
ASP02A0837_004 0.404
ASP-1A0837_005 0.000
LEU01A0838_001 0.000
ALA01A0839_001 0.000
ALA01A0840_001 0.000
ARG01A0841_001 0.000
ARG02A0841_002 0.000
ARG02A0841_003 0.000
ARG03A0841_004 0.000
ARG+1A0841_005 0.000
ASN01A0842_001 0.000
ASN01A0842_002 0.000
VAL01A0843_001 0.000
LEU01A0844_001 0.000
VAL01A0845_001 0.000
LYS01A0846_001 0.000
LYS+1A0846_002 0.000
THR01A0847_001 0.027
THR01A0847_002 0.027
THR01A0847_003 0.027
PRO01A0848_001 0.000
GLN01A0849_001 0.264
GLN01A0849_002 0.264
HIS01A0850_001 0.175
HIS02A0850_002 0.175
HIS+1A0850_003 0.000
VAL01A0851_001 0.000
LYS01A0852_001 0.000
LYS+1A0852_002 0.000
ILE01A0853_001 0.000
THR01A0854_001 0.223
THR01A0854_002 0.223
ASP01A0855_001 0.666
ASP01A0855_002 0.666
ASP02A0855_003 0.666
ASP02A0855_004 0.666
ASP-1A0855_005 0.000
PHE01A0856_001 0.000
LEU01A0858_001 0.000
ALA01A0859_001 0.000
LYS01A0860_001 0.000
LYS+1A0860_002 0.000
LEU01A0861_001 0.000
LEU01A0862_001 0.000
ALA01A0864_001 0.000
GLU01A0865_001 0.602
GLU01A0865_002 0.602
GLU02A0865_003 0.602
GLU02A0865_004 0.602
GLU-1A0865_005 0.000
GLU01A0866_001 0.410
GLU01A0866_002 0.410
GLU02A0866_003 0.410
GLU02A0866_004 0.410
GLU-1A0866_005 0.000
LYS01A0867_001 0.000
LYS+1A0867_002 0.000
GLU01A0868_001 0.409
GLU01A0868_002 0.409
GLU02A0868_003 0.409
GLU02A0868_004 0.409
GLU-1A0868_005 0.000
TYR01A0869_001 0.000
TYR-1A0869_002 0.000
HIS01A0870_001 0.726
HIS01A0870_002 0.726
HIS02A0870_003 0.726
HIS02A0870_004 0.726
HIS+1A0870_005 0.372
HIS+1A0870_006 0.372
ALA01A0871_001 0.000
GLU01A0872_001 0.000
GLU01A0872_002 0.000
GLU02A0872_003 0.000
GLU02A0872_004 0.000
GLU-1A0872_005 0.000
LYS01A0875_001 0.000
LYS+1A0875_002 0.000
VAL01A0876_001 0.000
PRO01A0877_001 0.000
ILE01A0878_001 0.000
LYS01A0879_001 0.000
LYS+1A0879_002 0.000
TRP01A0880_001 0.000
MET01A0881_001 0.000
ALA01A0882_001 0.000
LEU01A0883_001 0.000
GLU01A0884_001 0.437
GLU01A0884_002 0.437
GLU01A0884_003 0.437
GLU01A0884_004 0.437
GLU02A0884_005 0.437
GLU02A0884_006 0.437
GLU02A0884_007 0.437
GLU02A0884_008 0.437
GLU-1A0884_009 0.395
GLU-1A0884_010 0.395
SER01A0885_001 0.137
SER01A0885_002 0.137
SER01A0885_003 0.137
ILE01A0886_001 0.000
LEU01A0887_001 0.000
HIS01A0888_001 0.775
HIS01A0888_002 0.775
HIS02A0888_003 0.775
HIS02A0888_004 0.775
HIS+1A0888_005 0.312
HIS+1A0888_006 0.312
ARG01A0889_001 0.000
ARG02A0889_002 0.000
ARG03A0889_003 0.000
ARG+1A0889_004 0.000
ILE01A0890_001 0.000
TYR01A0891_001 0.406
TYR01A0891_002 0.406
TYR-1A0891_003 0.000
THR01A0892_001 0.000
THR01A0892_002 0.000
HIS01A0893_001 0.438
HIS01A0893_002 0.438
HIS02A0893_003 0.438
HIS02A0893_004 0.438
HIS+1A0893_005 0.273
HIS+1A0893_006 0.273
GLN01A0894_001 0.014
GLN01A0894_002 0.014
SER01A0895_001 0.410
SER01A0895_002 0.410
ASP01A0896_001 0.000
ASP01A0896_002 0.000
ASP02A0896_003 0.000
ASP02A0896_004 0.000
ASP-1A0896_005 0.000
VAL01A0897_001 0.000
TRP01A0898_001 0.000
SER01A0899_001 0.231
SER01A0899_002 0.231
TYR01A0900_001 0.055
TYR01A0900_002 0.055
TYR-1A0900_003 0.000
VAL01A0902_001 0.000
THR01A0903_001 0.095
THR01A0903_002 0.095
THR01A0903_003 0.095
VAL01A0904_001 0.000
TRP01A0905_001 0.000
GLU01A0906_001 0.000
GLU01A0906_002 0.000
GLU02A0906_003 0.000
GLU02A0906_004 0.000
GLU-1A0906_005 0.000
LEU01A0907_001 0.000
MET01A0908_001 0.000
THR01A0909_001 0.222
THR01A0909_002 0.222
PHE01A0910_001 0.000
SER01A0912_001 0.319
SER01A0912_002 0.319
LYS01A0913_001 0.000
LYS+1A0913_002 0.000
PRO01A0914_001 0.000
TYR01A0915_001 0.000
TYR-1A0915_002 0.000
ASP01A0916_001 0.000
ASP01A0916_002 0.000
ASP02A0916_003 0.000
ASP02A0916_004 0.000
ASP-1A0916_005 0.000
ILE01A0918_001 0.000
PRO01A0919_001 0.000
ALA01A0920_001 0.000
SER01A0921_001 0.000
GLU01A0922_001 0.000
GLU01A0922_002 0.000
GLU02A0922_003 0.000
GLU02A0922_004 0.000
GLU-1A0922_005 0.000
ILE01A0923_001 0.000
SER01A0924_001 0.367
SER01A0924_002 0.367
SER01A0925_001 0.374
SER01A0925_002 0.374
ILE01A0926_001 0.000
LEU01A0927_001 0.000
GLU01A0928_001 0.696
GLU01A0928_002 0.696
GLU02A0928_003 0.696
GLU02A0928_004 0.696
GLU-1A0928_005 0.000
LYS01A0929_001 0.000
LYS+1A0929_002 0.000
GLU01A0931_001 0.408
GLU01A0931_002 0.408
GLU02A0931_003 0.408
GLU02A0931_004 0.408
GLU-1A0931_005 0.000
ARG01A0932_001 0.000
ARG02A0932_002 0.000
ARG03A0932_003 0.000
ARG+1A0932_004 0.000
LEU01A0933_001 0.000
PRO01A0934_001 0.000
GLN01A0935_001 0.243
GLN01A0935_002 0.243
PRO01A0936_001 0.000
PRO01A0937_001 0.000
ILE01A0938_001 0.000
CYS01A0939_001 0.636
CYS01A0939_002 0.636
CYS01A0939_003 0.636
CYS-1A0939_004 0.000
THR01A0940_001 0.111
THR01A0940_002 0.111
ILE01A0941_001 0.000
ASP01A0942_001 0.000
ASP01A0942_002 0.000
ASP02A0942_003 0.000
ASP02A0942_004 0.000
ASP-1A0942_005 0.000
VAL01A0943_001 0.000
TYR01A0944_001 0.190
TYR01A0944_002 0.190
TYR-1A0944_003 0.000
MET01A0945_001 0.000
ILE01A0946_001 0.000
MET01A0947_001 0.000
VAL01A0948_001 0.000
LYS01A0949_001 0.000
LYS+1A0949_002 0.000
CYS01A0950_001 0.534
CYS01A0950_002 0.534
CYS01A0950_003 0.534
CYS-1A0950_004 0.000
TRP01A0951_001 0.000
MET01A0952_001 0.000
ILE01A0953_001 0.000
ASP01A0954_001 0.000
ASP01A0954_002 0.000
ASP02A0954_003 0.000
ASP02A0954_004 0.000
ASP-1A0954_005 0.000
ALA01A0955_001 0.000
ASP01A0956_001 0.000
ASP01A0956_002 0.000
ASP02A0956_003 0.000
ASP02A0956_004 0.000
ASP-1A0956_005 0.000
SER01A0957_001 0.370
SER01A0957_002 0.370
ARG01A0958_001 0.000
ARG02A0958_002 0.000
ARG02A0958_003 0.000
ARG03A0958_004 0.000
ARG03A0958_005 0.000
ARG+1A0958_006 0.000
PRO01A0959_001 0.000
LYS01A0960_001 0.000
LYS+1A0960_002 0.000
PHE01A0961_001 0.000
ARG01A0962_001 0.000
ARG02A0962_002 0.000
ARG02A0962_003 0.000
ARG03A0962_004 0.000
ARG03A0962_005 0.000
ARG+1A0962_006 0.000
GLU01A0963_001 0.000
GLU01A0963_002 0.000
GLU02A0963_003 0.000
GLU02A0963_004 0.000
GLU-1A0963_005 0.000
LEU01A0964_001 0.000
ILE01A0965_001 0.000
ILE01A0966_001 0.000
GLU01A0967_001 0.354
GLU01A0967_002 0.354
GLU02A0967_003 0.354
GLU02A0967_004 0.354
GLU-1A0967_005 0.000
PHE01A0968_001 0.000
SER01A0969_001 0.009
SER01A0969_002 0.009
SER01A0969_003 0.009
LYS01A0970_001 0.000
LYS+1A0970_002 0.000
MET01A0971_001 0.000
ALA01A0972_001 0.000
ARG01A0973_001 0.000
ARG01A0973_002 0.000
ARG02A0973_003 0.000
ARG02A0973_004 0.000
ARG02A0973_005 0.000
ARG03A0973_006 0.000
ARG03A0973_007 0.000
ARG+1A0973_008 0.000
ARG+1A0973_009 0.000
ASP01A0974_001 0.344
ASP01A0974_002 0.344
ASP02A0974_003 0.344
ASP02A0974_004 0.344
ASP-1A0974_005 0.000
PRO01A0975_001 0.000
GLN01A0976_001 0.057
GLN01A0976_002 0.057
ARG01A0977_001 0.000
ARG02A0977_002 0.000
ARG03A0977_003 0.000
ARG+1A0977_004 0.000
TYR01A0978_001 0.000
TYR-1A0978_002 0.000
LEU01A0979_001 0.000
VAL01A0980_001 0.000
ILE01A0981_001 0.000
GLN01A0982_001 0.401
GLN01A0982_002 0.401
ASP01A0984_001 0.000
ASP01A0984_002 0.000
ASP02A0984_003 0.000
ASP02A0984_004 0.000
ASP-1A0984_005 0.000
GLU01A0985_001 0.000
GLU01A0985_002 0.000
GLU02A0985_003 0.000
GLU02A0985_004 0.000
GLU-1A0985_005 0.000
ARG01A0986_001 0.000
ARG02A0986_002 0.000
ARG03A0986_003 0.000
ARG+1A0986_004 0.000
MET01A0987_001 0.000
HIS01A0988_001 0.740
HIS01A0988_002 0.740
HIS02A0988_003 0.740
HIS02A0988_004 0.740
HIS+1A0988_005 0.411
HIS+1A0988_006 0.411
LEU01A0989_001 0.000
PRO01A0990_001 0.000
SER01A0991_001 0.366
SER01A0991_002 0.366
PRO01A0992_001 0.000
THR01A0993_001 0.048
THR01A0993_002 0.048
ASP01A0994_001 0.000
ASP01A0994_002 0.000
ASP02A0994_003 0.000
ASP02A0994_004 0.000
ASP-1A0994_005 0.000
SER01A0995_001 0.430
SER01A0995_002 0.430
SER01A0995_003 0.430
ASN01A0996_001 0.128
ASN01A0996_002 0.128
PHE01A0997_001 0.000
TYR01A0998_001 0.000
TYR-1A0998_002 0.000
ARG01A0999_001 0.000
ARG01A0999_002 0.000
ARG02A0999_003 0.000
ARG02A0999_004 0.000
ARG02A0999_005 0.000
ARG02A0999_006 0.000
ARG03A0999_007 0.000
ARG03A0999_008 0.000
ARG03A0999_009 0.000
ARG03A0999_010 0.000
ARG+1A0999_011 0.000
ARG+1A0999_012 0.000
ALA01A1000_001 0.000
LEU01A1001_001 0.000
MET01A1002_001 0.000
ASP01A1003_001 0.395
ASP01A1003_002 0.395
ASP02A1003_003 0.395
ASP02A1003_004 0.395
ASP-1A1003_005 0.000
GLU01A1004_001 0.369
GLU01A1004_002 0.369
GLU02A1004_003 0.369
GLU02A1004_004 0.369
GLU-1A1004_005 0.000
GLU01A1005_001 0.808
GLU01A1005_002 0.808
GLU02A1005_003 0.808
GLU02A1005_004 0.808
GLU-1A1005_005 0.000
ASP01A1006_001 0.360
ASP01A1006_002 0.360
ASP02A1006_003 0.360
ASP02A1006_004 0.360
ASP-1A1006_005 0.000
MET01A1007_001 0.000
ASP01A1008_001 0.576
ASP01A1008_002 0.576
ASP02A1008_003 0.576
ASP02A1008_004 0.576
ASP-1A1008_005 0.000
ASP01A1009_001 0.000
ASP01A1009_002 0.000
ASP02A1009_003 0.000
ASP02A1009_004 0.000
ASP-1A1009_005 0.000
VAL01A1010_001 0.000
VAL01A1011_001 0.000
ASP01A1012_001 0.374
ASP01A1012_002 0.374
ASP02A1012_003 0.374
ASP02A1012_004 0.374
ASP-1A1012_005 0.000
ALA01A1013_001 0.000
ASP01A1014_001 0.390
ASP01A1014_002 0.390
ASP02A1014_003 0.390
ASP02A1014_004 0.390
ASP-1A1014_005 0.000
GLU01A1015_001 0.000
GLU01A1015_002 0.000
GLU02A1015_003 0.000
GLU02A1015_004 0.000
GLU-1A1015_005 0.000
TYR01A1016_001 0.000
TYR-1A1016_002 0.000
