================================================================================
LOADED 37 PDB ENTRIES from /data/home/granepura/Mar11/5-Kinases/final/cof_tpl_mg/pdb_inhibitor.lst
================================================================================

================================================================================
PROCESSING PDB DIRECTORIES
================================================================================

[ 1/37] 1XKK                      │ Lapatinib       │ Code: FMM
      ├─ ✅ Found 1 residue(s) matching 'FMM':
      │    • FMM+A0091_: run_cof2=0.9500, run_kin=0.6100
      └─ ✓ Data collected (1 point per PDB)

[ 2/37] 2EUF                      │ Palbociclib     │ Code: LQQ
      ├─ ❌ Missing: run_cof2/xts_sum_crg.out
      ├─ ❌ Missing: run_kin/xts_sum_crg.out
      └─ ⚠️  SKIPPED (files missing)

[ 3/37] 2HYY                      │ Imatinib        │ Code: STI
      ├─ ✅ Found 1 residue(s) matching 'STI':
      │    • STI+A0600_: run_cof2=0.9700, run_kin=1.0000
      └─ ✓ Data collected (1 point per PDB)

[ 4/37] 2ITO                      │ Gefitinib       │ Code: IRE
      ├─ ✅ Found 1 residue(s) matching 'IRE':
      │    • IRE+A2020_: run_cof2=0.3000, run_kin=0.7800
      └─ ✓ Data collected (1 point per PDB)

[ 5/37] 2ITY                      │ Gefitinib       │ Code: IRE
      ├─ ✅ Found 1 residue(s) matching 'IRE':
      │    • IRE+A2020_: run_cof2=0.3000, run_kin=0.4000
      └─ ✓ Data collected (1 point per PDB)

[ 6/37] 2ITZ                      │ Gefitinib       │ Code: IRE
      ├─ ✅ Found 1 residue(s) matching 'IRE':
      │    • IRE+A2021_: run_cof2=0.3100, run_kin=0.6800
      └─ ✓ Data collected (1 point per PDB)

[ 7/37] 2WGJ                      │ Crizotinib      │ Code: VGH
      ├─ ✅ Found 1 residue(s) matching 'VGH':
      │    • VGH+A2346_: run_cof2=1.6100, run_kin=0.9700
      └─ ✓ Data collected (1 point per PDB)

[ 8/37] 2XP2                      │ Crizotinib      │ Code: VGH
      ├─ ✅ Found 1 residue(s) matching 'VGH':
      │    • VGH+A9000_: run_cof2=1.6100, run_kin=1.0000
      └─ ✓ Data collected (1 point per PDB)

[ 9/37] 2YFX                      │ Crizotinib      │ Code: VGH
      ├─ ✅ Found 1 residue(s) matching 'VGH':
      │    • VGH+A9000_: run_cof2=1.6100, run_kin=1.0000
      └─ ✓ Data collected (1 point per PDB)

[10/37] 3AOX                      │ Alectinib       │ Code: EMH
      ├─ ✅ Found 1 residue(s) matching 'EMH':
      │    • EMH+A0901_: run_cof2=0.5600, run_kin=0.8700
      └─ ✓ Data collected (1 point per PDB)

[11/37] 3CS9                      │ Nilotinib       │ Code: NIL
      ├─ ✅ Found 1 residue(s) matching 'NIL':
      │    • NIL+A0600_: run_cof2=0.0900, run_kin=0.2900
      └─ ✓ Data collected (1 point per PDB)

[12/37] 3LXK                      │ Tofacitinib     │ Code: MI1
      ├─ ✅ Found 1 residue(s) matching 'MI1':
      │    • MI1+A1125_: run_cof2=0.0300, run_kin=0.0400
      └─ ✓ Data collected (1 point per PDB)

[13/37] 3PYY                      │ Imatinib        │ Code: STI
      ├─ ✅ Found 1 residue(s) matching 'STI':
      │    • STI+A0003_: run_cof2=0.9700, run_kin=1.0000
      └─ ✓ Data collected (1 point per PDB)

[14/37] 3UE4                      │ Bosutinib       │ Code: DB8
      ├─ ✅ Found 1 residue(s) matching 'DB8':
      │    • DB8+A0601_: run_cof2=0.9400, run_kin=0.9500
      └─ ✓ Data collected (1 point per PDB)

[15/37] 3UG2                      │ Gefitinib       │ Code: IRE
      ├─ ✅ Found 1 residue(s) matching 'IRE':
      │    • IRE+A0001_: run_cof2=0.8800, run_kin=0.0100
      └─ ✓ Data collected (1 point per PDB)

[16/37] 3WZD                      │ Lenvatinib      │ Code: LEV
      ├─ ✅ Found 1 residue(s) matching 'LEV':
      │    • LEV-A1201_: run_cof2=-0.0000, run_kin=-0.0000
      └─ ✓ Data collected (1 point per PDB)

[17/37] 3WZE                      │ Sorafenib       │ Code: BAX
      ├─ ✅ Found 1 residue(s) matching 'BAX':
      │    • BAX+A1201_: run_cof2=0.0000, run_kin=0.0000
      └─ ✓ Data collected (1 point per PDB)

[18/37] 3ZOS                      │ Ponatinib       │ Code: 0LI
      ├─ ✅ Found 2 residue(s) matching '0LI':
      │    • 0LI+A1004_: run_cof2=0.9600, run_kin=0.9300
      │    • 0LI+A1000_: run_cof2=0.9600, run_kin=1.0000
      │    ⚠️  Multiple matches found - using first residue: 0LI+A1004_
      └─ ✓ Data collected (1 point per PDB)

[19/37] 4AG8                      │ Axitinib        │ Code: AXI
      ├─ ✅ Found 1 residue(s) matching 'AXI':
      │    • AXI+A2000_: run_cof2=0.0000, run_kin=0.0000
      └─ ✓ Data collected (1 point per PDB)

[20/37] 4AGC                      │ Axitinib        │ Code: AXI
      ├─ ✅ Found 1 residue(s) matching 'AXI':
      │    • AXI+A2000_: run_cof2=0.0000, run_kin=0.0000
      └─ ✓ Data collected (1 point per PDB)

[21/37] 4AGD                      │ Sunitinib       │ Code: B49
      ├─ ✅ Found 1 residue(s) matching 'B49':
      │    • B49+A2000_: run_cof2=0.9900, run_kin=0.9300
      └─ ✓ Data collected (1 point per PDB)

[22/37] 4AN2                      │ Cobimetinib     │ Code: EUI
      ├─ ✅ Found 1 residue(s) matching 'EUI':
      │    • EUI+A1382_: run_cof2=0.9800, run_kin=0.2300
      └─ ✓ Data collected (1 point per PDB)

[23/37] 4ANQ                      │ Crizotinib      │ Code: VGH
      ├─ ✅ Found 1 residue(s) matching 'VGH':
      │    • VGH+A9000_: run_cof2=1.6100, run_kin=1.0000
      └─ ✓ Data collected (1 point per PDB)

[24/37] 4ANS                      │ Crizotinib      │ Code: VGH
      ├─ ✅ Found 1 residue(s) matching 'VGH':
      │    • VGH+A9000_: run_cof2=1.6100, run_kin=1.0000
      └─ ✓ Data collected (1 point per PDB)

[25/37] 4ASD                      │ Sorafenib       │ Code: BAX
      ├─ ✅ Found 1 residue(s) matching 'BAX':
      │    • BAX+A1500_: run_cof2=0.0000, run_kin=0.0000
      └─ ✓ Data collected (1 point per PDB)

[26/37] 4G5J                      │ Afatinib        │ Code: 0WN
      ├─ ✅ Found 1 residue(s) matching '0WN':
      │    • 0WN+A1101_: run_cof2=0.9900, run_kin=0.9400
      └─ ✓ Data collected (1 point per PDB)

[27/37] 4G5P                      │ Afatinib        │ Code: 0WN
      ├─ ✅ Found 1 residue(s) matching '0WN':
      │    • 0WN+A1101_: run_cof2=0.9900, run_kin=0.9700
      └─ ✓ Data collected (1 point per PDB)

[28/37] 4I22                      │ Gefitinib       │ Code: IRE
      ├─ ✅ Found 1 residue(s) matching 'IRE':
      │    • IRE+A9001_: run_cof2=0.3000, run_kin=0.4100
      └─ ✓ Data collected (1 point per PDB)

[29/37] 4LMN                      │ Cobimetinib     │ Code: EUI
      ├─ ✅ Found 1 residue(s) matching 'EUI':
      │    • EUI+A0503_: run_cof2=0.9800, run_kin=0.5000
      └─ ✓ Data collected (1 point per PDB)

[30/37] 4MKC                      │ Ceritinib       │ Code: 4MK
      ├─ ✅ Found 1 residue(s) matching '4MK':
      │    • 4MK+A1503_: run_cof2=1.0000, run_kin=1.0000
      └─ ✓ Data collected (1 point per PDB)

[31/37] 4WKQ                      │ Gefitinib       │ Code: IRE
      ├─ ✅ Found 1 residue(s) matching 'IRE':
      │    • IRE+A1101_: run_cof2=0.3000, run_kin=0.4900
      └─ ✓ Data collected (1 point per PDB)

[32/37] 4ZAU                      │ Osimertinib     │ Code: YY3
      ├─ ✅ Found 1 residue(s) matching 'YY3':
      │    • YY3+A1101_: run_cof2=0.9800, run_kin=0.9800
      └─ ✓ Data collected (1 point per PDB)

[33/37] 5AAA                      │ Crizotinib      │ Code: VGH
      ├─ ✅ Found 1 residue(s) matching 'VGH':
      │    • VGH+A9000_: run_cof2=1.6100, run_kin=1.0000
      └─ ✓ Data collected (1 point per PDB)

[34/37] 5AAB                      │ Crizotinib      │ Code: VGH
      ├─ ✅ Found 1 residue(s) matching 'VGH':
      │    • VGH+A9000_: run_cof2=1.6100, run_kin=1.0000
      └─ ✓ Data collected (1 point per PDB)

[35/37] 5AAC                      │ Crizotinib      │ Code: VGH
      ├─ ✅ Found 1 residue(s) matching 'VGH':
      │    • VGH+A9000_: run_cof2=1.6100, run_kin=1.0000
      └─ ✓ Data collected (1 point per PDB)

[36/37] 5L2I                      │ Palbociclib     │ Code: LQQ
      ├─ ✅ Found 1 residue(s) matching 'LQQ':
      │    • LQQ+A0900_: run_cof2=0.9800, run_kin=1.0000
      └─ ✓ Data collected (1 point per PDB)

[37/37] 5MO4                      │ Nilotinib       │ Code: NIL
      ├─ ✅ Found 1 residue(s) matching 'NIL':
      │    • NIL+A0601_: run_cof2=0.0900, run_kin=0.4200
      └─ ✓ Data collected (1 point per PDB)

================================================================================
SUMMARY
================================================================================
  Total PDB entries:           37
  Files found (both dirs):     36
  Files missing:               1
  PDBs with matching data:     36
  PDBs without matching data:  0
  Total residue data points:   36
  Points actually plotted:     36

  Outlier threshold:           ±0.15 (15%)
================================================================================


================================================================================
CREATING COMBINED PLOT (ALL INHIBITORS)
================================================================================
✅ Combined plot saved: plots_inhibitors_kin_vs_cof2_xts/inhibitors_all_runs.png
   N = 36 (1 point per PDB), Fitted: 18, Outliers: 18
✅ Combined data saved: plots_inhibitors_kin_vs_cof2_xts/inhibitors_all_runs.csv

================================================================================
CREATING INDIVIDUAL INHIBITOR PLOTS
================================================================================
  Plotting Afatinib (2 points)...
    ✅ Plot: plots_inhibitors_kin_vs_cof2_xts/inhibitor_Afatinib.png
       N = 2 (1 point per PDB), Fitted: 2, Outliers: 0
    ✅ Data: plots_inhibitors_kin_vs_cof2_xts/inhibitor_Afatinib.csv
  Plotting Alectinib (1 points)...
    ✅ Plot: plots_inhibitors_kin_vs_cof2_xts/inhibitor_Alectinib.png
       N = 1 (1 point per PDB), Fitted: 0, Outliers: 1
    ✅ Data: plots_inhibitors_kin_vs_cof2_xts/inhibitor_Alectinib.csv
  Plotting Axitinib (2 points)...
    ✅ Plot: plots_inhibitors_kin_vs_cof2_xts/inhibitor_Axitinib.png
       N = 2 (1 point per PDB), Fitted: 2, Outliers: 0
    ✅ Data: plots_inhibitors_kin_vs_cof2_xts/inhibitor_Axitinib.csv
  Plotting Bosutinib (1 points)...
    ✅ Plot: plots_inhibitors_kin_vs_cof2_xts/inhibitor_Bosutinib.png
       N = 1 (1 point per PDB), Fitted: 1, Outliers: 0
    ✅ Data: plots_inhibitors_kin_vs_cof2_xts/inhibitor_Bosutinib.csv
  Plotting Ceritinib (1 points)...
    ✅ Plot: plots_inhibitors_kin_vs_cof2_xts/inhibitor_Ceritinib.png
       N = 1 (1 point per PDB), Fitted: 1, Outliers: 0
    ✅ Data: plots_inhibitors_kin_vs_cof2_xts/inhibitor_Ceritinib.csv
  Plotting Cobimetinib (2 points)...
    ✅ Plot: plots_inhibitors_kin_vs_cof2_xts/inhibitor_Cobimetinib.png
       N = 2 (1 point per PDB), Fitted: 0, Outliers: 2
    ✅ Data: plots_inhibitors_kin_vs_cof2_xts/inhibitor_Cobimetinib.csv
  Plotting Crizotinib (8 points)...
    ✅ Plot: plots_inhibitors_kin_vs_cof2_xts/inhibitor_Crizotinib.png
       N = 8 (1 point per PDB), Fitted: 0, Outliers: 8
    ✅ Data: plots_inhibitors_kin_vs_cof2_xts/inhibitor_Crizotinib.csv
  Plotting Gefitinib (6 points)...
    ✅ Plot: plots_inhibitors_kin_vs_cof2_xts/inhibitor_Gefitinib.png
       N = 6 (1 point per PDB), Fitted: 2, Outliers: 4
    ✅ Data: plots_inhibitors_kin_vs_cof2_xts/inhibitor_Gefitinib.csv
  Plotting Imatinib (2 points)...
    ✅ Plot: plots_inhibitors_kin_vs_cof2_xts/inhibitor_Imatinib.png
       N = 2 (1 point per PDB), Fitted: 2, Outliers: 0
    ✅ Data: plots_inhibitors_kin_vs_cof2_xts/inhibitor_Imatinib.csv
  Plotting Lapatinib (1 points)...
    ✅ Plot: plots_inhibitors_kin_vs_cof2_xts/inhibitor_Lapatinib.png
       N = 1 (1 point per PDB), Fitted: 0, Outliers: 1
    ✅ Data: plots_inhibitors_kin_vs_cof2_xts/inhibitor_Lapatinib.csv
  Plotting Lenvatinib (1 points)...
    ✅ Plot: plots_inhibitors_kin_vs_cof2_xts/inhibitor_Lenvatinib.png
       N = 1 (1 point per PDB), Fitted: 1, Outliers: 0
    ✅ Data: plots_inhibitors_kin_vs_cof2_xts/inhibitor_Lenvatinib.csv
  Plotting Nilotinib (2 points)...
    ✅ Plot: plots_inhibitors_kin_vs_cof2_xts/inhibitor_Nilotinib.png
       N = 2 (1 point per PDB), Fitted: 0, Outliers: 2
    ✅ Data: plots_inhibitors_kin_vs_cof2_xts/inhibitor_Nilotinib.csv
  Plotting Osimertinib (1 points)...
    ✅ Plot: plots_inhibitors_kin_vs_cof2_xts/inhibitor_Osimertinib.png
       N = 1 (1 point per PDB), Fitted: 1, Outliers: 0
    ✅ Data: plots_inhibitors_kin_vs_cof2_xts/inhibitor_Osimertinib.csv
  Plotting Palbociclib (1 points)...
    ✅ Plot: plots_inhibitors_kin_vs_cof2_xts/inhibitor_Palbociclib.png
       N = 1 (1 point per PDB), Fitted: 1, Outliers: 0
    ✅ Data: plots_inhibitors_kin_vs_cof2_xts/inhibitor_Palbociclib.csv
  Plotting Ponatinib (1 points)...
    ✅ Plot: plots_inhibitors_kin_vs_cof2_xts/inhibitor_Ponatinib.png
       N = 1 (1 point per PDB), Fitted: 1, Outliers: 0
    ✅ Data: plots_inhibitors_kin_vs_cof2_xts/inhibitor_Ponatinib.csv
  Plotting Sorafenib (2 points)...
    ✅ Plot: plots_inhibitors_kin_vs_cof2_xts/inhibitor_Sorafenib.png
       N = 2 (1 point per PDB), Fitted: 2, Outliers: 0
    ✅ Data: plots_inhibitors_kin_vs_cof2_xts/inhibitor_Sorafenib.csv
  Plotting Sunitinib (1 points)...
    ✅ Plot: plots_inhibitors_kin_vs_cof2_xts/inhibitor_Sunitinib.png
       N = 1 (1 point per PDB), Fitted: 1, Outliers: 0
    ✅ Data: plots_inhibitors_kin_vs_cof2_xts/inhibitor_Sunitinib.csv
  Plotting Tofacitinib (1 points)...
    ✅ Plot: plots_inhibitors_kin_vs_cof2_xts/inhibitor_Tofacitinib.png
       N = 1 (1 point per PDB), Fitted: 1, Outliers: 0
    ✅ Data: plots_inhibitors_kin_vs_cof2_xts/inhibitor_Tofacitinib.csv

================================================================================
ALL PLOTS COMPLETED
================================================================================
✅ Log saved: plot_sumcrg_inhibitors_xts.log
