   Error! get_connect12(): connectivity of atom " N   ASN A0083" is not complete:

          get_connect12(): atom  C   of residue i-1 is not found 

   Error! get_connect12(): connectivity of atom " C   ASP A0295" is not complete:

          get_connect12(): atom  N   of residue i+1 is not found 

   Error! get_connect12(): connectivity of atom " N   GLU A0298" is not complete:

          get_connect12(): atom  C   of residue i-1 is not found 

   Error! get_connect12(): connectivity of atom " C   PHE A0401" is not complete:

          get_connect12(): atom  N   of residue i+1 is not found 

   Error! get_connect12(): connectivity of atom " N   PHE A0420" is not complete:

          get_connect12(): atom  C   of residue i-1 is not found 

   Error! get_connect12(): connectivity of atom " C   LYS A0531" is not complete:

          get_connect12(): atom  N   of residue i+1 is not found 

VDW_RAD  NIL01  O17   1.66
VDW_EPS  NIL01  O17   0.21
VDW_RAD  NIL01  C16   1.91
VDW_EPS  NIL01  C16   0.11
VDW_RAD  NIL01  N14   1.82
VDW_EPS  NIL01  N14   0.17
VDW_RAD  NIL01  C11   1.91
VDW_EPS  NIL01  C11   0.11
VDW_RAD  NIL01  C9    1.91
VDW_EPS  NIL01  C9    0.11
VDW_RAD  NIL01  C8    1.91
VDW_EPS  NIL01  C8    0.11
VDW_RAD  NIL01  N51   1.82
VDW_EPS  NIL01  N51   0.17
VDW_RAD  NIL01  C56   1.91
VDW_EPS  NIL01  C56   0.11
VDW_RAD  NIL01  C55   1.91
VDW_EPS  NIL01  C55   0.11
VDW_RAD  NIL01  C58   1.91
VDW_EPS  NIL01  C58   0.11
VDW_RAD  NIL01  N54   1.82
VDW_EPS  NIL01  N54   0.17
VDW_RAD  NIL01  C52   1.91
VDW_EPS  NIL01  C52   0.11
VDW_RAD  NIL01  C6    1.91
VDW_EPS  NIL01  C6    0.11
VDW_RAD  NIL01  C12   1.91
VDW_EPS  NIL01  C12   0.11
VDW_RAD  NIL01  C5    1.91
VDW_EPS  NIL01  C5    0.11
VDW_RAD  NIL01  C2    1.91
VDW_EPS  NIL01  C2    0.11
VDW_RAD  NIL01  F4    1.91
VDW_EPS  NIL01  F4    0.11
VDW_RAD  NIL01  F3    1.91
VDW_EPS  NIL01  F3    0.11
VDW_RAD  NIL01  F1    1.91
VDW_EPS  NIL01  F1    0.11
VDW_RAD  NIL01  C18   1.91
VDW_EPS  NIL01  C18   0.11
VDW_RAD  NIL01  C25   1.91
VDW_EPS  NIL01  C25   0.11
VDW_RAD  NIL01  C23   1.91
VDW_EPS  NIL01  C23   0.11
VDW_RAD  NIL01  C22   1.91
VDW_EPS  NIL01  C22   0.11
VDW_RAD  NIL01  C27   1.91
VDW_EPS  NIL01  C27   0.11
VDW_RAD  NIL01  C21   1.91
VDW_EPS  NIL01  C21   0.11
VDW_RAD  NIL01  C19   1.91
VDW_EPS  NIL01  C19   0.11
VDW_RAD  NIL01  N31   1.82
VDW_EPS  NIL01  N31   0.17
VDW_RAD  NIL01  C33   1.91
VDW_EPS  NIL01  C33   0.11
VDW_RAD  NIL01  N40   1.82
VDW_EPS  NIL01  N40   0.17
VDW_RAD  NIL01  C38   1.91
VDW_EPS  NIL01  C38   0.11
VDW_RAD  NIL01  C36   1.91
VDW_EPS  NIL01  C36   0.11
VDW_RAD  NIL01  C35   1.91
VDW_EPS  NIL01  C35   0.11
VDW_RAD  NIL01  N34   1.82
VDW_EPS  NIL01  N34   0.17
VDW_RAD  NIL01  C41   1.91
VDW_EPS  NIL01  C41   0.11
VDW_RAD  NIL01  C49   1.91
VDW_EPS  NIL01  C49   0.11
VDW_RAD  NIL01  C47   1.91
VDW_EPS  NIL01  C47   0.11
VDW_RAD  NIL01  C45   1.91
VDW_EPS  NIL01  C45   0.11
VDW_RAD  NIL01  N44   1.82
VDW_EPS  NIL01  N44   0.17
VDW_RAD  NIL01  C42   1.91
VDW_EPS  NIL01  C42   0.11
   Error! get_connect12(): connectivity of atom " N   ASN A0083" is not complete:

          get_connect12(): atom  C   of residue i-1 is not found 

TORSION  ASNBK  H    N    CA   C    f        0.0         2    180.00
   Error! get_connect12(): connectivity of atom " N   ASN A0083" is not complete:

          get_connect12(): atom  C   of residue i-1 is not found 

   Error! get_connect12(): connectivity of atom " N   ASN A0083" is not complete:

          get_connect12(): atom  C   of residue i-1 is not found 

   Error! get_connect12(): connectivity of atom " N   ASN A0083" is not complete:

          get_connect12(): atom  C   of residue i-1 is not found 

   Error! get_connect12(): connectivity of atom " C   ASP A0295" is not complete:

          get_connect12(): atom  N   of residue i+1 is not found 

   Error! get_connect12(): connectivity of atom " C   ASP A0295" is not complete:

          get_connect12(): atom  N   of residue i+1 is not found 

   Error! get_connect12(): connectivity of atom " C   ASP A0295" is not complete:

          get_connect12(): atom  N   of residue i+1 is not found 

   Error! get_connect12(): connectivity of atom " C   ASP A0295" is not complete:

          get_connect12(): atom  N   of residue i+1 is not found 

   Error! get_connect12(): connectivity of atom " N   GLU A0298" is not complete:

          get_connect12(): atom  C   of residue i-1 is not found 

TORSION  GLUBK  H    N    CA   C    f        0.0         2    180.00
   Error! get_connect12(): connectivity of atom " N   GLU A0298" is not complete:

          get_connect12(): atom  C   of residue i-1 is not found 

   Error! get_connect12(): connectivity of atom " N   GLU A0298" is not complete:

          get_connect12(): atom  C   of residue i-1 is not found 

   Error! get_connect12(): connectivity of atom " N   GLU A0298" is not complete:

          get_connect12(): atom  C   of residue i-1 is not found 

   Error! get_connect12(): connectivity of atom " C   PHE A0401" is not complete:

          get_connect12(): atom  N   of residue i+1 is not found 

   Error! get_connect12(): connectivity of atom " C   PHE A0401" is not complete:

          get_connect12(): atom  N   of residue i+1 is not found 

   Error! get_connect12(): connectivity of atom " C   PHE A0401" is not complete:

          get_connect12(): atom  N   of residue i+1 is not found 

   Error! get_connect12(): connectivity of atom " C   PHE A0401" is not complete:

          get_connect12(): atom  N   of residue i+1 is not found 

   Error! get_connect12(): connectivity of atom " N   PHE A0420" is not complete:

          get_connect12(): atom  C   of residue i-1 is not found 

TORSION  PHEBK  H    N    CA   C    f        0.0         2    180.00
   Error! get_connect12(): connectivity of atom " N   PHE A0420" is not complete:

          get_connect12(): atom  C   of residue i-1 is not found 

   Error! get_connect12(): connectivity of atom " N   PHE A0420" is not complete:

          get_connect12(): atom  C   of residue i-1 is not found 

   Error! get_connect12(): connectivity of atom " N   PHE A0420" is not complete:

          get_connect12(): atom  C   of residue i-1 is not found 

   Error! get_connect12(): connectivity of atom " C   LYS A0531" is not complete:

          get_connect12(): atom  N   of residue i+1 is not found 

   Error! get_connect12(): connectivity of atom " C   LYS A0531" is not complete:

          get_connect12(): atom  N   of residue i+1 is not found 

   Error! get_connect12(): connectivity of atom " C   LYS A0531" is not complete:

          get_connect12(): atom  N   of residue i+1 is not found 

   Error! get_connect12(): connectivity of atom " C   LYS A0531" is not complete:

          get_connect12(): atom  N   of residue i+1 is not found 

TORSION  NIL01  H58  C58  C55  C56  f        0.0         3      0.00
TORSION  NIL01  H27  C27  C22  C23  f        0.0         3      0.00
   Error! get_connect12(): connectivity of atom " N   ASN A0083" is not complete:

          get_connect12(): atom  C   of residue i-1 is not found 

   Error! get_connect12(): connectivity of atom " C   ASP A0295" is not complete:

          get_connect12(): atom  N   of residue i+1 is not found 

   Error! get_connect12(): connectivity of atom " N   GLU A0298" is not complete:

          get_connect12(): atom  C   of residue i-1 is not found 

   Error! get_connect12(): connectivity of atom " C   PHE A0401" is not complete:

          get_connect12(): atom  N   of residue i+1 is not found 

   Error! get_connect12(): connectivity of atom " N   PHE A0420" is not complete:

          get_connect12(): atom  C   of residue i-1 is not found 

   Error! get_connect12(): connectivity of atom " C   LYS A0531" is not complete:

          get_connect12(): atom  N   of residue i+1 is not found 

VDW_RAD  NIL01 HN14   1.49
VDW_EPS  NIL01 HN14   0.02
VDW_RAD  NIL01  H9    1.49
VDW_EPS  NIL01  H9    0.02
VDW_RAD  NIL01  H56   1.49
VDW_EPS  NIL01  H56   0.02
VDW_RAD  NIL01  H58   1.49
VDW_EPS  NIL01  H58   0.02
VDW_RAD  NIL01 H58A   1.49
VDW_EPS  NIL01 H58A   0.02
VDW_RAD  NIL01 H58B   1.49
VDW_EPS  NIL01 H58B   0.02
VDW_RAD  NIL01  H52   1.49
VDW_EPS  NIL01  H52   0.02
VDW_RAD  NIL01  H6    1.49
VDW_EPS  NIL01  H6    0.02
VDW_RAD  NIL01  H12   1.49
VDW_EPS  NIL01  H12   0.02
VDW_RAD  NIL01  H25   1.49
VDW_EPS  NIL01  H25   0.02
VDW_RAD  NIL01  H23   1.49
VDW_EPS  NIL01  H23   0.02
VDW_RAD  NIL01  H27   1.49
VDW_EPS  NIL01  H27   0.02
VDW_RAD  NIL01 H27A   1.49
VDW_EPS  NIL01 H27A   0.02
VDW_RAD  NIL01 H27B   1.49
VDW_EPS  NIL01 H27B   0.02
VDW_RAD  NIL01  H19   1.49
VDW_EPS  NIL01  H19   0.02
VDW_RAD  NIL01 HN31   1.49
VDW_EPS  NIL01 HN31   0.02
VDW_RAD  NIL01  H38   1.49
VDW_EPS  NIL01  H38   0.02
VDW_RAD  NIL01  H36   1.49
VDW_EPS  NIL01  H36   0.02
VDW_RAD  NIL01  H49   1.49
VDW_EPS  NIL01  H49   0.02
VDW_RAD  NIL01  H47   1.49
VDW_EPS  NIL01  H47   0.02
VDW_RAD  NIL01  H45   1.49
VDW_EPS  NIL01  H45   0.02
VDW_RAD  NIL01  H42   1.49
VDW_EPS  NIL01  H42   0.02
   Error! get_connect12(): connectivity of atom " N   ASN A0083" is not complete:

          get_connect12(): atom  C   of residue i-1 is not found 

   Error! get_connect12(): connectivity of atom " C   ASP A0295" is not complete:

          get_connect12(): atom  N   of residue i+1 is not found 

   Error! get_connect12(): connectivity of atom " N   GLU A0298" is not complete:

          get_connect12(): atom  C   of residue i-1 is not found 

   Error! get_connect12(): connectivity of atom " C   PHE A0401" is not complete:

          get_connect12(): atom  N   of residue i+1 is not found 

   Error! get_connect12(): connectivity of atom " N   PHE A0420" is not complete:

          get_connect12(): atom  C   of residue i-1 is not found 

   Error! get_connect12(): connectivity of atom " C   LYS A0531" is not complete:

          get_connect12(): atom  N   of residue i+1 is not found 

CHARGE   ASNBK  HA      0.000
CHARGE   ASN01  CB      0.000
CHARGE   ASN01  HB2     0.000
CHARGE   ASN01  HB3     0.000
CHARGE   LEUBK  HA      0.000
CHARGE   LEU01  CB      0.000
CHARGE   LEU01  HB2     0.000
CHARGE   LEU01  HB3     0.000
CHARGE   LEU01  CG      0.000
CHARGE   LEU01  HG      0.000
CHARGE   LEU01  CD1     0.000
CHARGE   LEU01 HD11     0.000
CHARGE   LEU01 HD12     0.000
CHARGE   LEU01 HD13     0.000
CHARGE   LEU01  CD2     0.000
CHARGE   LEU01 HD21     0.000
CHARGE   LEU01 HD22     0.000
CHARGE   LEU01 HD23     0.000
CHARGE   PHEBK  HA      0.000
CHARGE   PHE01  CB      0.000
CHARGE   PHE01  HB2     0.000
CHARGE   PHE01  HB3     0.000
CHARGE   PHE01  CG      0.000
CHARGE   PHE01  CD1     0.000
CHARGE   PHE01  HD1     0.000
CHARGE   PHE01  CD2     0.000
CHARGE   PHE01  HD2     0.000
CHARGE   PHE01  CE1     0.000
CHARGE   PHE01  HE1     0.000
CHARGE   PHE01  CE2     0.000
CHARGE   PHE01  HE2     0.000
CHARGE   PHE01  CZ      0.000
CHARGE   PHE01  HZ      0.000
CHARGE   VALBK  HA      0.000
CHARGE   VAL01  CB      0.000
CHARGE   VAL01  HB      0.000
CHARGE   VAL01  CG1     0.000
CHARGE   VAL01 HG11     0.000
CHARGE   VAL01 HG12     0.000
CHARGE   VAL01 HG13     0.000
CHARGE   VAL01  CG2     0.000
CHARGE   VAL01 HG21     0.000
CHARGE   VAL01 HG22     0.000
CHARGE   VAL01 HG23     0.000
CHARGE   ALABK  HA      0.000
CHARGE   ALA01  CB      0.000
CHARGE   ALA01  HB1     0.000
CHARGE   ALA01  HB2     0.000
CHARGE   ALA01  HB3     0.000
CHARGE   TYRBK  HA      0.000
CHARGE   TYR01  HB2     0.000
CHARGE   TYR01  HB3     0.000
CHARGE   ASPBK  HA      0.000
CHARGE   ASP01  CB      0.000
CHARGE   ASP01  HB2     0.000
CHARGE   ASP01  HB3     0.000
CHARGE   SERBK  HA      0.000
CHARGE   SER01  CB      0.000
CHARGE   SER01  HB2     0.000
CHARGE   SER01  HB3     0.000
CHARGE   GLYBK  HA2     0.000
CHARGE   GLYBK  HA3     0.000
CHARGE   THRBK  HA      0.000
CHARGE   THR01  CB      0.000
CHARGE   THR01  HB      0.000
CHARGE   THR01  CG2     0.000
CHARGE   THR01 HG21     0.000
CHARGE   THR01 HG22     0.000
CHARGE   THR01 HG23     0.000
CHARGE   ILEBK  HA      0.000
CHARGE   ILE01  CB      0.000
CHARGE   ILE01  HB      0.000
CHARGE   ILE01  CG1     0.000
CHARGE   ILE01 HG12     0.000
CHARGE   ILE01 HG13     0.000
CHARGE   ILE01  CG2     0.000
CHARGE   ILE01 HG21     0.000
CHARGE   ILE01 HG22     0.000
CHARGE   ILE01 HG23     0.000
CHARGE   ILE01  CD1     0.000
CHARGE   ILE01 HD11     0.000
CHARGE   ILE01 HD12     0.000
CHARGE   ILE01 HD13     0.000
CHARGE   LYSBK  HA      0.000
CHARGE   LYS01  CB      0.000
CHARGE   LYS01  HB2     0.000
CHARGE   LYS01  HB3     0.000
CHARGE   LYS01  CG      0.000
CHARGE   LYS01  HG2     0.000
CHARGE   LYS01  HG3     0.000
CHARGE   LYS01  CD      0.000
CHARGE   LYS01  HD2     0.000
CHARGE   LYS01  HD3     0.000
CHARGE   LYS01  CE      0.000
CHARGE   LYS01  HE2     0.000
CHARGE   LYS01  HE3     0.000
CHARGE   GLUBK  HA      0.000
CHARGE   GLU01  CB      0.000
CHARGE   GLU01  HB2     0.000
CHARGE   GLU01  HB3     0.000
CHARGE   GLU01  CG      0.000
CHARGE   GLU01  HG2     0.000
CHARGE   GLU01  HG3     0.000
CHARGE   ARGBK  HA      0.000
CHARGE   ARG01  CB      0.000
CHARGE   ARG01  HB2     0.000
CHARGE   ARG01  HB3     0.000
CHARGE   ARG01  CG      0.000
CHARGE   ARG01  HG2     0.000
CHARGE   ARG01  HG3     0.000
CHARGE   ARG01  HD2     0.000
CHARGE   ARG01  HD3     0.000
CHARGE   HISBK  HA      0.000
CHARGE   HIS01  HB2     0.000
CHARGE   HIS01  HB3     0.000
CHARGE   TRPBK  HA      0.000
CHARGE   TRP01  CB      0.000
CHARGE   TRP01  HB2     0.000
CHARGE   TRP01  HB3     0.000
CHARGE   TRP01  CG      0.000
CHARGE   TRP01  CD1     0.000
CHARGE   TRP01  HD1     0.000
CHARGE   TRP01  CD2     0.000
CHARGE   TRP01  NE1     0.000
CHARGE   TRP01  HE1     0.000
CHARGE   TRP01  CE2     0.000
CHARGE   TRP01  CE3     0.000
CHARGE   TRP01  HE3     0.000
CHARGE   TRP01  CZ2     0.000
CHARGE   TRP01  HZ2     0.000
CHARGE   TRP01  CZ3     0.000
CHARGE   TRP01  HZ3     0.000
CHARGE   TRP01  CH2     0.000
CHARGE   TRP01  HH2     0.000
CHARGE   CYSBK  HA      0.000
CHARGE   CYS01  CB      0.000
CHARGE   CYS01  HB2     0.000
CHARGE   CYS01  HB3     0.000
CHARGE   GLNBK  HA      0.000
CHARGE   GLN01  CB      0.000
CHARGE   GLN01  HB2     0.000
CHARGE   GLN01  HB3     0.000
CHARGE   GLN01  CG      0.000
CHARGE   GLN01  HG2     0.000
CHARGE   GLN01  HG3     0.000
CHARGE   PROBK  N       0.000
CHARGE   PROBK  CA      0.000
CHARGE   PROBK  HA      0.000
CHARGE   PROBK  C       0.000
CHARGE   PROBK  O       0.000
CHARGE   PRO01  CB      0.000
CHARGE   PRO01  HB2     0.000
CHARGE   PRO01  HB3     0.000
CHARGE   PRO01  CG      0.000
CHARGE   PRO01  HG2     0.000
CHARGE   PRO01  HG3     0.000
CHARGE   PRO01  CD      0.000
CHARGE   PRO01  HD2     0.000
CHARGE   PRO01  HD3     0.000
CHARGE   METBK  HA      0.000
CHARGE   MET01  CB      0.000
CHARGE   MET01  HB2     0.000
CHARGE   MET01  HB3     0.000
CHARGE   MET01  HG2     0.000
CHARGE   MET01  HG3     0.000
CHARGE   MET01  HE1     0.000
CHARGE   MET01  HE2     0.000
CHARGE   MET01  HE3     0.000
   Error! get_connect12(): connectivity of atom " N   ASN A0083" is not complete:

          get_connect12(): atom  C   of residue i-1 is not found 

   Error! get_connect12(): connectivity of atom " C   ASP A0295" is not complete:

          get_connect12(): atom  N   of residue i+1 is not found 

   Error! get_connect12(): connectivity of atom " N   GLU A0298" is not complete:

          get_connect12(): atom  C   of residue i-1 is not found 

   Error! get_connect12(): connectivity of atom " C   PHE A0401" is not complete:

          get_connect12(): atom  N   of residue i+1 is not found 

   Error! get_connect12(): connectivity of atom " N   PHE A0420" is not complete:

          get_connect12(): atom  C   of residue i-1 is not found 

   Error! get_connect12(): connectivity of atom " C   LYS A0531" is not complete:

          get_connect12(): atom  N   of residue i+1 is not found 

   Error! get_connect12(): connectivity of atom " N   ASN A0083" is not complete:

          get_connect12(): atom  C   of residue i-1 is not found 

   Error! get_connect12(): connectivity of atom " C   ASP A0295" is not complete:

          get_connect12(): atom  N   of residue i+1 is not found 

   Error! get_connect12(): connectivity of atom " N   GLU A0298" is not complete:

          get_connect12(): atom  C   of residue i-1 is not found 

   Error! get_connect12(): connectivity of atom " C   PHE A0401" is not complete:

          get_connect12(): atom  N   of residue i+1 is not found 

   Error! get_connect12(): connectivity of atom " N   PHE A0420" is not complete:

          get_connect12(): atom  C   of residue i-1 is not found 

   Error! get_connect12(): connectivity of atom " C   LYS A0531" is not complete:

          get_connect12(): atom  N   of residue i+1 is not found 

   Error! get_connect12(): connectivity of atom " N   ASN A0083" is not complete:

          get_connect12(): atom  C   of residue i-1 is not found 

   Error! get_connect12(): connectivity of atom " C   ASP A0295" is not complete:

          get_connect12(): atom  N   of residue i+1 is not found 

   Error! get_connect12(): connectivity of atom " N   GLU A0298" is not complete:

          get_connect12(): atom  C   of residue i-1 is not found 

   Error! get_connect12(): connectivity of atom " C   PHE A0401" is not complete:

          get_connect12(): atom  N   of residue i+1 is not found 

   Error! get_connect12(): connectivity of atom " N   PHE A0420" is not complete:

          get_connect12(): atom  C   of residue i-1 is not found 

   Error! get_connect12(): connectivity of atom " C   LYS A0531" is not complete:

          get_connect12(): atom  N   of residue i+1 is not found 

   Error! get_connect12(): connectivity of atom " N   ASN A0083" is not complete:

          get_connect12(): atom  C   of residue i-1 is not found 

   Error! get_connect12(): connectivity of atom " C   ASP A0295" is not complete:

          get_connect12(): atom  N   of residue i+1 is not found 

   Error! get_connect12(): connectivity of atom " N   GLU A0298" is not complete:

          get_connect12(): atom  C   of residue i-1 is not found 

   Error! get_connect12(): connectivity of atom " C   PHE A0401" is not complete:

          get_connect12(): atom  N   of residue i+1 is not found 

   Error! get_connect12(): connectivity of atom " N   PHE A0420" is not complete:

          get_connect12(): atom  C   of residue i-1 is not found 

   Error! get_connect12(): connectivity of atom " C   LYS A0531" is not complete:

          get_connect12(): atom  N   of residue i+1 is not found 

   Error! get_connect12(): connectivity of atom " N   ASN A0083" is not complete:

          get_connect12(): atom  C   of residue i-1 is not found 

   Error! get_connect12(): connectivity of atom " C   ASP A0295" is not complete:

          get_connect12(): atom  N   of residue i+1 is not found 

   Error! get_connect12(): connectivity of atom " N   GLU A0298" is not complete:

          get_connect12(): atom  C   of residue i-1 is not found 

   Error! get_connect12(): connectivity of atom " C   PHE A0401" is not complete:

          get_connect12(): atom  N   of residue i+1 is not found 

   Error! get_connect12(): connectivity of atom " N   PHE A0420" is not complete:

          get_connect12(): atom  C   of residue i-1 is not found 

   Error! get_connect12(): connectivity of atom " C   LYS A0531" is not complete:

          get_connect12(): atom  N   of residue i+1 is not found 

   Error! get_connect12(): connectivity of atom " N   ASN A0083" is not complete:

          get_connect12(): atom  C   of residue i-1 is not found 

   Error! get_connect12(): connectivity of atom " N   ASN A0083" is not complete:

          get_connect12(): atom  C   of residue i-1 is not found 

   Error! get_connect12(): connectivity of atom " C   ASP A0295" is not complete:

          get_connect12(): atom  N   of residue i+1 is not found 

   Error! get_connect12(): connectivity of atom " C   ASP A0295" is not complete:

          get_connect12(): atom  N   of residue i+1 is not found 

   Error! get_connect12(): connectivity of atom " N   GLU A0298" is not complete:

          get_connect12(): atom  C   of residue i-1 is not found 

   Error! get_connect12(): connectivity of atom " N   GLU A0298" is not complete:

          get_connect12(): atom  C   of residue i-1 is not found 

   Error! get_connect12(): connectivity of atom " C   PHE A0401" is not complete:

          get_connect12(): atom  N   of residue i+1 is not found 

   Error! get_connect12(): connectivity of atom " C   PHE A0401" is not complete:

          get_connect12(): atom  N   of residue i+1 is not found 

   Error! get_connect12(): connectivity of atom " N   PHE A0420" is not complete:

          get_connect12(): atom  C   of residue i-1 is not found 

   Error! get_connect12(): connectivity of atom " N   PHE A0420" is not complete:

          get_connect12(): atom  C   of residue i-1 is not found 

   Error! get_connect12(): connectivity of atom " C   LYS A0531" is not complete:

          get_connect12(): atom  N   of residue i+1 is not found 

   Error! get_connect12(): connectivity of atom " C   LYS A0531" is not complete:

          get_connect12(): atom  N   of residue i+1 is not found 

   Error! get_connect12(): connectivity of atom " N   ASN A0083" is not complete:

          get_connect12(): atom  C   of residue i-1 is not found 

   Error! get_connect12(): connectivity of atom " C   ASP A0295" is not complete:

          get_connect12(): atom  N   of residue i+1 is not found 

   Error! get_connect12(): connectivity of atom " N   GLU A0298" is not complete:

          get_connect12(): atom  C   of residue i-1 is not found 

   Error! get_connect12(): connectivity of atom " C   PHE A0401" is not complete:

          get_connect12(): atom  N   of residue i+1 is not found 

   Error! get_connect12(): connectivity of atom " N   PHE A0420" is not complete:

          get_connect12(): atom  C   of residue i-1 is not found 

   Error! get_connect12(): connectivity of atom " C   LYS A0531" is not complete:

          get_connect12(): atom  N   of residue i+1 is not found 

   Error! get_connect12(): connectivity of atom " N   ASN A0083" is not complete:

          get_connect12(): atom  C   of residue i-1 is not found 

   Error! get_connect12(): connectivity of atom " C   ASP A0295" is not complete:

          get_connect12(): atom  N   of residue i+1 is not found 

   Error! get_connect12(): connectivity of atom " N   GLU A0298" is not complete:

          get_connect12(): atom  C   of residue i-1 is not found 

   Error! get_connect12(): connectivity of atom " C   PHE A0401" is not complete:

          get_connect12(): atom  N   of residue i+1 is not found 

   Error! get_connect12(): connectivity of atom " N   PHE A0420" is not complete:

          get_connect12(): atom  C   of residue i-1 is not found 

   Error! get_connect12(): connectivity of atom " C   LYS A0531" is not complete:

          get_connect12(): atom  N   of residue i+1 is not found 

   Error! get_connect12(): connectivity of atom " N   ASN A0083" is not complete:

          get_connect12(): atom  C   of residue i-1 is not found 

   Error! get_connect12(): connectivity of atom " C   ASP A0295" is not complete:

          get_connect12(): atom  N   of residue i+1 is not found 

   Error! get_connect12(): connectivity of atom " N   GLU A0298" is not complete:

          get_connect12(): atom  C   of residue i-1 is not found 

   Error! get_connect12(): connectivity of atom " C   PHE A0401" is not complete:

          get_connect12(): atom  N   of residue i+1 is not found 

   Error! get_connect12(): connectivity of atom " N   PHE A0420" is not complete:

          get_connect12(): atom  C   of residue i-1 is not found 

   Error! get_connect12(): connectivity of atom " C   LYS A0531" is not complete:

          get_connect12(): atom  N   of residue i+1 is not found 

   Error! get_connect12(): connectivity of atom " N   ASN A0083" is not complete:

          get_connect12(): atom  C   of residue i-1 is not found 

   Error! get_connect12(): connectivity of atom " C   ASP A0295" is not complete:

          get_connect12(): atom  N   of residue i+1 is not found 

   Error! get_connect12(): connectivity of atom " N   GLU A0298" is not complete:

          get_connect12(): atom  C   of residue i-1 is not found 

   Error! get_connect12(): connectivity of atom " C   PHE A0401" is not complete:

          get_connect12(): atom  N   of residue i+1 is not found 

   Error! get_connect12(): connectivity of atom " N   PHE A0420" is not complete:

          get_connect12(): atom  C   of residue i-1 is not found 

   Error! get_connect12(): connectivity of atom " C   LYS A0531" is not complete:

          get_connect12(): atom  N   of residue i+1 is not found 

   Error! get_connect12(): connectivity of atom " N   ASN A0083" is not complete:

          get_connect12(): atom  C   of residue i-1 is not found 

   Error! get_connect12(): connectivity of atom " C   ASP A0295" is not complete:

          get_connect12(): atom  N   of residue i+1 is not found 

   Error! get_connect12(): connectivity of atom " N   GLU A0298" is not complete:

          get_connect12(): atom  C   of residue i-1 is not found 

   Error! get_connect12(): connectivity of atom " C   PHE A0401" is not complete:

          get_connect12(): atom  N   of residue i+1 is not found 

   Error! get_connect12(): connectivity of atom " N   PHE A0420" is not complete:

          get_connect12(): atom  C   of residue i-1 is not found 

   Error! get_connect12(): connectivity of atom " C   LYS A0531" is not complete:

          get_connect12(): atom  N   of residue i+1 is not found 

   Error! get_connect12(): connectivity of atom " N   ASN A0083" is not complete:

          get_connect12(): atom  C   of residue i-1 is not found 

   Error! get_connect12(): connectivity of atom " N   ASN A0083" is not complete:

          get_connect12(): atom  C   of residue i-1 is not found 

   Error! get_connect12(): connectivity of atom " C   ASP A0295" is not complete:

          get_connect12(): atom  N   of residue i+1 is not found 

   Error! get_connect12(): connectivity of atom " C   ASP A0295" is not complete:

          get_connect12(): atom  N   of residue i+1 is not found 

   Error! get_connect12(): connectivity of atom " N   GLU A0298" is not complete:

          get_connect12(): atom  C   of residue i-1 is not found 

   Error! get_connect12(): connectivity of atom " N   GLU A0298" is not complete:

          get_connect12(): atom  C   of residue i-1 is not found 

   Error! get_connect12(): connectivity of atom " C   PHE A0401" is not complete:

          get_connect12(): atom  N   of residue i+1 is not found 

   Error! get_connect12(): connectivity of atom " C   PHE A0401" is not complete:

          get_connect12(): atom  N   of residue i+1 is not found 

   Error! get_connect12(): connectivity of atom " N   PHE A0420" is not complete:

          get_connect12(): atom  C   of residue i-1 is not found 

   Error! get_connect12(): connectivity of atom " N   PHE A0420" is not complete:

          get_connect12(): atom  C   of residue i-1 is not found 

   Error! get_connect12(): connectivity of atom " C   LYS A0531" is not complete:

          get_connect12(): atom  N   of residue i+1 is not found 

   Error! get_connect12(): connectivity of atom " C   LYS A0531" is not complete:

          get_connect12(): atom  N   of residue i+1 is not found 

TORSION  NIL+2  H58  C58  C55  C56  f        0.0         3      0.00
TORSION  NIL+2  H27  C27  C22  C23  f        0.0         3      0.00
TORSION  NIL+1  H58  C58  C55  C56  f        0.0         3      0.00
TORSION  NIL+1  H27  C27  C22  C23  f        0.0         3      0.00
   Error! get_connect12(): connectivity of atom " N   ASN A0083" is not complete:

          get_connect12(): atom  C   of residue i-1 is not found 

   Error! get_connect12(): connectivity of atom " C   ASP A0295" is not complete:

          get_connect12(): atom  N   of residue i+1 is not found 

   Error! get_connect12(): connectivity of atom " N   GLU A0298" is not complete:

          get_connect12(): atom  C   of residue i-1 is not found 

   Error! get_connect12(): connectivity of atom " C   PHE A0401" is not complete:

          get_connect12(): atom  N   of residue i+1 is not found 

   Error! get_connect12(): connectivity of atom " N   PHE A0420" is not complete:

          get_connect12(): atom  C   of residue i-1 is not found 

   Error! get_connect12(): connectivity of atom " C   LYS A0531" is not complete:

          get_connect12(): atom  N   of residue i+1 is not found 

   Error! get_connect12(): connectivity of atom " N   ASN A0083" is not complete:

          get_connect12(): atom  C   of residue i-1 is not found 

   Error! get_connect12(): connectivity of atom " C   ASP A0295" is not complete:

          get_connect12(): atom  N   of residue i+1 is not found 

   Error! get_connect12(): connectivity of atom " N   GLU A0298" is not complete:

          get_connect12(): atom  C   of residue i-1 is not found 

   Error! get_connect12(): connectivity of atom " C   PHE A0401" is not complete:

          get_connect12(): atom  N   of residue i+1 is not found 

   Error! get_connect12(): connectivity of atom " N   PHE A0420" is not complete:

          get_connect12(): atom  C   of residue i-1 is not found 

   Error! get_connect12(): connectivity of atom " C   LYS A0531" is not complete:

          get_connect12(): atom  N   of residue i+1 is not found 

RADIUS   NIL    H64   1.70
RADIUS   NIL    H62   1.70
VDW_RAD  NIL+2  O17   1.66
VDW_EPS  NIL+2  O17   0.21
VDW_RAD  NIL+2  C16   1.91
VDW_EPS  NIL+2  C16   0.11
VDW_RAD  NIL+2  N14   1.82
VDW_EPS  NIL+2  N14   0.17
VDW_RAD  NIL+2  C11   1.91
VDW_EPS  NIL+2  C11   0.11
VDW_RAD  NIL+2  C9    1.91
VDW_EPS  NIL+2  C9    0.11
VDW_RAD  NIL+2  C8    1.91
VDW_EPS  NIL+2  C8    0.11
VDW_RAD  NIL+2  N51   1.82
VDW_EPS  NIL+2  N51   0.17
VDW_RAD  NIL+2  C56   1.91
VDW_EPS  NIL+2  C56   0.11
VDW_RAD  NIL+2  C55   1.91
VDW_EPS  NIL+2  C55   0.11
VDW_RAD  NIL+2  C58   1.91
VDW_EPS  NIL+2  C58   0.11
VDW_RAD  NIL+2  N54   1.82
VDW_EPS  NIL+2  N54   0.17
VDW_RAD  NIL+2  C52   1.91
VDW_EPS  NIL+2  C52   0.11
VDW_RAD  NIL+2  C6    1.91
VDW_EPS  NIL+2  C6    0.11
VDW_RAD  NIL+2  C12   1.91
VDW_EPS  NIL+2  C12   0.11
VDW_RAD  NIL+2  C5    1.91
VDW_EPS  NIL+2  C5    0.11
VDW_RAD  NIL+2  C2    1.91
VDW_EPS  NIL+2  C2    0.11
VDW_RAD  NIL+2  F4    1.91
VDW_EPS  NIL+2  F4    0.11
VDW_RAD  NIL+2  F3    1.91
VDW_EPS  NIL+2  F3    0.11
VDW_RAD  NIL+2  F1    1.91
VDW_EPS  NIL+2  F1    0.11
VDW_RAD  NIL+2  C18   1.91
VDW_EPS  NIL+2  C18   0.11
VDW_RAD  NIL+2  C25   1.91
VDW_EPS  NIL+2  C25   0.11
VDW_RAD  NIL+2  C23   1.91
VDW_EPS  NIL+2  C23   0.11
VDW_RAD  NIL+2  C22   1.91
VDW_EPS  NIL+2  C22   0.11
VDW_RAD  NIL+2  C27   1.91
VDW_EPS  NIL+2  C27   0.11
VDW_RAD  NIL+2  C21   1.91
VDW_EPS  NIL+2  C21   0.11
VDW_RAD  NIL+2  C19   1.91
VDW_EPS  NIL+2  C19   0.11
VDW_RAD  NIL+2  N31   1.82
VDW_EPS  NIL+2  N31   0.17
VDW_RAD  NIL+2  C33   1.91
VDW_EPS  NIL+2  C33   0.11
VDW_RAD  NIL+2  N40   1.82
VDW_EPS  NIL+2  N40   0.17
VDW_RAD  NIL+2  C38   1.91
VDW_EPS  NIL+2  C38   0.11
VDW_RAD  NIL+2  C36   1.91
VDW_EPS  NIL+2  C36   0.11
VDW_RAD  NIL+2  C35   1.91
VDW_EPS  NIL+2  C35   0.11
VDW_RAD  NIL+2  N34   1.82
VDW_EPS  NIL+2  N34   0.17
VDW_RAD  NIL+2  C41   1.91
VDW_EPS  NIL+2  C41   0.11
VDW_RAD  NIL+2  C49   1.91
VDW_EPS  NIL+2  C49   0.11
VDW_RAD  NIL+2  C47   1.91
VDW_EPS  NIL+2  C47   0.11
VDW_RAD  NIL+2  C45   1.91
VDW_EPS  NIL+2  C45   0.11
VDW_RAD  NIL+2  N44   1.82
VDW_EPS  NIL+2  N44   0.17
VDW_RAD  NIL+2  C42   1.91
VDW_EPS  NIL+2  C42   0.11
VDW_RAD  NIL+2 HN14   1.49
VDW_EPS  NIL+2 HN14   0.02
VDW_RAD  NIL+2  H9    1.49
VDW_EPS  NIL+2  H9    0.02
VDW_RAD  NIL+2  H56   1.49
VDW_EPS  NIL+2  H56   0.02
VDW_RAD  NIL+2  H58   1.49
VDW_EPS  NIL+2  H58   0.02
VDW_RAD  NIL+2 H58A   1.49
VDW_EPS  NIL+2 H58A   0.02
VDW_RAD  NIL+2 H58B   1.49
VDW_EPS  NIL+2 H58B   0.02
VDW_RAD  NIL+2  H52   1.49
VDW_EPS  NIL+2  H52   0.02
VDW_RAD  NIL+2  H6    1.49
VDW_EPS  NIL+2  H6    0.02
VDW_RAD  NIL+2  H12   1.49
VDW_EPS  NIL+2  H12   0.02
VDW_RAD  NIL+2  H25   1.49
VDW_EPS  NIL+2  H25   0.02
VDW_RAD  NIL+2  H23   1.49
VDW_EPS  NIL+2  H23   0.02
VDW_RAD  NIL+2  H27   1.49
VDW_EPS  NIL+2  H27   0.02
VDW_RAD  NIL+2 H27A   1.49
VDW_EPS  NIL+2 H27A   0.02
VDW_RAD  NIL+2 H27B   1.49
VDW_EPS  NIL+2 H27B   0.02
VDW_RAD  NIL+2  H19   1.49
VDW_EPS  NIL+2  H19   0.02
VDW_RAD  NIL+2 HN31   1.49
VDW_EPS  NIL+2 HN31   0.02
VDW_RAD  NIL+2  H38   1.49
VDW_EPS  NIL+2  H38   0.02
VDW_RAD  NIL+2  H36   1.49
VDW_EPS  NIL+2  H36   0.02
VDW_RAD  NIL+2  H49   1.49
VDW_EPS  NIL+2  H49   0.02
VDW_RAD  NIL+2  H47   1.49
VDW_EPS  NIL+2  H47   0.02
VDW_RAD  NIL+2  H45   1.49
VDW_EPS  NIL+2  H45   0.02
VDW_RAD  NIL+2  H42   1.49
VDW_EPS  NIL+2  H42   0.02
VDW_RAD  NIL+2  H64   1.49
VDW_EPS  NIL+2  H64   0.02
VDW_RAD  NIL+1  O17   1.66
VDW_EPS  NIL+1  O17   0.21
VDW_RAD  NIL+1  C16   1.91
VDW_EPS  NIL+1  C16   0.11
VDW_RAD  NIL+1  N14   1.82
VDW_EPS  NIL+1  N14   0.17
VDW_RAD  NIL+1  C11   1.91
VDW_EPS  NIL+1  C11   0.11
VDW_RAD  NIL+1  C9    1.91
VDW_EPS  NIL+1  C9    0.11
VDW_RAD  NIL+1  C8    1.91
VDW_EPS  NIL+1  C8    0.11
VDW_RAD  NIL+1  N51   1.82
VDW_EPS  NIL+1  N51   0.17
VDW_RAD  NIL+1  C56   1.91
VDW_EPS  NIL+1  C56   0.11
VDW_RAD  NIL+1  C55   1.91
VDW_EPS  NIL+1  C55   0.11
VDW_RAD  NIL+1  C58   1.91
VDW_EPS  NIL+1  C58   0.11
VDW_RAD  NIL+1  N54   1.82
VDW_EPS  NIL+1  N54   0.17
VDW_RAD  NIL+1  C52   1.91
VDW_EPS  NIL+1  C52   0.11
VDW_RAD  NIL+1  C6    1.91
VDW_EPS  NIL+1  C6    0.11
VDW_RAD  NIL+1  C12   1.91
VDW_EPS  NIL+1  C12   0.11
VDW_RAD  NIL+1  C5    1.91
VDW_EPS  NIL+1  C5    0.11
VDW_RAD  NIL+1  C2    1.91
VDW_EPS  NIL+1  C2    0.11
VDW_RAD  NIL+1  F4    1.91
VDW_EPS  NIL+1  F4    0.11
VDW_RAD  NIL+1  F3    1.91
VDW_EPS  NIL+1  F3    0.11
VDW_RAD  NIL+1  F1    1.91
VDW_EPS  NIL+1  F1    0.11
VDW_RAD  NIL+1  C18   1.91
VDW_EPS  NIL+1  C18   0.11
VDW_RAD  NIL+1  C25   1.91
VDW_EPS  NIL+1  C25   0.11
VDW_RAD  NIL+1  C23   1.91
VDW_EPS  NIL+1  C23   0.11
VDW_RAD  NIL+1  C22   1.91
VDW_EPS  NIL+1  C22   0.11
VDW_RAD  NIL+1  C27   1.91
VDW_EPS  NIL+1  C27   0.11
VDW_RAD  NIL+1  C21   1.91
VDW_EPS  NIL+1  C21   0.11
VDW_RAD  NIL+1  C19   1.91
VDW_EPS  NIL+1  C19   0.11
VDW_RAD  NIL+1  N31   1.82
VDW_EPS  NIL+1  N31   0.17
VDW_RAD  NIL+1  C33   1.91
VDW_EPS  NIL+1  C33   0.11
VDW_RAD  NIL+1  N40   1.82
VDW_EPS  NIL+1  N40   0.17
VDW_RAD  NIL+1  C38   1.91
VDW_EPS  NIL+1  C38   0.11
VDW_RAD  NIL+1  C36   1.91
VDW_EPS  NIL+1  C36   0.11
VDW_RAD  NIL+1  C35   1.91
VDW_EPS  NIL+1  C35   0.11
VDW_RAD  NIL+1  N34   1.82
VDW_EPS  NIL+1  N34   0.17
VDW_RAD  NIL+1  C41   1.91
VDW_EPS  NIL+1  C41   0.11
VDW_RAD  NIL+1  C49   1.91
VDW_EPS  NIL+1  C49   0.11
VDW_RAD  NIL+1  C47   1.91
VDW_EPS  NIL+1  C47   0.11
VDW_RAD  NIL+1  C45   1.91
VDW_EPS  NIL+1  C45   0.11
VDW_RAD  NIL+1  N44   1.82
VDW_EPS  NIL+1  N44   0.17
VDW_RAD  NIL+1  C42   1.91
VDW_EPS  NIL+1  C42   0.11
VDW_RAD  NIL+1 HN14   1.49
VDW_EPS  NIL+1 HN14   0.02
VDW_RAD  NIL+1  H9    1.49
VDW_EPS  NIL+1  H9    0.02
VDW_RAD  NIL+1  H56   1.49
VDW_EPS  NIL+1  H56   0.02
VDW_RAD  NIL+1  H58   1.49
VDW_EPS  NIL+1  H58   0.02
VDW_RAD  NIL+1 H58A   1.49
VDW_EPS  NIL+1 H58A   0.02
VDW_RAD  NIL+1 H58B   1.49
VDW_EPS  NIL+1 H58B   0.02
VDW_RAD  NIL+1  H52   1.49
VDW_EPS  NIL+1  H52   0.02
VDW_RAD  NIL+1  H6    1.49
VDW_EPS  NIL+1  H6    0.02
VDW_RAD  NIL+1  H12   1.49
VDW_EPS  NIL+1  H12   0.02
VDW_RAD  NIL+1  H25   1.49
VDW_EPS  NIL+1  H25   0.02
VDW_RAD  NIL+1  H23   1.49
VDW_EPS  NIL+1  H23   0.02
VDW_RAD  NIL+1  H27   1.49
VDW_EPS  NIL+1  H27   0.02
VDW_RAD  NIL+1 H27A   1.49
VDW_EPS  NIL+1 H27A   0.02
VDW_RAD  NIL+1 H27B   1.49
VDW_EPS  NIL+1 H27B   0.02
VDW_RAD  NIL+1  H19   1.49
VDW_EPS  NIL+1  H19   0.02
VDW_RAD  NIL+1 HN31   1.49
VDW_EPS  NIL+1 HN31   0.02
VDW_RAD  NIL+1  H38   1.49
VDW_EPS  NIL+1  H38   0.02
VDW_RAD  NIL+1  H36   1.49
VDW_EPS  NIL+1  H36   0.02
VDW_RAD  NIL+1  H49   1.49
VDW_EPS  NIL+1  H49   0.02
VDW_RAD  NIL+1  H47   1.49
VDW_EPS  NIL+1  H47   0.02
VDW_RAD  NIL+1  H45   1.49
VDW_EPS  NIL+1  H45   0.02
VDW_RAD  NIL+1  H42   1.49
VDW_EPS  NIL+1  H42   0.02
VDW_RAD  NIL+1  H62   1.49
VDW_EPS  NIL+1  H62   0.02
CHARGE   TYR-1  HB2     0.000
CHARGE   TYR-1  HB3     0.000
CHARGE   ASP-1  CB      0.000
CHARGE   ASP-1  HB2     0.000
CHARGE   ASP-1  HB3     0.000
CHARGE   ASP02  CB      0.000
CHARGE   ASP02  HB2     0.000
CHARGE   ASP02  HB3     0.000
CHARGE   LYS+1  CB      0.000
CHARGE   LYS+1  HB2     0.000
CHARGE   LYS+1  HB3     0.000
CHARGE   LYS+1  CG      0.000
CHARGE   LYS+1  HG2     0.000
CHARGE   LYS+1  HG3     0.000
CHARGE   LYS+1  CD      0.000
CHARGE   LYS+1  HD2     0.000
CHARGE   LYS+1  HD3     0.000
CHARGE   LYS+1  HE2     0.000
CHARGE   LYS+1  HE3     0.000
CHARGE   GLU-1  CB      0.000
CHARGE   GLU-1  HB2     0.000
CHARGE   GLU-1  HB3     0.000
CHARGE   GLU-1  CG      0.000
CHARGE   GLU-1  HG2     0.000
CHARGE   GLU-1  HG3     0.000
CHARGE   GLU02  CB      0.000
CHARGE   GLU02  HB2     0.000
CHARGE   GLU02  HB3     0.000
CHARGE   GLU02  CG      0.000
CHARGE   GLU02  HG2     0.000
CHARGE   GLU02  HG3     0.000
CHARGE   ARG+1  CB      0.000
CHARGE   ARG+1  HB2     0.000
CHARGE   ARG+1  HB3     0.000
CHARGE   ARG+1  CG      0.000
CHARGE   ARG+1  HG2     0.000
CHARGE   ARG+1  HG3     0.000
CHARGE   ARG+1  HD2     0.000
CHARGE   ARG+1  HD3     0.000
CHARGE   ARG03  CB      0.000
CHARGE   ARG03  HB2     0.000
CHARGE   ARG03  HB3     0.000
CHARGE   ARG03  CG      0.000
CHARGE   ARG03  HG2     0.000
CHARGE   ARG03  HG3     0.000
CHARGE   ARG03  HD2     0.000
CHARGE   ARG03  HD3     0.000
CHARGE   ARG02  CB      0.000
CHARGE   ARG02  HB2     0.000
CHARGE   ARG02  HB3     0.000
CHARGE   ARG02  CG      0.000
CHARGE   ARG02  HG2     0.000
CHARGE   ARG02  HG3     0.000
CHARGE   ARG02  HD2     0.000
CHARGE   ARG02  HD3     0.000
CHARGE   HIS+1  HB2     0.000
CHARGE   HIS+1  HB3     0.000
CHARGE   HIS02  HB2     0.000
CHARGE   HIS02  HB3     0.000
CHARGE   CYS-1  HB2     0.000
CHARGE   CYS-1  HB3     0.000
   Error! get_connect12(): connectivity of atom " N   ASN A0083" is not complete:

          get_connect12(): atom  C   of residue i-1 is not found 

   Error! get_connect12(): connectivity of atom " C   ASP A0295" is not complete:

          get_connect12(): atom  N   of residue i+1 is not found 

   Error! get_connect12(): connectivity of atom " N   GLU A0298" is not complete:

          get_connect12(): atom  C   of residue i-1 is not found 

   Error! get_connect12(): connectivity of atom " C   PHE A0401" is not complete:

          get_connect12(): atom  N   of residue i+1 is not found 

   Error! get_connect12(): connectivity of atom " N   PHE A0420" is not complete:

          get_connect12(): atom  C   of residue i-1 is not found 

   Error! get_connect12(): connectivity of atom " C   LYS A0531" is not complete:

          get_connect12(): atom  N   of residue i+1 is not found 

   Error! get_connect12(): connectivity of atom " N   ASN A0083" is not complete:

          get_connect12(): atom  C   of residue i-1 is not found 

   Error! get_connect12(): connectivity of atom " C   ASP A0295" is not complete:

          get_connect12(): atom  N   of residue i+1 is not found 

   Error! get_connect12(): connectivity of atom " N   GLU A0298" is not complete:

          get_connect12(): atom  C   of residue i-1 is not found 

   Error! get_connect12(): connectivity of atom " C   PHE A0401" is not complete:

          get_connect12(): atom  N   of residue i+1 is not found 

   Error! get_connect12(): connectivity of atom " N   PHE A0420" is not complete:

          get_connect12(): atom  C   of residue i-1 is not found 

   Error! get_connect12(): connectivity of atom " C   LYS A0531" is not complete:

          get_connect12(): atom  N   of residue i+1 is not found 

   Error! get_connect12(): connectivity of atom " N   ASN A0083" is not complete:

          get_connect12(): atom  C   of residue i-1 is not found 

   Error! get_connect12(): connectivity of atom " C   ASP A0295" is not complete:

          get_connect12(): atom  N   of residue i+1 is not found 

   Error! get_connect12(): connectivity of atom " N   GLU A0298" is not complete:

          get_connect12(): atom  C   of residue i-1 is not found 

   Error! get_connect12(): connectivity of atom " C   PHE A0401" is not complete:

          get_connect12(): atom  N   of residue i+1 is not found 

   Error! get_connect12(): connectivity of atom " N   PHE A0420" is not complete:

          get_connect12(): atom  C   of residue i-1 is not found 

   Error! get_connect12(): connectivity of atom " C   LYS A0531" is not complete:

          get_connect12(): atom  N   of residue i+1 is not found 

   Error! get_connect12(): connectivity of atom " N   ASN A0083" is not complete:

          get_connect12(): atom  C   of residue i-1 is not found 

   Error! get_connect12(): connectivity of atom " C   ASP A0295" is not complete:

          get_connect12(): atom  N   of residue i+1 is not found 

   Error! get_connect12(): connectivity of atom " N   GLU A0298" is not complete:

          get_connect12(): atom  C   of residue i-1 is not found 

   Error! get_connect12(): connectivity of atom " C   PHE A0401" is not complete:

          get_connect12(): atom  N   of residue i+1 is not found 

   Error! get_connect12(): connectivity of atom " N   PHE A0420" is not complete:

          get_connect12(): atom  C   of residue i-1 is not found 

   Error! get_connect12(): connectivity of atom " C   LYS A0531" is not complete:

          get_connect12(): atom  N   of residue i+1 is not found 

 Residue SER A 173 always clash with Residue GLN A 179
 Residue SER A 248 always clash with Residue LYS A 253
 Residue TYR A 283 always clash with Residue LYS A 282
 Residue GLU A 353 always clash with Residue GLN A 352
 Residue GLU A 428 always clash with Residue LYS A 434
   Error! get_connect12(): connectivity of atom " N   ASN A0083" is not complete:

          get_connect12(): atom  C   of residue i-1 is not found 

   Error! get_connect12(): connectivity of atom " C   ASP A0295" is not complete:

          get_connect12(): atom  N   of residue i+1 is not found 

   Error! get_connect12(): connectivity of atom " N   GLU A0298" is not complete:

          get_connect12(): atom  C   of residue i-1 is not found 

   Error! get_connect12(): connectivity of atom " C   PHE A0401" is not complete:

          get_connect12(): atom  N   of residue i+1 is not found 

   Error! get_connect12(): connectivity of atom " N   PHE A0420" is not complete:

          get_connect12(): atom  C   of residue i-1 is not found 

   Error! get_connect12(): connectivity of atom " C   LYS A0531" is not complete:

          get_connect12(): atom  N   of residue i+1 is not found 

   Error! get_connect12(): connectivity of atom " N   ASN A0083" is not complete:

          get_connect12(): atom  C   of residue i-1 is not found 

   Error! get_connect12(): connectivity of atom " C   ASP A0295" is not complete:

          get_connect12(): atom  N   of residue i+1 is not found 

   Error! get_connect12(): connectivity of atom " N   GLU A0298" is not complete:

          get_connect12(): atom  C   of residue i-1 is not found 

   Error! get_connect12(): connectivity of atom " C   PHE A0401" is not complete:

          get_connect12(): atom  N   of residue i+1 is not found 

   Error! get_connect12(): connectivity of atom " N   PHE A0420" is not complete:

          get_connect12(): atom  C   of residue i-1 is not found 

   Error! get_connect12(): connectivity of atom " C   LYS A0531" is not complete:

          get_connect12(): atom  N   of residue i+1 is not found 

   Error! get_connect12(): connectivity of atom " N   ASN A0083" is not complete:

          get_connect12(): atom  C   of residue i-1 is not found 

   Error! get_connect12(): connectivity of atom " C   ASP A0295" is not complete:

          get_connect12(): atom  N   of residue i+1 is not found 

   Error! get_connect12(): connectivity of atom " N   GLU A0298" is not complete:

          get_connect12(): atom  C   of residue i-1 is not found 

   Error! get_connect12(): connectivity of atom " C   PHE A0401" is not complete:

          get_connect12(): atom  N   of residue i+1 is not found 

   Error! get_connect12(): connectivity of atom " N   PHE A0420" is not complete:

          get_connect12(): atom  C   of residue i-1 is not found 

   Error! get_connect12(): connectivity of atom " C   LYS A0531" is not complete:

          get_connect12(): atom  N   of residue i+1 is not found 

   Error! get_connect12(): connectivity of atom " N   ASN A0083" is not complete:

          get_connect12(): atom  C   of residue i-1 is not found 

   Error! get_connect12(): connectivity of atom " C   ASP A0295" is not complete:

          get_connect12(): atom  N   of residue i+1 is not found 

   Error! get_connect12(): connectivity of atom " N   GLU A0298" is not complete:

          get_connect12(): atom  C   of residue i-1 is not found 

   Error! get_connect12(): connectivity of atom " C   PHE A0401" is not complete:

          get_connect12(): atom  N   of residue i+1 is not found 

   Error! get_connect12(): connectivity of atom " N   PHE A0420" is not complete:

          get_connect12(): atom  C   of residue i-1 is not found 

   Error! get_connect12(): connectivity of atom " C   LYS A0531" is not complete:

          get_connect12(): atom  N   of residue i+1 is not found 

   Error! get_connect12(): connectivity of atom " N   ASN A0083" is not complete:

          get_connect12(): atom  C   of residue i-1 is not found 

   Error! get_connect12(): connectivity of atom " C   ASP A0295" is not complete:

          get_connect12(): atom  N   of residue i+1 is not found 

   Error! get_connect12(): connectivity of atom " N   GLU A0298" is not complete:

          get_connect12(): atom  C   of residue i-1 is not found 

   Error! get_connect12(): connectivity of atom " C   PHE A0401" is not complete:

          get_connect12(): atom  N   of residue i+1 is not found 

   Error! get_connect12(): connectivity of atom " N   PHE A0420" is not complete:

          get_connect12(): atom  C   of residue i-1 is not found 

   Error! get_connect12(): connectivity of atom " C   LYS A0531" is not complete:

          get_connect12(): atom  N   of residue i+1 is not found 

   Error! get_connect12(): connectivity of atom " N   ASN A0083" is not complete:

          get_connect12(): atom  C   of residue i-1 is not found 

   Error! get_connect12(): connectivity of atom " C   ASP A0295" is not complete:

          get_connect12(): atom  N   of residue i+1 is not found 

   Error! get_connect12(): connectivity of atom " N   GLU A0298" is not complete:

          get_connect12(): atom  C   of residue i-1 is not found 

   Error! get_connect12(): connectivity of atom " C   PHE A0401" is not complete:

          get_connect12(): atom  N   of residue i+1 is not found 

   Error! get_connect12(): connectivity of atom " N   PHE A0420" is not complete:

          get_connect12(): atom  C   of residue i-1 is not found 

   Error! get_connect12(): connectivity of atom " C   LYS A0531" is not complete:

          get_connect12(): atom  N   of residue i+1 is not found 

