2025-07-16 18:25:22 - INFO: pdbio_gr, <module>: Step 3. Energies calculation with PBE solver.
2025-07-16 18:25:22 - INFO: pdbio_gr, <module>: Calling new VDW....No Scaling Applied
2025-07-16 18:25:22 - INFO: pdbio_gr, <module>:    Process run time options & convert step2_out.pdb.
2025-07-16 18:25:22 - INFO: pdbio_gr, load_ftpl: Reading parameters from /home/granepura/MCCE4/param
2025-07-16 18:25:22 - INFO: pdbio_gr, load_ftpl: Updating vdw parameters from /data/home/granepura/MCCE4/param/00always_needed.tpl
2025-07-16 18:25:22 - INFO: pdbio_gr, load_ftpl: Loading TORSION parameters from /data/home/granepura/MCCE4/param/00always_needed.tpl
2025-07-16 18:25:22 - INFO: pdbio_gr, <module>:    Prepare input for PB solver.
2025-07-16 18:25:22 - INFO: pdbio_gr, <module>:    Time needed: 0 seconds.
2025-07-16 18:25:22 - INFO: pdbio_gr, <module>:    Time needed: 0 seconds.
2025-07-16 18:25:22 - INFO: pdbio_gr, <module>:    Set up parallel envrionment and run PB solver.
2025-07-16 18:25:22 - INFO: pdbio_gr, <module>:    Running PBE solver in 1 threads
2025-07-16 18:25:22 - INFO: pdbio_gr, <module>:    Time needed: 0 seconds.
2025-07-16 18:25:22 - INFO: pdbio_gr, <module>:    Post-processing of electrostatic potential.
2025-07-16 18:25:22 - INFO: pdbio_gr, <module>:    Processing ele pairwise interaction...
2025-07-16 18:25:22 - INFO: pdbio_gr, <module>:    Time needed: 0 seconds.
2025-07-16 18:25:22 - INFO: pdbio_gr, <module>:    Making atom connectivity ...
2025-07-16 18:25:22 - INFO: pdbio_gr, <module>:    Time needed: 0 seconds.
2025-07-16 18:25:22 - INFO: pdbio_gr, <module>:    Calculating vdw ...
2025-07-16 18:25:22 - INFO: pdbio_gr, <module>:    Time needed: 0 seconds.
2025-07-16 18:25:22 - INFO: pdbio_gr, <module>:    Calculating torsion energy ...
2025-07-16 18:25:22 - INFO: pdbio_gr, <module>:    Time needed: 0 seconds.
2025-07-16 18:25:22 - INFO: pdbio_gr, <module>:    Composing head3.lst ...
2025-07-16 18:25:22 - INFO: pdbio_gr, <module>:    Time needed: 0 seconds.
2025-07-16 18:25:22 - INFO: pdbio_gr, <module>:    Composing opp files ...
2025-07-16 18:25:22 - INFO: pdbio_gr, <module>:    Time needed: 0 seconds.
2025-07-16 18:25:22 - INFO: pdbio_gr, <module>:    Total time for step3 is 0 seconds.
2025-07-17 16:04:11 - INFO: pdbio_gr, <module>: Step 3. Energies calculation with PBE solver.
2025-07-17 16:04:11 - INFO: pdbio_gr, <module>: Calling new VDW....No Scaling Applied
2025-07-17 16:04:11 - INFO: pdbio_gr, <module>:    Process run time options & convert step2_out.pdb.
2025-07-17 16:04:11 - INFO: pdbio_gr, load_ftpl: Reading parameters from /home/granepura/MCCE4/param
2025-07-17 16:04:11 - INFO: pdbio_gr, load_ftpl: Updating vdw parameters from /data/home/granepura/MCCE4/param/00always_needed.tpl
2025-07-17 16:04:11 - INFO: pdbio_gr, load_ftpl: Loading TORSION parameters from /data/home/granepura/MCCE4/param/00always_needed.tpl
2025-07-17 16:04:11 - INFO: pdbio_gr, <module>:    Prepare input for PB solver.
2025-07-17 16:04:11 - INFO: pdbio_gr, <module>:    Time needed: 0 seconds.
2025-07-17 16:04:11 - INFO: pdbio_gr, <module>:    Time needed: 0 seconds.
2025-07-17 16:04:11 - INFO: pdbio_gr, <module>:    Set up parallel envrionment and run PB solver.
2025-07-17 16:04:11 - INFO: pdbio_gr, <module>:    Running PBE solver in 1 threads
2025-07-17 16:04:11 - INFO: pdbio_gr, <module>:    Time needed: 0 seconds.
2025-07-17 16:04:11 - INFO: pdbio_gr, <module>:    Post-processing of electrostatic potential.
2025-07-17 16:04:11 - INFO: pdbio_gr, <module>:    Processing ele pairwise interaction...
2025-07-17 16:04:11 - INFO: pdbio_gr, <module>:    Time needed: 0 seconds.
2025-07-17 16:04:11 - INFO: pdbio_gr, <module>:    Making atom connectivity ...
2025-07-17 16:04:11 - INFO: pdbio_gr, <module>:    Time needed: 0 seconds.
2025-07-17 16:04:11 - INFO: pdbio_gr, <module>:    Calculating vdw ...
2025-07-17 16:04:11 - INFO: pdbio_gr, <module>:    Time needed: 0 seconds.
2025-07-17 16:04:11 - INFO: pdbio_gr, <module>:    Calculating torsion energy ...
2025-07-17 16:04:11 - INFO: pdbio_gr, <module>:    Time needed: 0 seconds.
2025-07-17 16:04:11 - INFO: pdbio_gr, <module>:    Composing head3.lst ...
2025-07-17 16:04:11 - INFO: pdbio_gr, <module>:    Time needed: 0 seconds.
2025-07-17 16:04:11 - INFO: pdbio_gr, <module>:    Composing opp files ...
2025-07-17 16:04:11 - INFO: pdbio_gr, <module>:    Time needed: 0 seconds.
2025-07-17 16:04:11 - INFO: pdbio_gr, <module>:    Total time for step3 is 0 seconds.
2025-07-18 19:13:27 - INFO: pdbio_gr, <module>: Step 3. Energies calculation with PBE solver.
2025-07-18 19:13:27 - INFO: pdbio_gr, <module>: Calling new VDW....No Scaling Applied
2025-07-18 19:13:27 - INFO: pdbio_gr, <module>:    Process run time options & convert step2_out.pdb.
2025-07-18 19:13:27 - INFO: pdbio_gr, load_ftpl: Reading parameters from /home/granepura/MCCE4/param
2025-07-18 19:13:27 - INFO: pdbio_gr, load_ftpl: Updating vdw parameters from /data/home/granepura/MCCE4/param/00always_needed.tpl
2025-07-18 19:13:27 - INFO: pdbio_gr, load_ftpl: Loading TORSION parameters from /data/home/granepura/MCCE4/param/00always_needed.tpl
2025-07-18 19:13:27 - INFO: pdbio_gr, <module>:    Prepare input for PB solver.
2025-07-18 19:13:27 - INFO: pdbio_gr, <module>:    Time needed: 0 seconds.
2025-07-18 19:13:28 - INFO: pdbio_gr, <module>:    Time needed: 1 seconds.
2025-07-18 19:13:28 - INFO: pdbio_gr, <module>:    Set up parallel envrionment and run PB solver.
2025-07-18 19:13:28 - INFO: pdbio_gr, <module>:    Running PBE solver in 1 threads
2025-07-18 19:13:28 - INFO: pdbio_gr, <module>:    Time needed: 0 seconds.
2025-07-18 19:13:28 - INFO: pdbio_gr, <module>:    Post-processing of electrostatic potential.
2025-07-18 19:13:28 - INFO: pdbio_gr, <module>:    Processing ele pairwise interaction...
2025-07-18 19:13:28 - INFO: pdbio_gr, <module>:    Time needed: 0 seconds.
2025-07-18 19:13:28 - INFO: pdbio_gr, <module>:    Making atom connectivity ...
2025-07-18 19:13:28 - INFO: pdbio_gr, <module>:    Time needed: 0 seconds.
2025-07-18 19:13:28 - INFO: pdbio_gr, <module>:    Calculating vdw ...
2025-07-18 19:13:28 - INFO: pdbio_gr, <module>:    Time needed: 0 seconds.
2025-07-18 19:13:28 - INFO: pdbio_gr, <module>:    Calculating torsion energy ...
2025-07-18 19:13:28 - INFO: pdbio_gr, <module>:    Time needed: 0 seconds.
2025-07-18 19:13:28 - INFO: pdbio_gr, <module>:    Composing head3.lst ...
2025-07-18 19:13:28 - INFO: pdbio_gr, <module>:    Time needed: 0 seconds.
2025-07-18 19:13:28 - INFO: pdbio_gr, <module>:    Composing opp files ...
2025-07-18 19:13:28 - INFO: pdbio_gr, <module>:    Time needed: 0 seconds.
2025-07-18 19:13:28 - INFO: pdbio_gr, <module>:    Total time for step3 is 1 seconds.
2025-07-18 19:26:19 - INFO: pdbio_gr, <module>: Step 3. Energies calculation with PBE solver.
2025-07-18 19:26:19 - INFO: pdbio_gr, <module>: Calling new VDW....No Scaling Applied
2025-07-18 19:26:19 - INFO: pdbio_gr, <module>:    Process run time options & convert step2_out.pdb.
2025-07-18 19:26:19 - INFO: pdbio_gr, load_ftpl: Reading parameters from /home/granepura/MCCE4/param
2025-07-18 19:26:19 - INFO: pdbio_gr, load_ftpl: Updating vdw parameters from /data/home/granepura/MCCE4/param/00always_needed.tpl
2025-07-18 19:26:19 - INFO: pdbio_gr, load_ftpl: Loading TORSION parameters from /data/home/granepura/MCCE4/param/00always_needed.tpl
2025-07-18 19:26:19 - INFO: pdbio_gr, <module>:    Prepare input for PB solver.
2025-07-18 19:26:19 - INFO: pdbio_gr, <module>:    Time needed: 0 seconds.
2025-07-18 19:26:20 - INFO: pdbio_gr, <module>:    Time needed: 1 seconds.
2025-07-18 19:26:20 - INFO: pdbio_gr, <module>:    Set up parallel envrionment and run PB solver.
2025-07-18 19:26:20 - INFO: pdbio_gr, <module>:    Running PBE solver in 1 threads
2025-07-18 19:26:20 - INFO: pdbio_gr, <module>:    Time needed: 0 seconds.
2025-07-18 19:26:20 - INFO: pdbio_gr, <module>:    Post-processing of electrostatic potential.
2025-07-18 19:26:20 - INFO: pdbio_gr, <module>:    Processing ele pairwise interaction...
2025-07-18 19:26:20 - INFO: pdbio_gr, <module>:    Time needed: 0 seconds.
2025-07-18 19:26:20 - INFO: pdbio_gr, <module>:    Making atom connectivity ...
2025-07-18 19:26:20 - INFO: pdbio_gr, <module>:    Time needed: 0 seconds.
2025-07-18 19:26:20 - INFO: pdbio_gr, <module>:    Calculating vdw ...
2025-07-18 19:26:20 - INFO: pdbio_gr, <module>:    Time needed: 0 seconds.
2025-07-18 19:26:20 - INFO: pdbio_gr, <module>:    Calculating torsion energy ...
2025-07-18 19:26:20 - INFO: pdbio_gr, <module>:    Time needed: 0 seconds.
2025-07-18 19:26:20 - INFO: pdbio_gr, <module>:    Composing head3.lst ...
2025-07-18 19:26:20 - INFO: pdbio_gr, <module>:    Time needed: 0 seconds.
2025-07-18 19:26:20 - INFO: pdbio_gr, <module>:    Composing opp files ...
2025-07-18 19:26:20 - INFO: pdbio_gr, <module>:    Time needed: 0 seconds.
2025-07-18 19:26:20 - INFO: pdbio_gr, <module>:    Total time for step3 is 1 seconds.
2025-07-18 19:35:32 - INFO: pdbio_gr, <module>: Step 3. Energies calculation with PBE solver.
2025-07-18 19:35:32 - INFO: pdbio_gr, <module>: Calling new VDW....No Scaling Applied
2025-07-18 19:35:32 - INFO: pdbio_gr, <module>:    Process run time options & convert step2_out.pdb.
2025-07-18 19:35:32 - INFO: pdbio_gr, load_ftpl: Reading parameters from /home/granepura/MCCE4/param
2025-07-18 19:35:32 - INFO: pdbio_gr, load_ftpl: Updating vdw parameters from /data/home/granepura/MCCE4/param/00always_needed.tpl
2025-07-18 19:35:32 - INFO: pdbio_gr, load_ftpl: Loading TORSION parameters from /data/home/granepura/MCCE4/param/00always_needed.tpl
2025-07-18 19:35:32 - INFO: pdbio_gr, <module>:    Prepare input for PB solver.
2025-07-18 19:35:32 - INFO: pdbio_gr, <module>:    Time needed: 0 seconds.
2025-07-18 19:35:33 - INFO: pdbio_gr, <module>:    Time needed: 0 seconds.
2025-07-18 19:35:33 - INFO: pdbio_gr, <module>:    Set up parallel envrionment and run PB solver.
2025-07-18 19:35:33 - INFO: pdbio_gr, <module>:    Running PBE solver in 1 threads
2025-07-18 19:35:33 - INFO: pdbio_gr, <module>:    Time needed: 0 seconds.
2025-07-18 19:35:33 - INFO: pdbio_gr, <module>:    Post-processing of electrostatic potential.
2025-07-18 19:35:33 - INFO: pdbio_gr, <module>:    Processing ele pairwise interaction...
2025-07-18 19:35:33 - INFO: pdbio_gr, <module>:    Time needed: 0 seconds.
2025-07-18 19:35:33 - INFO: pdbio_gr, <module>:    Making atom connectivity ...
2025-07-18 19:35:33 - INFO: pdbio_gr, <module>:    Time needed: 0 seconds.
2025-07-18 19:35:33 - INFO: pdbio_gr, <module>:    Calculating vdw ...
2025-07-18 19:35:33 - INFO: pdbio_gr, <module>:    Time needed: 0 seconds.
2025-07-18 19:35:33 - INFO: pdbio_gr, <module>:    Calculating torsion energy ...
2025-07-18 19:35:33 - INFO: pdbio_gr, <module>:    Time needed: 0 seconds.
2025-07-18 19:35:33 - INFO: pdbio_gr, <module>:    Composing head3.lst ...
2025-07-18 19:35:33 - INFO: pdbio_gr, <module>:    Time needed: 0 seconds.
2025-07-18 19:35:33 - INFO: pdbio_gr, <module>:    Composing opp files ...
2025-07-18 19:35:33 - INFO: pdbio_gr, <module>:    Time needed: 0 seconds.
2025-07-18 19:35:33 - INFO: pdbio_gr, <module>:    Total time for step3 is 0 seconds.
2025-07-18 20:10:39 - INFO: pdbio_gr, <module>: Step 3. Energies calculation with PBE solver.
2025-07-18 20:10:39 - INFO: pdbio_gr, <module>: Calling new VDW....No Scaling Applied
2025-07-18 20:10:39 - INFO: pdbio_gr, <module>:    Process run time options & convert step2_out.pdb.
2025-07-18 20:10:39 - INFO: pdbio_gr, load_ftpl: Reading parameters from /home/granepura/MCCE4/param
2025-07-18 20:10:39 - INFO: pdbio_gr, load_ftpl: Updating vdw parameters from /data/home/granepura/MCCE4/param/00always_needed.tpl
2025-07-18 20:10:39 - INFO: pdbio_gr, load_ftpl: Loading TORSION parameters from /data/home/granepura/MCCE4/param/00always_needed.tpl
2025-07-18 20:10:39 - INFO: pdbio_gr, <module>:    Prepare input for PB solver.
2025-07-18 20:10:39 - INFO: pdbio_gr, <module>:    Time needed: 0 seconds.
2025-07-18 20:10:39 - INFO: pdbio_gr, <module>:    Time needed: 0 seconds.
2025-07-18 20:10:39 - INFO: pdbio_gr, <module>:    Set up parallel envrionment and run PB solver.
2025-07-18 20:10:39 - INFO: pdbio_gr, <module>:    Running PBE solver in 1 threads
2025-07-18 20:10:39 - INFO: pdbio_gr, <module>:    Time needed: 0 seconds.
2025-07-18 20:10:39 - INFO: pdbio_gr, <module>:    Post-processing of electrostatic potential.
2025-07-18 20:10:39 - INFO: pdbio_gr, <module>:    Processing ele pairwise interaction...
2025-07-18 20:10:39 - INFO: pdbio_gr, <module>:    Time needed: 0 seconds.
2025-07-18 20:10:39 - INFO: pdbio_gr, <module>:    Making atom connectivity ...
2025-07-18 20:10:39 - INFO: pdbio_gr, <module>:    Time needed: 0 seconds.
2025-07-18 20:10:39 - INFO: pdbio_gr, <module>:    Calculating vdw ...
2025-07-18 20:10:39 - INFO: pdbio_gr, <module>:    Time needed: 0 seconds.
2025-07-18 20:10:39 - INFO: pdbio_gr, <module>:    Calculating torsion energy ...
2025-07-18 20:10:39 - INFO: pdbio_gr, <module>:    Time needed: 0 seconds.
2025-07-18 20:10:39 - INFO: pdbio_gr, <module>:    Composing head3.lst ...
2025-07-18 20:10:39 - INFO: pdbio_gr, <module>:    Time needed: 0 seconds.
2025-07-18 20:10:39 - INFO: pdbio_gr, <module>:    Composing opp files ...
2025-07-18 20:10:39 - INFO: pdbio_gr, <module>:    Time needed: 0 seconds.
2025-07-18 20:10:39 - INFO: pdbio_gr, <module>:    Total time for step3 is 0 seconds.
2025-07-18 20:25:51 - INFO: pdbio_gr, <module>: Step 3. Energies calculation with PBE solver.
2025-07-18 20:25:51 - INFO: pdbio_gr, <module>: Calling new VDW....No Scaling Applied
2025-07-18 20:25:51 - INFO: pdbio_gr, <module>:    Process run time options & convert step2_out.pdb.
2025-07-18 20:25:51 - INFO: pdbio_gr, load_ftpl: Reading parameters from /home/granepura/MCCE4/param
2025-07-18 20:25:51 - INFO: pdbio_gr, load_ftpl: Updating vdw parameters from /data/home/granepura/MCCE4/param/00always_needed.tpl
2025-07-18 20:25:51 - INFO: pdbio_gr, load_ftpl: Loading TORSION parameters from /data/home/granepura/MCCE4/param/00always_needed.tpl
2025-07-18 20:25:51 - INFO: pdbio_gr, <module>:    Prepare input for PB solver.
2025-07-18 20:25:51 - INFO: pdbio_gr, <module>:    Time needed: 0 seconds.
2025-07-18 20:25:51 - INFO: pdbio_gr, <module>:    Time needed: 0 seconds.
2025-07-18 20:25:51 - INFO: pdbio_gr, <module>:    Set up parallel envrionment and run PB solver.
2025-07-18 20:25:51 - INFO: pdbio_gr, <module>:    Running PBE solver in 1 threads
2025-07-18 20:25:51 - INFO: pdbio_gr, <module>:    Time needed: 0 seconds.
2025-07-18 20:25:51 - INFO: pdbio_gr, <module>:    Post-processing of electrostatic potential.
2025-07-18 20:25:51 - INFO: pdbio_gr, <module>:    Processing ele pairwise interaction...
2025-07-18 20:25:51 - INFO: pdbio_gr, <module>:    Time needed: 0 seconds.
2025-07-18 20:25:51 - INFO: pdbio_gr, <module>:    Making atom connectivity ...
2025-07-18 20:25:51 - INFO: pdbio_gr, <module>:    Time needed: 0 seconds.
2025-07-18 20:25:51 - INFO: pdbio_gr, <module>:    Calculating vdw ...
2025-07-18 20:25:51 - INFO: pdbio_gr, <module>:    Time needed: 0 seconds.
2025-07-18 20:25:51 - INFO: pdbio_gr, <module>:    Calculating torsion energy ...
2025-07-18 20:25:51 - INFO: pdbio_gr, <module>:    Time needed: 0 seconds.
2025-07-18 20:25:51 - INFO: pdbio_gr, <module>:    Composing head3.lst ...
2025-07-18 20:25:51 - INFO: pdbio_gr, <module>:    Time needed: 0 seconds.
2025-07-18 20:25:51 - INFO: pdbio_gr, <module>:    Composing opp files ...
2025-07-18 20:25:51 - INFO: pdbio_gr, <module>:    Time needed: 0 seconds.
2025-07-18 20:25:51 - INFO: pdbio_gr, <module>:    Total time for step3 is 0 seconds.
2025-07-19 11:08:45 - INFO: pdbio_gr, <module>: Step 3. Energies calculation with PBE solver.
2025-07-19 11:08:45 - INFO: pdbio_gr, <module>: Calling new VDW....No Scaling Applied
2025-07-19 11:08:45 - INFO: pdbio_gr, <module>:    Process run time options & convert step2_out.pdb.
2025-07-19 11:08:45 - INFO: pdbio_gr, load_ftpl: Reading parameters from /home/granepura/MCCE4/param
2025-07-19 11:08:45 - INFO: pdbio_gr, load_ftpl: Updating vdw parameters from /data/home/granepura/MCCE4/param/00always_needed.tpl
2025-07-19 11:08:45 - INFO: pdbio_gr, load_ftpl: Loading TORSION parameters from /data/home/granepura/MCCE4/param/00always_needed.tpl
2025-07-19 11:08:45 - INFO: pdbio_gr, <module>:    Prepare input for PB solver.
2025-07-19 11:08:45 - INFO: pdbio_gr, <module>:    Time needed: 0 seconds.
2025-07-19 11:08:45 - INFO: pdbio_gr, <module>:    Time needed: 0 seconds.
2025-07-19 11:08:45 - INFO: pdbio_gr, <module>:    Set up parallel envrionment and run PB solver.
2025-07-19 11:08:45 - INFO: pdbio_gr, <module>:    Running PBE solver in 1 threads
2025-07-19 11:08:45 - INFO: pdbio_gr, <module>:    Time needed: 0 seconds.
2025-07-19 11:08:45 - INFO: pdbio_gr, <module>:    Post-processing of electrostatic potential.
2025-07-19 11:08:45 - INFO: pdbio_gr, <module>:    Processing ele pairwise interaction...
2025-07-19 11:08:45 - INFO: pdbio_gr, <module>:    Time needed: 0 seconds.
2025-07-19 11:08:45 - INFO: pdbio_gr, <module>:    Making atom connectivity ...
2025-07-19 11:08:45 - INFO: pdbio_gr, <module>:    Time needed: 0 seconds.
2025-07-19 11:08:45 - INFO: pdbio_gr, <module>:    Calculating vdw ...
2025-07-19 11:08:45 - INFO: pdbio_gr, <module>:    Time needed: 0 seconds.
2025-07-19 11:08:45 - INFO: pdbio_gr, <module>:    Calculating torsion energy ...
2025-07-19 11:08:45 - INFO: pdbio_gr, <module>:    Time needed: 0 seconds.
2025-07-19 11:08:45 - INFO: pdbio_gr, <module>:    Composing head3.lst ...
2025-07-19 11:08:45 - INFO: pdbio_gr, <module>:    Time needed: 0 seconds.
2025-07-19 11:08:45 - INFO: pdbio_gr, <module>:    Composing opp files ...
2025-07-19 11:08:45 - INFO: pdbio_gr, <module>:    Time needed: 0 seconds.
2025-07-19 11:08:45 - INFO: pdbio_gr, <module>:    Total time for step3 is 0 seconds.
2025-07-21 14:19:59 - INFO: pdbio_gr, <module>: Step 3. Energies calculation with PBE solver.
2025-07-21 14:19:59 - INFO: pdbio_gr, <module>: Calling new VDW....No Scaling Applied
2025-07-21 14:19:59 - INFO: pdbio_gr, <module>:    Process run time options & convert step2_out.pdb.
2025-07-21 14:19:59 - INFO: pdbio_gr, load_ftpl: Reading parameters from /home/granepura/MCCE4/param
2025-07-21 14:20:00 - INFO: pdbio_gr, load_ftpl: Updating vdw parameters from /data/home/granepura/MCCE4/param/00always_needed.tpl
2025-07-21 14:20:00 - INFO: pdbio_gr, load_ftpl: Loading TORSION parameters from /data/home/granepura/MCCE4/param/00always_needed.tpl
2025-07-21 14:20:00 - INFO: pdbio_gr, <module>:    Prepare input for PB solver.
2025-07-21 14:20:00 - INFO: pdbio_gr, <module>:    Time needed: 0 seconds.
2025-07-21 14:20:00 - INFO: pdbio_gr, <module>:    Time needed: 0 seconds.
2025-07-21 14:20:00 - INFO: pdbio_gr, <module>:    Set up parallel envrionment and run PB solver.
2025-07-21 14:20:00 - INFO: pdbio_gr, <module>:    Running PBE solver in 1 threads
2025-07-21 14:20:00 - INFO: pdbio_gr, pbe: ForkPoolWorker-1: Calling delphi to calculate conformer IRE+aA0001_001
2025-07-21 14:20:01 - INFO: pdbio_gr, pbe: ForkPoolWorker-1: Calling delphi to calculate conformer IRE01A0001_002
2025-07-21 14:20:02 - INFO: pdbio_gr, pbe: ForkPoolWorker-1: Calling delphi to calculate conformer IRE+1A0001_003
2025-07-21 14:20:02 - INFO: pdbio_gr, pbe: ForkPoolWorker-1: Calling delphi to calculate conformer IRE+2A0001_004
2025-07-21 14:20:03 - INFO: pdbio_gr, pbe: ForkPoolWorker-1: Calling delphi to calculate conformer IRE+3A0001_005
2025-07-21 14:20:04 - INFO: pdbio_gr, <module>:    Time needed: 3 seconds.
2025-07-21 14:20:04 - INFO: pdbio_gr, <module>:    Post-processing of electrostatic potential.
2025-07-21 14:20:04 - INFO: pdbio_gr, <module>:    Processing ele pairwise interaction...
2025-07-21 14:20:04 - INFO: pdbio_gr, <module>:    Time needed: 0 seconds.
2025-07-21 14:20:04 - INFO: pdbio_gr, <module>:    Making atom connectivity ...
2025-07-21 14:20:04 - INFO: pdbio_gr, <module>:    Time needed: 0 seconds.
2025-07-21 14:20:04 - INFO: pdbio_gr, <module>:    Calculating vdw ...
2025-07-21 14:20:04 - INFO: pdbio_gr, <module>:    Time needed: 0 seconds.
2025-07-21 14:20:04 - INFO: pdbio_gr, <module>:    Calculating torsion energy ...
2025-07-21 14:20:04 - INFO: pdbio_gr, <module>:    Time needed: 0 seconds.
2025-07-21 14:20:04 - INFO: pdbio_gr, <module>:    Composing head3.lst ...
2025-07-21 14:20:04 - INFO: pdbio_gr, <module>:    Time needed: 0 seconds.
2025-07-21 14:20:04 - INFO: pdbio_gr, <module>:    Composing opp files ...
2025-07-21 14:20:04 - INFO: pdbio_gr, <module>:    Time needed: 0 seconds.
2025-07-21 14:20:04 - INFO: pdbio_gr, <module>:    Total time for step3 is 4 seconds.
2025-10-07 00:46:35 - INFO: step3.py, <module>: Step 3. Energies calculation with PBE solver.
2025-10-07 00:46:35 - INFO: step3.py, <module>: Calling new VDW....No Scaling Applied
2025-10-07 00:46:35 - INFO: step3.py, <module>:    Process run time options & convert step2_out.pdb.
2025-10-07 00:46:35 - INFO: step3.py, <module>:    Prepare input for PB solver.
2025-10-07 00:46:35 - INFO: step3.py, <module>:    Time needed: 0 seconds.
2025-10-07 00:46:35 - INFO: step3.py, <module>:    Set up parallel envrionment and run PB solver.
2025-10-07 00:46:35 - INFO: step3.py, <module>:    Running PBE solver in 1 threads
2025-10-07 00:46:35 - INFO: step3.py, pbe: ForkPoolWorker-1: Calling delphi to calculate conformer IRE+aA0001_001 in /tmp/pbe_data.data.home.granepura.5-kinases.cof_tpl_mg.run_cof2.3ug2_IRE+aA0001_001
2025-10-07 00:46:36 - INFO: step3.py, pbe: ForkPoolWorker-1: Calling delphi to calculate conformer IRE01A0001_002 in /tmp/pbe_data.data.home.granepura.5-kinases.cof_tpl_mg.run_cof2.3ug2_IRE01A0001_002
2025-10-07 00:46:37 - INFO: step3.py, pbe: ForkPoolWorker-1: Calling delphi to calculate conformer IRE+1A0001_003 in /tmp/pbe_data.data.home.granepura.5-kinases.cof_tpl_mg.run_cof2.3ug2_IRE+1A0001_003
2025-10-07 00:46:38 - INFO: step3.py, pbe: ForkPoolWorker-1: Calling delphi to calculate conformer IRE+2A0001_004 in /tmp/pbe_data.data.home.granepura.5-kinases.cof_tpl_mg.run_cof2.3ug2_IRE+2A0001_004
2025-10-07 00:46:39 - INFO: step3.py, pbe: ForkPoolWorker-1: Calling delphi to calculate conformer IRE+3A0001_005 in /tmp/pbe_data.data.home.granepura.5-kinases.cof_tpl_mg.run_cof2.3ug2_IRE+3A0001_005
2025-10-07 00:46:39 - INFO: step3.py, <module>:    Time needed: 4 seconds.
2025-10-07 00:46:39 - INFO: step3.py, <module>:    Post-processing of electrostatic potential.
2025-10-07 00:46:39 - INFO: step3.py, <module>:    Processing ele pairwise interaction...
2025-10-07 00:46:39 - INFO: step3.py, <module>:    Time needed: 0 seconds.
2025-10-07 00:46:39 - INFO: step3.py, <module>:    Making atom connectivity ...
2025-10-07 00:46:39 - INFO: step3.py, <module>:    Time needed: 0 seconds.
2025-10-07 00:46:39 - INFO: step3.py, <module>:    Calculating vdw ...
2025-10-07 00:46:40 - INFO: step3.py, <module>:    Time needed: 0 seconds.
2025-10-07 00:46:40 - INFO: step3.py, <module>:    Calculating torsion energy ...
2025-10-07 00:46:40 - INFO: step3.py, <module>:    Time needed: 0 seconds.
2025-10-07 00:46:40 - INFO: step3.py, <module>:    Composing head3.lst ...
2025-10-07 00:46:40 - INFO: step3.py, <module>:    Time needed: 0 seconds.
2025-10-07 00:46:40 - INFO: step3.py, <module>:    Composing opp files ...
2025-10-07 00:46:40 - INFO: step3.py, <module>:    Time needed: 0 seconds.
2025-10-07 00:46:40 - INFO: step3.py, <module>:    Total time for step3 is 4 seconds.
2025-10-16 17:18:57 - INFO: step3.py, <module>: Step 3. Energies calculation with PBE solver.
2025-10-16 17:18:57 - INFO: step3.py, <module>: Calling new VDW....No Scaling Applied
2025-10-16 17:18:57 - INFO: step3.py, <module>:    Process run time options & convert step2_out.pdb.
2025-10-16 17:18:57 - INFO: step3.py, <module>:    Prepare input for PB solver.
2025-10-16 17:18:57 - INFO: step3.py, <module>:    Time needed: 0 seconds.
2025-10-16 17:18:57 - INFO: step3.py, <module>:    Set up parallel envrionment and run PB solver.
2025-10-16 17:18:57 - INFO: step3.py, <module>:    Running PBE solver in 1 threads
2025-10-16 17:18:57 - INFO: step3.py, pbe: ForkPoolWorker-1: Calling delphi to calculate conformer IRE+aA0001_001 in /tmp/pbe_data.data.home.granepura.5-kinases.cof_tpl_mg.run_cof2.3UG2_IRE+aA0001_001
2025-10-16 17:18:58 - INFO: step3.py, pbe: ForkPoolWorker-1: Calling delphi to calculate conformer IRE01A0001_002 in /tmp/pbe_data.data.home.granepura.5-kinases.cof_tpl_mg.run_cof2.3UG2_IRE01A0001_002
2025-10-16 17:18:59 - INFO: step3.py, pbe: ForkPoolWorker-1: Calling delphi to calculate conformer IRE+1A0001_003 in /tmp/pbe_data.data.home.granepura.5-kinases.cof_tpl_mg.run_cof2.3UG2_IRE+1A0001_003
2025-10-16 17:19:00 - INFO: step3.py, pbe: ForkPoolWorker-1: Calling delphi to calculate conformer IRE+2A0001_004 in /tmp/pbe_data.data.home.granepura.5-kinases.cof_tpl_mg.run_cof2.3UG2_IRE+2A0001_004
2025-10-16 17:19:01 - INFO: step3.py, pbe: ForkPoolWorker-1: Calling delphi to calculate conformer IRE+3A0001_005 in /tmp/pbe_data.data.home.granepura.5-kinases.cof_tpl_mg.run_cof2.3UG2_IRE+3A0001_005
2025-10-16 17:19:02 - INFO: step3.py, <module>:    Time needed: 5 seconds.
2025-10-16 17:19:02 - INFO: step3.py, <module>:    Post-processing of electrostatic potential.
2025-10-16 17:19:02 - INFO: step3.py, <module>:    Processing ele pairwise interaction...
2025-10-16 17:19:02 - INFO: step3.py, <module>:    Time needed: 0 seconds.
2025-10-16 17:19:02 - INFO: step3.py, <module>:    Making atom connectivity ...
2025-10-16 17:19:02 - INFO: step3.py, <module>:    Time needed: 0 seconds.
2025-10-16 17:19:02 - INFO: step3.py, <module>:    Calculating vdw ...
2025-10-16 17:19:02 - INFO: step3.py, <module>:    Time needed: 0 seconds.
2025-10-16 17:19:02 - INFO: step3.py, <module>:    Calculating torsion energy ...
2025-10-16 17:19:02 - INFO: step3.py, <module>:    Time needed: 0 seconds.
2025-10-16 17:19:02 - INFO: step3.py, <module>:    Composing head3.lst ...
2025-10-16 17:19:02 - INFO: step3.py, <module>:    Time needed: 0 seconds.
2025-10-16 17:19:02 - INFO: step3.py, <module>:    Composing opp files ...
2025-10-16 17:19:02 - INFO: step3.py, <module>:    Time needed: 0 seconds.
2025-10-16 17:19:02 - INFO: step3.py, <module>:    Total time for step3 is 5 seconds.
2026-03-30 03:40:31 - INFO: step3.py, <module>: Step 3. Energies calculation with PBE solver.
2026-03-30 03:40:31 - INFO: step3.py, <module>: Calling new VDW....No Scaling Applied
2026-03-30 03:40:31 - INFO: step3.py, <module>:    Process run time options & convert step2_out.pdb.
2026-03-30 03:40:31 - INFO: step3.py, <module>:    Prepare input for PB solver.
2026-03-30 03:40:31 - INFO: step3.py, <module>:    Time needed: 0 seconds.
2026-03-30 03:40:31 - INFO: step3.py, <module>:    Set up parallel envrionment and run PB solver.
2026-03-30 03:40:31 - INFO: step3.py, <module>:    Running PBE solver in 1 threads
2026-03-30 03:40:31 - INFO: step3.py, pbe: ForkPoolWorker-1: Calling delphi to calculate conformer (1/5) IRE+aA0001_001 in /tmp/pbe_data.data.home.schowdhury.Project_kinases.cof_tpl_mg.run_cof2.3UG2_IRE+aA0001_001
2026-03-30 03:40:34 - INFO: step3.py, pbe: ForkPoolWorker-1: Calling delphi to calculate conformer (2/5) IRE01A0001_002 in /tmp/pbe_data.data.home.schowdhury.Project_kinases.cof_tpl_mg.run_cof2.3UG2_IRE01A0001_002
2026-03-30 03:40:37 - INFO: step3.py, pbe: ForkPoolWorker-1: Calling delphi to calculate conformer (3/5) IRE+1A0001_003 in /tmp/pbe_data.data.home.schowdhury.Project_kinases.cof_tpl_mg.run_cof2.3UG2_IRE+1A0001_003
2026-03-30 03:40:40 - INFO: step3.py, pbe: ForkPoolWorker-1: Calling delphi to calculate conformer (4/5) IRE+2A0001_004 in /tmp/pbe_data.data.home.schowdhury.Project_kinases.cof_tpl_mg.run_cof2.3UG2_IRE+2A0001_004
2026-03-30 03:40:43 - INFO: step3.py, pbe: ForkPoolWorker-1: Calling delphi to calculate conformer (5/5) IRE+3A0001_005 in /tmp/pbe_data.data.home.schowdhury.Project_kinases.cof_tpl_mg.run_cof2.3UG2_IRE+3A0001_005
2026-03-30 03:40:46 - INFO: step3.py, <module>:    Time needed: 14 seconds.
2026-03-30 03:40:46 - INFO: step3.py, <module>:    Post-processing of electrostatic potential.
2026-03-30 03:40:46 - INFO: step3.py, <module>:    Processing ele pairwise interaction...
2026-03-30 03:40:46 - INFO: step3.py, <module>:    Time needed: 0 seconds.
2026-03-30 03:40:46 - INFO: step3.py, <module>:    Making atom connectivity ...
2026-03-30 03:40:46 - INFO: step3.py, <module>:    Time needed: 0 seconds.
2026-03-30 03:40:46 - INFO: step3.py, <module>:    Calculating vdw ...
2026-03-30 03:40:46 - INFO: step3.py, <module>:    Time needed: 0 seconds.
2026-03-30 03:40:46 - INFO: step3.py, <module>:    Calculating torsion energy ...
2026-03-30 03:40:46 - INFO: step3.py, <module>:    Time needed: 0 seconds.
2026-03-30 03:40:46 - INFO: step3.py, <module>:    Composing head3.lst ...
2026-03-30 03:40:46 - INFO: step3.py, <module>:    Time needed: 0 seconds.
2026-03-30 03:40:46 - INFO: step3.py, <module>:    Composing opp files ...
2026-03-30 03:40:46 - INFO: step3.py, <module>:    Time needed: 0 seconds.
2026-03-30 03:40:46 - INFO: step3.py, <module>:    Total time for step3 is 15 seconds.
