Computing conformer ASP01A0010_001 with delphi ... finished in 4.52 seconds.
Computing conformer ASP01A0010_002 with delphi ... finished in 4.44 seconds.
Computing conformer ASP02A0010_003 with delphi ... finished in 4.46 seconds.
Computing conformer ASP02A0010_004 with delphi ... finished in 4.41 seconds.
Computing conformer ASP-1A0010_005 with delphi ... finished in 4.44 seconds.
Computing conformer GLN01A0011_001 with delphi ... finished in 4.41 seconds.
Computing conformer GLN01A0011_002 with delphi ... finished in 4.34 seconds.
Computing conformer GLN01A0012_001 with delphi ... finished in 4.37 seconds.
Computing conformer GLN01A0012_002 with delphi ... finished in 4.36 seconds.
Computing conformer TYR01A0013_001 with delphi ... finished in 4.40 seconds.
Computing conformer TYR01A0013_002 with delphi ... finished in 4.39 seconds.
Computing conformer TYR-1A0013_003 with delphi ... finished in 4.43 seconds.
Computing conformer GLU01A0014_001 with delphi ... finished in 4.39 seconds.
Computing conformer GLU01A0014_002 with delphi ... finished in 4.36 seconds.
Computing conformer GLU02A0014_003 with delphi ... finished in 4.37 seconds.
Computing conformer GLU02A0014_004 with delphi ... finished in 4.33 seconds.
Computing conformer GLU-1A0014_005 with delphi ... finished in 4.32 seconds.
Computing conformer CYS01A0015_001 with delphi ... finished in 4.38 seconds.
Computing conformer CYS01A0015_002 with delphi ... finished in 4.38 seconds.
Computing conformer CYS01A0015_003 with delphi ... finished in 4.41 seconds.
Computing conformer CYS-1A0015_004 with delphi ... finished in 4.40 seconds.
Skipping conformer VAL01A0016_001, no charge, skip ... in 0.01 seconds.
Skipping conformer ALA01A0017_001, no charge, skip ... in 0.01 seconds.
Computing conformer GLU01A0018_001 with delphi ... finished in 4.38 seconds.
Computing conformer GLU01A0018_002 with delphi ... finished in 4.49 seconds.
Computing conformer GLU02A0018_003 with delphi ... finished in 4.35 seconds.
Computing conformer GLU02A0018_004 with delphi ... finished in 4.37 seconds.
Computing conformer GLU-1A0018_005 with delphi ... finished in 4.39 seconds.
Skipping conformer ILE01A0019_001, no charge, skip ... in 0.01 seconds.
Computing conformer GLU01A0021_001 with delphi ... finished in 4.45 seconds.
Computing conformer GLU01A0021_002 with delphi ... finished in 4.39 seconds.
Computing conformer GLU02A0021_003 with delphi ... finished in 4.38 seconds.
Computing conformer GLU02A0021_004 with delphi ... finished in 4.39 seconds.
Computing conformer GLU-1A0021_005 with delphi ... finished in 4.43 seconds.
Skipping conformer ALA01A0023_001, no charge, skip ... in 0.01 seconds.
Computing conformer TYR01A0024_001 with delphi ... finished in 4.42 seconds.
Computing conformer TYR-1A0024_002 with delphi ... finished in 4.50 seconds.
Computing conformer LYS01A0026_001 with delphi ... finished in 4.35 seconds.
Computing conformer LYS+1A0026_002 with delphi ... finished in 4.38 seconds.
Skipping conformer VAL01A0027_001, no charge, skip ... in 0.02 seconds.
Skipping conformer PHE01A0028_001, no charge, skip ... in 0.03 seconds.
Computing conformer LYS01A0029_001 with delphi ... finished in 4.33 seconds.
Computing conformer LYS+1A0029_002 with delphi ... finished in 4.38 seconds.
Skipping conformer ALA01A0030_001, no charge, skip ... in 0.01 seconds.
Computing conformer ARG01A0031_001 with delphi ... finished in 4.33 seconds.
Computing conformer ARG02A0031_002 with delphi ... finished in 4.35 seconds.
Computing conformer ARG03A0031_003 with delphi ... finished in 4.34 seconds.
Computing conformer ARG+1A0031_004 with delphi ... finished in 4.32 seconds.
Computing conformer ASP01A0032_001 with delphi ... finished in 4.41 seconds.
Computing conformer ASP01A0032_002 with delphi ... finished in 4.39 seconds.
Computing conformer ASP02A0032_003 with delphi ... finished in 4.34 seconds.
Computing conformer ASP02A0032_004 with delphi ... finished in 4.43 seconds.
Computing conformer ASP-1A0032_005 with delphi ... finished in 4.42 seconds.
Skipping conformer LEU01A0033_001, no charge, skip ... in 0.01 seconds.
Computing conformer LYS01A0034_001 with delphi ... finished in 4.34 seconds.
Computing conformer LYS+1A0034_002 with delphi ... finished in 4.33 seconds.
Computing conformer ASN01A0035_001 with delphi ... finished in 4.37 seconds.
Computing conformer ASN01A0035_002 with delphi ... finished in 4.37 seconds.
Computing conformer ARG01A0038_001 with delphi ... finished in 4.40 seconds.
Computing conformer ARG02A0038_002 with delphi ... finished in 4.37 seconds.
Computing conformer ARG03A0038_003 with delphi ... finished in 4.38 seconds.
Computing conformer ARG03A0038_004 with delphi ... finished in 4.37 seconds.
Computing conformer ARG+1A0038_005 with delphi ... finished in 4.37 seconds.
Skipping conformer PHE01A0039_001, no charge, skip ... in 0.03 seconds.
Skipping conformer VAL01A0040_001, no charge, skip ... in 0.01 seconds.
Skipping conformer ALA01A0041_001, no charge, skip ... in 0.01 seconds.
Skipping conformer LEU01A0042_001, no charge, skip ... in 0.01 seconds.
Computing conformer LYS01A0043_001 with delphi ... finished in 4.45 seconds.
Computing conformer LYS+1A0043_002 with delphi ... finished in 4.43 seconds.
Computing conformer ARG01A0044_001 with delphi ... finished in 4.37 seconds.
Computing conformer ARG02A0044_002 with delphi ... finished in 4.39 seconds.
Computing conformer ARG03A0044_003 with delphi ... finished in 4.40 seconds.
Computing conformer ARG+1A0044_004 with delphi ... finished in 4.39 seconds.
Skipping conformer VAL01A0045_001, no charge, skip ... in 0.01 seconds.
Computing conformer ARG01A0046_001 with delphi ... finished in 4.37 seconds.
Computing conformer ARG02A0046_002 with delphi ... finished in 4.36 seconds.
Computing conformer ARG03A0046_003 with delphi ... finished in 4.43 seconds.
Computing conformer ARG+1A0046_004 with delphi ... finished in 4.36 seconds.
Skipping conformer PRO01A0055_001, no charge, skip ... in 0.01 seconds.
Skipping conformer LEU01A0056_001, no charge, skip ... in 0.01 seconds.
Computing conformer SER01A0057_001 with delphi ... finished in 4.43 seconds.
Computing conformer SER01A0057_002 with delphi ... finished in 4.38 seconds.
Computing conformer THR01A0058_001 with delphi ... finished in 4.36 seconds.
Skipping conformer ILE01A0059_001, no charge, skip ... in 0.01 seconds.
Computing conformer ARG01A0060_001 with delphi ... finished in 4.32 seconds.
Computing conformer ARG02A0060_002 with delphi ... finished in 4.35 seconds.
Computing conformer ARG03A0060_003 with delphi ... finished in 4.46 seconds.
Computing conformer ARG+1A0060_004 with delphi ... finished in 4.31 seconds.
Computing conformer GLU01A0061_001 with delphi ... finished in 4.39 seconds.
Computing conformer GLU01A0061_002 with delphi ... finished in 4.40 seconds.
Computing conformer GLU02A0061_003 with delphi ... finished in 4.40 seconds.
Computing conformer GLU02A0061_004 with delphi ... finished in 4.48 seconds.
Computing conformer GLU-1A0061_005 with delphi ... finished in 4.37 seconds.
Skipping conformer VAL01A0062_001, no charge, skip ... in 0.01 seconds.
Skipping conformer ALA01A0063_001, no charge, skip ... in 0.02 seconds.
Skipping conformer VAL01A0064_001, no charge, skip ... in 0.01 seconds.
Skipping conformer LEU01A0065_001, no charge, skip ... in 0.01 seconds.
Computing conformer ARG01A0066_001 with delphi ... finished in 4.37 seconds.
Computing conformer ARG02A0066_002 with delphi ... finished in 4.39 seconds.
Computing conformer ARG03A0066_003 with delphi ... finished in 4.37 seconds.
Computing conformer ARG+1A0066_004 with delphi ... finished in 4.40 seconds.
Computing conformer HIS01A0067_001 with delphi ... finished in 4.42 seconds.
Computing conformer HIS01A0067_002 with delphi ... finished in 4.39 seconds.
Computing conformer HIS02A0067_003 with delphi ... finished in 4.42 seconds.
Computing conformer HIS02A0067_004 with delphi ... finished in 4.38 seconds.
Computing conformer HIS+1A0067_005 with delphi ... finished in 4.36 seconds.
Computing conformer HIS+1A0067_006 with delphi ... finished in 4.36 seconds.
Skipping conformer LEU01A0068_001, no charge, skip ... in 0.03 seconds.
Computing conformer GLU01A0069_001 with delphi ... finished in 4.41 seconds.
Computing conformer GLU01A0069_002 with delphi ... finished in 4.39 seconds.
Computing conformer GLU02A0069_003 with delphi ... finished in 4.45 seconds.
Computing conformer GLU02A0069_004 with delphi ... finished in 4.43 seconds.
Computing conformer GLU-1A0069_005 with delphi ... finished in 4.40 seconds.
Computing conformer THR01A0070_001 with delphi ... finished in 4.40 seconds.
Computing conformer THR01A0070_002 with delphi ... finished in 4.38 seconds.
Skipping conformer PHE01A0071_001, no charge, skip ... in 0.01 seconds.
Computing conformer GLU01A0072_001 with delphi ... finished in 4.40 seconds.
Computing conformer GLU01A0072_002 with delphi ... finished in 4.50 seconds.
Computing conformer GLU02A0072_003 with delphi ... finished in 4.36 seconds.
Computing conformer GLU02A0072_004 with delphi ... finished in 4.39 seconds.
Computing conformer GLU-1A0072_005 with delphi ... finished in 4.39 seconds.
Computing conformer HIS01A0073_001 with delphi ... finished in 4.40 seconds.
Computing conformer HIS02A0073_002 with delphi ... finished in 4.41 seconds.
Computing conformer HIS+1A0073_003 with delphi ... finished in 4.39 seconds.
Skipping conformer PRO01A0074_001, no charge, skip ... in 0.01 seconds.
Computing conformer ASN01A0075_001 with delphi ... finished in 4.46 seconds.
Computing conformer ASN01A0075_002 with delphi ... finished in 4.44 seconds.
Skipping conformer VAL01A0076_001, no charge, skip ... in 0.01 seconds.
Skipping conformer VAL01A0077_001, no charge, skip ... in 0.01 seconds.
Computing conformer ARG01A0078_001 with delphi ... finished in 4.45 seconds.
Computing conformer ARG02A0078_002 with delphi ... finished in 4.54 seconds.
Computing conformer ARG02A0078_003 with delphi ... finished in 4.41 seconds.
Computing conformer ARG03A0078_004 with delphi ... finished in 4.40 seconds.
Computing conformer ARG03A0078_005 with delphi ... finished in 4.47 seconds.
Computing conformer ARG+1A0078_006 with delphi ... finished in 4.41 seconds.
Skipping conformer LEU01A0079_001, no charge, skip ... in 0.01 seconds.
Skipping conformer PHE01A0080_001, no charge, skip ... in 0.01 seconds.
Computing conformer ASP01A0081_001 with delphi ... finished in 4.37 seconds.
Computing conformer ASP01A0081_002 with delphi ... finished in 4.44 seconds.
Computing conformer ASP02A0081_003 with delphi ... finished in 4.36 seconds.
Computing conformer ASP02A0081_004 with delphi ... finished in 4.43 seconds.
Computing conformer ASP-1A0081_005 with delphi ... finished in 4.43 seconds.
Skipping conformer VAL01A0082_001, no charge, skip ... in 0.03 seconds.
Computing conformer CYS01A0083_001 with delphi ... finished in 4.39 seconds.
Computing conformer CYS01A0083_002 with delphi ... finished in 4.37 seconds.
Computing conformer CYS01A0083_003 with delphi ... finished in 4.36 seconds.
Computing conformer CYS-1A0083_004 with delphi ... finished in 4.38 seconds.
Computing conformer THR01A0084_001 with delphi ... finished in 4.40 seconds.
Computing conformer LYS01A0093_001 with delphi ... finished in 4.35 seconds.
Computing conformer LYS+1A0093_002 with delphi ... finished in 4.36 seconds.
Skipping conformer LEU01A0094_001, no charge, skip ... in 0.01 seconds.
Computing conformer THR01A0095_001 with delphi ... finished in 4.47 seconds.
Skipping conformer LEU01A0096_001, no charge, skip ... in 0.01 seconds.
Skipping conformer VAL01A0097_001, no charge, skip ... in 0.01 seconds.
Skipping conformer PHE01A0098_001, no charge, skip ... in 0.01 seconds.
Computing conformer GLU01A0099_001 with delphi ... finished in 4.40 seconds.
Computing conformer GLU01A0099_002 with delphi ... finished in 4.44 seconds.
Computing conformer GLU02A0099_003 with delphi ... finished in 4.49 seconds.
Computing conformer GLU02A0099_004 with delphi ... finished in 4.43 seconds.
Computing conformer GLU-1A0099_005 with delphi ... finished in 4.40 seconds.
Computing conformer HIS01A0100_001 with delphi ... finished in 4.42 seconds.
Computing conformer HIS01A0100_002 with delphi ... finished in 4.39 seconds.
Computing conformer HIS02A0100_003 with delphi ... finished in 4.42 seconds.
Computing conformer HIS02A0100_004 with delphi ... finished in 4.53 seconds.
Computing conformer HIS+1A0100_005 with delphi ... finished in 4.39 seconds.
Computing conformer HIS+1A0100_006 with delphi ... finished in 4.39 seconds.
Skipping conformer VAL01A0101_001, no charge, skip ... in 0.01 seconds.
Computing conformer ASP01A0102_001 with delphi ... finished in 4.38 seconds.
Computing conformer ASP01A0102_002 with delphi ... finished in 4.35 seconds.
Computing conformer ASP02A0102_003 with delphi ... finished in 4.57 seconds.
Computing conformer ASP02A0102_004 with delphi ... finished in 4.36 seconds.
Computing conformer ASP-1A0102_005 with delphi ... finished in 4.41 seconds.
Computing conformer GLN01A0103_001 with delphi ... finished in 4.44 seconds.
Computing conformer GLN01A0103_002 with delphi ... finished in 4.43 seconds.
Computing conformer ASP01A0104_001 with delphi ... finished in 4.45 seconds.
Computing conformer ASP01A0104_002 with delphi ... finished in 4.40 seconds.
Computing conformer ASP02A0104_003 with delphi ... finished in 4.51 seconds.
Computing conformer ASP02A0104_004 with delphi ... finished in 4.42 seconds.
Computing conformer ASP-1A0104_005 with delphi ... finished in 4.43 seconds.
Skipping conformer LEU01A0105_001, no charge, skip ... in 0.01 seconds.
Computing conformer THR01A0106_001 with delphi ... finished in 4.39 seconds.
Computing conformer THR01A0107_001 with delphi ... finished in 4.42 seconds.
Computing conformer THR01A0107_002 with delphi ... finished in 4.40 seconds.
Computing conformer TYR01A0108_001 with delphi ... finished in 4.41 seconds.
Computing conformer TYR-1A0108_002 with delphi ... finished in 4.38 seconds.
Skipping conformer LEU01A0109_001, no charge, skip ... in 0.01 seconds.
Computing conformer ASP01A0110_001 with delphi ... finished in 4.37 seconds.
Computing conformer ASP01A0110_002 with delphi ... finished in 4.41 seconds.
Computing conformer ASP02A0110_003 with delphi ... finished in 4.36 seconds.
Computing conformer ASP02A0110_004 with delphi ... finished in 4.36 seconds.
Computing conformer ASP-1A0110_005 with delphi ... finished in 4.35 seconds.
Computing conformer LYS01A0111_001 with delphi ... finished in 4.34 seconds.
Computing conformer LYS+1A0111_002 with delphi ... finished in 4.38 seconds.
Skipping conformer VAL01A0112_001, no charge, skip ... in 0.01 seconds.
Skipping conformer PRO01A0113_001, no charge, skip ... in 0.01 seconds.
Computing conformer GLU01A0114_001 with delphi ... finished in 4.37 seconds.
Computing conformer GLU01A0114_002 with delphi ... finished in 4.33 seconds.
Computing conformer GLU02A0114_003 with delphi ... finished in 4.30 seconds.
Computing conformer GLU02A0114_004 with delphi ... finished in 4.32 seconds.
Computing conformer GLU-1A0114_005 with delphi ... finished in 4.31 seconds.
Skipping conformer PRO01A0115_001, no charge, skip ... in 0.03 seconds.
Skipping conformer VAL01A0117_001, no charge, skip ... in 0.01 seconds.
Skipping conformer PRO01A0118_001, no charge, skip ... in 0.01 seconds.
Computing conformer THR01A0119_001 with delphi ... finished in 4.36 seconds.
Computing conformer GLU01A0120_001 with delphi ... finished in 4.39 seconds.
Computing conformer GLU01A0120_002 with delphi ... finished in 4.40 seconds.
Computing conformer GLU02A0120_003 with delphi ... finished in 4.44 seconds.
Computing conformer GLU02A0120_004 with delphi ... finished in 4.37 seconds.
Computing conformer GLU-1A0120_005 with delphi ... finished in 4.42 seconds.
Computing conformer THR01A0121_001 with delphi ... finished in 4.40 seconds.
Skipping conformer ILE01A0122_001, no charge, skip ... in 0.01 seconds.
Computing conformer LYS01A0123_001 with delphi ... finished in 4.37 seconds.
Computing conformer LYS+1A0123_002 with delphi ... finished in 4.44 seconds.
Computing conformer ASP01A0124_001 with delphi ... finished in 4.41 seconds.
Computing conformer ASP01A0124_002 with delphi ... finished in 4.48 seconds.
Computing conformer ASP02A0124_003 with delphi ... finished in 4.38 seconds.
Computing conformer ASP02A0124_004 with delphi ... finished in 4.38 seconds.
Computing conformer ASP-1A0124_005 with delphi ... finished in 4.39 seconds.
Computing conformer MET01A0125_001 with delphi ... finished in 4.42 seconds.
Computing conformer MET01A0126_001 with delphi ... finished in 4.42 seconds.
Skipping conformer PHE01A0127_001, no charge, skip ... in 0.01 seconds.
Computing conformer GLN01A0128_001 with delphi ... finished in 4.39 seconds.
Computing conformer GLN01A0128_002 with delphi ... finished in 4.44 seconds.
Skipping conformer LEU01A0129_001, no charge, skip ... in 0.01 seconds.
Skipping conformer LEU01A0130_001, no charge, skip ... in 0.01 seconds.
Computing conformer ARG01A0131_001 with delphi ... finished in 4.39 seconds.
Computing conformer ARG02A0131_002 with delphi ... finished in 4.38 seconds.
Computing conformer ARG03A0131_003 with delphi ... finished in 4.40 seconds.
Computing conformer ARG+1A0131_004 with delphi ... finished in 4.38 seconds.
Skipping conformer LEU01A0133_001, no charge, skip ... in 0.01 seconds.
Computing conformer ASP01A0134_001 with delphi ... finished in 4.40 seconds.
Computing conformer ASP01A0134_002 with delphi ... finished in 4.41 seconds.
Computing conformer ASP02A0134_003 with delphi ... finished in 4.47 seconds.
Computing conformer ASP02A0134_004 with delphi ... finished in 4.44 seconds.
Computing conformer ASP-1A0134_005 with delphi ... finished in 4.39 seconds.
Skipping conformer PHE01A0135_001, no charge, skip ... in 0.01 seconds.
Skipping conformer LEU01A0136_001, no charge, skip ... in 0.03 seconds.
Computing conformer HIS01A0137_001 with delphi ... finished in 4.42 seconds.
Computing conformer HIS02A0137_002 with delphi ... finished in 4.44 seconds.
Computing conformer HIS+1A0137_003 with delphi ... finished in 4.40 seconds.
Computing conformer SER01A0138_001 with delphi ... finished in 4.40 seconds.
Computing conformer SER01A0138_002 with delphi ... finished in 4.41 seconds.
Computing conformer SER01A0138_003 with delphi ... finished in 4.39 seconds.
Computing conformer HIS01A0139_001 with delphi ... finished in 4.63 seconds.
Computing conformer HIS01A0139_002 with delphi ... finished in 4.38 seconds.
Computing conformer HIS02A0139_003 with delphi ... finished in 4.39 seconds.
Computing conformer HIS02A0139_004 with delphi ... finished in 4.43 seconds.
Computing conformer HIS+1A0139_005 with delphi ... finished in 4.42 seconds.
Computing conformer HIS+1A0139_006 with delphi ... finished in 4.38 seconds.
Computing conformer ARG01A0140_001 with delphi ... finished in 4.36 seconds.
Computing conformer ARG02A0140_002 with delphi ... finished in 4.36 seconds.
Computing conformer ARG03A0140_003 with delphi ... finished in 4.40 seconds.
Computing conformer ARG+1A0140_004 with delphi ... finished in 4.33 seconds.
Skipping conformer VAL01A0141_001, no charge, skip ... in 0.03 seconds.
Skipping conformer VAL01A0142_001, no charge, skip ... in 0.01 seconds.
Computing conformer HIS01A0143_001 with delphi ... finished in 4.45 seconds.
Computing conformer HIS02A0143_002 with delphi ... finished in 4.45 seconds.
Computing conformer HIS+1A0143_003 with delphi ... finished in 4.48 seconds.
Computing conformer ARG01A0144_001 with delphi ... finished in 4.48 seconds.
Computing conformer ARG02A0144_002 with delphi ... finished in 4.40 seconds.
Computing conformer ARG03A0144_003 with delphi ... finished in 4.40 seconds.
Computing conformer ARG+1A0144_004 with delphi ... finished in 4.40 seconds.
Computing conformer ASP01A0145_001 with delphi ... finished in 4.51 seconds.
Computing conformer ASP01A0145_002 with delphi ... finished in 4.48 seconds.
Computing conformer ASP02A0145_003 with delphi ... finished in 4.52 seconds.
Computing conformer ASP02A0145_004 with delphi ... finished in 4.44 seconds.
Computing conformer ASP-1A0145_005 with delphi ... finished in 4.41 seconds.
Skipping conformer LEU01A0146_001, no charge, skip ... in 0.03 seconds.
Computing conformer LYS01A0147_001 with delphi ... finished in 4.48 seconds.
Computing conformer LYS+1A0147_002 with delphi ... finished in 4.42 seconds.
Skipping conformer PRO01A0148_001, no charge, skip ... in 0.01 seconds.
Computing conformer GLN01A0149_001 with delphi ... finished in 4.42 seconds.
Computing conformer GLN01A0149_002 with delphi ... finished in 4.41 seconds.
Computing conformer ASN01A0150_001 with delphi ... finished in 4.50 seconds.
Computing conformer ASN01A0150_002 with delphi ... finished in 4.55 seconds.
Skipping conformer ILE01A0151_001, no charge, skip ... in 0.03 seconds.
Skipping conformer LEU01A0152_001, no charge, skip ... in 0.01 seconds.
Skipping conformer VAL01A0153_001, no charge, skip ... in 0.01 seconds.
Computing conformer THR01A0154_001 with delphi ... finished in 4.38 seconds.
Computing conformer THR01A0154_002 with delphi ... finished in 4.39 seconds.
Computing conformer SER01A0155_001 with delphi ... finished in 4.40 seconds.
Computing conformer SER01A0155_002 with delphi ... finished in 4.39 seconds.
Computing conformer SER01A0156_001 with delphi ... finished in 4.36 seconds.
Computing conformer GLN01A0158_001 with delphi ... finished in 4.46 seconds.
Computing conformer GLN01A0158_002 with delphi ... finished in 4.39 seconds.
Skipping conformer ILE01A0159_001, no charge, skip ... in 0.01 seconds.
Computing conformer LYS01A0160_001 with delphi ... finished in 4.38 seconds.
Computing conformer LYS+1A0160_002 with delphi ... finished in 4.46 seconds.
Skipping conformer LEU01A0161_001, no charge, skip ... in 0.01 seconds.
Skipping conformer ALA01A0162_001, no charge, skip ... in 0.03 seconds.
