ForkPoolWorker-1: Calling delphi to calculate conformer 0WN+1A1101_001 in /tmp/pbe_data.data.home.granepura.5-kinases.cof_tpl_mg.run_cof2.4g5p_0WN+1A1101_001
ForkPoolWorker-1: Calling delphi to calculate conformer 0WN01A1101_002 in /tmp/pbe_data.data.home.granepura.5-kinases.cof_tpl_mg.run_cof2.4g5p_0WN01A1101_002
ForkPoolWorker-1: Calling delphi to calculate conformer 0WN+aA1101_003 in /tmp/pbe_data.data.home.granepura.5-kinases.cof_tpl_mg.run_cof2.4g5p_0WN+aA1101_003
ForkPoolWorker-1: Calling delphi to calculate conformer 0WN+1A1101_001 in /tmp/pbe_data.data.home.granepura.5-kinases.cof_tpl_mg.run_cof2.4G5P_0WN+1A1101_001
ForkPoolWorker-1: Calling delphi to calculate conformer 0WN01A1101_002 in /tmp/pbe_data.data.home.granepura.5-kinases.cof_tpl_mg.run_cof2.4G5P_0WN01A1101_002
ForkPoolWorker-1: Calling delphi to calculate conformer 0WN+aA1101_003 in /tmp/pbe_data.data.home.granepura.5-kinases.cof_tpl_mg.run_cof2.4G5P_0WN+aA1101_003
ForkPoolWorker-1: Calling delphi to calculate conformer 0WN+1A1101_001 in /tmp/pbe_data.data.home.granepura.5-kinases.cof_tpl_mg.run_cof2.4G5P_0WN+1A1101_001
ForkPoolWorker-1: Calling delphi to calculate conformer 0WN01A1101_002 in /tmp/pbe_data.data.home.granepura.5-kinases.cof_tpl_mg.run_cof2.4G5P_0WN01A1101_002
ForkPoolWorker-1: Calling delphi to calculate conformer 0WN+aA1101_003 in /tmp/pbe_data.data.home.granepura.5-kinases.cof_tpl_mg.run_cof2.4G5P_0WN+aA1101_003
ForkPoolWorker-1: Calling delphi to calculate conformer 0WN+1A1101_001 in /tmp/pbe_data.data.home.granepura.5-kinases.cof_tpl_mg.run_cof2.4G5P_0WN+1A1101_001
ForkPoolWorker-1: Calling delphi to calculate conformer 0WN01A1101_002 in /tmp/pbe_data.data.home.granepura.5-kinases.cof_tpl_mg.run_cof2.4G5P_0WN01A1101_002
ForkPoolWorker-1: Calling delphi to calculate conformer 0WN+aA1101_003 in /tmp/pbe_data.data.home.granepura.5-kinases.cof_tpl_mg.run_cof2.4G5P_0WN+aA1101_003
ForkPoolWorker-1: Calling delphi to calculate conformer 0WN+1A1101_001 in /tmp/pbe_data.data.home.granepura.5-kinases.cof_tpl_mg.run_cof2.4G5P_0WN+1A1101_001
ForkPoolWorker-1: Calling delphi to calculate conformer 0WN01A1101_002 in /tmp/pbe_data.data.home.granepura.5-kinases.cof_tpl_mg.run_cof2.4G5P_0WN01A1101_002
ForkPoolWorker-1: Calling delphi to calculate conformer 0WN+aA1101_003 in /tmp/pbe_data.data.home.granepura.5-kinases.cof_tpl_mg.run_cof2.4G5P_0WN+aA1101_003
ForkPoolWorker-1: Calling delphi to calculate conformer 0WN+1A1101_001 in /tmp/pbe_data.data.home.granepura.5-kinases.cof_tpl_mg.run_cof2.4G5P_0WN+1A1101_001
ForkPoolWorker-1: Calling delphi to calculate conformer 0WN01A1101_002 in /tmp/pbe_data.data.home.granepura.5-kinases.cof_tpl_mg.run_cof2.4G5P_0WN01A1101_002
ForkPoolWorker-1: Calling delphi to calculate conformer 0WN+aA1101_003 in /tmp/pbe_data.data.home.granepura.5-kinases.cof_tpl_mg.run_cof2.4G5P_0WN+aA1101_003
ForkPoolWorker-1: Calling delphi to calculate conformer (1/3) 0WN+1A1101_001 in /tmp/pbe_data.data.home.schowdhury.Project_kinases.cof_tpl_mg.run_cof2.4G5P_0WN+1A1101_001
ForkPoolWorker-1: Calling delphi to calculate conformer (2/3) 0WN01A1101_002 in /tmp/pbe_data.data.home.schowdhury.Project_kinases.cof_tpl_mg.run_cof2.4G5P_0WN01A1101_002
ForkPoolWorker-1: Calling delphi to calculate conformer (3/3) 0WN+aA1101_003 in /tmp/pbe_data.data.home.schowdhury.Project_kinases.cof_tpl_mg.run_cof2.4G5P_0WN+aA1101_003
