================================================================
<<< MCCE Multi-Conformation Continuum Electrostatics >>>        
 Marilyn Gunner's Lab at City College of New York, 2023         
----------------------------------------------------------------
Version:         4.0                                            
MCCE Home:                                                      
  Private (Dev): https://github.com/GunnerLab/MCCE4             
  Public:        https://github.com/GunnerLab/MCCE4-Alpha       
  Docs:          https://gunnerlab.github.io/mcce4_tutorial/    
Support:         https://github.com/GunnerLab/MCCE4-Alpha/issues
Developed by:    The Gunner Lab                                 
                 https://gunnerlab.ccny.cuny.edu/               
Citations:       If you publish data calculated with MCCE, please cite the papers in
                 https://gunnerlab.github.io/mcce4_tutorial/docs/mcce/
================================================================
Step 0. Initialize enviroment
   Load run control file "run.prm"...
   Done

   Tentatively load local param file "new.tpl"...   No such file, ignore.
   Done

   Load parameters from directory "./param" ... 
   Done

   Load linear free energy correction parameters from "./user_param/extra.tpl"...
   File loaded.
   Done

Step 0 Done.

Not doing "Step 1. Test and format structral file"

Step 2. Make multi side chain conformers
   Load step 1 output file step1_out.pdb...
   Done

   Rotamer statistics is dynamically updated in file "rot_stat"

   Remove redundant heavy atom conformers in step1_out.pdb
   0 conformers were deleted.
   Done


   Relax crystal water..
   Done

   Prepare for rotamer making ...
   Deleting H atoms...2460 H atoms were deleted.
   Warning! assign_vdw_param(): missing parameter(s), default value is used and saved in debug.log.
   Assigning radii.
   Estimating Solvent Accessible Surface (SAS).
   Done.

   Swap atoms...
   Done


   Extra rotamers...
   Done


   Delete duplicate conformers ... 0 conformers deleted.
   Done. Time spent = 0

   Prune rotamers by self VDW potential...
   1 TORSION parameters were guessed and recorded in file debug.log.
   Modify and put them into a param file to have the full control.
   Missing atom HG12 at slot    4 of conf VAL01 in "VAL A 603 01".
   Missing atom HG13 at slot    5 of conf VAL01 in "VAL A 603 01".
   Missing atom HG22 at slot    8 of conf VAL01 in "VAL A 603 01".
   Missing atom HG23 at slot    9 of conf VAL01 in "VAL A 603 01".
   Missing atom HD12 at slot    7 of conf LEU01 in "LEU A 610 01".
   Missing atom HD13 at slot    8 of conf LEU01 in "LEU A 610 01".
   Missing atom HD22 at slot   11 of conf LEU01 in "LEU A 610 01".
   Missing atom HD23 at slot   12 of conf LEU01 in "LEU A 610 01".
   Missing atom HD12 at slot    7 of conf LEU01 in "LEU A 616 01".
   Missing atom HD13 at slot    8 of conf LEU01 in "LEU A 616 01".
   Missing atom HD22 at slot   11 of conf LEU01 in "LEU A 616 01".
   Missing atom HD23 at slot   12 of conf LEU01 in "LEU A 616 01".
   Missing atom HG12 at slot    4 of conf VAL01 in "VAL A 624 01".
   Missing atom HG13 at slot    5 of conf VAL01 in "VAL A 624 01".
   Missing atom HG22 at slot    8 of conf VAL01 in "VAL A 624 01".
   Missing atom HG23 at slot    9 of conf VAL01 in "VAL A 624 01".
   Missing atom HD12 at slot    7 of conf LEU01 in "LEU A 626 01".
   Missing atom HD13 at slot    8 of conf LEU01 in "LEU A 626 01".
   Missing atom HD22 at slot   11 of conf LEU01 in "LEU A 626 01".
   Missing atom HD23 at slot   12 of conf LEU01 in "LEU A 626 01".
   Missing atom HG12 at slot    4 of conf VAL01 in "VAL A 629 01".
   Missing atom HG13 at slot    5 of conf VAL01 in "VAL A 629 01".
   Missing atom HG22 at slot    8 of conf VAL01 in "VAL A 629 01".
   Missing atom HG23 at slot    9 of conf VAL01 in "VAL A 629 01".
   Missing atom HD12 at slot    7 of conf LEU01 in "LEU A 635 01".
   Missing atom HD13 at slot    8 of conf LEU01 in "LEU A 635 01".
   Missing atom HD22 at slot   11 of conf LEU01 in "LEU A 635 01".
   Missing atom HD23 at slot   12 of conf LEU01 in "LEU A 635 01".
   Missing atom HG12 at slot    4 of conf VAL01 in "VAL A 636 01".
   Missing atom HG13 at slot    5 of conf VAL01 in "VAL A 636 01".
   Missing atom HG22 at slot    8 of conf VAL01 in "VAL A 636 01".
   Missing atom HG23 at slot    9 of conf VAL01 in "VAL A 636 01".
   Missing atom HD12 at slot    7 of conf LEU01 in "LEU A 638 01".
   Missing atom HD13 at slot    8 of conf LEU01 in "LEU A 638 01".
   Missing atom HD22 at slot   11 of conf LEU01 in "LEU A 638 01".
   Missing atom HD23 at slot   12 of conf LEU01 in "LEU A 638 01".
   Missing atom HD12 at slot    7 of conf LEU01 in "LEU A 642 01".
   Missing atom HD13 at slot    8 of conf LEU01 in "LEU A 642 01".
   Missing atom HD22 at slot   11 of conf LEU01 in "LEU A 642 01".
   Missing atom HD23 at slot   12 of conf LEU01 in "LEU A 642 01".
   Missing atom HG12 at slot    4 of conf VAL01 in "VAL A 644 01".
   Missing atom HG13 at slot    5 of conf VAL01 in "VAL A 644 01".
   Missing atom HG22 at slot    8 of conf VAL01 in "VAL A 644 01".
   Missing atom HG23 at slot    9 of conf VAL01 in "VAL A 644 01".
   Missing atom HD12 at slot    7 of conf LEU01 in "LEU A 650 01".
   Missing atom HD13 at slot    8 of conf LEU01 in "LEU A 650 01".
   Missing atom HD22 at slot   11 of conf LEU01 in "LEU A 650 01".
   Missing atom HD23 at slot   12 of conf LEU01 in "LEU A 650 01".
   Missing atom HD12 at slot    7 of conf LEU01 in "LEU A 651 01".
   Missing atom HD13 at slot    8 of conf LEU01 in "LEU A 651 01".
   Missing atom HD22 at slot   11 of conf LEU01 in "LEU A 651 01".
   Missing atom HD23 at slot   12 of conf LEU01 in "LEU A 651 01".
   Missing atom HG12 at slot    4 of conf VAL01 in "VAL A 652 01".
   Missing atom HG13 at slot    5 of conf VAL01 in "VAL A 652 01".
   Missing atom HG22 at slot    8 of conf VAL01 in "VAL A 652 01".
   Missing atom HG23 at slot    9 of conf VAL01 in "VAL A 652 01".
   Missing atom  HB2 at slot    2 of conf ALA01 in "ALA A 653 01".
   Missing atom  HB3 at slot    3 of conf ALA01 in "ALA A 653 01".
   Missing atom HG12 at slot    4 of conf VAL01 in "VAL A 654 01".
   Missing atom HG13 at slot    5 of conf VAL01 in "VAL A 654 01".
   Missing atom HG22 at slot    8 of conf VAL01 in "VAL A 654 01".
   Missing atom HG23 at slot    9 of conf VAL01 in "VAL A 654 01".
   Missing atom HG22 at slot    7 of conf ILE01 in "ILE A 656 01".
   Missing atom HG23 at slot    8 of conf ILE01 in "ILE A 656 01".
   Missing atom HD12 at slot   11 of conf ILE01 in "ILE A 656 01".
   Missing atom HD13 at slot   12 of conf ILE01 in "ILE A 656 01".
   Missing atom HD12 at slot    7 of conf LEU01 in "LEU A 657 01".
   Missing atom HD13 at slot    8 of conf LEU01 in "LEU A 657 01".
   Missing atom HD22 at slot   11 of conf LEU01 in "LEU A 657 01".
   Missing atom HD23 at slot   12 of conf LEU01 in "LEU A 657 01".
   Missing atom  HB2 at slot    2 of conf ALA01 in "ALA A 661 01".
   Missing atom  HB3 at slot    3 of conf ALA01 in "ALA A 661 01".
   Missing atom HG22 at slot    6 of conf THR01 in "THR A 662 01".
   Missing atom HG23 at slot    7 of conf THR01 in "THR A 662 01".
   Missing atom HG22 at slot    6 of conf THR01 in "THR A 662 02".
   Missing atom HG23 at slot    7 of conf THR01 in "THR A 662 02".
   Missing atom HG22 at slot    6 of conf THR01 in "THR A 662 03".
   Missing atom HG23 at slot    7 of conf THR01 in "THR A 662 03".
   Missing atom  HB2 at slot    2 of conf ALA01 in "ALA A 665 01".
   Missing atom  HB3 at slot    3 of conf ALA01 in "ALA A 665 01".
   Missing atom HD12 at slot    7 of conf LEU01 in "LEU A 670 01".
   Missing atom HD13 at slot    8 of conf LEU01 in "LEU A 670 01".
   Missing atom HD22 at slot   11 of conf LEU01 in "LEU A 670 01".
   Missing atom HD23 at slot   12 of conf LEU01 in "LEU A 670 01".
   Missing atom HG12 at slot    4 of conf VAL01 in "VAL A 673 01".
   Missing atom HG13 at slot    5 of conf VAL01 in "VAL A 673 01".
   Missing atom HG22 at slot    8 of conf VAL01 in "VAL A 673 01".
   Missing atom HG23 at slot    9 of conf VAL01 in "VAL A 673 01".
   Missing atom HG22 at slot    7 of conf ILE01 in "ILE A 675 01".
   Missing atom HG23 at slot    8 of conf ILE01 in "ILE A 675 01".
   Missing atom HD12 at slot   11 of conf ILE01 in "ILE A 675 01".
   Missing atom HD13 at slot   12 of conf ILE01 in "ILE A 675 01".
   Missing atom  HE2 at slot    9 of conf MET01 in "MET A 676 01".
   Missing atom  HE3 at slot   10 of conf MET01 in "MET A 676 01".
   Missing atom HD12 at slot    7 of conf LEU01 in "LEU A 679 01".
   Missing atom HD13 at slot    8 of conf LEU01 in "LEU A 679 01".
   Missing atom HD22 at slot   11 of conf LEU01 in "LEU A 679 01".
   Missing atom HD23 at slot   12 of conf LEU01 in "LEU A 679 01".
   Missing atom HG22 at slot    7 of conf ILE01 in "ILE A 684 01".
   Missing atom HG23 at slot    8 of conf ILE01 in "ILE A 684 01".
   Missing atom HD12 at slot   11 of conf ILE01 in "ILE A 684 01".
   Missing atom HD13 at slot   12 of conf ILE01 in "ILE A 684 01".
   Missing atom HG22 at slot    7 of conf ILE01 in "ILE A 685 01".
   Missing atom HG23 at slot    8 of conf ILE01 in "ILE A 685 01".
   Missing atom HD12 at slot   11 of conf ILE01 in "ILE A 685 01".
   Missing atom HD13 at slot   12 of conf ILE01 in "ILE A 685 01".
   Missing atom HD12 at slot    7 of conf LEU01 in "LEU A 687 01".
   Missing atom HD13 at slot    8 of conf LEU01 in "LEU A 687 01".
   Missing atom HD22 at slot   11 of conf LEU01 in "LEU A 687 01".
   Missing atom HD23 at slot   12 of conf LEU01 in "LEU A 687 01".
   Missing atom HD12 at slot    7 of conf LEU01 in "LEU A 688 01".
   Missing atom HD13 at slot    8 of conf LEU01 in "LEU A 688 01".
   Missing atom HD22 at slot   11 of conf LEU01 in "LEU A 688 01".
   Missing atom HD23 at slot   12 of conf LEU01 in "LEU A 688 01".
   Missing atom HG12 at slot    4 of conf VAL01 in "VAL A 690 01".
   Missing atom HG13 at slot    5 of conf VAL01 in "VAL A 690 01".
   Missing atom HG22 at slot    8 of conf VAL01 in "VAL A 690 01".
   Missing atom HG23 at slot    9 of conf VAL01 in "VAL A 690 01".
   Missing atom HG12 at slot    4 of conf VAL01 in "VAL A 692 01".
   Missing atom HG13 at slot    5 of conf VAL01 in "VAL A 692 01".
   Missing atom HG22 at slot    8 of conf VAL01 in "VAL A 692 01".
   Missing atom HG23 at slot    9 of conf VAL01 in "VAL A 692 01".
   Missing atom HD12 at slot    7 of conf LEU01 in "LEU A 697 01".
   Missing atom HD13 at slot    8 of conf LEU01 in "LEU A 697 01".
   Missing atom HD22 at slot   11 of conf LEU01 in "LEU A 697 01".
   Missing atom HD23 at slot   12 of conf LEU01 in "LEU A 697 01".
   Missing atom  HE2 at slot    9 of conf MET01 in "MET A 699 01".
   Missing atom  HE3 at slot   10 of conf MET01 in "MET A 699 01".
   Missing atom HG22 at slot    7 of conf ILE01 in "ILE A 700 01".
   Missing atom HG23 at slot    8 of conf ILE01 in "ILE A 700 01".
   Missing atom HD12 at slot   11 of conf ILE01 in "ILE A 700 01".
   Missing atom HD13 at slot   12 of conf ILE01 in "ILE A 700 01".
   Missing atom HG22 at slot    6 of conf THR01 in "THR A 701 01".
   Missing atom HG23 at slot    7 of conf THR01 in "THR A 701 01".
   Missing atom HG22 at slot    6 of conf THR01 in "THR A 701 02".
   Missing atom HG23 at slot    7 of conf THR01 in "THR A 701 02".
   Missing atom HG22 at slot    6 of conf THR01 in "THR A 701 03".
   Missing atom HG23 at slot    7 of conf THR01 in "THR A 701 03".
   Missing atom  HE2 at slot    9 of conf MET01 in "MET A 704 01".
   Missing atom  HE3 at slot   10 of conf MET01 in "MET A 704 01".
   Missing atom HD12 at slot    7 of conf LEU01 in "LEU A 709 01".
   Missing atom HD13 at slot    8 of conf LEU01 in "LEU A 709 01".
   Missing atom HD22 at slot   11 of conf LEU01 in "LEU A 709 01".
   Missing atom HD23 at slot   12 of conf LEU01 in "LEU A 709 01".
   Missing atom HD12 at slot    7 of conf LEU01 in "LEU A 713 01".
   Missing atom HD13 at slot    8 of conf LEU01 in "LEU A 713 01".
   Missing atom HD22 at slot   11 of conf LEU01 in "LEU A 713 01".
   Missing atom HD23 at slot   12 of conf LEU01 in "LEU A 713 01".
   Missing atom  HB2 at slot    2 of conf ALA01 in "ALA A 715 01".
   Missing atom  HB3 at slot    3 of conf ALA01 in "ALA A 715 01".
   Missing atom HD12 at slot    7 of conf LEU01 in "LEU A 718 01".
   Missing atom HD13 at slot    8 of conf LEU01 in "LEU A 718 01".
   Missing atom HD22 at slot   11 of conf LEU01 in "LEU A 718 01".
   Missing atom HD23 at slot   12 of conf LEU01 in "LEU A 718 01".
   Missing atom  HB2 at slot    2 of conf ALA01 in "ALA A 732 01".
   Missing atom  HB3 at slot    3 of conf ALA01 in "ALA A 732 01".
   1 TORSION parameters were guessed and recorded in file debug.log.
   Modify and put them into a param file to have the full control.
   Missing atom  HB2 at slot    2 of conf ALA01 in "ALA A 733 01".
   Missing atom  HB3 at slot    3 of conf ALA01 in "ALA A 733 01".
   Missing atom HG22 at slot    6 of conf THR01 in "THR A 737 01".
   Missing atom HG23 at slot    7 of conf THR01 in "THR A 737 01".
   Missing atom HG22 at slot    6 of conf THR01 in "THR A 737 02".
   Missing atom HG23 at slot    7 of conf THR01 in "THR A 737 02".
   Missing atom HG22 at slot    6 of conf THR01 in "THR A 737 03".
   Missing atom HG23 at slot    7 of conf THR01 in "THR A 737 03".
   Missing atom HG22 at slot    7 of conf ILE01 in "ILE A 738 01".
   Missing atom HG23 at slot    8 of conf ILE01 in "ILE A 738 01".
   Missing atom HD12 at slot   11 of conf ILE01 in "ILE A 738 01".
   Missing atom HD13 at slot   12 of conf ILE01 in "ILE A 738 01".
   Missing atom  HE2 at slot    9 of conf MET01 in "MET A 742 01".
   Missing atom  HE3 at slot   10 of conf MET01 in "MET A 742 01".
   Missing atom HD12 at slot    7 of conf LEU01 in "LEU A 743 01".
   Missing atom HD13 at slot    8 of conf LEU01 in "LEU A 743 01".
   Missing atom HD22 at slot   11 of conf LEU01 in "LEU A 743 01".
   Missing atom HD23 at slot   12 of conf LEU01 in "LEU A 743 01".
   Missing atom HD12 at slot    7 of conf LEU01 in "LEU A 744 01".
   Missing atom HD13 at slot    8 of conf LEU01 in "LEU A 744 01".
   Missing atom HD22 at slot   11 of conf LEU01 in "LEU A 744 01".
   Missing atom HD23 at slot   12 of conf LEU01 in "LEU A 744 01".
   Missing atom HG12 at slot    4 of conf VAL01 in "VAL A 746 01".
   Missing atom HG13 at slot    5 of conf VAL01 in "VAL A 746 01".
   Missing atom HG22 at slot    8 of conf VAL01 in "VAL A 746 01".
   Missing atom HG23 at slot    9 of conf VAL01 in "VAL A 746 01".
   Missing atom  HB2 at slot    2 of conf ALA01 in "ALA A 747 01".
   Missing atom  HB3 at slot    3 of conf ALA01 in "ALA A 747 01".
   Missing atom  HB2 at slot    2 of conf ALA01 in "ALA A 748 01".
   Missing atom  HB3 at slot    3 of conf ALA01 in "ALA A 748 01".
   Missing atom HG22 at slot    7 of conf ILE01 in "ILE A 750 01".
   Missing atom HG23 at slot    8 of conf ILE01 in "ILE A 750 01".
   Missing atom HD12 at slot   11 of conf ILE01 in "ILE A 750 01".
   Missing atom HD13 at slot   12 of conf ILE01 in "ILE A 750 01".
   Missing atom  HB2 at slot    2 of conf ALA01 in "ALA A 751 01".
   Missing atom  HB3 at slot    3 of conf ALA01 in "ALA A 751 01".
   Missing atom  HE2 at slot    9 of conf MET01 in "MET A 754 01".
   Missing atom  HE3 at slot   10 of conf MET01 in "MET A 754 01".
   Missing atom HD12 at slot    7 of conf LEU01 in "LEU A 757 01".
   Missing atom HD13 at slot    8 of conf LEU01 in "LEU A 757 01".
   Missing atom HD22 at slot   11 of conf LEU01 in "LEU A 757 01".
   Missing atom HD23 at slot   12 of conf LEU01 in "LEU A 757 01".
   Missing atom  HB2 at slot    2 of conf ALA01 in "ALA A 758 01".
   Missing atom  HB3 at slot    3 of conf ALA01 in "ALA A 758 01".
   Missing atom HG22 at slot    6 of conf THR01 in "THR A 759 01".
   Missing atom HG23 at slot    7 of conf THR01 in "THR A 759 01".
   Missing atom HG22 at slot    6 of conf THR01 in "THR A 759 02".
   Missing atom HG23 at slot    7 of conf THR01 in "THR A 759 02".
   Missing atom HG22 at slot    6 of conf THR01 in "THR A 759 03".
   Missing atom HG23 at slot    7 of conf THR01 in "THR A 759 03".
   Missing atom HD12 at slot    7 of conf LEU01 in "LEU A 760 01".
   Missing atom HD13 at slot    8 of conf LEU01 in "LEU A 760 01".
   Missing atom HD22 at slot   11 of conf LEU01 in "LEU A 760 01".
   Missing atom HD23 at slot   12 of conf LEU01 in "LEU A 760 01".
   Missing atom HG12 at slot    4 of conf VAL01 in "VAL A 763 01".
   Missing atom HG13 at slot    5 of conf VAL01 in "VAL A 763 01".
   Missing atom HG22 at slot    8 of conf VAL01 in "VAL A 763 01".
   Missing atom HG23 at slot    9 of conf VAL01 in "VAL A 763 01".
   Missing atom HD12 at slot    7 of conf LEU01 in "LEU A 767 01".
   Missing atom HD13 at slot    8 of conf LEU01 in "LEU A 767 01".
   Missing atom HD22 at slot   11 of conf LEU01 in "LEU A 767 01".
   Missing atom HD23 at slot   12 of conf LEU01 in "LEU A 767 01".
   Missing atom  HB2 at slot    2 of conf ALA01 in "ALA A 768 01".
   Missing atom  HB3 at slot    3 of conf ALA01 in "ALA A 768 01".
   Missing atom HG22 at slot    6 of conf THR01 in "THR A 769 01".
   Missing atom HG23 at slot    7 of conf THR01 in "THR A 769 01".
   Missing atom HG22 at slot    6 of conf THR01 in "THR A 769 02".
   Missing atom HG23 at slot    7 of conf THR01 in "THR A 769 02".
   Missing atom HG22 at slot    6 of conf THR01 in "THR A 769 03".
   Missing atom HG23 at slot    7 of conf THR01 in "THR A 769 03".
   Missing atom HD12 at slot    7 of conf LEU01 in "LEU A 773 01".
   Missing atom HD13 at slot    8 of conf LEU01 in "LEU A 773 01".
   Missing atom HD22 at slot   11 of conf LEU01 in "LEU A 773 01".
   Missing atom HD23 at slot   12 of conf LEU01 in "LEU A 773 01".
   Missing atom HG12 at slot    4 of conf VAL01 in "VAL A 774 01".
   Missing atom HG13 at slot    5 of conf VAL01 in "VAL A 774 01".
   Missing atom HG22 at slot    8 of conf VAL01 in "VAL A 774 01".
   Missing atom HG23 at slot    9 of conf VAL01 in "VAL A 774 01".
   Missing atom HG22 at slot    6 of conf THR01 in "THR A 779 01".
   Missing atom HG23 at slot    7 of conf THR01 in "THR A 779 01".
   Missing atom HG22 at slot    6 of conf THR01 in "THR A 779 02".
   Missing atom HG23 at slot    7 of conf THR01 in "THR A 779 02".
   Missing atom HG22 at slot    6 of conf THR01 in "THR A 779 03".
   Missing atom HG23 at slot    7 of conf THR01 in "THR A 779 03".
   Missing atom HG22 at slot    7 of conf ILE01 in "ILE A 780 01".
   Missing atom HG23 at slot    8 of conf ILE01 in "ILE A 780 01".
   Missing atom HD12 at slot   11 of conf ILE01 in "ILE A 780 01".
   Missing atom HD13 at slot   12 of conf ILE01 in "ILE A 780 01".
   Missing atom HG22 at slot    7 of conf ILE01 in "ILE A 782 01".
   Missing atom HG23 at slot    8 of conf ILE01 in "ILE A 782 01".
   Missing atom HD12 at slot   11 of conf ILE01 in "ILE A 782 01".
   Missing atom HD13 at slot   12 of conf ILE01 in "ILE A 782 01".
   Missing atom  HB2 at slot    2 of conf ALA01 in "ALA A 783 01".
   Missing atom  HB3 at slot    3 of conf ALA01 in "ALA A 783 01".
   Missing atom  HE2 at slot    9 of conf MET01 in "MET A 787 01".
   Missing atom  HE3 at slot   10 of conf MET01 in "MET A 787 01".
   Missing atom HD12 at slot    7 of conf LEU01 in "LEU A 791 01".
   Missing atom HD13 at slot    8 of conf LEU01 in "LEU A 791 01".
   Missing atom HD22 at slot   11 of conf LEU01 in "LEU A 791 01".
   Missing atom HD23 at slot   12 of conf LEU01 in "LEU A 791 01".
   Missing atom  HB2 at slot    2 of conf ALA01 in "ALA A 793 01".
   Missing atom  HB3 at slot    3 of conf ALA01 in "ALA A 793 01".
   Missing atom HG12 at slot    4 of conf VAL01 in "VAL A 799 01".
   Missing atom HG13 at slot    5 of conf VAL01 in "VAL A 799 01".
   Missing atom HG22 at slot    8 of conf VAL01 in "VAL A 799 01".
   Missing atom HG23 at slot    9 of conf VAL01 in "VAL A 799 01".
   Missing atom  HB2 at slot    2 of conf ALA01 in "ALA A 803 01".
   Missing atom  HB3 at slot    3 of conf ALA01 in "ALA A 803 01".
   Missing atom HG12 at slot    4 of conf VAL01 in "VAL A 804 01".
   Missing atom HG13 at slot    5 of conf VAL01 in "VAL A 804 01".
   Missing atom HG22 at slot    8 of conf VAL01 in "VAL A 804 01".
   Missing atom HG23 at slot    9 of conf VAL01 in "VAL A 804 01".
   Missing atom HD12 at slot    7 of conf LEU01 in "LEU A 805 01".
   Missing atom HD13 at slot    8 of conf LEU01 in "LEU A 805 01".
   Missing atom HD22 at slot   11 of conf LEU01 in "LEU A 805 01".
   Missing atom HD23 at slot   12 of conf LEU01 in "LEU A 805 01".
   Missing atom HG22 at slot    7 of conf ILE01 in "ILE A 807 01".
   Missing atom HG23 at slot    8 of conf ILE01 in "ILE A 807 01".
   Missing atom HD12 at slot   11 of conf ILE01 in "ILE A 807 01".
   Missing atom HD13 at slot   12 of conf ILE01 in "ILE A 807 01".
   Missing atom  HE2 at slot    9 of conf MET01 in "MET A 810 01".
   Missing atom  HE3 at slot   10 of conf MET01 in "MET A 810 01".
   Missing atom  HB2 at slot    2 of conf ALA01 in "ALA A 811 01".
   Missing atom  HB3 at slot    3 of conf ALA01 in "ALA A 811 01".
   Missing atom HG22 at slot    7 of conf ILE01 in "ILE A 815 01".
   Missing atom HG23 at slot    8 of conf ILE01 in "ILE A 815 01".
   Missing atom HD12 at slot   11 of conf ILE01 in "ILE A 815 01".
   Missing atom HD13 at slot   12 of conf ILE01 in "ILE A 815 01".
   Missing atom HD12 at slot    7 of conf LEU01 in "LEU A 816 01".
   Missing atom HD13 at slot    8 of conf LEU01 in "LEU A 816 01".
   Missing atom HD22 at slot   11 of conf LEU01 in "LEU A 816 01".
   Missing atom HD23 at slot   12 of conf LEU01 in "LEU A 816 01".
   Missing atom  HE2 at slot    9 of conf MET01 in "MET A 817 01".
   Missing atom  HE3 at slot   10 of conf MET01 in "MET A 817 01".
   Missing atom HG22 at slot    6 of conf THR01 in "THR A 821 01".
   Missing atom HG23 at slot    7 of conf THR01 in "THR A 821 01".
   Missing atom HG22 at slot    6 of conf THR01 in "THR A 821 02".
   Missing atom HG23 at slot    7 of conf THR01 in "THR A 821 02".
   Missing atom HG22 at slot    6 of conf THR01 in "THR A 821 03".
   Missing atom HG23 at slot    7 of conf THR01 in "THR A 821 03".
   Missing atom HG22 at slot    6 of conf THR01 in "THR A 822 01".
   Missing atom HG23 at slot    7 of conf THR01 in "THR A 822 01".
   Missing atom HG22 at slot    6 of conf THR01 in "THR A 822 02".
   Missing atom HG23 at slot    7 of conf THR01 in "THR A 822 02".
   Missing atom HG22 at slot    6 of conf THR01 in "THR A 822 03".
   Missing atom HG23 at slot    7 of conf THR01 in "THR A 822 03".
   Missing atom  HB2 at slot    2 of conf ALA01 in "ALA A 823 01".
   Missing atom  HB3 at slot    3 of conf ALA01 in "ALA A 823 01".
   Missing atom HG12 at slot    4 of conf VAL01 in "VAL A 826 01".
   Missing atom HG13 at slot    5 of conf VAL01 in "VAL A 826 01".
   Missing atom HG22 at slot    8 of conf VAL01 in "VAL A 826 01".
   Missing atom HG23 at slot    9 of conf VAL01 in "VAL A 826 01".
   Missing atom  HB2 at slot    2 of conf ALA01 in "ALA A 828 01".
   Missing atom  HB3 at slot    3 of conf ALA01 in "ALA A 828 01".
   Missing atom HG12 at slot    4 of conf VAL01 in "VAL A 831 01".
   Missing atom HG13 at slot    5 of conf VAL01 in "VAL A 831 01".
   Missing atom HG22 at slot    8 of conf VAL01 in "VAL A 831 01".
   Missing atom HG23 at slot    9 of conf VAL01 in "VAL A 831 01".
   Missing atom HG22 at slot    6 of conf THR01 in "THR A 832 01".
   Missing atom HG23 at slot    7 of conf THR01 in "THR A 832 01".
   Missing atom HG22 at slot    6 of conf THR01 in "THR A 832 02".
   Missing atom HG23 at slot    7 of conf THR01 in "THR A 832 02".
   Missing atom HG22 at slot    6 of conf THR01 in "THR A 832 03".
   Missing atom HG23 at slot    7 of conf THR01 in "THR A 832 03".
   Missing atom HD12 at slot    7 of conf LEU01 in "LEU A 833 01".
   Missing atom HD13 at slot    8 of conf LEU01 in "LEU A 833 01".
   Missing atom HD22 at slot   11 of conf LEU01 in "LEU A 833 01".
   Missing atom HD23 at slot   12 of conf LEU01 in "LEU A 833 01".
   Missing atom HG12 at slot    4 of conf VAL01 in "VAL A 836 01".
   Missing atom HG13 at slot    5 of conf VAL01 in "VAL A 836 01".
   Missing atom HG22 at slot    8 of conf VAL01 in "VAL A 836 01".
   Missing atom HG23 at slot    9 of conf VAL01 in "VAL A 836 01".
   Missing atom HD12 at slot    7 of conf LEU01 in "LEU A 837 01".
   Missing atom HD13 at slot    8 of conf LEU01 in "LEU A 837 01".
   Missing atom HD22 at slot   11 of conf LEU01 in "LEU A 837 01".
   Missing atom HD23 at slot   12 of conf LEU01 in "LEU A 837 01".
   Missing atom  HE2 at slot    9 of conf MET01 in "MET A 838 01".
   Missing atom  HE3 at slot   10 of conf MET01 in "MET A 838 01".
   Missing atom HD12 at slot    7 of conf LEU01 in "LEU A 839 01".
   Missing atom HD13 at slot    8 of conf LEU01 in "LEU A 839 01".
   Missing atom HD22 at slot   11 of conf LEU01 in "LEU A 839 01".
   Missing atom HD23 at slot   12 of conf LEU01 in "LEU A 839 01".
   Missing atom  HB2 at slot    2 of conf ALA01 in "ALA A 842 01".
   Missing atom  HB3 at slot    3 of conf ALA01 in "ALA A 842 01".
   Missing atom HD12 at slot    7 of conf LEU01 in "LEU A 848 01".
   Missing atom HD13 at slot    8 of conf LEU01 in "LEU A 848 01".
   Missing atom HD22 at slot   11 of conf LEU01 in "LEU A 848 01".
   Missing atom HD23 at slot   12 of conf LEU01 in "LEU A 848 01".
   Missing atom HG22 at slot    6 of conf THR01 in "THR A 849 01".
   Missing atom HG23 at slot    7 of conf THR01 in "THR A 849 01".
   Missing atom HG22 at slot    6 of conf THR01 in "THR A 849 02".
   Missing atom HG23 at slot    7 of conf THR01 in "THR A 849 02".
   Missing atom HG22 at slot    6 of conf THR01 in "THR A 849 03".
   Missing atom HG23 at slot    7 of conf THR01 in "THR A 849 03".
   Missing atom HG12 at slot    4 of conf VAL01 in "VAL A 853 01".
   Missing atom HG13 at slot    5 of conf VAL01 in "VAL A 853 01".
   Missing atom HG22 at slot    8 of conf VAL01 in "VAL A 853 01".
   Missing atom HG23 at slot    9 of conf VAL01 in "VAL A 853 01".
   Missing atom HG22 at slot    7 of conf ILE01 in "ILE A 854 01".
   Missing atom HG23 at slot    8 of conf ILE01 in "ILE A 854 01".
   Missing atom HD12 at slot   11 of conf ILE01 in "ILE A 854 01".
   Missing atom HD13 at slot   12 of conf ILE01 in "ILE A 854 01".
   Missing atom  HB2 at slot    2 of conf ALA01 in "ALA A 857 01".
   Missing atom  HB3 at slot    3 of conf ALA01 in "ALA A 857 01".
   Missing atom HG12 at slot    4 of conf VAL01 in "VAL A 868 01".
   Missing atom HG13 at slot    5 of conf VAL01 in "VAL A 868 01".
   Missing atom HG22 at slot    8 of conf VAL01 in "VAL A 868 01".
   Missing atom HG23 at slot    9 of conf VAL01 in "VAL A 868 01".
   Missing atom HD12 at slot    7 of conf LEU01 in "LEU A 870 01".
   Missing atom HD13 at slot    8 of conf LEU01 in "LEU A 870 01".
   Missing atom HD22 at slot   11 of conf LEU01 in "LEU A 870 01".
   Missing atom HD23 at slot   12 of conf LEU01 in "LEU A 870 01".
   Missing atom  HB2 at slot    2 of conf ALA01 in "ALA A 875 01".
   Missing atom  HB3 at slot    3 of conf ALA01 in "ALA A 875 01".
   Missing atom HD12 at slot    7 of conf LEU01 in "LEU A 880 01".
   Missing atom HD13 at slot    8 of conf LEU01 in "LEU A 880 01".
   Missing atom HD22 at slot   11 of conf LEU01 in "LEU A 880 01".
   Missing atom HD23 at slot   12 of conf LEU01 in "LEU A 880 01".
   Missing atom HD12 at slot    7 of conf LEU01 in "LEU A 883 01".
   Missing atom HD13 at slot    8 of conf LEU01 in "LEU A 883 01".
   Missing atom HD22 at slot   11 of conf LEU01 in "LEU A 883 01".
   Missing atom HD23 at slot   12 of conf LEU01 in "LEU A 883 01".
   Missing atom  HE2 at slot    9 of conf MET01 in "MET A 884 01".
   Missing atom  HE3 at slot   10 of conf MET01 in "MET A 884 01".
   Missing atom HD12 at slot    7 of conf LEU01 in "LEU A 885 01".
   Missing atom HD13 at slot    8 of conf LEU01 in "LEU A 885 01".
   Missing atom HD22 at slot   11 of conf LEU01 in "LEU A 885 01".
   Missing atom HD23 at slot   12 of conf LEU01 in "LEU A 885 01".
   Missing atom HD12 at slot    7 of conf LEU01 in "LEU A 901 01".
   Missing atom HD13 at slot    8 of conf LEU01 in "LEU A 901 01".
   Missing atom HD22 at slot   11 of conf LEU01 in "LEU A 901 01".
   Missing atom HD23 at slot   12 of conf LEU01 in "LEU A 901 01".
   Missing atom HD12 at slot    7 of conf LEU01 in "LEU A 905 01".
   Missing atom HD13 at slot    8 of conf LEU01 in "LEU A 905 01".
   Missing atom HD22 at slot   11 of conf LEU01 in "LEU A 905 01".
   Missing atom HD23 at slot   12 of conf LEU01 in "LEU A 905 01".
   Missing atom  HB2 at slot    2 of conf ALA01 in "ALA A 906 01".
   Missing atom  HB3 at slot    3 of conf ALA01 in "ALA A 906 01".
   Missing atom  HB2 at slot    2 of conf ALA01 in "ALA A 909 01".
   Missing atom  HB3 at slot    3 of conf ALA01 in "ALA A 909 01".
   Missing atom HD12 at slot    7 of conf LEU01 in "LEU A 910 01".
   Missing atom HD13 at slot    8 of conf LEU01 in "LEU A 910 01".
   Missing atom HD22 at slot   11 of conf LEU01 in "LEU A 910 01".
   Missing atom HD23 at slot   12 of conf LEU01 in "LEU A 910 01".
   Missing atom HG22 at slot    6 of conf THR01 in "THR A 912 01".
   Missing atom HG23 at slot    7 of conf THR01 in "THR A 912 01".
   Missing atom HG22 at slot    6 of conf THR01 in "THR A 912 02".
   Missing atom HG23 at slot    7 of conf THR01 in "THR A 912 02".
   Missing atom HG22 at slot    6 of conf THR01 in "THR A 912 03".
   Missing atom HG23 at slot    7 of conf THR01 in "THR A 912 03".
   Missing atom HG12 at slot    4 of conf VAL01 in "VAL A 913 01".
   Missing atom HG13 at slot    5 of conf VAL01 in "VAL A 913 01".
   Missing atom HG22 at slot    8 of conf VAL01 in "VAL A 913 01".
   Missing atom HG23 at slot    9 of conf VAL01 in "VAL A 913 01".
   Missing atom H11A at slot   56 of conf 0LI01 in "0LI A 1000 01".
   Missing atom H11B at slot   57 of conf 0LI01 in "0LI A 1000 01".
   Missing atom H25A at slot   64 of conf 0LI01 in "0LI A 1000 01".
   Missing atom H25B at slot   65 of conf 0LI01 in "0LI A 1000 01".
   Missing atom H11A at slot   56 of conf 0LI01 in "0LI A 1000 02".
   Missing atom H11B at slot   57 of conf 0LI01 in "0LI A 1000 02".
   Missing atom H25A at slot   64 of conf 0LI01 in "0LI A 1000 02".
   Missing atom H25B at slot   65 of conf 0LI01 in "0LI A 1000 02".
   2 TORSION parameters were guessed and recorded in file debug.log.
   Modify and put them into a param file to have the full control.
   Missing atom H11A at slot   56 of conf 0LI01 in "0LI A 1004 01".
   Missing atom H11B at slot   57 of conf 0LI01 in "0LI A 1004 01".
   Missing atom H25A at slot   64 of conf 0LI01 in "0LI A 1004 01".
   Missing atom H25B at slot   65 of conf 0LI01 in "0LI A 1004 01".
   Missing atom H11A at slot   56 of conf 0LI01 in "0LI A 1004 02".
   Missing atom H11B at slot   57 of conf 0LI01 in "0LI A 1004 02".
   Missing atom H25A at slot   64 of conf 0LI01 in "0LI A 1004 02".
   Missing atom H25B at slot   65 of conf 0LI01 in "0LI A 1004 02".
   Creating connectivity table...
   Computing self VDW potential. It may take a while...
   Warning! assign_vdw_param(): missing parameter(s), default value is used and saved in debug.log.
   Warning! assign_crg():      missing parameter(s), default value is used and saved in debug.log.
   Pruning rotamers...3 rotamers deleted.
   Done. Time spent = 0


   Tuning exposed rotamers...
   Done. Time spent = 2

   Hydrogen bond directed rotamer making...
   0 conformers are deleted to fit the limit (36) of derived conformer number
   Updating self vdw
   Pruning rotamers by new self energy...38 rotamers deleted.
   Done. Time spent = 0


   Repack side chains 5000 times, remove inaccessible conformers...
   Computing pairwise LJ potential. This may take a while.
      Estimated time on AMD 1.6GHz is 5 seconds.
      Actual time is 3
   Repacking in progress, see progress.log for details...
   Done. Time spent = 4


   Skip writing heavy atome rotamer pdb file hvrot.pdb
   Randomly prune conformers...
   Done

   Making ionization conformers...
   Done


   Add H atoms...
   4 TORSION parameters were guessed and recorded in file debug.log.
   Modify and put them into a param file to have the full control.
   clean up ...
   Warning! assign_vdw_param(): missing parameter(s), default value is used and saved in debug.log.
   Warning! assign_crg():      missing parameter(s), default value is used and saved in debug.log.
   Done

       43 conformers deleted in this cycle at    2.000    2.000    2.000

   Optimizing hydroxyl and water...
   Total number of atoms 9742
   Done. Time spent = 18


   Sorting conformers...
   Done

   Skip writing full rotamer file step2_out.full.
   Delete duplicate conformers ...
      7 conformers deleted in this cycle at    2.000    2.000    2.000
   Done. Time spent = 5


   Write output...
   Done

   Total time for step2 (rotamer making) is 40 seconds.

   Output files:
      step2_out.pdb   : mcce pdb file, the input of step 3
      head2.lst       : conformer summary
      step2_out.full  : rotamers without pairwise pruning.
      hvrot.pdb       : heavy atom rotamers, can be used recursively by step 2

Step 2 Done.

Not doing "Step 3. Compute energy lookup table"

Not doing "Step 4. Monte Carlo Sampling"

Not doing "Step 6. Hydrogen Bond Network Analysis"

