ForkPoolWorker-1: Calling delphi to calculate conformer (1/628) THR01A0815_001 in /tmp/pbe_data.data.home.granepura.5-Kinases.Kinases_MCCE.Trial01.run_apo.3LXK_THR01A0815_001
Skipping PBE solver for non-charge conformer (2/628) ILE01A0816_001...
Skipping PBE solver for non-charge conformer (3/628) PHE01A0817_001...
ForkPoolWorker-1: Calling delphi to calculate conformer (4/628) GLU01A0818_001 in /tmp/pbe_data.data.home.granepura.5-Kinases.Kinases_MCCE.Trial01.run_apo.3LXK_GLU01A0818_001
ForkPoolWorker-1: Calling delphi to calculate conformer (5/628) GLU01A0818_002 in /tmp/pbe_data.data.home.granepura.5-Kinases.Kinases_MCCE.Trial01.run_apo.3LXK_GLU01A0818_002
ForkPoolWorker-1: Calling delphi to calculate conformer (6/628) GLU02A0818_003 in /tmp/pbe_data.data.home.granepura.5-Kinases.Kinases_MCCE.Trial01.run_apo.3LXK_GLU02A0818_003
ForkPoolWorker-1: Calling delphi to calculate conformer (7/628) GLU02A0818_004 in /tmp/pbe_data.data.home.granepura.5-Kinases.Kinases_MCCE.Trial01.run_apo.3LXK_GLU02A0818_004
ForkPoolWorker-1: Calling delphi to calculate conformer (8/628) GLU-1A0818_005 in /tmp/pbe_data.data.home.granepura.5-Kinases.Kinases_MCCE.Trial01.run_apo.3LXK_GLU-1A0818_005
ForkPoolWorker-1: Calling delphi to calculate conformer (9/628) GLU01A0819_001 in /tmp/pbe_data.data.home.granepura.5-Kinases.Kinases_MCCE.Trial01.run_apo.3LXK_GLU01A0819_001
ForkPoolWorker-1: Calling delphi to calculate conformer (10/628) GLU01A0819_002 in /tmp/pbe_data.data.home.granepura.5-Kinases.Kinases_MCCE.Trial01.run_apo.3LXK_GLU01A0819_002
ForkPoolWorker-1: Calling delphi to calculate conformer (11/628) GLU02A0819_003 in /tmp/pbe_data.data.home.granepura.5-Kinases.Kinases_MCCE.Trial01.run_apo.3LXK_GLU02A0819_003
ForkPoolWorker-1: Calling delphi to calculate conformer (12/628) GLU02A0819_004 in /tmp/pbe_data.data.home.granepura.5-Kinases.Kinases_MCCE.Trial01.run_apo.3LXK_GLU02A0819_004
ForkPoolWorker-1: Calling delphi to calculate conformer (13/628) GLU-1A0819_005 in /tmp/pbe_data.data.home.granepura.5-Kinases.Kinases_MCCE.Trial01.run_apo.3LXK_GLU-1A0819_005
ForkPoolWorker-1: Calling delphi to calculate conformer (14/628) ARG01A0820_001 in /tmp/pbe_data.data.home.granepura.5-Kinases.Kinases_MCCE.Trial01.run_apo.3LXK_ARG01A0820_001
ForkPoolWorker-1: Calling delphi to calculate conformer (15/628) ARG02A0820_002 in /tmp/pbe_data.data.home.granepura.5-Kinases.Kinases_MCCE.Trial01.run_apo.3LXK_ARG02A0820_002
ForkPoolWorker-1: Calling delphi to calculate conformer (16/628) ARG02A0820_003 in /tmp/pbe_data.data.home.granepura.5-Kinases.Kinases_MCCE.Trial01.run_apo.3LXK_ARG02A0820_003
ForkPoolWorker-1: Calling delphi to calculate conformer (17/628) ARG03A0820_004 in /tmp/pbe_data.data.home.granepura.5-Kinases.Kinases_MCCE.Trial01.run_apo.3LXK_ARG03A0820_004
ForkPoolWorker-1: Calling delphi to calculate conformer (18/628) ARG+1A0820_005 in /tmp/pbe_data.data.home.granepura.5-Kinases.Kinases_MCCE.Trial01.run_apo.3LXK_ARG+1A0820_005
ForkPoolWorker-1: Calling delphi to calculate conformer (19/628) HIS01A0821_001 in /tmp/pbe_data.data.home.granepura.5-Kinases.Kinases_MCCE.Trial01.run_apo.3LXK_HIS01A0821_001
ForkPoolWorker-1: Calling delphi to calculate conformer (20/628) HIS01A0821_002 in /tmp/pbe_data.data.home.granepura.5-Kinases.Kinases_MCCE.Trial01.run_apo.3LXK_HIS01A0821_002
ForkPoolWorker-1: Calling delphi to calculate conformer (21/628) HIS02A0821_003 in /tmp/pbe_data.data.home.granepura.5-Kinases.Kinases_MCCE.Trial01.run_apo.3LXK_HIS02A0821_003
ForkPoolWorker-1: Calling delphi to calculate conformer (22/628) HIS02A0821_004 in /tmp/pbe_data.data.home.granepura.5-Kinases.Kinases_MCCE.Trial01.run_apo.3LXK_HIS02A0821_004
ForkPoolWorker-1: Calling delphi to calculate conformer (23/628) HIS+1A0821_005 in /tmp/pbe_data.data.home.granepura.5-Kinases.Kinases_MCCE.Trial01.run_apo.3LXK_HIS+1A0821_005
ForkPoolWorker-1: Calling delphi to calculate conformer (24/628) HIS+1A0821_006 in /tmp/pbe_data.data.home.granepura.5-Kinases.Kinases_MCCE.Trial01.run_apo.3LXK_HIS+1A0821_006
Skipping PBE solver for non-charge conformer (25/628) LEU01A0822_001...
ForkPoolWorker-1: Calling delphi to calculate conformer (26/628) LYS01A0823_001 in /tmp/pbe_data.data.home.granepura.5-Kinases.Kinases_MCCE.Trial01.run_apo.3LXK_LYS01A0823_001
ForkPoolWorker-1: Calling delphi to calculate conformer (27/628) LYS+1A0823_002 in /tmp/pbe_data.data.home.granepura.5-Kinases.Kinases_MCCE.Trial01.run_apo.3LXK_LYS+1A0823_002
ForkPoolWorker-1: Calling delphi to calculate conformer (28/628) TYR01A0824_001 in /tmp/pbe_data.data.home.granepura.5-Kinases.Kinases_MCCE.Trial01.run_apo.3LXK_TYR01A0824_001
ForkPoolWorker-1: Calling delphi to calculate conformer (29/628) TYR-1A0824_002 in /tmp/pbe_data.data.home.granepura.5-Kinases.Kinases_MCCE.Trial01.run_apo.3LXK_TYR-1A0824_002
Skipping PBE solver for non-charge conformer (30/628) ILE01A0825_001...
ForkPoolWorker-1: Calling delphi to calculate conformer (31/628) SER01A0826_001 in /tmp/pbe_data.data.home.granepura.5-Kinases.Kinases_MCCE.Trial01.run_apo.3LXK_SER01A0826_001
ForkPoolWorker-1: Calling delphi to calculate conformer (32/628) GLN01A0827_001 in /tmp/pbe_data.data.home.granepura.5-Kinases.Kinases_MCCE.Trial01.run_apo.3LXK_GLN01A0827_001
ForkPoolWorker-1: Calling delphi to calculate conformer (33/628) GLN01A0827_002 in /tmp/pbe_data.data.home.granepura.5-Kinases.Kinases_MCCE.Trial01.run_apo.3LXK_GLN01A0827_002
Skipping PBE solver for non-charge conformer (34/628) LEU01A0828_001...
ForkPoolWorker-1: Calling delphi to calculate conformer (35/628) LYS01A0830_001 in /tmp/pbe_data.data.home.granepura.5-Kinases.Kinases_MCCE.Trial01.run_apo.3LXK_LYS01A0830_001
ForkPoolWorker-1: Calling delphi to calculate conformer (36/628) LYS+1A0830_002 in /tmp/pbe_data.data.home.granepura.5-Kinases.Kinases_MCCE.Trial01.run_apo.3LXK_LYS+1A0830_002
ForkPoolWorker-1: Calling delphi to calculate conformer (37/628) ASN01A0832_001 in /tmp/pbe_data.data.home.granepura.5-Kinases.Kinases_MCCE.Trial01.run_apo.3LXK_ASN01A0832_001
ForkPoolWorker-1: Calling delphi to calculate conformer (38/628) ASN01A0832_002 in /tmp/pbe_data.data.home.granepura.5-Kinases.Kinases_MCCE.Trial01.run_apo.3LXK_ASN01A0832_002
Skipping PBE solver for non-charge conformer (39/628) PHE01A0833_001...
ForkPoolWorker-1: Calling delphi to calculate conformer (40/628) SER01A0835_001 in /tmp/pbe_data.data.home.granepura.5-Kinases.Kinases_MCCE.Trial01.run_apo.3LXK_SER01A0835_001
ForkPoolWorker-1: Calling delphi to calculate conformer (41/628) SER01A0835_002 in /tmp/pbe_data.data.home.granepura.5-Kinases.Kinases_MCCE.Trial01.run_apo.3LXK_SER01A0835_002
ForkPoolWorker-1: Calling delphi to calculate conformer (42/628) SER01A0835_003 in /tmp/pbe_data.data.home.granepura.5-Kinases.Kinases_MCCE.Trial01.run_apo.3LXK_SER01A0835_003
ForkPoolWorker-1: Calling delphi to calculate conformer (43/628) SER01A0835_004 in /tmp/pbe_data.data.home.granepura.5-Kinases.Kinases_MCCE.Trial01.run_apo.3LXK_SER01A0835_004
Skipping PBE solver for non-charge conformer (44/628) VAL01A0836_001...
ForkPoolWorker-1: Calling delphi to calculate conformer (45/628) GLU01A0837_001 in /tmp/pbe_data.data.home.granepura.5-Kinases.Kinases_MCCE.Trial01.run_apo.3LXK_GLU01A0837_001
ForkPoolWorker-1: Calling delphi to calculate conformer (46/628) GLU01A0837_002 in /tmp/pbe_data.data.home.granepura.5-Kinases.Kinases_MCCE.Trial01.run_apo.3LXK_GLU01A0837_002
ForkPoolWorker-1: Calling delphi to calculate conformer (47/628) GLU02A0837_003 in /tmp/pbe_data.data.home.granepura.5-Kinases.Kinases_MCCE.Trial01.run_apo.3LXK_GLU02A0837_003
ForkPoolWorker-1: Calling delphi to calculate conformer (48/628) GLU02A0837_004 in /tmp/pbe_data.data.home.granepura.5-Kinases.Kinases_MCCE.Trial01.run_apo.3LXK_GLU02A0837_004
ForkPoolWorker-1: Calling delphi to calculate conformer (49/628) GLU-1A0837_005 in /tmp/pbe_data.data.home.granepura.5-Kinases.Kinases_MCCE.Trial01.run_apo.3LXK_GLU-1A0837_005
Skipping PBE solver for non-charge conformer (50/628) LEU01A0838_001...
ForkPoolWorker-1: Calling delphi to calculate conformer (51/628) CYS01A0839_001 in /tmp/pbe_data.data.home.granepura.5-Kinases.Kinases_MCCE.Trial01.run_apo.3LXK_CYS01A0839_001
ForkPoolWorker-1: Calling delphi to calculate conformer (52/628) CYS01A0839_002 in /tmp/pbe_data.data.home.granepura.5-Kinases.Kinases_MCCE.Trial01.run_apo.3LXK_CYS01A0839_002
ForkPoolWorker-1: Calling delphi to calculate conformer (53/628) CYS01A0839_003 in /tmp/pbe_data.data.home.granepura.5-Kinases.Kinases_MCCE.Trial01.run_apo.3LXK_CYS01A0839_003
ForkPoolWorker-1: Calling delphi to calculate conformer (54/628) CYS-1A0839_004 in /tmp/pbe_data.data.home.granepura.5-Kinases.Kinases_MCCE.Trial01.run_apo.3LXK_CYS-1A0839_004
ForkPoolWorker-1: Calling delphi to calculate conformer (55/628) ARG01A0840_001 in /tmp/pbe_data.data.home.granepura.5-Kinases.Kinases_MCCE.Trial01.run_apo.3LXK_ARG01A0840_001
ForkPoolWorker-1: Calling delphi to calculate conformer (56/628) ARG02A0840_002 in /tmp/pbe_data.data.home.granepura.5-Kinases.Kinases_MCCE.Trial01.run_apo.3LXK_ARG02A0840_002
ForkPoolWorker-1: Calling delphi to calculate conformer (57/628) ARG03A0840_003 in /tmp/pbe_data.data.home.granepura.5-Kinases.Kinases_MCCE.Trial01.run_apo.3LXK_ARG03A0840_003
ForkPoolWorker-1: Calling delphi to calculate conformer (58/628) ARG+1A0840_004 in /tmp/pbe_data.data.home.granepura.5-Kinases.Kinases_MCCE.Trial01.run_apo.3LXK_ARG+1A0840_004
ForkPoolWorker-1: Calling delphi to calculate conformer (59/628) TYR01A0841_001 in /tmp/pbe_data.data.home.granepura.5-Kinases.Kinases_MCCE.Trial01.run_apo.3LXK_TYR01A0841_001
ForkPoolWorker-1: Calling delphi to calculate conformer (60/628) TYR-1A0841_002 in /tmp/pbe_data.data.home.granepura.5-Kinases.Kinases_MCCE.Trial01.run_apo.3LXK_TYR-1A0841_002
ForkPoolWorker-1: Calling delphi to calculate conformer (61/628) ASP01A0842_001 in /tmp/pbe_data.data.home.granepura.5-Kinases.Kinases_MCCE.Trial01.run_apo.3LXK_ASP01A0842_001
ForkPoolWorker-1: Calling delphi to calculate conformer (62/628) ASP01A0842_002 in /tmp/pbe_data.data.home.granepura.5-Kinases.Kinases_MCCE.Trial01.run_apo.3LXK_ASP01A0842_002
ForkPoolWorker-1: Calling delphi to calculate conformer (63/628) ASP02A0842_003 in /tmp/pbe_data.data.home.granepura.5-Kinases.Kinases_MCCE.Trial01.run_apo.3LXK_ASP02A0842_003
ForkPoolWorker-1: Calling delphi to calculate conformer (64/628) ASP02A0842_004 in /tmp/pbe_data.data.home.granepura.5-Kinases.Kinases_MCCE.Trial01.run_apo.3LXK_ASP02A0842_004
ForkPoolWorker-1: Calling delphi to calculate conformer (65/628) ASP-1A0842_005 in /tmp/pbe_data.data.home.granepura.5-Kinases.Kinases_MCCE.Trial01.run_apo.3LXK_ASP-1A0842_005
Skipping PBE solver for non-charge conformer (66/628) PRO01A0843_001...
Skipping PBE solver for non-charge conformer (67/628) LEU01A0844_001...
ForkPoolWorker-1: Calling delphi to calculate conformer (68/628) ASP01A0846_001 in /tmp/pbe_data.data.home.granepura.5-Kinases.Kinases_MCCE.Trial01.run_apo.3LXK_ASP01A0846_001
ForkPoolWorker-1: Calling delphi to calculate conformer (69/628) ASP01A0846_002 in /tmp/pbe_data.data.home.granepura.5-Kinases.Kinases_MCCE.Trial01.run_apo.3LXK_ASP01A0846_002
ForkPoolWorker-1: Calling delphi to calculate conformer (70/628) ASP02A0846_003 in /tmp/pbe_data.data.home.granepura.5-Kinases.Kinases_MCCE.Trial01.run_apo.3LXK_ASP02A0846_003
ForkPoolWorker-1: Calling delphi to calculate conformer (71/628) ASP02A0846_004 in /tmp/pbe_data.data.home.granepura.5-Kinases.Kinases_MCCE.Trial01.run_apo.3LXK_ASP02A0846_004
ForkPoolWorker-1: Calling delphi to calculate conformer (72/628) ASP-1A0846_005 in /tmp/pbe_data.data.home.granepura.5-Kinases.Kinases_MCCE.Trial01.run_apo.3LXK_ASP-1A0846_005
ForkPoolWorker-1: Calling delphi to calculate conformer (73/628) ASN01A0847_001 in /tmp/pbe_data.data.home.granepura.5-Kinases.Kinases_MCCE.Trial01.run_apo.3LXK_ASN01A0847_001
ForkPoolWorker-1: Calling delphi to calculate conformer (74/628) ASN01A0847_002 in /tmp/pbe_data.data.home.granepura.5-Kinases.Kinases_MCCE.Trial01.run_apo.3LXK_ASN01A0847_002
ForkPoolWorker-1: Calling delphi to calculate conformer (75/628) THR01A0848_001 in /tmp/pbe_data.data.home.granepura.5-Kinases.Kinases_MCCE.Trial01.run_apo.3LXK_THR01A0848_001
ForkPoolWorker-1: Calling delphi to calculate conformer (76/628) THR01A0848_002 in /tmp/pbe_data.data.home.granepura.5-Kinases.Kinases_MCCE.Trial01.run_apo.3LXK_THR01A0848_002
ForkPoolWorker-1: Calling delphi to calculate conformer (77/628) THR01A0848_003 in /tmp/pbe_data.data.home.granepura.5-Kinases.Kinases_MCCE.Trial01.run_apo.3LXK_THR01A0848_003
Skipping PBE solver for non-charge conformer (78/628) ALA01A0850_001...
Skipping PBE solver for non-charge conformer (79/628) LEU01A0851_001...
Skipping PBE solver for non-charge conformer (80/628) VAL01A0852_001...
Skipping PBE solver for non-charge conformer (81/628) ALA01A0853_001...
Skipping PBE solver for non-charge conformer (82/628) VAL01A0854_001...
ForkPoolWorker-1: Calling delphi to calculate conformer (83/628) LYS01A0855_001 in /tmp/pbe_data.data.home.granepura.5-Kinases.Kinases_MCCE.Trial01.run_apo.3LXK_LYS01A0855_001
ForkPoolWorker-1: Calling delphi to calculate conformer (84/628) LYS+1A0855_002 in /tmp/pbe_data.data.home.granepura.5-Kinases.Kinases_MCCE.Trial01.run_apo.3LXK_LYS+1A0855_002
ForkPoolWorker-1: Calling delphi to calculate conformer (85/628) GLN01A0856_001 in /tmp/pbe_data.data.home.granepura.5-Kinases.Kinases_MCCE.Trial01.run_apo.3LXK_GLN01A0856_001
ForkPoolWorker-1: Calling delphi to calculate conformer (86/628) GLN01A0856_002 in /tmp/pbe_data.data.home.granepura.5-Kinases.Kinases_MCCE.Trial01.run_apo.3LXK_GLN01A0856_002
Skipping PBE solver for non-charge conformer (87/628) LEU01A0857_001...
ForkPoolWorker-1: Calling delphi to calculate conformer (88/628) GLN01A0858_001 in /tmp/pbe_data.data.home.granepura.5-Kinases.Kinases_MCCE.Trial01.run_apo.3LXK_GLN01A0858_001
ForkPoolWorker-1: Calling delphi to calculate conformer (89/628) GLN01A0858_002 in /tmp/pbe_data.data.home.granepura.5-Kinases.Kinases_MCCE.Trial01.run_apo.3LXK_GLN01A0858_002
ForkPoolWorker-1: Calling delphi to calculate conformer (90/628) HIS01A0859_001 in /tmp/pbe_data.data.home.granepura.5-Kinases.Kinases_MCCE.Trial01.run_apo.3LXK_HIS01A0859_001
ForkPoolWorker-1: Calling delphi to calculate conformer (91/628) HIS01A0859_002 in /tmp/pbe_data.data.home.granepura.5-Kinases.Kinases_MCCE.Trial01.run_apo.3LXK_HIS01A0859_002
ForkPoolWorker-1: Calling delphi to calculate conformer (92/628) HIS02A0859_003 in /tmp/pbe_data.data.home.granepura.5-Kinases.Kinases_MCCE.Trial01.run_apo.3LXK_HIS02A0859_003
ForkPoolWorker-1: Calling delphi to calculate conformer (93/628) HIS02A0859_004 in /tmp/pbe_data.data.home.granepura.5-Kinases.Kinases_MCCE.Trial01.run_apo.3LXK_HIS02A0859_004
ForkPoolWorker-1: Calling delphi to calculate conformer (94/628) HIS+1A0859_005 in /tmp/pbe_data.data.home.granepura.5-Kinases.Kinases_MCCE.Trial01.run_apo.3LXK_HIS+1A0859_005
ForkPoolWorker-1: Calling delphi to calculate conformer (95/628) HIS+1A0859_006 in /tmp/pbe_data.data.home.granepura.5-Kinases.Kinases_MCCE.Trial01.run_apo.3LXK_HIS+1A0859_006
ForkPoolWorker-1: Calling delphi to calculate conformer (96/628) SER01A0860_001 in /tmp/pbe_data.data.home.granepura.5-Kinases.Kinases_MCCE.Trial01.run_apo.3LXK_SER01A0860_001
Skipping PBE solver for non-charge conformer (97/628) PRO01A0862_001...
ForkPoolWorker-1: Calling delphi to calculate conformer (98/628) ASP01A0863_001 in /tmp/pbe_data.data.home.granepura.5-Kinases.Kinases_MCCE.Trial01.run_apo.3LXK_ASP01A0863_001
ForkPoolWorker-1: Calling delphi to calculate conformer (99/628) ASP01A0863_002 in /tmp/pbe_data.data.home.granepura.5-Kinases.Kinases_MCCE.Trial01.run_apo.3LXK_ASP01A0863_002
ForkPoolWorker-1: Calling delphi to calculate conformer (100/628) ASP02A0863_003 in /tmp/pbe_data.data.home.granepura.5-Kinases.Kinases_MCCE.Trial01.run_apo.3LXK_ASP02A0863_003
ForkPoolWorker-1: Calling delphi to calculate conformer (101/628) ASP02A0863_004 in /tmp/pbe_data.data.home.granepura.5-Kinases.Kinases_MCCE.Trial01.run_apo.3LXK_ASP02A0863_004
ForkPoolWorker-1: Calling delphi to calculate conformer (102/628) ASP-1A0863_005 in /tmp/pbe_data.data.home.granepura.5-Kinases.Kinases_MCCE.Trial01.run_apo.3LXK_ASP-1A0863_005
ForkPoolWorker-1: Calling delphi to calculate conformer (103/628) GLN01A0864_001 in /tmp/pbe_data.data.home.granepura.5-Kinases.Kinases_MCCE.Trial01.run_apo.3LXK_GLN01A0864_001
ForkPoolWorker-1: Calling delphi to calculate conformer (104/628) GLN01A0864_002 in /tmp/pbe_data.data.home.granepura.5-Kinases.Kinases_MCCE.Trial01.run_apo.3LXK_GLN01A0864_002
ForkPoolWorker-1: Calling delphi to calculate conformer (105/628) GLN01A0865_001 in /tmp/pbe_data.data.home.granepura.5-Kinases.Kinases_MCCE.Trial01.run_apo.3LXK_GLN01A0865_001
ForkPoolWorker-1: Calling delphi to calculate conformer (106/628) GLN01A0865_002 in /tmp/pbe_data.data.home.granepura.5-Kinases.Kinases_MCCE.Trial01.run_apo.3LXK_GLN01A0865_002
ForkPoolWorker-1: Calling delphi to calculate conformer (107/628) ARG01A0866_001 in /tmp/pbe_data.data.home.granepura.5-Kinases.Kinases_MCCE.Trial01.run_apo.3LXK_ARG01A0866_001
ForkPoolWorker-1: Calling delphi to calculate conformer (108/628) ARG02A0866_002 in /tmp/pbe_data.data.home.granepura.5-Kinases.Kinases_MCCE.Trial01.run_apo.3LXK_ARG02A0866_002
ForkPoolWorker-1: Calling delphi to calculate conformer (109/628) ARG02A0866_003 in /tmp/pbe_data.data.home.granepura.5-Kinases.Kinases_MCCE.Trial01.run_apo.3LXK_ARG02A0866_003
ForkPoolWorker-1: Calling delphi to calculate conformer (110/628) ARG03A0866_004 in /tmp/pbe_data.data.home.granepura.5-Kinases.Kinases_MCCE.Trial01.run_apo.3LXK_ARG03A0866_004
ForkPoolWorker-1: Calling delphi to calculate conformer (111/628) ARG03A0866_005 in /tmp/pbe_data.data.home.granepura.5-Kinases.Kinases_MCCE.Trial01.run_apo.3LXK_ARG03A0866_005
ForkPoolWorker-1: Calling delphi to calculate conformer (112/628) ARG+1A0866_006 in /tmp/pbe_data.data.home.granepura.5-Kinases.Kinases_MCCE.Trial01.run_apo.3LXK_ARG+1A0866_006
ForkPoolWorker-1: Calling delphi to calculate conformer (113/628) ASP01A0867_001 in /tmp/pbe_data.data.home.granepura.5-Kinases.Kinases_MCCE.Trial01.run_apo.3LXK_ASP01A0867_001
ForkPoolWorker-1: Calling delphi to calculate conformer (114/628) ASP01A0867_002 in /tmp/pbe_data.data.home.granepura.5-Kinases.Kinases_MCCE.Trial01.run_apo.3LXK_ASP01A0867_002
ForkPoolWorker-1: Calling delphi to calculate conformer (115/628) ASP01A0867_003 in /tmp/pbe_data.data.home.granepura.5-Kinases.Kinases_MCCE.Trial01.run_apo.3LXK_ASP01A0867_003
ForkPoolWorker-1: Calling delphi to calculate conformer (116/628) ASP01A0867_004 in /tmp/pbe_data.data.home.granepura.5-Kinases.Kinases_MCCE.Trial01.run_apo.3LXK_ASP01A0867_004
ForkPoolWorker-1: Calling delphi to calculate conformer (117/628) ASP02A0867_005 in /tmp/pbe_data.data.home.granepura.5-Kinases.Kinases_MCCE.Trial01.run_apo.3LXK_ASP02A0867_005
ForkPoolWorker-1: Calling delphi to calculate conformer (118/628) ASP02A0867_006 in /tmp/pbe_data.data.home.granepura.5-Kinases.Kinases_MCCE.Trial01.run_apo.3LXK_ASP02A0867_006
ForkPoolWorker-1: Calling delphi to calculate conformer (119/628) ASP02A0867_007 in /tmp/pbe_data.data.home.granepura.5-Kinases.Kinases_MCCE.Trial01.run_apo.3LXK_ASP02A0867_007
ForkPoolWorker-1: Calling delphi to calculate conformer (120/628) ASP02A0867_008 in /tmp/pbe_data.data.home.granepura.5-Kinases.Kinases_MCCE.Trial01.run_apo.3LXK_ASP02A0867_008
ForkPoolWorker-1: Calling delphi to calculate conformer (121/628) ASP-1A0867_009 in /tmp/pbe_data.data.home.granepura.5-Kinases.Kinases_MCCE.Trial01.run_apo.3LXK_ASP-1A0867_009
ForkPoolWorker-1: Calling delphi to calculate conformer (122/628) ASP-1A0867_010 in /tmp/pbe_data.data.home.granepura.5-Kinases.Kinases_MCCE.Trial01.run_apo.3LXK_ASP-1A0867_010
Skipping PBE solver for non-charge conformer (123/628) PHE01A0868_001...
ForkPoolWorker-1: Calling delphi to calculate conformer (124/628) GLN01A0869_001 in /tmp/pbe_data.data.home.granepura.5-Kinases.Kinases_MCCE.Trial01.run_apo.3LXK_GLN01A0869_001
ForkPoolWorker-1: Calling delphi to calculate conformer (125/628) GLN01A0869_002 in /tmp/pbe_data.data.home.granepura.5-Kinases.Kinases_MCCE.Trial01.run_apo.3LXK_GLN01A0869_002
ForkPoolWorker-1: Calling delphi to calculate conformer (126/628) ARG01A0870_001 in /tmp/pbe_data.data.home.granepura.5-Kinases.Kinases_MCCE.Trial01.run_apo.3LXK_ARG01A0870_001
ForkPoolWorker-1: Calling delphi to calculate conformer (127/628) ARG02A0870_002 in /tmp/pbe_data.data.home.granepura.5-Kinases.Kinases_MCCE.Trial01.run_apo.3LXK_ARG02A0870_002
ForkPoolWorker-1: Calling delphi to calculate conformer (128/628) ARG03A0870_003 in /tmp/pbe_data.data.home.granepura.5-Kinases.Kinases_MCCE.Trial01.run_apo.3LXK_ARG03A0870_003
ForkPoolWorker-1: Calling delphi to calculate conformer (129/628) ARG03A0870_004 in /tmp/pbe_data.data.home.granepura.5-Kinases.Kinases_MCCE.Trial01.run_apo.3LXK_ARG03A0870_004
ForkPoolWorker-1: Calling delphi to calculate conformer (130/628) ARG+1A0870_005 in /tmp/pbe_data.data.home.granepura.5-Kinases.Kinases_MCCE.Trial01.run_apo.3LXK_ARG+1A0870_005
ForkPoolWorker-1: Calling delphi to calculate conformer (131/628) GLU01A0871_001 in /tmp/pbe_data.data.home.granepura.5-Kinases.Kinases_MCCE.Trial01.run_apo.3LXK_GLU01A0871_001
ForkPoolWorker-1: Calling delphi to calculate conformer (132/628) GLU01A0871_002 in /tmp/pbe_data.data.home.granepura.5-Kinases.Kinases_MCCE.Trial01.run_apo.3LXK_GLU01A0871_002
ForkPoolWorker-1: Calling delphi to calculate conformer (133/628) GLU02A0871_003 in /tmp/pbe_data.data.home.granepura.5-Kinases.Kinases_MCCE.Trial01.run_apo.3LXK_GLU02A0871_003
ForkPoolWorker-1: Calling delphi to calculate conformer (134/628) GLU02A0871_004 in /tmp/pbe_data.data.home.granepura.5-Kinases.Kinases_MCCE.Trial01.run_apo.3LXK_GLU02A0871_004
ForkPoolWorker-1: Calling delphi to calculate conformer (135/628) GLU-1A0871_005 in /tmp/pbe_data.data.home.granepura.5-Kinases.Kinases_MCCE.Trial01.run_apo.3LXK_GLU-1A0871_005
Skipping PBE solver for non-charge conformer (136/628) ILE01A0872_001...
ForkPoolWorker-1: Calling delphi to calculate conformer (137/628) GLN01A0873_001 in /tmp/pbe_data.data.home.granepura.5-Kinases.Kinases_MCCE.Trial01.run_apo.3LXK_GLN01A0873_001
ForkPoolWorker-1: Calling delphi to calculate conformer (138/628) GLN01A0873_002 in /tmp/pbe_data.data.home.granepura.5-Kinases.Kinases_MCCE.Trial01.run_apo.3LXK_GLN01A0873_002
Skipping PBE solver for non-charge conformer (139/628) ILE01A0874_001...
Skipping PBE solver for non-charge conformer (140/628) LEU01A0875_001...
ForkPoolWorker-1: Calling delphi to calculate conformer (141/628) LYS01A0876_001 in /tmp/pbe_data.data.home.granepura.5-Kinases.Kinases_MCCE.Trial01.run_apo.3LXK_LYS01A0876_001
ForkPoolWorker-1: Calling delphi to calculate conformer (142/628) LYS+1A0876_002 in /tmp/pbe_data.data.home.granepura.5-Kinases.Kinases_MCCE.Trial01.run_apo.3LXK_LYS+1A0876_002
Skipping PBE solver for non-charge conformer (143/628) ALA01A0877_001...
Skipping PBE solver for non-charge conformer (144/628) LEU01A0878_001...
ForkPoolWorker-1: Calling delphi to calculate conformer (145/628) HIS01A0879_001 in /tmp/pbe_data.data.home.granepura.5-Kinases.Kinases_MCCE.Trial01.run_apo.3LXK_HIS01A0879_001
ForkPoolWorker-1: Calling delphi to calculate conformer (146/628) HIS01A0879_002 in /tmp/pbe_data.data.home.granepura.5-Kinases.Kinases_MCCE.Trial01.run_apo.3LXK_HIS01A0879_002
ForkPoolWorker-1: Calling delphi to calculate conformer (147/628) HIS02A0879_003 in /tmp/pbe_data.data.home.granepura.5-Kinases.Kinases_MCCE.Trial01.run_apo.3LXK_HIS02A0879_003
ForkPoolWorker-1: Calling delphi to calculate conformer (148/628) HIS02A0879_004 in /tmp/pbe_data.data.home.granepura.5-Kinases.Kinases_MCCE.Trial01.run_apo.3LXK_HIS02A0879_004
ForkPoolWorker-1: Calling delphi to calculate conformer (149/628) HIS+1A0879_005 in /tmp/pbe_data.data.home.granepura.5-Kinases.Kinases_MCCE.Trial01.run_apo.3LXK_HIS+1A0879_005
ForkPoolWorker-1: Calling delphi to calculate conformer (150/628) HIS+1A0879_006 in /tmp/pbe_data.data.home.granepura.5-Kinases.Kinases_MCCE.Trial01.run_apo.3LXK_HIS+1A0879_006
ForkPoolWorker-1: Calling delphi to calculate conformer (151/628) SER01A0880_001 in /tmp/pbe_data.data.home.granepura.5-Kinases.Kinases_MCCE.Trial01.run_apo.3LXK_SER01A0880_001
ForkPoolWorker-1: Calling delphi to calculate conformer (152/628) SER01A0880_002 in /tmp/pbe_data.data.home.granepura.5-Kinases.Kinases_MCCE.Trial01.run_apo.3LXK_SER01A0880_002
ForkPoolWorker-1: Calling delphi to calculate conformer (153/628) ASP01A0881_001 in /tmp/pbe_data.data.home.granepura.5-Kinases.Kinases_MCCE.Trial01.run_apo.3LXK_ASP01A0881_001
ForkPoolWorker-1: Calling delphi to calculate conformer (154/628) ASP01A0881_002 in /tmp/pbe_data.data.home.granepura.5-Kinases.Kinases_MCCE.Trial01.run_apo.3LXK_ASP01A0881_002
ForkPoolWorker-1: Calling delphi to calculate conformer (155/628) ASP02A0881_003 in /tmp/pbe_data.data.home.granepura.5-Kinases.Kinases_MCCE.Trial01.run_apo.3LXK_ASP02A0881_003
ForkPoolWorker-1: Calling delphi to calculate conformer (156/628) ASP02A0881_004 in /tmp/pbe_data.data.home.granepura.5-Kinases.Kinases_MCCE.Trial01.run_apo.3LXK_ASP02A0881_004
ForkPoolWorker-1: Calling delphi to calculate conformer (157/628) ASP-1A0881_005 in /tmp/pbe_data.data.home.granepura.5-Kinases.Kinases_MCCE.Trial01.run_apo.3LXK_ASP-1A0881_005
Skipping PBE solver for non-charge conformer (158/628) PHE01A0882_001...
Skipping PBE solver for non-charge conformer (159/628) ILE01A0883_001...
Skipping PBE solver for non-charge conformer (160/628) VAL01A0884_001...
ForkPoolWorker-1: Calling delphi to calculate conformer (161/628) LYS01A0885_001 in /tmp/pbe_data.data.home.granepura.5-Kinases.Kinases_MCCE.Trial01.run_apo.3LXK_LYS01A0885_001
ForkPoolWorker-1: Calling delphi to calculate conformer (162/628) LYS+1A0885_002 in /tmp/pbe_data.data.home.granepura.5-Kinases.Kinases_MCCE.Trial01.run_apo.3LXK_LYS+1A0885_002
ForkPoolWorker-1: Calling delphi to calculate conformer (163/628) TYR01A0886_001 in /tmp/pbe_data.data.home.granepura.5-Kinases.Kinases_MCCE.Trial01.run_apo.3LXK_TYR01A0886_001
ForkPoolWorker-1: Calling delphi to calculate conformer (164/628) TYR-1A0886_002 in /tmp/pbe_data.data.home.granepura.5-Kinases.Kinases_MCCE.Trial01.run_apo.3LXK_TYR-1A0886_002
ForkPoolWorker-1: Calling delphi to calculate conformer (165/628) ARG01A0887_001 in /tmp/pbe_data.data.home.granepura.5-Kinases.Kinases_MCCE.Trial01.run_apo.3LXK_ARG01A0887_001
ForkPoolWorker-1: Calling delphi to calculate conformer (166/628) ARG02A0887_002 in /tmp/pbe_data.data.home.granepura.5-Kinases.Kinases_MCCE.Trial01.run_apo.3LXK_ARG02A0887_002
ForkPoolWorker-1: Calling delphi to calculate conformer (167/628) ARG03A0887_003 in /tmp/pbe_data.data.home.granepura.5-Kinases.Kinases_MCCE.Trial01.run_apo.3LXK_ARG03A0887_003
ForkPoolWorker-1: Calling delphi to calculate conformer (168/628) ARG+1A0887_004 in /tmp/pbe_data.data.home.granepura.5-Kinases.Kinases_MCCE.Trial01.run_apo.3LXK_ARG+1A0887_004
Skipping PBE solver for non-charge conformer (169/628) VAL01A0889_001...
ForkPoolWorker-1: Calling delphi to calculate conformer (170/628) SER01A0890_001 in /tmp/pbe_data.data.home.granepura.5-Kinases.Kinases_MCCE.Trial01.run_apo.3LXK_SER01A0890_001
ForkPoolWorker-1: Calling delphi to calculate conformer (171/628) SER01A0890_002 in /tmp/pbe_data.data.home.granepura.5-Kinases.Kinases_MCCE.Trial01.run_apo.3LXK_SER01A0890_002
ForkPoolWorker-1: Calling delphi to calculate conformer (172/628) SER01A0890_003 in /tmp/pbe_data.data.home.granepura.5-Kinases.Kinases_MCCE.Trial01.run_apo.3LXK_SER01A0890_003
ForkPoolWorker-1: Calling delphi to calculate conformer (173/628) SER01A0890_004 in /tmp/pbe_data.data.home.granepura.5-Kinases.Kinases_MCCE.Trial01.run_apo.3LXK_SER01A0890_004
ForkPoolWorker-1: Calling delphi to calculate conformer (174/628) SER01A0890_005 in /tmp/pbe_data.data.home.granepura.5-Kinases.Kinases_MCCE.Trial01.run_apo.3LXK_SER01A0890_005
ForkPoolWorker-1: Calling delphi to calculate conformer (175/628) SER01A0890_006 in /tmp/pbe_data.data.home.granepura.5-Kinases.Kinases_MCCE.Trial01.run_apo.3LXK_SER01A0890_006
ForkPoolWorker-1: Calling delphi to calculate conformer (176/628) TYR01A0891_001 in /tmp/pbe_data.data.home.granepura.5-Kinases.Kinases_MCCE.Trial01.run_apo.3LXK_TYR01A0891_001
ForkPoolWorker-1: Calling delphi to calculate conformer (177/628) TYR01A0891_002 in /tmp/pbe_data.data.home.granepura.5-Kinases.Kinases_MCCE.Trial01.run_apo.3LXK_TYR01A0891_002
ForkPoolWorker-1: Calling delphi to calculate conformer (178/628) TYR-1A0891_003 in /tmp/pbe_data.data.home.granepura.5-Kinases.Kinases_MCCE.Trial01.run_apo.3LXK_TYR-1A0891_003
Skipping PBE solver for non-charge conformer (179/628) PRO01A0893_001...
ForkPoolWorker-1: Calling delphi to calculate conformer (180/628) ARG01A0895_001 in /tmp/pbe_data.data.home.granepura.5-Kinases.Kinases_MCCE.Trial01.run_apo.3LXK_ARG01A0895_001
ForkPoolWorker-1: Calling delphi to calculate conformer (181/628) ARG02A0895_002 in /tmp/pbe_data.data.home.granepura.5-Kinases.Kinases_MCCE.Trial01.run_apo.3LXK_ARG02A0895_002
ForkPoolWorker-1: Calling delphi to calculate conformer (182/628) ARG03A0895_003 in /tmp/pbe_data.data.home.granepura.5-Kinases.Kinases_MCCE.Trial01.run_apo.3LXK_ARG03A0895_003
ForkPoolWorker-1: Calling delphi to calculate conformer (183/628) ARG03A0895_004 in /tmp/pbe_data.data.home.granepura.5-Kinases.Kinases_MCCE.Trial01.run_apo.3LXK_ARG03A0895_004
ForkPoolWorker-1: Calling delphi to calculate conformer (184/628) ARG+1A0895_005 in /tmp/pbe_data.data.home.granepura.5-Kinases.Kinases_MCCE.Trial01.run_apo.3LXK_ARG+1A0895_005
ForkPoolWorker-1: Calling delphi to calculate conformer (185/628) GLN01A0896_001 in /tmp/pbe_data.data.home.granepura.5-Kinases.Kinases_MCCE.Trial01.run_apo.3LXK_GLN01A0896_001
ForkPoolWorker-1: Calling delphi to calculate conformer (186/628) GLN01A0896_002 in /tmp/pbe_data.data.home.granepura.5-Kinases.Kinases_MCCE.Trial01.run_apo.3LXK_GLN01A0896_002
ForkPoolWorker-1: Calling delphi to calculate conformer (187/628) SER01A0897_001 in /tmp/pbe_data.data.home.granepura.5-Kinases.Kinases_MCCE.Trial01.run_apo.3LXK_SER01A0897_001
ForkPoolWorker-1: Calling delphi to calculate conformer (188/628) SER01A0897_002 in /tmp/pbe_data.data.home.granepura.5-Kinases.Kinases_MCCE.Trial01.run_apo.3LXK_SER01A0897_002
Skipping PBE solver for non-charge conformer (189/628) LEU01A0898_001...
ForkPoolWorker-1: Calling delphi to calculate conformer (190/628) ARG01A0899_001 in /tmp/pbe_data.data.home.granepura.5-Kinases.Kinases_MCCE.Trial01.run_apo.3LXK_ARG01A0899_001
ForkPoolWorker-1: Calling delphi to calculate conformer (191/628) ARG02A0899_002 in /tmp/pbe_data.data.home.granepura.5-Kinases.Kinases_MCCE.Trial01.run_apo.3LXK_ARG02A0899_002
ForkPoolWorker-1: Calling delphi to calculate conformer (192/628) ARG02A0899_003 in /tmp/pbe_data.data.home.granepura.5-Kinases.Kinases_MCCE.Trial01.run_apo.3LXK_ARG02A0899_003
ForkPoolWorker-1: Calling delphi to calculate conformer (193/628) ARG03A0899_004 in /tmp/pbe_data.data.home.granepura.5-Kinases.Kinases_MCCE.Trial01.run_apo.3LXK_ARG03A0899_004
ForkPoolWorker-1: Calling delphi to calculate conformer (194/628) ARG03A0899_005 in /tmp/pbe_data.data.home.granepura.5-Kinases.Kinases_MCCE.Trial01.run_apo.3LXK_ARG03A0899_005
ForkPoolWorker-1: Calling delphi to calculate conformer (195/628) ARG+1A0899_006 in /tmp/pbe_data.data.home.granepura.5-Kinases.Kinases_MCCE.Trial01.run_apo.3LXK_ARG+1A0899_006
Skipping PBE solver for non-charge conformer (196/628) LEU01A0900_001...
Skipping PBE solver for non-charge conformer (197/628) VAL01A0901_001...
ForkPoolWorker-1: Calling delphi to calculate conformer (198/628) MET01A0902_001 in /tmp/pbe_data.data.home.granepura.5-Kinases.Kinases_MCCE.Trial01.run_apo.3LXK_MET01A0902_001
ForkPoolWorker-1: Calling delphi to calculate conformer (199/628) GLU01A0903_001 in /tmp/pbe_data.data.home.granepura.5-Kinases.Kinases_MCCE.Trial01.run_apo.3LXK_GLU01A0903_001
ForkPoolWorker-1: Calling delphi to calculate conformer (200/628) GLU01A0903_002 in /tmp/pbe_data.data.home.granepura.5-Kinases.Kinases_MCCE.Trial01.run_apo.3LXK_GLU01A0903_002
ForkPoolWorker-1: Calling delphi to calculate conformer (201/628) GLU02A0903_003 in /tmp/pbe_data.data.home.granepura.5-Kinases.Kinases_MCCE.Trial01.run_apo.3LXK_GLU02A0903_003
ForkPoolWorker-1: Calling delphi to calculate conformer (202/628) GLU02A0903_004 in /tmp/pbe_data.data.home.granepura.5-Kinases.Kinases_MCCE.Trial01.run_apo.3LXK_GLU02A0903_004
ForkPoolWorker-1: Calling delphi to calculate conformer (203/628) GLU-1A0903_005 in /tmp/pbe_data.data.home.granepura.5-Kinases.Kinases_MCCE.Trial01.run_apo.3LXK_GLU-1A0903_005
ForkPoolWorker-1: Calling delphi to calculate conformer (204/628) TYR01A0904_001 in /tmp/pbe_data.data.home.granepura.5-Kinases.Kinases_MCCE.Trial01.run_apo.3LXK_TYR01A0904_001
ForkPoolWorker-1: Calling delphi to calculate conformer (205/628) TYR-1A0904_002 in /tmp/pbe_data.data.home.granepura.5-Kinases.Kinases_MCCE.Trial01.run_apo.3LXK_TYR-1A0904_002
Skipping PBE solver for non-charge conformer (206/628) LEU01A0905_001...
Skipping PBE solver for non-charge conformer (207/628) PRO01A0906_001...
ForkPoolWorker-1: Calling delphi to calculate conformer (208/628) SER01A0907_001 in /tmp/pbe_data.data.home.granepura.5-Kinases.Kinases_MCCE.Trial01.run_apo.3LXK_SER01A0907_001
ForkPoolWorker-1: Calling delphi to calculate conformer (209/628) SER01A0907_002 in /tmp/pbe_data.data.home.granepura.5-Kinases.Kinases_MCCE.Trial01.run_apo.3LXK_SER01A0907_002
ForkPoolWorker-1: Calling delphi to calculate conformer (210/628) CYS01A0909_001 in /tmp/pbe_data.data.home.granepura.5-Kinases.Kinases_MCCE.Trial01.run_apo.3LXK_CYS01A0909_001
ForkPoolWorker-1: Calling delphi to calculate conformer (211/628) CYS01A0909_002 in /tmp/pbe_data.data.home.granepura.5-Kinases.Kinases_MCCE.Trial01.run_apo.3LXK_CYS01A0909_002
ForkPoolWorker-1: Calling delphi to calculate conformer (212/628) CYS01A0909_003 in /tmp/pbe_data.data.home.granepura.5-Kinases.Kinases_MCCE.Trial01.run_apo.3LXK_CYS01A0909_003
ForkPoolWorker-1: Calling delphi to calculate conformer (213/628) CYS-1A0909_004 in /tmp/pbe_data.data.home.granepura.5-Kinases.Kinases_MCCE.Trial01.run_apo.3LXK_CYS-1A0909_004
Skipping PBE solver for non-charge conformer (214/628) LEU01A0910_001...
ForkPoolWorker-1: Calling delphi to calculate conformer (215/628) ARG01A0911_001 in /tmp/pbe_data.data.home.granepura.5-Kinases.Kinases_MCCE.Trial01.run_apo.3LXK_ARG01A0911_001
ForkPoolWorker-1: Calling delphi to calculate conformer (216/628) ARG02A0911_002 in /tmp/pbe_data.data.home.granepura.5-Kinases.Kinases_MCCE.Trial01.run_apo.3LXK_ARG02A0911_002
ForkPoolWorker-1: Calling delphi to calculate conformer (217/628) ARG03A0911_003 in /tmp/pbe_data.data.home.granepura.5-Kinases.Kinases_MCCE.Trial01.run_apo.3LXK_ARG03A0911_003
ForkPoolWorker-1: Calling delphi to calculate conformer (218/628) ARG+1A0911_004 in /tmp/pbe_data.data.home.granepura.5-Kinases.Kinases_MCCE.Trial01.run_apo.3LXK_ARG+1A0911_004
ForkPoolWorker-1: Calling delphi to calculate conformer (219/628) ASP01A0912_001 in /tmp/pbe_data.data.home.granepura.5-Kinases.Kinases_MCCE.Trial01.run_apo.3LXK_ASP01A0912_001
ForkPoolWorker-1: Calling delphi to calculate conformer (220/628) ASP01A0912_002 in /tmp/pbe_data.data.home.granepura.5-Kinases.Kinases_MCCE.Trial01.run_apo.3LXK_ASP01A0912_002
ForkPoolWorker-1: Calling delphi to calculate conformer (221/628) ASP02A0912_003 in /tmp/pbe_data.data.home.granepura.5-Kinases.Kinases_MCCE.Trial01.run_apo.3LXK_ASP02A0912_003
ForkPoolWorker-1: Calling delphi to calculate conformer (222/628) ASP02A0912_004 in /tmp/pbe_data.data.home.granepura.5-Kinases.Kinases_MCCE.Trial01.run_apo.3LXK_ASP02A0912_004
ForkPoolWorker-1: Calling delphi to calculate conformer (223/628) ASP-1A0912_005 in /tmp/pbe_data.data.home.granepura.5-Kinases.Kinases_MCCE.Trial01.run_apo.3LXK_ASP-1A0912_005
Skipping PBE solver for non-charge conformer (224/628) PHE01A0913_001...
Skipping PBE solver for non-charge conformer (225/628) LEU01A0914_001...
ForkPoolWorker-1: Calling delphi to calculate conformer (226/628) GLN01A0915_001 in /tmp/pbe_data.data.home.granepura.5-Kinases.Kinases_MCCE.Trial01.run_apo.3LXK_GLN01A0915_001
ForkPoolWorker-1: Calling delphi to calculate conformer (227/628) GLN01A0915_002 in /tmp/pbe_data.data.home.granepura.5-Kinases.Kinases_MCCE.Trial01.run_apo.3LXK_GLN01A0915_002
ForkPoolWorker-1: Calling delphi to calculate conformer (228/628) ARG01A0916_001 in /tmp/pbe_data.data.home.granepura.5-Kinases.Kinases_MCCE.Trial01.run_apo.3LXK_ARG01A0916_001
ForkPoolWorker-1: Calling delphi to calculate conformer (229/628) ARG02A0916_002 in /tmp/pbe_data.data.home.granepura.5-Kinases.Kinases_MCCE.Trial01.run_apo.3LXK_ARG02A0916_002
ForkPoolWorker-1: Calling delphi to calculate conformer (230/628) ARG03A0916_003 in /tmp/pbe_data.data.home.granepura.5-Kinases.Kinases_MCCE.Trial01.run_apo.3LXK_ARG03A0916_003
ForkPoolWorker-1: Calling delphi to calculate conformer (231/628) ARG+1A0916_004 in /tmp/pbe_data.data.home.granepura.5-Kinases.Kinases_MCCE.Trial01.run_apo.3LXK_ARG+1A0916_004
ForkPoolWorker-1: Calling delphi to calculate conformer (232/628) HIS01A0917_001 in /tmp/pbe_data.data.home.granepura.5-Kinases.Kinases_MCCE.Trial01.run_apo.3LXK_HIS01A0917_001
ForkPoolWorker-1: Calling delphi to calculate conformer (233/628) HIS01A0917_002 in /tmp/pbe_data.data.home.granepura.5-Kinases.Kinases_MCCE.Trial01.run_apo.3LXK_HIS01A0917_002
ForkPoolWorker-1: Calling delphi to calculate conformer (234/628) HIS02A0917_003 in /tmp/pbe_data.data.home.granepura.5-Kinases.Kinases_MCCE.Trial01.run_apo.3LXK_HIS02A0917_003
ForkPoolWorker-1: Calling delphi to calculate conformer (235/628) HIS02A0917_004 in /tmp/pbe_data.data.home.granepura.5-Kinases.Kinases_MCCE.Trial01.run_apo.3LXK_HIS02A0917_004
ForkPoolWorker-1: Calling delphi to calculate conformer (236/628) HIS+1A0917_005 in /tmp/pbe_data.data.home.granepura.5-Kinases.Kinases_MCCE.Trial01.run_apo.3LXK_HIS+1A0917_005
ForkPoolWorker-1: Calling delphi to calculate conformer (237/628) HIS+1A0917_006 in /tmp/pbe_data.data.home.granepura.5-Kinases.Kinases_MCCE.Trial01.run_apo.3LXK_HIS+1A0917_006
ForkPoolWorker-1: Calling delphi to calculate conformer (238/628) ARG01A0918_001 in /tmp/pbe_data.data.home.granepura.5-Kinases.Kinases_MCCE.Trial01.run_apo.3LXK_ARG01A0918_001
ForkPoolWorker-1: Calling delphi to calculate conformer (239/628) ARG02A0918_002 in /tmp/pbe_data.data.home.granepura.5-Kinases.Kinases_MCCE.Trial01.run_apo.3LXK_ARG02A0918_002
ForkPoolWorker-1: Calling delphi to calculate conformer (240/628) ARG03A0918_003 in /tmp/pbe_data.data.home.granepura.5-Kinases.Kinases_MCCE.Trial01.run_apo.3LXK_ARG03A0918_003
ForkPoolWorker-1: Calling delphi to calculate conformer (241/628) ARG+1A0918_004 in /tmp/pbe_data.data.home.granepura.5-Kinases.Kinases_MCCE.Trial01.run_apo.3LXK_ARG+1A0918_004
Skipping PBE solver for non-charge conformer (242/628) ALA01A0919_001...
ForkPoolWorker-1: Calling delphi to calculate conformer (243/628) ARG01A0920_001 in /tmp/pbe_data.data.home.granepura.5-Kinases.Kinases_MCCE.Trial01.run_apo.3LXK_ARG01A0920_001
ForkPoolWorker-1: Calling delphi to calculate conformer (244/628) ARG02A0920_002 in /tmp/pbe_data.data.home.granepura.5-Kinases.Kinases_MCCE.Trial01.run_apo.3LXK_ARG02A0920_002
ForkPoolWorker-1: Calling delphi to calculate conformer (245/628) ARG02A0920_003 in /tmp/pbe_data.data.home.granepura.5-Kinases.Kinases_MCCE.Trial01.run_apo.3LXK_ARG02A0920_003
ForkPoolWorker-1: Calling delphi to calculate conformer (246/628) ARG03A0920_004 in /tmp/pbe_data.data.home.granepura.5-Kinases.Kinases_MCCE.Trial01.run_apo.3LXK_ARG03A0920_004
ForkPoolWorker-1: Calling delphi to calculate conformer (247/628) ARG+1A0920_005 in /tmp/pbe_data.data.home.granepura.5-Kinases.Kinases_MCCE.Trial01.run_apo.3LXK_ARG+1A0920_005
Skipping PBE solver for non-charge conformer (248/628) LEU01A0921_001...
ForkPoolWorker-1: Calling delphi to calculate conformer (249/628) ASP01A0922_001 in /tmp/pbe_data.data.home.granepura.5-Kinases.Kinases_MCCE.Trial01.run_apo.3LXK_ASP01A0922_001
ForkPoolWorker-1: Calling delphi to calculate conformer (250/628) ASP01A0922_002 in /tmp/pbe_data.data.home.granepura.5-Kinases.Kinases_MCCE.Trial01.run_apo.3LXK_ASP01A0922_002
ForkPoolWorker-1: Calling delphi to calculate conformer (251/628) ASP02A0922_003 in /tmp/pbe_data.data.home.granepura.5-Kinases.Kinases_MCCE.Trial01.run_apo.3LXK_ASP02A0922_003
ForkPoolWorker-1: Calling delphi to calculate conformer (252/628) ASP02A0922_004 in /tmp/pbe_data.data.home.granepura.5-Kinases.Kinases_MCCE.Trial01.run_apo.3LXK_ASP02A0922_004
ForkPoolWorker-1: Calling delphi to calculate conformer (253/628) ASP-1A0922_005 in /tmp/pbe_data.data.home.granepura.5-Kinases.Kinases_MCCE.Trial01.run_apo.3LXK_ASP-1A0922_005
Skipping PBE solver for non-charge conformer (254/628) ALA01A0923_001...
ForkPoolWorker-1: Calling delphi to calculate conformer (255/628) SER01A0924_001 in /tmp/pbe_data.data.home.granepura.5-Kinases.Kinases_MCCE.Trial01.run_apo.3LXK_SER01A0924_001
ForkPoolWorker-1: Calling delphi to calculate conformer (256/628) SER01A0924_002 in /tmp/pbe_data.data.home.granepura.5-Kinases.Kinases_MCCE.Trial01.run_apo.3LXK_SER01A0924_002
ForkPoolWorker-1: Calling delphi to calculate conformer (257/628) ARG01A0925_001 in /tmp/pbe_data.data.home.granepura.5-Kinases.Kinases_MCCE.Trial01.run_apo.3LXK_ARG01A0925_001
ForkPoolWorker-1: Calling delphi to calculate conformer (258/628) ARG02A0925_002 in /tmp/pbe_data.data.home.granepura.5-Kinases.Kinases_MCCE.Trial01.run_apo.3LXK_ARG02A0925_002
ForkPoolWorker-1: Calling delphi to calculate conformer (259/628) ARG02A0925_003 in /tmp/pbe_data.data.home.granepura.5-Kinases.Kinases_MCCE.Trial01.run_apo.3LXK_ARG02A0925_003
ForkPoolWorker-1: Calling delphi to calculate conformer (260/628) ARG03A0925_004 in /tmp/pbe_data.data.home.granepura.5-Kinases.Kinases_MCCE.Trial01.run_apo.3LXK_ARG03A0925_004
ForkPoolWorker-1: Calling delphi to calculate conformer (261/628) ARG+1A0925_005 in /tmp/pbe_data.data.home.granepura.5-Kinases.Kinases_MCCE.Trial01.run_apo.3LXK_ARG+1A0925_005
Skipping PBE solver for non-charge conformer (262/628) LEU01A0926_001...
Skipping PBE solver for non-charge conformer (263/628) LEU01A0927_001...
Skipping PBE solver for non-charge conformer (264/628) LEU01A0928_001...
ForkPoolWorker-1: Calling delphi to calculate conformer (265/628) TYR01A0929_001 in /tmp/pbe_data.data.home.granepura.5-Kinases.Kinases_MCCE.Trial01.run_apo.3LXK_TYR01A0929_001
ForkPoolWorker-1: Calling delphi to calculate conformer (266/628) TYR01A0929_002 in /tmp/pbe_data.data.home.granepura.5-Kinases.Kinases_MCCE.Trial01.run_apo.3LXK_TYR01A0929_002
ForkPoolWorker-1: Calling delphi to calculate conformer (267/628) TYR-1A0929_003 in /tmp/pbe_data.data.home.granepura.5-Kinases.Kinases_MCCE.Trial01.run_apo.3LXK_TYR-1A0929_003
ForkPoolWorker-1: Calling delphi to calculate conformer (268/628) SER01A0930_001 in /tmp/pbe_data.data.home.granepura.5-Kinases.Kinases_MCCE.Trial01.run_apo.3LXK_SER01A0930_001
ForkPoolWorker-1: Calling delphi to calculate conformer (269/628) SER01A0930_002 in /tmp/pbe_data.data.home.granepura.5-Kinases.Kinases_MCCE.Trial01.run_apo.3LXK_SER01A0930_002
ForkPoolWorker-1: Calling delphi to calculate conformer (270/628) SER01A0931_001 in /tmp/pbe_data.data.home.granepura.5-Kinases.Kinases_MCCE.Trial01.run_apo.3LXK_SER01A0931_001
ForkPoolWorker-1: Calling delphi to calculate conformer (271/628) SER01A0931_002 in /tmp/pbe_data.data.home.granepura.5-Kinases.Kinases_MCCE.Trial01.run_apo.3LXK_SER01A0931_002
ForkPoolWorker-1: Calling delphi to calculate conformer (272/628) SER01A0931_003 in /tmp/pbe_data.data.home.granepura.5-Kinases.Kinases_MCCE.Trial01.run_apo.3LXK_SER01A0931_003
ForkPoolWorker-1: Calling delphi to calculate conformer (273/628) SER01A0931_004 in /tmp/pbe_data.data.home.granepura.5-Kinases.Kinases_MCCE.Trial01.run_apo.3LXK_SER01A0931_004
ForkPoolWorker-1: Calling delphi to calculate conformer (274/628) SER01A0931_005 in /tmp/pbe_data.data.home.granepura.5-Kinases.Kinases_MCCE.Trial01.run_apo.3LXK_SER01A0931_005
ForkPoolWorker-1: Calling delphi to calculate conformer (275/628) GLN01A0932_001 in /tmp/pbe_data.data.home.granepura.5-Kinases.Kinases_MCCE.Trial01.run_apo.3LXK_GLN01A0932_001
ForkPoolWorker-1: Calling delphi to calculate conformer (276/628) GLN01A0932_002 in /tmp/pbe_data.data.home.granepura.5-Kinases.Kinases_MCCE.Trial01.run_apo.3LXK_GLN01A0932_002
Skipping PBE solver for non-charge conformer (277/628) ILE01A0933_001...
ForkPoolWorker-1: Calling delphi to calculate conformer (278/628) CYS01A0934_001 in /tmp/pbe_data.data.home.granepura.5-Kinases.Kinases_MCCE.Trial01.run_apo.3LXK_CYS01A0934_001
ForkPoolWorker-1: Calling delphi to calculate conformer (279/628) CYS01A0934_002 in /tmp/pbe_data.data.home.granepura.5-Kinases.Kinases_MCCE.Trial01.run_apo.3LXK_CYS01A0934_002
ForkPoolWorker-1: Calling delphi to calculate conformer (280/628) CYS01A0934_003 in /tmp/pbe_data.data.home.granepura.5-Kinases.Kinases_MCCE.Trial01.run_apo.3LXK_CYS01A0934_003
ForkPoolWorker-1: Calling delphi to calculate conformer (281/628) CYS-1A0934_004 in /tmp/pbe_data.data.home.granepura.5-Kinases.Kinases_MCCE.Trial01.run_apo.3LXK_CYS-1A0934_004
ForkPoolWorker-1: Calling delphi to calculate conformer (282/628) LYS01A0935_001 in /tmp/pbe_data.data.home.granepura.5-Kinases.Kinases_MCCE.Trial01.run_apo.3LXK_LYS01A0935_001
ForkPoolWorker-1: Calling delphi to calculate conformer (283/628) LYS+1A0935_002 in /tmp/pbe_data.data.home.granepura.5-Kinases.Kinases_MCCE.Trial01.run_apo.3LXK_LYS+1A0935_002
ForkPoolWorker-1: Calling delphi to calculate conformer (284/628) MET01A0937_001 in /tmp/pbe_data.data.home.granepura.5-Kinases.Kinases_MCCE.Trial01.run_apo.3LXK_MET01A0937_001
ForkPoolWorker-1: Calling delphi to calculate conformer (285/628) GLU01A0938_001 in /tmp/pbe_data.data.home.granepura.5-Kinases.Kinases_MCCE.Trial01.run_apo.3LXK_GLU01A0938_001
ForkPoolWorker-1: Calling delphi to calculate conformer (286/628) GLU01A0938_002 in /tmp/pbe_data.data.home.granepura.5-Kinases.Kinases_MCCE.Trial01.run_apo.3LXK_GLU01A0938_002
ForkPoolWorker-1: Calling delphi to calculate conformer (287/628) GLU02A0938_003 in /tmp/pbe_data.data.home.granepura.5-Kinases.Kinases_MCCE.Trial01.run_apo.3LXK_GLU02A0938_003
ForkPoolWorker-1: Calling delphi to calculate conformer (288/628) GLU02A0938_004 in /tmp/pbe_data.data.home.granepura.5-Kinases.Kinases_MCCE.Trial01.run_apo.3LXK_GLU02A0938_004
ForkPoolWorker-1: Calling delphi to calculate conformer (289/628) GLU-1A0938_005 in /tmp/pbe_data.data.home.granepura.5-Kinases.Kinases_MCCE.Trial01.run_apo.3LXK_GLU-1A0938_005
ForkPoolWorker-1: Calling delphi to calculate conformer (290/628) TYR01A0939_001 in /tmp/pbe_data.data.home.granepura.5-Kinases.Kinases_MCCE.Trial01.run_apo.3LXK_TYR01A0939_001
ForkPoolWorker-1: Calling delphi to calculate conformer (291/628) TYR01A0939_002 in /tmp/pbe_data.data.home.granepura.5-Kinases.Kinases_MCCE.Trial01.run_apo.3LXK_TYR01A0939_002
ForkPoolWorker-1: Calling delphi to calculate conformer (292/628) TYR-1A0939_003 in /tmp/pbe_data.data.home.granepura.5-Kinases.Kinases_MCCE.Trial01.run_apo.3LXK_TYR-1A0939_003
Skipping PBE solver for non-charge conformer (293/628) LEU01A0940_001...
ForkPoolWorker-1: Calling delphi to calculate conformer (294/628) SER01A0942_001 in /tmp/pbe_data.data.home.granepura.5-Kinases.Kinases_MCCE.Trial01.run_apo.3LXK_SER01A0942_001
ForkPoolWorker-1: Calling delphi to calculate conformer (295/628) SER01A0942_002 in /tmp/pbe_data.data.home.granepura.5-Kinases.Kinases_MCCE.Trial01.run_apo.3LXK_SER01A0942_002
ForkPoolWorker-1: Calling delphi to calculate conformer (296/628) SER01A0942_003 in /tmp/pbe_data.data.home.granepura.5-Kinases.Kinases_MCCE.Trial01.run_apo.3LXK_SER01A0942_003
ForkPoolWorker-1: Calling delphi to calculate conformer (297/628) ARG01A0943_001 in /tmp/pbe_data.data.home.granepura.5-Kinases.Kinases_MCCE.Trial01.run_apo.3LXK_ARG01A0943_001
ForkPoolWorker-1: Calling delphi to calculate conformer (298/628) ARG02A0943_002 in /tmp/pbe_data.data.home.granepura.5-Kinases.Kinases_MCCE.Trial01.run_apo.3LXK_ARG02A0943_002
ForkPoolWorker-1: Calling delphi to calculate conformer (299/628) ARG03A0943_003 in /tmp/pbe_data.data.home.granepura.5-Kinases.Kinases_MCCE.Trial01.run_apo.3LXK_ARG03A0943_003
ForkPoolWorker-1: Calling delphi to calculate conformer (300/628) ARG+1A0943_004 in /tmp/pbe_data.data.home.granepura.5-Kinases.Kinases_MCCE.Trial01.run_apo.3LXK_ARG+1A0943_004
ForkPoolWorker-1: Calling delphi to calculate conformer (301/628) ARG01A0944_001 in /tmp/pbe_data.data.home.granepura.5-Kinases.Kinases_MCCE.Trial01.run_apo.3LXK_ARG01A0944_001
ForkPoolWorker-1: Calling delphi to calculate conformer (302/628) ARG02A0944_002 in /tmp/pbe_data.data.home.granepura.5-Kinases.Kinases_MCCE.Trial01.run_apo.3LXK_ARG02A0944_002
ForkPoolWorker-1: Calling delphi to calculate conformer (303/628) ARG02A0944_003 in /tmp/pbe_data.data.home.granepura.5-Kinases.Kinases_MCCE.Trial01.run_apo.3LXK_ARG02A0944_003
ForkPoolWorker-1: Calling delphi to calculate conformer (304/628) ARG03A0944_004 in /tmp/pbe_data.data.home.granepura.5-Kinases.Kinases_MCCE.Trial01.run_apo.3LXK_ARG03A0944_004
ForkPoolWorker-1: Calling delphi to calculate conformer (305/628) ARG03A0944_005 in /tmp/pbe_data.data.home.granepura.5-Kinases.Kinases_MCCE.Trial01.run_apo.3LXK_ARG03A0944_005
ForkPoolWorker-1: Calling delphi to calculate conformer (306/628) ARG+1A0944_006 in /tmp/pbe_data.data.home.granepura.5-Kinases.Kinases_MCCE.Trial01.run_apo.3LXK_ARG+1A0944_006
