ARG A0602_ R f 00 S f  0.0 H t 36 M 999
VAL A0603_ R f 00 S f  0.0 H t 36 M 999
ASP A0604_ R f 00 S f  0.0 H t 36 M 999
PHE A0605_ R f 00 S f  0.0 H t 36 M 999
PRO A0606_ R f 00 S f  0.0 H t 36 M 999
ARG A0607_ R f 00 S f  0.0 H t 36 M 999
SER A0608_ R f 00 S f  0.0 H t 36 M 999
ARG A0609_ R f 00 S f  0.0 H t 36 M 999
LEU A0610_ R f 00 S f  0.0 H t 36 M 999
ARG A0611_ R f 00 S f  0.0 H t 36 M 999
PHE A0612_ R f 00 S f  0.0 H t 36 M 999
LYS A0613_ R f 00 S f  0.0 H t 36 M 999
GLU A0614_ R f 00 S f  0.0 H t 36 M 999
LYS A0615_ R f 00 S f  0.0 H t 36 M 999
LEU A0616_ R f 00 S f  0.0 H t 36 M 999
GLY A0617_ R f 00 S f  0.0 H t 36 M 999
GLU A0618_ R f 00 S f  0.0 H t 36 M 999
GLY A0619_ R f 00 S f  0.0 H t 36 M 999
GLN A0620_ R f 00 S f  0.0 H t 36 M 999
PHE A0621_ R f 00 S f  0.0 H t 36 M 999
GLY A0622_ R f 00 S f  0.0 H t 36 M 999
GLU A0623_ R f 00 S f  0.0 H t 36 M 999
VAL A0624_ R f 00 S f  0.0 H t 36 M 999
HIS A0625_ R f 00 S f  0.0 H t 36 M 999
LEU A0626_ R f 00 S f  0.0 H t 36 M 999
CYS A0627_ R f 00 S f  0.0 H t 36 M 999
GLU A0628_ R f 00 S f  0.0 H t 36 M 999
VAL A0629_ R f 00 S f  0.0 H t 36 M 999
ASP A0630_ R f 00 S f  0.0 H t 36 M 999
SER A0631_ R f 00 S f  0.0 H t 36 M 999
PRO A0632_ R f 00 S f  0.0 H t 36 M 999
GLN A0633_ R f 00 S f  0.0 H t 36 M 999
ASP A0634_ R f 00 S f  0.0 H t 36 M 999
LEU A0635_ R f 00 S f  0.0 H t 36 M 999
VAL A0636_ R f 00 S f  0.0 H t 36 M 999
SER A0637_ R f 00 S f  0.0 H t 36 M 999
LEU A0638_ R f 00 S f  0.0 H t 36 M 999
ASP A0639_ R f 00 S f  0.0 H t 36 M 999
PHE A0640_ R f 00 S f  0.0 H t 36 M 999
PRO A0641_ R f 00 S f  0.0 H t 36 M 999
LEU A0642_ R f 00 S f  0.0 H t 36 M 999
ASN A0643_ R f 00 S f  0.0 H t 36 M 999
VAL A0644_ R f 00 S f  0.0 H t 36 M 999
ARG A0645_ R f 00 S f  0.0 H t 36 M 999
LYS A0646_ R f 00 S f  0.0 H t 36 M 999
GLY A0647_ R f 00 S f  0.0 H t 36 M 999
HIS A0648_ R f 00 S f  0.0 H t 36 M 999
PRO A0649_ R f 00 S f  0.0 H t 36 M 999
LEU A0650_ R f 00 S f  0.0 H t 36 M 999
LEU A0651_ R f 00 S f  0.0 H t 36 M 999
VAL A0652_ R f 00 S f  0.0 H t 36 M 999
ALA A0653_ R f 00 S f  0.0 H t 36 M 999
VAL A0654_ R f 00 S f  0.0 H t 36 M 999
LYS A0655_ R f 00 S f  0.0 H t 36 M 999
ILE A0656_ R f 00 S f  0.0 H t 36 M 999
LEU A0657_ R f 00 S f  0.0 H t 36 M 999
ARG A0658_ R f 00 S f  0.0 H t 36 M 999
PRO A0659_ R f 00 S f  0.0 H t 36 M 999
ASP A0660_ R f 00 S f  0.0 H t 36 M 999
ALA A0661_ R f 00 S f  0.0 H t 36 M 999
THR A0662_ R f 00 S f  0.0 H t 36 M 999
LYS A0663_ R f 00 S f  0.0 H t 36 M 999
ASN A0664_ R f 00 S f  0.0 H t 36 M 999
ALA A0665_ R f 00 S f  0.0 H t 36 M 999
ARG A0666_ R f 00 S f  0.0 H t 36 M 999
ASN A0667_ R f 00 S f  0.0 H t 36 M 999
ASP A0668_ R f 00 S f  0.0 H t 36 M 999
PHE A0669_ R f 00 S f  0.0 H t 36 M 999
LEU A0670_ R f 00 S f  0.0 H t 36 M 999
LYS A0671_ R f 00 S f  0.0 H t 36 M 999
GLU A0672_ R f 00 S f  0.0 H t 36 M 999
VAL A0673_ R f 00 S f  0.0 H t 36 M 999
LYS A0674_ R f 00 S f  0.0 H t 36 M 999
ILE A0675_ R f 00 S f  0.0 H t 36 M 999
MET A0676_ R f 00 S f  0.0 H t 36 M 999
SER A0677_ R f 00 S f  0.0 H t 36 M 999
ARG A0678_ R f 00 S f  0.0 H t 36 M 999
LEU A0679_ R f 00 S f  0.0 H t 36 M 999
LYS A0680_ R f 00 S f  0.0 H t 36 M 999
ASP A0681_ R f 00 S f  0.0 H t 36 M 999
PRO A0682_ R f 00 S f  0.0 H t 36 M 999
ASN A0683_ R f 00 S f  0.0 H t 36 M 999
ILE A0684_ R f 00 S f  0.0 H t 36 M 999
ILE A0685_ R f 00 S f  0.0 H t 36 M 999
ARG A0686_ R f 00 S f  0.0 H t 36 M 999
LEU A0687_ R f 00 S f  0.0 H t 36 M 999
LEU A0688_ R f 00 S f  0.0 H t 36 M 999
GLY A0689_ R f 00 S f  0.0 H t 36 M 999
VAL A0690_ R f 00 S f  0.0 H t 36 M 999
CYS A0691_ R f 00 S f  0.0 H t 36 M 999
VAL A0692_ R f 00 S f  0.0 H t 36 M 999
GLN A0693_ R f 00 S f  0.0 H t 36 M 999
ASP A0694_ R f 00 S f  0.0 H t 36 M 999
ASP A0695_ R f 00 S f  0.0 H t 36 M 999
PRO A0696_ R f 00 S f  0.0 H t 36 M 999
LEU A0697_ R f 00 S f  0.0 H t 36 M 999
CYS A0698_ R f 00 S f  0.0 H t 36 M 999
MET A0699_ R f 00 S f  0.0 H t 36 M 999
ILE A0700_ R f 00 S f  0.0 H t 36 M 999
THR A0701_ R f 00 S f  0.0 H t 36 M 999
ASP A0702_ R f 00 S f  0.0 H t 36 M 999
TYR A0703_ R f 00 S f  0.0 H t 36 M 999
MET A0704_ R f 00 S f  0.0 H t 36 M 999
GLU A0705_ R f 00 S f  0.0 H t 36 M 999
ASN A0706_ R f 00 S f  0.0 H t 36 M 999
GLY A0707_ R f 00 S f  0.0 H t 36 M 999
ASP A0708_ R f 00 S f  0.0 H t 36 M 999
LEU A0709_ R f 00 S f  0.0 H t 36 M 999
ASN A0710_ R f 00 S f  0.0 H t 36 M 999
GLN A0711_ R f 00 S f  0.0 H t 36 M 999
PHE A0712_ R f 00 S f  0.0 H t 36 M 999
LEU A0713_ R f 00 S f  0.0 H t 36 M 999
SER A0714_ R f 00 S f  0.0 H t 36 M 999
ALA A0715_ R f 00 S f  0.0 H t 36 M 999
HIS A0716_ R f 00 S f  0.0 H t 36 M 999
GLN A0717_ R f 00 S f  0.0 H t 36 M 999
LEU A0718_ R f 00 S f  0.0 H t 36 M 999
GLU A0719_ R f 00 S f  0.0 H t 36 M 999
ASP A0720_ R f 00 S f  0.0 H t 36 M 999
ALA A0732_ R f 00 S f  0.0 H t 36 M 999
ALA A0733_ R f 00 S f  0.0 H t 36 M 999
GLN A0734_ R f 00 S f  0.0 H t 36 M 999
GLY A0735_ R f 00 S f  0.0 H t 36 M 999
PRO A0736_ R f 00 S f  0.0 H t 36 M 999
THR A0737_ R f 00 S f  0.0 H t 36 M 999
ILE A0738_ R f 00 S f  0.0 H t 36 M 999
SER A0739_ R f 00 S f  0.0 H t 36 M 999
TYR A0740_ R f 00 S f  0.0 H t 36 M 999
PRO A0741_ R f 00 S f  0.0 H t 36 M 999
MET A0742_ R f 00 S f  0.0 H t 36 M 999
LEU A0743_ R f 00 S f  0.0 H t 36 M 999
LEU A0744_ R f 00 S f  0.0 H t 36 M 999
HIS A0745_ R f 00 S f  0.0 H t 36 M 999
VAL A0746_ R f 00 S f  0.0 H t 36 M 999
ALA A0747_ R f 00 S f  0.0 H t 36 M 999
ALA A0748_ R f 00 S f  0.0 H t 36 M 999
GLN A0749_ R f 00 S f  0.0 H t 36 M 999
ILE A0750_ R f 00 S f  0.0 H t 36 M 999
ALA A0751_ R f 00 S f  0.0 H t 36 M 999
SER A0752_ R f 00 S f  0.0 H t 36 M 999
GLY A0753_ R f 00 S f  0.0 H t 36 M 999
MET A0754_ R f 00 S f  0.0 H t 36 M 999
ARG A0755_ R f 00 S f  0.0 H t 36 M 999
TYR A0756_ R f 00 S f  0.0 H t 36 M 999
LEU A0757_ R f 00 S f  0.0 H t 36 M 999
ALA A0758_ R f 00 S f  0.0 H t 36 M 999
THR A0759_ R f 00 S f  0.0 H t 36 M 999
LEU A0760_ R f 00 S f  0.0 H t 36 M 999
ASN A0761_ R f 00 S f  0.0 H t 36 M 999
PHE A0762_ R f 00 S f  0.0 H t 36 M 999
VAL A0763_ R f 00 S f  0.0 H t 36 M 999
HIS A0764_ R f 00 S f  0.0 H t 36 M 999
ARG A0765_ R f 00 S f  0.0 H t 36 M 999
ASP A0766_ R f 00 S f  0.0 H t 36 M 999
LEU A0767_ R f 00 S f  0.0 H t 36 M 999
ALA A0768_ R f 00 S f  0.0 H t 36 M 999
THR A0769_ R f 00 S f  0.0 H t 36 M 999
ARG A0770_ R f 00 S f  0.0 H t 36 M 999
ASN A0771_ R f 00 S f  0.0 H t 36 M 999
CYS A0772_ R f 00 S f  0.0 H t 36 M 999
LEU A0773_ R f 00 S f  0.0 H t 36 M 999
VAL A0774_ R f 00 S f  0.0 H t 36 M 999
GLY A0775_ R f 00 S f  0.0 H t 36 M 999
GLU A0776_ R f 00 S f  0.0 H t 36 M 999
ASN A0777_ R f 00 S f  0.0 H t 36 M 999
PHE A0778_ R f 00 S f  0.0 H t 36 M 999
THR A0779_ R f 00 S f  0.0 H t 36 M 999
ILE A0780_ R f 00 S f  0.0 H t 36 M 999
LYS A0781_ R f 00 S f  0.0 H t 36 M 999
ILE A0782_ R f 00 S f  0.0 H t 36 M 999
ALA A0783_ R f 00 S f  0.0 H t 36 M 999
ASP A0784_ R f 00 S f  0.0 H t 36 M 999
PHE A0785_ R f 00 S f  0.0 H t 36 M 999
GLY A0786_ R f 00 S f  0.0 H t 36 M 999
MET A0787_ R f 00 S f  0.0 H t 36 M 999
SER A0788_ R f 00 S f  0.0 H t 36 M 999
ARG A0789_ R f 00 S f  0.0 H t 36 M 999
ASN A0790_ R f 00 S f  0.0 H t 36 M 999
LEU A0791_ R f 00 S f  0.0 H t 36 M 999
TYR A0792_ R f 00 S f  0.0 H t 36 M 999
ALA A0793_ R f 00 S f  0.0 H t 36 M 999
GLY A0794_ R f 00 S f  0.0 H t 36 M 999
ASP A0795_ R f 00 S f  0.0 H t 36 M 999
TYR A0796_ R f 00 S f  0.0 H t 36 M 999
TYR A0797_ R f 00 S f  0.0 H t 36 M 999
ARG A0798_ R f 00 S f  0.0 H t 36 M 999
VAL A0799_ R f 00 S f  0.0 H t 36 M 999
GLN A0800_ R f 00 S f  0.0 H t 36 M 999
GLY A0801_ R f 00 S f  0.0 H t 36 M 999
ARG A0802_ R f 00 S f  0.0 H t 36 M 999
ALA A0803_ R f 00 S f  0.0 H t 36 M 999
VAL A0804_ R f 00 S f  0.0 H t 36 M 999
LEU A0805_ R f 00 S f  0.0 H t 36 M 999
PRO A0806_ R f 00 S f  0.0 H t 36 M 999
ILE A0807_ R f 00 S f  0.0 H t 36 M 999
ARG A0808_ R f 00 S f  0.0 H t 36 M 999
TRP A0809_ R f 00 S f  0.0 H t 36 M 999
MET A0810_ R f 00 S f  0.0 H t 36 M 999
ALA A0811_ R f 00 S f  0.0 H t 36 M 999
TRP A0812_ R f 00 S f  0.0 H t 36 M 999
GLU A0813_ R f 00 S f  0.0 H t 36 M 999
CYS A0814_ R f 00 S f  0.0 H t 36 M 999
ILE A0815_ R f 00 S f  0.0 H t 36 M 999
LEU A0816_ R f 00 S f  0.0 H t 36 M 999
MET A0817_ R f 00 S f  0.0 H t 36 M 999
GLY A0818_ R f 00 S f  0.0 H t 36 M 999
LYS A0819_ R f 00 S f  0.0 H t 36 M 999
PHE A0820_ R f 00 S f  0.0 H t 36 M 999
THR A0821_ R f 00 S f  0.0 H t 36 M 999
THR A0822_ R f 00 S f  0.0 H t 36 M 999
ALA A0823_ R f 00 S f  0.0 H t 36 M 999
SER A0824_ R f 00 S f  0.0 H t 36 M 999
ASP A0825_ R f 00 S f  0.0 H t 36 M 999
VAL A0826_ R f 00 S f  0.0 H t 36 M 999
TRP A0827_ R f 00 S f  0.0 H t 36 M 999
ALA A0828_ R f 00 S f  0.0 H t 36 M 999
PHE A0829_ R f 00 S f  0.0 H t 36 M 999
GLY A0830_ R f 00 S f  0.0 H t 36 M 999
VAL A0831_ R f 00 S f  0.0 H t 36 M 999
THR A0832_ R f 00 S f  0.0 H t 36 M 999
LEU A0833_ R f 00 S f  0.0 H t 36 M 999
TRP A0834_ R f 00 S f  0.0 H t 36 M 999
GLU A0835_ R f 00 S f  0.0 H t 36 M 999
VAL A0836_ R f 00 S f  0.0 H t 36 M 999
LEU A0837_ R f 00 S f  0.0 H t 36 M 999
MET A0838_ R f 00 S f  0.0 H t 36 M 999
LEU A0839_ R f 00 S f  0.0 H t 36 M 999
CYS A0840_ R f 00 S f  0.0 H t 36 M 999
ARG A0841_ R f 00 S f  0.0 H t 36 M 999
ALA A0842_ R f 00 S f  0.0 H t 36 M 999
GLN A0843_ R f 00 S f  0.0 H t 36 M 999
PRO A0844_ R f 00 S f  0.0 H t 36 M 999
PHE A0845_ R f 00 S f  0.0 H t 36 M 999
GLY A0846_ R f 00 S f  0.0 H t 36 M 999
GLN A0847_ R f 00 S f  0.0 H t 36 M 999
LEU A0848_ R f 00 S f  0.0 H t 36 M 999
THR A0849_ R f 00 S f  0.0 H t 36 M 999
ASP A0850_ R f 00 S f  0.0 H t 36 M 999
GLU A0851_ R f 00 S f  0.0 H t 36 M 999
GLN A0852_ R f 00 S f  0.0 H t 36 M 999
VAL A0853_ R f 00 S f  0.0 H t 36 M 999
ILE A0854_ R f 00 S f  0.0 H t 36 M 999
GLU A0855_ R f 00 S f  0.0 H t 36 M 999
ASN A0856_ R f 00 S f  0.0 H t 36 M 999
ALA A0857_ R f 00 S f  0.0 H t 36 M 999
GLY A0858_ R f 00 S f  0.0 H t 36 M 999
GLU A0859_ R f 00 S f  0.0 H t 36 M 999
PHE A0860_ R f 00 S f  0.0 H t 36 M 999
PHE A0861_ R f 00 S f  0.0 H t 36 M 999
ARG A0862_ R f 00 S f  0.0 H t 36 M 999
ASP A0863_ R f 00 S f  0.0 H t 36 M 999
GLN A0864_ R f 00 S f  0.0 H t 36 M 999
GLY A0865_ R f 00 S f  0.0 H t 36 M 999
ARG A0866_ R f 00 S f  0.0 H t 36 M 999
GLN A0867_ R f 00 S f  0.0 H t 36 M 999
VAL A0868_ R f 00 S f  0.0 H t 36 M 999
TYR A0869_ R f 00 S f  0.0 H t 36 M 999
LEU A0870_ R f 00 S f  0.0 H t 36 M 999
SER A0871_ R f 00 S f  0.0 H t 36 M 999
ARG A0872_ R f 00 S f  0.0 H t 36 M 999
PRO A0873_ R f 00 S f  0.0 H t 36 M 999
PRO A0874_ R f 00 S f  0.0 H t 36 M 999
ALA A0875_ R f 00 S f  0.0 H t 36 M 999
CYS A0876_ R f 00 S f  0.0 H t 36 M 999
PRO A0877_ R f 00 S f  0.0 H t 36 M 999
GLN A0878_ R f 00 S f  0.0 H t 36 M 999
GLY A0879_ R f 00 S f  0.0 H t 36 M 999
LEU A0880_ R f 00 S f  0.0 H t 36 M 999
TYR A0881_ R f 00 S f  0.0 H t 36 M 999
GLU A0882_ R f 00 S f  0.0 H t 36 M 999
LEU A0883_ R f 00 S f  0.0 H t 36 M 999
MET A0884_ R f 00 S f  0.0 H t 36 M 999
LEU A0885_ R f 00 S f  0.0 H t 36 M 999
ARG A0886_ R f 00 S f  0.0 H t 36 M 999
CYS A0887_ R f 00 S f  0.0 H t 36 M 999
TRP A0888_ R f 00 S f  0.0 H t 36 M 999
SER A0889_ R f 00 S f  0.0 H t 36 M 999
ARG A0890_ R f 00 S f  0.0 H t 36 M 999
GLU A0891_ R f 00 S f  0.0 H t 36 M 999
SER A0892_ R f 00 S f  0.0 H t 36 M 999
GLU A0893_ R f 00 S f  0.0 H t 36 M 999
GLN A0894_ R f 00 S f  0.0 H t 36 M 999
ARG A0895_ R f 00 S f  0.0 H t 36 M 999
PRO A0896_ R f 00 S f  0.0 H t 36 M 999
PRO A0897_ R f 00 S f  0.0 H t 36 M 999
PHE A0898_ R f 00 S f  0.0 H t 36 M 999
SER A0899_ R f 00 S f  0.0 H t 36 M 999
GLN A0900_ R f 00 S f  0.0 H t 36 M 999
LEU A0901_ R f 00 S f  0.0 H t 36 M 999
HIS A0902_ R f 00 S f  0.0 H t 36 M 999
ARG A0903_ R f 00 S f  0.0 H t 36 M 999
PHE A0904_ R f 00 S f  0.0 H t 36 M 999
LEU A0905_ R f 00 S f  0.0 H t 36 M 999
ALA A0906_ R f 00 S f  0.0 H t 36 M 999
GLU A0907_ R f 00 S f  0.0 H t 36 M 999
ASP A0908_ R f 00 S f  0.0 H t 36 M 999
ALA A0909_ R f 00 S f  0.0 H t 36 M 999
LEU A0910_ R f 00 S f  0.0 H t 36 M 999
ASN A0911_ R f 00 S f  0.0 H t 36 M 999
THR A0912_ R f 00 S f  0.0 H t 36 M 999
VAL A0913_ R f 00 S f  0.0 H t 36 M 999
