THR A0815_ R f 00 S f  0.0 H t 36 M 999
ILE A0816_ R f 00 S f  0.0 H t 36 M 999
PHE A0817_ R f 00 S f  0.0 H t 36 M 999
GLU A0818_ R f 00 S f  0.0 H t 36 M 999
GLU A0819_ R f 00 S f  0.0 H t 36 M 999
ARG A0820_ R f 00 S f  0.0 H t 36 M 999
HIS A0821_ R f 00 S f  0.0 H t 36 M 999
LEU A0822_ R f 00 S f  0.0 H t 36 M 999
LYS A0823_ R f 00 S f  0.0 H t 36 M 999
TYR A0824_ R f 00 S f  0.0 H t 36 M 999
ILE A0825_ R f 00 S f  0.0 H t 36 M 999
SER A0826_ R f 00 S f  0.0 H t 36 M 999
GLN A0827_ R f 00 S f  0.0 H t 36 M 999
LEU A0828_ R f 00 S f  0.0 H t 36 M 999
GLY A0829_ R f 00 S f  0.0 H t 36 M 999
LYS A0830_ R f 00 S f  0.0 H t 36 M 999
GLY A0831_ R f 00 S f  0.0 H t 36 M 999
ASN A0832_ R f 00 S f  0.0 H t 36 M 999
PHE A0833_ R f 00 S f  0.0 H t 36 M 999
GLY A0834_ R f 00 S f  0.0 H t 36 M 999
SER A0835_ R f 00 S f  0.0 H t 36 M 999
VAL A0836_ R f 00 S f  0.0 H t 36 M 999
GLU A0837_ R f 00 S f  0.0 H t 36 M 999
LEU A0838_ R f 00 S f  0.0 H t 36 M 999
CYS A0839_ R f 00 S f  0.0 H t 36 M 999
ARG A0840_ R f 00 S f  0.0 H t 36 M 999
TYR A0841_ R f 00 S f  0.0 H t 36 M 999
ASP A0842_ R f 00 S f  0.0 H t 36 M 999
PRO A0843_ R f 00 S f  0.0 H t 36 M 999
LEU A0844_ R f 00 S f  0.0 H t 36 M 999
GLY A0845_ R f 00 S f  0.0 H t 36 M 999
ASP A0846_ R f 00 S f  0.0 H t 36 M 999
ASN A0847_ R f 00 S f  0.0 H t 36 M 999
THR A0848_ R f 00 S f  0.0 H t 36 M 999
GLY A0849_ R f 00 S f  0.0 H t 36 M 999
ALA A0850_ R f 00 S f  0.0 H t 36 M 999
LEU A0851_ R f 00 S f  0.0 H t 36 M 999
VAL A0852_ R f 00 S f  0.0 H t 36 M 999
ALA A0853_ R f 00 S f  0.0 H t 36 M 999
VAL A0854_ R f 00 S f  0.0 H t 36 M 999
LYS A0855_ R f 00 S f  0.0 H t 36 M 999
GLN A0856_ R f 00 S f  0.0 H t 36 M 999
LEU A0857_ R f 00 S f  0.0 H t 36 M 999
GLN A0858_ R f 00 S f  0.0 H t 36 M 999
HIS A0859_ R f 00 S f  0.0 H t 36 M 999
SER A0860_ R f 00 S f  0.0 H t 36 M 999
GLY A0861_ R f 00 S f  0.0 H t 36 M 999
PRO A0862_ R f 00 S f  0.0 H t 36 M 999
ASP A0863_ R f 00 S f  0.0 H t 36 M 999
GLN A0864_ R f 00 S f  0.0 H t 36 M 999
GLN A0865_ R f 00 S f  0.0 H t 36 M 999
ARG A0866_ R f 00 S f  0.0 H t 36 M 999
ASP A0867_ R f 00 S f  0.0 H t 36 M 999
PHE A0868_ R f 00 S f  0.0 H t 36 M 999
GLN A0869_ R f 00 S f  0.0 H t 36 M 999
ARG A0870_ R f 00 S f  0.0 H t 36 M 999
GLU A0871_ R f 00 S f  0.0 H t 36 M 999
ILE A0872_ R f 00 S f  0.0 H t 36 M 999
GLN A0873_ R f 00 S f  0.0 H t 36 M 999
ILE A0874_ R f 00 S f  0.0 H t 36 M 999
LEU A0875_ R f 00 S f  0.0 H t 36 M 999
LYS A0876_ R f 00 S f  0.0 H t 36 M 999
ALA A0877_ R f 00 S f  0.0 H t 36 M 999
LEU A0878_ R f 00 S f  0.0 H t 36 M 999
HIS A0879_ R f 00 S f  0.0 H t 36 M 999
SER A0880_ R f 00 S f  0.0 H t 36 M 999
ASP A0881_ R f 00 S f  0.0 H t 36 M 999
PHE A0882_ R f 00 S f  0.0 H t 36 M 999
ILE A0883_ R f 00 S f  0.0 H t 36 M 999
VAL A0884_ R f 00 S f  0.0 H t 36 M 999
LYS A0885_ R f 00 S f  0.0 H t 36 M 999
TYR A0886_ R f 00 S f  0.0 H t 36 M 999
ARG A0887_ R f 00 S f  0.0 H t 36 M 999
GLY A0888_ R f 00 S f  0.0 H t 36 M 999
VAL A0889_ R f 00 S f  0.0 H t 36 M 999
SER A0890_ R f 00 S f  0.0 H t 36 M 999
TYR A0891_ R f 00 S f  0.0 H t 36 M 999
GLY A0892_ R f 00 S f  0.0 H t 36 M 999
PRO A0893_ R f 00 S f  0.0 H t 36 M 999
GLY A0894_ R f 00 S f  0.0 H t 36 M 999
ARG A0895_ R f 00 S f  0.0 H t 36 M 999
GLN A0896_ R f 00 S f  0.0 H t 36 M 999
SER A0897_ R f 00 S f  0.0 H t 36 M 999
LEU A0898_ R f 00 S f  0.0 H t 36 M 999
ARG A0899_ R f 00 S f  0.0 H t 36 M 999
LEU A0900_ R f 00 S f  0.0 H t 36 M 999
VAL A0901_ R f 00 S f  0.0 H t 36 M 999
MET A0902_ R f 00 S f  0.0 H t 36 M 999
GLU A0903_ R f 00 S f  0.0 H t 36 M 999
TYR A0904_ R f 00 S f  0.0 H t 36 M 999
LEU A0905_ R f 00 S f  0.0 H t 36 M 999
PRO A0906_ R f 00 S f  0.0 H t 36 M 999
SER A0907_ R f 00 S f  0.0 H t 36 M 999
GLY A0908_ R f 00 S f  0.0 H t 36 M 999
CYS A0909_ R f 00 S f  0.0 H t 36 M 999
LEU A0910_ R f 00 S f  0.0 H t 36 M 999
ARG A0911_ R f 00 S f  0.0 H t 36 M 999
ASP A0912_ R f 00 S f  0.0 H t 36 M 999
PHE A0913_ R f 00 S f  0.0 H t 36 M 999
LEU A0914_ R f 00 S f  0.0 H t 36 M 999
GLN A0915_ R f 00 S f  0.0 H t 36 M 999
ARG A0916_ R f 00 S f  0.0 H t 36 M 999
HIS A0917_ R f 00 S f  0.0 H t 36 M 999
ARG A0918_ R f 00 S f  0.0 H t 36 M 999
ALA A0919_ R f 00 S f  0.0 H t 36 M 999
ARG A0920_ R f 00 S f  0.0 H t 36 M 999
LEU A0921_ R f 00 S f  0.0 H t 36 M 999
ASP A0922_ R f 00 S f  0.0 H t 36 M 999
ALA A0923_ R f 00 S f  0.0 H t 36 M 999
SER A0924_ R f 00 S f  0.0 H t 36 M 999
ARG A0925_ R f 00 S f  0.0 H t 36 M 999
LEU A0926_ R f 00 S f  0.0 H t 36 M 999
LEU A0927_ R f 00 S f  0.0 H t 36 M 999
LEU A0928_ R f 00 S f  0.0 H t 36 M 999
TYR A0929_ R f 00 S f  0.0 H t 36 M 999
SER A0930_ R f 00 S f  0.0 H t 36 M 999
SER A0931_ R f 00 S f  0.0 H t 36 M 999
GLN A0932_ R f 00 S f  0.0 H t 36 M 999
ILE A0933_ R f 00 S f  0.0 H t 36 M 999
CYS A0934_ R f 00 S f  0.0 H t 36 M 999
LYS A0935_ R f 00 S f  0.0 H t 36 M 999
GLY A0936_ R f 00 S f  0.0 H t 36 M 999
MET A0937_ R f 00 S f  0.0 H t 36 M 999
GLU A0938_ R f 00 S f  0.0 H t 36 M 999
TYR A0939_ R f 00 S f  0.0 H t 36 M 999
LEU A0940_ R f 00 S f  0.0 H t 36 M 999
GLY A0941_ R f 00 S f  0.0 H t 36 M 999
SER A0942_ R f 00 S f  0.0 H t 36 M 999
ARG A0943_ R f 00 S f  0.0 H t 36 M 999
ARG A0944_ R f 00 S f  0.0 H t 36 M 999
CYS A0945_ R f 00 S f  0.0 H t 36 M 999
VAL A0946_ R f 00 S f  0.0 H t 36 M 999
HIS A0947_ R f 00 S f  0.0 H t 36 M 999
ARG A0948_ R f 00 S f  0.0 H t 36 M 999
ASP A0949_ R f 00 S f  0.0 H t 36 M 999
LEU A0950_ R f 00 S f  0.0 H t 36 M 999
ALA A0951_ R f 00 S f  0.0 H t 36 M 999
ALA A0952_ R f 00 S f  0.0 H t 36 M 999
ARG A0953_ R f 00 S f  0.0 H t 36 M 999
ASN A0954_ R f 00 S f  0.0 H t 36 M 999
ILE A0955_ R f 00 S f  0.0 H t 36 M 999
LEU A0956_ R f 00 S f  0.0 H t 36 M 999
VAL A0957_ R f 00 S f  0.0 H t 36 M 999
GLU A0958_ R f 00 S f  0.0 H t 36 M 999
SER A0959_ R f 00 S f  0.0 H t 36 M 999
GLU A0960_ R f 00 S f  0.0 H t 36 M 999
ALA A0961_ R f 00 S f  0.0 H t 36 M 999
HIS A0962_ R f 00 S f  0.0 H t 36 M 999
VAL A0963_ R f 00 S f  0.0 H t 36 M 999
LYS A0964_ R f 00 S f  0.0 H t 36 M 999
ILE A0965_ R f 00 S f  0.0 H t 36 M 999
ALA A0966_ R f 00 S f  0.0 H t 36 M 999
ASP A0967_ R f 00 S f  0.0 H t 36 M 999
PHE A0968_ R f 00 S f  0.0 H t 36 M 999
GLY A0969_ R f 00 S f  0.0 H t 36 M 999
LEU A0970_ R f 00 S f  0.0 H t 36 M 999
ALA A0971_ R f 00 S f  0.0 H t 36 M 999
LYS A0972_ R f 00 S f  0.0 H t 36 M 999
LEU A0973_ R f 00 S f  0.0 H t 36 M 999
LEU A0974_ R f 00 S f  0.0 H t 36 M 999
PRO A0975_ R f 00 S f  0.0 H t 36 M 999
LEU A0976_ R f 00 S f  0.0 H t 36 M 999
ASP A0977_ R f 00 S f  0.0 H t 36 M 999
LYS A0978_ R f 00 S f  0.0 H t 36 M 999
ASP A0979_ R f 00 S f  0.0 H t 36 M 999
TYR A0980_ R f 00 S f  0.0 H t 36 M 999
TYR A0981_ R f 00 S f  0.0 H t 36 M 999
VAL A0982_ R f 00 S f  0.0 H t 36 M 999
VAL A0983_ R f 00 S f  0.0 H t 36 M 999
ARG A0984_ R f 00 S f  0.0 H t 36 M 999
GLU A0985_ R f 00 S f  0.0 H t 36 M 999
PRO A0986_ R f 00 S f  0.0 H t 36 M 999
GLY A0987_ R f 00 S f  0.0 H t 36 M 999
GLN A0988_ R f 00 S f  0.0 H t 36 M 999
SER A0989_ R f 00 S f  0.0 H t 36 M 999
PRO A0990_ R f 00 S f  0.0 H t 36 M 999
ILE A0991_ R f 00 S f  0.0 H t 36 M 999
PHE A0992_ R f 00 S f  0.0 H t 36 M 999
TRP A0993_ R f 00 S f  0.0 H t 36 M 999
TYR A0994_ R f 00 S f  0.0 H t 36 M 999
ALA A0995_ R f 00 S f  0.0 H t 36 M 999
PRO A0996_ R f 00 S f  0.0 H t 36 M 999
GLU A0997_ R f 00 S f  0.0 H t 36 M 999
SER A0998_ R f 00 S f  0.0 H t 36 M 999
LEU A0999_ R f 00 S f  0.0 H t 36 M 999
SER A1000_ R f 00 S f  0.0 H t 36 M 999
ASP A1001_ R f 00 S f  0.0 H t 36 M 999
ASN A1002_ R f 00 S f  0.0 H t 36 M 999
ILE A1003_ R f 00 S f  0.0 H t 36 M 999
PHE A1004_ R f 00 S f  0.0 H t 36 M 999
SER A1005_ R f 00 S f  0.0 H t 36 M 999
ARG A1006_ R f 00 S f  0.0 H t 36 M 999
GLN A1007_ R f 00 S f  0.0 H t 36 M 999
SER A1008_ R f 00 S f  0.0 H t 36 M 999
ASP A1009_ R f 00 S f  0.0 H t 36 M 999
VAL A1010_ R f 00 S f  0.0 H t 36 M 999
TRP A1011_ R f 00 S f  0.0 H t 36 M 999
SER A1012_ R f 00 S f  0.0 H t 36 M 999
PHE A1013_ R f 00 S f  0.0 H t 36 M 999
GLY A1014_ R f 00 S f  0.0 H t 36 M 999
VAL A1015_ R f 00 S f  0.0 H t 36 M 999
VAL A1016_ R f 00 S f  0.0 H t 36 M 999
LEU A1017_ R f 00 S f  0.0 H t 36 M 999
TYR A1018_ R f 00 S f  0.0 H t 36 M 999
GLU A1019_ R f 00 S f  0.0 H t 36 M 999
LEU A1020_ R f 00 S f  0.0 H t 36 M 999
PHE A1021_ R f 00 S f  0.0 H t 36 M 999
THR A1022_ R f 00 S f  0.0 H t 36 M 999
TYR A1023_ R f 00 S f  0.0 H t 36 M 999
CYS A1024_ R f 00 S f  0.0 H t 36 M 999
ASP A1025_ R f 00 S f  0.0 H t 36 M 999
LYS A1026_ R f 00 S f  0.0 H t 36 M 999
SER A1027_ R f 00 S f  0.0 H t 36 M 999
CYS A1028_ R f 00 S f  0.0 H t 36 M 999
SER A1029_ R f 00 S f  0.0 H t 36 M 999
PRO A1030_ R f 00 S f  0.0 H t 36 M 999
SER A1031_ R f 00 S f  0.0 H t 36 M 999
ALA A1032_ R f 00 S f  0.0 H t 36 M 999
GLU A1033_ R f 00 S f  0.0 H t 36 M 999
PHE A1034_ R f 00 S f  0.0 H t 36 M 999
LEU A1035_ R f 00 S f  0.0 H t 36 M 999
ARG A1036_ R f 00 S f  0.0 H t 36 M 999
MET A1037_ R f 00 S f  0.0 H t 36 M 999
MET A1038_ R f 00 S f  0.0 H t 36 M 999
VAL A1044_ R f 00 S f  0.0 H t 36 M 999
PRO A1045_ R f 00 S f  0.0 H t 36 M 999
ALA A1046_ R f 00 S f  0.0 H t 36 M 999
LEU A1047_ R f 00 S f  0.0 H t 36 M 999
SER A1048_ R f 00 S f  0.0 H t 36 M 999
ARG A1049_ R f 00 S f  0.0 H t 36 M 999
LEU A1050_ R f 00 S f  0.0 H t 36 M 999
LEU A1051_ R f 00 S f  0.0 H t 36 M 999
GLU A1052_ R f 00 S f  0.0 H t 36 M 999
LEU A1053_ R f 00 S f  0.0 H t 36 M 999
LEU A1054_ R f 00 S f  0.0 H t 36 M 999
GLU A1055_ R f 00 S f  0.0 H t 36 M 999
GLU A1056_ R f 00 S f  0.0 H t 36 M 999
GLY A1057_ R f 00 S f  0.0 H t 36 M 999
GLN A1058_ R f 00 S f  0.0 H t 36 M 999
ARG A1059_ R f 00 S f  0.0 H t 36 M 999
LEU A1060_ R f 00 S f  0.0 H t 36 M 999
PRO A1061_ R f 00 S f  0.0 H t 36 M 999
ALA A1062_ R f 00 S f  0.0 H t 36 M 999
PRO A1063_ R f 00 S f  0.0 H t 36 M 999
PRO A1064_ R f 00 S f  0.0 H t 36 M 999
ALA A1065_ R f 00 S f  0.0 H t 36 M 999
CYS A1066_ R f 00 S f  0.0 H t 36 M 999
PRO A1067_ R f 00 S f  0.0 H t 36 M 999
ALA A1068_ R f 00 S f  0.0 H t 36 M 999
GLU A1069_ R f 00 S f  0.0 H t 36 M 999
VAL A1070_ R f 00 S f  0.0 H t 36 M 999
HIS A1071_ R f 00 S f  0.0 H t 36 M 999
GLU A1072_ R f 00 S f  0.0 H t 36 M 999
LEU A1073_ R f 00 S f  0.0 H t 36 M 999
MET A1074_ R f 00 S f  0.0 H t 36 M 999
LYS A1075_ R f 00 S f  0.0 H t 36 M 999
LEU A1076_ R f 00 S f  0.0 H t 36 M 999
CYS A1077_ R f 00 S f  0.0 H t 36 M 999
TRP A1078_ R f 00 S f  0.0 H t 36 M 999
ALA A1079_ R f 00 S f  0.0 H t 36 M 999
PRO A1080_ R f 00 S f  0.0 H t 36 M 999
SER A1081_ R f 00 S f  0.0 H t 36 M 999
PRO A1082_ R f 00 S f  0.0 H t 36 M 999
GLN A1083_ R f 00 S f  0.0 H t 36 M 999
ASP A1084_ R f 00 S f  0.0 H t 36 M 999
ARG A1085_ R f 00 S f  0.0 H t 36 M 999
PRO A1086_ R f 00 S f  0.0 H t 36 M 999
SER A1087_ R f 00 S f  0.0 H t 36 M 999
PHE A1088_ R f 00 S f  0.0 H t 36 M 999
SER A1089_ R f 00 S f  0.0 H t 36 M 999
ALA A1090_ R f 00 S f  0.0 H t 36 M 999
LEU A1091_ R f 00 S f  0.0 H t 36 M 999
GLY A1092_ R f 00 S f  0.0 H t 36 M 999
PRO A1093_ R f 00 S f  0.0 H t 36 M 999
GLN A1094_ R f 00 S f  0.0 H t 36 M 999
LEU A1095_ R f 00 S f  0.0 H t 36 M 999
ASP A1096_ R f 00 S f  0.0 H t 36 M 999
MET A1097_ R f 00 S f  0.0 H t 36 M 999
LEU A1098_ R f 00 S f  0.0 H t 36 M 999
MI1 A1125_ R f 00 S f  0.0 H t 36 M 999
