ForkPoolWorker-2: Calling delphi to calculate conformer (2/609) ASN01A1093_002 in /tmp/pbe_data.data.home.granepura.5-Kinases.Kinases_MCCE.Trial02.run_apo.4ANS_ASN01A1093_002
ForkPoolWorker-1: Calling delphi to calculate conformer (1/609) ASN01A1093_001 in /tmp/pbe_data.data.home.granepura.5-Kinases.Kinases_MCCE.Trial02.run_apo.4ANS_ASN01A1093_001
ForkPoolWorker-4: Calling delphi to calculate conformer (4/609) ASN01A1095_001 in /tmp/pbe_data.data.home.granepura.5-Kinases.Kinases_MCCE.Trial02.run_apo.4ANS_ASN01A1095_001
Skipping PBE solver for non-charge conformer (3/609) PRO01A1094_001...
ForkPoolWorker-5: Calling delphi to calculate conformer (5/609) ASN01A1095_002 in /tmp/pbe_data.data.home.granepura.5-Kinases.Kinases_MCCE.Trial02.run_apo.4ANS_ASN01A1095_002
ForkPoolWorker-3: Calling delphi to calculate conformer (6/609) TYR01A1096_001 in /tmp/pbe_data.data.home.granepura.5-Kinases.Kinases_MCCE.Trial02.run_apo.4ANS_TYR01A1096_001
ForkPoolWorker-2: Calling delphi to calculate conformer (7/609) TYR01A1096_002 in /tmp/pbe_data.data.home.granepura.5-Kinases.Kinases_MCCE.Trial02.run_apo.4ANS_TYR01A1096_002
ForkPoolWorker-4: Calling delphi to calculate conformer (8/609) TYR-1A1096_003 in /tmp/pbe_data.data.home.granepura.5-Kinases.Kinases_MCCE.Trial02.run_apo.4ANS_TYR-1A1096_003
ForkPoolWorker-1: Calling delphi to calculate conformer (9/609) CYS01A1097_001 in /tmp/pbe_data.data.home.granepura.5-Kinases.Kinases_MCCE.Trial02.run_apo.4ANS_CYS01A1097_001
ForkPoolWorker-3: Calling delphi to calculate conformer (10/609) CYS01A1097_002 in /tmp/pbe_data.data.home.granepura.5-Kinases.Kinases_MCCE.Trial02.run_apo.4ANS_CYS01A1097_002
ForkPoolWorker-5: Calling delphi to calculate conformer (11/609) CYS01A1097_003 in /tmp/pbe_data.data.home.granepura.5-Kinases.Kinases_MCCE.Trial02.run_apo.4ANS_CYS01A1097_003
ForkPoolWorker-2: Calling delphi to calculate conformer (12/609) CYS-1A1097_004 in /tmp/pbe_data.data.home.granepura.5-Kinases.Kinases_MCCE.Trial02.run_apo.4ANS_CYS-1A1097_004
Skipping PBE solver for non-charge conformer (13/609) PHE01A1098_001...
ForkPoolWorker-5: Calling delphi to calculate conformer (15/609) LYS01A1101_001 in /tmp/pbe_data.data.home.granepura.5-Kinases.Kinases_MCCE.Trial02.run_apo.4ANS_LYS01A1101_001
Skipping PBE solver for non-charge conformer (14/609) ALA01A1099_001...
ForkPoolWorker-3: Calling delphi to calculate conformer (16/609) LYS+1A1101_002 in /tmp/pbe_data.data.home.granepura.5-Kinases.Kinases_MCCE.Trial02.run_apo.4ANS_LYS+1A1101_002
ForkPoolWorker-1: Calling delphi to calculate conformer (17/609) THR01A1102_001 in /tmp/pbe_data.data.home.granepura.5-Kinases.Kinases_MCCE.Trial02.run_apo.4ANS_THR01A1102_001
ForkPoolWorker-4: Calling delphi to calculate conformer (18/609) THR01A1102_002 in /tmp/pbe_data.data.home.granepura.5-Kinases.Kinases_MCCE.Trial02.run_apo.4ANS_THR01A1102_002
ForkPoolWorker-2: Calling delphi to calculate conformer (19/609) THR01A1102_003 in /tmp/pbe_data.data.home.granepura.5-Kinases.Kinases_MCCE.Trial02.run_apo.4ANS_THR01A1102_003
ForkPoolWorker-5: Calling delphi to calculate conformer (20/609) SER01A1103_001 in /tmp/pbe_data.data.home.granepura.5-Kinases.Kinases_MCCE.Trial02.run_apo.4ANS_SER01A1103_001
ForkPoolWorker-3: Calling delphi to calculate conformer (21/609) SER01A1104_001 in /tmp/pbe_data.data.home.granepura.5-Kinases.Kinases_MCCE.Trial02.run_apo.4ANS_SER01A1104_001
ForkPoolWorker-1: Calling delphi to calculate conformer (22/609) SER01A1104_002 in /tmp/pbe_data.data.home.granepura.5-Kinases.Kinases_MCCE.Trial02.run_apo.4ANS_SER01A1104_002
ForkPoolWorker-4: Calling delphi to calculate conformer (23/609) SER01A1104_003 in /tmp/pbe_data.data.home.granepura.5-Kinases.Kinases_MCCE.Trial02.run_apo.4ANS_SER01A1104_003
ForkPoolWorker-2: Calling delphi to calculate conformer (24/609) SER01A1104_004 in /tmp/pbe_data.data.home.granepura.5-Kinases.Kinases_MCCE.Trial02.run_apo.4ANS_SER01A1104_004
Skipping PBE solver for non-charge conformer (25/609) ILE01A1105_001...
ForkPoolWorker-1: Calling delphi to calculate conformer (27/609) ASP01A1107_001 in /tmp/pbe_data.data.home.granepura.5-Kinases.Kinases_MCCE.Trial02.run_apo.4ANS_ASP01A1107_001
ForkPoolWorker-5: Calling delphi to calculate conformer (28/609) ASP01A1107_002 in /tmp/pbe_data.data.home.granepura.5-Kinases.Kinases_MCCE.Trial02.run_apo.4ANS_ASP01A1107_002
ForkPoolWorker-3: Calling delphi to calculate conformer (26/609) SER01A1106_001 in /tmp/pbe_data.data.home.granepura.5-Kinases.Kinases_MCCE.Trial02.run_apo.4ANS_SER01A1106_001
ForkPoolWorker-4: Calling delphi to calculate conformer (29/609) ASP02A1107_003 in /tmp/pbe_data.data.home.granepura.5-Kinases.Kinases_MCCE.Trial02.run_apo.4ANS_ASP02A1107_003
ForkPoolWorker-2: Calling delphi to calculate conformer (30/609) ASP02A1107_004 in /tmp/pbe_data.data.home.granepura.5-Kinases.Kinases_MCCE.Trial02.run_apo.4ANS_ASP02A1107_004
ForkPoolWorker-1: Calling delphi to calculate conformer (31/609) ASP-1A1107_005 in /tmp/pbe_data.data.home.granepura.5-Kinases.Kinases_MCCE.Trial02.run_apo.4ANS_ASP-1A1107_005
Skipping PBE solver for non-charge conformer (32/609) LEU01A1108_001...
ForkPoolWorker-5: Calling delphi to calculate conformer (33/609) LYS01A1109_001 in /tmp/pbe_data.data.home.granepura.5-Kinases.Kinases_MCCE.Trial02.run_apo.4ANS_LYS01A1109_001
ForkPoolWorker-3: Calling delphi to calculate conformer (34/609) LYS+1A1109_002 in /tmp/pbe_data.data.home.granepura.5-Kinases.Kinases_MCCE.Trial02.run_apo.4ANS_LYS+1A1109_002
ForkPoolWorker-4: Calling delphi to calculate conformer (35/609) GLU01A1110_001 in /tmp/pbe_data.data.home.granepura.5-Kinases.Kinases_MCCE.Trial02.run_apo.4ANS_GLU01A1110_001
ForkPoolWorker-2: Calling delphi to calculate conformer (36/609) GLU01A1110_002 in /tmp/pbe_data.data.home.granepura.5-Kinases.Kinases_MCCE.Trial02.run_apo.4ANS_GLU01A1110_002
ForkPoolWorker-1: Calling delphi to calculate conformer (37/609) GLU02A1110_003 in /tmp/pbe_data.data.home.granepura.5-Kinases.Kinases_MCCE.Trial02.run_apo.4ANS_GLU02A1110_003
ForkPoolWorker-5: Calling delphi to calculate conformer (38/609) GLU02A1110_004 in /tmp/pbe_data.data.home.granepura.5-Kinases.Kinases_MCCE.Trial02.run_apo.4ANS_GLU02A1110_004
ForkPoolWorker-3: Calling delphi to calculate conformer (39/609) GLU-1A1110_005 in /tmp/pbe_data.data.home.granepura.5-Kinases.Kinases_MCCE.Trial02.run_apo.4ANS_GLU-1A1110_005
Skipping PBE solver for non-charge conformer (40/609) VAL01A1111_001...
Skipping PBE solver for non-charge conformer (41/609) PRO01A1112_001...
ForkPoolWorker-4: Calling delphi to calculate conformer (42/609) ARG01A1113_001 in /tmp/pbe_data.data.home.granepura.5-Kinases.Kinases_MCCE.Trial02.run_apo.4ANS_ARG01A1113_001
ForkPoolWorker-1: Calling delphi to calculate conformer (43/609) ARG02A1113_002 in /tmp/pbe_data.data.home.granepura.5-Kinases.Kinases_MCCE.Trial02.run_apo.4ANS_ARG02A1113_002
ForkPoolWorker-2: Calling delphi to calculate conformer (44/609) ARG03A1113_003 in /tmp/pbe_data.data.home.granepura.5-Kinases.Kinases_MCCE.Trial02.run_apo.4ANS_ARG03A1113_003
ForkPoolWorker-5: Calling delphi to calculate conformer (45/609) ARG+1A1113_004 in /tmp/pbe_data.data.home.granepura.5-Kinases.Kinases_MCCE.Trial02.run_apo.4ANS_ARG+1A1113_004
ForkPoolWorker-4: Calling delphi to calculate conformer (46/609) LYS01A1114_001 in /tmp/pbe_data.data.home.granepura.5-Kinases.Kinases_MCCE.Trial02.run_apo.4ANS_LYS01A1114_001
ForkPoolWorker-3: Calling delphi to calculate conformer (47/609) LYS+1A1114_002 in /tmp/pbe_data.data.home.granepura.5-Kinases.Kinases_MCCE.Trial02.run_apo.4ANS_LYS+1A1114_002
ForkPoolWorker-1: Calling delphi to calculate conformer (48/609) ASN01A1115_001 in /tmp/pbe_data.data.home.granepura.5-Kinases.Kinases_MCCE.Trial02.run_apo.4ANS_ASN01A1115_001
ForkPoolWorker-2: Calling delphi to calculate conformer (49/609) ASN01A1115_002 in /tmp/pbe_data.data.home.granepura.5-Kinases.Kinases_MCCE.Trial02.run_apo.4ANS_ASN01A1115_002
Skipping PBE solver for non-charge conformer (50/609) ILE01A1116_001...
ForkPoolWorker-4: Calling delphi to calculate conformer (51/609) THR01A1117_001 in /tmp/pbe_data.data.home.granepura.5-Kinases.Kinases_MCCE.Trial02.run_apo.4ANS_THR01A1117_001
Skipping PBE solver for non-charge conformer (52/609) LEU01A1118_001...
Skipping PBE solver for non-charge conformer (53/609) ILE01A1119_001...
ForkPoolWorker-5: Calling delphi to calculate conformer (54/609) ARG01A1120_001 in /tmp/pbe_data.data.home.granepura.5-Kinases.Kinases_MCCE.Trial02.run_apo.4ANS_ARG01A1120_001
ForkPoolWorker-3: Calling delphi to calculate conformer (55/609) ARG02A1120_002 in /tmp/pbe_data.data.home.granepura.5-Kinases.Kinases_MCCE.Trial02.run_apo.4ANS_ARG02A1120_002
ForkPoolWorker-1: Calling delphi to calculate conformer (56/609) ARG02A1120_003 in /tmp/pbe_data.data.home.granepura.5-Kinases.Kinases_MCCE.Trial02.run_apo.4ANS_ARG02A1120_003
ForkPoolWorker-2: Calling delphi to calculate conformer (57/609) ARG03A1120_004 in /tmp/pbe_data.data.home.granepura.5-Kinases.Kinases_MCCE.Trial02.run_apo.4ANS_ARG03A1120_004
ForkPoolWorker-4: Calling delphi to calculate conformer (58/609) ARG+1A1120_005 in /tmp/pbe_data.data.home.granepura.5-Kinases.Kinases_MCCE.Trial02.run_apo.4ANS_ARG+1A1120_005
Skipping PBE solver for non-charge conformer (59/609) LEU01A1122_001...
Skipping PBE solver for non-charge conformer (60/609) ALA01A1126_001...
Skipping PBE solver for non-charge conformer (61/609) PHE01A1127_001...
ForkPoolWorker-5: Calling delphi to calculate conformer (62/609) GLU01A1129_001 in /tmp/pbe_data.data.home.granepura.5-Kinases.Kinases_MCCE.Trial02.run_apo.4ANS_GLU01A1129_001
ForkPoolWorker-3: Calling delphi to calculate conformer (63/609) GLU01A1129_002 in /tmp/pbe_data.data.home.granepura.5-Kinases.Kinases_MCCE.Trial02.run_apo.4ANS_GLU01A1129_002
ForkPoolWorker-1: Calling delphi to calculate conformer (64/609) GLU02A1129_003 in /tmp/pbe_data.data.home.granepura.5-Kinases.Kinases_MCCE.Trial02.run_apo.4ANS_GLU02A1129_003
ForkPoolWorker-2: Calling delphi to calculate conformer (65/609) GLU02A1129_004 in /tmp/pbe_data.data.home.granepura.5-Kinases.Kinases_MCCE.Trial02.run_apo.4ANS_GLU02A1129_004
ForkPoolWorker-4: Calling delphi to calculate conformer (66/609) GLU-1A1129_005 in /tmp/pbe_data.data.home.granepura.5-Kinases.Kinases_MCCE.Trial02.run_apo.4ANS_GLU-1A1129_005
Skipping PBE solver for non-charge conformer (67/609) VAL01A1130_001...
ForkPoolWorker-5: Calling delphi to calculate conformer (68/609) TYR01A1131_001 in /tmp/pbe_data.data.home.granepura.5-Kinases.Kinases_MCCE.Trial02.run_apo.4ANS_TYR01A1131_001
ForkPoolWorker-3: Calling delphi to calculate conformer (69/609) TYR01A1131_002 in /tmp/pbe_data.data.home.granepura.5-Kinases.Kinases_MCCE.Trial02.run_apo.4ANS_TYR01A1131_002
ForkPoolWorker-1: Calling delphi to calculate conformer (70/609) TYR-1A1131_003 in /tmp/pbe_data.data.home.granepura.5-Kinases.Kinases_MCCE.Trial02.run_apo.4ANS_TYR-1A1131_003
ForkPoolWorker-2: Calling delphi to calculate conformer (71/609) GLU01A1132_001 in /tmp/pbe_data.data.home.granepura.5-Kinases.Kinases_MCCE.Trial02.run_apo.4ANS_GLU01A1132_001
ForkPoolWorker-4: Calling delphi to calculate conformer (72/609) GLU01A1132_002 in /tmp/pbe_data.data.home.granepura.5-Kinases.Kinases_MCCE.Trial02.run_apo.4ANS_GLU01A1132_002
ForkPoolWorker-5: Calling delphi to calculate conformer (73/609) GLU02A1132_003 in /tmp/pbe_data.data.home.granepura.5-Kinases.Kinases_MCCE.Trial02.run_apo.4ANS_GLU02A1132_003
ForkPoolWorker-3: Calling delphi to calculate conformer (74/609) GLU02A1132_004 in /tmp/pbe_data.data.home.granepura.5-Kinases.Kinases_MCCE.Trial02.run_apo.4ANS_GLU02A1132_004
ForkPoolWorker-1: Calling delphi to calculate conformer (75/609) GLU-1A1132_005 in /tmp/pbe_data.data.home.granepura.5-Kinases.Kinases_MCCE.Trial02.run_apo.4ANS_GLU-1A1132_005
ForkPoolWorker-2: Calling delphi to calculate conformer (76/609) GLN01A1134_001 in /tmp/pbe_data.data.home.granepura.5-Kinases.Kinases_MCCE.Trial02.run_apo.4ANS_GLN01A1134_001
ForkPoolWorker-4: Calling delphi to calculate conformer (77/609) GLN01A1134_002 in /tmp/pbe_data.data.home.granepura.5-Kinases.Kinases_MCCE.Trial02.run_apo.4ANS_GLN01A1134_002
Skipping PBE solver for non-charge conformer (78/609) VAL01A1135_001...
Skipping PBE solver for non-charge conformer (79/609) PRO01A1144_001...
Skipping PBE solver for non-charge conformer (80/609) LEU01A1145_001...
ForkPoolWorker-5: Calling delphi to calculate conformer (81/609) GLN01A1146_001 in /tmp/pbe_data.data.home.granepura.5-Kinases.Kinases_MCCE.Trial02.run_apo.4ANS_GLN01A1146_001
ForkPoolWorker-3: Calling delphi to calculate conformer (82/609) GLN01A1146_002 in /tmp/pbe_data.data.home.granepura.5-Kinases.Kinases_MCCE.Trial02.run_apo.4ANS_GLN01A1146_002
Skipping PBE solver for non-charge conformer (83/609) VAL01A1147_001...
Skipping PBE solver for non-charge conformer (84/609) ALA01A1148_001...
Skipping PBE solver for non-charge conformer (85/609) VAL01A1149_001...
ForkPoolWorker-1: Calling delphi to calculate conformer (86/609) LYS01A1150_001 in /tmp/pbe_data.data.home.granepura.5-Kinases.Kinases_MCCE.Trial02.run_apo.4ANS_LYS01A1150_001
ForkPoolWorker-2: Calling delphi to calculate conformer (87/609) LYS+1A1150_002 in /tmp/pbe_data.data.home.granepura.5-Kinases.Kinases_MCCE.Trial02.run_apo.4ANS_LYS+1A1150_002
ForkPoolWorker-4: Calling delphi to calculate conformer (88/609) THR01A1151_001 in /tmp/pbe_data.data.home.granepura.5-Kinases.Kinases_MCCE.Trial02.run_apo.4ANS_THR01A1151_001
ForkPoolWorker-5: Calling delphi to calculate conformer (89/609) THR01A1151_002 in /tmp/pbe_data.data.home.granepura.5-Kinases.Kinases_MCCE.Trial02.run_apo.4ANS_THR01A1151_002
Skipping PBE solver for non-charge conformer (90/609) LEU01A1152_001...
Skipping PBE solver for non-charge conformer (91/609) PRO01A1153_001...
ForkPoolWorker-3: Calling delphi to calculate conformer (92/609) GLU01A1154_001 in /tmp/pbe_data.data.home.granepura.5-Kinases.Kinases_MCCE.Trial02.run_apo.4ANS_GLU01A1154_001
ForkPoolWorker-1: Calling delphi to calculate conformer (93/609) GLU01A1154_002 in /tmp/pbe_data.data.home.granepura.5-Kinases.Kinases_MCCE.Trial02.run_apo.4ANS_GLU01A1154_002
ForkPoolWorker-2: Calling delphi to calculate conformer (94/609) GLU02A1154_003 in /tmp/pbe_data.data.home.granepura.5-Kinases.Kinases_MCCE.Trial02.run_apo.4ANS_GLU02A1154_003
ForkPoolWorker-4: Calling delphi to calculate conformer (95/609) GLU02A1154_004 in /tmp/pbe_data.data.home.granepura.5-Kinases.Kinases_MCCE.Trial02.run_apo.4ANS_GLU02A1154_004
ForkPoolWorker-5: Calling delphi to calculate conformer (96/609) GLU-1A1154_005 in /tmp/pbe_data.data.home.granepura.5-Kinases.Kinases_MCCE.Trial02.run_apo.4ANS_GLU-1A1154_005
Skipping PBE solver for non-charge conformer (97/609) VAL01A1155_001...
ForkPoolWorker-3: Calling delphi to calculate conformer (98/609) CYS01A1156_001 in /tmp/pbe_data.data.home.granepura.5-Kinases.Kinases_MCCE.Trial02.run_apo.4ANS_CYS01A1156_001
ForkPoolWorker-1: Calling delphi to calculate conformer (99/609) CYS01A1156_002 in /tmp/pbe_data.data.home.granepura.5-Kinases.Kinases_MCCE.Trial02.run_apo.4ANS_CYS01A1156_002
ForkPoolWorker-2: Calling delphi to calculate conformer (100/609) CYS01A1156_003 in /tmp/pbe_data.data.home.granepura.5-Kinases.Kinases_MCCE.Trial02.run_apo.4ANS_CYS01A1156_003
ForkPoolWorker-4: Calling delphi to calculate conformer (101/609) CYS-1A1156_004 in /tmp/pbe_data.data.home.granepura.5-Kinases.Kinases_MCCE.Trial02.run_apo.4ANS_CYS-1A1156_004
ForkPoolWorker-5: Calling delphi to calculate conformer (102/609) SER01A1157_001 in /tmp/pbe_data.data.home.granepura.5-Kinases.Kinases_MCCE.Trial02.run_apo.4ANS_SER01A1157_001
ForkPoolWorker-3: Calling delphi to calculate conformer (103/609) SER01A1157_002 in /tmp/pbe_data.data.home.granepura.5-Kinases.Kinases_MCCE.Trial02.run_apo.4ANS_SER01A1157_002
ForkPoolWorker-1: Calling delphi to calculate conformer (104/609) GLU01A1158_001 in /tmp/pbe_data.data.home.granepura.5-Kinases.Kinases_MCCE.Trial02.run_apo.4ANS_GLU01A1158_001
ForkPoolWorker-4: Calling delphi to calculate conformer (106/609) GLU02A1158_003 in /tmp/pbe_data.data.home.granepura.5-Kinases.Kinases_MCCE.Trial02.run_apo.4ANS_GLU02A1158_003
ForkPoolWorker-2: Calling delphi to calculate conformer (105/609) GLU01A1158_002 in /tmp/pbe_data.data.home.granepura.5-Kinases.Kinases_MCCE.Trial02.run_apo.4ANS_GLU01A1158_002
ForkPoolWorker-5: Calling delphi to calculate conformer (107/609) GLU02A1158_004 in /tmp/pbe_data.data.home.granepura.5-Kinases.Kinases_MCCE.Trial02.run_apo.4ANS_GLU02A1158_004
ForkPoolWorker-3: Calling delphi to calculate conformer (108/609) GLU-1A1158_005 in /tmp/pbe_data.data.home.granepura.5-Kinases.Kinases_MCCE.Trial02.run_apo.4ANS_GLU-1A1158_005
ForkPoolWorker-1: Calling delphi to calculate conformer (109/609) GLN01A1159_001 in /tmp/pbe_data.data.home.granepura.5-Kinases.Kinases_MCCE.Trial02.run_apo.4ANS_GLN01A1159_001
ForkPoolWorker-2: Calling delphi to calculate conformer (111/609) GLN01A1159_003 in /tmp/pbe_data.data.home.granepura.5-Kinases.Kinases_MCCE.Trial02.run_apo.4ANS_GLN01A1159_003
ForkPoolWorker-4: Calling delphi to calculate conformer (110/609) GLN01A1159_002 in /tmp/pbe_data.data.home.granepura.5-Kinases.Kinases_MCCE.Trial02.run_apo.4ANS_GLN01A1159_002
ForkPoolWorker-5: Calling delphi to calculate conformer (112/609) ASP01A1160_001 in /tmp/pbe_data.data.home.granepura.5-Kinases.Kinases_MCCE.Trial02.run_apo.4ANS_ASP01A1160_001
ForkPoolWorker-3: Calling delphi to calculate conformer (113/609) ASP01A1160_002 in /tmp/pbe_data.data.home.granepura.5-Kinases.Kinases_MCCE.Trial02.run_apo.4ANS_ASP01A1160_002
ForkPoolWorker-1: Calling delphi to calculate conformer (114/609) ASP01A1160_003 in /tmp/pbe_data.data.home.granepura.5-Kinases.Kinases_MCCE.Trial02.run_apo.4ANS_ASP01A1160_003
ForkPoolWorker-2: Calling delphi to calculate conformer (115/609) ASP01A1160_004 in /tmp/pbe_data.data.home.granepura.5-Kinases.Kinases_MCCE.Trial02.run_apo.4ANS_ASP01A1160_004
ForkPoolWorker-4: Calling delphi to calculate conformer (116/609) ASP02A1160_005 in /tmp/pbe_data.data.home.granepura.5-Kinases.Kinases_MCCE.Trial02.run_apo.4ANS_ASP02A1160_005
ForkPoolWorker-5: Calling delphi to calculate conformer (117/609) ASP02A1160_006 in /tmp/pbe_data.data.home.granepura.5-Kinases.Kinases_MCCE.Trial02.run_apo.4ANS_ASP02A1160_006
ForkPoolWorker-3: Calling delphi to calculate conformer (118/609) ASP02A1160_007 in /tmp/pbe_data.data.home.granepura.5-Kinases.Kinases_MCCE.Trial02.run_apo.4ANS_ASP02A1160_007
ForkPoolWorker-1: Calling delphi to calculate conformer (119/609) ASP02A1160_008 in /tmp/pbe_data.data.home.granepura.5-Kinases.Kinases_MCCE.Trial02.run_apo.4ANS_ASP02A1160_008
ForkPoolWorker-2: Calling delphi to calculate conformer (120/609) ASP-1A1160_009 in /tmp/pbe_data.data.home.granepura.5-Kinases.Kinases_MCCE.Trial02.run_apo.4ANS_ASP-1A1160_009
ForkPoolWorker-4: Calling delphi to calculate conformer (121/609) ASP-1A1160_010 in /tmp/pbe_data.data.home.granepura.5-Kinases.Kinases_MCCE.Trial02.run_apo.4ANS_ASP-1A1160_010
ForkPoolWorker-5: Calling delphi to calculate conformer (122/609) GLU01A1161_001 in /tmp/pbe_data.data.home.granepura.5-Kinases.Kinases_MCCE.Trial02.run_apo.4ANS_GLU01A1161_001
ForkPoolWorker-3: Calling delphi to calculate conformer (123/609) GLU01A1161_002 in /tmp/pbe_data.data.home.granepura.5-Kinases.Kinases_MCCE.Trial02.run_apo.4ANS_GLU01A1161_002
ForkPoolWorker-1: Calling delphi to calculate conformer (124/609) GLU02A1161_003 in /tmp/pbe_data.data.home.granepura.5-Kinases.Kinases_MCCE.Trial02.run_apo.4ANS_GLU02A1161_003
ForkPoolWorker-2: Calling delphi to calculate conformer (125/609) GLU02A1161_004 in /tmp/pbe_data.data.home.granepura.5-Kinases.Kinases_MCCE.Trial02.run_apo.4ANS_GLU02A1161_004
ForkPoolWorker-4: Calling delphi to calculate conformer (126/609) GLU-1A1161_005 in /tmp/pbe_data.data.home.granepura.5-Kinases.Kinases_MCCE.Trial02.run_apo.4ANS_GLU-1A1161_005
Skipping PBE solver for non-charge conformer (127/609) LEU01A1162_001...
ForkPoolWorker-5: Calling delphi to calculate conformer (128/609) ASP01A1163_001 in /tmp/pbe_data.data.home.granepura.5-Kinases.Kinases_MCCE.Trial02.run_apo.4ANS_ASP01A1163_001
ForkPoolWorker-3: Calling delphi to calculate conformer (129/609) ASP01A1163_002 in /tmp/pbe_data.data.home.granepura.5-Kinases.Kinases_MCCE.Trial02.run_apo.4ANS_ASP01A1163_002
ForkPoolWorker-1: Calling delphi to calculate conformer (130/609) ASP02A1163_003 in /tmp/pbe_data.data.home.granepura.5-Kinases.Kinases_MCCE.Trial02.run_apo.4ANS_ASP02A1163_003
ForkPoolWorker-2: Calling delphi to calculate conformer (132/609) ASP-1A1163_005 in /tmp/pbe_data.data.home.granepura.5-Kinases.Kinases_MCCE.Trial02.run_apo.4ANS_ASP-1A1163_005
ForkPoolWorker-4: Calling delphi to calculate conformer (131/609) ASP02A1163_004 in /tmp/pbe_data.data.home.granepura.5-Kinases.Kinases_MCCE.Trial02.run_apo.4ANS_ASP02A1163_004
Skipping PBE solver for non-charge conformer (133/609) PHE01A1164_001...
Skipping PBE solver for non-charge conformer (134/609) LEU01A1165_001...
ForkPoolWorker-5: Calling delphi to calculate conformer (135/609) MET01A1166_001 in /tmp/pbe_data.data.home.granepura.5-Kinases.Kinases_MCCE.Trial02.run_apo.4ANS_MET01A1166_001
ForkPoolWorker-3: Calling delphi to calculate conformer (136/609) GLU01A1167_001 in /tmp/pbe_data.data.home.granepura.5-Kinases.Kinases_MCCE.Trial02.run_apo.4ANS_GLU01A1167_001
ForkPoolWorker-1: Calling delphi to calculate conformer (137/609) GLU01A1167_002 in /tmp/pbe_data.data.home.granepura.5-Kinases.Kinases_MCCE.Trial02.run_apo.4ANS_GLU01A1167_002
ForkPoolWorker-2: Calling delphi to calculate conformer (138/609) GLU02A1167_003 in /tmp/pbe_data.data.home.granepura.5-Kinases.Kinases_MCCE.Trial02.run_apo.4ANS_GLU02A1167_003
ForkPoolWorker-4: Calling delphi to calculate conformer (139/609) GLU02A1167_004 in /tmp/pbe_data.data.home.granepura.5-Kinases.Kinases_MCCE.Trial02.run_apo.4ANS_GLU02A1167_004
ForkPoolWorker-5: Calling delphi to calculate conformer (140/609) GLU-1A1167_005 in /tmp/pbe_data.data.home.granepura.5-Kinases.Kinases_MCCE.Trial02.run_apo.4ANS_GLU-1A1167_005
Skipping PBE solver for non-charge conformer (141/609) ALA01A1168_001...
Skipping PBE solver for non-charge conformer (142/609) LEU01A1169_001...
Skipping PBE solver for non-charge conformer (143/609) ILE01A1170_001...
Skipping PBE solver for non-charge conformer (144/609) ILE01A1171_001...
ForkPoolWorker-3: Calling delphi to calculate conformer (145/609) SER01A1172_001 in /tmp/pbe_data.data.home.granepura.5-Kinases.Kinases_MCCE.Trial02.run_apo.4ANS_SER01A1172_001
ForkPoolWorker-1: Calling delphi to calculate conformer (146/609) SER01A1172_002 in /tmp/pbe_data.data.home.granepura.5-Kinases.Kinases_MCCE.Trial02.run_apo.4ANS_SER01A1172_002
ForkPoolWorker-4: Calling delphi to calculate conformer (147/609) LYS01A1173_001 in /tmp/pbe_data.data.home.granepura.5-Kinases.Kinases_MCCE.Trial02.run_apo.4ANS_LYS01A1173_001
ForkPoolWorker-2: Calling delphi to calculate conformer (148/609) LYS+1A1173_002 in /tmp/pbe_data.data.home.granepura.5-Kinases.Kinases_MCCE.Trial02.run_apo.4ANS_LYS+1A1173_002
Skipping PBE solver for non-charge conformer (149/609) PHE01A1174_001...
ForkPoolWorker-5: Calling delphi to calculate conformer (150/609) ASN01A1175_001 in /tmp/pbe_data.data.home.granepura.5-Kinases.Kinases_MCCE.Trial02.run_apo.4ANS_ASN01A1175_001
ForkPoolWorker-3: Calling delphi to calculate conformer (151/609) HIS01A1176_001 in /tmp/pbe_data.data.home.granepura.5-Kinases.Kinases_MCCE.Trial02.run_apo.4ANS_HIS01A1176_001
ForkPoolWorker-1: Calling delphi to calculate conformer (152/609) HIS02A1176_002 in /tmp/pbe_data.data.home.granepura.5-Kinases.Kinases_MCCE.Trial02.run_apo.4ANS_HIS02A1176_002
ForkPoolWorker-4: Calling delphi to calculate conformer (153/609) HIS+1A1176_003 in /tmp/pbe_data.data.home.granepura.5-Kinases.Kinases_MCCE.Trial02.run_apo.4ANS_HIS+1A1176_003
ForkPoolWorker-2: Calling delphi to calculate conformer (154/609) GLN01A1177_001 in /tmp/pbe_data.data.home.granepura.5-Kinases.Kinases_MCCE.Trial02.run_apo.4ANS_GLN01A1177_001
ForkPoolWorker-5: Calling delphi to calculate conformer (155/609) GLN01A1177_002 in /tmp/pbe_data.data.home.granepura.5-Kinases.Kinases_MCCE.Trial02.run_apo.4ANS_GLN01A1177_002
ForkPoolWorker-3: Calling delphi to calculate conformer (156/609) ASN01A1178_001 in /tmp/pbe_data.data.home.granepura.5-Kinases.Kinases_MCCE.Trial02.run_apo.4ANS_ASN01A1178_001
ForkPoolWorker-1: Calling delphi to calculate conformer (157/609) ASN01A1178_002 in /tmp/pbe_data.data.home.granepura.5-Kinases.Kinases_MCCE.Trial02.run_apo.4ANS_ASN01A1178_002
Skipping PBE solver for non-charge conformer (158/609) ILE01A1179_001...
Skipping PBE solver for non-charge conformer (159/609) VAL01A1180_001...
ForkPoolWorker-4: Calling delphi to calculate conformer (160/609) ARG01A1181_001 in /tmp/pbe_data.data.home.granepura.5-Kinases.Kinases_MCCE.Trial02.run_apo.4ANS_ARG01A1181_001
ForkPoolWorker-2: Calling delphi to calculate conformer (161/609) ARG02A1181_002 in /tmp/pbe_data.data.home.granepura.5-Kinases.Kinases_MCCE.Trial02.run_apo.4ANS_ARG02A1181_002
ForkPoolWorker-5: Calling delphi to calculate conformer (162/609) ARG02A1181_003 in /tmp/pbe_data.data.home.granepura.5-Kinases.Kinases_MCCE.Trial02.run_apo.4ANS_ARG02A1181_003
ForkPoolWorker-3: Calling delphi to calculate conformer (163/609) ARG03A1181_004 in /tmp/pbe_data.data.home.granepura.5-Kinases.Kinases_MCCE.Trial02.run_apo.4ANS_ARG03A1181_004
ForkPoolWorker-1: Calling delphi to calculate conformer (164/609) ARG+1A1181_005 in /tmp/pbe_data.data.home.granepura.5-Kinases.Kinases_MCCE.Trial02.run_apo.4ANS_ARG+1A1181_005
ForkPoolWorker-4: Calling delphi to calculate conformer (165/609) CYS01A1182_001 in /tmp/pbe_data.data.home.granepura.5-Kinases.Kinases_MCCE.Trial02.run_apo.4ANS_CYS01A1182_001
ForkPoolWorker-2: Calling delphi to calculate conformer (166/609) CYS01A1182_002 in /tmp/pbe_data.data.home.granepura.5-Kinases.Kinases_MCCE.Trial02.run_apo.4ANS_CYS01A1182_002
ForkPoolWorker-5: Calling delphi to calculate conformer (167/609) CYS01A1182_003 in /tmp/pbe_data.data.home.granepura.5-Kinases.Kinases_MCCE.Trial02.run_apo.4ANS_CYS01A1182_003
ForkPoolWorker-3: Calling delphi to calculate conformer (168/609) CYS-1A1182_004 in /tmp/pbe_data.data.home.granepura.5-Kinases.Kinases_MCCE.Trial02.run_apo.4ANS_CYS-1A1182_004
Skipping PBE solver for non-charge conformer (169/609) ILE01A1183_001...
Skipping PBE solver for non-charge conformer (170/609) VAL01A1185_001...
ForkPoolWorker-1: Calling delphi to calculate conformer (171/609) SER01A1186_001 in /tmp/pbe_data.data.home.granepura.5-Kinases.Kinases_MCCE.Trial02.run_apo.4ANS_SER01A1186_001
ForkPoolWorker-2: Calling delphi to calculate conformer (172/609) SER01A1186_002 in /tmp/pbe_data.data.home.granepura.5-Kinases.Kinases_MCCE.Trial02.run_apo.4ANS_SER01A1186_002
Skipping PBE solver for non-charge conformer (173/609) LEU01A1187_001...
ForkPoolWorker-4: Calling delphi to calculate conformer (174/609) GLN01A1188_001 in /tmp/pbe_data.data.home.granepura.5-Kinases.Kinases_MCCE.Trial02.run_apo.4ANS_GLN01A1188_001
ForkPoolWorker-5: Calling delphi to calculate conformer (175/609) GLN01A1188_002 in /tmp/pbe_data.data.home.granepura.5-Kinases.Kinases_MCCE.Trial02.run_apo.4ANS_GLN01A1188_002
ForkPoolWorker-3: Calling delphi to calculate conformer (176/609) SER01A1189_001 in /tmp/pbe_data.data.home.granepura.5-Kinases.Kinases_MCCE.Trial02.run_apo.4ANS_SER01A1189_001
Skipping PBE solver for non-charge conformer (177/609) LEU01A1190_001...
Skipping PBE solver for non-charge conformer (178/609) PRO01A1191_001...
ForkPoolWorker-1: Calling delphi to calculate conformer (179/609) ARG01A1192_001 in /tmp/pbe_data.data.home.granepura.5-Kinases.Kinases_MCCE.Trial02.run_apo.4ANS_ARG01A1192_001
ForkPoolWorker-2: Calling delphi to calculate conformer (180/609) ARG02A1192_002 in /tmp/pbe_data.data.home.granepura.5-Kinases.Kinases_MCCE.Trial02.run_apo.4ANS_ARG02A1192_002
ForkPoolWorker-4: Calling delphi to calculate conformer (181/609) ARG03A1192_003 in /tmp/pbe_data.data.home.granepura.5-Kinases.Kinases_MCCE.Trial02.run_apo.4ANS_ARG03A1192_003
ForkPoolWorker-5: Calling delphi to calculate conformer (182/609) ARG03A1192_004 in /tmp/pbe_data.data.home.granepura.5-Kinases.Kinases_MCCE.Trial02.run_apo.4ANS_ARG03A1192_004
ForkPoolWorker-3: Calling delphi to calculate conformer (183/609) ARG+1A1192_005 in /tmp/pbe_data.data.home.granepura.5-Kinases.Kinases_MCCE.Trial02.run_apo.4ANS_ARG+1A1192_005
Skipping PBE solver for non-charge conformer (184/609) PHE01A1193_001...
Skipping PBE solver for non-charge conformer (185/609) ILE01A1194_001...
Skipping PBE solver for non-charge conformer (186/609) LEU01A1195_001...
ForkPoolWorker-1: Calling delphi to calculate conformer (187/609) MET01A1196_001 in /tmp/pbe_data.data.home.granepura.5-Kinases.Kinases_MCCE.Trial02.run_apo.4ANS_MET01A1196_001
ForkPoolWorker-4: Calling delphi to calculate conformer (188/609) GLU01A1197_001 in /tmp/pbe_data.data.home.granepura.5-Kinases.Kinases_MCCE.Trial02.run_apo.4ANS_GLU01A1197_001
ForkPoolWorker-2: Calling delphi to calculate conformer (189/609) GLU01A1197_002 in /tmp/pbe_data.data.home.granepura.5-Kinases.Kinases_MCCE.Trial02.run_apo.4ANS_GLU01A1197_002
ForkPoolWorker-5: Calling delphi to calculate conformer (190/609) GLU02A1197_003 in /tmp/pbe_data.data.home.granepura.5-Kinases.Kinases_MCCE.Trial02.run_apo.4ANS_GLU02A1197_003
ForkPoolWorker-3: Calling delphi to calculate conformer (191/609) GLU02A1197_004 in /tmp/pbe_data.data.home.granepura.5-Kinases.Kinases_MCCE.Trial02.run_apo.4ANS_GLU02A1197_004
ForkPoolWorker-1: Calling delphi to calculate conformer (192/609) GLU-1A1197_005 in /tmp/pbe_data.data.home.granepura.5-Kinases.Kinases_MCCE.Trial02.run_apo.4ANS_GLU-1A1197_005
ForkPoolWorker-2: Calling delphi to calculate conformer (194/609) MET01A1199_001 in /tmp/pbe_data.data.home.granepura.5-Kinases.Kinases_MCCE.Trial02.run_apo.4ANS_MET01A1199_001
Skipping PBE solver for non-charge conformer (193/609) LEU01A1198_001...
Skipping PBE solver for non-charge conformer (195/609) ALA01A1200_001...
ForkPoolWorker-4: Calling delphi to calculate conformer (196/609) ASP01A1203_001 in /tmp/pbe_data.data.home.granepura.5-Kinases.Kinases_MCCE.Trial02.run_apo.4ANS_ASP01A1203_001
ForkPoolWorker-5: Calling delphi to calculate conformer (197/609) ASP01A1203_002 in /tmp/pbe_data.data.home.granepura.5-Kinases.Kinases_MCCE.Trial02.run_apo.4ANS_ASP01A1203_002
ForkPoolWorker-3: Calling delphi to calculate conformer (198/609) ASP02A1203_003 in /tmp/pbe_data.data.home.granepura.5-Kinases.Kinases_MCCE.Trial02.run_apo.4ANS_ASP02A1203_003
ForkPoolWorker-1: Calling delphi to calculate conformer (199/609) ASP02A1203_004 in /tmp/pbe_data.data.home.granepura.5-Kinases.Kinases_MCCE.Trial02.run_apo.4ANS_ASP02A1203_004
ForkPoolWorker-2: Calling delphi to calculate conformer (200/609) ASP-1A1203_005 in /tmp/pbe_data.data.home.granepura.5-Kinases.Kinases_MCCE.Trial02.run_apo.4ANS_ASP-1A1203_005
Skipping PBE solver for non-charge conformer (201/609) LEU01A1204_001...
ForkPoolWorker-4: Calling delphi to calculate conformer (202/609) LYS01A1205_001 in /tmp/pbe_data.data.home.granepura.5-Kinases.Kinases_MCCE.Trial02.run_apo.4ANS_LYS01A1205_001
ForkPoolWorker-5: Calling delphi to calculate conformer (203/609) LYS+1A1205_002 in /tmp/pbe_data.data.home.granepura.5-Kinases.Kinases_MCCE.Trial02.run_apo.4ANS_LYS+1A1205_002
ForkPoolWorker-3: Calling delphi to calculate conformer (204/609) SER01A1206_001 in /tmp/pbe_data.data.home.granepura.5-Kinases.Kinases_MCCE.Trial02.run_apo.4ANS_SER01A1206_001
ForkPoolWorker-1: Calling delphi to calculate conformer (205/609) SER01A1206_002 in /tmp/pbe_data.data.home.granepura.5-Kinases.Kinases_MCCE.Trial02.run_apo.4ANS_SER01A1206_002
ForkPoolWorker-2: Calling delphi to calculate conformer (206/609) SER01A1206_003 in /tmp/pbe_data.data.home.granepura.5-Kinases.Kinases_MCCE.Trial02.run_apo.4ANS_SER01A1206_003
Skipping PBE solver for non-charge conformer (207/609) PHE01A1207_001...
Skipping PBE solver for non-charge conformer (208/609) LEU01A1208_001...
ForkPoolWorker-4: Calling delphi to calculate conformer (209/609) ARG01A1209_001 in /tmp/pbe_data.data.home.granepura.5-Kinases.Kinases_MCCE.Trial02.run_apo.4ANS_ARG01A1209_001
ForkPoolWorker-5: Calling delphi to calculate conformer (210/609) ARG02A1209_002 in /tmp/pbe_data.data.home.granepura.5-Kinases.Kinases_MCCE.Trial02.run_apo.4ANS_ARG02A1209_002
ForkPoolWorker-3: Calling delphi to calculate conformer (211/609) ARG03A1209_003 in /tmp/pbe_data.data.home.granepura.5-Kinases.Kinases_MCCE.Trial02.run_apo.4ANS_ARG03A1209_003
ForkPoolWorker-1: Calling delphi to calculate conformer (212/609) ARG+1A1209_004 in /tmp/pbe_data.data.home.granepura.5-Kinases.Kinases_MCCE.Trial02.run_apo.4ANS_ARG+1A1209_004
ForkPoolWorker-2: Calling delphi to calculate conformer (213/609) GLU01A1210_001 in /tmp/pbe_data.data.home.granepura.5-Kinases.Kinases_MCCE.Trial02.run_apo.4ANS_GLU01A1210_001
ForkPoolWorker-4: Calling delphi to calculate conformer (214/609) GLU01A1210_002 in /tmp/pbe_data.data.home.granepura.5-Kinases.Kinases_MCCE.Trial02.run_apo.4ANS_GLU01A1210_002
ForkPoolWorker-5: Calling delphi to calculate conformer (215/609) GLU02A1210_003 in /tmp/pbe_data.data.home.granepura.5-Kinases.Kinases_MCCE.Trial02.run_apo.4ANS_GLU02A1210_003
ForkPoolWorker-3: Calling delphi to calculate conformer (216/609) GLU02A1210_004 in /tmp/pbe_data.data.home.granepura.5-Kinases.Kinases_MCCE.Trial02.run_apo.4ANS_GLU02A1210_004
ForkPoolWorker-1: Calling delphi to calculate conformer (217/609) GLU-1A1210_005 in /tmp/pbe_data.data.home.granepura.5-Kinases.Kinases_MCCE.Trial02.run_apo.4ANS_GLU-1A1210_005
ForkPoolWorker-2: Calling delphi to calculate conformer (218/609) THR01A1211_001 in /tmp/pbe_data.data.home.granepura.5-Kinases.Kinases_MCCE.Trial02.run_apo.4ANS_THR01A1211_001
ForkPoolWorker-4: Calling delphi to calculate conformer (219/609) THR01A1211_002 in /tmp/pbe_data.data.home.granepura.5-Kinases.Kinases_MCCE.Trial02.run_apo.4ANS_THR01A1211_002
ForkPoolWorker-5: Calling delphi to calculate conformer (220/609) ARG01A1212_001 in /tmp/pbe_data.data.home.granepura.5-Kinases.Kinases_MCCE.Trial02.run_apo.4ANS_ARG01A1212_001
ForkPoolWorker-3: Calling delphi to calculate conformer (221/609) ARG02A1212_002 in /tmp/pbe_data.data.home.granepura.5-Kinases.Kinases_MCCE.Trial02.run_apo.4ANS_ARG02A1212_002
ForkPoolWorker-1: Calling delphi to calculate conformer (222/609) ARG02A1212_003 in /tmp/pbe_data.data.home.granepura.5-Kinases.Kinases_MCCE.Trial02.run_apo.4ANS_ARG02A1212_003
ForkPoolWorker-2: Calling delphi to calculate conformer (223/609) ARG03A1212_004 in /tmp/pbe_data.data.home.granepura.5-Kinases.Kinases_MCCE.Trial02.run_apo.4ANS_ARG03A1212_004
ForkPoolWorker-4: Calling delphi to calculate conformer (224/609) ARG+1A1212_005 in /tmp/pbe_data.data.home.granepura.5-Kinases.Kinases_MCCE.Trial02.run_apo.4ANS_ARG+1A1212_005
Skipping PBE solver for non-charge conformer (225/609) PRO01A1213_001...
ForkPoolWorker-5: Calling delphi to calculate conformer (226/609) ARG01A1214_001 in /tmp/pbe_data.data.home.granepura.5-Kinases.Kinases_MCCE.Trial02.run_apo.4ANS_ARG01A1214_001
ForkPoolWorker-3: Calling delphi to calculate conformer (227/609) ARG02A1214_002 in /tmp/pbe_data.data.home.granepura.5-Kinases.Kinases_MCCE.Trial02.run_apo.4ANS_ARG02A1214_002
ForkPoolWorker-1: Calling delphi to calculate conformer (228/609) ARG03A1214_003 in /tmp/pbe_data.data.home.granepura.5-Kinases.Kinases_MCCE.Trial02.run_apo.4ANS_ARG03A1214_003
ForkPoolWorker-2: Calling delphi to calculate conformer (229/609) ARG03A1214_004 in /tmp/pbe_data.data.home.granepura.5-Kinases.Kinases_MCCE.Trial02.run_apo.4ANS_ARG03A1214_004
ForkPoolWorker-4: Calling delphi to calculate conformer (230/609) ARG+1A1214_005 in /tmp/pbe_data.data.home.granepura.5-Kinases.Kinases_MCCE.Trial02.run_apo.4ANS_ARG+1A1214_005
Skipping PBE solver for non-charge conformer (231/609) PRO01A1215_001...
ForkPoolWorker-5: Calling delphi to calculate conformer (232/609) SER01A1216_001 in /tmp/pbe_data.data.home.granepura.5-Kinases.Kinases_MCCE.Trial02.run_apo.4ANS_SER01A1216_001
ForkPoolWorker-3: Calling delphi to calculate conformer (233/609) GLN01A1217_001 in /tmp/pbe_data.data.home.granepura.5-Kinases.Kinases_MCCE.Trial02.run_apo.4ANS_GLN01A1217_001
Skipping PBE solver for non-charge conformer (234/609) PRO01A1218_001...
ForkPoolWorker-1: Calling delphi to calculate conformer (235/609) SER01A1219_001 in /tmp/pbe_data.data.home.granepura.5-Kinases.Kinases_MCCE.Trial02.run_apo.4ANS_SER01A1219_001
ForkPoolWorker-2: Calling delphi to calculate conformer (236/609) SER01A1219_002 in /tmp/pbe_data.data.home.granepura.5-Kinases.Kinases_MCCE.Trial02.run_apo.4ANS_SER01A1219_002
ForkPoolWorker-4: Calling delphi to calculate conformer (237/609) SER01A1220_001 in /tmp/pbe_data.data.home.granepura.5-Kinases.Kinases_MCCE.Trial02.run_apo.4ANS_SER01A1220_001
Skipping PBE solver for non-charge conformer (238/609) LEU01A1221_001...
Skipping PBE solver for non-charge conformer (239/609) ALA01A1222_001...
ForkPoolWorker-5: Calling delphi to calculate conformer (240/609) MET01A1223_001 in /tmp/pbe_data.data.home.granepura.5-Kinases.Kinases_MCCE.Trial02.run_apo.4ANS_MET01A1223_001
Skipping PBE solver for non-charge conformer (241/609) LEU01A1224_001...
ForkPoolWorker-3: Calling delphi to calculate conformer (242/609) ASP01A1225_001 in /tmp/pbe_data.data.home.granepura.5-Kinases.Kinases_MCCE.Trial02.run_apo.4ANS_ASP01A1225_001
ForkPoolWorker-1: Calling delphi to calculate conformer (243/609) ASP01A1225_002 in /tmp/pbe_data.data.home.granepura.5-Kinases.Kinases_MCCE.Trial02.run_apo.4ANS_ASP01A1225_002
ForkPoolWorker-4: Calling delphi to calculate conformer (244/609) ASP02A1225_003 in /tmp/pbe_data.data.home.granepura.5-Kinases.Kinases_MCCE.Trial02.run_apo.4ANS_ASP02A1225_003
ForkPoolWorker-2: Calling delphi to calculate conformer (245/609) ASP02A1225_004 in /tmp/pbe_data.data.home.granepura.5-Kinases.Kinases_MCCE.Trial02.run_apo.4ANS_ASP02A1225_004
ForkPoolWorker-5: Calling delphi to calculate conformer (246/609) ASP-1A1225_005 in /tmp/pbe_data.data.home.granepura.5-Kinases.Kinases_MCCE.Trial02.run_apo.4ANS_ASP-1A1225_005
Skipping PBE solver for non-charge conformer (247/609) LEU01A1226_001...
Skipping PBE solver for non-charge conformer (248/609) LEU01A1227_001...
ForkPoolWorker-3: Calling delphi to calculate conformer (249/609) HIS01A1228_001 in /tmp/pbe_data.data.home.granepura.5-Kinases.Kinases_MCCE.Trial02.run_apo.4ANS_HIS01A1228_001
ForkPoolWorker-1: Calling delphi to calculate conformer (250/609) HIS01A1228_002 in /tmp/pbe_data.data.home.granepura.5-Kinases.Kinases_MCCE.Trial02.run_apo.4ANS_HIS01A1228_002
ForkPoolWorker-2: Calling delphi to calculate conformer (252/609) HIS02A1228_004 in /tmp/pbe_data.data.home.granepura.5-Kinases.Kinases_MCCE.Trial02.run_apo.4ANS_HIS02A1228_004
ForkPoolWorker-4: Calling delphi to calculate conformer (251/609) HIS02A1228_003 in /tmp/pbe_data.data.home.granepura.5-Kinases.Kinases_MCCE.Trial02.run_apo.4ANS_HIS02A1228_003
ForkPoolWorker-5: Calling delphi to calculate conformer (253/609) HIS+1A1228_005 in /tmp/pbe_data.data.home.granepura.5-Kinases.Kinases_MCCE.Trial02.run_apo.4ANS_HIS+1A1228_005
ForkPoolWorker-3: Calling delphi to calculate conformer (254/609) HIS+1A1228_006 in /tmp/pbe_data.data.home.granepura.5-Kinases.Kinases_MCCE.Trial02.run_apo.4ANS_HIS+1A1228_006
Skipping PBE solver for non-charge conformer (255/609) VAL01A1229_001...
Skipping PBE solver for non-charge conformer (256/609) ALA01A1230_001...
ForkPoolWorker-1: Calling delphi to calculate conformer (257/609) ARG01A1231_001 in /tmp/pbe_data.data.home.granepura.5-Kinases.Kinases_MCCE.Trial02.run_apo.4ANS_ARG01A1231_001
ForkPoolWorker-4: Calling delphi to calculate conformer (258/609) ARG02A1231_002 in /tmp/pbe_data.data.home.granepura.5-Kinases.Kinases_MCCE.Trial02.run_apo.4ANS_ARG02A1231_002
ForkPoolWorker-2: Calling delphi to calculate conformer (259/609) ARG02A1231_003 in /tmp/pbe_data.data.home.granepura.5-Kinases.Kinases_MCCE.Trial02.run_apo.4ANS_ARG02A1231_003
ForkPoolWorker-5: Calling delphi to calculate conformer (260/609) ARG03A1231_004 in /tmp/pbe_data.data.home.granepura.5-Kinases.Kinases_MCCE.Trial02.run_apo.4ANS_ARG03A1231_004
ForkPoolWorker-3: Calling delphi to calculate conformer (261/609) ARG03A1231_005 in /tmp/pbe_data.data.home.granepura.5-Kinases.Kinases_MCCE.Trial02.run_apo.4ANS_ARG03A1231_005
ForkPoolWorker-1: Calling delphi to calculate conformer (262/609) ARG+1A1231_006 in /tmp/pbe_data.data.home.granepura.5-Kinases.Kinases_MCCE.Trial02.run_apo.4ANS_ARG+1A1231_006
ForkPoolWorker-4: Calling delphi to calculate conformer (263/609) ASP01A1232_001 in /tmp/pbe_data.data.home.granepura.5-Kinases.Kinases_MCCE.Trial02.run_apo.4ANS_ASP01A1232_001
ForkPoolWorker-2: Calling delphi to calculate conformer (264/609) ASP01A1232_002 in /tmp/pbe_data.data.home.granepura.5-Kinases.Kinases_MCCE.Trial02.run_apo.4ANS_ASP01A1232_002
ForkPoolWorker-5: Calling delphi to calculate conformer (265/609) ASP02A1232_003 in /tmp/pbe_data.data.home.granepura.5-Kinases.Kinases_MCCE.Trial02.run_apo.4ANS_ASP02A1232_003
ForkPoolWorker-3: Calling delphi to calculate conformer (266/609) ASP02A1232_004 in /tmp/pbe_data.data.home.granepura.5-Kinases.Kinases_MCCE.Trial02.run_apo.4ANS_ASP02A1232_004
ForkPoolWorker-1: Calling delphi to calculate conformer (267/609) ASP-1A1232_005 in /tmp/pbe_data.data.home.granepura.5-Kinases.Kinases_MCCE.Trial02.run_apo.4ANS_ASP-1A1232_005
Skipping PBE solver for non-charge conformer (268/609) ILE01A1233_001...
Skipping PBE solver for non-charge conformer (269/609) ALA01A1234_001...
ForkPoolWorker-4: Calling delphi to calculate conformer (270/609) CYS01A1235_001 in /tmp/pbe_data.data.home.granepura.5-Kinases.Kinases_MCCE.Trial02.run_apo.4ANS_CYS01A1235_001
ForkPoolWorker-2: Calling delphi to calculate conformer (271/609) CYS01A1235_002 in /tmp/pbe_data.data.home.granepura.5-Kinases.Kinases_MCCE.Trial02.run_apo.4ANS_CYS01A1235_002
ForkPoolWorker-5: Calling delphi to calculate conformer (272/609) CYS01A1235_003 in /tmp/pbe_data.data.home.granepura.5-Kinases.Kinases_MCCE.Trial02.run_apo.4ANS_CYS01A1235_003
ForkPoolWorker-3: Calling delphi to calculate conformer (273/609) CYS-1A1235_004 in /tmp/pbe_data.data.home.granepura.5-Kinases.Kinases_MCCE.Trial02.run_apo.4ANS_CYS-1A1235_004
ForkPoolWorker-1: Calling delphi to calculate conformer (274/609) CYS01A1237_001 in /tmp/pbe_data.data.home.granepura.5-Kinases.Kinases_MCCE.Trial02.run_apo.4ANS_CYS01A1237_001
ForkPoolWorker-2: Calling delphi to calculate conformer (275/609) CYS01A1237_002 in /tmp/pbe_data.data.home.granepura.5-Kinases.Kinases_MCCE.Trial02.run_apo.4ANS_CYS01A1237_002
ForkPoolWorker-4: Calling delphi to calculate conformer (276/609) CYS01A1237_003 in /tmp/pbe_data.data.home.granepura.5-Kinases.Kinases_MCCE.Trial02.run_apo.4ANS_CYS01A1237_003
ForkPoolWorker-5: Calling delphi to calculate conformer (277/609) CYS-1A1237_004 in /tmp/pbe_data.data.home.granepura.5-Kinases.Kinases_MCCE.Trial02.run_apo.4ANS_CYS-1A1237_004
ForkPoolWorker-3: Calling delphi to calculate conformer (278/609) GLN01A1238_001 in /tmp/pbe_data.data.home.granepura.5-Kinases.Kinases_MCCE.Trial02.run_apo.4ANS_GLN01A1238_001
ForkPoolWorker-1: Calling delphi to calculate conformer (279/609) GLN01A1238_002 in /tmp/pbe_data.data.home.granepura.5-Kinases.Kinases_MCCE.Trial02.run_apo.4ANS_GLN01A1238_002
ForkPoolWorker-2: Calling delphi to calculate conformer (280/609) TYR01A1239_001 in /tmp/pbe_data.data.home.granepura.5-Kinases.Kinases_MCCE.Trial02.run_apo.4ANS_TYR01A1239_001
ForkPoolWorker-4: Calling delphi to calculate conformer (281/609) TYR-1A1239_002 in /tmp/pbe_data.data.home.granepura.5-Kinases.Kinases_MCCE.Trial02.run_apo.4ANS_TYR-1A1239_002
Skipping PBE solver for non-charge conformer (282/609) LEU01A1240_001...
ForkPoolWorker-5: Calling delphi to calculate conformer (283/609) GLU01A1241_001 in /tmp/pbe_data.data.home.granepura.5-Kinases.Kinases_MCCE.Trial02.run_apo.4ANS_GLU01A1241_001
ForkPoolWorker-3: Calling delphi to calculate conformer (284/609) GLU01A1241_002 in /tmp/pbe_data.data.home.granepura.5-Kinases.Kinases_MCCE.Trial02.run_apo.4ANS_GLU01A1241_002
ForkPoolWorker-1: Calling delphi to calculate conformer (285/609) GLU02A1241_003 in /tmp/pbe_data.data.home.granepura.5-Kinases.Kinases_MCCE.Trial02.run_apo.4ANS_GLU02A1241_003
ForkPoolWorker-2: Calling delphi to calculate conformer (286/609) GLU02A1241_004 in /tmp/pbe_data.data.home.granepura.5-Kinases.Kinases_MCCE.Trial02.run_apo.4ANS_GLU02A1241_004
ForkPoolWorker-4: Calling delphi to calculate conformer (287/609) GLU-1A1241_005 in /tmp/pbe_data.data.home.granepura.5-Kinases.Kinases_MCCE.Trial02.run_apo.4ANS_GLU-1A1241_005
ForkPoolWorker-5: Calling delphi to calculate conformer (288/609) GLU01A1242_001 in /tmp/pbe_data.data.home.granepura.5-Kinases.Kinases_MCCE.Trial02.run_apo.4ANS_GLU01A1242_001
ForkPoolWorker-3: Calling delphi to calculate conformer (289/609) GLU01A1242_002 in /tmp/pbe_data.data.home.granepura.5-Kinases.Kinases_MCCE.Trial02.run_apo.4ANS_GLU01A1242_002
ForkPoolWorker-1: Calling delphi to calculate conformer (290/609) GLU02A1242_003 in /tmp/pbe_data.data.home.granepura.5-Kinases.Kinases_MCCE.Trial02.run_apo.4ANS_GLU02A1242_003
ForkPoolWorker-4: Calling delphi to calculate conformer (291/609) GLU02A1242_004 in /tmp/pbe_data.data.home.granepura.5-Kinases.Kinases_MCCE.Trial02.run_apo.4ANS_GLU02A1242_004
ForkPoolWorker-2: Calling delphi to calculate conformer (292/609) GLU-1A1242_005 in /tmp/pbe_data.data.home.granepura.5-Kinases.Kinases_MCCE.Trial02.run_apo.4ANS_GLU-1A1242_005
ForkPoolWorker-5: Calling delphi to calculate conformer (293/609) ASN01A1243_001 in /tmp/pbe_data.data.home.granepura.5-Kinases.Kinases_MCCE.Trial02.run_apo.4ANS_ASN01A1243_001
ForkPoolWorker-3: Calling delphi to calculate conformer (294/609) ASN01A1243_002 in /tmp/pbe_data.data.home.granepura.5-Kinases.Kinases_MCCE.Trial02.run_apo.4ANS_ASN01A1243_002
ForkPoolWorker-1: Calling delphi to calculate conformer (295/609) HIS01A1244_001 in /tmp/pbe_data.data.home.granepura.5-Kinases.Kinases_MCCE.Trial02.run_apo.4ANS_HIS01A1244_001
ForkPoolWorker-4: Calling delphi to calculate conformer (296/609) HIS01A1244_002 in /tmp/pbe_data.data.home.granepura.5-Kinases.Kinases_MCCE.Trial02.run_apo.4ANS_HIS01A1244_002
ForkPoolWorker-2: Calling delphi to calculate conformer (297/609) HIS02A1244_003 in /tmp/pbe_data.data.home.granepura.5-Kinases.Kinases_MCCE.Trial02.run_apo.4ANS_HIS02A1244_003
ForkPoolWorker-5: Calling delphi to calculate conformer (298/609) HIS02A1244_004 in /tmp/pbe_data.data.home.granepura.5-Kinases.Kinases_MCCE.Trial02.run_apo.4ANS_HIS02A1244_004
ForkPoolWorker-3: Calling delphi to calculate conformer (299/609) HIS+1A1244_005 in /tmp/pbe_data.data.home.granepura.5-Kinases.Kinases_MCCE.Trial02.run_apo.4ANS_HIS+1A1244_005
ForkPoolWorker-1: Calling delphi to calculate conformer (300/609) HIS+1A1244_006 in /tmp/pbe_data.data.home.granepura.5-Kinases.Kinases_MCCE.Trial02.run_apo.4ANS_HIS+1A1244_006
Skipping PBE solver for non-charge conformer (301/609) PHE01A1245_001...
ForkPoolWorker-4: Calling delphi to calculate conformer (303/609) HIS01A1247_001 in /tmp/pbe_data.data.home.granepura.5-Kinases.Kinases_MCCE.Trial02.run_apo.4ANS_HIS01A1247_001
Skipping PBE solver for non-charge conformer (302/609) ILE01A1246_001...
ForkPoolWorker-2: Calling delphi to calculate conformer (304/609) HIS02A1247_002 in /tmp/pbe_data.data.home.granepura.5-Kinases.Kinases_MCCE.Trial02.run_apo.4ANS_HIS02A1247_002
ForkPoolWorker-5: Calling delphi to calculate conformer (305/609) HIS+1A1247_003 in /tmp/pbe_data.data.home.granepura.5-Kinases.Kinases_MCCE.Trial02.run_apo.4ANS_HIS+1A1247_003
ForkPoolWorker-3: Calling delphi to calculate conformer (306/609) ARG01A1248_001 in /tmp/pbe_data.data.home.granepura.5-Kinases.Kinases_MCCE.Trial02.run_apo.4ANS_ARG01A1248_001
ForkPoolWorker-1: Calling delphi to calculate conformer (307/609) ARG02A1248_002 in /tmp/pbe_data.data.home.granepura.5-Kinases.Kinases_MCCE.Trial02.run_apo.4ANS_ARG02A1248_002
ForkPoolWorker-2: Calling delphi to calculate conformer (308/609) ARG03A1248_003 in /tmp/pbe_data.data.home.granepura.5-Kinases.Kinases_MCCE.Trial02.run_apo.4ANS_ARG03A1248_003
ForkPoolWorker-4: Calling delphi to calculate conformer (309/609) ARG+1A1248_004 in /tmp/pbe_data.data.home.granepura.5-Kinases.Kinases_MCCE.Trial02.run_apo.4ANS_ARG+1A1248_004
ForkPoolWorker-5: Calling delphi to calculate conformer (310/609) ASP01A1249_001 in /tmp/pbe_data.data.home.granepura.5-Kinases.Kinases_MCCE.Trial02.run_apo.4ANS_ASP01A1249_001
ForkPoolWorker-3: Calling delphi to calculate conformer (311/609) ASP01A1249_002 in /tmp/pbe_data.data.home.granepura.5-Kinases.Kinases_MCCE.Trial02.run_apo.4ANS_ASP01A1249_002
ForkPoolWorker-1: Calling delphi to calculate conformer (312/609) ASP02A1249_003 in /tmp/pbe_data.data.home.granepura.5-Kinases.Kinases_MCCE.Trial02.run_apo.4ANS_ASP02A1249_003
ForkPoolWorker-4: Calling delphi to calculate conformer (313/609) ASP02A1249_004 in /tmp/pbe_data.data.home.granepura.5-Kinases.Kinases_MCCE.Trial02.run_apo.4ANS_ASP02A1249_004
ForkPoolWorker-2: Calling delphi to calculate conformer (314/609) ASP-1A1249_005 in /tmp/pbe_data.data.home.granepura.5-Kinases.Kinases_MCCE.Trial02.run_apo.4ANS_ASP-1A1249_005
Skipping PBE solver for non-charge conformer (315/609) ILE01A1250_001...
Skipping PBE solver for non-charge conformer (316/609) ALA01A1251_001...
Skipping PBE solver for non-charge conformer (317/609) ALA01A1252_001...
ForkPoolWorker-5: Calling delphi to calculate conformer (318/609) ARG01A1253_001 in /tmp/pbe_data.data.home.granepura.5-Kinases.Kinases_MCCE.Trial02.run_apo.4ANS_ARG01A1253_001
ForkPoolWorker-3: Calling delphi to calculate conformer (319/609) ARG01A1253_002 in /tmp/pbe_data.data.home.granepura.5-Kinases.Kinases_MCCE.Trial02.run_apo.4ANS_ARG01A1253_002
ForkPoolWorker-1: Calling delphi to calculate conformer (320/609) ARG02A1253_003 in /tmp/pbe_data.data.home.granepura.5-Kinases.Kinases_MCCE.Trial02.run_apo.4ANS_ARG02A1253_003
ForkPoolWorker-4: Calling delphi to calculate conformer (321/609) ARG02A1253_004 in /tmp/pbe_data.data.home.granepura.5-Kinases.Kinases_MCCE.Trial02.run_apo.4ANS_ARG02A1253_004
ForkPoolWorker-2: Calling delphi to calculate conformer (322/609) ARG03A1253_005 in /tmp/pbe_data.data.home.granepura.5-Kinases.Kinases_MCCE.Trial02.run_apo.4ANS_ARG03A1253_005
ForkPoolWorker-5: Calling delphi to calculate conformer (323/609) ARG03A1253_006 in /tmp/pbe_data.data.home.granepura.5-Kinases.Kinases_MCCE.Trial02.run_apo.4ANS_ARG03A1253_006
ForkPoolWorker-3: Calling delphi to calculate conformer (324/609) ARG03A1253_007 in /tmp/pbe_data.data.home.granepura.5-Kinases.Kinases_MCCE.Trial02.run_apo.4ANS_ARG03A1253_007
ForkPoolWorker-1: Calling delphi to calculate conformer (325/609) ARG03A1253_008 in /tmp/pbe_data.data.home.granepura.5-Kinases.Kinases_MCCE.Trial02.run_apo.4ANS_ARG03A1253_008
ForkPoolWorker-4: Calling delphi to calculate conformer (326/609) ARG+1A1253_009 in /tmp/pbe_data.data.home.granepura.5-Kinases.Kinases_MCCE.Trial02.run_apo.4ANS_ARG+1A1253_009
ForkPoolWorker-2: Calling delphi to calculate conformer (327/609) ARG+1A1253_010 in /tmp/pbe_data.data.home.granepura.5-Kinases.Kinases_MCCE.Trial02.run_apo.4ANS_ARG+1A1253_010
ForkPoolWorker-5: Calling delphi to calculate conformer (328/609) ASN01A1254_001 in /tmp/pbe_data.data.home.granepura.5-Kinases.Kinases_MCCE.Trial02.run_apo.4ANS_ASN01A1254_001
ForkPoolWorker-3: Calling delphi to calculate conformer (329/609) ASN01A1254_002 in /tmp/pbe_data.data.home.granepura.5-Kinases.Kinases_MCCE.Trial02.run_apo.4ANS_ASN01A1254_002
ForkPoolWorker-1: Calling delphi to calculate conformer (330/609) CYS01A1255_001 in /tmp/pbe_data.data.home.granepura.5-Kinases.Kinases_MCCE.Trial02.run_apo.4ANS_CYS01A1255_001
ForkPoolWorker-2: Calling delphi to calculate conformer (332/609) CYS01A1255_003 in /tmp/pbe_data.data.home.granepura.5-Kinases.Kinases_MCCE.Trial02.run_apo.4ANS_CYS01A1255_003
ForkPoolWorker-4: Calling delphi to calculate conformer (331/609) CYS01A1255_002 in /tmp/pbe_data.data.home.granepura.5-Kinases.Kinases_MCCE.Trial02.run_apo.4ANS_CYS01A1255_002
ForkPoolWorker-5: Calling delphi to calculate conformer (333/609) CYS-1A1255_004 in /tmp/pbe_data.data.home.granepura.5-Kinases.Kinases_MCCE.Trial02.run_apo.4ANS_CYS-1A1255_004
Skipping PBE solver for non-charge conformer (334/609) LEU01A1256_001...
Skipping PBE solver for non-charge conformer (335/609) LEU01A1257_001...
ForkPoolWorker-3: Calling delphi to calculate conformer (336/609) THR01A1258_001 in /tmp/pbe_data.data.home.granepura.5-Kinases.Kinases_MCCE.Trial02.run_apo.4ANS_THR01A1258_001
ForkPoolWorker-1: Calling delphi to calculate conformer (337/609) THR01A1258_002 in /tmp/pbe_data.data.home.granepura.5-Kinases.Kinases_MCCE.Trial02.run_apo.4ANS_THR01A1258_002
ForkPoolWorker-4: Calling delphi to calculate conformer (338/609) CYS01A1259_001 in /tmp/pbe_data.data.home.granepura.5-Kinases.Kinases_MCCE.Trial02.run_apo.4ANS_CYS01A1259_001
ForkPoolWorker-2: Calling delphi to calculate conformer (339/609) CYS01A1259_002 in /tmp/pbe_data.data.home.granepura.5-Kinases.Kinases_MCCE.Trial02.run_apo.4ANS_CYS01A1259_002
ForkPoolWorker-5: Calling delphi to calculate conformer (340/609) CYS01A1259_003 in /tmp/pbe_data.data.home.granepura.5-Kinases.Kinases_MCCE.Trial02.run_apo.4ANS_CYS01A1259_003
ForkPoolWorker-3: Calling delphi to calculate conformer (341/609) CYS-1A1259_004 in /tmp/pbe_data.data.home.granepura.5-Kinases.Kinases_MCCE.Trial02.run_apo.4ANS_CYS-1A1259_004
Skipping PBE solver for non-charge conformer (342/609) PRO01A1260_001...
Skipping PBE solver for non-charge conformer (343/609) PRO01A1262_001...
ForkPoolWorker-1: Calling delphi to calculate conformer (344/609) ARG01A1264_001 in /tmp/pbe_data.data.home.granepura.5-Kinases.Kinases_MCCE.Trial02.run_apo.4ANS_ARG01A1264_001
ForkPoolWorker-2: Calling delphi to calculate conformer (345/609) ARG02A1264_002 in /tmp/pbe_data.data.home.granepura.5-Kinases.Kinases_MCCE.Trial02.run_apo.4ANS_ARG02A1264_002
ForkPoolWorker-4: Calling delphi to calculate conformer (346/609) ARG02A1264_003 in /tmp/pbe_data.data.home.granepura.5-Kinases.Kinases_MCCE.Trial02.run_apo.4ANS_ARG02A1264_003
ForkPoolWorker-5: Calling delphi to calculate conformer (347/609) ARG03A1264_004 in /tmp/pbe_data.data.home.granepura.5-Kinases.Kinases_MCCE.Trial02.run_apo.4ANS_ARG03A1264_004
ForkPoolWorker-3: Calling delphi to calculate conformer (348/609) ARG03A1264_005 in /tmp/pbe_data.data.home.granepura.5-Kinases.Kinases_MCCE.Trial02.run_apo.4ANS_ARG03A1264_005
ForkPoolWorker-1: Calling delphi to calculate conformer (349/609) ARG+1A1264_006 in /tmp/pbe_data.data.home.granepura.5-Kinases.Kinases_MCCE.Trial02.run_apo.4ANS_ARG+1A1264_006
Skipping PBE solver for non-charge conformer (350/609) VAL01A1265_001...
Skipping PBE solver for non-charge conformer (351/609) ALA01A1266_001...
ForkPoolWorker-2: Calling delphi to calculate conformer (352/609) LYS01A1267_001 in /tmp/pbe_data.data.home.granepura.5-Kinases.Kinases_MCCE.Trial02.run_apo.4ANS_LYS01A1267_001
ForkPoolWorker-4: Calling delphi to calculate conformer (353/609) LYS+1A1267_002 in /tmp/pbe_data.data.home.granepura.5-Kinases.Kinases_MCCE.Trial02.run_apo.4ANS_LYS+1A1267_002
Skipping PBE solver for non-charge conformer (354/609) ILE01A1268_001...
Skipping PBE solver for non-charge conformer (355/609) ALA01A1269_001...
ForkPoolWorker-5: Calling delphi to calculate conformer (356/609) ASP01A1270_001 in /tmp/pbe_data.data.home.granepura.5-Kinases.Kinases_MCCE.Trial02.run_apo.4ANS_ASP01A1270_001
ForkPoolWorker-3: Calling delphi to calculate conformer (357/609) ASP01A1270_002 in /tmp/pbe_data.data.home.granepura.5-Kinases.Kinases_MCCE.Trial02.run_apo.4ANS_ASP01A1270_002
ForkPoolWorker-1: Calling delphi to calculate conformer (358/609) ASP02A1270_003 in /tmp/pbe_data.data.home.granepura.5-Kinases.Kinases_MCCE.Trial02.run_apo.4ANS_ASP02A1270_003
ForkPoolWorker-2: Calling delphi to calculate conformer (359/609) ASP02A1270_004 in /tmp/pbe_data.data.home.granepura.5-Kinases.Kinases_MCCE.Trial02.run_apo.4ANS_ASP02A1270_004
ForkPoolWorker-4: Calling delphi to calculate conformer (360/609) ASP-1A1270_005 in /tmp/pbe_data.data.home.granepura.5-Kinases.Kinases_MCCE.Trial02.run_apo.4ANS_ASP-1A1270_005
Skipping PBE solver for non-charge conformer (361/609) PHE01A1271_001...
ForkPoolWorker-5: Calling delphi to calculate conformer (362/609) MET01A1273_001 in /tmp/pbe_data.data.home.granepura.5-Kinases.Kinases_MCCE.Trial02.run_apo.4ANS_MET01A1273_001
Skipping PBE solver for non-charge conformer (363/609) ALA01A1274_001...
ForkPoolWorker-3: Calling delphi to calculate conformer (364/609) ARG01A1275_001 in /tmp/pbe_data.data.home.granepura.5-Kinases.Kinases_MCCE.Trial02.run_apo.4ANS_ARG01A1275_001
ForkPoolWorker-1: Calling delphi to calculate conformer (365/609) ARG02A1275_002 in /tmp/pbe_data.data.home.granepura.5-Kinases.Kinases_MCCE.Trial02.run_apo.4ANS_ARG02A1275_002
ForkPoolWorker-2: Calling delphi to calculate conformer (366/609) ARG02A1275_003 in /tmp/pbe_data.data.home.granepura.5-Kinases.Kinases_MCCE.Trial02.run_apo.4ANS_ARG02A1275_003
ForkPoolWorker-4: Calling delphi to calculate conformer (367/609) ARG03A1275_004 in /tmp/pbe_data.data.home.granepura.5-Kinases.Kinases_MCCE.Trial02.run_apo.4ANS_ARG03A1275_004
ForkPoolWorker-5: Calling delphi to calculate conformer (368/609) ARG03A1275_005 in /tmp/pbe_data.data.home.granepura.5-Kinases.Kinases_MCCE.Trial02.run_apo.4ANS_ARG03A1275_005
ForkPoolWorker-3: Calling delphi to calculate conformer (369/609) ARG+1A1275_006 in /tmp/pbe_data.data.home.granepura.5-Kinases.Kinases_MCCE.Trial02.run_apo.4ANS_ARG+1A1275_006
ForkPoolWorker-1: Calling delphi to calculate conformer (370/609) ASP01A1276_001 in /tmp/pbe_data.data.home.granepura.5-Kinases.Kinases_MCCE.Trial02.run_apo.4ANS_ASP01A1276_001
ForkPoolWorker-4: Calling delphi to calculate conformer (371/609) ASP01A1276_002 in /tmp/pbe_data.data.home.granepura.5-Kinases.Kinases_MCCE.Trial02.run_apo.4ANS_ASP01A1276_002
ForkPoolWorker-2: Calling delphi to calculate conformer (372/609) ASP02A1276_003 in /tmp/pbe_data.data.home.granepura.5-Kinases.Kinases_MCCE.Trial02.run_apo.4ANS_ASP02A1276_003
ForkPoolWorker-5: Calling delphi to calculate conformer (373/609) ASP02A1276_004 in /tmp/pbe_data.data.home.granepura.5-Kinases.Kinases_MCCE.Trial02.run_apo.4ANS_ASP02A1276_004
ForkPoolWorker-3: Calling delphi to calculate conformer (374/609) ASP-1A1276_005 in /tmp/pbe_data.data.home.granepura.5-Kinases.Kinases_MCCE.Trial02.run_apo.4ANS_ASP-1A1276_005
Skipping PBE solver for non-charge conformer (375/609) ILE01A1277_001...
ForkPoolWorker-1: Calling delphi to calculate conformer (376/609) TYR01A1278_001 in /tmp/pbe_data.data.home.granepura.5-Kinases.Kinases_MCCE.Trial02.run_apo.4ANS_TYR01A1278_001
ForkPoolWorker-4: Calling delphi to calculate conformer (377/609) TYR01A1278_002 in /tmp/pbe_data.data.home.granepura.5-Kinases.Kinases_MCCE.Trial02.run_apo.4ANS_TYR01A1278_002
ForkPoolWorker-2: Calling delphi to calculate conformer (378/609) TYR-1A1278_003 in /tmp/pbe_data.data.home.granepura.5-Kinases.Kinases_MCCE.Trial02.run_apo.4ANS_TYR-1A1278_003
ForkPoolWorker-5: Calling delphi to calculate conformer (379/609) ARG01A1279_001 in /tmp/pbe_data.data.home.granepura.5-Kinases.Kinases_MCCE.Trial02.run_apo.4ANS_ARG01A1279_001
ForkPoolWorker-3: Calling delphi to calculate conformer (380/609) ARG02A1279_002 in /tmp/pbe_data.data.home.granepura.5-Kinases.Kinases_MCCE.Trial02.run_apo.4ANS_ARG02A1279_002
ForkPoolWorker-1: Calling delphi to calculate conformer (381/609) ARG02A1279_003 in /tmp/pbe_data.data.home.granepura.5-Kinases.Kinases_MCCE.Trial02.run_apo.4ANS_ARG02A1279_003
ForkPoolWorker-4: Calling delphi to calculate conformer (382/609) ARG03A1279_004 in /tmp/pbe_data.data.home.granepura.5-Kinases.Kinases_MCCE.Trial02.run_apo.4ANS_ARG03A1279_004
ForkPoolWorker-2: Calling delphi to calculate conformer (383/609) ARG03A1279_005 in /tmp/pbe_data.data.home.granepura.5-Kinases.Kinases_MCCE.Trial02.run_apo.4ANS_ARG03A1279_005
ForkPoolWorker-5: Calling delphi to calculate conformer (384/609) ARG+1A1279_006 in /tmp/pbe_data.data.home.granepura.5-Kinases.Kinases_MCCE.Trial02.run_apo.4ANS_ARG+1A1279_006
ForkPoolWorker-3: Calling delphi to calculate conformer (385/609) CYS01A1288_001 in /tmp/pbe_data.data.home.granepura.5-Kinases.Kinases_MCCE.Trial02.run_apo.4ANS_CYS01A1288_001
ForkPoolWorker-1: Calling delphi to calculate conformer (386/609) CYS01A1288_002 in /tmp/pbe_data.data.home.granepura.5-Kinases.Kinases_MCCE.Trial02.run_apo.4ANS_CYS01A1288_002
ForkPoolWorker-4: Calling delphi to calculate conformer (387/609) CYS01A1288_003 in /tmp/pbe_data.data.home.granepura.5-Kinases.Kinases_MCCE.Trial02.run_apo.4ANS_CYS01A1288_003
ForkPoolWorker-2: Calling delphi to calculate conformer (388/609) CYS-1A1288_004 in /tmp/pbe_data.data.home.granepura.5-Kinases.Kinases_MCCE.Trial02.run_apo.4ANS_CYS-1A1288_004
Skipping PBE solver for non-charge conformer (389/609) ALA01A1289_001...
ForkPoolWorker-5: Calling delphi to calculate conformer (390/609) MET01A1290_001 in /tmp/pbe_data.data.home.granepura.5-Kinases.Kinases_MCCE.Trial02.run_apo.4ANS_MET01A1290_001
Skipping PBE solver for non-charge conformer (391/609) LEU01A1291_001...
Skipping PBE solver for non-charge conformer (392/609) PRO01A1292_001...
Skipping PBE solver for non-charge conformer (393/609) VAL01A1293_001...
ForkPoolWorker-3: Calling delphi to calculate conformer (394/609) LYS01A1294_001 in /tmp/pbe_data.data.home.granepura.5-Kinases.Kinases_MCCE.Trial02.run_apo.4ANS_LYS01A1294_001
ForkPoolWorker-1: Calling delphi to calculate conformer (395/609) LYS+1A1294_002 in /tmp/pbe_data.data.home.granepura.5-Kinases.Kinases_MCCE.Trial02.run_apo.4ANS_LYS+1A1294_002
Skipping PBE solver for non-charge conformer (396/609) TRP01A1295_001...
ForkPoolWorker-4: Calling delphi to calculate conformer (397/609) MET01A1296_001 in /tmp/pbe_data.data.home.granepura.5-Kinases.Kinases_MCCE.Trial02.run_apo.4ANS_MET01A1296_001
Skipping PBE solver for non-charge conformer (398/609) PRO01A1297_001...
Skipping PBE solver for non-charge conformer (399/609) PRO01A1298_001...
ForkPoolWorker-2: Calling delphi to calculate conformer (400/609) GLU01A1299_001 in /tmp/pbe_data.data.home.granepura.5-Kinases.Kinases_MCCE.Trial02.run_apo.4ANS_GLU01A1299_001
ForkPoolWorker-5: Calling delphi to calculate conformer (401/609) GLU01A1299_002 in /tmp/pbe_data.data.home.granepura.5-Kinases.Kinases_MCCE.Trial02.run_apo.4ANS_GLU01A1299_002
ForkPoolWorker-3: Calling delphi to calculate conformer (402/609) GLU02A1299_003 in /tmp/pbe_data.data.home.granepura.5-Kinases.Kinases_MCCE.Trial02.run_apo.4ANS_GLU02A1299_003
ForkPoolWorker-1: Calling delphi to calculate conformer (403/609) GLU02A1299_004 in /tmp/pbe_data.data.home.granepura.5-Kinases.Kinases_MCCE.Trial02.run_apo.4ANS_GLU02A1299_004
ForkPoolWorker-4: Calling delphi to calculate conformer (404/609) GLU-1A1299_005 in /tmp/pbe_data.data.home.granepura.5-Kinases.Kinases_MCCE.Trial02.run_apo.4ANS_GLU-1A1299_005
Skipping PBE solver for non-charge conformer (405/609) ALA01A1300_001...
Skipping PBE solver for non-charge conformer (406/609) PHE01A1301_001...
ForkPoolWorker-2: Calling delphi to calculate conformer (407/609) MET01A1302_001 in /tmp/pbe_data.data.home.granepura.5-Kinases.Kinases_MCCE.Trial02.run_apo.4ANS_MET01A1302_001
ForkPoolWorker-5: Calling delphi to calculate conformer (408/609) GLU01A1303_001 in /tmp/pbe_data.data.home.granepura.5-Kinases.Kinases_MCCE.Trial02.run_apo.4ANS_GLU01A1303_001
ForkPoolWorker-3: Calling delphi to calculate conformer (409/609) GLU01A1303_002 in /tmp/pbe_data.data.home.granepura.5-Kinases.Kinases_MCCE.Trial02.run_apo.4ANS_GLU01A1303_002
ForkPoolWorker-1: Calling delphi to calculate conformer (410/609) GLU02A1303_003 in /tmp/pbe_data.data.home.granepura.5-Kinases.Kinases_MCCE.Trial02.run_apo.4ANS_GLU02A1303_003
ForkPoolWorker-4: Calling delphi to calculate conformer (411/609) GLU02A1303_004 in /tmp/pbe_data.data.home.granepura.5-Kinases.Kinases_MCCE.Trial02.run_apo.4ANS_GLU02A1303_004
ForkPoolWorker-2: Calling delphi to calculate conformer (412/609) GLU-1A1303_005 in /tmp/pbe_data.data.home.granepura.5-Kinases.Kinases_MCCE.Trial02.run_apo.4ANS_GLU-1A1303_005
Skipping PBE solver for non-charge conformer (413/609) ILE01A1305_001...
Skipping PBE solver for non-charge conformer (414/609) PHE01A1306_001...
ForkPoolWorker-5: Calling delphi to calculate conformer (415/609) THR01A1307_001 in /tmp/pbe_data.data.home.granepura.5-Kinases.Kinases_MCCE.Trial02.run_apo.4ANS_THR01A1307_001
ForkPoolWorker-3: Calling delphi to calculate conformer (416/609) THR01A1307_002 in /tmp/pbe_data.data.home.granepura.5-Kinases.Kinases_MCCE.Trial02.run_apo.4ANS_THR01A1307_002
ForkPoolWorker-1: Calling delphi to calculate conformer (417/609) THR01A1307_003 in /tmp/pbe_data.data.home.granepura.5-Kinases.Kinases_MCCE.Trial02.run_apo.4ANS_THR01A1307_003
ForkPoolWorker-4: Calling delphi to calculate conformer (418/609) SER01A1308_001 in /tmp/pbe_data.data.home.granepura.5-Kinases.Kinases_MCCE.Trial02.run_apo.4ANS_SER01A1308_001
ForkPoolWorker-2: Calling delphi to calculate conformer (419/609) SER01A1308_002 in /tmp/pbe_data.data.home.granepura.5-Kinases.Kinases_MCCE.Trial02.run_apo.4ANS_SER01A1308_002
ForkPoolWorker-5: Calling delphi to calculate conformer (420/609) LYS01A1309_001 in /tmp/pbe_data.data.home.granepura.5-Kinases.Kinases_MCCE.Trial02.run_apo.4ANS_LYS01A1309_001
ForkPoolWorker-3: Calling delphi to calculate conformer (421/609) LYS+1A1309_002 in /tmp/pbe_data.data.home.granepura.5-Kinases.Kinases_MCCE.Trial02.run_apo.4ANS_LYS+1A1309_002
ForkPoolWorker-1: Calling delphi to calculate conformer (422/609) THR01A1310_001 in /tmp/pbe_data.data.home.granepura.5-Kinases.Kinases_MCCE.Trial02.run_apo.4ANS_THR01A1310_001
ForkPoolWorker-2: Calling delphi to calculate conformer (423/609) ASP01A1311_001 in /tmp/pbe_data.data.home.granepura.5-Kinases.Kinases_MCCE.Trial02.run_apo.4ANS_ASP01A1311_001
ForkPoolWorker-4: Calling delphi to calculate conformer (424/609) ASP01A1311_002 in /tmp/pbe_data.data.home.granepura.5-Kinases.Kinases_MCCE.Trial02.run_apo.4ANS_ASP01A1311_002
ForkPoolWorker-5: Calling delphi to calculate conformer (425/609) ASP02A1311_003 in /tmp/pbe_data.data.home.granepura.5-Kinases.Kinases_MCCE.Trial02.run_apo.4ANS_ASP02A1311_003
ForkPoolWorker-3: Calling delphi to calculate conformer (426/609) ASP02A1311_004 in /tmp/pbe_data.data.home.granepura.5-Kinases.Kinases_MCCE.Trial02.run_apo.4ANS_ASP02A1311_004
ForkPoolWorker-1: Calling delphi to calculate conformer (427/609) ASP-1A1311_005 in /tmp/pbe_data.data.home.granepura.5-Kinases.Kinases_MCCE.Trial02.run_apo.4ANS_ASP-1A1311_005
ForkPoolWorker-2: Calling delphi to calculate conformer (428/609) THR01A1312_001 in /tmp/pbe_data.data.home.granepura.5-Kinases.Kinases_MCCE.Trial02.run_apo.4ANS_THR01A1312_001
Skipping PBE solver for non-charge conformer (429/609) TRP01A1313_001...
ForkPoolWorker-4: Calling delphi to calculate conformer (430/609) SER01A1314_001 in /tmp/pbe_data.data.home.granepura.5-Kinases.Kinases_MCCE.Trial02.run_apo.4ANS_SER01A1314_001
ForkPoolWorker-5: Calling delphi to calculate conformer (431/609) SER01A1314_002 in /tmp/pbe_data.data.home.granepura.5-Kinases.Kinases_MCCE.Trial02.run_apo.4ANS_SER01A1314_002
Skipping PBE solver for non-charge conformer (432/609) PHE01A1315_001...
Skipping PBE solver for non-charge conformer (433/609) VAL01A1317_001...
Skipping PBE solver for non-charge conformer (434/609) LEU01A1318_001...
Skipping PBE solver for non-charge conformer (435/609) LEU01A1319_001...
Skipping PBE solver for non-charge conformer (436/609) TRP01A1320_001...
ForkPoolWorker-3: Calling delphi to calculate conformer (437/609) GLU01A1321_001 in /tmp/pbe_data.data.home.granepura.5-Kinases.Kinases_MCCE.Trial02.run_apo.4ANS_GLU01A1321_001
ForkPoolWorker-1: Calling delphi to calculate conformer (438/609) GLU01A1321_002 in /tmp/pbe_data.data.home.granepura.5-Kinases.Kinases_MCCE.Trial02.run_apo.4ANS_GLU01A1321_002
ForkPoolWorker-2: Calling delphi to calculate conformer (439/609) GLU02A1321_003 in /tmp/pbe_data.data.home.granepura.5-Kinases.Kinases_MCCE.Trial02.run_apo.4ANS_GLU02A1321_003
ForkPoolWorker-4: Calling delphi to calculate conformer (440/609) GLU02A1321_004 in /tmp/pbe_data.data.home.granepura.5-Kinases.Kinases_MCCE.Trial02.run_apo.4ANS_GLU02A1321_004
ForkPoolWorker-5: Calling delphi to calculate conformer (441/609) GLU-1A1321_005 in /tmp/pbe_data.data.home.granepura.5-Kinases.Kinases_MCCE.Trial02.run_apo.4ANS_GLU-1A1321_005
Skipping PBE solver for non-charge conformer (442/609) ILE01A1322_001...
Skipping PBE solver for non-charge conformer (443/609) PHE01A1323_001...
ForkPoolWorker-3: Calling delphi to calculate conformer (444/609) SER01A1324_001 in /tmp/pbe_data.data.home.granepura.5-Kinases.Kinases_MCCE.Trial02.run_apo.4ANS_SER01A1324_001
ForkPoolWorker-1: Calling delphi to calculate conformer (445/609) SER01A1324_002 in /tmp/pbe_data.data.home.granepura.5-Kinases.Kinases_MCCE.Trial02.run_apo.4ANS_SER01A1324_002
Skipping PBE solver for non-charge conformer (446/609) LEU01A1325_001...
ForkPoolWorker-2: Calling delphi to calculate conformer (447/609) TYR01A1327_001 in /tmp/pbe_data.data.home.granepura.5-Kinases.Kinases_MCCE.Trial02.run_apo.4ANS_TYR01A1327_001
ForkPoolWorker-4: Calling delphi to calculate conformer (448/609) TYR-1A1327_002 in /tmp/pbe_data.data.home.granepura.5-Kinases.Kinases_MCCE.Trial02.run_apo.4ANS_TYR-1A1327_002
ForkPoolWorker-5: Calling delphi to calculate conformer (449/609) MET01A1328_001 in /tmp/pbe_data.data.home.granepura.5-Kinases.Kinases_MCCE.Trial02.run_apo.4ANS_MET01A1328_001
Skipping PBE solver for non-charge conformer (450/609) PRO01A1329_001...
ForkPoolWorker-3: Calling delphi to calculate conformer (451/609) TYR01A1330_001 in /tmp/pbe_data.data.home.granepura.5-Kinases.Kinases_MCCE.Trial02.run_apo.4ANS_TYR01A1330_001
ForkPoolWorker-1: Calling delphi to calculate conformer (452/609) TYR-1A1330_002 in /tmp/pbe_data.data.home.granepura.5-Kinases.Kinases_MCCE.Trial02.run_apo.4ANS_TYR-1A1330_002
Skipping PBE solver for non-charge conformer (453/609) PRO01A1331_001...
ForkPoolWorker-2: Calling delphi to calculate conformer (454/609) SER01A1332_001 in /tmp/pbe_data.data.home.granepura.5-Kinases.Kinases_MCCE.Trial02.run_apo.4ANS_SER01A1332_001
ForkPoolWorker-4: Calling delphi to calculate conformer (455/609) LYS01A1333_001 in /tmp/pbe_data.data.home.granepura.5-Kinases.Kinases_MCCE.Trial02.run_apo.4ANS_LYS01A1333_001
ForkPoolWorker-5: Calling delphi to calculate conformer (456/609) LYS+1A1333_002 in /tmp/pbe_data.data.home.granepura.5-Kinases.Kinases_MCCE.Trial02.run_apo.4ANS_LYS+1A1333_002
ForkPoolWorker-3: Calling delphi to calculate conformer (457/609) SER01A1334_001 in /tmp/pbe_data.data.home.granepura.5-Kinases.Kinases_MCCE.Trial02.run_apo.4ANS_SER01A1334_001
ForkPoolWorker-1: Calling delphi to calculate conformer (458/609) SER01A1334_002 in /tmp/pbe_data.data.home.granepura.5-Kinases.Kinases_MCCE.Trial02.run_apo.4ANS_SER01A1334_002
ForkPoolWorker-2: Calling delphi to calculate conformer (459/609) ASN01A1335_001 in /tmp/pbe_data.data.home.granepura.5-Kinases.Kinases_MCCE.Trial02.run_apo.4ANS_ASN01A1335_001
ForkPoolWorker-4: Calling delphi to calculate conformer (460/609) ASN01A1335_002 in /tmp/pbe_data.data.home.granepura.5-Kinases.Kinases_MCCE.Trial02.run_apo.4ANS_ASN01A1335_002
ForkPoolWorker-5: Calling delphi to calculate conformer (461/609) GLN01A1336_001 in /tmp/pbe_data.data.home.granepura.5-Kinases.Kinases_MCCE.Trial02.run_apo.4ANS_GLN01A1336_001
ForkPoolWorker-3: Calling delphi to calculate conformer (462/609) GLN01A1336_002 in /tmp/pbe_data.data.home.granepura.5-Kinases.Kinases_MCCE.Trial02.run_apo.4ANS_GLN01A1336_002
ForkPoolWorker-1: Calling delphi to calculate conformer (463/609) GLU01A1337_001 in /tmp/pbe_data.data.home.granepura.5-Kinases.Kinases_MCCE.Trial02.run_apo.4ANS_GLU01A1337_001
ForkPoolWorker-2: Calling delphi to calculate conformer (464/609) GLU01A1337_002 in /tmp/pbe_data.data.home.granepura.5-Kinases.Kinases_MCCE.Trial02.run_apo.4ANS_GLU01A1337_002
ForkPoolWorker-4: Calling delphi to calculate conformer (465/609) GLU02A1337_003 in /tmp/pbe_data.data.home.granepura.5-Kinases.Kinases_MCCE.Trial02.run_apo.4ANS_GLU02A1337_003
ForkPoolWorker-5: Calling delphi to calculate conformer (466/609) GLU02A1337_004 in /tmp/pbe_data.data.home.granepura.5-Kinases.Kinases_MCCE.Trial02.run_apo.4ANS_GLU02A1337_004
ForkPoolWorker-3: Calling delphi to calculate conformer (467/609) GLU-1A1337_005 in /tmp/pbe_data.data.home.granepura.5-Kinases.Kinases_MCCE.Trial02.run_apo.4ANS_GLU-1A1337_005
Skipping PBE solver for non-charge conformer (469/609) LEU01A1339_001...
Skipping PBE solver for non-charge conformer (468/609) VAL01A1338_001...
ForkPoolWorker-1: Calling delphi to calculate conformer (471/609) GLU01A1340_002 in /tmp/pbe_data.data.home.granepura.5-Kinases.Kinases_MCCE.Trial02.run_apo.4ANS_GLU01A1340_002
ForkPoolWorker-2: Calling delphi to calculate conformer (470/609) GLU01A1340_001 in /tmp/pbe_data.data.home.granepura.5-Kinases.Kinases_MCCE.Trial02.run_apo.4ANS_GLU01A1340_001
ForkPoolWorker-4: Calling delphi to calculate conformer (472/609) GLU02A1340_003 in /tmp/pbe_data.data.home.granepura.5-Kinases.Kinases_MCCE.Trial02.run_apo.4ANS_GLU02A1340_003
ForkPoolWorker-5: Calling delphi to calculate conformer (473/609) GLU02A1340_004 in /tmp/pbe_data.data.home.granepura.5-Kinases.Kinases_MCCE.Trial02.run_apo.4ANS_GLU02A1340_004
ForkPoolWorker-3: Calling delphi to calculate conformer (474/609) GLU-1A1340_005 in /tmp/pbe_data.data.home.granepura.5-Kinases.Kinases_MCCE.Trial02.run_apo.4ANS_GLU-1A1340_005
Skipping PBE solver for non-charge conformer (475/609) PHE01A1341_001...
Skipping PBE solver for non-charge conformer (476/609) VAL01A1342_001...
ForkPoolWorker-1: Calling delphi to calculate conformer (477/609) THR01A1343_001 in /tmp/pbe_data.data.home.granepura.5-Kinases.Kinases_MCCE.Trial02.run_apo.4ANS_THR01A1343_001
ForkPoolWorker-2: Calling delphi to calculate conformer (478/609) THR01A1343_002 in /tmp/pbe_data.data.home.granepura.5-Kinases.Kinases_MCCE.Trial02.run_apo.4ANS_THR01A1343_002
ForkPoolWorker-4: Calling delphi to calculate conformer (479/609) SER01A1344_001 in /tmp/pbe_data.data.home.granepura.5-Kinases.Kinases_MCCE.Trial02.run_apo.4ANS_SER01A1344_001
ForkPoolWorker-5: Calling delphi to calculate conformer (480/609) SER01A1344_002 in /tmp/pbe_data.data.home.granepura.5-Kinases.Kinases_MCCE.Trial02.run_apo.4ANS_SER01A1344_002
ForkPoolWorker-3: Calling delphi to calculate conformer (481/609) ARG01A1347_001 in /tmp/pbe_data.data.home.granepura.5-Kinases.Kinases_MCCE.Trial02.run_apo.4ANS_ARG01A1347_001
ForkPoolWorker-2: Calling delphi to calculate conformer (482/609) ARG02A1347_002 in /tmp/pbe_data.data.home.granepura.5-Kinases.Kinases_MCCE.Trial02.run_apo.4ANS_ARG02A1347_002
ForkPoolWorker-4: Calling delphi to calculate conformer (483/609) ARG02A1347_003 in /tmp/pbe_data.data.home.granepura.5-Kinases.Kinases_MCCE.Trial02.run_apo.4ANS_ARG02A1347_003
ForkPoolWorker-1: Calling delphi to calculate conformer (484/609) ARG03A1347_004 in /tmp/pbe_data.data.home.granepura.5-Kinases.Kinases_MCCE.Trial02.run_apo.4ANS_ARG03A1347_004
ForkPoolWorker-5: Calling delphi to calculate conformer (485/609) ARG+1A1347_005 in /tmp/pbe_data.data.home.granepura.5-Kinases.Kinases_MCCE.Trial02.run_apo.4ANS_ARG+1A1347_005
ForkPoolWorker-3: Calling delphi to calculate conformer (486/609) MET01A1348_001 in /tmp/pbe_data.data.home.granepura.5-Kinases.Kinases_MCCE.Trial02.run_apo.4ANS_MET01A1348_001
ForkPoolWorker-2: Calling delphi to calculate conformer (487/609) ASP01A1349_001 in /tmp/pbe_data.data.home.granepura.5-Kinases.Kinases_MCCE.Trial02.run_apo.4ANS_ASP01A1349_001
ForkPoolWorker-4: Calling delphi to calculate conformer (488/609) ASP01A1349_002 in /tmp/pbe_data.data.home.granepura.5-Kinases.Kinases_MCCE.Trial02.run_apo.4ANS_ASP01A1349_002
ForkPoolWorker-1: Calling delphi to calculate conformer (489/609) ASP02A1349_003 in /tmp/pbe_data.data.home.granepura.5-Kinases.Kinases_MCCE.Trial02.run_apo.4ANS_ASP02A1349_003
ForkPoolWorker-5: Calling delphi to calculate conformer (490/609) ASP02A1349_004 in /tmp/pbe_data.data.home.granepura.5-Kinases.Kinases_MCCE.Trial02.run_apo.4ANS_ASP02A1349_004
ForkPoolWorker-3: Calling delphi to calculate conformer (491/609) ASP-1A1349_005 in /tmp/pbe_data.data.home.granepura.5-Kinases.Kinases_MCCE.Trial02.run_apo.4ANS_ASP-1A1349_005
Skipping PBE solver for non-charge conformer (493/609) PRO01A1351_001...
Skipping PBE solver for non-charge conformer (492/609) PRO01A1350_001...
ForkPoolWorker-2: Calling delphi to calculate conformer (495/609) LYS+1A1352_002 in /tmp/pbe_data.data.home.granepura.5-Kinases.Kinases_MCCE.Trial02.run_apo.4ANS_LYS+1A1352_002
ForkPoolWorker-4: Calling delphi to calculate conformer (494/609) LYS01A1352_001 in /tmp/pbe_data.data.home.granepura.5-Kinases.Kinases_MCCE.Trial02.run_apo.4ANS_LYS01A1352_001
ForkPoolWorker-1: Calling delphi to calculate conformer (496/609) ASN01A1353_001 in /tmp/pbe_data.data.home.granepura.5-Kinases.Kinases_MCCE.Trial02.run_apo.4ANS_ASN01A1353_001
ForkPoolWorker-5: Calling delphi to calculate conformer (497/609) ASN01A1353_002 in /tmp/pbe_data.data.home.granepura.5-Kinases.Kinases_MCCE.Trial02.run_apo.4ANS_ASN01A1353_002
ForkPoolWorker-3: Calling delphi to calculate conformer (498/609) CYS01A1354_001 in /tmp/pbe_data.data.home.granepura.5-Kinases.Kinases_MCCE.Trial02.run_apo.4ANS_CYS01A1354_001
ForkPoolWorker-4: Calling delphi to calculate conformer (499/609) CYS01A1354_002 in /tmp/pbe_data.data.home.granepura.5-Kinases.Kinases_MCCE.Trial02.run_apo.4ANS_CYS01A1354_002
ForkPoolWorker-2: Calling delphi to calculate conformer (500/609) CYS01A1354_003 in /tmp/pbe_data.data.home.granepura.5-Kinases.Kinases_MCCE.Trial02.run_apo.4ANS_CYS01A1354_003
ForkPoolWorker-1: Calling delphi to calculate conformer (501/609) CYS-1A1354_004 in /tmp/pbe_data.data.home.granepura.5-Kinases.Kinases_MCCE.Trial02.run_apo.4ANS_CYS-1A1354_004
Skipping PBE solver for non-charge conformer (502/609) PRO01A1355_001...
Skipping PBE solver for non-charge conformer (503/609) PRO01A1357_001...
Skipping PBE solver for non-charge conformer (504/609) VAL01A1358_001...
ForkPoolWorker-5: Calling delphi to calculate conformer (505/609) TYR01A1359_001 in /tmp/pbe_data.data.home.granepura.5-Kinases.Kinases_MCCE.Trial02.run_apo.4ANS_TYR01A1359_001
ForkPoolWorker-3: Calling delphi to calculate conformer (506/609) TYR01A1359_002 in /tmp/pbe_data.data.home.granepura.5-Kinases.Kinases_MCCE.Trial02.run_apo.4ANS_TYR01A1359_002
ForkPoolWorker-4: Calling delphi to calculate conformer (507/609) TYR-1A1359_003 in /tmp/pbe_data.data.home.granepura.5-Kinases.Kinases_MCCE.Trial02.run_apo.4ANS_TYR-1A1359_003
ForkPoolWorker-2: Calling delphi to calculate conformer (508/609) ARG01A1360_001 in /tmp/pbe_data.data.home.granepura.5-Kinases.Kinases_MCCE.Trial02.run_apo.4ANS_ARG01A1360_001
ForkPoolWorker-1: Calling delphi to calculate conformer (509/609) ARG02A1360_002 in /tmp/pbe_data.data.home.granepura.5-Kinases.Kinases_MCCE.Trial02.run_apo.4ANS_ARG02A1360_002
ForkPoolWorker-5: Calling delphi to calculate conformer (510/609) ARG03A1360_003 in /tmp/pbe_data.data.home.granepura.5-Kinases.Kinases_MCCE.Trial02.run_apo.4ANS_ARG03A1360_003
ForkPoolWorker-3: Calling delphi to calculate conformer (511/609) ARG+1A1360_004 in /tmp/pbe_data.data.home.granepura.5-Kinases.Kinases_MCCE.Trial02.run_apo.4ANS_ARG+1A1360_004
Skipping PBE solver for non-charge conformer (512/609) ILE01A1361_001...
ForkPoolWorker-1: Calling delphi to calculate conformer (513/609) MET01A1362_001 in /tmp/pbe_data.data.home.granepura.5-Kinases.Kinases_MCCE.Trial02.run_apo.4ANS_MET01A1362_001
ForkPoolWorker-2: Calling delphi to calculate conformer (514/609) THR01A1363_001 in /tmp/pbe_data.data.home.granepura.5-Kinases.Kinases_MCCE.Trial02.run_apo.4ANS_THR01A1363_001
ForkPoolWorker-4: Calling delphi to calculate conformer (515/609) GLN01A1364_001 in /tmp/pbe_data.data.home.granepura.5-Kinases.Kinases_MCCE.Trial02.run_apo.4ANS_GLN01A1364_001
ForkPoolWorker-5: Calling delphi to calculate conformer (516/609) GLN01A1364_002 in /tmp/pbe_data.data.home.granepura.5-Kinases.Kinases_MCCE.Trial02.run_apo.4ANS_GLN01A1364_002
ForkPoolWorker-3: Calling delphi to calculate conformer (517/609) CYS01A1365_001 in /tmp/pbe_data.data.home.granepura.5-Kinases.Kinases_MCCE.Trial02.run_apo.4ANS_CYS01A1365_001
ForkPoolWorker-4: Calling delphi to calculate conformer (518/609) CYS01A1365_002 in /tmp/pbe_data.data.home.granepura.5-Kinases.Kinases_MCCE.Trial02.run_apo.4ANS_CYS01A1365_002
ForkPoolWorker-2: Calling delphi to calculate conformer (519/609) CYS01A1365_003 in /tmp/pbe_data.data.home.granepura.5-Kinases.Kinases_MCCE.Trial02.run_apo.4ANS_CYS01A1365_003
ForkPoolWorker-1: Calling delphi to calculate conformer (520/609) CYS-1A1365_004 in /tmp/pbe_data.data.home.granepura.5-Kinases.Kinases_MCCE.Trial02.run_apo.4ANS_CYS-1A1365_004
Skipping PBE solver for non-charge conformer (521/609) TRP01A1366_001...
ForkPoolWorker-5: Calling delphi to calculate conformer (522/609) GLN01A1367_001 in /tmp/pbe_data.data.home.granepura.5-Kinases.Kinases_MCCE.Trial02.run_apo.4ANS_GLN01A1367_001
ForkPoolWorker-3: Calling delphi to calculate conformer (523/609) GLN01A1367_002 in /tmp/pbe_data.data.home.granepura.5-Kinases.Kinases_MCCE.Trial02.run_apo.4ANS_GLN01A1367_002
ForkPoolWorker-4: Calling delphi to calculate conformer (524/609) HIS01A1368_001 in /tmp/pbe_data.data.home.granepura.5-Kinases.Kinases_MCCE.Trial02.run_apo.4ANS_HIS01A1368_001
ForkPoolWorker-2: Calling delphi to calculate conformer (525/609) HIS01A1368_002 in /tmp/pbe_data.data.home.granepura.5-Kinases.Kinases_MCCE.Trial02.run_apo.4ANS_HIS01A1368_002
ForkPoolWorker-1: Calling delphi to calculate conformer (526/609) HIS02A1368_003 in /tmp/pbe_data.data.home.granepura.5-Kinases.Kinases_MCCE.Trial02.run_apo.4ANS_HIS02A1368_003
ForkPoolWorker-5: Calling delphi to calculate conformer (527/609) HIS02A1368_004 in /tmp/pbe_data.data.home.granepura.5-Kinases.Kinases_MCCE.Trial02.run_apo.4ANS_HIS02A1368_004
ForkPoolWorker-3: Calling delphi to calculate conformer (528/609) HIS+1A1368_005 in /tmp/pbe_data.data.home.granepura.5-Kinases.Kinases_MCCE.Trial02.run_apo.4ANS_HIS+1A1368_005
ForkPoolWorker-4: Calling delphi to calculate conformer (529/609) HIS+1A1368_006 in /tmp/pbe_data.data.home.granepura.5-Kinases.Kinases_MCCE.Trial02.run_apo.4ANS_HIS+1A1368_006
ForkPoolWorker-2: Calling delphi to calculate conformer (530/609) GLN01A1369_001 in /tmp/pbe_data.data.home.granepura.5-Kinases.Kinases_MCCE.Trial02.run_apo.4ANS_GLN01A1369_001
ForkPoolWorker-1: Calling delphi to calculate conformer (531/609) GLN01A1369_002 in /tmp/pbe_data.data.home.granepura.5-Kinases.Kinases_MCCE.Trial02.run_apo.4ANS_GLN01A1369_002
Skipping PBE solver for non-charge conformer (532/609) PRO01A1370_001...
ForkPoolWorker-5: Calling delphi to calculate conformer (533/609) GLU01A1371_001 in /tmp/pbe_data.data.home.granepura.5-Kinases.Kinases_MCCE.Trial02.run_apo.4ANS_GLU01A1371_001
ForkPoolWorker-3: Calling delphi to calculate conformer (534/609) GLU01A1371_002 in /tmp/pbe_data.data.home.granepura.5-Kinases.Kinases_MCCE.Trial02.run_apo.4ANS_GLU01A1371_002
ForkPoolWorker-4: Calling delphi to calculate conformer (535/609) GLU02A1371_003 in /tmp/pbe_data.data.home.granepura.5-Kinases.Kinases_MCCE.Trial02.run_apo.4ANS_GLU02A1371_003
ForkPoolWorker-2: Calling delphi to calculate conformer (536/609) GLU02A1371_004 in /tmp/pbe_data.data.home.granepura.5-Kinases.Kinases_MCCE.Trial02.run_apo.4ANS_GLU02A1371_004
ForkPoolWorker-1: Calling delphi to calculate conformer (537/609) GLU-1A1371_005 in /tmp/pbe_data.data.home.granepura.5-Kinases.Kinases_MCCE.Trial02.run_apo.4ANS_GLU-1A1371_005
ForkPoolWorker-5: Calling delphi to calculate conformer (538/609) ASP01A1372_001 in /tmp/pbe_data.data.home.granepura.5-Kinases.Kinases_MCCE.Trial02.run_apo.4ANS_ASP01A1372_001
ForkPoolWorker-3: Calling delphi to calculate conformer (539/609) ASP01A1372_002 in /tmp/pbe_data.data.home.granepura.5-Kinases.Kinases_MCCE.Trial02.run_apo.4ANS_ASP01A1372_002
ForkPoolWorker-4: Calling delphi to calculate conformer (540/609) ASP02A1372_003 in /tmp/pbe_data.data.home.granepura.5-Kinases.Kinases_MCCE.Trial02.run_apo.4ANS_ASP02A1372_003
ForkPoolWorker-2: Calling delphi to calculate conformer (541/609) ASP02A1372_004 in /tmp/pbe_data.data.home.granepura.5-Kinases.Kinases_MCCE.Trial02.run_apo.4ANS_ASP02A1372_004
ForkPoolWorker-1: Calling delphi to calculate conformer (542/609) ASP-1A1372_005 in /tmp/pbe_data.data.home.granepura.5-Kinases.Kinases_MCCE.Trial02.run_apo.4ANS_ASP-1A1372_005
ForkPoolWorker-5: Calling delphi to calculate conformer (543/609) ARG01A1373_001 in /tmp/pbe_data.data.home.granepura.5-Kinases.Kinases_MCCE.Trial02.run_apo.4ANS_ARG01A1373_001
ForkPoolWorker-3: Calling delphi to calculate conformer (544/609) ARG02A1373_002 in /tmp/pbe_data.data.home.granepura.5-Kinases.Kinases_MCCE.Trial02.run_apo.4ANS_ARG02A1373_002
ForkPoolWorker-4: Calling delphi to calculate conformer (545/609) ARG02A1373_003 in /tmp/pbe_data.data.home.granepura.5-Kinases.Kinases_MCCE.Trial02.run_apo.4ANS_ARG02A1373_003
ForkPoolWorker-2: Calling delphi to calculate conformer (546/609) ARG03A1373_004 in /tmp/pbe_data.data.home.granepura.5-Kinases.Kinases_MCCE.Trial02.run_apo.4ANS_ARG03A1373_004
ForkPoolWorker-1: Calling delphi to calculate conformer (547/609) ARG03A1373_005 in /tmp/pbe_data.data.home.granepura.5-Kinases.Kinases_MCCE.Trial02.run_apo.4ANS_ARG03A1373_005
ForkPoolWorker-5: Calling delphi to calculate conformer (548/609) ARG+1A1373_006 in /tmp/pbe_data.data.home.granepura.5-Kinases.Kinases_MCCE.Trial02.run_apo.4ANS_ARG+1A1373_006
Skipping PBE solver for non-charge conformer (549/609) PRO01A1374_001...
ForkPoolWorker-3: Calling delphi to calculate conformer (550/609) ASN01A1375_001 in /tmp/pbe_data.data.home.granepura.5-Kinases.Kinases_MCCE.Trial02.run_apo.4ANS_ASN01A1375_001
Skipping PBE solver for non-charge conformer (551/609) PHE01A1376_001...
Skipping PBE solver for non-charge conformer (552/609) ALA01A1377_001...
Skipping PBE solver for non-charge conformer (553/609) ILE01A1378_001...
Skipping PBE solver for non-charge conformer (554/609) ILE01A1379_001...
Skipping PBE solver for non-charge conformer (555/609) LEU01A1380_001...
ForkPoolWorker-4: Calling delphi to calculate conformer (556/609) GLU01A1381_001 in /tmp/pbe_data.data.home.granepura.5-Kinases.Kinases_MCCE.Trial02.run_apo.4ANS_GLU01A1381_001
ForkPoolWorker-2: Calling delphi to calculate conformer (557/609) GLU01A1381_002 in /tmp/pbe_data.data.home.granepura.5-Kinases.Kinases_MCCE.Trial02.run_apo.4ANS_GLU01A1381_002
ForkPoolWorker-1: Calling delphi to calculate conformer (558/609) GLU02A1381_003 in /tmp/pbe_data.data.home.granepura.5-Kinases.Kinases_MCCE.Trial02.run_apo.4ANS_GLU02A1381_003
ForkPoolWorker-5: Calling delphi to calculate conformer (559/609) GLU02A1381_004 in /tmp/pbe_data.data.home.granepura.5-Kinases.Kinases_MCCE.Trial02.run_apo.4ANS_GLU02A1381_004
ForkPoolWorker-3: Calling delphi to calculate conformer (560/609) GLU-1A1381_005 in /tmp/pbe_data.data.home.granepura.5-Kinases.Kinases_MCCE.Trial02.run_apo.4ANS_GLU-1A1381_005
ForkPoolWorker-4: Calling delphi to calculate conformer (561/609) ARG01A1382_001 in /tmp/pbe_data.data.home.granepura.5-Kinases.Kinases_MCCE.Trial02.run_apo.4ANS_ARG01A1382_001
ForkPoolWorker-2: Calling delphi to calculate conformer (562/609) ARG02A1382_002 in /tmp/pbe_data.data.home.granepura.5-Kinases.Kinases_MCCE.Trial02.run_apo.4ANS_ARG02A1382_002
ForkPoolWorker-1: Calling delphi to calculate conformer (563/609) ARG03A1382_003 in /tmp/pbe_data.data.home.granepura.5-Kinases.Kinases_MCCE.Trial02.run_apo.4ANS_ARG03A1382_003
ForkPoolWorker-5: Calling delphi to calculate conformer (564/609) ARG+1A1382_004 in /tmp/pbe_data.data.home.granepura.5-Kinases.Kinases_MCCE.Trial02.run_apo.4ANS_ARG+1A1382_004
Skipping PBE solver for non-charge conformer (565/609) ILE01A1383_001...
ForkPoolWorker-3: Calling delphi to calculate conformer (566/609) GLU01A1384_001 in /tmp/pbe_data.data.home.granepura.5-Kinases.Kinases_MCCE.Trial02.run_apo.4ANS_GLU01A1384_001
ForkPoolWorker-4: Calling delphi to calculate conformer (567/609) GLU01A1384_002 in /tmp/pbe_data.data.home.granepura.5-Kinases.Kinases_MCCE.Trial02.run_apo.4ANS_GLU01A1384_002
ForkPoolWorker-2: Calling delphi to calculate conformer (568/609) GLU02A1384_003 in /tmp/pbe_data.data.home.granepura.5-Kinases.Kinases_MCCE.Trial02.run_apo.4ANS_GLU02A1384_003
ForkPoolWorker-1: Calling delphi to calculate conformer (569/609) GLU02A1384_004 in /tmp/pbe_data.data.home.granepura.5-Kinases.Kinases_MCCE.Trial02.run_apo.4ANS_GLU02A1384_004
ForkPoolWorker-5: Calling delphi to calculate conformer (570/609) GLU-1A1384_005 in /tmp/pbe_data.data.home.granepura.5-Kinases.Kinases_MCCE.Trial02.run_apo.4ANS_GLU-1A1384_005
ForkPoolWorker-3: Calling delphi to calculate conformer (571/609) TYR01A1385_001 in /tmp/pbe_data.data.home.granepura.5-Kinases.Kinases_MCCE.Trial02.run_apo.4ANS_TYR01A1385_001
ForkPoolWorker-4: Calling delphi to calculate conformer (572/609) TYR-1A1385_002 in /tmp/pbe_data.data.home.granepura.5-Kinases.Kinases_MCCE.Trial02.run_apo.4ANS_TYR-1A1385_002
ForkPoolWorker-2: Calling delphi to calculate conformer (573/609) CYS01A1386_001 in /tmp/pbe_data.data.home.granepura.5-Kinases.Kinases_MCCE.Trial02.run_apo.4ANS_CYS01A1386_001
ForkPoolWorker-1: Calling delphi to calculate conformer (574/609) CYS01A1386_002 in /tmp/pbe_data.data.home.granepura.5-Kinases.Kinases_MCCE.Trial02.run_apo.4ANS_CYS01A1386_002
ForkPoolWorker-5: Calling delphi to calculate conformer (575/609) CYS01A1386_003 in /tmp/pbe_data.data.home.granepura.5-Kinases.Kinases_MCCE.Trial02.run_apo.4ANS_CYS01A1386_003
ForkPoolWorker-3: Calling delphi to calculate conformer (576/609) CYS-1A1386_004 in /tmp/pbe_data.data.home.granepura.5-Kinases.Kinases_MCCE.Trial02.run_apo.4ANS_CYS-1A1386_004
ForkPoolWorker-4: Calling delphi to calculate conformer (577/609) THR01A1387_001 in /tmp/pbe_data.data.home.granepura.5-Kinases.Kinases_MCCE.Trial02.run_apo.4ANS_THR01A1387_001
ForkPoolWorker-2: Calling delphi to calculate conformer (578/609) THR01A1387_002 in /tmp/pbe_data.data.home.granepura.5-Kinases.Kinases_MCCE.Trial02.run_apo.4ANS_THR01A1387_002
ForkPoolWorker-1: Calling delphi to calculate conformer (579/609) THR01A1387_003 in /tmp/pbe_data.data.home.granepura.5-Kinases.Kinases_MCCE.Trial02.run_apo.4ANS_THR01A1387_003
ForkPoolWorker-5: Calling delphi to calculate conformer (580/609) GLN01A1388_001 in /tmp/pbe_data.data.home.granepura.5-Kinases.Kinases_MCCE.Trial02.run_apo.4ANS_GLN01A1388_001
ForkPoolWorker-3: Calling delphi to calculate conformer (581/609) GLN01A1388_002 in /tmp/pbe_data.data.home.granepura.5-Kinases.Kinases_MCCE.Trial02.run_apo.4ANS_GLN01A1388_002
ForkPoolWorker-4: Calling delphi to calculate conformer (583/609) ASP01A1389_002 in /tmp/pbe_data.data.home.granepura.5-Kinases.Kinases_MCCE.Trial02.run_apo.4ANS_ASP01A1389_002
ForkPoolWorker-2: Calling delphi to calculate conformer (582/609) ASP01A1389_001 in /tmp/pbe_data.data.home.granepura.5-Kinases.Kinases_MCCE.Trial02.run_apo.4ANS_ASP01A1389_001
ForkPoolWorker-1: Calling delphi to calculate conformer (584/609) ASP02A1389_003 in /tmp/pbe_data.data.home.granepura.5-Kinases.Kinases_MCCE.Trial02.run_apo.4ANS_ASP02A1389_003
ForkPoolWorker-5: Calling delphi to calculate conformer (585/609) ASP02A1389_004 in /tmp/pbe_data.data.home.granepura.5-Kinases.Kinases_MCCE.Trial02.run_apo.4ANS_ASP02A1389_004
ForkPoolWorker-3: Calling delphi to calculate conformer (586/609) ASP-1A1389_005 in /tmp/pbe_data.data.home.granepura.5-Kinases.Kinases_MCCE.Trial02.run_apo.4ANS_ASP-1A1389_005
Skipping PBE solver for non-charge conformer (587/609) PRO01A1390_001...
ForkPoolWorker-2: Calling delphi to calculate conformer (588/609) ASP01A1391_001 in /tmp/pbe_data.data.home.granepura.5-Kinases.Kinases_MCCE.Trial02.run_apo.4ANS_ASP01A1391_001
ForkPoolWorker-4: Calling delphi to calculate conformer (589/609) ASP01A1391_002 in /tmp/pbe_data.data.home.granepura.5-Kinases.Kinases_MCCE.Trial02.run_apo.4ANS_ASP01A1391_002
ForkPoolWorker-1: Calling delphi to calculate conformer (590/609) ASP02A1391_003 in /tmp/pbe_data.data.home.granepura.5-Kinases.Kinases_MCCE.Trial02.run_apo.4ANS_ASP02A1391_003
ForkPoolWorker-5: Calling delphi to calculate conformer (591/609) ASP02A1391_004 in /tmp/pbe_data.data.home.granepura.5-Kinases.Kinases_MCCE.Trial02.run_apo.4ANS_ASP02A1391_004
ForkPoolWorker-3: Calling delphi to calculate conformer (592/609) ASP-1A1391_005 in /tmp/pbe_data.data.home.granepura.5-Kinases.Kinases_MCCE.Trial02.run_apo.4ANS_ASP-1A1391_005
Skipping PBE solver for non-charge conformer (593/609) VAL01A1392_001...
ForkPoolWorker-2: Calling delphi to calculate conformer (595/609) ASN01A1394_001 in /tmp/pbe_data.data.home.granepura.5-Kinases.Kinases_MCCE.Trial02.run_apo.4ANS_ASN01A1394_001
Skipping PBE solver for non-charge conformer (594/609) ILE01A1393_001...
ForkPoolWorker-4: Calling delphi to calculate conformer (596/609) ASN01A1394_002 in /tmp/pbe_data.data.home.granepura.5-Kinases.Kinases_MCCE.Trial02.run_apo.4ANS_ASN01A1394_002
ForkPoolWorker-1: Calling delphi to calculate conformer (597/609) THR01A1395_001 in /tmp/pbe_data.data.home.granepura.5-Kinases.Kinases_MCCE.Trial02.run_apo.4ANS_THR01A1395_001
ForkPoolWorker-5: Calling delphi to calculate conformer (598/609) THR01A1395_002 in /tmp/pbe_data.data.home.granepura.5-Kinases.Kinases_MCCE.Trial02.run_apo.4ANS_THR01A1395_002
Skipping PBE solver for non-charge conformer (599/609) ALA01A1396_001...
Skipping PBE solver for non-charge conformer (600/609) LEU01A1397_001...
Skipping PBE solver for non-charge conformer (601/609) PRO01A1398_001...
Skipping PBE solver for non-charge conformer (602/609) ILE01A1399_001...
ForkPoolWorker-3: Calling delphi to calculate conformer (603/609) GLU01A1400_001 in /tmp/pbe_data.data.home.granepura.5-Kinases.Kinases_MCCE.Trial02.run_apo.4ANS_GLU01A1400_001
ForkPoolWorker-4: Calling delphi to calculate conformer (604/609) GLU01A1400_002 in /tmp/pbe_data.data.home.granepura.5-Kinases.Kinases_MCCE.Trial02.run_apo.4ANS_GLU01A1400_002
ForkPoolWorker-2: Calling delphi to calculate conformer (605/609) GLU02A1400_003 in /tmp/pbe_data.data.home.granepura.5-Kinases.Kinases_MCCE.Trial02.run_apo.4ANS_GLU02A1400_003
ForkPoolWorker-1: Calling delphi to calculate conformer (606/609) GLU02A1400_004 in /tmp/pbe_data.data.home.granepura.5-Kinases.Kinases_MCCE.Trial02.run_apo.4ANS_GLU02A1400_004
ForkPoolWorker-5: Calling delphi to calculate conformer (607/609) GLU-1A1400_005 in /tmp/pbe_data.data.home.granepura.5-Kinases.Kinases_MCCE.Trial02.run_apo.4ANS_GLU-1A1400_005
ForkPoolWorker-3: Calling delphi to calculate conformer (608/609) TYR01A1401_001 in /tmp/pbe_data.data.home.granepura.5-Kinases.Kinases_MCCE.Trial02.run_apo.4ANS_TYR01A1401_001
ForkPoolWorker-4: Calling delphi to calculate conformer (609/609) TYR-1A1401_002 in /tmp/pbe_data.data.home.granepura.5-Kinases.Kinases_MCCE.Trial02.run_apo.4ANS_TYR-1A1401_002
