2026-09-22 11:38:38 - INFO: step3.py, <module>: Step 3. Energies calculation with PBE solver.
2026-09-22 11:38:38 - INFO: step3.py, <module>: Calling new VDW....No Scaling Applied
2026-09-22 11:38:38 - INFO: step3.py, <module>:    Process run time options & convert step2_out.pdb.
2026-09-22 11:38:38 - INFO: step3.py, <module>:    Prepare input for PB solver.
2026-09-22 11:38:38 - INFO: step3.py, <module>:    Time needed: 0 seconds.
2026-09-22 11:38:38 - INFO: step3.py, <module>:    Set up parallel envrionment and run PB solver.
2026-09-22 11:38:38 - INFO: step3.py, <module>:    Running PBE solver in 5 threads
2026-09-22 11:38:38 - INFO: step3.py, pbe: ForkPoolWorker-1: Calling delphi to calculate conformer (1/617) ASN01A1093_001 in /tmp/pbe_data.data.home.granepura.5-Kinases.Kinases_MCCE.Trial03.run_holo.5AAC_ASN01A1093_001
2026-09-22 11:38:38 - INFO: step3.py, pbe: ForkPoolWorker-2: Calling delphi to calculate conformer (2/617) ASN01A1093_002 in /tmp/pbe_data.data.home.granepura.5-Kinases.Kinases_MCCE.Trial03.run_holo.5AAC_ASN01A1093_002
2026-09-22 11:38:38 - INFO: step3.py, pbe: ForkPoolWorker-5: Calling delphi to calculate conformer (5/617) ASN01A1095_002 in /tmp/pbe_data.data.home.granepura.5-Kinases.Kinases_MCCE.Trial03.run_holo.5AAC_ASN01A1095_002
2026-09-22 11:38:38 - INFO: step3.py, pbe: ForkPoolWorker-4: Calling delphi to calculate conformer (4/617) ASN01A1095_001 in /tmp/pbe_data.data.home.granepura.5-Kinases.Kinases_MCCE.Trial03.run_holo.5AAC_ASN01A1095_001
2026-09-22 11:38:38 - INFO: step3.py, pbe: Skipping PBE solver for non-charge conformer (3/617) PRO01A1094_001...
2026-09-22 11:38:38 - INFO: step3.py, pbe: ForkPoolWorker-3: Calling delphi to calculate conformer (6/617) TYR01A1096_001 in /tmp/pbe_data.data.home.granepura.5-Kinases.Kinases_MCCE.Trial03.run_holo.5AAC_TYR01A1096_001
2026-09-22 11:38:44 - INFO: step3.py, pbe: ForkPoolWorker-2: Calling delphi to calculate conformer (7/617) TYR-1A1096_002 in /tmp/pbe_data.data.home.granepura.5-Kinases.Kinases_MCCE.Trial03.run_holo.5AAC_TYR-1A1096_002
2026-09-22 11:38:44 - INFO: step3.py, pbe: ForkPoolWorker-5: Calling delphi to calculate conformer (8/617) CYS01A1097_001 in /tmp/pbe_data.data.home.granepura.5-Kinases.Kinases_MCCE.Trial03.run_holo.5AAC_CYS01A1097_001
2026-09-22 11:38:44 - INFO: step3.py, pbe: ForkPoolWorker-1: Calling delphi to calculate conformer (9/617) CYS01A1097_002 in /tmp/pbe_data.data.home.granepura.5-Kinases.Kinases_MCCE.Trial03.run_holo.5AAC_CYS01A1097_002
2026-09-22 11:38:44 - INFO: step3.py, pbe: ForkPoolWorker-3: Calling delphi to calculate conformer (10/617) CYS01A1097_003 in /tmp/pbe_data.data.home.granepura.5-Kinases.Kinases_MCCE.Trial03.run_holo.5AAC_CYS01A1097_003
2026-09-22 11:38:45 - INFO: step3.py, pbe: ForkPoolWorker-4: Calling delphi to calculate conformer (11/617) CYS-1A1097_004 in /tmp/pbe_data.data.home.granepura.5-Kinases.Kinases_MCCE.Trial03.run_holo.5AAC_CYS-1A1097_004
2026-09-22 11:38:50 - INFO: step3.py, pbe: Skipping PBE solver for non-charge conformer (12/617) PHE01A1098_001...
2026-09-22 11:38:50 - INFO: step3.py, pbe: Skipping PBE solver for non-charge conformer (13/617) ALA01A1099_001...
2026-09-22 11:38:50 - INFO: step3.py, pbe: ForkPoolWorker-1: Calling delphi to calculate conformer (14/617) LYS01A1101_001 in /tmp/pbe_data.data.home.granepura.5-Kinases.Kinases_MCCE.Trial03.run_holo.5AAC_LYS01A1101_001
2026-09-22 11:38:50 - INFO: step3.py, pbe: ForkPoolWorker-5: Calling delphi to calculate conformer (15/617) LYS+1A1101_002 in /tmp/pbe_data.data.home.granepura.5-Kinases.Kinases_MCCE.Trial03.run_holo.5AAC_LYS+1A1101_002
2026-09-22 11:38:50 - INFO: step3.py, pbe: ForkPoolWorker-2: Calling delphi to calculate conformer (16/617) THR01A1102_001 in /tmp/pbe_data.data.home.granepura.5-Kinases.Kinases_MCCE.Trial03.run_holo.5AAC_THR01A1102_001
2026-09-22 11:38:51 - INFO: step3.py, pbe: ForkPoolWorker-3: Calling delphi to calculate conformer (17/617) THR01A1102_002 in /tmp/pbe_data.data.home.granepura.5-Kinases.Kinases_MCCE.Trial03.run_holo.5AAC_THR01A1102_002
2026-09-22 11:38:51 - INFO: step3.py, pbe: ForkPoolWorker-4: Calling delphi to calculate conformer (18/617) SER01A1103_001 in /tmp/pbe_data.data.home.granepura.5-Kinases.Kinases_MCCE.Trial03.run_holo.5AAC_SER01A1103_001
2026-09-22 11:38:55 - INFO: step3.py, pbe: ForkPoolWorker-1: Calling delphi to calculate conformer (19/617) SER01A1104_001 in /tmp/pbe_data.data.home.granepura.5-Kinases.Kinases_MCCE.Trial03.run_holo.5AAC_SER01A1104_001
2026-09-22 11:38:55 - INFO: step3.py, pbe: ForkPoolWorker-5: Calling delphi to calculate conformer (20/617) SER01A1104_002 in /tmp/pbe_data.data.home.granepura.5-Kinases.Kinases_MCCE.Trial03.run_holo.5AAC_SER01A1104_002
2026-09-22 11:38:55 - INFO: step3.py, pbe: Skipping PBE solver for non-charge conformer (21/617) ILE01A1105_001...
2026-09-22 11:38:55 - INFO: step3.py, pbe: ForkPoolWorker-2: Calling delphi to calculate conformer (22/617) SER01A1106_001 in /tmp/pbe_data.data.home.granepura.5-Kinases.Kinases_MCCE.Trial03.run_holo.5AAC_SER01A1106_001
2026-09-22 11:38:56 - INFO: step3.py, pbe: ForkPoolWorker-3: Calling delphi to calculate conformer (23/617) ASP01A1107_001 in /tmp/pbe_data.data.home.granepura.5-Kinases.Kinases_MCCE.Trial03.run_holo.5AAC_ASP01A1107_001
2026-09-22 11:38:56 - INFO: step3.py, pbe: ForkPoolWorker-4: Calling delphi to calculate conformer (24/617) ASP01A1107_002 in /tmp/pbe_data.data.home.granepura.5-Kinases.Kinases_MCCE.Trial03.run_holo.5AAC_ASP01A1107_002
2026-09-22 11:38:59 - INFO: step3.py, pbe: ForkPoolWorker-1: Calling delphi to calculate conformer (25/617) ASP02A1107_003 in /tmp/pbe_data.data.home.granepura.5-Kinases.Kinases_MCCE.Trial03.run_holo.5AAC_ASP02A1107_003
2026-09-22 11:39:00 - INFO: step3.py, pbe: ForkPoolWorker-2: Calling delphi to calculate conformer (27/617) ASP-1A1107_005 in /tmp/pbe_data.data.home.granepura.5-Kinases.Kinases_MCCE.Trial03.run_holo.5AAC_ASP-1A1107_005
2026-09-22 11:39:00 - INFO: step3.py, pbe: ForkPoolWorker-5: Calling delphi to calculate conformer (26/617) ASP02A1107_004 in /tmp/pbe_data.data.home.granepura.5-Kinases.Kinases_MCCE.Trial03.run_holo.5AAC_ASP02A1107_004
2026-09-22 11:39:01 - INFO: step3.py, pbe: Skipping PBE solver for non-charge conformer (28/617) LEU01A1108_001...
2026-09-22 11:39:01 - INFO: step3.py, pbe: ForkPoolWorker-3: Calling delphi to calculate conformer (29/617) LYS01A1109_001 in /tmp/pbe_data.data.home.granepura.5-Kinases.Kinases_MCCE.Trial03.run_holo.5AAC_LYS01A1109_001
2026-09-22 11:39:01 - INFO: step3.py, pbe: ForkPoolWorker-4: Calling delphi to calculate conformer (30/617) LYS+1A1109_002 in /tmp/pbe_data.data.home.granepura.5-Kinases.Kinases_MCCE.Trial03.run_holo.5AAC_LYS+1A1109_002
2026-09-22 11:39:04 - INFO: step3.py, pbe: ForkPoolWorker-1: Calling delphi to calculate conformer (31/617) GLU01A1110_001 in /tmp/pbe_data.data.home.granepura.5-Kinases.Kinases_MCCE.Trial03.run_holo.5AAC_GLU01A1110_001
2026-09-22 11:39:05 - INFO: step3.py, pbe: ForkPoolWorker-2: Calling delphi to calculate conformer (32/617) GLU01A1110_002 in /tmp/pbe_data.data.home.granepura.5-Kinases.Kinases_MCCE.Trial03.run_holo.5AAC_GLU01A1110_002
2026-09-22 11:39:06 - INFO: step3.py, pbe: ForkPoolWorker-5: Calling delphi to calculate conformer (33/617) GLU02A1110_003 in /tmp/pbe_data.data.home.granepura.5-Kinases.Kinases_MCCE.Trial03.run_holo.5AAC_GLU02A1110_003
2026-09-22 11:39:07 - INFO: step3.py, pbe: ForkPoolWorker-3: Calling delphi to calculate conformer (34/617) GLU02A1110_004 in /tmp/pbe_data.data.home.granepura.5-Kinases.Kinases_MCCE.Trial03.run_holo.5AAC_GLU02A1110_004
2026-09-22 11:39:07 - INFO: step3.py, pbe: ForkPoolWorker-4: Calling delphi to calculate conformer (35/617) GLU-1A1110_005 in /tmp/pbe_data.data.home.granepura.5-Kinases.Kinases_MCCE.Trial03.run_holo.5AAC_GLU-1A1110_005
2026-09-22 11:39:09 - INFO: step3.py, pbe: Skipping PBE solver for non-charge conformer (36/617) VAL01A1111_001...
2026-09-22 11:39:09 - INFO: step3.py, pbe: Skipping PBE solver for non-charge conformer (37/617) PRO01A1112_001...
2026-09-22 11:39:09 - INFO: step3.py, pbe: ForkPoolWorker-1: Calling delphi to calculate conformer (38/617) ARG01A1113_001 in /tmp/pbe_data.data.home.granepura.5-Kinases.Kinases_MCCE.Trial03.run_holo.5AAC_ARG01A1113_001
2026-09-22 11:39:10 - INFO: step3.py, pbe: ForkPoolWorker-2: Calling delphi to calculate conformer (39/617) ARG02A1113_002 in /tmp/pbe_data.data.home.granepura.5-Kinases.Kinases_MCCE.Trial03.run_holo.5AAC_ARG02A1113_002
2026-09-22 11:39:10 - INFO: step3.py, pbe: ForkPoolWorker-5: Calling delphi to calculate conformer (40/617) ARG03A1113_003 in /tmp/pbe_data.data.home.granepura.5-Kinases.Kinases_MCCE.Trial03.run_holo.5AAC_ARG03A1113_003
2026-09-22 11:39:12 - INFO: step3.py, pbe: ForkPoolWorker-3: Calling delphi to calculate conformer (41/617) ARG+1A1113_004 in /tmp/pbe_data.data.home.granepura.5-Kinases.Kinases_MCCE.Trial03.run_holo.5AAC_ARG+1A1113_004
2026-09-22 11:39:12 - INFO: step3.py, pbe: ForkPoolWorker-4: Calling delphi to calculate conformer (42/617) LYS01A1114_001 in /tmp/pbe_data.data.home.granepura.5-Kinases.Kinases_MCCE.Trial03.run_holo.5AAC_LYS01A1114_001
2026-09-22 11:39:13 - INFO: step3.py, pbe: ForkPoolWorker-1: Calling delphi to calculate conformer (43/617) LYS+1A1114_002 in /tmp/pbe_data.data.home.granepura.5-Kinases.Kinases_MCCE.Trial03.run_holo.5AAC_LYS+1A1114_002
2026-09-22 11:39:15 - INFO: step3.py, pbe: ForkPoolWorker-2: Calling delphi to calculate conformer (44/617) ASN01A1115_001 in /tmp/pbe_data.data.home.granepura.5-Kinases.Kinases_MCCE.Trial03.run_holo.5AAC_ASN01A1115_001
2026-09-22 11:39:15 - INFO: step3.py, pbe: ForkPoolWorker-5: Calling delphi to calculate conformer (45/617) ASN01A1115_002 in /tmp/pbe_data.data.home.granepura.5-Kinases.Kinases_MCCE.Trial03.run_holo.5AAC_ASN01A1115_002
2026-09-22 11:39:16 - INFO: step3.py, pbe: Skipping PBE solver for non-charge conformer (46/617) ILE01A1116_001...
2026-09-22 11:39:16 - INFO: step3.py, pbe: ForkPoolWorker-3: Calling delphi to calculate conformer (47/617) THR01A1117_001 in /tmp/pbe_data.data.home.granepura.5-Kinases.Kinases_MCCE.Trial03.run_holo.5AAC_THR01A1117_001
2026-09-22 11:39:16 - INFO: step3.py, pbe: Skipping PBE solver for non-charge conformer (48/617) LEU01A1118_001...
2026-09-22 11:39:16 - INFO: step3.py, pbe: Skipping PBE solver for non-charge conformer (49/617) ILE01A1119_001...
2026-09-22 11:39:16 - INFO: step3.py, pbe: ForkPoolWorker-4: Calling delphi to calculate conformer (50/617) ARG01A1120_001 in /tmp/pbe_data.data.home.granepura.5-Kinases.Kinases_MCCE.Trial03.run_holo.5AAC_ARG01A1120_001
2026-09-22 11:39:18 - INFO: step3.py, pbe: ForkPoolWorker-1: Calling delphi to calculate conformer (51/617) ARG02A1120_002 in /tmp/pbe_data.data.home.granepura.5-Kinases.Kinases_MCCE.Trial03.run_holo.5AAC_ARG02A1120_002
2026-09-22 11:39:19 - INFO: step3.py, pbe: ForkPoolWorker-2: Calling delphi to calculate conformer (52/617) ARG02A1120_003 in /tmp/pbe_data.data.home.granepura.5-Kinases.Kinases_MCCE.Trial03.run_holo.5AAC_ARG02A1120_003
2026-09-22 11:39:20 - INFO: step3.py, pbe: ForkPoolWorker-5: Calling delphi to calculate conformer (53/617) ARG03A1120_004 in /tmp/pbe_data.data.home.granepura.5-Kinases.Kinases_MCCE.Trial03.run_holo.5AAC_ARG03A1120_004
2026-09-22 11:39:21 - INFO: step3.py, pbe: ForkPoolWorker-3: Calling delphi to calculate conformer (54/617) ARG+1A1120_005 in /tmp/pbe_data.data.home.granepura.5-Kinases.Kinases_MCCE.Trial03.run_holo.5AAC_ARG+1A1120_005
2026-09-22 11:39:21 - INFO: step3.py, pbe: Skipping PBE solver for non-charge conformer (55/617) LEU01A1122_001...
2026-09-22 11:39:21 - INFO: step3.py, pbe: ForkPoolWorker-4: Calling delphi to calculate conformer (56/617) HIS01A1124_001 in /tmp/pbe_data.data.home.granepura.5-Kinases.Kinases_MCCE.Trial03.run_holo.5AAC_HIS01A1124_001
2026-09-22 11:39:23 - INFO: step3.py, pbe: ForkPoolWorker-1: Calling delphi to calculate conformer (57/617) HIS02A1124_002 in /tmp/pbe_data.data.home.granepura.5-Kinases.Kinases_MCCE.Trial03.run_holo.5AAC_HIS02A1124_002
2026-09-22 11:39:24 - INFO: step3.py, pbe: ForkPoolWorker-2: Calling delphi to calculate conformer (58/617) HIS+1A1124_003 in /tmp/pbe_data.data.home.granepura.5-Kinases.Kinases_MCCE.Trial03.run_holo.5AAC_HIS+1A1124_003
2026-09-22 11:39:25 - INFO: step3.py, pbe: ForkPoolWorker-5: Calling delphi to calculate conformer (59/617) GLU01A1129_001 in /tmp/pbe_data.data.home.granepura.5-Kinases.Kinases_MCCE.Trial03.run_holo.5AAC_GLU01A1129_001
2026-09-22 11:39:26 - INFO: step3.py, pbe: ForkPoolWorker-3: Calling delphi to calculate conformer (60/617) GLU01A1129_002 in /tmp/pbe_data.data.home.granepura.5-Kinases.Kinases_MCCE.Trial03.run_holo.5AAC_GLU01A1129_002
2026-09-22 11:39:26 - INFO: step3.py, pbe: ForkPoolWorker-4: Calling delphi to calculate conformer (61/617) GLU02A1129_003 in /tmp/pbe_data.data.home.granepura.5-Kinases.Kinases_MCCE.Trial03.run_holo.5AAC_GLU02A1129_003
2026-09-22 11:39:27 - INFO: step3.py, pbe: ForkPoolWorker-1: Calling delphi to calculate conformer (62/617) GLU02A1129_004 in /tmp/pbe_data.data.home.granepura.5-Kinases.Kinases_MCCE.Trial03.run_holo.5AAC_GLU02A1129_004
2026-09-22 11:39:29 - INFO: step3.py, pbe: ForkPoolWorker-2: Calling delphi to calculate conformer (63/617) GLU-1A1129_005 in /tmp/pbe_data.data.home.granepura.5-Kinases.Kinases_MCCE.Trial03.run_holo.5AAC_GLU-1A1129_005
2026-09-22 11:39:29 - INFO: step3.py, pbe: Skipping PBE solver for non-charge conformer (64/617) VAL01A1130_001...
2026-09-22 11:39:29 - INFO: step3.py, pbe: ForkPoolWorker-5: Calling delphi to calculate conformer (65/617) TYR01A1131_001 in /tmp/pbe_data.data.home.granepura.5-Kinases.Kinases_MCCE.Trial03.run_holo.5AAC_TYR01A1131_001
2026-09-22 11:39:31 - INFO: step3.py, pbe: ForkPoolWorker-3: Calling delphi to calculate conformer (66/617) TYR01A1131_002 in /tmp/pbe_data.data.home.granepura.5-Kinases.Kinases_MCCE.Trial03.run_holo.5AAC_TYR01A1131_002
2026-09-22 11:39:31 - INFO: step3.py, pbe: ForkPoolWorker-4: Calling delphi to calculate conformer (67/617) TYR-1A1131_003 in /tmp/pbe_data.data.home.granepura.5-Kinases.Kinases_MCCE.Trial03.run_holo.5AAC_TYR-1A1131_003
2026-09-22 11:39:32 - INFO: step3.py, pbe: ForkPoolWorker-1: Calling delphi to calculate conformer (68/617) GLU01A1132_001 in /tmp/pbe_data.data.home.granepura.5-Kinases.Kinases_MCCE.Trial03.run_holo.5AAC_GLU01A1132_001
2026-09-22 11:39:33 - INFO: step3.py, pbe: ForkPoolWorker-2: Calling delphi to calculate conformer (69/617) GLU01A1132_002 in /tmp/pbe_data.data.home.granepura.5-Kinases.Kinases_MCCE.Trial03.run_holo.5AAC_GLU01A1132_002
2026-09-22 11:39:34 - INFO: step3.py, pbe: ForkPoolWorker-5: Calling delphi to calculate conformer (70/617) GLU02A1132_003 in /tmp/pbe_data.data.home.granepura.5-Kinases.Kinases_MCCE.Trial03.run_holo.5AAC_GLU02A1132_003
2026-09-22 11:39:36 - INFO: step3.py, pbe: ForkPoolWorker-3: Calling delphi to calculate conformer (71/617) GLU02A1132_004 in /tmp/pbe_data.data.home.granepura.5-Kinases.Kinases_MCCE.Trial03.run_holo.5AAC_GLU02A1132_004
2026-09-22 11:39:36 - INFO: step3.py, pbe: ForkPoolWorker-4: Calling delphi to calculate conformer (72/617) GLU-1A1132_005 in /tmp/pbe_data.data.home.granepura.5-Kinases.Kinases_MCCE.Trial03.run_holo.5AAC_GLU-1A1132_005
2026-09-22 11:39:37 - INFO: step3.py, pbe: ForkPoolWorker-1: Calling delphi to calculate conformer (73/617) GLN01A1134_001 in /tmp/pbe_data.data.home.granepura.5-Kinases.Kinases_MCCE.Trial03.run_holo.5AAC_GLN01A1134_001
2026-09-22 11:39:38 - INFO: step3.py, pbe: ForkPoolWorker-2: Calling delphi to calculate conformer (74/617) GLN01A1134_002 in /tmp/pbe_data.data.home.granepura.5-Kinases.Kinases_MCCE.Trial03.run_holo.5AAC_GLN01A1134_002
2026-09-22 11:39:39 - INFO: step3.py, pbe: Skipping PBE solver for non-charge conformer (75/617) VAL01A1135_001...
2026-09-22 11:39:39 - INFO: step3.py, pbe: Skipping PBE solver for non-charge conformer (76/617) PRO01A1144_001...
2026-09-22 11:39:39 - INFO: step3.py, pbe: Skipping PBE solver for non-charge conformer (77/617) LEU01A1145_001...
2026-09-22 11:39:39 - INFO: step3.py, pbe: ForkPoolWorker-5: Calling delphi to calculate conformer (78/617) GLN01A1146_001 in /tmp/pbe_data.data.home.granepura.5-Kinases.Kinases_MCCE.Trial03.run_holo.5AAC_GLN01A1146_001
2026-09-22 11:39:40 - INFO: step3.py, pbe: ForkPoolWorker-3: Calling delphi to calculate conformer (79/617) GLN01A1146_002 in /tmp/pbe_data.data.home.granepura.5-Kinases.Kinases_MCCE.Trial03.run_holo.5AAC_GLN01A1146_002
2026-09-22 11:39:41 - INFO: step3.py, pbe: Skipping PBE solver for non-charge conformer (80/617) VAL01A1147_001...
2026-09-22 11:39:41 - INFO: step3.py, pbe: Skipping PBE solver for non-charge conformer (81/617) ALA01A1148_001...
2026-09-22 11:39:41 - INFO: step3.py, pbe: Skipping PBE solver for non-charge conformer (82/617) VAL01A1149_001...
2026-09-22 11:39:41 - INFO: step3.py, pbe: ForkPoolWorker-4: Calling delphi to calculate conformer (83/617) LYS01A1150_001 in /tmp/pbe_data.data.home.granepura.5-Kinases.Kinases_MCCE.Trial03.run_holo.5AAC_LYS01A1150_001
2026-09-22 11:39:42 - INFO: step3.py, pbe: ForkPoolWorker-1: Calling delphi to calculate conformer (84/617) LYS+1A1150_002 in /tmp/pbe_data.data.home.granepura.5-Kinases.Kinases_MCCE.Trial03.run_holo.5AAC_LYS+1A1150_002
2026-09-22 11:39:43 - INFO: step3.py, pbe: ForkPoolWorker-2: Calling delphi to calculate conformer (85/617) THR01A1151_001 in /tmp/pbe_data.data.home.granepura.5-Kinases.Kinases_MCCE.Trial03.run_holo.5AAC_THR01A1151_001
2026-09-22 11:39:43 - INFO: step3.py, pbe: Skipping PBE solver for non-charge conformer (86/617) LEU01A1152_001...
2026-09-22 11:39:43 - INFO: step3.py, pbe: Skipping PBE solver for non-charge conformer (87/617) PRO01A1153_001...
2026-09-22 11:39:43 - INFO: step3.py, pbe: ForkPoolWorker-5: Calling delphi to calculate conformer (88/617) GLU01A1154_001 in /tmp/pbe_data.data.home.granepura.5-Kinases.Kinases_MCCE.Trial03.run_holo.5AAC_GLU01A1154_001
2026-09-22 11:39:45 - INFO: step3.py, pbe: ForkPoolWorker-3: Calling delphi to calculate conformer (89/617) GLU01A1154_002 in /tmp/pbe_data.data.home.granepura.5-Kinases.Kinases_MCCE.Trial03.run_holo.5AAC_GLU01A1154_002
2026-09-22 11:39:46 - INFO: step3.py, pbe: ForkPoolWorker-4: Calling delphi to calculate conformer (90/617) GLU02A1154_003 in /tmp/pbe_data.data.home.granepura.5-Kinases.Kinases_MCCE.Trial03.run_holo.5AAC_GLU02A1154_003
2026-09-22 11:39:47 - INFO: step3.py, pbe: ForkPoolWorker-1: Calling delphi to calculate conformer (91/617) GLU02A1154_004 in /tmp/pbe_data.data.home.granepura.5-Kinases.Kinases_MCCE.Trial03.run_holo.5AAC_GLU02A1154_004
2026-09-22 11:39:48 - INFO: step3.py, pbe: ForkPoolWorker-2: Calling delphi to calculate conformer (92/617) GLU-1A1154_005 in /tmp/pbe_data.data.home.granepura.5-Kinases.Kinases_MCCE.Trial03.run_holo.5AAC_GLU-1A1154_005
2026-09-22 11:39:48 - INFO: step3.py, pbe: Skipping PBE solver for non-charge conformer (93/617) VAL01A1155_001...
2026-09-22 11:39:48 - INFO: step3.py, pbe: ForkPoolWorker-5: Calling delphi to calculate conformer (94/617) TYR01A1156_001 in /tmp/pbe_data.data.home.granepura.5-Kinases.Kinases_MCCE.Trial03.run_holo.5AAC_TYR01A1156_001
2026-09-22 11:39:50 - INFO: step3.py, pbe: ForkPoolWorker-3: Calling delphi to calculate conformer (95/617) TYR-1A1156_002 in /tmp/pbe_data.data.home.granepura.5-Kinases.Kinases_MCCE.Trial03.run_holo.5AAC_TYR-1A1156_002
2026-09-22 11:39:51 - INFO: step3.py, pbe: ForkPoolWorker-4: Calling delphi to calculate conformer (96/617) SER01A1157_001 in /tmp/pbe_data.data.home.granepura.5-Kinases.Kinases_MCCE.Trial03.run_holo.5AAC_SER01A1157_001
2026-09-22 11:39:52 - INFO: step3.py, pbe: ForkPoolWorker-1: Calling delphi to calculate conformer (97/617) GLU01A1158_001 in /tmp/pbe_data.data.home.granepura.5-Kinases.Kinases_MCCE.Trial03.run_holo.5AAC_GLU01A1158_001
2026-09-22 11:39:53 - INFO: step3.py, pbe: ForkPoolWorker-2: Calling delphi to calculate conformer (98/617) GLU01A1158_002 in /tmp/pbe_data.data.home.granepura.5-Kinases.Kinases_MCCE.Trial03.run_holo.5AAC_GLU01A1158_002
2026-09-22 11:39:53 - INFO: step3.py, pbe: ForkPoolWorker-5: Calling delphi to calculate conformer (99/617) GLU02A1158_003 in /tmp/pbe_data.data.home.granepura.5-Kinases.Kinases_MCCE.Trial03.run_holo.5AAC_GLU02A1158_003
2026-09-22 11:39:54 - INFO: step3.py, pbe: ForkPoolWorker-3: Calling delphi to calculate conformer (100/617) GLU02A1158_004 in /tmp/pbe_data.data.home.granepura.5-Kinases.Kinases_MCCE.Trial03.run_holo.5AAC_GLU02A1158_004
2026-09-22 11:39:55 - INFO: step3.py, pbe: ForkPoolWorker-4: Calling delphi to calculate conformer (101/617) GLU-1A1158_005 in /tmp/pbe_data.data.home.granepura.5-Kinases.Kinases_MCCE.Trial03.run_holo.5AAC_GLU-1A1158_005
2026-09-22 11:39:57 - INFO: step3.py, pbe: ForkPoolWorker-1: Calling delphi to calculate conformer (102/617) GLN01A1159_001 in /tmp/pbe_data.data.home.granepura.5-Kinases.Kinases_MCCE.Trial03.run_holo.5AAC_GLN01A1159_001
2026-09-22 11:39:57 - INFO: step3.py, pbe: ForkPoolWorker-2: Calling delphi to calculate conformer (103/617) GLN01A1159_002 in /tmp/pbe_data.data.home.granepura.5-Kinases.Kinases_MCCE.Trial03.run_holo.5AAC_GLN01A1159_002
2026-09-22 11:39:58 - INFO: step3.py, pbe: ForkPoolWorker-5: Calling delphi to calculate conformer (104/617) ASP01A1160_001 in /tmp/pbe_data.data.home.granepura.5-Kinases.Kinases_MCCE.Trial03.run_holo.5AAC_ASP01A1160_001
2026-09-22 11:39:59 - INFO: step3.py, pbe: ForkPoolWorker-3: Calling delphi to calculate conformer (105/617) ASP01A1160_002 in /tmp/pbe_data.data.home.granepura.5-Kinases.Kinases_MCCE.Trial03.run_holo.5AAC_ASP01A1160_002
2026-09-22 11:40:00 - INFO: step3.py, pbe: ForkPoolWorker-4: Calling delphi to calculate conformer (106/617) ASP02A1160_003 in /tmp/pbe_data.data.home.granepura.5-Kinases.Kinases_MCCE.Trial03.run_holo.5AAC_ASP02A1160_003
2026-09-22 11:40:01 - INFO: step3.py, pbe: ForkPoolWorker-1: Calling delphi to calculate conformer (107/617) ASP02A1160_004 in /tmp/pbe_data.data.home.granepura.5-Kinases.Kinases_MCCE.Trial03.run_holo.5AAC_ASP02A1160_004
2026-09-22 11:40:02 - INFO: step3.py, pbe: ForkPoolWorker-2: Calling delphi to calculate conformer (108/617) ASP-1A1160_005 in /tmp/pbe_data.data.home.granepura.5-Kinases.Kinases_MCCE.Trial03.run_holo.5AAC_ASP-1A1160_005
2026-09-22 11:40:03 - INFO: step3.py, pbe: ForkPoolWorker-5: Calling delphi to calculate conformer (109/617) GLU01A1161_001 in /tmp/pbe_data.data.home.granepura.5-Kinases.Kinases_MCCE.Trial03.run_holo.5AAC_GLU01A1161_001
2026-09-22 11:40:04 - INFO: step3.py, pbe: ForkPoolWorker-3: Calling delphi to calculate conformer (110/617) GLU01A1161_002 in /tmp/pbe_data.data.home.granepura.5-Kinases.Kinases_MCCE.Trial03.run_holo.5AAC_GLU01A1161_002
2026-09-22 11:40:04 - INFO: step3.py, pbe: ForkPoolWorker-4: Calling delphi to calculate conformer (111/617) GLU01A1161_003 in /tmp/pbe_data.data.home.granepura.5-Kinases.Kinases_MCCE.Trial03.run_holo.5AAC_GLU01A1161_003
2026-09-22 11:40:06 - INFO: step3.py, pbe: ForkPoolWorker-1: Calling delphi to calculate conformer (112/617) GLU01A1161_004 in /tmp/pbe_data.data.home.granepura.5-Kinases.Kinases_MCCE.Trial03.run_holo.5AAC_GLU01A1161_004
2026-09-22 11:40:07 - INFO: step3.py, pbe: ForkPoolWorker-2: Calling delphi to calculate conformer (113/617) GLU02A1161_005 in /tmp/pbe_data.data.home.granepura.5-Kinases.Kinases_MCCE.Trial03.run_holo.5AAC_GLU02A1161_005
2026-09-22 11:40:08 - INFO: step3.py, pbe: ForkPoolWorker-5: Calling delphi to calculate conformer (114/617) GLU02A1161_006 in /tmp/pbe_data.data.home.granepura.5-Kinases.Kinases_MCCE.Trial03.run_holo.5AAC_GLU02A1161_006
2026-09-22 11:40:08 - INFO: step3.py, pbe: ForkPoolWorker-3: Calling delphi to calculate conformer (115/617) GLU02A1161_007 in /tmp/pbe_data.data.home.granepura.5-Kinases.Kinases_MCCE.Trial03.run_holo.5AAC_GLU02A1161_007
2026-09-22 11:40:09 - INFO: step3.py, pbe: ForkPoolWorker-4: Calling delphi to calculate conformer (116/617) GLU02A1161_008 in /tmp/pbe_data.data.home.granepura.5-Kinases.Kinases_MCCE.Trial03.run_holo.5AAC_GLU02A1161_008
2026-09-22 11:40:11 - INFO: step3.py, pbe: ForkPoolWorker-1: Calling delphi to calculate conformer (117/617) GLU-1A1161_009 in /tmp/pbe_data.data.home.granepura.5-Kinases.Kinases_MCCE.Trial03.run_holo.5AAC_GLU-1A1161_009
2026-09-22 11:40:12 - INFO: step3.py, pbe: ForkPoolWorker-2: Calling delphi to calculate conformer (118/617) GLU-1A1161_010 in /tmp/pbe_data.data.home.granepura.5-Kinases.Kinases_MCCE.Trial03.run_holo.5AAC_GLU-1A1161_010
2026-09-22 11:40:12 - INFO: step3.py, pbe: Skipping PBE solver for non-charge conformer (119/617) LEU01A1162_001...
2026-09-22 11:40:12 - INFO: step3.py, pbe: ForkPoolWorker-5: Calling delphi to calculate conformer (120/617) ASP01A1163_001 in /tmp/pbe_data.data.home.granepura.5-Kinases.Kinases_MCCE.Trial03.run_holo.5AAC_ASP01A1163_001
2026-09-22 11:40:13 - INFO: step3.py, pbe: ForkPoolWorker-3: Calling delphi to calculate conformer (121/617) ASP01A1163_002 in /tmp/pbe_data.data.home.granepura.5-Kinases.Kinases_MCCE.Trial03.run_holo.5AAC_ASP01A1163_002
2026-09-22 11:40:14 - INFO: step3.py, pbe: ForkPoolWorker-4: Calling delphi to calculate conformer (122/617) ASP01A1163_003 in /tmp/pbe_data.data.home.granepura.5-Kinases.Kinases_MCCE.Trial03.run_holo.5AAC_ASP01A1163_003
2026-09-22 11:40:15 - INFO: step3.py, pbe: ForkPoolWorker-1: Calling delphi to calculate conformer (123/617) ASP01A1163_004 in /tmp/pbe_data.data.home.granepura.5-Kinases.Kinases_MCCE.Trial03.run_holo.5AAC_ASP01A1163_004
2026-09-22 11:40:16 - INFO: step3.py, pbe: ForkPoolWorker-2: Calling delphi to calculate conformer (124/617) ASP02A1163_005 in /tmp/pbe_data.data.home.granepura.5-Kinases.Kinases_MCCE.Trial03.run_holo.5AAC_ASP02A1163_005
2026-09-22 11:40:17 - INFO: step3.py, pbe: ForkPoolWorker-5: Calling delphi to calculate conformer (125/617) ASP02A1163_006 in /tmp/pbe_data.data.home.granepura.5-Kinases.Kinases_MCCE.Trial03.run_holo.5AAC_ASP02A1163_006
2026-09-22 11:40:18 - INFO: step3.py, pbe: ForkPoolWorker-3: Calling delphi to calculate conformer (126/617) ASP02A1163_007 in /tmp/pbe_data.data.home.granepura.5-Kinases.Kinases_MCCE.Trial03.run_holo.5AAC_ASP02A1163_007
2026-09-22 11:40:18 - INFO: step3.py, pbe: ForkPoolWorker-4: Calling delphi to calculate conformer (127/617) ASP02A1163_008 in /tmp/pbe_data.data.home.granepura.5-Kinases.Kinases_MCCE.Trial03.run_holo.5AAC_ASP02A1163_008
2026-09-22 11:40:20 - INFO: step3.py, pbe: ForkPoolWorker-1: Calling delphi to calculate conformer (128/617) ASP-1A1163_009 in /tmp/pbe_data.data.home.granepura.5-Kinases.Kinases_MCCE.Trial03.run_holo.5AAC_ASP-1A1163_009
2026-09-22 11:40:21 - INFO: step3.py, pbe: ForkPoolWorker-2: Calling delphi to calculate conformer (129/617) ASP-1A1163_010 in /tmp/pbe_data.data.home.granepura.5-Kinases.Kinases_MCCE.Trial03.run_holo.5AAC_ASP-1A1163_010
2026-09-22 11:40:22 - INFO: step3.py, pbe: Skipping PBE solver for non-charge conformer (130/617) PHE01A1164_001...
2026-09-22 11:40:22 - INFO: step3.py, pbe: Skipping PBE solver for non-charge conformer (131/617) LEU01A1165_001...
2026-09-22 11:40:22 - INFO: step3.py, pbe: ForkPoolWorker-5: Calling delphi to calculate conformer (132/617) MET01A1166_001 in /tmp/pbe_data.data.home.granepura.5-Kinases.Kinases_MCCE.Trial03.run_holo.5AAC_MET01A1166_001
2026-09-22 11:40:22 - INFO: step3.py, pbe: ForkPoolWorker-3: Calling delphi to calculate conformer (133/617) GLU01A1167_001 in /tmp/pbe_data.data.home.granepura.5-Kinases.Kinases_MCCE.Trial03.run_holo.5AAC_GLU01A1167_001
2026-09-22 11:40:23 - INFO: step3.py, pbe: ForkPoolWorker-4: Calling delphi to calculate conformer (134/617) GLU01A1167_002 in /tmp/pbe_data.data.home.granepura.5-Kinases.Kinases_MCCE.Trial03.run_holo.5AAC_GLU01A1167_002
2026-09-22 11:40:25 - INFO: step3.py, pbe: ForkPoolWorker-1: Calling delphi to calculate conformer (135/617) GLU02A1167_003 in /tmp/pbe_data.data.home.granepura.5-Kinases.Kinases_MCCE.Trial03.run_holo.5AAC_GLU02A1167_003
2026-09-22 11:40:26 - INFO: step3.py, pbe: ForkPoolWorker-2: Calling delphi to calculate conformer (136/617) GLU02A1167_004 in /tmp/pbe_data.data.home.granepura.5-Kinases.Kinases_MCCE.Trial03.run_holo.5AAC_GLU02A1167_004
2026-09-22 11:40:27 - INFO: step3.py, pbe: ForkPoolWorker-5: Calling delphi to calculate conformer (137/617) GLU-1A1167_005 in /tmp/pbe_data.data.home.granepura.5-Kinases.Kinases_MCCE.Trial03.run_holo.5AAC_GLU-1A1167_005
2026-09-22 11:40:27 - INFO: step3.py, pbe: Skipping PBE solver for non-charge conformer (138/617) ALA01A1168_001...
2026-09-22 11:40:27 - INFO: step3.py, pbe: Skipping PBE solver for non-charge conformer (139/617) LEU01A1169_001...
2026-09-22 11:40:27 - INFO: step3.py, pbe: Skipping PBE solver for non-charge conformer (140/617) ILE01A1170_001...
2026-09-22 11:40:27 - INFO: step3.py, pbe: Skipping PBE solver for non-charge conformer (141/617) ILE01A1171_001...
2026-09-22 11:40:27 - INFO: step3.py, pbe: ForkPoolWorker-3: Calling delphi to calculate conformer (142/617) SER01A1172_001 in /tmp/pbe_data.data.home.granepura.5-Kinases.Kinases_MCCE.Trial03.run_holo.5AAC_SER01A1172_001
2026-09-22 11:40:28 - INFO: step3.py, pbe: ForkPoolWorker-4: Calling delphi to calculate conformer (143/617) SER01A1172_002 in /tmp/pbe_data.data.home.granepura.5-Kinases.Kinases_MCCE.Trial03.run_holo.5AAC_SER01A1172_002
2026-09-22 11:40:29 - INFO: step3.py, pbe: ForkPoolWorker-1: Calling delphi to calculate conformer (144/617) SER01A1172_003 in /tmp/pbe_data.data.home.granepura.5-Kinases.Kinases_MCCE.Trial03.run_holo.5AAC_SER01A1172_003
2026-09-22 11:40:31 - INFO: step3.py, pbe: ForkPoolWorker-2: Calling delphi to calculate conformer (145/617) LYS01A1173_001 in /tmp/pbe_data.data.home.granepura.5-Kinases.Kinases_MCCE.Trial03.run_holo.5AAC_LYS01A1173_001
2026-09-22 11:40:31 - INFO: step3.py, pbe: ForkPoolWorker-5: Calling delphi to calculate conformer (146/617) LYS+1A1173_002 in /tmp/pbe_data.data.home.granepura.5-Kinases.Kinases_MCCE.Trial03.run_holo.5AAC_LYS+1A1173_002
2026-09-22 11:40:32 - INFO: step3.py, pbe: Skipping PBE solver for non-charge conformer (147/617) PHE01A1174_001...
2026-09-22 11:40:32 - INFO: step3.py, pbe: ForkPoolWorker-3: Calling delphi to calculate conformer (148/617) ASN01A1175_001 in /tmp/pbe_data.data.home.granepura.5-Kinases.Kinases_MCCE.Trial03.run_holo.5AAC_ASN01A1175_001
2026-09-22 11:40:33 - INFO: step3.py, pbe: ForkPoolWorker-4: Calling delphi to calculate conformer (149/617) ASN01A1175_002 in /tmp/pbe_data.data.home.granepura.5-Kinases.Kinases_MCCE.Trial03.run_holo.5AAC_ASN01A1175_002
2026-09-22 11:40:34 - INFO: step3.py, pbe: ForkPoolWorker-1: Calling delphi to calculate conformer (150/617) ASN01A1175_003 in /tmp/pbe_data.data.home.granepura.5-Kinases.Kinases_MCCE.Trial03.run_holo.5AAC_ASN01A1175_003
2026-09-22 11:40:35 - INFO: step3.py, pbe: ForkPoolWorker-2: Calling delphi to calculate conformer (151/617) HIS01A1176_001 in /tmp/pbe_data.data.home.granepura.5-Kinases.Kinases_MCCE.Trial03.run_holo.5AAC_HIS01A1176_001
2026-09-22 11:40:36 - INFO: step3.py, pbe: ForkPoolWorker-5: Calling delphi to calculate conformer (152/617) HIS01A1176_002 in /tmp/pbe_data.data.home.granepura.5-Kinases.Kinases_MCCE.Trial03.run_holo.5AAC_HIS01A1176_002
2026-09-22 11:40:37 - INFO: step3.py, pbe: ForkPoolWorker-3: Calling delphi to calculate conformer (153/617) HIS02A1176_003 in /tmp/pbe_data.data.home.granepura.5-Kinases.Kinases_MCCE.Trial03.run_holo.5AAC_HIS02A1176_003
2026-09-22 11:40:38 - INFO: step3.py, pbe: ForkPoolWorker-4: Calling delphi to calculate conformer (154/617) HIS02A1176_004 in /tmp/pbe_data.data.home.granepura.5-Kinases.Kinases_MCCE.Trial03.run_holo.5AAC_HIS02A1176_004
2026-09-22 11:40:39 - INFO: step3.py, pbe: ForkPoolWorker-1: Calling delphi to calculate conformer (155/617) HIS+1A1176_005 in /tmp/pbe_data.data.home.granepura.5-Kinases.Kinases_MCCE.Trial03.run_holo.5AAC_HIS+1A1176_005
2026-09-22 11:40:40 - INFO: step3.py, pbe: ForkPoolWorker-2: Calling delphi to calculate conformer (156/617) HIS+1A1176_006 in /tmp/pbe_data.data.home.granepura.5-Kinases.Kinases_MCCE.Trial03.run_holo.5AAC_HIS+1A1176_006
2026-09-22 11:40:41 - INFO: step3.py, pbe: ForkPoolWorker-5: Calling delphi to calculate conformer (157/617) GLN01A1177_001 in /tmp/pbe_data.data.home.granepura.5-Kinases.Kinases_MCCE.Trial03.run_holo.5AAC_GLN01A1177_001
2026-09-22 11:40:42 - INFO: step3.py, pbe: ForkPoolWorker-3: Calling delphi to calculate conformer (158/617) ASN01A1178_001 in /tmp/pbe_data.data.home.granepura.5-Kinases.Kinases_MCCE.Trial03.run_holo.5AAC_ASN01A1178_001
2026-09-22 11:40:42 - INFO: step3.py, pbe: ForkPoolWorker-4: Calling delphi to calculate conformer (159/617) ASN01A1178_002 in /tmp/pbe_data.data.home.granepura.5-Kinases.Kinases_MCCE.Trial03.run_holo.5AAC_ASN01A1178_002
2026-09-22 11:40:43 - INFO: step3.py, pbe: Skipping PBE solver for non-charge conformer (160/617) ILE01A1179_001...
2026-09-22 11:40:43 - INFO: step3.py, pbe: Skipping PBE solver for non-charge conformer (161/617) VAL01A1180_001...
2026-09-22 11:40:43 - INFO: step3.py, pbe: ForkPoolWorker-1: Calling delphi to calculate conformer (162/617) ARG01A1181_001 in /tmp/pbe_data.data.home.granepura.5-Kinases.Kinases_MCCE.Trial03.run_holo.5AAC_ARG01A1181_001
2026-09-22 11:40:45 - INFO: step3.py, pbe: ForkPoolWorker-2: Calling delphi to calculate conformer (163/617) ARG02A1181_002 in /tmp/pbe_data.data.home.granepura.5-Kinases.Kinases_MCCE.Trial03.run_holo.5AAC_ARG02A1181_002
2026-09-22 11:40:46 - INFO: step3.py, pbe: ForkPoolWorker-5: Calling delphi to calculate conformer (164/617) ARG02A1181_003 in /tmp/pbe_data.data.home.granepura.5-Kinases.Kinases_MCCE.Trial03.run_holo.5AAC_ARG02A1181_003
2026-09-22 11:40:46 - INFO: step3.py, pbe: ForkPoolWorker-3: Calling delphi to calculate conformer (165/617) ARG03A1181_004 in /tmp/pbe_data.data.home.granepura.5-Kinases.Kinases_MCCE.Trial03.run_holo.5AAC_ARG03A1181_004
2026-09-22 11:40:47 - INFO: step3.py, pbe: ForkPoolWorker-4: Calling delphi to calculate conformer (166/617) ARG+1A1181_005 in /tmp/pbe_data.data.home.granepura.5-Kinases.Kinases_MCCE.Trial03.run_holo.5AAC_ARG+1A1181_005
2026-09-22 11:40:48 - INFO: step3.py, pbe: ForkPoolWorker-1: Calling delphi to calculate conformer (167/617) CYS01A1182_001 in /tmp/pbe_data.data.home.granepura.5-Kinases.Kinases_MCCE.Trial03.run_holo.5AAC_CYS01A1182_001
2026-09-22 11:40:49 - INFO: step3.py, pbe: ForkPoolWorker-2: Calling delphi to calculate conformer (168/617) CYS01A1182_002 in /tmp/pbe_data.data.home.granepura.5-Kinases.Kinases_MCCE.Trial03.run_holo.5AAC_CYS01A1182_002
2026-09-22 11:40:50 - INFO: step3.py, pbe: ForkPoolWorker-5: Calling delphi to calculate conformer (169/617) CYS01A1182_003 in /tmp/pbe_data.data.home.granepura.5-Kinases.Kinases_MCCE.Trial03.run_holo.5AAC_CYS01A1182_003
2026-09-22 11:40:51 - INFO: step3.py, pbe: ForkPoolWorker-3: Calling delphi to calculate conformer (170/617) CYS-1A1182_004 in /tmp/pbe_data.data.home.granepura.5-Kinases.Kinases_MCCE.Trial03.run_holo.5AAC_CYS-1A1182_004
2026-09-22 11:40:52 - INFO: step3.py, pbe: Skipping PBE solver for non-charge conformer (171/617) ILE01A1183_001...
2026-09-22 11:40:52 - INFO: step3.py, pbe: Skipping PBE solver for non-charge conformer (172/617) VAL01A1185_001...
2026-09-22 11:40:52 - INFO: step3.py, pbe: ForkPoolWorker-4: Calling delphi to calculate conformer (173/617) SER01A1186_001 in /tmp/pbe_data.data.home.granepura.5-Kinases.Kinases_MCCE.Trial03.run_holo.5AAC_SER01A1186_001
2026-09-22 11:40:53 - INFO: step3.py, pbe: ForkPoolWorker-1: Calling delphi to calculate conformer (174/617) SER01A1186_002 in /tmp/pbe_data.data.home.granepura.5-Kinases.Kinases_MCCE.Trial03.run_holo.5AAC_SER01A1186_002
2026-09-22 11:40:54 - INFO: step3.py, pbe: ForkPoolWorker-2: Calling delphi to calculate conformer (175/617) SER01A1186_003 in /tmp/pbe_data.data.home.granepura.5-Kinases.Kinases_MCCE.Trial03.run_holo.5AAC_SER01A1186_003
2026-09-22 11:40:55 - INFO: step3.py, pbe: Skipping PBE solver for non-charge conformer (176/617) LEU01A1187_001...
2026-09-22 11:40:55 - INFO: step3.py, pbe: ForkPoolWorker-5: Calling delphi to calculate conformer (177/617) GLN01A1188_001 in /tmp/pbe_data.data.home.granepura.5-Kinases.Kinases_MCCE.Trial03.run_holo.5AAC_GLN01A1188_001
2026-09-22 11:40:56 - INFO: step3.py, pbe: ForkPoolWorker-3: Calling delphi to calculate conformer (178/617) SER01A1189_001 in /tmp/pbe_data.data.home.granepura.5-Kinases.Kinases_MCCE.Trial03.run_holo.5AAC_SER01A1189_001
2026-09-22 11:40:57 - INFO: step3.py, pbe: ForkPoolWorker-4: Calling delphi to calculate conformer (179/617) SER01A1189_002 in /tmp/pbe_data.data.home.granepura.5-Kinases.Kinases_MCCE.Trial03.run_holo.5AAC_SER01A1189_002
2026-09-22 11:40:58 - INFO: step3.py, pbe: Skipping PBE solver for non-charge conformer (180/617) LEU01A1190_001...
2026-09-22 11:40:58 - INFO: step3.py, pbe: Skipping PBE solver for non-charge conformer (181/617) PRO01A1191_001...
2026-09-22 11:40:58 - INFO: step3.py, pbe: ForkPoolWorker-1: Calling delphi to calculate conformer (182/617) ARG01A1192_001 in /tmp/pbe_data.data.home.granepura.5-Kinases.Kinases_MCCE.Trial03.run_holo.5AAC_ARG01A1192_001
2026-09-22 11:40:59 - INFO: step3.py, pbe: ForkPoolWorker-2: Calling delphi to calculate conformer (183/617) ARG02A1192_002 in /tmp/pbe_data.data.home.granepura.5-Kinases.Kinases_MCCE.Trial03.run_holo.5AAC_ARG02A1192_002
2026-09-22 11:41:00 - INFO: step3.py, pbe: ForkPoolWorker-5: Calling delphi to calculate conformer (184/617) ARG03A1192_003 in /tmp/pbe_data.data.home.granepura.5-Kinases.Kinases_MCCE.Trial03.run_holo.5AAC_ARG03A1192_003
2026-09-22 11:41:01 - INFO: step3.py, pbe: ForkPoolWorker-3: Calling delphi to calculate conformer (185/617) ARG03A1192_004 in /tmp/pbe_data.data.home.granepura.5-Kinases.Kinases_MCCE.Trial03.run_holo.5AAC_ARG03A1192_004
2026-09-22 11:41:01 - INFO: step3.py, pbe: ForkPoolWorker-4: Calling delphi to calculate conformer (186/617) ARG+1A1192_005 in /tmp/pbe_data.data.home.granepura.5-Kinases.Kinases_MCCE.Trial03.run_holo.5AAC_ARG+1A1192_005
2026-09-22 11:41:02 - INFO: step3.py, pbe: Skipping PBE solver for non-charge conformer (187/617) PHE01A1193_001...
2026-09-22 11:41:02 - INFO: step3.py, pbe: Skipping PBE solver for non-charge conformer (188/617) ILE01A1194_001...
2026-09-22 11:41:02 - INFO: step3.py, pbe: Skipping PBE solver for non-charge conformer (189/617) LEU01A1195_001...
2026-09-22 11:41:02 - INFO: step3.py, pbe: Skipping PBE solver for non-charge conformer (190/617) LEU01A1196_001...
2026-09-22 11:41:02 - INFO: step3.py, pbe: ForkPoolWorker-1: Calling delphi to calculate conformer (191/617) GLU01A1197_001 in /tmp/pbe_data.data.home.granepura.5-Kinases.Kinases_MCCE.Trial03.run_holo.5AAC_GLU01A1197_001
2026-09-22 11:41:04 - INFO: step3.py, pbe: ForkPoolWorker-2: Calling delphi to calculate conformer (192/617) GLU01A1197_002 in /tmp/pbe_data.data.home.granepura.5-Kinases.Kinases_MCCE.Trial03.run_holo.5AAC_GLU01A1197_002
2026-09-22 11:41:04 - INFO: step3.py, pbe: ForkPoolWorker-5: Calling delphi to calculate conformer (193/617) GLU02A1197_003 in /tmp/pbe_data.data.home.granepura.5-Kinases.Kinases_MCCE.Trial03.run_holo.5AAC_GLU02A1197_003
2026-09-22 11:41:05 - INFO: step3.py, pbe: ForkPoolWorker-3: Calling delphi to calculate conformer (194/617) GLU02A1197_004 in /tmp/pbe_data.data.home.granepura.5-Kinases.Kinases_MCCE.Trial03.run_holo.5AAC_GLU02A1197_004
2026-09-22 11:41:06 - INFO: step3.py, pbe: ForkPoolWorker-4: Calling delphi to calculate conformer (195/617) GLU-1A1197_005 in /tmp/pbe_data.data.home.granepura.5-Kinases.Kinases_MCCE.Trial03.run_holo.5AAC_GLU-1A1197_005
2026-09-22 11:41:07 - INFO: step3.py, pbe: Skipping PBE solver for non-charge conformer (196/617) LEU01A1198_001...
2026-09-22 11:41:07 - INFO: step3.py, pbe: ForkPoolWorker-1: Calling delphi to calculate conformer (197/617) MET01A1199_001 in /tmp/pbe_data.data.home.granepura.5-Kinases.Kinases_MCCE.Trial03.run_holo.5AAC_MET01A1199_001
2026-09-22 11:41:08 - INFO: step3.py, pbe: Skipping PBE solver for non-charge conformer (198/617) ALA01A1200_001...
2026-09-22 11:41:08 - INFO: step3.py, pbe: ForkPoolWorker-2: Calling delphi to calculate conformer (199/617) ASP01A1203_001 in /tmp/pbe_data.data.home.granepura.5-Kinases.Kinases_MCCE.Trial03.run_holo.5AAC_ASP01A1203_001
2026-09-22 11:41:09 - INFO: step3.py, pbe: ForkPoolWorker-5: Calling delphi to calculate conformer (200/617) ASP01A1203_002 in /tmp/pbe_data.data.home.granepura.5-Kinases.Kinases_MCCE.Trial03.run_holo.5AAC_ASP01A1203_002
2026-09-22 11:41:10 - INFO: step3.py, pbe: ForkPoolWorker-3: Calling delphi to calculate conformer (201/617) ASP02A1203_003 in /tmp/pbe_data.data.home.granepura.5-Kinases.Kinases_MCCE.Trial03.run_holo.5AAC_ASP02A1203_003
2026-09-22 11:41:11 - INFO: step3.py, pbe: ForkPoolWorker-4: Calling delphi to calculate conformer (202/617) ASP02A1203_004 in /tmp/pbe_data.data.home.granepura.5-Kinases.Kinases_MCCE.Trial03.run_holo.5AAC_ASP02A1203_004
2026-09-22 11:41:12 - INFO: step3.py, pbe: ForkPoolWorker-1: Calling delphi to calculate conformer (203/617) ASP-1A1203_005 in /tmp/pbe_data.data.home.granepura.5-Kinases.Kinases_MCCE.Trial03.run_holo.5AAC_ASP-1A1203_005
2026-09-22 11:41:13 - INFO: step3.py, pbe: Skipping PBE solver for non-charge conformer (204/617) LEU01A1204_001...
2026-09-22 11:41:13 - INFO: step3.py, pbe: ForkPoolWorker-2: Calling delphi to calculate conformer (205/617) LYS01A1205_001 in /tmp/pbe_data.data.home.granepura.5-Kinases.Kinases_MCCE.Trial03.run_holo.5AAC_LYS01A1205_001
2026-09-22 11:41:14 - INFO: step3.py, pbe: ForkPoolWorker-5: Calling delphi to calculate conformer (206/617) LYS+1A1205_002 in /tmp/pbe_data.data.home.granepura.5-Kinases.Kinases_MCCE.Trial03.run_holo.5AAC_LYS+1A1205_002
2026-09-22 11:41:15 - INFO: step3.py, pbe: ForkPoolWorker-3: Calling delphi to calculate conformer (207/617) SER01A1206_001 in /tmp/pbe_data.data.home.granepura.5-Kinases.Kinases_MCCE.Trial03.run_holo.5AAC_SER01A1206_001
2026-09-22 11:41:15 - INFO: step3.py, pbe: ForkPoolWorker-4: Calling delphi to calculate conformer (208/617) SER01A1206_002 in /tmp/pbe_data.data.home.granepura.5-Kinases.Kinases_MCCE.Trial03.run_holo.5AAC_SER01A1206_002
2026-09-22 11:41:16 - INFO: step3.py, pbe: ForkPoolWorker-1: Calling delphi to calculate conformer (209/617) SER01A1206_003 in /tmp/pbe_data.data.home.granepura.5-Kinases.Kinases_MCCE.Trial03.run_holo.5AAC_SER01A1206_003
2026-09-22 11:41:18 - INFO: step3.py, pbe: Skipping PBE solver for non-charge conformer (210/617) PHE01A1207_001...
2026-09-22 11:41:18 - INFO: step3.py, pbe: Skipping PBE solver for non-charge conformer (211/617) LEU01A1208_001...
2026-09-22 11:41:18 - INFO: step3.py, pbe: ForkPoolWorker-2: Calling delphi to calculate conformer (212/617) ARG01A1209_001 in /tmp/pbe_data.data.home.granepura.5-Kinases.Kinases_MCCE.Trial03.run_holo.5AAC_ARG01A1209_001
2026-09-22 11:41:19 - INFO: step3.py, pbe: ForkPoolWorker-5: Calling delphi to calculate conformer (213/617) ARG02A1209_002 in /tmp/pbe_data.data.home.granepura.5-Kinases.Kinases_MCCE.Trial03.run_holo.5AAC_ARG02A1209_002
2026-09-22 11:41:20 - INFO: step3.py, pbe: ForkPoolWorker-3: Calling delphi to calculate conformer (214/617) ARG03A1209_003 in /tmp/pbe_data.data.home.granepura.5-Kinases.Kinases_MCCE.Trial03.run_holo.5AAC_ARG03A1209_003
2026-09-22 11:41:20 - INFO: step3.py, pbe: ForkPoolWorker-4: Calling delphi to calculate conformer (215/617) ARG+1A1209_004 in /tmp/pbe_data.data.home.granepura.5-Kinases.Kinases_MCCE.Trial03.run_holo.5AAC_ARG+1A1209_004
2026-09-22 11:41:21 - INFO: step3.py, pbe: ForkPoolWorker-1: Calling delphi to calculate conformer (216/617) GLU01A1210_001 in /tmp/pbe_data.data.home.granepura.5-Kinases.Kinases_MCCE.Trial03.run_holo.5AAC_GLU01A1210_001
2026-09-22 11:41:23 - INFO: step3.py, pbe: ForkPoolWorker-2: Calling delphi to calculate conformer (217/617) GLU01A1210_002 in /tmp/pbe_data.data.home.granepura.5-Kinases.Kinases_MCCE.Trial03.run_holo.5AAC_GLU01A1210_002
2026-09-22 11:41:23 - INFO: step3.py, pbe: ForkPoolWorker-5: Calling delphi to calculate conformer (218/617) GLU02A1210_003 in /tmp/pbe_data.data.home.granepura.5-Kinases.Kinases_MCCE.Trial03.run_holo.5AAC_GLU02A1210_003
2026-09-22 11:41:24 - INFO: step3.py, pbe: ForkPoolWorker-3: Calling delphi to calculate conformer (219/617) GLU02A1210_004 in /tmp/pbe_data.data.home.granepura.5-Kinases.Kinases_MCCE.Trial03.run_holo.5AAC_GLU02A1210_004
2026-09-22 11:41:25 - INFO: step3.py, pbe: ForkPoolWorker-4: Calling delphi to calculate conformer (220/617) GLU-1A1210_005 in /tmp/pbe_data.data.home.granepura.5-Kinases.Kinases_MCCE.Trial03.run_holo.5AAC_GLU-1A1210_005
2026-09-22 11:41:26 - INFO: step3.py, pbe: ForkPoolWorker-1: Calling delphi to calculate conformer (221/617) THR01A1211_001 in /tmp/pbe_data.data.home.granepura.5-Kinases.Kinases_MCCE.Trial03.run_holo.5AAC_THR01A1211_001
2026-09-22 11:41:27 - INFO: step3.py, pbe: ForkPoolWorker-2: Calling delphi to calculate conformer (222/617) THR01A1211_002 in /tmp/pbe_data.data.home.granepura.5-Kinases.Kinases_MCCE.Trial03.run_holo.5AAC_THR01A1211_002
2026-09-22 11:41:28 - INFO: step3.py, pbe: ForkPoolWorker-5: Calling delphi to calculate conformer (223/617) ARG01A1212_001 in /tmp/pbe_data.data.home.granepura.5-Kinases.Kinases_MCCE.Trial03.run_holo.5AAC_ARG01A1212_001
2026-09-22 11:41:29 - INFO: step3.py, pbe: ForkPoolWorker-3: Calling delphi to calculate conformer (224/617) ARG02A1212_002 in /tmp/pbe_data.data.home.granepura.5-Kinases.Kinases_MCCE.Trial03.run_holo.5AAC_ARG02A1212_002
