  pH             pKa/Em  n(slope) 1000*chi2
TYR-A0801_        >7.4                     
ASP-A0807_        >7.4                     
ASP-A0809_        >7.4                     
GLU-A0810_        >7.4                     
TYR-A0822_        >7.4                     
ASP-A0823_        <7.4                     
LYS+A0826_        >7.4                     
GLU-A0828_        <7.4                     
ARG+A0831_        >7.4                     
ASP-A0832_        <7.4                     
ARG+A0833_        >7.4                     
LYS+A0835_        >7.4                     
LYS+A0838_        >7.4                     
ARG+A0842_        >7.4                     
GLU-A0850_        <7.4                     
ASP-A0852_        <7.4                     
ASP-A0857_        <7.4                     
LYS+A0858_        >7.4                     
CYS-A0862_        >7.4                     
ARG+A0863_        >7.4                     
LYS+A0868_        >7.4                     
LYS+A0871_        >7.4                     
GLU-A0872_        <7.4                     
HIS+A0876_        >7.4                     
GLU-A0878_        <7.4                     
HIS+A0879_        >7.4                     
ARG+A0880_        >7.4                     
GLU-A0885_        <7.4                     
LYS+A0887_        >7.4                     
HIS+A0891_        >7.4                     
HIS+A0894_        >7.4                     
HIS+A0895_        <7.4                     
CYS-A0905_        >7.4                     
LYS+A0907_        >7.4                     
GLU-A0917_        <7.4                     
CYS-A0919_        >7.4                     
LYS+A0920_        >7.4                     
TYR-A0927_        >7.4                     
ARG+A0929_        >7.4                     
LYS+A0931_        >7.4                     
ARG+A0932_        >7.4                     
GLU-A0934_        <7.4                     
TYR-A0938_        >7.4                     
TYR-A0996_        >7.4                     
LYS+A0997_        >7.4                     
ASP-A0998_        <7.4                     
GLU-A1003_        <7.4                     
HIS+A1004_        <7.4                     
CYS-A1007_        >7.4                     
TYR-A1008_        >7.4                     
LYS+A1014_        >7.4                     
GLU-A1017_        <7.4                     
ARG+A1022_        >7.4                     
LYS+A1023_        >7.4                     
CYS-A1024_        >7.4                     
HIS+A1026_        <7.4                     
ARG+A1027_        >7.4                     
ASP-A1028_        <7.4                     
ARG+A1032_        >7.4                     
GLU-A1038_        <7.4                     
LYS+A1039_        >7.4                     
LYS+A1043_        >7.4                     
CYS-A1045_        >7.4                     
ASP-A1046_        <7.4                     
ARG+A1051_        >7.4                     
ASP-A1052_        <7.4                     
TYR-A1054_        >7.4                     
LYS+A1055_        >7.4                     
ASP-A1056_        <7.4                     
ASP-A1058_        <7.4                     
TYR-A1059_        >7.4                     
ARG+A1061_        >7.4                     
LYS+A1062_        >7.4                     
ASP-A1064_        <7.4                     
ARG+A1066_        >7.4                     
LYS+A1070_        >7.4                     
GLU-A1075_        <7.4                     
ASP-A1079_        <7.4                     
ARG+A1080_        >7.4                     
TYR-A1082_        >7.4                     
ASP-A1087_        >7.4                     
GLU-A1097_        >7.4                     
TYR-A1106_        >7.4                     
LYS+A1110_        >7.4                     
ASP-A1112_        <7.4                     
GLU-A1113_        <7.4                     
GLU-A1114_        <7.4                     
CYS-A1116_        >7.4                     
ARG+A1117_        >7.4                     
ARG+A1118_        >7.4                     
LYS+A1120_        >7.4                     
GLU-A1121_        <7.4                     
ARG+A1124_        >7.4                     
ARG+A1126_        >7.4                     
ASP-A1129_        <7.4                     
TYR-A1130_        >7.4                     
GLU-A1134_        <7.4                     
TYR-A1136_        >7.4                     
ASP-A1141_        <7.4                     
CYS-A1142_        >7.4                     
HIS+A1144_        <7.4                     
GLU-A1146_        <7.4                     
ARG+A1150_        >7.4                     
GLU-A1155_        <7.4                     
GLU-A1158_        <7.4                     
HIS+A1159_        >7.4                     
