ForkPoolWorker-1: Calling delphi to calculate conformer IRE+aA2020_001 in /tmp/pbe_data.data.home.granepura.5-kinases.cof_tpl_mg.run_cof2.2ito_IRE+aA2020_001
ForkPoolWorker-1: Calling delphi to calculate conformer IRE01A2020_002 in /tmp/pbe_data.data.home.granepura.5-kinases.cof_tpl_mg.run_cof2.2ito_IRE01A2020_002
ForkPoolWorker-1: Calling delphi to calculate conformer IRE+1A2020_003 in /tmp/pbe_data.data.home.granepura.5-kinases.cof_tpl_mg.run_cof2.2ito_IRE+1A2020_003
ForkPoolWorker-1: Calling delphi to calculate conformer IRE+2A2020_004 in /tmp/pbe_data.data.home.granepura.5-kinases.cof_tpl_mg.run_cof2.2ito_IRE+2A2020_004
ForkPoolWorker-1: Calling delphi to calculate conformer IRE+3A2020_005 in /tmp/pbe_data.data.home.granepura.5-kinases.cof_tpl_mg.run_cof2.2ito_IRE+3A2020_005
ForkPoolWorker-1: Calling delphi to calculate conformer IRE+aA2020_001 in /tmp/pbe_data.data.home.granepura.5-kinases.cof_tpl_mg.run_cof2.2ITO_IRE+aA2020_001
ForkPoolWorker-1: Calling delphi to calculate conformer IRE01A2020_002 in /tmp/pbe_data.data.home.granepura.5-kinases.cof_tpl_mg.run_cof2.2ITO_IRE01A2020_002
ForkPoolWorker-1: Calling delphi to calculate conformer IRE+1A2020_003 in /tmp/pbe_data.data.home.granepura.5-kinases.cof_tpl_mg.run_cof2.2ITO_IRE+1A2020_003
ForkPoolWorker-1: Calling delphi to calculate conformer IRE+2A2020_004 in /tmp/pbe_data.data.home.granepura.5-kinases.cof_tpl_mg.run_cof2.2ITO_IRE+2A2020_004
ForkPoolWorker-1: Calling delphi to calculate conformer IRE+3A2020_005 in /tmp/pbe_data.data.home.granepura.5-kinases.cof_tpl_mg.run_cof2.2ITO_IRE+3A2020_005
ForkPoolWorker-1: Calling delphi to calculate conformer IRE+aA2020_001 in /tmp/pbe_data.data.home.granepura.5-kinases.cof_tpl_mg.run_cof2.2ITO_IRE+aA2020_001
ForkPoolWorker-1: Calling delphi to calculate conformer IRE01A2020_002 in /tmp/pbe_data.data.home.granepura.5-kinases.cof_tpl_mg.run_cof2.2ITO_IRE01A2020_002
ForkPoolWorker-1: Calling delphi to calculate conformer IRE+1A2020_003 in /tmp/pbe_data.data.home.granepura.5-kinases.cof_tpl_mg.run_cof2.2ITO_IRE+1A2020_003
ForkPoolWorker-1: Calling delphi to calculate conformer IRE+2A2020_004 in /tmp/pbe_data.data.home.granepura.5-kinases.cof_tpl_mg.run_cof2.2ITO_IRE+2A2020_004
ForkPoolWorker-1: Calling delphi to calculate conformer IRE+3A2020_005 in /tmp/pbe_data.data.home.granepura.5-kinases.cof_tpl_mg.run_cof2.2ITO_IRE+3A2020_005
ForkPoolWorker-1: Calling delphi to calculate conformer IRE+aA2020_001 in /tmp/pbe_data.data.home.granepura.5-kinases.cof_tpl_mg.run_cof2.2ITO_IRE+aA2020_001
ForkPoolWorker-1: Calling delphi to calculate conformer IRE01A2020_002 in /tmp/pbe_data.data.home.granepura.5-kinases.cof_tpl_mg.run_cof2.2ITO_IRE01A2020_002
ForkPoolWorker-1: Calling delphi to calculate conformer IRE+1A2020_003 in /tmp/pbe_data.data.home.granepura.5-kinases.cof_tpl_mg.run_cof2.2ITO_IRE+1A2020_003
ForkPoolWorker-1: Calling delphi to calculate conformer IRE+2A2020_004 in /tmp/pbe_data.data.home.granepura.5-kinases.cof_tpl_mg.run_cof2.2ITO_IRE+2A2020_004
ForkPoolWorker-1: Calling delphi to calculate conformer IRE+3A2020_005 in /tmp/pbe_data.data.home.granepura.5-kinases.cof_tpl_mg.run_cof2.2ITO_IRE+3A2020_005
ForkPoolWorker-1: Calling delphi to calculate conformer IRE+aA2020_001 in /tmp/pbe_data.data.home.granepura.5-kinases.cof_tpl_mg.run_cof2.2ITO_IRE+aA2020_001
ForkPoolWorker-1: Calling delphi to calculate conformer IRE01A2020_002 in /tmp/pbe_data.data.home.granepura.5-kinases.cof_tpl_mg.run_cof2.2ITO_IRE01A2020_002
ForkPoolWorker-1: Calling delphi to calculate conformer IRE+1A2020_003 in /tmp/pbe_data.data.home.granepura.5-kinases.cof_tpl_mg.run_cof2.2ITO_IRE+1A2020_003
ForkPoolWorker-1: Calling delphi to calculate conformer IRE+2A2020_004 in /tmp/pbe_data.data.home.granepura.5-kinases.cof_tpl_mg.run_cof2.2ITO_IRE+2A2020_004
ForkPoolWorker-1: Calling delphi to calculate conformer IRE+3A2020_005 in /tmp/pbe_data.data.home.granepura.5-kinases.cof_tpl_mg.run_cof2.2ITO_IRE+3A2020_005
ForkPoolWorker-1: Calling delphi to calculate conformer IRE+aA2020_001 in /tmp/pbe_data.data.home.granepura.5-kinases.cof_tpl_mg.run_cof2.2ITO_IRE+aA2020_001
ForkPoolWorker-1: Calling delphi to calculate conformer IRE01A2020_002 in /tmp/pbe_data.data.home.granepura.5-kinases.cof_tpl_mg.run_cof2.2ITO_IRE01A2020_002
ForkPoolWorker-1: Calling delphi to calculate conformer IRE+1A2020_003 in /tmp/pbe_data.data.home.granepura.5-kinases.cof_tpl_mg.run_cof2.2ITO_IRE+1A2020_003
ForkPoolWorker-1: Calling delphi to calculate conformer IRE+2A2020_004 in /tmp/pbe_data.data.home.granepura.5-kinases.cof_tpl_mg.run_cof2.2ITO_IRE+2A2020_004
ForkPoolWorker-1: Calling delphi to calculate conformer IRE+3A2020_005 in /tmp/pbe_data.data.home.granepura.5-kinases.cof_tpl_mg.run_cof2.2ITO_IRE+3A2020_005
ForkPoolWorker-1: Calling delphi to calculate conformer (1/5) IRE+aA2020_001 in /tmp/pbe_data.data.home.schowdhury.Project_kinases.cof_tpl_mg.run_cof2.2ITO_IRE+aA2020_001
ForkPoolWorker-1: Calling delphi to calculate conformer (2/5) IRE01A2020_002 in /tmp/pbe_data.data.home.schowdhury.Project_kinases.cof_tpl_mg.run_cof2.2ITO_IRE01A2020_002
ForkPoolWorker-1: Calling delphi to calculate conformer (3/5) IRE+1A2020_003 in /tmp/pbe_data.data.home.schowdhury.Project_kinases.cof_tpl_mg.run_cof2.2ITO_IRE+1A2020_003
ForkPoolWorker-1: Calling delphi to calculate conformer (4/5) IRE+2A2020_004 in /tmp/pbe_data.data.home.schowdhury.Project_kinases.cof_tpl_mg.run_cof2.2ITO_IRE+2A2020_004
ForkPoolWorker-1: Calling delphi to calculate conformer (5/5) IRE+3A2020_005 in /tmp/pbe_data.data.home.schowdhury.Project_kinases.cof_tpl_mg.run_cof2.2ITO_IRE+3A2020_005
