 ph              7.4
HIS01A1052_001 0.796
HIS01A1052_002 0.796
HIS02A1052_003 0.796
HIS02A1052_004 0.796
HIS+1A1052_005 0.411
HIS+1A1052_006 0.411
ILE01A1053_001 0.000
ASP01A1054_001 0.000
ASP01A1054_002 0.000
ASP02A1054_003 0.000
ASP02A1054_004 0.000
ASP-1A1054_005 0.000
LEU01A1055_001 0.000
SER01A1056_001 0.000
ALA01A1057_001 0.000
LEU01A1058_001 0.000
ASN01A1059_001 0.039
ASN01A1059_002 0.039
PRO01A1060_001 0.000
GLU01A1061_001 0.594
GLU01A1061_002 0.594
GLU02A1061_003 0.594
GLU02A1061_004 0.594
GLU-1A1061_005 0.000
LEU01A1062_001 0.000
VAL01A1063_001 0.000
GLN01A1064_001 0.404
GLN01A1064_002 0.404
ALA01A1065_001 0.000
VAL01A1066_001 0.000
GLN01A1067_001 0.364
GLN01A1067_002 0.364
HIS01A1068_001 0.754
HIS01A1068_002 0.754
HIS02A1068_003 0.754
HIS02A1068_004 0.754
HIS+1A1068_005 0.255
HIS+1A1068_006 0.255
VAL01A1069_001 0.000
VAL01A1070_001 0.000
ILE01A1071_001 0.000
PRO01A1073_001 0.000
SER01A1074_001 0.000
SER01A1075_001 0.345
SER01A1075_002 0.345
LEU01A1076_001 0.000
ILE01A1077_001 0.000
VAL01A1078_001 0.000
HIS01A1079_001 0.778
HIS01A1079_002 0.778
HIS02A1079_003 0.778
HIS02A1079_004 0.778
HIS+1A1079_005 0.366
HIS+1A1079_006 0.366
PHE01A1080_001 0.000
ASN01A1081_001 0.076
ASN01A1081_002 0.076
GLU01A1082_001 0.646
GLU01A1082_002 0.646
GLU02A1082_003 0.646
GLU02A1082_004 0.646
GLU-1A1082_005 0.000
VAL01A1083_001 0.000
ILE01A1084_001 0.000
ARG01A1086_001 0.000
ARG02A1086_002 0.000
ARG02A1086_003 0.000
ARG03A1086_004 0.000
ARG+1A1086_005 0.000
HIS01A1088_001 0.686
HIS01A1088_002 0.686
HIS02A1088_003 0.686
HIS02A1088_004 0.686
HIS+1A1088_005 0.408
HIS+1A1088_006 0.408
PHE01A1089_001 0.000
CYS01A1091_001 0.645
CYS01A1091_002 0.645
CYS01A1091_003 0.645
CYS-1A1091_004 0.000
VAL01A1092_001 0.000
TYR01A1093_001 0.000
TYR-1A1093_002 0.000
HIS01A1094_001 0.929
HIS01A1094_002 0.929
HIS01A1094_003 0.929
HIS02A1094_004 0.929
HIS02A1094_005 0.929
HIS02A1094_006 0.929
HIS+1A1094_007 0.589
HIS+1A1094_008 0.589
HIS+1A1094_009 0.589
THR01A1096_001 0.407
THR01A1096_002 0.407
LEU01A1097_001 0.000
LEU01A1098_001 0.000
LYS01A1103_001 0.000
LYS+1A1103_002 0.000
LYS01A1104_001 0.000
LYS+1A1104_002 0.000
ILE01A1105_001 0.000
HIS01A1106_001 0.585
HIS01A1106_002 0.585
HIS02A1106_003 0.585
HIS02A1106_004 0.585
HIS+1A1106_005 0.353
HIS+1A1106_006 0.353
CYS01A1107_001 0.550
CYS01A1107_002 0.550
CYS01A1107_003 0.550
CYS-1A1107_004 0.000
ALA01A1108_001 0.000
VAL01A1109_001 0.000
LYS01A1110_001 0.000
LYS+1A1110_002 0.000
SER01A1111_001 0.107
SER01A1111_002 0.107
SER01A1111_003 0.107
LEU01A1112_001 0.000
ASN01A1113_001 0.466
ASN01A1113_002 0.466
ASN01A1113_003 0.466
ARG01A1114_001 0.000
ARG02A1114_002 0.000
ARG03A1114_003 0.000
ARG+1A1114_004 0.000
ILE01A1115_001 0.000
THR01A1116_001 0.000
ASP01A1117_001 0.000
ASP01A1117_002 0.000
ASP02A1117_003 0.000
ASP02A1117_004 0.000
ASP-1A1117_005 0.000
ILE01A1118_001 0.000
GLU01A1120_001 0.000
GLU01A1120_002 0.000
GLU02A1120_003 0.000
GLU02A1120_004 0.000
GLU-1A1120_005 0.000
VAL01A1121_001 0.000
SER01A1122_001 0.445
SER01A1122_002 0.445
SER01A1122_003 0.445
GLN01A1123_001 0.142
GLN01A1123_002 0.142
PHE01A1124_001 0.000
LEU01A1125_001 0.000
THR01A1126_001 0.090
THR01A1126_002 0.090
GLU01A1127_001 0.000
GLU01A1127_002 0.000
GLU02A1127_003 0.000
GLU02A1127_004 0.000
GLU-1A1127_005 0.000
ILE01A1129_001 0.000
ILE01A1130_001 0.000
MET01A1131_001 0.000
LYS01A1132_001 0.000
LYS+1A1132_002 0.000
ASP01A1133_001 0.000
ASP01A1133_002 0.000
ASP02A1133_003 0.000
ASP02A1133_004 0.000
ASP-1A1133_005 0.000
PHE01A1134_001 0.000
SER01A1135_001 0.000
HIS01A1136_001 0.000
HIS02A1136_002 0.000
HIS+1A1136_003 0.000
PRO01A1137_001 0.000
ASN01A1138_001 0.007
ASN01A1138_002 0.007
VAL01A1139_001 0.000
LEU01A1140_001 0.000
SER01A1141_001 0.000
LEU01A1142_001 0.000
LEU01A1143_001 0.000
ILE01A1145_001 0.000
CYS01A1146_001 0.643
CYS01A1146_002 0.643
CYS01A1146_003 0.643
CYS-1A1146_004 0.000
LEU01A1147_001 0.000
ARG01A1148_001 0.000
ARG02A1148_002 0.000
ARG03A1148_003 0.000
ARG+1A1148_004 0.000
SER01A1149_001 0.000
GLU01A1150_001 0.000
GLU01A1150_002 0.000
GLU02A1150_003 0.000
GLU02A1150_004 0.000
GLU-1A1150_005 0.000
SER01A1152_001 0.000
PRO01A1153_001 0.000
LEU01A1154_001 0.000
VAL01A1155_001 0.000
VAL01A1156_001 0.000
LEU01A1157_001 0.000
PRO01A1158_001 0.000
TYR01A1159_001 0.397
TYR01A1159_002 0.397
TYR-1A1159_003 0.000
MET01A1160_001 0.000
LYS01A1161_001 0.000
LYS+1A1161_002 0.000
HIS01A1162_001 0.000
HIS02A1162_002 0.000
HIS+1A1162_003 0.000
ASP01A1164_001 0.000
ASP01A1164_002 0.000
ASP02A1164_003 0.000
ASP02A1164_004 0.000
ASP-1A1164_005 0.000
LEU01A1165_001 0.000
ARG01A1166_001 0.000
ARG02A1166_002 0.000
ARG03A1166_003 0.000
ARG03A1166_004 0.000
ARG+1A1166_005 0.000
ASN01A1167_001 0.083
ASN01A1167_002 0.083
PHE01A1168_001 0.000
ILE01A1169_001 0.000
ARG01A1170_001 0.000
ARG02A1170_002 0.000
ARG03A1170_003 0.000
ARG+1A1170_004 0.000
ASN01A1171_001 0.000
GLU01A1172_001 0.000
GLU01A1172_002 0.000
GLU02A1172_003 0.000
GLU02A1172_004 0.000
GLU-1A1172_005 0.000
THR01A1173_001 0.479
THR01A1173_002 0.479
THR01A1173_003 0.479
HIS01A1174_001 0.437
HIS01A1174_002 0.437
HIS02A1174_003 0.437
HIS02A1174_004 0.437
HIS+1A1174_005 0.409
HIS+1A1174_006 0.409
ASN01A1175_001 0.331
ASN01A1175_002 0.331
PRO01A1176_001 0.000
THR01A1177_001 0.003
THR01A1177_002 0.003
VAL01A1178_001 0.000
LYS01A1179_001 0.000
LYS+1A1179_002 0.000
ASP01A1180_001 0.000
ASP01A1180_002 0.000
ASP02A1180_003 0.000
ASP02A1180_004 0.000
ASP-1A1180_005 0.000
LEU01A1181_001 0.000
ILE01A1182_001 0.000
PHE01A1184_001 0.000
LEU01A1186_001 0.000
GLN01A1187_001 0.008
GLN01A1187_002 0.008
VAL01A1188_001 0.000
ALA01A1189_001 0.000
LYS01A1190_001 0.000
LYS+1A1190_002 0.000
MET01A1192_001 0.000
LYS01A1193_001 0.000
LYS+1A1193_002 0.000
TYR01A1194_001 0.000
TYR-1A1194_002 0.000
LEU01A1195_001 0.000
ALA01A1196_001 0.000
SER01A1197_001 0.407
SER01A1197_002 0.407
LYS01A1198_001 0.000
LYS+1A1198_002 0.000
LYS01A1199_001 0.000
LYS+1A1199_002 0.000
PHE01A1200_001 0.000
VAL01A1201_001 0.000
HIS01A1202_001 0.000
HIS01A1202_002 0.000
HIS02A1202_003 0.000
HIS02A1202_004 0.000
HIS+1A1202_005 0.000
HIS+1A1202_006 0.000
ARG01A1203_001 0.000
ARG02A1203_002 0.000
ARG03A1203_003 0.000
ARG+1A1203_004 0.000
ASP01A1204_001 0.000
ASP01A1204_002 0.000
ASP02A1204_003 0.000
ASP02A1204_004 0.000
ASP-1A1204_005 0.000
LEU01A1205_001 0.000
ALA01A1206_001 0.000
ALA01A1207_001 0.000
ARG01A1208_001 0.000
ARG02A1208_002 0.000
ARG03A1208_003 0.000
ARG03A1208_004 0.000
ARG+1A1208_005 0.000
ASN01A1209_001 0.000
ASN01A1209_002 0.000
CYS01A1210_001 0.526
CYS01A1210_002 0.526
CYS01A1210_003 0.526
CYS-1A1210_004 0.000
MET01A1211_001 0.000
LEU01A1212_001 0.000
ASP01A1213_001 0.000
ASP01A1213_002 0.000
ASP02A1213_003 0.000
ASP02A1213_004 0.000
ASP-1A1213_005 0.000
GLU01A1214_001 0.000
GLU01A1214_002 0.000
GLU02A1214_003 0.000
GLU02A1214_004 0.000
GLU-1A1214_005 0.000
LYS01A1215_001 0.000
LYS+1A1215_002 0.000
PHE01A1216_001 0.000
THR01A1217_001 0.399
THR01A1217_002 0.399
VAL01A1218_001 0.000
LYS01A1219_001 0.000
LYS+1A1219_002 0.000
VAL01A1220_001 0.000
ALA01A1221_001 0.000
ASP01A1222_001 0.369
ASP01A1222_002 0.369
ASP02A1222_003 0.369
ASP02A1222_004 0.369
ASP-1A1222_005 0.000
PHE01A1223_001 0.000
LEU01A1225_001 0.000
ALA01A1226_001 0.000
ARG01A1227_001 0.000
ARG02A1227_002 0.000
ARG03A1227_003 0.000
ARG+1A1227_004 0.000
ASP01A1228_001 0.000
ASP01A1228_002 0.000
ASP02A1228_003 0.000
ASP02A1228_004 0.000
ASP-1A1228_005 0.000
MET01A1229_001 0.000
TYR01A1230_001 0.000
TYR01A1230_002 0.000
TYR-1A1230_003 0.000
ASP01A1231_001 0.000
ASP01A1231_002 0.000
ASP02A1231_003 0.000
ASP02A1231_004 0.000
ASP-1A1231_005 0.000
LYS01A1232_001 0.000
LYS+1A1232_002 0.000
GLU01A1233_001 0.000
GLU01A1233_002 0.000
GLU02A1233_003 0.000
GLU02A1233_004 0.000
GLU-1A1233_005 0.000
TYR01A1234_001 0.403
TYR01A1234_002 0.403
TYR-1A1234_003 0.000
TYR01A1235_001 0.000
TYR01A1235_002 0.000
TYR-1A1235_003 0.000
SER01A1236_001 0.000
SER01A1236_002 0.000
VAL01A1237_001 0.000
HIS01A1238_001 0.367
HIS02A1238_002 0.367
HIS+1A1238_003 0.000
ASN01A1239_001 0.000
ASN01A1239_002 0.000
LYS01A1240_001 0.000
LYS+1A1240_002 0.000
THR01A1241_001 0.251
THR01A1241_002 0.251
THR01A1241_003 0.251
ALA01A1243_001 0.000
LYS01A1244_001 0.000
LYS+1A1244_002 0.000
LEU01A1245_001 0.000
PRO01A1246_001 0.000
VAL01A1247_001 0.000
LYS01A1248_001 0.000
LYS+1A1248_002 0.000
TRP01A1249_001 0.000
MET01A1250_001 0.000
ALA01A1251_001 0.000
LEU01A1252_001 0.000
GLU01A1253_001 0.000
GLU01A1253_002 0.000
GLU02A1253_003 0.000
GLU02A1253_004 0.000
GLU-1A1253_005 0.000
SER01A1254_001 0.095
SER01A1254_002 0.095
SER01A1254_003 0.095
LEU01A1255_001 0.000
GLN01A1256_001 0.356
GLN01A1256_002 0.356
THR01A1257_001 0.000
THR01A1257_002 0.000
GLN01A1258_001 0.398
GLN01A1258_002 0.398
LYS01A1259_001 0.000
LYS+1A1259_002 0.000
PHE01A1260_001 0.000
THR01A1261_001 0.000
THR01A1262_001 0.000
LYS01A1263_001 0.000
LYS+1A1263_002 0.000
SER01A1264_001 0.019
SER01A1264_002 0.019
SER01A1264_003 0.019
ASP01A1265_001 0.000
ASP01A1265_002 0.000
ASP02A1265_003 0.000
ASP02A1265_004 0.000
ASP-1A1265_005 0.000
VAL01A1266_001 0.000
TRP01A1267_001 0.000
SER01A1268_001 0.077
SER01A1268_002 0.077
PHE01A1269_001 0.000
VAL01A1271_001 0.000
LEU01A1272_001 0.000
LEU01A1273_001 0.000
TRP01A1274_001 0.000
GLU01A1275_001 0.000
GLU01A1275_002 0.000
GLU02A1275_003 0.000
GLU02A1275_004 0.000
GLU-1A1275_005 0.000
LEU01A1276_001 0.000
MET01A1277_001 0.000
THR01A1278_001 0.235
THR01A1278_002 0.235
ARG01A1279_001 0.000
ARG02A1279_002 0.000
ARG03A1279_003 0.000
ARG+1A1279_004 0.000
ALA01A1281_001 0.000
PRO01A1282_001 0.000
PRO01A1283_001 0.000
TYR01A1284_001 0.000
TYR-1A1284_002 0.000
PRO01A1285_001 0.000
ASP01A1286_001 0.000
ASP01A1286_002 0.000
ASP02A1286_003 0.000
ASP02A1286_004 0.000
ASP-1A1286_005 0.000
VAL01A1287_001 0.000
ASN01A1288_001 0.000
THR01A1289_001 0.441
THR01A1289_002 0.441
THR01A1289_003 0.441
PHE01A1290_001 0.000
ASP01A1291_001 0.000
ASP01A1291_002 0.000
ASP02A1291_003 0.000
ASP02A1291_004 0.000
ASP-1A1291_005 0.000
ILE01A1292_001 0.000
THR01A1293_001 0.152
THR01A1293_002 0.152
VAL01A1294_001 0.000
TYR01A1295_001 0.393
TYR01A1295_002 0.393
TYR-1A1295_003 0.000
LEU01A1296_001 0.000
LEU01A1297_001 0.000
GLN01A1298_001 0.297
GLN01A1298_002 0.297
ARG01A1300_001 0.000
ARG02A1300_002 0.000
ARG03A1300_003 0.000
ARG03A1300_004 0.000
ARG+1A1300_005 0.000
ARG01A1301_001 0.000
ARG02A1301_002 0.000
ARG02A1301_003 0.000
ARG03A1301_004 0.000
ARG+1A1301_005 0.000
LEU01A1302_001 0.000
LEU01A1303_001 0.000
GLN01A1304_001 0.043
GLN01A1304_002 0.043
PRO01A1305_001 0.000
GLU01A1306_001 0.753
GLU01A1306_002 0.753
GLU02A1306_003 0.753
GLU02A1306_004 0.753
GLU-1A1306_005 0.000
TYR01A1307_001 0.000
TYR-1A1307_002 0.000
CYS01A1308_001 0.508
CYS01A1308_002 0.508
CYS01A1308_003 0.508
CYS-1A1308_004 0.000
PRO01A1309_001 0.000
ASP01A1310_001 0.000
ASP01A1310_002 0.000
ASP01A1310_003 0.000
ASP01A1310_004 0.000
ASP02A1310_005 0.000
ASP02A1310_006 0.000
ASP02A1310_007 0.000
ASP02A1310_008 0.000
ASP-1A1310_009 0.204
ASP-1A1310_010 0.204
PRO01A1311_001 0.000
LEU01A1312_001 0.000
TYR01A1313_001 0.022
TYR01A1313_002 0.022
TYR-1A1313_003 0.000
GLU01A1314_001 0.000
GLU01A1314_002 0.000
GLU02A1314_003 0.000
GLU02A1314_004 0.000
GLU-1A1314_005 0.000
VAL01A1315_001 0.000
MET01A1316_001 0.000
LEU01A1317_001 0.000
LYS01A1318_001 0.000
LYS+1A1318_002 0.000
CYS01A1319_001 0.568
CYS01A1319_002 0.568
CYS01A1319_003 0.568
CYS-1A1319_004 0.000
TRP01A1320_001 0.000
HIS01A1321_001 0.609
HIS01A1321_002 0.609
HIS02A1321_003 0.609
HIS02A1321_004 0.609
HIS+1A1321_005 0.000
HIS+1A1321_006 0.000
PRO01A1322_001 0.000
LYS01A1323_001 0.000
LYS+1A1323_002 0.000
ALA01A1324_001 0.000
GLU01A1325_001 0.000
GLU01A1325_002 0.000
GLU02A1325_003 0.000
GLU02A1325_004 0.000
GLU-1A1325_005 0.000
MET01A1326_001 0.000
ARG01A1327_001 0.000
ARG02A1327_002 0.000
ARG02A1327_003 0.000
ARG03A1327_004 0.000
ARG03A1327_005 0.000
ARG+1A1327_006 0.000
PRO01A1328_001 0.000
SER01A1329_001 0.087
SER01A1329_002 0.087
SER01A1329_003 0.087
PHE01A1330_001 0.000
SER01A1331_001 0.152
SER01A1331_002 0.152
GLU01A1332_001 0.000
GLU01A1332_002 0.000
GLU02A1332_003 0.000
GLU02A1332_004 0.000
GLU-1A1332_005 0.000
LEU01A1333_001 0.000
VAL01A1334_001 0.000
SER01A1335_001 0.401
SER01A1335_002 0.401
ARG01A1336_001 0.000
ARG02A1336_002 0.000
ARG03A1336_003 0.000
ARG+1A1336_004 0.000
ILE01A1337_001 0.000
SER01A1338_001 0.000
ALA01A1339_001 0.000
ILE01A1340_001 0.000
PHE01A1341_001 0.000
SER01A1342_001 0.409
SER01A1342_002 0.409
THR01A1343_001 0.080
THR01A1343_002 0.080
PHE01A1344_001 0.000
ILE01A1345_001 0.000
