2026-09-22 11:38:38 - INFO: step3.py, <module>: Step 3. Energies calculation with PBE solver.
2026-09-22 11:38:38 - INFO: step3.py, <module>: Calling new VDW....No Scaling Applied
2026-09-22 11:38:38 - INFO: step3.py, <module>:    Process run time options & convert step2_out.pdb.
2026-09-22 11:38:38 - INFO: step3.py, <module>:    Prepare input for PB solver.
2026-09-22 11:38:38 - INFO: step3.py, <module>:    Time needed: 0 seconds.
2026-09-22 11:38:38 - INFO: step3.py, <module>:    Set up parallel envrionment and run PB solver.
2026-09-22 11:38:38 - INFO: step3.py, <module>:    Running PBE solver in 5 threads
2026-09-22 11:38:38 - INFO: step3.py, pbe: ForkPoolWorker-4: Calling delphi to calculate conformer (4/635) GLN01A0701_001 in /tmp/pbe_data.data.home.granepura.5-Kinases.Kinases_MCCE.Trial03.run_holo.4ZAU_GLN01A0701_001
2026-09-22 11:38:38 - INFO: step3.py, pbe: ForkPoolWorker-3: Calling delphi to calculate conformer (3/635) ASN01A0700_001 in /tmp/pbe_data.data.home.granepura.5-Kinases.Kinases_MCCE.Trial03.run_holo.4ZAU_ASN01A0700_001
2026-09-22 11:38:38 - INFO: step3.py, pbe: Skipping PBE solver for non-charge conformer (2/635) PRO01A0699_001...
2026-09-22 11:38:38 - INFO: step3.py, pbe: Skipping PBE solver for non-charge conformer (1/635) ALA01A0698_001...
2026-09-22 11:38:38 - INFO: step3.py, pbe: ForkPoolWorker-5: Calling delphi to calculate conformer (5/635) GLN01A0701_002 in /tmp/pbe_data.data.home.granepura.5-Kinases.Kinases_MCCE.Trial03.run_holo.4ZAU_GLN01A0701_002
2026-09-22 11:38:38 - INFO: step3.py, pbe: Skipping PBE solver for non-charge conformer (6/635) ALA01A0702_001...
2026-09-22 11:38:38 - INFO: step3.py, pbe: Skipping PBE solver for non-charge conformer (8/635) LEU01A0704_001...
2026-09-22 11:38:38 - INFO: step3.py, pbe: Skipping PBE solver for non-charge conformer (7/635) LEU01A0703_001...
2026-09-22 11:38:38 - INFO: step3.py, pbe: ForkPoolWorker-2: Calling delphi to calculate conformer (9/635) ARG01A0705_001 in /tmp/pbe_data.data.home.granepura.5-Kinases.Kinases_MCCE.Trial03.run_holo.4ZAU_ARG01A0705_001
2026-09-22 11:38:38 - INFO: step3.py, pbe: ForkPoolWorker-1: Calling delphi to calculate conformer (10/635) ARG02A0705_002 in /tmp/pbe_data.data.home.granepura.5-Kinases.Kinases_MCCE.Trial03.run_holo.4ZAU_ARG02A0705_002
2026-09-22 11:38:44 - INFO: step3.py, pbe: ForkPoolWorker-1: Calling delphi to calculate conformer (11/635) ARG02A0705_003 in /tmp/pbe_data.data.home.granepura.5-Kinases.Kinases_MCCE.Trial03.run_holo.4ZAU_ARG02A0705_003
2026-09-22 11:38:44 - INFO: step3.py, pbe: ForkPoolWorker-4: Calling delphi to calculate conformer (12/635) ARG03A0705_004 in /tmp/pbe_data.data.home.granepura.5-Kinases.Kinases_MCCE.Trial03.run_holo.4ZAU_ARG03A0705_004
2026-09-22 11:38:44 - INFO: step3.py, pbe: ForkPoolWorker-3: Calling delphi to calculate conformer (13/635) ARG03A0705_005 in /tmp/pbe_data.data.home.granepura.5-Kinases.Kinases_MCCE.Trial03.run_holo.4ZAU_ARG03A0705_005
2026-09-22 11:38:45 - INFO: step3.py, pbe: ForkPoolWorker-5: Calling delphi to calculate conformer (14/635) ARG+1A0705_006 in /tmp/pbe_data.data.home.granepura.5-Kinases.Kinases_MCCE.Trial03.run_holo.4ZAU_ARG+1A0705_006
2026-09-22 11:38:45 - INFO: step3.py, pbe: Skipping PBE solver for non-charge conformer (15/635) ILE01A0706_001...
2026-09-22 11:38:45 - INFO: step3.py, pbe: Skipping PBE solver for non-charge conformer (16/635) LEU01A0707_001...
2026-09-22 11:38:45 - INFO: step3.py, pbe: ForkPoolWorker-2: Calling delphi to calculate conformer (17/635) LYS01A0708_001 in /tmp/pbe_data.data.home.granepura.5-Kinases.Kinases_MCCE.Trial03.run_holo.4ZAU_LYS01A0708_001
2026-09-22 11:38:50 - INFO: step3.py, pbe: ForkPoolWorker-1: Calling delphi to calculate conformer (18/635) LYS+1A0708_002 in /tmp/pbe_data.data.home.granepura.5-Kinases.Kinases_MCCE.Trial03.run_holo.4ZAU_LYS+1A0708_002
2026-09-22 11:38:50 - INFO: step3.py, pbe: ForkPoolWorker-4: Calling delphi to calculate conformer (19/635) GLU01A0709_001 in /tmp/pbe_data.data.home.granepura.5-Kinases.Kinases_MCCE.Trial03.run_holo.4ZAU_GLU01A0709_001
2026-09-22 11:38:51 - INFO: step3.py, pbe: ForkPoolWorker-3: Calling delphi to calculate conformer (20/635) GLU01A0709_002 in /tmp/pbe_data.data.home.granepura.5-Kinases.Kinases_MCCE.Trial03.run_holo.4ZAU_GLU01A0709_002
2026-09-22 11:38:51 - INFO: step3.py, pbe: ForkPoolWorker-5: Calling delphi to calculate conformer (21/635) GLU02A0709_003 in /tmp/pbe_data.data.home.granepura.5-Kinases.Kinases_MCCE.Trial03.run_holo.4ZAU_GLU02A0709_003
2026-09-22 11:38:51 - INFO: step3.py, pbe: ForkPoolWorker-2: Calling delphi to calculate conformer (22/635) GLU02A0709_004 in /tmp/pbe_data.data.home.granepura.5-Kinases.Kinases_MCCE.Trial03.run_holo.4ZAU_GLU02A0709_004
2026-09-22 11:47:23 - INFO: step3.py, <module>: Step 3. Energies calculation with PBE solver.
2026-09-22 11:47:23 - INFO: step3.py, <module>: Calling new VDW....No Scaling Applied
2026-09-22 11:47:23 - INFO: step3.py, <module>:    Process run time options & convert step2_out.pdb.
2026-09-22 11:47:23 - INFO: step3.py, <module>:    Prepare input for PB solver.
2026-09-22 11:47:23 - INFO: step3.py, <module>:    Time needed: 0 seconds.
2026-09-22 11:47:23 - INFO: step3.py, <module>:    Set up parallel envrionment and run PB solver.
2026-09-22 11:47:23 - INFO: step3.py, <module>:    Running PBE solver in 5 threads
2026-09-22 11:47:23 - INFO: step3.py, pbe: Skipping PBE solver for non-charge conformer (1/622) ALA01A0698_001...
2026-09-22 11:47:23 - INFO: step3.py, pbe: ForkPoolWorker-4: Calling delphi to calculate conformer (3/622) ASN01A0700_001 in /tmp/pbe_data.data.home.granepura.5-Kinases.Kinases_MCCE.Trial03.run_apo.4ZAU_ASN01A0700_001
2026-09-22 11:47:23 - INFO: step3.py, pbe: Skipping PBE solver for non-charge conformer (6/622) ALA01A0702_001...
2026-09-22 11:47:23 - INFO: step3.py, pbe: ForkPoolWorker-5: Calling delphi to calculate conformer (4/622) GLN01A0701_001 in /tmp/pbe_data.data.home.granepura.5-Kinases.Kinases_MCCE.Trial03.run_apo.4ZAU_GLN01A0701_001
2026-09-22 11:47:23 - INFO: step3.py, pbe: ForkPoolWorker-3: Calling delphi to calculate conformer (5/622) GLN01A0701_002 in /tmp/pbe_data.data.home.granepura.5-Kinases.Kinases_MCCE.Trial03.run_apo.4ZAU_GLN01A0701_002
2026-09-22 11:47:23 - INFO: step3.py, pbe: Skipping PBE solver for non-charge conformer (7/622) LEU01A0703_001...
2026-09-22 11:47:23 - INFO: step3.py, pbe: Skipping PBE solver for non-charge conformer (8/622) LEU01A0704_001...
2026-09-22 11:47:23 - INFO: step3.py, pbe: Skipping PBE solver for non-charge conformer (2/622) PRO01A0699_001...
2026-09-22 11:47:23 - INFO: step3.py, pbe: ForkPoolWorker-2: Calling delphi to calculate conformer (10/622) ARG02A0705_002 in /tmp/pbe_data.data.home.granepura.5-Kinases.Kinases_MCCE.Trial03.run_apo.4ZAU_ARG02A0705_002
2026-09-22 11:47:23 - INFO: step3.py, pbe: ForkPoolWorker-1: Calling delphi to calculate conformer (9/622) ARG01A0705_001 in /tmp/pbe_data.data.home.granepura.5-Kinases.Kinases_MCCE.Trial03.run_apo.4ZAU_ARG01A0705_001
2026-09-22 11:47:28 - INFO: step3.py, pbe: ForkPoolWorker-5: Calling delphi to calculate conformer (11/622) ARG02A0705_003 in /tmp/pbe_data.data.home.granepura.5-Kinases.Kinases_MCCE.Trial03.run_apo.4ZAU_ARG02A0705_003
2026-09-22 11:47:28 - INFO: step3.py, pbe: ForkPoolWorker-3: Calling delphi to calculate conformer (12/622) ARG03A0705_004 in /tmp/pbe_data.data.home.granepura.5-Kinases.Kinases_MCCE.Trial03.run_apo.4ZAU_ARG03A0705_004
2026-09-22 11:47:28 - INFO: step3.py, pbe: ForkPoolWorker-4: Calling delphi to calculate conformer (13/622) ARG03A0705_005 in /tmp/pbe_data.data.home.granepura.5-Kinases.Kinases_MCCE.Trial03.run_apo.4ZAU_ARG03A0705_005
2026-09-22 11:47:28 - INFO: step3.py, pbe: ForkPoolWorker-2: Calling delphi to calculate conformer (14/622) ARG+1A0705_006 in /tmp/pbe_data.data.home.granepura.5-Kinases.Kinases_MCCE.Trial03.run_apo.4ZAU_ARG+1A0705_006
2026-09-22 11:47:28 - INFO: step3.py, pbe: Skipping PBE solver for non-charge conformer (15/622) ILE01A0706_001...
2026-09-22 11:47:28 - INFO: step3.py, pbe: Skipping PBE solver for non-charge conformer (16/622) LEU01A0707_001...
2026-09-22 11:47:28 - INFO: step3.py, pbe: ForkPoolWorker-1: Calling delphi to calculate conformer (17/622) LYS01A0708_001 in /tmp/pbe_data.data.home.granepura.5-Kinases.Kinases_MCCE.Trial03.run_apo.4ZAU_LYS01A0708_001
2026-09-22 11:47:32 - INFO: step3.py, pbe: ForkPoolWorker-3: Calling delphi to calculate conformer (18/622) LYS+1A0708_002 in /tmp/pbe_data.data.home.granepura.5-Kinases.Kinases_MCCE.Trial03.run_apo.4ZAU_LYS+1A0708_002
2026-09-22 11:47:32 - INFO: step3.py, pbe: ForkPoolWorker-5: Calling delphi to calculate conformer (19/622) GLU01A0709_001 in /tmp/pbe_data.data.home.granepura.5-Kinases.Kinases_MCCE.Trial03.run_apo.4ZAU_GLU01A0709_001
2026-09-22 11:47:32 - INFO: step3.py, pbe: ForkPoolWorker-2: Calling delphi to calculate conformer (20/622) GLU01A0709_002 in /tmp/pbe_data.data.home.granepura.5-Kinases.Kinases_MCCE.Trial03.run_apo.4ZAU_GLU01A0709_002
2026-09-22 11:47:32 - INFO: step3.py, pbe: ForkPoolWorker-4: Calling delphi to calculate conformer (21/622) GLU02A0709_003 in /tmp/pbe_data.data.home.granepura.5-Kinases.Kinases_MCCE.Trial03.run_apo.4ZAU_GLU02A0709_003
2026-09-22 11:47:33 - INFO: step3.py, pbe: ForkPoolWorker-1: Calling delphi to calculate conformer (22/622) GLU02A0709_004 in /tmp/pbe_data.data.home.granepura.5-Kinases.Kinases_MCCE.Trial03.run_apo.4ZAU_GLU02A0709_004
2026-09-22 11:47:37 - INFO: step3.py, pbe: ForkPoolWorker-3: Calling delphi to calculate conformer (23/622) GLU-1A0709_005 in /tmp/pbe_data.data.home.granepura.5-Kinases.Kinases_MCCE.Trial03.run_apo.4ZAU_GLU-1A0709_005
2026-09-22 11:47:37 - INFO: step3.py, pbe: ForkPoolWorker-5: Calling delphi to calculate conformer (24/622) THR01A0710_001 in /tmp/pbe_data.data.home.granepura.5-Kinases.Kinases_MCCE.Trial03.run_apo.4ZAU_THR01A0710_001
2026-09-22 11:47:37 - INFO: step3.py, pbe: ForkPoolWorker-4: Calling delphi to calculate conformer (26/622) THR01A0710_003 in /tmp/pbe_data.data.home.granepura.5-Kinases.Kinases_MCCE.Trial03.run_apo.4ZAU_THR01A0710_003
2026-09-22 11:47:37 - INFO: step3.py, pbe: ForkPoolWorker-2: Calling delphi to calculate conformer (25/622) THR01A0710_002 in /tmp/pbe_data.data.home.granepura.5-Kinases.Kinases_MCCE.Trial03.run_apo.4ZAU_THR01A0710_002
2026-09-22 11:47:37 - INFO: step3.py, pbe: ForkPoolWorker-1: Calling delphi to calculate conformer (27/622) GLU01A0711_001 in /tmp/pbe_data.data.home.granepura.5-Kinases.Kinases_MCCE.Trial03.run_apo.4ZAU_GLU01A0711_001
2026-09-22 11:47:41 - INFO: step3.py, pbe: ForkPoolWorker-3: Calling delphi to calculate conformer (28/622) GLU01A0711_002 in /tmp/pbe_data.data.home.granepura.5-Kinases.Kinases_MCCE.Trial03.run_apo.4ZAU_GLU01A0711_002
2026-09-22 11:47:42 - INFO: step3.py, pbe: ForkPoolWorker-5: Calling delphi to calculate conformer (29/622) GLU02A0711_003 in /tmp/pbe_data.data.home.granepura.5-Kinases.Kinases_MCCE.Trial03.run_apo.4ZAU_GLU02A0711_003
2026-09-22 11:47:42 - INFO: step3.py, pbe: ForkPoolWorker-2: Calling delphi to calculate conformer (30/622) GLU02A0711_004 in /tmp/pbe_data.data.home.granepura.5-Kinases.Kinases_MCCE.Trial03.run_apo.4ZAU_GLU02A0711_004
2026-09-22 11:47:42 - INFO: step3.py, pbe: ForkPoolWorker-4: Calling delphi to calculate conformer (31/622) GLU-1A0711_005 in /tmp/pbe_data.data.home.granepura.5-Kinases.Kinases_MCCE.Trial03.run_apo.4ZAU_GLU-1A0711_005
2026-09-22 11:47:42 - INFO: step3.py, pbe: Skipping PBE solver for non-charge conformer (32/622) PHE01A0712_001...
2026-09-22 11:47:42 - INFO: step3.py, pbe: ForkPoolWorker-1: Calling delphi to calculate conformer (33/622) LYS01A0713_001 in /tmp/pbe_data.data.home.granepura.5-Kinases.Kinases_MCCE.Trial03.run_apo.4ZAU_LYS01A0713_001
2026-09-22 11:47:46 - INFO: step3.py, pbe: ForkPoolWorker-3: Calling delphi to calculate conformer (34/622) LYS+1A0713_002 in /tmp/pbe_data.data.home.granepura.5-Kinases.Kinases_MCCE.Trial03.run_apo.4ZAU_LYS+1A0713_002
2026-09-22 11:47:46 - INFO: step3.py, pbe: ForkPoolWorker-5: Calling delphi to calculate conformer (35/622) LYS01A0714_001 in /tmp/pbe_data.data.home.granepura.5-Kinases.Kinases_MCCE.Trial03.run_apo.4ZAU_LYS01A0714_001
2026-09-22 11:47:46 - INFO: step3.py, pbe: ForkPoolWorker-2: Calling delphi to calculate conformer (36/622) LYS+1A0714_002 in /tmp/pbe_data.data.home.granepura.5-Kinases.Kinases_MCCE.Trial03.run_apo.4ZAU_LYS+1A0714_002
2026-09-22 11:47:46 - INFO: step3.py, pbe: Skipping PBE solver for non-charge conformer (37/622) ILE01A0715_001...
2026-09-22 11:47:46 - INFO: step3.py, pbe: ForkPoolWorker-4: Calling delphi to calculate conformer (38/622) LYS01A0716_001 in /tmp/pbe_data.data.home.granepura.5-Kinases.Kinases_MCCE.Trial03.run_apo.4ZAU_LYS01A0716_001
2026-09-22 11:47:46 - INFO: step3.py, pbe: ForkPoolWorker-1: Calling delphi to calculate conformer (39/622) LYS+1A0716_002 in /tmp/pbe_data.data.home.granepura.5-Kinases.Kinases_MCCE.Trial03.run_apo.4ZAU_LYS+1A0716_002
2026-09-22 11:47:51 - INFO: step3.py, pbe: Skipping PBE solver for non-charge conformer (40/622) VAL01A0717_001...
2026-09-22 11:47:51 - INFO: step3.py, pbe: Skipping PBE solver for non-charge conformer (41/622) LEU01A0718_001...
2026-09-22 11:47:51 - INFO: step3.py, pbe: ForkPoolWorker-5: Calling delphi to calculate conformer (42/622) SER01A0720_001 in /tmp/pbe_data.data.home.granepura.5-Kinases.Kinases_MCCE.Trial03.run_apo.4ZAU_SER01A0720_001
2026-09-22 11:47:51 - INFO: step3.py, pbe: Skipping PBE solver for non-charge conformer (43/622) ALA01A0722_001...
2026-09-22 11:47:51 - INFO: step3.py, pbe: Skipping PBE solver for non-charge conformer (44/622) PHE01A0723_001...
2026-09-22 11:47:51 - INFO: step3.py, pbe: ForkPoolWorker-3: Calling delphi to calculate conformer (45/622) THR01A0725_001 in /tmp/pbe_data.data.home.granepura.5-Kinases.Kinases_MCCE.Trial03.run_apo.4ZAU_THR01A0725_001
2026-09-22 11:47:51 - INFO: step3.py, pbe: ForkPoolWorker-2: Calling delphi to calculate conformer (46/622) THR01A0725_002 in /tmp/pbe_data.data.home.granepura.5-Kinases.Kinases_MCCE.Trial03.run_apo.4ZAU_THR01A0725_002
2026-09-22 11:47:51 - INFO: step3.py, pbe: Skipping PBE solver for non-charge conformer (47/622) VAL01A0726_001...
2026-09-22 11:47:51 - INFO: step3.py, pbe: ForkPoolWorker-4: Calling delphi to calculate conformer (48/622) TYR01A0727_001 in /tmp/pbe_data.data.home.granepura.5-Kinases.Kinases_MCCE.Trial03.run_apo.4ZAU_TYR01A0727_001
2026-09-22 11:47:51 - INFO: step3.py, pbe: ForkPoolWorker-1: Calling delphi to calculate conformer (49/622) TYR01A0727_002 in /tmp/pbe_data.data.home.granepura.5-Kinases.Kinases_MCCE.Trial03.run_apo.4ZAU_TYR01A0727_002
2026-09-22 11:47:55 - INFO: step3.py, pbe: ForkPoolWorker-5: Calling delphi to calculate conformer (50/622) TYR-1A0727_003 in /tmp/pbe_data.data.home.granepura.5-Kinases.Kinases_MCCE.Trial03.run_apo.4ZAU_TYR-1A0727_003
2026-09-22 11:47:55 - INFO: step3.py, pbe: ForkPoolWorker-3: Calling delphi to calculate conformer (51/622) LYS01A0728_001 in /tmp/pbe_data.data.home.granepura.5-Kinases.Kinases_MCCE.Trial03.run_apo.4ZAU_LYS01A0728_001
2026-09-22 11:47:56 - INFO: step3.py, pbe: ForkPoolWorker-2: Calling delphi to calculate conformer (52/622) LYS+1A0728_002 in /tmp/pbe_data.data.home.granepura.5-Kinases.Kinases_MCCE.Trial03.run_apo.4ZAU_LYS+1A0728_002
2026-09-22 11:47:56 - INFO: step3.py, pbe: Skipping PBE solver for non-charge conformer (53/622) LEU01A0730_001...
2026-09-22 11:47:56 - INFO: step3.py, pbe: Skipping PBE solver for non-charge conformer (54/622) TRP01A0731_001...
2026-09-22 11:47:56 - INFO: step3.py, pbe: Skipping PBE solver for non-charge conformer (55/622) ILE01A0732_001...
2026-09-22 11:47:56 - INFO: step3.py, pbe: Skipping PBE solver for non-charge conformer (56/622) PRO01A0733_001...
2026-09-22 11:47:56 - INFO: step3.py, pbe: ForkPoolWorker-4: Calling delphi to calculate conformer (57/622) GLU01A0734_001 in /tmp/pbe_data.data.home.granepura.5-Kinases.Kinases_MCCE.Trial03.run_apo.4ZAU_GLU01A0734_001
2026-09-22 11:47:56 - INFO: step3.py, pbe: ForkPoolWorker-1: Calling delphi to calculate conformer (58/622) GLU01A0734_002 in /tmp/pbe_data.data.home.granepura.5-Kinases.Kinases_MCCE.Trial03.run_apo.4ZAU_GLU01A0734_002
2026-09-22 11:48:00 - INFO: step3.py, pbe: ForkPoolWorker-5: Calling delphi to calculate conformer (59/622) GLU02A0734_003 in /tmp/pbe_data.data.home.granepura.5-Kinases.Kinases_MCCE.Trial03.run_apo.4ZAU_GLU02A0734_003
2026-09-22 11:48:00 - INFO: step3.py, pbe: ForkPoolWorker-3: Calling delphi to calculate conformer (60/622) GLU02A0734_004 in /tmp/pbe_data.data.home.granepura.5-Kinases.Kinases_MCCE.Trial03.run_apo.4ZAU_GLU02A0734_004
2026-09-22 11:48:00 - INFO: step3.py, pbe: ForkPoolWorker-2: Calling delphi to calculate conformer (61/622) GLU-1A0734_005 in /tmp/pbe_data.data.home.granepura.5-Kinases.Kinases_MCCE.Trial03.run_apo.4ZAU_GLU-1A0734_005
2026-09-22 11:48:00 - INFO: step3.py, pbe: ForkPoolWorker-4: Calling delphi to calculate conformer (62/622) GLU01A0736_001 in /tmp/pbe_data.data.home.granepura.5-Kinases.Kinases_MCCE.Trial03.run_apo.4ZAU_GLU01A0736_001
2026-09-22 11:48:00 - INFO: step3.py, pbe: ForkPoolWorker-1: Calling delphi to calculate conformer (63/622) GLU01A0736_002 in /tmp/pbe_data.data.home.granepura.5-Kinases.Kinases_MCCE.Trial03.run_apo.4ZAU_GLU01A0736_002
2026-09-22 11:48:05 - INFO: step3.py, pbe: ForkPoolWorker-2: Calling delphi to calculate conformer (64/622) GLU02A0736_003 in /tmp/pbe_data.data.home.granepura.5-Kinases.Kinases_MCCE.Trial03.run_apo.4ZAU_GLU02A0736_003
2026-09-22 11:48:05 - INFO: step3.py, pbe: ForkPoolWorker-4: Calling delphi to calculate conformer (66/622) GLU-1A0736_005 in /tmp/pbe_data.data.home.granepura.5-Kinases.Kinases_MCCE.Trial03.run_apo.4ZAU_GLU-1A0736_005
2026-09-22 11:48:05 - INFO: step3.py, pbe: ForkPoolWorker-1: Calling delphi to calculate conformer (65/622) GLU02A0736_004 in /tmp/pbe_data.data.home.granepura.5-Kinases.Kinases_MCCE.Trial03.run_apo.4ZAU_GLU02A0736_004
2026-09-22 11:48:06 - INFO: step3.py, pbe: ForkPoolWorker-5: Calling delphi to calculate conformer (67/622) LYS01A0737_001 in /tmp/pbe_data.data.home.granepura.5-Kinases.Kinases_MCCE.Trial03.run_apo.4ZAU_LYS01A0737_001
2026-09-22 11:48:06 - INFO: step3.py, pbe: ForkPoolWorker-3: Calling delphi to calculate conformer (68/622) LYS+1A0737_002 in /tmp/pbe_data.data.home.granepura.5-Kinases.Kinases_MCCE.Trial03.run_apo.4ZAU_LYS+1A0737_002
2026-09-22 11:48:10 - INFO: step3.py, pbe: Skipping PBE solver for non-charge conformer (69/622) VAL01A0738_001...
2026-09-22 11:48:10 - INFO: step3.py, pbe: ForkPoolWorker-2: Calling delphi to calculate conformer (70/622) LYS01A0739_001 in /tmp/pbe_data.data.home.granepura.5-Kinases.Kinases_MCCE.Trial03.run_apo.4ZAU_LYS01A0739_001
2026-09-22 11:48:10 - INFO: step3.py, pbe: Skipping PBE solver for non-charge conformer (72/622) ILE01A0740_001...
2026-09-22 11:48:10 - INFO: step3.py, pbe: ForkPoolWorker-4: Calling delphi to calculate conformer (71/622) LYS+1A0739_002 in /tmp/pbe_data.data.home.granepura.5-Kinases.Kinases_MCCE.Trial03.run_apo.4ZAU_LYS+1A0739_002
2026-09-22 11:48:10 - INFO: step3.py, pbe: Skipping PBE solver for non-charge conformer (73/622) PRO01A0741_001...
2026-09-22 11:48:10 - INFO: step3.py, pbe: Skipping PBE solver for non-charge conformer (74/622) VAL01A0742_001...
2026-09-22 11:48:10 - INFO: step3.py, pbe: Skipping PBE solver for non-charge conformer (75/622) ALA01A0743_001...
2026-09-22 11:48:11 - INFO: step3.py, pbe: Skipping PBE solver for non-charge conformer (76/622) ILE01A0744_001...
2026-09-22 11:48:11 - INFO: step3.py, pbe: ForkPoolWorker-3: Calling delphi to calculate conformer (77/622) LYS01A0745_001 in /tmp/pbe_data.data.home.granepura.5-Kinases.Kinases_MCCE.Trial03.run_apo.4ZAU_LYS01A0745_001
2026-09-22 11:48:11 - INFO: step3.py, pbe: ForkPoolWorker-1: Calling delphi to calculate conformer (78/622) LYS+1A0745_002 in /tmp/pbe_data.data.home.granepura.5-Kinases.Kinases_MCCE.Trial03.run_apo.4ZAU_LYS+1A0745_002
2026-09-22 11:48:11 - INFO: step3.py, pbe: ForkPoolWorker-5: Calling delphi to calculate conformer (79/622) GLU01A0746_001 in /tmp/pbe_data.data.home.granepura.5-Kinases.Kinases_MCCE.Trial03.run_apo.4ZAU_GLU01A0746_001
2026-09-22 11:48:15 - INFO: step3.py, pbe: ForkPoolWorker-4: Calling delphi to calculate conformer (80/622) GLU01A0746_002 in /tmp/pbe_data.data.home.granepura.5-Kinases.Kinases_MCCE.Trial03.run_apo.4ZAU_GLU01A0746_002
2026-09-22 11:48:15 - INFO: step3.py, pbe: ForkPoolWorker-2: Calling delphi to calculate conformer (81/622) GLU02A0746_003 in /tmp/pbe_data.data.home.granepura.5-Kinases.Kinases_MCCE.Trial03.run_apo.4ZAU_GLU02A0746_003
2026-09-22 11:48:15 - INFO: step3.py, pbe: ForkPoolWorker-1: Calling delphi to calculate conformer (82/622) GLU02A0746_004 in /tmp/pbe_data.data.home.granepura.5-Kinases.Kinases_MCCE.Trial03.run_apo.4ZAU_GLU02A0746_004
2026-09-22 11:48:15 - INFO: step3.py, pbe: ForkPoolWorker-5: Calling delphi to calculate conformer (83/622) GLU-1A0746_005 in /tmp/pbe_data.data.home.granepura.5-Kinases.Kinases_MCCE.Trial03.run_apo.4ZAU_GLU-1A0746_005
2026-09-22 11:48:16 - INFO: step3.py, pbe: ForkPoolWorker-3: Calling delphi to calculate conformer (84/622) ASN01A0756_001 in /tmp/pbe_data.data.home.granepura.5-Kinases.Kinases_MCCE.Trial03.run_apo.4ZAU_ASN01A0756_001
2026-09-22 11:48:20 - INFO: step3.py, pbe: ForkPoolWorker-4: Calling delphi to calculate conformer (85/622) LYS01A0757_001 in /tmp/pbe_data.data.home.granepura.5-Kinases.Kinases_MCCE.Trial03.run_apo.4ZAU_LYS01A0757_001
2026-09-22 11:48:20 - INFO: step3.py, pbe: ForkPoolWorker-1: Calling delphi to calculate conformer (86/622) LYS+1A0757_002 in /tmp/pbe_data.data.home.granepura.5-Kinases.Kinases_MCCE.Trial03.run_apo.4ZAU_LYS+1A0757_002
2026-09-22 11:48:20 - INFO: step3.py, pbe: ForkPoolWorker-2: Calling delphi to calculate conformer (87/622) GLU01A0758_001 in /tmp/pbe_data.data.home.granepura.5-Kinases.Kinases_MCCE.Trial03.run_apo.4ZAU_GLU01A0758_001
2026-09-22 11:48:20 - INFO: step3.py, pbe: ForkPoolWorker-5: Calling delphi to calculate conformer (88/622) GLU01A0758_002 in /tmp/pbe_data.data.home.granepura.5-Kinases.Kinases_MCCE.Trial03.run_apo.4ZAU_GLU01A0758_002
2026-09-22 11:48:20 - INFO: step3.py, pbe: ForkPoolWorker-3: Calling delphi to calculate conformer (89/622) GLU02A0758_003 in /tmp/pbe_data.data.home.granepura.5-Kinases.Kinases_MCCE.Trial03.run_apo.4ZAU_GLU02A0758_003
2026-09-22 11:48:25 - INFO: step3.py, pbe: ForkPoolWorker-4: Calling delphi to calculate conformer (90/622) GLU02A0758_004 in /tmp/pbe_data.data.home.granepura.5-Kinases.Kinases_MCCE.Trial03.run_apo.4ZAU_GLU02A0758_004
2026-09-22 11:48:25 - INFO: step3.py, pbe: ForkPoolWorker-1: Calling delphi to calculate conformer (91/622) GLU-1A0758_005 in /tmp/pbe_data.data.home.granepura.5-Kinases.Kinases_MCCE.Trial03.run_apo.4ZAU_GLU-1A0758_005
2026-09-22 11:48:25 - INFO: step3.py, pbe: Skipping PBE solver for non-charge conformer (92/622) ILE01A0759_001...
2026-09-22 11:48:25 - INFO: step3.py, pbe: Skipping PBE solver for non-charge conformer (93/622) LEU01A0760_001...
2026-09-22 11:48:25 - INFO: step3.py, pbe: ForkPoolWorker-2: Calling delphi to calculate conformer (94/622) ASP01A0761_001 in /tmp/pbe_data.data.home.granepura.5-Kinases.Kinases_MCCE.Trial03.run_apo.4ZAU_ASP01A0761_001
2026-09-22 11:48:25 - INFO: step3.py, pbe: ForkPoolWorker-5: Calling delphi to calculate conformer (95/622) ASP01A0761_002 in /tmp/pbe_data.data.home.granepura.5-Kinases.Kinases_MCCE.Trial03.run_apo.4ZAU_ASP01A0761_002
2026-09-22 11:48:25 - INFO: step3.py, pbe: ForkPoolWorker-3: Calling delphi to calculate conformer (96/622) ASP02A0761_003 in /tmp/pbe_data.data.home.granepura.5-Kinases.Kinases_MCCE.Trial03.run_apo.4ZAU_ASP02A0761_003
2026-09-22 11:48:29 - INFO: step3.py, pbe: ForkPoolWorker-1: Calling delphi to calculate conformer (98/622) ASP-1A0761_005 in /tmp/pbe_data.data.home.granepura.5-Kinases.Kinases_MCCE.Trial03.run_apo.4ZAU_ASP-1A0761_005
2026-09-22 11:48:29 - INFO: step3.py, pbe: ForkPoolWorker-4: Calling delphi to calculate conformer (97/622) ASP02A0761_004 in /tmp/pbe_data.data.home.granepura.5-Kinases.Kinases_MCCE.Trial03.run_apo.4ZAU_ASP02A0761_004
2026-09-22 11:48:29 - INFO: step3.py, pbe: ForkPoolWorker-2: Calling delphi to calculate conformer (99/622) GLU01A0762_001 in /tmp/pbe_data.data.home.granepura.5-Kinases.Kinases_MCCE.Trial03.run_apo.4ZAU_GLU01A0762_001
2026-09-22 11:48:30 - INFO: step3.py, pbe: ForkPoolWorker-5: Calling delphi to calculate conformer (100/622) GLU01A0762_002 in /tmp/pbe_data.data.home.granepura.5-Kinases.Kinases_MCCE.Trial03.run_apo.4ZAU_GLU01A0762_002
2026-09-22 11:48:30 - INFO: step3.py, pbe: ForkPoolWorker-3: Calling delphi to calculate conformer (101/622) GLU02A0762_003 in /tmp/pbe_data.data.home.granepura.5-Kinases.Kinases_MCCE.Trial03.run_apo.4ZAU_GLU02A0762_003
2026-09-22 11:48:34 - INFO: step3.py, pbe: ForkPoolWorker-4: Calling delphi to calculate conformer (102/622) GLU02A0762_004 in /tmp/pbe_data.data.home.granepura.5-Kinases.Kinases_MCCE.Trial03.run_apo.4ZAU_GLU02A0762_004
2026-09-22 11:48:34 - INFO: step3.py, pbe: ForkPoolWorker-1: Calling delphi to calculate conformer (103/622) GLU-1A0762_005 in /tmp/pbe_data.data.home.granepura.5-Kinases.Kinases_MCCE.Trial03.run_apo.4ZAU_GLU-1A0762_005
2026-09-22 11:48:34 - INFO: step3.py, pbe: Skipping PBE solver for non-charge conformer (104/622) ALA01A0763_001...
2026-09-22 11:48:34 - INFO: step3.py, pbe: ForkPoolWorker-2: Calling delphi to calculate conformer (105/622) TYR01A0764_001 in /tmp/pbe_data.data.home.granepura.5-Kinases.Kinases_MCCE.Trial03.run_apo.4ZAU_TYR01A0764_001
2026-09-22 11:48:34 - INFO: step3.py, pbe: ForkPoolWorker-5: Calling delphi to calculate conformer (106/622) TYR01A0764_002 in /tmp/pbe_data.data.home.granepura.5-Kinases.Kinases_MCCE.Trial03.run_apo.4ZAU_TYR01A0764_002
2026-09-22 11:48:35 - INFO: step3.py, pbe: ForkPoolWorker-3: Calling delphi to calculate conformer (107/622) TYR-1A0764_003 in /tmp/pbe_data.data.home.granepura.5-Kinases.Kinases_MCCE.Trial03.run_apo.4ZAU_TYR-1A0764_003
2026-09-22 11:48:39 - INFO: step3.py, pbe: Skipping PBE solver for non-charge conformer (108/622) VAL01A0765_001...
2026-09-22 11:48:39 - INFO: step3.py, pbe: ForkPoolWorker-4: Calling delphi to calculate conformer (109/622) MET01A0766_001 in /tmp/pbe_data.data.home.granepura.5-Kinases.Kinases_MCCE.Trial03.run_apo.4ZAU_MET01A0766_001
2026-09-22 11:48:39 - INFO: step3.py, pbe: Skipping PBE solver for non-charge conformer (110/622) ALA01A0767_001...
2026-09-22 11:48:39 - INFO: step3.py, pbe: ForkPoolWorker-1: Calling delphi to calculate conformer (111/622) SER01A0768_001 in /tmp/pbe_data.data.home.granepura.5-Kinases.Kinases_MCCE.Trial03.run_apo.4ZAU_SER01A0768_001
2026-09-22 11:48:39 - INFO: step3.py, pbe: ForkPoolWorker-2: Calling delphi to calculate conformer (112/622) SER01A0768_002 in /tmp/pbe_data.data.home.granepura.5-Kinases.Kinases_MCCE.Trial03.run_apo.4ZAU_SER01A0768_002
2026-09-22 11:48:39 - INFO: step3.py, pbe: ForkPoolWorker-5: Calling delphi to calculate conformer (113/622) SER01A0768_003 in /tmp/pbe_data.data.home.granepura.5-Kinases.Kinases_MCCE.Trial03.run_apo.4ZAU_SER01A0768_003
2026-09-22 11:48:40 - INFO: step3.py, pbe: Skipping PBE solver for non-charge conformer (114/622) VAL01A0769_001...
2026-09-22 11:48:40 - INFO: step3.py, pbe: ForkPoolWorker-3: Calling delphi to calculate conformer (115/622) ASP01A0770_001 in /tmp/pbe_data.data.home.granepura.5-Kinases.Kinases_MCCE.Trial03.run_apo.4ZAU_ASP01A0770_001
2026-09-22 11:48:44 - INFO: step3.py, pbe: ForkPoolWorker-4: Calling delphi to calculate conformer (116/622) ASP01A0770_002 in /tmp/pbe_data.data.home.granepura.5-Kinases.Kinases_MCCE.Trial03.run_apo.4ZAU_ASP01A0770_002
2026-09-22 11:48:44 - INFO: step3.py, pbe: ForkPoolWorker-1: Calling delphi to calculate conformer (117/622) ASP02A0770_003 in /tmp/pbe_data.data.home.granepura.5-Kinases.Kinases_MCCE.Trial03.run_apo.4ZAU_ASP02A0770_003
2026-09-22 11:48:44 - INFO: step3.py, pbe: ForkPoolWorker-5: Calling delphi to calculate conformer (118/622) ASP02A0770_004 in /tmp/pbe_data.data.home.granepura.5-Kinases.Kinases_MCCE.Trial03.run_apo.4ZAU_ASP02A0770_004
2026-09-22 11:48:44 - INFO: step3.py, pbe: ForkPoolWorker-2: Calling delphi to calculate conformer (119/622) ASP-1A0770_005 in /tmp/pbe_data.data.home.granepura.5-Kinases.Kinases_MCCE.Trial03.run_apo.4ZAU_ASP-1A0770_005
2026-09-22 11:48:44 - INFO: step3.py, pbe: ForkPoolWorker-3: Calling delphi to calculate conformer (120/622) ASN01A0771_001 in /tmp/pbe_data.data.home.granepura.5-Kinases.Kinases_MCCE.Trial03.run_apo.4ZAU_ASN01A0771_001
2026-09-22 11:48:49 - INFO: step3.py, pbe: ForkPoolWorker-4: Calling delphi to calculate conformer (121/622) ASN01A0771_002 in /tmp/pbe_data.data.home.granepura.5-Kinases.Kinases_MCCE.Trial03.run_apo.4ZAU_ASN01A0771_002
2026-09-22 11:48:49 - INFO: step3.py, pbe: Skipping PBE solver for non-charge conformer (122/622) PRO01A0772_001...
2026-09-22 11:48:49 - INFO: step3.py, pbe: ForkPoolWorker-5: Calling delphi to calculate conformer (124/622) HIS01A0773_002 in /tmp/pbe_data.data.home.granepura.5-Kinases.Kinases_MCCE.Trial03.run_apo.4ZAU_HIS01A0773_002
2026-09-22 11:48:49 - INFO: step3.py, pbe: ForkPoolWorker-1: Calling delphi to calculate conformer (123/622) HIS01A0773_001 in /tmp/pbe_data.data.home.granepura.5-Kinases.Kinases_MCCE.Trial03.run_apo.4ZAU_HIS01A0773_001
2026-09-22 11:48:49 - INFO: step3.py, pbe: ForkPoolWorker-3: Calling delphi to calculate conformer (125/622) HIS01A0773_003 in /tmp/pbe_data.data.home.granepura.5-Kinases.Kinases_MCCE.Trial03.run_apo.4ZAU_HIS01A0773_003
2026-09-22 11:48:49 - INFO: step3.py, pbe: ForkPoolWorker-2: Calling delphi to calculate conformer (126/622) HIS02A0773_004 in /tmp/pbe_data.data.home.granepura.5-Kinases.Kinases_MCCE.Trial03.run_apo.4ZAU_HIS02A0773_004
2026-09-22 11:48:54 - INFO: step3.py, pbe: ForkPoolWorker-4: Calling delphi to calculate conformer (127/622) HIS02A0773_005 in /tmp/pbe_data.data.home.granepura.5-Kinases.Kinases_MCCE.Trial03.run_apo.4ZAU_HIS02A0773_005
2026-09-22 11:48:54 - INFO: step3.py, pbe: ForkPoolWorker-1: Calling delphi to calculate conformer (128/622) HIS02A0773_006 in /tmp/pbe_data.data.home.granepura.5-Kinases.Kinases_MCCE.Trial03.run_apo.4ZAU_HIS02A0773_006
2026-09-22 11:48:54 - INFO: step3.py, pbe: ForkPoolWorker-5: Calling delphi to calculate conformer (129/622) HIS+1A0773_007 in /tmp/pbe_data.data.home.granepura.5-Kinases.Kinases_MCCE.Trial03.run_apo.4ZAU_HIS+1A0773_007
2026-09-22 11:48:54 - INFO: step3.py, pbe: ForkPoolWorker-2: Calling delphi to calculate conformer (130/622) HIS+1A0773_008 in /tmp/pbe_data.data.home.granepura.5-Kinases.Kinases_MCCE.Trial03.run_apo.4ZAU_HIS+1A0773_008
2026-09-22 11:48:54 - INFO: step3.py, pbe: ForkPoolWorker-3: Calling delphi to calculate conformer (131/622) HIS+1A0773_009 in /tmp/pbe_data.data.home.granepura.5-Kinases.Kinases_MCCE.Trial03.run_apo.4ZAU_HIS+1A0773_009
2026-09-22 11:48:58 - INFO: step3.py, pbe: Skipping PBE solver for non-charge conformer (132/622) VAL01A0774_001...
2026-09-22 11:48:58 - INFO: step3.py, pbe: ForkPoolWorker-4: Calling delphi to calculate conformer (133/622) CYS01A0775_001 in /tmp/pbe_data.data.home.granepura.5-Kinases.Kinases_MCCE.Trial03.run_apo.4ZAU_CYS01A0775_001
2026-09-22 11:48:59 - INFO: step3.py, pbe: ForkPoolWorker-1: Calling delphi to calculate conformer (134/622) CYS01A0775_002 in /tmp/pbe_data.data.home.granepura.5-Kinases.Kinases_MCCE.Trial03.run_apo.4ZAU_CYS01A0775_002
2026-09-22 11:48:59 - INFO: step3.py, pbe: ForkPoolWorker-5: Calling delphi to calculate conformer (135/622) CYS01A0775_003 in /tmp/pbe_data.data.home.granepura.5-Kinases.Kinases_MCCE.Trial03.run_apo.4ZAU_CYS01A0775_003
2026-09-22 11:48:59 - INFO: step3.py, pbe: ForkPoolWorker-2: Calling delphi to calculate conformer (136/622) CYS-1A0775_004 in /tmp/pbe_data.data.home.granepura.5-Kinases.Kinases_MCCE.Trial03.run_apo.4ZAU_CYS-1A0775_004
2026-09-22 11:48:59 - INFO: step3.py, pbe: ForkPoolWorker-3: Calling delphi to calculate conformer (137/622) ARG01A0776_001 in /tmp/pbe_data.data.home.granepura.5-Kinases.Kinases_MCCE.Trial03.run_apo.4ZAU_ARG01A0776_001
2026-09-22 11:49:03 - INFO: step3.py, pbe: ForkPoolWorker-4: Calling delphi to calculate conformer (138/622) ARG02A0776_002 in /tmp/pbe_data.data.home.granepura.5-Kinases.Kinases_MCCE.Trial03.run_apo.4ZAU_ARG02A0776_002
2026-09-22 11:49:03 - INFO: step3.py, pbe: ForkPoolWorker-1: Calling delphi to calculate conformer (139/622) ARG02A0776_003 in /tmp/pbe_data.data.home.granepura.5-Kinases.Kinases_MCCE.Trial03.run_apo.4ZAU_ARG02A0776_003
2026-09-22 11:49:04 - INFO: step3.py, pbe: ForkPoolWorker-5: Calling delphi to calculate conformer (140/622) ARG03A0776_004 in /tmp/pbe_data.data.home.granepura.5-Kinases.Kinases_MCCE.Trial03.run_apo.4ZAU_ARG03A0776_004
2026-09-22 11:49:04 - INFO: step3.py, pbe: ForkPoolWorker-2: Calling delphi to calculate conformer (141/622) ARG03A0776_005 in /tmp/pbe_data.data.home.granepura.5-Kinases.Kinases_MCCE.Trial03.run_apo.4ZAU_ARG03A0776_005
2026-09-22 11:49:04 - INFO: step3.py, pbe: ForkPoolWorker-3: Calling delphi to calculate conformer (142/622) ARG+1A0776_006 in /tmp/pbe_data.data.home.granepura.5-Kinases.Kinases_MCCE.Trial03.run_apo.4ZAU_ARG+1A0776_006
2026-09-22 11:49:08 - INFO: step3.py, pbe: Skipping PBE solver for non-charge conformer (143/622) LEU01A0777_001...
2026-09-22 11:49:08 - INFO: step3.py, pbe: Skipping PBE solver for non-charge conformer (144/622) LEU01A0778_001...
2026-09-22 11:49:08 - INFO: step3.py, pbe: Skipping PBE solver for non-charge conformer (145/622) ILE01A0780_001...
2026-09-22 11:49:08 - INFO: step3.py, pbe: ForkPoolWorker-4: Calling delphi to calculate conformer (146/622) CYS01A0781_001 in /tmp/pbe_data.data.home.granepura.5-Kinases.Kinases_MCCE.Trial03.run_apo.4ZAU_CYS01A0781_001
2026-09-22 11:49:08 - INFO: step3.py, pbe: ForkPoolWorker-1: Calling delphi to calculate conformer (147/622) CYS01A0781_002 in /tmp/pbe_data.data.home.granepura.5-Kinases.Kinases_MCCE.Trial03.run_apo.4ZAU_CYS01A0781_002
2026-09-22 11:49:08 - INFO: step3.py, pbe: ForkPoolWorker-5: Calling delphi to calculate conformer (148/622) CYS01A0781_003 in /tmp/pbe_data.data.home.granepura.5-Kinases.Kinases_MCCE.Trial03.run_apo.4ZAU_CYS01A0781_003
2026-09-22 11:49:09 - INFO: step3.py, pbe: ForkPoolWorker-2: Calling delphi to calculate conformer (149/622) CYS-1A0781_004 in /tmp/pbe_data.data.home.granepura.5-Kinases.Kinases_MCCE.Trial03.run_apo.4ZAU_CYS-1A0781_004
2026-09-22 11:49:09 - INFO: step3.py, pbe: Skipping PBE solver for non-charge conformer (150/622) LEU01A0782_001...
2026-09-22 11:49:09 - INFO: step3.py, pbe: ForkPoolWorker-3: Calling delphi to calculate conformer (151/622) THR01A0783_001 in /tmp/pbe_data.data.home.granepura.5-Kinases.Kinases_MCCE.Trial03.run_apo.4ZAU_THR01A0783_001
2026-09-22 11:49:13 - INFO: step3.py, pbe: ForkPoolWorker-4: Calling delphi to calculate conformer (152/622) THR01A0783_002 in /tmp/pbe_data.data.home.granepura.5-Kinases.Kinases_MCCE.Trial03.run_apo.4ZAU_THR01A0783_002
2026-09-22 11:49:13 - INFO: step3.py, pbe: ForkPoolWorker-1: Calling delphi to calculate conformer (153/622) THR01A0783_003 in /tmp/pbe_data.data.home.granepura.5-Kinases.Kinases_MCCE.Trial03.run_apo.4ZAU_THR01A0783_003
2026-09-22 11:49:13 - INFO: step3.py, pbe: ForkPoolWorker-5: Calling delphi to calculate conformer (154/622) SER01A0784_001 in /tmp/pbe_data.data.home.granepura.5-Kinases.Kinases_MCCE.Trial03.run_apo.4ZAU_SER01A0784_001
2026-09-22 11:49:14 - INFO: step3.py, pbe: ForkPoolWorker-2: Calling delphi to calculate conformer (155/622) THR01A0785_001 in /tmp/pbe_data.data.home.granepura.5-Kinases.Kinases_MCCE.Trial03.run_apo.4ZAU_THR01A0785_001
2026-09-22 11:49:14 - INFO: step3.py, pbe: ForkPoolWorker-3: Calling delphi to calculate conformer (156/622) THR01A0785_002 in /tmp/pbe_data.data.home.granepura.5-Kinases.Kinases_MCCE.Trial03.run_apo.4ZAU_THR01A0785_002
2026-09-22 11:49:17 - INFO: step3.py, pbe: Skipping PBE solver for non-charge conformer (157/622) VAL01A0786_001...
2026-09-22 11:49:17 - INFO: step3.py, pbe: ForkPoolWorker-4: Calling delphi to calculate conformer (158/622) GLN01A0787_001 in /tmp/pbe_data.data.home.granepura.5-Kinases.Kinases_MCCE.Trial03.run_apo.4ZAU_GLN01A0787_001
2026-09-22 11:49:17 - INFO: step3.py, pbe: ForkPoolWorker-1: Calling delphi to calculate conformer (159/622) GLN01A0787_002 in /tmp/pbe_data.data.home.granepura.5-Kinases.Kinases_MCCE.Trial03.run_apo.4ZAU_GLN01A0787_002
2026-09-22 11:49:18 - INFO: step3.py, pbe: Skipping PBE solver for non-charge conformer (160/622) LEU01A0788_001...
2026-09-22 11:49:18 - INFO: step3.py, pbe: Skipping PBE solver for non-charge conformer (161/622) ILE01A0789_001...
2026-09-22 11:49:18 - INFO: step3.py, pbe: ForkPoolWorker-5: Calling delphi to calculate conformer (162/622) THR01A0790_001 in /tmp/pbe_data.data.home.granepura.5-Kinases.Kinases_MCCE.Trial03.run_apo.4ZAU_THR01A0790_001
2026-09-22 11:49:18 - INFO: step3.py, pbe: ForkPoolWorker-2: Calling delphi to calculate conformer (163/622) THR01A0790_002 in /tmp/pbe_data.data.home.granepura.5-Kinases.Kinases_MCCE.Trial03.run_apo.4ZAU_THR01A0790_002
2026-09-22 11:49:18 - INFO: step3.py, pbe: ForkPoolWorker-3: Calling delphi to calculate conformer (164/622) GLN01A0791_001 in /tmp/pbe_data.data.home.granepura.5-Kinases.Kinases_MCCE.Trial03.run_apo.4ZAU_GLN01A0791_001
2026-09-22 11:49:22 - INFO: step3.py, pbe: Skipping PBE solver for non-charge conformer (165/622) LEU01A0792_001...
2026-09-22 11:49:22 - INFO: step3.py, pbe: ForkPoolWorker-4: Calling delphi to calculate conformer (166/622) MET01A0793_001 in /tmp/pbe_data.data.home.granepura.5-Kinases.Kinases_MCCE.Trial03.run_apo.4ZAU_MET01A0793_001
2026-09-22 11:49:22 - INFO: step3.py, pbe: Skipping PBE solver for non-charge conformer (167/622) PRO01A0794_001...
2026-09-22 11:49:22 - INFO: step3.py, pbe: Skipping PBE solver for non-charge conformer (168/622) PHE01A0795_001...
2026-09-22 11:49:22 - INFO: step3.py, pbe: ForkPoolWorker-1: Calling delphi to calculate conformer (169/622) CYS01A0797_001 in /tmp/pbe_data.data.home.granepura.5-Kinases.Kinases_MCCE.Trial03.run_apo.4ZAU_CYS01A0797_001
2026-09-22 11:49:23 - INFO: step3.py, pbe: ForkPoolWorker-5: Calling delphi to calculate conformer (170/622) CYS01A0797_002 in /tmp/pbe_data.data.home.granepura.5-Kinases.Kinases_MCCE.Trial03.run_apo.4ZAU_CYS01A0797_002
2026-09-22 11:49:23 - INFO: step3.py, pbe: ForkPoolWorker-2: Calling delphi to calculate conformer (171/622) CYS01A0797_003 in /tmp/pbe_data.data.home.granepura.5-Kinases.Kinases_MCCE.Trial03.run_apo.4ZAU_CYS01A0797_003
2026-09-22 11:49:23 - INFO: step3.py, pbe: ForkPoolWorker-3: Calling delphi to calculate conformer (172/622) CYS-1A0797_004 in /tmp/pbe_data.data.home.granepura.5-Kinases.Kinases_MCCE.Trial03.run_apo.4ZAU_CYS-1A0797_004
2026-09-22 11:49:27 - INFO: step3.py, pbe: Skipping PBE solver for non-charge conformer (173/622) LEU01A0798_001...
2026-09-22 11:49:27 - INFO: step3.py, pbe: Skipping PBE solver for non-charge conformer (174/622) LEU01A0799_001...
2026-09-22 11:49:27 - INFO: step3.py, pbe: ForkPoolWorker-4: Calling delphi to calculate conformer (175/622) ASP01A0800_001 in /tmp/pbe_data.data.home.granepura.5-Kinases.Kinases_MCCE.Trial03.run_apo.4ZAU_ASP01A0800_001
2026-09-22 11:49:27 - INFO: step3.py, pbe: ForkPoolWorker-1: Calling delphi to calculate conformer (176/622) ASP01A0800_002 in /tmp/pbe_data.data.home.granepura.5-Kinases.Kinases_MCCE.Trial03.run_apo.4ZAU_ASP01A0800_002
2026-09-22 11:49:27 - INFO: step3.py, pbe: ForkPoolWorker-5: Calling delphi to calculate conformer (177/622) ASP02A0800_003 in /tmp/pbe_data.data.home.granepura.5-Kinases.Kinases_MCCE.Trial03.run_apo.4ZAU_ASP02A0800_003
2026-09-22 11:49:28 - INFO: step3.py, pbe: ForkPoolWorker-2: Calling delphi to calculate conformer (178/622) ASP02A0800_004 in /tmp/pbe_data.data.home.granepura.5-Kinases.Kinases_MCCE.Trial03.run_apo.4ZAU_ASP02A0800_004
2026-09-22 11:49:28 - INFO: step3.py, pbe: ForkPoolWorker-3: Calling delphi to calculate conformer (179/622) ASP-1A0800_005 in /tmp/pbe_data.data.home.granepura.5-Kinases.Kinases_MCCE.Trial03.run_apo.4ZAU_ASP-1A0800_005
2026-09-22 11:49:31 - INFO: step3.py, pbe: ForkPoolWorker-4: Calling delphi to calculate conformer (180/622) TYR01A0801_001 in /tmp/pbe_data.data.home.granepura.5-Kinases.Kinases_MCCE.Trial03.run_apo.4ZAU_TYR01A0801_001
2026-09-22 11:49:32 - INFO: step3.py, pbe: ForkPoolWorker-1: Calling delphi to calculate conformer (181/622) TYR-1A0801_002 in /tmp/pbe_data.data.home.granepura.5-Kinases.Kinases_MCCE.Trial03.run_apo.4ZAU_TYR-1A0801_002
2026-09-22 11:49:32 - INFO: step3.py, pbe: Skipping PBE solver for non-charge conformer (182/622) VAL01A0802_001...
2026-09-22 11:49:32 - INFO: step3.py, pbe: ForkPoolWorker-5: Calling delphi to calculate conformer (183/622) ARG01A0803_001 in /tmp/pbe_data.data.home.granepura.5-Kinases.Kinases_MCCE.Trial03.run_apo.4ZAU_ARG01A0803_001
2026-09-22 11:49:32 - INFO: step3.py, pbe: ForkPoolWorker-2: Calling delphi to calculate conformer (184/622) ARG02A0803_002 in /tmp/pbe_data.data.home.granepura.5-Kinases.Kinases_MCCE.Trial03.run_apo.4ZAU_ARG02A0803_002
2026-09-22 11:49:33 - INFO: step3.py, pbe: ForkPoolWorker-3: Calling delphi to calculate conformer (185/622) ARG03A0803_003 in /tmp/pbe_data.data.home.granepura.5-Kinases.Kinases_MCCE.Trial03.run_apo.4ZAU_ARG03A0803_003
