ForkPoolWorker-5: Calling delphi to calculate conformer (5/621) TYR-1A0822_003 in /tmp/pbe_data.data.home.granepura.5-Kinases.Kinases_MCCE.Trial02.run_apo.3WZD_TYR-1A0822_003
Skipping PBE solver for non-charge conformer (1/621) LEU01A0820_001...
ForkPoolWorker-4: Calling delphi to calculate conformer (4/621) TYR01A0822_002 in /tmp/pbe_data.data.home.granepura.5-Kinases.Kinases_MCCE.Trial02.run_apo.3WZD_TYR01A0822_002
ForkPoolWorker-3: Calling delphi to calculate conformer (3/621) TYR01A0822_001 in /tmp/pbe_data.data.home.granepura.5-Kinases.Kinases_MCCE.Trial02.run_apo.3WZD_TYR01A0822_001
Skipping PBE solver for non-charge conformer (2/621) PRO01A0821_001...
ForkPoolWorker-1: Calling delphi to calculate conformer (6/621) ASP01A0823_001 in /tmp/pbe_data.data.home.granepura.5-Kinases.Kinases_MCCE.Trial02.run_apo.3WZD_ASP01A0823_001
ForkPoolWorker-2: Calling delphi to calculate conformer (7/621) ASP01A0823_002 in /tmp/pbe_data.data.home.granepura.5-Kinases.Kinases_MCCE.Trial02.run_apo.3WZD_ASP01A0823_002
ForkPoolWorker-2: Calling delphi to calculate conformer (8/621) ASP01A0823_003 in /tmp/pbe_data.data.home.granepura.5-Kinases.Kinases_MCCE.Trial02.run_apo.3WZD_ASP01A0823_003
ForkPoolWorker-5: Calling delphi to calculate conformer (9/621) ASP01A0823_004 in /tmp/pbe_data.data.home.granepura.5-Kinases.Kinases_MCCE.Trial02.run_apo.3WZD_ASP01A0823_004
ForkPoolWorker-1: Calling delphi to calculate conformer (10/621) ASP02A0823_005 in /tmp/pbe_data.data.home.granepura.5-Kinases.Kinases_MCCE.Trial02.run_apo.3WZD_ASP02A0823_005
ForkPoolWorker-3: Calling delphi to calculate conformer (11/621) ASP02A0823_006 in /tmp/pbe_data.data.home.granepura.5-Kinases.Kinases_MCCE.Trial02.run_apo.3WZD_ASP02A0823_006
ForkPoolWorker-4: Calling delphi to calculate conformer (12/621) ASP02A0823_007 in /tmp/pbe_data.data.home.granepura.5-Kinases.Kinases_MCCE.Trial02.run_apo.3WZD_ASP02A0823_007
ForkPoolWorker-2: Calling delphi to calculate conformer (13/621) ASP02A0823_008 in /tmp/pbe_data.data.home.granepura.5-Kinases.Kinases_MCCE.Trial02.run_apo.3WZD_ASP02A0823_008
ForkPoolWorker-5: Calling delphi to calculate conformer (14/621) ASP-1A0823_009 in /tmp/pbe_data.data.home.granepura.5-Kinases.Kinases_MCCE.Trial02.run_apo.3WZD_ASP-1A0823_009
ForkPoolWorker-3: Calling delphi to calculate conformer (15/621) ASP-1A0823_010 in /tmp/pbe_data.data.home.granepura.5-Kinases.Kinases_MCCE.Trial02.run_apo.3WZD_ASP-1A0823_010
Skipping PBE solver for non-charge conformer (16/621) ALA01A0824_001...
ForkPoolWorker-4: Calling delphi to calculate conformer (17/621) SER01A0825_001 in /tmp/pbe_data.data.home.granepura.5-Kinases.Kinases_MCCE.Trial02.run_apo.3WZD_SER01A0825_001
ForkPoolWorker-1: Calling delphi to calculate conformer (18/621) SER01A0825_002 in /tmp/pbe_data.data.home.granepura.5-Kinases.Kinases_MCCE.Trial02.run_apo.3WZD_SER01A0825_002
ForkPoolWorker-4: Calling delphi to calculate conformer (19/621) SER01A0825_003 in /tmp/pbe_data.data.home.granepura.5-Kinases.Kinases_MCCE.Trial02.run_apo.3WZD_SER01A0825_003
ForkPoolWorker-1: Calling delphi to calculate conformer (20/621) LYS01A0826_001 in /tmp/pbe_data.data.home.granepura.5-Kinases.Kinases_MCCE.Trial02.run_apo.3WZD_LYS01A0826_001
Skipping PBE solver for non-charge conformer (22/621) TRP01A0827_001...
ForkPoolWorker-2: Calling delphi to calculate conformer (21/621) LYS+1A0826_002 in /tmp/pbe_data.data.home.granepura.5-Kinases.Kinases_MCCE.Trial02.run_apo.3WZD_LYS+1A0826_002
ForkPoolWorker-5: Calling delphi to calculate conformer (24/621) GLU01A0828_002 in /tmp/pbe_data.data.home.granepura.5-Kinases.Kinases_MCCE.Trial02.run_apo.3WZD_GLU01A0828_002
ForkPoolWorker-3: Calling delphi to calculate conformer (23/621) GLU01A0828_001 in /tmp/pbe_data.data.home.granepura.5-Kinases.Kinases_MCCE.Trial02.run_apo.3WZD_GLU01A0828_001
ForkPoolWorker-4: Calling delphi to calculate conformer (25/621) GLU02A0828_003 in /tmp/pbe_data.data.home.granepura.5-Kinases.Kinases_MCCE.Trial02.run_apo.3WZD_GLU02A0828_003
ForkPoolWorker-1: Calling delphi to calculate conformer (26/621) GLU02A0828_004 in /tmp/pbe_data.data.home.granepura.5-Kinases.Kinases_MCCE.Trial02.run_apo.3WZD_GLU02A0828_004
ForkPoolWorker-2: Calling delphi to calculate conformer (27/621) GLU-1A0828_005 in /tmp/pbe_data.data.home.granepura.5-Kinases.Kinases_MCCE.Trial02.run_apo.3WZD_GLU-1A0828_005
Skipping PBE solver for non-charge conformer (28/621) PHE01A0829_001...
Skipping PBE solver for non-charge conformer (29/621) PRO01A0830_001...
ForkPoolWorker-3: Calling delphi to calculate conformer (31/621) ARG02A0831_002 in /tmp/pbe_data.data.home.granepura.5-Kinases.Kinases_MCCE.Trial02.run_apo.3WZD_ARG02A0831_002
ForkPoolWorker-5: Calling delphi to calculate conformer (30/621) ARG01A0831_001 in /tmp/pbe_data.data.home.granepura.5-Kinases.Kinases_MCCE.Trial02.run_apo.3WZD_ARG01A0831_001
ForkPoolWorker-4: Calling delphi to calculate conformer (32/621) ARG03A0831_003 in /tmp/pbe_data.data.home.granepura.5-Kinases.Kinases_MCCE.Trial02.run_apo.3WZD_ARG03A0831_003
ForkPoolWorker-2: Calling delphi to calculate conformer (33/621) ARG+1A0831_004 in /tmp/pbe_data.data.home.granepura.5-Kinases.Kinases_MCCE.Trial02.run_apo.3WZD_ARG+1A0831_004
ForkPoolWorker-1: Calling delphi to calculate conformer (34/621) ASP01A0832_001 in /tmp/pbe_data.data.home.granepura.5-Kinases.Kinases_MCCE.Trial02.run_apo.3WZD_ASP01A0832_001
ForkPoolWorker-3: Calling delphi to calculate conformer (35/621) ASP01A0832_002 in /tmp/pbe_data.data.home.granepura.5-Kinases.Kinases_MCCE.Trial02.run_apo.3WZD_ASP01A0832_002
ForkPoolWorker-5: Calling delphi to calculate conformer (36/621) ASP02A0832_003 in /tmp/pbe_data.data.home.granepura.5-Kinases.Kinases_MCCE.Trial02.run_apo.3WZD_ASP02A0832_003
ForkPoolWorker-4: Calling delphi to calculate conformer (37/621) ASP02A0832_004 in /tmp/pbe_data.data.home.granepura.5-Kinases.Kinases_MCCE.Trial02.run_apo.3WZD_ASP02A0832_004
ForkPoolWorker-1: Calling delphi to calculate conformer (38/621) ASP-1A0832_005 in /tmp/pbe_data.data.home.granepura.5-Kinases.Kinases_MCCE.Trial02.run_apo.3WZD_ASP-1A0832_005
ForkPoolWorker-2: Calling delphi to calculate conformer (39/621) ARG01A0833_001 in /tmp/pbe_data.data.home.granepura.5-Kinases.Kinases_MCCE.Trial02.run_apo.3WZD_ARG01A0833_001
ForkPoolWorker-3: Calling delphi to calculate conformer (40/621) ARG02A0833_002 in /tmp/pbe_data.data.home.granepura.5-Kinases.Kinases_MCCE.Trial02.run_apo.3WZD_ARG02A0833_002
ForkPoolWorker-5: Calling delphi to calculate conformer (41/621) ARG03A0833_003 in /tmp/pbe_data.data.home.granepura.5-Kinases.Kinases_MCCE.Trial02.run_apo.3WZD_ARG03A0833_003
ForkPoolWorker-4: Calling delphi to calculate conformer (42/621) ARG+1A0833_004 in /tmp/pbe_data.data.home.granepura.5-Kinases.Kinases_MCCE.Trial02.run_apo.3WZD_ARG+1A0833_004
Skipping PBE solver for non-charge conformer (43/621) LEU01A0834_001...
ForkPoolWorker-2: Calling delphi to calculate conformer (44/621) LYS01A0835_001 in /tmp/pbe_data.data.home.granepura.5-Kinases.Kinases_MCCE.Trial02.run_apo.3WZD_LYS01A0835_001
ForkPoolWorker-1: Calling delphi to calculate conformer (45/621) LYS+1A0835_002 in /tmp/pbe_data.data.home.granepura.5-Kinases.Kinases_MCCE.Trial02.run_apo.3WZD_LYS+1A0835_002
Skipping PBE solver for non-charge conformer (46/621) LEU01A0836_001...
ForkPoolWorker-3: Calling delphi to calculate conformer (47/621) LYS01A0838_001 in /tmp/pbe_data.data.home.granepura.5-Kinases.Kinases_MCCE.Trial02.run_apo.3WZD_LYS01A0838_001
ForkPoolWorker-5: Calling delphi to calculate conformer (48/621) LYS+1A0838_002 in /tmp/pbe_data.data.home.granepura.5-Kinases.Kinases_MCCE.Trial02.run_apo.3WZD_LYS+1A0838_002
Skipping PBE solver for non-charge conformer (49/621) PRO01A0839_001...
Skipping PBE solver for non-charge conformer (50/621) LEU01A0840_001...
ForkPoolWorker-4: Calling delphi to calculate conformer (51/621) GLN01A0847_001 in /tmp/pbe_data.data.home.granepura.5-Kinases.Kinases_MCCE.Trial02.run_apo.3WZD_GLN01A0847_001
Skipping PBE solver for non-charge conformer (53/621) VAL01A0848_001...
ForkPoolWorker-2: Calling delphi to calculate conformer (52/621) GLN01A0847_002 in /tmp/pbe_data.data.home.granepura.5-Kinases.Kinases_MCCE.Trial02.run_apo.3WZD_GLN01A0847_002
Skipping PBE solver for non-charge conformer (54/621) ILE01A0849_001...
ForkPoolWorker-1: Calling delphi to calculate conformer (55/621) GLU01A0850_001 in /tmp/pbe_data.data.home.granepura.5-Kinases.Kinases_MCCE.Trial02.run_apo.3WZD_GLU01A0850_001
ForkPoolWorker-3: Calling delphi to calculate conformer (56/621) GLU01A0850_002 in /tmp/pbe_data.data.home.granepura.5-Kinases.Kinases_MCCE.Trial02.run_apo.3WZD_GLU01A0850_002
ForkPoolWorker-5: Calling delphi to calculate conformer (57/621) GLU02A0850_003 in /tmp/pbe_data.data.home.granepura.5-Kinases.Kinases_MCCE.Trial02.run_apo.3WZD_GLU02A0850_003
ForkPoolWorker-1: Calling delphi to calculate conformer (58/621) GLU02A0850_004 in /tmp/pbe_data.data.home.granepura.5-Kinases.Kinases_MCCE.Trial02.run_apo.3WZD_GLU02A0850_004
ForkPoolWorker-2: Calling delphi to calculate conformer (59/621) GLU-1A0850_005 in /tmp/pbe_data.data.home.granepura.5-Kinases.Kinases_MCCE.Trial02.run_apo.3WZD_GLU-1A0850_005
Skipping PBE solver for non-charge conformer (60/621) ALA01A0851_001...
ForkPoolWorker-4: Calling delphi to calculate conformer (61/621) ASP01A0852_001 in /tmp/pbe_data.data.home.granepura.5-Kinases.Kinases_MCCE.Trial02.run_apo.3WZD_ASP01A0852_001
ForkPoolWorker-3: Calling delphi to calculate conformer (62/621) ASP01A0852_002 in /tmp/pbe_data.data.home.granepura.5-Kinases.Kinases_MCCE.Trial02.run_apo.3WZD_ASP01A0852_002
ForkPoolWorker-5: Calling delphi to calculate conformer (63/621) ASP01A0852_003 in /tmp/pbe_data.data.home.granepura.5-Kinases.Kinases_MCCE.Trial02.run_apo.3WZD_ASP01A0852_003
ForkPoolWorker-1: Calling delphi to calculate conformer (64/621) ASP01A0852_004 in /tmp/pbe_data.data.home.granepura.5-Kinases.Kinases_MCCE.Trial02.run_apo.3WZD_ASP01A0852_004
ForkPoolWorker-2: Calling delphi to calculate conformer (65/621) ASP02A0852_005 in /tmp/pbe_data.data.home.granepura.5-Kinases.Kinases_MCCE.Trial02.run_apo.3WZD_ASP02A0852_005
ForkPoolWorker-3: Calling delphi to calculate conformer (67/621) ASP02A0852_007 in /tmp/pbe_data.data.home.granepura.5-Kinases.Kinases_MCCE.Trial02.run_apo.3WZD_ASP02A0852_007
ForkPoolWorker-4: Calling delphi to calculate conformer (66/621) ASP02A0852_006 in /tmp/pbe_data.data.home.granepura.5-Kinases.Kinases_MCCE.Trial02.run_apo.3WZD_ASP02A0852_006
ForkPoolWorker-5: Calling delphi to calculate conformer (68/621) ASP02A0852_008 in /tmp/pbe_data.data.home.granepura.5-Kinases.Kinases_MCCE.Trial02.run_apo.3WZD_ASP02A0852_008
ForkPoolWorker-1: Calling delphi to calculate conformer (69/621) ASP-1A0852_009 in /tmp/pbe_data.data.home.granepura.5-Kinases.Kinases_MCCE.Trial02.run_apo.3WZD_ASP-1A0852_009
Skipping PBE solver for non-charge conformer (70/621) ALA01A0853_001...
Skipping PBE solver for non-charge conformer (71/621) PHE01A0854_001...
Skipping PBE solver for non-charge conformer (72/621) ILE01A0856_001...
ForkPoolWorker-3: Calling delphi to calculate conformer (73/621) ASP01A0857_001 in /tmp/pbe_data.data.home.granepura.5-Kinases.Kinases_MCCE.Trial02.run_apo.3WZD_ASP01A0857_001
ForkPoolWorker-2: Calling delphi to calculate conformer (74/621) ASP01A0857_002 in /tmp/pbe_data.data.home.granepura.5-Kinases.Kinases_MCCE.Trial02.run_apo.3WZD_ASP01A0857_002
ForkPoolWorker-4: Calling delphi to calculate conformer (75/621) ASP02A0857_003 in /tmp/pbe_data.data.home.granepura.5-Kinases.Kinases_MCCE.Trial02.run_apo.3WZD_ASP02A0857_003
ForkPoolWorker-5: Calling delphi to calculate conformer (76/621) ASP02A0857_004 in /tmp/pbe_data.data.home.granepura.5-Kinases.Kinases_MCCE.Trial02.run_apo.3WZD_ASP02A0857_004
ForkPoolWorker-1: Calling delphi to calculate conformer (77/621) ASP-1A0857_005 in /tmp/pbe_data.data.home.granepura.5-Kinases.Kinases_MCCE.Trial02.run_apo.3WZD_ASP-1A0857_005
ForkPoolWorker-2: Calling delphi to calculate conformer (78/621) LYS01A0858_001 in /tmp/pbe_data.data.home.granepura.5-Kinases.Kinases_MCCE.Trial02.run_apo.3WZD_LYS01A0858_001
ForkPoolWorker-3: Calling delphi to calculate conformer (79/621) LYS+1A0858_002 in /tmp/pbe_data.data.home.granepura.5-Kinases.Kinases_MCCE.Trial02.run_apo.3WZD_LYS+1A0858_002
ForkPoolWorker-4: Calling delphi to calculate conformer (80/621) THR01A0859_001 in /tmp/pbe_data.data.home.granepura.5-Kinases.Kinases_MCCE.Trial02.run_apo.3WZD_THR01A0859_001
ForkPoolWorker-5: Calling delphi to calculate conformer (81/621) THR01A0859_002 in /tmp/pbe_data.data.home.granepura.5-Kinases.Kinases_MCCE.Trial02.run_apo.3WZD_THR01A0859_002
ForkPoolWorker-1: Calling delphi to calculate conformer (82/621) THR01A0859_003 in /tmp/pbe_data.data.home.granepura.5-Kinases.Kinases_MCCE.Trial02.run_apo.3WZD_THR01A0859_003
ForkPoolWorker-2: Calling delphi to calculate conformer (83/621) THR01A0859_004 in /tmp/pbe_data.data.home.granepura.5-Kinases.Kinases_MCCE.Trial02.run_apo.3WZD_THR01A0859_004
Skipping PBE solver for non-charge conformer (84/621) ALA01A0860_001...
ForkPoolWorker-3: Calling delphi to calculate conformer (85/621) THR01A0861_001 in /tmp/pbe_data.data.home.granepura.5-Kinases.Kinases_MCCE.Trial02.run_apo.3WZD_THR01A0861_001
ForkPoolWorker-4: Calling delphi to calculate conformer (86/621) CYS01A0862_001 in /tmp/pbe_data.data.home.granepura.5-Kinases.Kinases_MCCE.Trial02.run_apo.3WZD_CYS01A0862_001
ForkPoolWorker-5: Calling delphi to calculate conformer (87/621) CYS01A0862_002 in /tmp/pbe_data.data.home.granepura.5-Kinases.Kinases_MCCE.Trial02.run_apo.3WZD_CYS01A0862_002
ForkPoolWorker-1: Calling delphi to calculate conformer (88/621) CYS01A0862_003 in /tmp/pbe_data.data.home.granepura.5-Kinases.Kinases_MCCE.Trial02.run_apo.3WZD_CYS01A0862_003
ForkPoolWorker-2: Calling delphi to calculate conformer (89/621) CYS-1A0862_004 in /tmp/pbe_data.data.home.granepura.5-Kinases.Kinases_MCCE.Trial02.run_apo.3WZD_CYS-1A0862_004
ForkPoolWorker-3: Calling delphi to calculate conformer (90/621) ARG01A0863_001 in /tmp/pbe_data.data.home.granepura.5-Kinases.Kinases_MCCE.Trial02.run_apo.3WZD_ARG01A0863_001
ForkPoolWorker-4: Calling delphi to calculate conformer (91/621) ARG02A0863_002 in /tmp/pbe_data.data.home.granepura.5-Kinases.Kinases_MCCE.Trial02.run_apo.3WZD_ARG02A0863_002
ForkPoolWorker-5: Calling delphi to calculate conformer (92/621) ARG02A0863_003 in /tmp/pbe_data.data.home.granepura.5-Kinases.Kinases_MCCE.Trial02.run_apo.3WZD_ARG02A0863_003
ForkPoolWorker-1: Calling delphi to calculate conformer (93/621) ARG03A0863_004 in /tmp/pbe_data.data.home.granepura.5-Kinases.Kinases_MCCE.Trial02.run_apo.3WZD_ARG03A0863_004
ForkPoolWorker-2: Calling delphi to calculate conformer (94/621) ARG+1A0863_005 in /tmp/pbe_data.data.home.granepura.5-Kinases.Kinases_MCCE.Trial02.run_apo.3WZD_ARG+1A0863_005
ForkPoolWorker-3: Calling delphi to calculate conformer (95/621) THR01A0864_001 in /tmp/pbe_data.data.home.granepura.5-Kinases.Kinases_MCCE.Trial02.run_apo.3WZD_THR01A0864_001
ForkPoolWorker-4: Calling delphi to calculate conformer (96/621) THR01A0864_002 in /tmp/pbe_data.data.home.granepura.5-Kinases.Kinases_MCCE.Trial02.run_apo.3WZD_THR01A0864_002
Skipping PBE solver for non-charge conformer (97/621) VAL01A0865_001...
Skipping PBE solver for non-charge conformer (98/621) ALA01A0866_001...
Skipping PBE solver for non-charge conformer (99/621) VAL01A0867_001...
ForkPoolWorker-5: Calling delphi to calculate conformer (100/621) LYS01A0868_001 in /tmp/pbe_data.data.home.granepura.5-Kinases.Kinases_MCCE.Trial02.run_apo.3WZD_LYS01A0868_001
ForkPoolWorker-2: Calling delphi to calculate conformer (101/621) LYS+1A0868_002 in /tmp/pbe_data.data.home.granepura.5-Kinases.Kinases_MCCE.Trial02.run_apo.3WZD_LYS+1A0868_002
ForkPoolWorker-1: Calling delphi to calculate conformer (102/621) MET01A0869_001 in /tmp/pbe_data.data.home.granepura.5-Kinases.Kinases_MCCE.Trial02.run_apo.3WZD_MET01A0869_001
Skipping PBE solver for non-charge conformer (103/621) LEU01A0870_001...
ForkPoolWorker-3: Calling delphi to calculate conformer (104/621) LYS01A0871_001 in /tmp/pbe_data.data.home.granepura.5-Kinases.Kinases_MCCE.Trial02.run_apo.3WZD_LYS01A0871_001
ForkPoolWorker-4: Calling delphi to calculate conformer (105/621) LYS+1A0871_002 in /tmp/pbe_data.data.home.granepura.5-Kinases.Kinases_MCCE.Trial02.run_apo.3WZD_LYS+1A0871_002
ForkPoolWorker-5: Calling delphi to calculate conformer (106/621) GLU01A0872_001 in /tmp/pbe_data.data.home.granepura.5-Kinases.Kinases_MCCE.Trial02.run_apo.3WZD_GLU01A0872_001
ForkPoolWorker-4: Calling delphi to calculate conformer (108/621) GLU02A0872_003 in /tmp/pbe_data.data.home.granepura.5-Kinases.Kinases_MCCE.Trial02.run_apo.3WZD_GLU02A0872_003
ForkPoolWorker-2: Calling delphi to calculate conformer (107/621) GLU01A0872_002 in /tmp/pbe_data.data.home.granepura.5-Kinases.Kinases_MCCE.Trial02.run_apo.3WZD_GLU01A0872_002
ForkPoolWorker-1: Calling delphi to calculate conformer (109/621) GLU02A0872_004 in /tmp/pbe_data.data.home.granepura.5-Kinases.Kinases_MCCE.Trial02.run_apo.3WZD_GLU02A0872_004
ForkPoolWorker-3: Calling delphi to calculate conformer (110/621) GLU-1A0872_005 in /tmp/pbe_data.data.home.granepura.5-Kinases.Kinases_MCCE.Trial02.run_apo.3WZD_GLU-1A0872_005
Skipping PBE solver for non-charge conformer (111/621) ALA01A0874_001...
ForkPoolWorker-5: Calling delphi to calculate conformer (112/621) THR01A0875_001 in /tmp/pbe_data.data.home.granepura.5-Kinases.Kinases_MCCE.Trial02.run_apo.3WZD_THR01A0875_001
ForkPoolWorker-4: Calling delphi to calculate conformer (113/621) THR01A0875_002 in /tmp/pbe_data.data.home.granepura.5-Kinases.Kinases_MCCE.Trial02.run_apo.3WZD_THR01A0875_002
ForkPoolWorker-3: Calling delphi to calculate conformer (114/621) THR01A0875_003 in /tmp/pbe_data.data.home.granepura.5-Kinases.Kinases_MCCE.Trial02.run_apo.3WZD_THR01A0875_003
ForkPoolWorker-2: Calling delphi to calculate conformer (115/621) HIS01A0876_001 in /tmp/pbe_data.data.home.granepura.5-Kinases.Kinases_MCCE.Trial02.run_apo.3WZD_HIS01A0876_001
ForkPoolWorker-1: Calling delphi to calculate conformer (116/621) HIS01A0876_002 in /tmp/pbe_data.data.home.granepura.5-Kinases.Kinases_MCCE.Trial02.run_apo.3WZD_HIS01A0876_002
ForkPoolWorker-5: Calling delphi to calculate conformer (117/621) HIS02A0876_003 in /tmp/pbe_data.data.home.granepura.5-Kinases.Kinases_MCCE.Trial02.run_apo.3WZD_HIS02A0876_003
ForkPoolWorker-2: Calling delphi to calculate conformer (118/621) HIS02A0876_004 in /tmp/pbe_data.data.home.granepura.5-Kinases.Kinases_MCCE.Trial02.run_apo.3WZD_HIS02A0876_004
ForkPoolWorker-3: Calling delphi to calculate conformer (119/621) HIS+1A0876_005 in /tmp/pbe_data.data.home.granepura.5-Kinases.Kinases_MCCE.Trial02.run_apo.3WZD_HIS+1A0876_005
ForkPoolWorker-4: Calling delphi to calculate conformer (120/621) HIS+1A0876_006 in /tmp/pbe_data.data.home.granepura.5-Kinases.Kinases_MCCE.Trial02.run_apo.3WZD_HIS+1A0876_006
ForkPoolWorker-1: Calling delphi to calculate conformer (121/621) SER01A0877_001 in /tmp/pbe_data.data.home.granepura.5-Kinases.Kinases_MCCE.Trial02.run_apo.3WZD_SER01A0877_001
ForkPoolWorker-5: Calling delphi to calculate conformer (122/621) SER01A0877_002 in /tmp/pbe_data.data.home.granepura.5-Kinases.Kinases_MCCE.Trial02.run_apo.3WZD_SER01A0877_002
ForkPoolWorker-2: Calling delphi to calculate conformer (123/621) SER01A0877_003 in /tmp/pbe_data.data.home.granepura.5-Kinases.Kinases_MCCE.Trial02.run_apo.3WZD_SER01A0877_003
ForkPoolWorker-4: Calling delphi to calculate conformer (124/621) GLU01A0878_001 in /tmp/pbe_data.data.home.granepura.5-Kinases.Kinases_MCCE.Trial02.run_apo.3WZD_GLU01A0878_001
ForkPoolWorker-3: Calling delphi to calculate conformer (125/621) GLU01A0878_002 in /tmp/pbe_data.data.home.granepura.5-Kinases.Kinases_MCCE.Trial02.run_apo.3WZD_GLU01A0878_002
ForkPoolWorker-1: Calling delphi to calculate conformer (126/621) GLU02A0878_003 in /tmp/pbe_data.data.home.granepura.5-Kinases.Kinases_MCCE.Trial02.run_apo.3WZD_GLU02A0878_003
ForkPoolWorker-5: Calling delphi to calculate conformer (127/621) GLU02A0878_004 in /tmp/pbe_data.data.home.granepura.5-Kinases.Kinases_MCCE.Trial02.run_apo.3WZD_GLU02A0878_004
ForkPoolWorker-4: Calling delphi to calculate conformer (128/621) GLU-1A0878_005 in /tmp/pbe_data.data.home.granepura.5-Kinases.Kinases_MCCE.Trial02.run_apo.3WZD_GLU-1A0878_005
ForkPoolWorker-3: Calling delphi to calculate conformer (130/621) HIS01A0879_002 in /tmp/pbe_data.data.home.granepura.5-Kinases.Kinases_MCCE.Trial02.run_apo.3WZD_HIS01A0879_002
ForkPoolWorker-2: Calling delphi to calculate conformer (129/621) HIS01A0879_001 in /tmp/pbe_data.data.home.granepura.5-Kinases.Kinases_MCCE.Trial02.run_apo.3WZD_HIS01A0879_001
ForkPoolWorker-1: Calling delphi to calculate conformer (131/621) HIS02A0879_003 in /tmp/pbe_data.data.home.granepura.5-Kinases.Kinases_MCCE.Trial02.run_apo.3WZD_HIS02A0879_003
ForkPoolWorker-5: Calling delphi to calculate conformer (132/621) HIS02A0879_004 in /tmp/pbe_data.data.home.granepura.5-Kinases.Kinases_MCCE.Trial02.run_apo.3WZD_HIS02A0879_004
ForkPoolWorker-3: Calling delphi to calculate conformer (133/621) HIS+1A0879_005 in /tmp/pbe_data.data.home.granepura.5-Kinases.Kinases_MCCE.Trial02.run_apo.3WZD_HIS+1A0879_005
ForkPoolWorker-4: Calling delphi to calculate conformer (134/621) HIS+1A0879_006 in /tmp/pbe_data.data.home.granepura.5-Kinases.Kinases_MCCE.Trial02.run_apo.3WZD_HIS+1A0879_006
ForkPoolWorker-2: Calling delphi to calculate conformer (135/621) ARG01A0880_001 in /tmp/pbe_data.data.home.granepura.5-Kinases.Kinases_MCCE.Trial02.run_apo.3WZD_ARG01A0880_001
ForkPoolWorker-1: Calling delphi to calculate conformer (136/621) ARG02A0880_002 in /tmp/pbe_data.data.home.granepura.5-Kinases.Kinases_MCCE.Trial02.run_apo.3WZD_ARG02A0880_002
ForkPoolWorker-5: Calling delphi to calculate conformer (137/621) ARG03A0880_003 in /tmp/pbe_data.data.home.granepura.5-Kinases.Kinases_MCCE.Trial02.run_apo.3WZD_ARG03A0880_003
ForkPoolWorker-3: Calling delphi to calculate conformer (138/621) ARG+1A0880_004 in /tmp/pbe_data.data.home.granepura.5-Kinases.Kinases_MCCE.Trial02.run_apo.3WZD_ARG+1A0880_004
Skipping PBE solver for non-charge conformer (139/621) ALA01A0881_001...
Skipping PBE solver for non-charge conformer (140/621) LEU01A0882_001...
ForkPoolWorker-4: Calling delphi to calculate conformer (141/621) MET01A0883_001 in /tmp/pbe_data.data.home.granepura.5-Kinases.Kinases_MCCE.Trial02.run_apo.3WZD_MET01A0883_001
ForkPoolWorker-2: Calling delphi to calculate conformer (142/621) SER01A0884_001 in /tmp/pbe_data.data.home.granepura.5-Kinases.Kinases_MCCE.Trial02.run_apo.3WZD_SER01A0884_001
ForkPoolWorker-1: Calling delphi to calculate conformer (143/621) SER01A0884_002 in /tmp/pbe_data.data.home.granepura.5-Kinases.Kinases_MCCE.Trial02.run_apo.3WZD_SER01A0884_002
ForkPoolWorker-5: Calling delphi to calculate conformer (144/621) GLU01A0885_001 in /tmp/pbe_data.data.home.granepura.5-Kinases.Kinases_MCCE.Trial02.run_apo.3WZD_GLU01A0885_001
ForkPoolWorker-3: Calling delphi to calculate conformer (145/621) GLU01A0885_002 in /tmp/pbe_data.data.home.granepura.5-Kinases.Kinases_MCCE.Trial02.run_apo.3WZD_GLU01A0885_002
ForkPoolWorker-4: Calling delphi to calculate conformer (146/621) GLU01A0885_003 in /tmp/pbe_data.data.home.granepura.5-Kinases.Kinases_MCCE.Trial02.run_apo.3WZD_GLU01A0885_003
ForkPoolWorker-2: Calling delphi to calculate conformer (147/621) GLU01A0885_004 in /tmp/pbe_data.data.home.granepura.5-Kinases.Kinases_MCCE.Trial02.run_apo.3WZD_GLU01A0885_004
ForkPoolWorker-1: Calling delphi to calculate conformer (148/621) GLU02A0885_005 in /tmp/pbe_data.data.home.granepura.5-Kinases.Kinases_MCCE.Trial02.run_apo.3WZD_GLU02A0885_005
ForkPoolWorker-5: Calling delphi to calculate conformer (149/621) GLU02A0885_006 in /tmp/pbe_data.data.home.granepura.5-Kinases.Kinases_MCCE.Trial02.run_apo.3WZD_GLU02A0885_006
ForkPoolWorker-3: Calling delphi to calculate conformer (150/621) GLU02A0885_007 in /tmp/pbe_data.data.home.granepura.5-Kinases.Kinases_MCCE.Trial02.run_apo.3WZD_GLU02A0885_007
ForkPoolWorker-4: Calling delphi to calculate conformer (151/621) GLU02A0885_008 in /tmp/pbe_data.data.home.granepura.5-Kinases.Kinases_MCCE.Trial02.run_apo.3WZD_GLU02A0885_008
ForkPoolWorker-2: Calling delphi to calculate conformer (152/621) GLU-1A0885_009 in /tmp/pbe_data.data.home.granepura.5-Kinases.Kinases_MCCE.Trial02.run_apo.3WZD_GLU-1A0885_009
ForkPoolWorker-1: Calling delphi to calculate conformer (153/621) GLU-1A0885_010 in /tmp/pbe_data.data.home.granepura.5-Kinases.Kinases_MCCE.Trial02.run_apo.3WZD_GLU-1A0885_010
Skipping PBE solver for non-charge conformer (154/621) LEU01A0886_001...
ForkPoolWorker-5: Calling delphi to calculate conformer (155/621) LYS01A0887_001 in /tmp/pbe_data.data.home.granepura.5-Kinases.Kinases_MCCE.Trial02.run_apo.3WZD_LYS01A0887_001
ForkPoolWorker-3: Calling delphi to calculate conformer (156/621) LYS+1A0887_002 in /tmp/pbe_data.data.home.granepura.5-Kinases.Kinases_MCCE.Trial02.run_apo.3WZD_LYS+1A0887_002
Skipping PBE solver for non-charge conformer (157/621) ILE01A0888_001...
Skipping PBE solver for non-charge conformer (158/621) LEU01A0889_001...
Skipping PBE solver for non-charge conformer (159/621) ILE01A0890_001...
ForkPoolWorker-2: Calling delphi to calculate conformer (160/621) HIS01A0891_001 in /tmp/pbe_data.data.home.granepura.5-Kinases.Kinases_MCCE.Trial02.run_apo.3WZD_HIS01A0891_001
ForkPoolWorker-4: Calling delphi to calculate conformer (161/621) HIS01A0891_002 in /tmp/pbe_data.data.home.granepura.5-Kinases.Kinases_MCCE.Trial02.run_apo.3WZD_HIS01A0891_002
ForkPoolWorker-1: Calling delphi to calculate conformer (162/621) HIS02A0891_003 in /tmp/pbe_data.data.home.granepura.5-Kinases.Kinases_MCCE.Trial02.run_apo.3WZD_HIS02A0891_003
ForkPoolWorker-5: Calling delphi to calculate conformer (163/621) HIS02A0891_004 in /tmp/pbe_data.data.home.granepura.5-Kinases.Kinases_MCCE.Trial02.run_apo.3WZD_HIS02A0891_004
ForkPoolWorker-3: Calling delphi to calculate conformer (164/621) HIS+1A0891_005 in /tmp/pbe_data.data.home.granepura.5-Kinases.Kinases_MCCE.Trial02.run_apo.3WZD_HIS+1A0891_005
ForkPoolWorker-4: Calling delphi to calculate conformer (165/621) HIS+1A0891_006 in /tmp/pbe_data.data.home.granepura.5-Kinases.Kinases_MCCE.Trial02.run_apo.3WZD_HIS+1A0891_006
Skipping PBE solver for non-charge conformer (166/621) ILE01A0892_001...
ForkPoolWorker-2: Calling delphi to calculate conformer (167/621) HIS01A0894_001 in /tmp/pbe_data.data.home.granepura.5-Kinases.Kinases_MCCE.Trial02.run_apo.3WZD_HIS01A0894_001
ForkPoolWorker-1: Calling delphi to calculate conformer (168/621) HIS01A0894_002 in /tmp/pbe_data.data.home.granepura.5-Kinases.Kinases_MCCE.Trial02.run_apo.3WZD_HIS01A0894_002
ForkPoolWorker-5: Calling delphi to calculate conformer (169/621) HIS01A0894_003 in /tmp/pbe_data.data.home.granepura.5-Kinases.Kinases_MCCE.Trial02.run_apo.3WZD_HIS01A0894_003
ForkPoolWorker-3: Calling delphi to calculate conformer (170/621) HIS02A0894_004 in /tmp/pbe_data.data.home.granepura.5-Kinases.Kinases_MCCE.Trial02.run_apo.3WZD_HIS02A0894_004
ForkPoolWorker-4: Calling delphi to calculate conformer (171/621) HIS02A0894_005 in /tmp/pbe_data.data.home.granepura.5-Kinases.Kinases_MCCE.Trial02.run_apo.3WZD_HIS02A0894_005
ForkPoolWorker-2: Calling delphi to calculate conformer (172/621) HIS02A0894_006 in /tmp/pbe_data.data.home.granepura.5-Kinases.Kinases_MCCE.Trial02.run_apo.3WZD_HIS02A0894_006
ForkPoolWorker-1: Calling delphi to calculate conformer (173/621) HIS+1A0894_007 in /tmp/pbe_data.data.home.granepura.5-Kinases.Kinases_MCCE.Trial02.run_apo.3WZD_HIS+1A0894_007
ForkPoolWorker-5: Calling delphi to calculate conformer (174/621) HIS+1A0894_008 in /tmp/pbe_data.data.home.granepura.5-Kinases.Kinases_MCCE.Trial02.run_apo.3WZD_HIS+1A0894_008
ForkPoolWorker-3: Calling delphi to calculate conformer (175/621) HIS+1A0894_009 in /tmp/pbe_data.data.home.granepura.5-Kinases.Kinases_MCCE.Trial02.run_apo.3WZD_HIS+1A0894_009
ForkPoolWorker-4: Calling delphi to calculate conformer (176/621) HIS01A0895_001 in /tmp/pbe_data.data.home.granepura.5-Kinases.Kinases_MCCE.Trial02.run_apo.3WZD_HIS01A0895_001
ForkPoolWorker-2: Calling delphi to calculate conformer (177/621) HIS01A0895_002 in /tmp/pbe_data.data.home.granepura.5-Kinases.Kinases_MCCE.Trial02.run_apo.3WZD_HIS01A0895_002
ForkPoolWorker-1: Calling delphi to calculate conformer (178/621) HIS02A0895_003 in /tmp/pbe_data.data.home.granepura.5-Kinases.Kinases_MCCE.Trial02.run_apo.3WZD_HIS02A0895_003
ForkPoolWorker-5: Calling delphi to calculate conformer (179/621) HIS02A0895_004 in /tmp/pbe_data.data.home.granepura.5-Kinases.Kinases_MCCE.Trial02.run_apo.3WZD_HIS02A0895_004
ForkPoolWorker-3: Calling delphi to calculate conformer (180/621) HIS+1A0895_005 in /tmp/pbe_data.data.home.granepura.5-Kinases.Kinases_MCCE.Trial02.run_apo.3WZD_HIS+1A0895_005
ForkPoolWorker-4: Calling delphi to calculate conformer (181/621) HIS+1A0895_006 in /tmp/pbe_data.data.home.granepura.5-Kinases.Kinases_MCCE.Trial02.run_apo.3WZD_HIS+1A0895_006
Skipping PBE solver for non-charge conformer (182/621) LEU01A0896_001...
ForkPoolWorker-2: Calling delphi to calculate conformer (183/621) ASN01A0897_001 in /tmp/pbe_data.data.home.granepura.5-Kinases.Kinases_MCCE.Trial02.run_apo.3WZD_ASN01A0897_001
ForkPoolWorker-1: Calling delphi to calculate conformer (184/621) ASN01A0897_002 in /tmp/pbe_data.data.home.granepura.5-Kinases.Kinases_MCCE.Trial02.run_apo.3WZD_ASN01A0897_002
Skipping PBE solver for non-charge conformer (185/621) VAL01A0898_001...
Skipping PBE solver for non-charge conformer (186/621) VAL01A0899_001...
ForkPoolWorker-5: Calling delphi to calculate conformer (187/621) ASN01A0900_001 in /tmp/pbe_data.data.home.granepura.5-Kinases.Kinases_MCCE.Trial02.run_apo.3WZD_ASN01A0900_001
ForkPoolWorker-3: Calling delphi to calculate conformer (188/621) ASN01A0900_002 in /tmp/pbe_data.data.home.granepura.5-Kinases.Kinases_MCCE.Trial02.run_apo.3WZD_ASN01A0900_002
Skipping PBE solver for non-charge conformer (189/621) LEU01A0901_001...
Skipping PBE solver for non-charge conformer (190/621) LEU01A0902_001...
Skipping PBE solver for non-charge conformer (191/621) ALA01A0904_001...
ForkPoolWorker-4: Calling delphi to calculate conformer (192/621) CYS01A0905_001 in /tmp/pbe_data.data.home.granepura.5-Kinases.Kinases_MCCE.Trial02.run_apo.3WZD_CYS01A0905_001
ForkPoolWorker-2: Calling delphi to calculate conformer (193/621) CYS01A0905_002 in /tmp/pbe_data.data.home.granepura.5-Kinases.Kinases_MCCE.Trial02.run_apo.3WZD_CYS01A0905_002
ForkPoolWorker-1: Calling delphi to calculate conformer (194/621) CYS01A0905_003 in /tmp/pbe_data.data.home.granepura.5-Kinases.Kinases_MCCE.Trial02.run_apo.3WZD_CYS01A0905_003
ForkPoolWorker-5: Calling delphi to calculate conformer (195/621) CYS-1A0905_004 in /tmp/pbe_data.data.home.granepura.5-Kinases.Kinases_MCCE.Trial02.run_apo.3WZD_CYS-1A0905_004
ForkPoolWorker-3: Calling delphi to calculate conformer (196/621) THR01A0906_001 in /tmp/pbe_data.data.home.granepura.5-Kinases.Kinases_MCCE.Trial02.run_apo.3WZD_THR01A0906_001
ForkPoolWorker-4: Calling delphi to calculate conformer (197/621) THR01A0906_002 in /tmp/pbe_data.data.home.granepura.5-Kinases.Kinases_MCCE.Trial02.run_apo.3WZD_THR01A0906_002
ForkPoolWorker-2: Calling delphi to calculate conformer (198/621) THR01A0906_003 in /tmp/pbe_data.data.home.granepura.5-Kinases.Kinases_MCCE.Trial02.run_apo.3WZD_THR01A0906_003
ForkPoolWorker-1: Calling delphi to calculate conformer (199/621) LYS01A0907_001 in /tmp/pbe_data.data.home.granepura.5-Kinases.Kinases_MCCE.Trial02.run_apo.3WZD_LYS01A0907_001
ForkPoolWorker-5: Calling delphi to calculate conformer (200/621) LYS+1A0907_002 in /tmp/pbe_data.data.home.granepura.5-Kinases.Kinases_MCCE.Trial02.run_apo.3WZD_LYS+1A0907_002
Skipping PBE solver for non-charge conformer (201/621) PRO01A0908_001...
Skipping PBE solver for non-charge conformer (202/621) PRO01A0911_001...
Skipping PBE solver for non-charge conformer (203/621) LEU01A0912_001...
ForkPoolWorker-3: Calling delphi to calculate conformer (204/621) MET01A0913_001 in /tmp/pbe_data.data.home.granepura.5-Kinases.Kinases_MCCE.Trial02.run_apo.3WZD_MET01A0913_001
Skipping PBE solver for non-charge conformer (205/621) VAL01A0914_001...
Skipping PBE solver for non-charge conformer (206/621) ILE01A0915_001...
Skipping PBE solver for non-charge conformer (207/621) VAL01A0916_001...
ForkPoolWorker-4: Calling delphi to calculate conformer (208/621) GLU01A0917_001 in /tmp/pbe_data.data.home.granepura.5-Kinases.Kinases_MCCE.Trial02.run_apo.3WZD_GLU01A0917_001
ForkPoolWorker-2: Calling delphi to calculate conformer (209/621) GLU01A0917_002 in /tmp/pbe_data.data.home.granepura.5-Kinases.Kinases_MCCE.Trial02.run_apo.3WZD_GLU01A0917_002
ForkPoolWorker-1: Calling delphi to calculate conformer (210/621) GLU02A0917_003 in /tmp/pbe_data.data.home.granepura.5-Kinases.Kinases_MCCE.Trial02.run_apo.3WZD_GLU02A0917_003
ForkPoolWorker-5: Calling delphi to calculate conformer (211/621) GLU02A0917_004 in /tmp/pbe_data.data.home.granepura.5-Kinases.Kinases_MCCE.Trial02.run_apo.3WZD_GLU02A0917_004
ForkPoolWorker-3: Calling delphi to calculate conformer (212/621) GLU-1A0917_005 in /tmp/pbe_data.data.home.granepura.5-Kinases.Kinases_MCCE.Trial02.run_apo.3WZD_GLU-1A0917_005
Skipping PBE solver for non-charge conformer (213/621) PHE01A0918_001...
ForkPoolWorker-2: Calling delphi to calculate conformer (214/621) CYS01A0919_001 in /tmp/pbe_data.data.home.granepura.5-Kinases.Kinases_MCCE.Trial02.run_apo.3WZD_CYS01A0919_001
ForkPoolWorker-4: Calling delphi to calculate conformer (215/621) CYS01A0919_002 in /tmp/pbe_data.data.home.granepura.5-Kinases.Kinases_MCCE.Trial02.run_apo.3WZD_CYS01A0919_002
ForkPoolWorker-1: Calling delphi to calculate conformer (216/621) CYS01A0919_003 in /tmp/pbe_data.data.home.granepura.5-Kinases.Kinases_MCCE.Trial02.run_apo.3WZD_CYS01A0919_003
ForkPoolWorker-5: Calling delphi to calculate conformer (217/621) CYS-1A0919_004 in /tmp/pbe_data.data.home.granepura.5-Kinases.Kinases_MCCE.Trial02.run_apo.3WZD_CYS-1A0919_004
ForkPoolWorker-3: Calling delphi to calculate conformer (218/621) LYS01A0920_001 in /tmp/pbe_data.data.home.granepura.5-Kinases.Kinases_MCCE.Trial02.run_apo.3WZD_LYS01A0920_001
ForkPoolWorker-2: Calling delphi to calculate conformer (219/621) LYS+1A0920_002 in /tmp/pbe_data.data.home.granepura.5-Kinases.Kinases_MCCE.Trial02.run_apo.3WZD_LYS+1A0920_002
Skipping PBE solver for non-charge conformer (220/621) PHE01A0921_001...
ForkPoolWorker-4: Calling delphi to calculate conformer (221/621) ASN01A0923_001 in /tmp/pbe_data.data.home.granepura.5-Kinases.Kinases_MCCE.Trial02.run_apo.3WZD_ASN01A0923_001
ForkPoolWorker-1: Calling delphi to calculate conformer (222/621) ASN01A0923_002 in /tmp/pbe_data.data.home.granepura.5-Kinases.Kinases_MCCE.Trial02.run_apo.3WZD_ASN01A0923_002
Skipping PBE solver for non-charge conformer (223/621) LEU01A0924_001...
ForkPoolWorker-5: Calling delphi to calculate conformer (224/621) SER01A0925_001 in /tmp/pbe_data.data.home.granepura.5-Kinases.Kinases_MCCE.Trial02.run_apo.3WZD_SER01A0925_001
ForkPoolWorker-3: Calling delphi to calculate conformer (225/621) SER01A0925_002 in /tmp/pbe_data.data.home.granepura.5-Kinases.Kinases_MCCE.Trial02.run_apo.3WZD_SER01A0925_002
ForkPoolWorker-2: Calling delphi to calculate conformer (226/621) THR01A0926_001 in /tmp/pbe_data.data.home.granepura.5-Kinases.Kinases_MCCE.Trial02.run_apo.3WZD_THR01A0926_001
ForkPoolWorker-1: Calling delphi to calculate conformer (227/621) THR01A0926_002 in /tmp/pbe_data.data.home.granepura.5-Kinases.Kinases_MCCE.Trial02.run_apo.3WZD_THR01A0926_002
ForkPoolWorker-4: Calling delphi to calculate conformer (228/621) THR01A0926_003 in /tmp/pbe_data.data.home.granepura.5-Kinases.Kinases_MCCE.Trial02.run_apo.3WZD_THR01A0926_003
ForkPoolWorker-5: Calling delphi to calculate conformer (229/621) TYR01A0927_001 in /tmp/pbe_data.data.home.granepura.5-Kinases.Kinases_MCCE.Trial02.run_apo.3WZD_TYR01A0927_001
ForkPoolWorker-3: Calling delphi to calculate conformer (230/621) TYR01A0927_002 in /tmp/pbe_data.data.home.granepura.5-Kinases.Kinases_MCCE.Trial02.run_apo.3WZD_TYR01A0927_002
ForkPoolWorker-2: Calling delphi to calculate conformer (231/621) TYR-1A0927_003 in /tmp/pbe_data.data.home.granepura.5-Kinases.Kinases_MCCE.Trial02.run_apo.3WZD_TYR-1A0927_003
Skipping PBE solver for non-charge conformer (232/621) LEU01A0928_001...
ForkPoolWorker-1: Calling delphi to calculate conformer (233/621) ARG01A0929_001 in /tmp/pbe_data.data.home.granepura.5-Kinases.Kinases_MCCE.Trial02.run_apo.3WZD_ARG01A0929_001
ForkPoolWorker-4: Calling delphi to calculate conformer (234/621) ARG02A0929_002 in /tmp/pbe_data.data.home.granepura.5-Kinases.Kinases_MCCE.Trial02.run_apo.3WZD_ARG02A0929_002
ForkPoolWorker-5: Calling delphi to calculate conformer (235/621) ARG02A0929_003 in /tmp/pbe_data.data.home.granepura.5-Kinases.Kinases_MCCE.Trial02.run_apo.3WZD_ARG02A0929_003
ForkPoolWorker-3: Calling delphi to calculate conformer (236/621) ARG03A0929_004 in /tmp/pbe_data.data.home.granepura.5-Kinases.Kinases_MCCE.Trial02.run_apo.3WZD_ARG03A0929_004
ForkPoolWorker-2: Calling delphi to calculate conformer (237/621) ARG+1A0929_005 in /tmp/pbe_data.data.home.granepura.5-Kinases.Kinases_MCCE.Trial02.run_apo.3WZD_ARG+1A0929_005
ForkPoolWorker-1: Calling delphi to calculate conformer (238/621) SER01A0930_001 in /tmp/pbe_data.data.home.granepura.5-Kinases.Kinases_MCCE.Trial02.run_apo.3WZD_SER01A0930_001
ForkPoolWorker-4: Calling delphi to calculate conformer (239/621) SER01A0930_002 in /tmp/pbe_data.data.home.granepura.5-Kinases.Kinases_MCCE.Trial02.run_apo.3WZD_SER01A0930_002
ForkPoolWorker-5: Calling delphi to calculate conformer (240/621) LYS01A0931_001 in /tmp/pbe_data.data.home.granepura.5-Kinases.Kinases_MCCE.Trial02.run_apo.3WZD_LYS01A0931_001
ForkPoolWorker-3: Calling delphi to calculate conformer (241/621) LYS+1A0931_002 in /tmp/pbe_data.data.home.granepura.5-Kinases.Kinases_MCCE.Trial02.run_apo.3WZD_LYS+1A0931_002
ForkPoolWorker-2: Calling delphi to calculate conformer (242/621) ARG01A0932_001 in /tmp/pbe_data.data.home.granepura.5-Kinases.Kinases_MCCE.Trial02.run_apo.3WZD_ARG01A0932_001
ForkPoolWorker-4: Calling delphi to calculate conformer (243/621) ARG02A0932_002 in /tmp/pbe_data.data.home.granepura.5-Kinases.Kinases_MCCE.Trial02.run_apo.3WZD_ARG02A0932_002
ForkPoolWorker-1: Calling delphi to calculate conformer (244/621) ARG03A0932_003 in /tmp/pbe_data.data.home.granepura.5-Kinases.Kinases_MCCE.Trial02.run_apo.3WZD_ARG03A0932_003
ForkPoolWorker-5: Calling delphi to calculate conformer (245/621) ARG+1A0932_004 in /tmp/pbe_data.data.home.granepura.5-Kinases.Kinases_MCCE.Trial02.run_apo.3WZD_ARG+1A0932_004
ForkPoolWorker-3: Calling delphi to calculate conformer (246/621) ASN01A0933_001 in /tmp/pbe_data.data.home.granepura.5-Kinases.Kinases_MCCE.Trial02.run_apo.3WZD_ASN01A0933_001
ForkPoolWorker-4: Calling delphi to calculate conformer (247/621) ASN01A0933_002 in /tmp/pbe_data.data.home.granepura.5-Kinases.Kinases_MCCE.Trial02.run_apo.3WZD_ASN01A0933_002
ForkPoolWorker-2: Calling delphi to calculate conformer (248/621) GLU01A0934_001 in /tmp/pbe_data.data.home.granepura.5-Kinases.Kinases_MCCE.Trial02.run_apo.3WZD_GLU01A0934_001
ForkPoolWorker-1: Calling delphi to calculate conformer (249/621) GLU01A0934_002 in /tmp/pbe_data.data.home.granepura.5-Kinases.Kinases_MCCE.Trial02.run_apo.3WZD_GLU01A0934_002
ForkPoolWorker-5: Calling delphi to calculate conformer (250/621) GLU02A0934_003 in /tmp/pbe_data.data.home.granepura.5-Kinases.Kinases_MCCE.Trial02.run_apo.3WZD_GLU02A0934_003
ForkPoolWorker-3: Calling delphi to calculate conformer (251/621) GLU02A0934_004 in /tmp/pbe_data.data.home.granepura.5-Kinases.Kinases_MCCE.Trial02.run_apo.3WZD_GLU02A0934_004
ForkPoolWorker-4: Calling delphi to calculate conformer (252/621) GLU-1A0934_005 in /tmp/pbe_data.data.home.granepura.5-Kinases.Kinases_MCCE.Trial02.run_apo.3WZD_GLU-1A0934_005
Skipping PBE solver for non-charge conformer (253/621) PHE01A0935_001...
Skipping PBE solver for non-charge conformer (255/621) PRO01A0937_001...
ForkPoolWorker-1: Calling delphi to calculate conformer (256/621) TYR01A0938_001 in /tmp/pbe_data.data.home.granepura.5-Kinases.Kinases_MCCE.Trial02.run_apo.3WZD_TYR01A0938_001
Skipping PBE solver for non-charge conformer (254/621) VAL01A0936_001...
ForkPoolWorker-2: Calling delphi to calculate conformer (257/621) TYR-1A0938_002 in /tmp/pbe_data.data.home.granepura.5-Kinases.Kinases_MCCE.Trial02.run_apo.3WZD_TYR-1A0938_002
ForkPoolWorker-5: Calling delphi to calculate conformer (258/621) LYS01A0939_001 in /tmp/pbe_data.data.home.granepura.5-Kinases.Kinases_MCCE.Trial02.run_apo.3WZD_LYS01A0939_001
ForkPoolWorker-3: Calling delphi to calculate conformer (259/621) LYS+1A0939_002 in /tmp/pbe_data.data.home.granepura.5-Kinases.Kinases_MCCE.Trial02.run_apo.3WZD_LYS+1A0939_002
Skipping PBE solver for non-charge conformer (260/621) VAL01A0940_001...
Skipping PBE solver for non-charge conformer (261/621) ALA01A0991_001...
Skipping PBE solver for non-charge conformer (262/621) PRO01A0992_001...
ForkPoolWorker-4: Calling delphi to calculate conformer (263/621) GLU01A0993_001 in /tmp/pbe_data.data.home.granepura.5-Kinases.Kinases_MCCE.Trial02.run_apo.3WZD_GLU01A0993_001
ForkPoolWorker-2: Calling delphi to calculate conformer (264/621) GLU01A0993_002 in /tmp/pbe_data.data.home.granepura.5-Kinases.Kinases_MCCE.Trial02.run_apo.3WZD_GLU01A0993_002
ForkPoolWorker-1: Calling delphi to calculate conformer (265/621) GLU02A0993_003 in /tmp/pbe_data.data.home.granepura.5-Kinases.Kinases_MCCE.Trial02.run_apo.3WZD_GLU02A0993_003
ForkPoolWorker-5: Calling delphi to calculate conformer (266/621) GLU02A0993_004 in /tmp/pbe_data.data.home.granepura.5-Kinases.Kinases_MCCE.Trial02.run_apo.3WZD_GLU02A0993_004
ForkPoolWorker-3: Calling delphi to calculate conformer (267/621) GLU-1A0993_005 in /tmp/pbe_data.data.home.granepura.5-Kinases.Kinases_MCCE.Trial02.run_apo.3WZD_GLU-1A0993_005
ForkPoolWorker-2: Calling delphi to calculate conformer (268/621) ASP01A0994_001 in /tmp/pbe_data.data.home.granepura.5-Kinases.Kinases_MCCE.Trial02.run_apo.3WZD_ASP01A0994_001
ForkPoolWorker-4: Calling delphi to calculate conformer (269/621) ASP01A0994_002 in /tmp/pbe_data.data.home.granepura.5-Kinases.Kinases_MCCE.Trial02.run_apo.3WZD_ASP01A0994_002
ForkPoolWorker-1: Calling delphi to calculate conformer (270/621) ASP02A0994_003 in /tmp/pbe_data.data.home.granepura.5-Kinases.Kinases_MCCE.Trial02.run_apo.3WZD_ASP02A0994_003
ForkPoolWorker-5: Calling delphi to calculate conformer (271/621) ASP02A0994_004 in /tmp/pbe_data.data.home.granepura.5-Kinases.Kinases_MCCE.Trial02.run_apo.3WZD_ASP02A0994_004
ForkPoolWorker-3: Calling delphi to calculate conformer (272/621) ASP-1A0994_005 in /tmp/pbe_data.data.home.granepura.5-Kinases.Kinases_MCCE.Trial02.run_apo.3WZD_ASP-1A0994_005
Skipping PBE solver for non-charge conformer (273/621) LEU01A0995_001...
ForkPoolWorker-1: Calling delphi to calculate conformer (275/621) TYR-1A0996_002 in /tmp/pbe_data.data.home.granepura.5-Kinases.Kinases_MCCE.Trial02.run_apo.3WZD_TYR-1A0996_002
ForkPoolWorker-4: Calling delphi to calculate conformer (276/621) LYS01A0997_001 in /tmp/pbe_data.data.home.granepura.5-Kinases.Kinases_MCCE.Trial02.run_apo.3WZD_LYS01A0997_001
ForkPoolWorker-2: Calling delphi to calculate conformer (274/621) TYR01A0996_001 in /tmp/pbe_data.data.home.granepura.5-Kinases.Kinases_MCCE.Trial02.run_apo.3WZD_TYR01A0996_001
ForkPoolWorker-5: Calling delphi to calculate conformer (277/621) LYS+1A0997_002 in /tmp/pbe_data.data.home.granepura.5-Kinases.Kinases_MCCE.Trial02.run_apo.3WZD_LYS+1A0997_002
ForkPoolWorker-3: Calling delphi to calculate conformer (278/621) ASP01A0998_001 in /tmp/pbe_data.data.home.granepura.5-Kinases.Kinases_MCCE.Trial02.run_apo.3WZD_ASP01A0998_001
ForkPoolWorker-4: Calling delphi to calculate conformer (279/621) ASP01A0998_002 in /tmp/pbe_data.data.home.granepura.5-Kinases.Kinases_MCCE.Trial02.run_apo.3WZD_ASP01A0998_002
ForkPoolWorker-1: Calling delphi to calculate conformer (280/621) ASP02A0998_003 in /tmp/pbe_data.data.home.granepura.5-Kinases.Kinases_MCCE.Trial02.run_apo.3WZD_ASP02A0998_003
ForkPoolWorker-2: Calling delphi to calculate conformer (281/621) ASP02A0998_004 in /tmp/pbe_data.data.home.granepura.5-Kinases.Kinases_MCCE.Trial02.run_apo.3WZD_ASP02A0998_004
ForkPoolWorker-5: Calling delphi to calculate conformer (282/621) ASP-1A0998_005 in /tmp/pbe_data.data.home.granepura.5-Kinases.Kinases_MCCE.Trial02.run_apo.3WZD_ASP-1A0998_005
Skipping PBE solver for non-charge conformer (283/621) PHE01A0999_001...
Skipping PBE solver for non-charge conformer (284/621) LEU01A1000_001...
ForkPoolWorker-3: Calling delphi to calculate conformer (285/621) THR01A1001_001 in /tmp/pbe_data.data.home.granepura.5-Kinases.Kinases_MCCE.Trial02.run_apo.3WZD_THR01A1001_001
ForkPoolWorker-4: Calling delphi to calculate conformer (286/621) THR01A1001_002 in /tmp/pbe_data.data.home.granepura.5-Kinases.Kinases_MCCE.Trial02.run_apo.3WZD_THR01A1001_002
Skipping PBE solver for non-charge conformer (287/621) LEU01A1002_001...
ForkPoolWorker-1: Calling delphi to calculate conformer (288/621) GLU01A1003_001 in /tmp/pbe_data.data.home.granepura.5-Kinases.Kinases_MCCE.Trial02.run_apo.3WZD_GLU01A1003_001
ForkPoolWorker-2: Calling delphi to calculate conformer (289/621) GLU01A1003_002 in /tmp/pbe_data.data.home.granepura.5-Kinases.Kinases_MCCE.Trial02.run_apo.3WZD_GLU01A1003_002
ForkPoolWorker-5: Calling delphi to calculate conformer (290/621) GLU02A1003_003 in /tmp/pbe_data.data.home.granepura.5-Kinases.Kinases_MCCE.Trial02.run_apo.3WZD_GLU02A1003_003
ForkPoolWorker-3: Calling delphi to calculate conformer (291/621) GLU02A1003_004 in /tmp/pbe_data.data.home.granepura.5-Kinases.Kinases_MCCE.Trial02.run_apo.3WZD_GLU02A1003_004
ForkPoolWorker-4: Calling delphi to calculate conformer (292/621) GLU-1A1003_005 in /tmp/pbe_data.data.home.granepura.5-Kinases.Kinases_MCCE.Trial02.run_apo.3WZD_GLU-1A1003_005
ForkPoolWorker-1: Calling delphi to calculate conformer (293/621) HIS01A1004_001 in /tmp/pbe_data.data.home.granepura.5-Kinases.Kinases_MCCE.Trial02.run_apo.3WZD_HIS01A1004_001
ForkPoolWorker-2: Calling delphi to calculate conformer (294/621) HIS02A1004_002 in /tmp/pbe_data.data.home.granepura.5-Kinases.Kinases_MCCE.Trial02.run_apo.3WZD_HIS02A1004_002
ForkPoolWorker-5: Calling delphi to calculate conformer (295/621) HIS+1A1004_003 in /tmp/pbe_data.data.home.granepura.5-Kinases.Kinases_MCCE.Trial02.run_apo.3WZD_HIS+1A1004_003
Skipping PBE solver for non-charge conformer (296/621) LEU01A1005_001...
Skipping PBE solver for non-charge conformer (297/621) ILE01A1006_001...
ForkPoolWorker-3: Calling delphi to calculate conformer (298/621) CYS01A1007_001 in /tmp/pbe_data.data.home.granepura.5-Kinases.Kinases_MCCE.Trial02.run_apo.3WZD_CYS01A1007_001
ForkPoolWorker-4: Calling delphi to calculate conformer (299/621) CYS01A1007_002 in /tmp/pbe_data.data.home.granepura.5-Kinases.Kinases_MCCE.Trial02.run_apo.3WZD_CYS01A1007_002
ForkPoolWorker-1: Calling delphi to calculate conformer (300/621) CYS01A1007_003 in /tmp/pbe_data.data.home.granepura.5-Kinases.Kinases_MCCE.Trial02.run_apo.3WZD_CYS01A1007_003
ForkPoolWorker-2: Calling delphi to calculate conformer (301/621) CYS-1A1007_004 in /tmp/pbe_data.data.home.granepura.5-Kinases.Kinases_MCCE.Trial02.run_apo.3WZD_CYS-1A1007_004
ForkPoolWorker-5: Calling delphi to calculate conformer (302/621) TYR01A1008_001 in /tmp/pbe_data.data.home.granepura.5-Kinases.Kinases_MCCE.Trial02.run_apo.3WZD_TYR01A1008_001
ForkPoolWorker-3: Calling delphi to calculate conformer (303/621) TYR01A1008_002 in /tmp/pbe_data.data.home.granepura.5-Kinases.Kinases_MCCE.Trial02.run_apo.3WZD_TYR01A1008_002
ForkPoolWorker-4: Calling delphi to calculate conformer (304/621) TYR01A1008_003 in /tmp/pbe_data.data.home.granepura.5-Kinases.Kinases_MCCE.Trial02.run_apo.3WZD_TYR01A1008_003
ForkPoolWorker-1: Calling delphi to calculate conformer (305/621) TYR01A1008_004 in /tmp/pbe_data.data.home.granepura.5-Kinases.Kinases_MCCE.Trial02.run_apo.3WZD_TYR01A1008_004
ForkPoolWorker-2: Calling delphi to calculate conformer (306/621) TYR-1A1008_005 in /tmp/pbe_data.data.home.granepura.5-Kinases.Kinases_MCCE.Trial02.run_apo.3WZD_TYR-1A1008_005
ForkPoolWorker-5: Calling delphi to calculate conformer (307/621) TYR-1A1008_006 in /tmp/pbe_data.data.home.granepura.5-Kinases.Kinases_MCCE.Trial02.run_apo.3WZD_TYR-1A1008_006
ForkPoolWorker-3: Calling delphi to calculate conformer (308/621) SER01A1009_001 in /tmp/pbe_data.data.home.granepura.5-Kinases.Kinases_MCCE.Trial02.run_apo.3WZD_SER01A1009_001
ForkPoolWorker-4: Calling delphi to calculate conformer (309/621) SER01A1009_002 in /tmp/pbe_data.data.home.granepura.5-Kinases.Kinases_MCCE.Trial02.run_apo.3WZD_SER01A1009_002
Skipping PBE solver for non-charge conformer (310/621) PHE01A1010_001...
ForkPoolWorker-1: Calling delphi to calculate conformer (311/621) GLN01A1011_001 in /tmp/pbe_data.data.home.granepura.5-Kinases.Kinases_MCCE.Trial02.run_apo.3WZD_GLN01A1011_001
ForkPoolWorker-2: Calling delphi to calculate conformer (312/621) GLN01A1011_002 in /tmp/pbe_data.data.home.granepura.5-Kinases.Kinases_MCCE.Trial02.run_apo.3WZD_GLN01A1011_002
Skipping PBE solver for non-charge conformer (313/621) VAL01A1012_001...
Skipping PBE solver for non-charge conformer (314/621) ALA01A1013_001...
ForkPoolWorker-5: Calling delphi to calculate conformer (315/621) LYS01A1014_001 in /tmp/pbe_data.data.home.granepura.5-Kinases.Kinases_MCCE.Trial02.run_apo.3WZD_LYS01A1014_001
ForkPoolWorker-3: Calling delphi to calculate conformer (316/621) LYS+1A1014_002 in /tmp/pbe_data.data.home.granepura.5-Kinases.Kinases_MCCE.Trial02.run_apo.3WZD_LYS+1A1014_002
ForkPoolWorker-4: Calling delphi to calculate conformer (317/621) MET01A1016_001 in /tmp/pbe_data.data.home.granepura.5-Kinases.Kinases_MCCE.Trial02.run_apo.3WZD_MET01A1016_001
ForkPoolWorker-1: Calling delphi to calculate conformer (318/621) GLU01A1017_001 in /tmp/pbe_data.data.home.granepura.5-Kinases.Kinases_MCCE.Trial02.run_apo.3WZD_GLU01A1017_001
ForkPoolWorker-2: Calling delphi to calculate conformer (319/621) GLU01A1017_002 in /tmp/pbe_data.data.home.granepura.5-Kinases.Kinases_MCCE.Trial02.run_apo.3WZD_GLU01A1017_002
ForkPoolWorker-5: Calling delphi to calculate conformer (320/621) GLU02A1017_003 in /tmp/pbe_data.data.home.granepura.5-Kinases.Kinases_MCCE.Trial02.run_apo.3WZD_GLU02A1017_003
ForkPoolWorker-3: Calling delphi to calculate conformer (321/621) GLU02A1017_004 in /tmp/pbe_data.data.home.granepura.5-Kinases.Kinases_MCCE.Trial02.run_apo.3WZD_GLU02A1017_004
ForkPoolWorker-4: Calling delphi to calculate conformer (322/621) GLU-1A1017_005 in /tmp/pbe_data.data.home.granepura.5-Kinases.Kinases_MCCE.Trial02.run_apo.3WZD_GLU-1A1017_005
Skipping PBE solver for non-charge conformer (323/621) PHE01A1018_001...
Skipping PBE solver for non-charge conformer (324/621) LEU01A1019_001...
Skipping PBE solver for non-charge conformer (325/621) ALA01A1020_001...
ForkPoolWorker-1: Calling delphi to calculate conformer (326/621) SER01A1021_001 in /tmp/pbe_data.data.home.granepura.5-Kinases.Kinases_MCCE.Trial02.run_apo.3WZD_SER01A1021_001
ForkPoolWorker-2: Calling delphi to calculate conformer (327/621) SER01A1021_002 in /tmp/pbe_data.data.home.granepura.5-Kinases.Kinases_MCCE.Trial02.run_apo.3WZD_SER01A1021_002
ForkPoolWorker-5: Calling delphi to calculate conformer (328/621) ARG01A1022_001 in /tmp/pbe_data.data.home.granepura.5-Kinases.Kinases_MCCE.Trial02.run_apo.3WZD_ARG01A1022_001
ForkPoolWorker-3: Calling delphi to calculate conformer (329/621) ARG02A1022_002 in /tmp/pbe_data.data.home.granepura.5-Kinases.Kinases_MCCE.Trial02.run_apo.3WZD_ARG02A1022_002
ForkPoolWorker-4: Calling delphi to calculate conformer (330/621) ARG03A1022_003 in /tmp/pbe_data.data.home.granepura.5-Kinases.Kinases_MCCE.Trial02.run_apo.3WZD_ARG03A1022_003
ForkPoolWorker-1: Calling delphi to calculate conformer (331/621) ARG03A1022_004 in /tmp/pbe_data.data.home.granepura.5-Kinases.Kinases_MCCE.Trial02.run_apo.3WZD_ARG03A1022_004
ForkPoolWorker-2: Calling delphi to calculate conformer (332/621) ARG+1A1022_005 in /tmp/pbe_data.data.home.granepura.5-Kinases.Kinases_MCCE.Trial02.run_apo.3WZD_ARG+1A1022_005
ForkPoolWorker-5: Calling delphi to calculate conformer (333/621) LYS01A1023_001 in /tmp/pbe_data.data.home.granepura.5-Kinases.Kinases_MCCE.Trial02.run_apo.3WZD_LYS01A1023_001
ForkPoolWorker-3: Calling delphi to calculate conformer (334/621) LYS+1A1023_002 in /tmp/pbe_data.data.home.granepura.5-Kinases.Kinases_MCCE.Trial02.run_apo.3WZD_LYS+1A1023_002
ForkPoolWorker-4: Calling delphi to calculate conformer (335/621) CYS01A1024_001 in /tmp/pbe_data.data.home.granepura.5-Kinases.Kinases_MCCE.Trial02.run_apo.3WZD_CYS01A1024_001
ForkPoolWorker-1: Calling delphi to calculate conformer (336/621) CYS01A1024_002 in /tmp/pbe_data.data.home.granepura.5-Kinases.Kinases_MCCE.Trial02.run_apo.3WZD_CYS01A1024_002
ForkPoolWorker-2: Calling delphi to calculate conformer (337/621) CYS01A1024_003 in /tmp/pbe_data.data.home.granepura.5-Kinases.Kinases_MCCE.Trial02.run_apo.3WZD_CYS01A1024_003
ForkPoolWorker-5: Calling delphi to calculate conformer (338/621) CYS-1A1024_004 in /tmp/pbe_data.data.home.granepura.5-Kinases.Kinases_MCCE.Trial02.run_apo.3WZD_CYS-1A1024_004
Skipping PBE solver for non-charge conformer (339/621) ILE01A1025_001...
ForkPoolWorker-3: Calling delphi to calculate conformer (340/621) HIS01A1026_001 in /tmp/pbe_data.data.home.granepura.5-Kinases.Kinases_MCCE.Trial02.run_apo.3WZD_HIS01A1026_001
ForkPoolWorker-4: Calling delphi to calculate conformer (341/621) HIS02A1026_002 in /tmp/pbe_data.data.home.granepura.5-Kinases.Kinases_MCCE.Trial02.run_apo.3WZD_HIS02A1026_002
ForkPoolWorker-2: Calling delphi to calculate conformer (342/621) HIS+1A1026_003 in /tmp/pbe_data.data.home.granepura.5-Kinases.Kinases_MCCE.Trial02.run_apo.3WZD_HIS+1A1026_003
ForkPoolWorker-1: Calling delphi to calculate conformer (343/621) ARG01A1027_001 in /tmp/pbe_data.data.home.granepura.5-Kinases.Kinases_MCCE.Trial02.run_apo.3WZD_ARG01A1027_001
ForkPoolWorker-5: Calling delphi to calculate conformer (344/621) ARG02A1027_002 in /tmp/pbe_data.data.home.granepura.5-Kinases.Kinases_MCCE.Trial02.run_apo.3WZD_ARG02A1027_002
ForkPoolWorker-3: Calling delphi to calculate conformer (345/621) ARG03A1027_003 in /tmp/pbe_data.data.home.granepura.5-Kinases.Kinases_MCCE.Trial02.run_apo.3WZD_ARG03A1027_003
ForkPoolWorker-4: Calling delphi to calculate conformer (346/621) ARG+1A1027_004 in /tmp/pbe_data.data.home.granepura.5-Kinases.Kinases_MCCE.Trial02.run_apo.3WZD_ARG+1A1027_004
ForkPoolWorker-1: Calling delphi to calculate conformer (347/621) ASP01A1028_001 in /tmp/pbe_data.data.home.granepura.5-Kinases.Kinases_MCCE.Trial02.run_apo.3WZD_ASP01A1028_001
ForkPoolWorker-2: Calling delphi to calculate conformer (348/621) ASP01A1028_002 in /tmp/pbe_data.data.home.granepura.5-Kinases.Kinases_MCCE.Trial02.run_apo.3WZD_ASP01A1028_002
ForkPoolWorker-5: Calling delphi to calculate conformer (349/621) ASP01A1028_003 in /tmp/pbe_data.data.home.granepura.5-Kinases.Kinases_MCCE.Trial02.run_apo.3WZD_ASP01A1028_003
ForkPoolWorker-3: Calling delphi to calculate conformer (350/621) ASP01A1028_004 in /tmp/pbe_data.data.home.granepura.5-Kinases.Kinases_MCCE.Trial02.run_apo.3WZD_ASP01A1028_004
ForkPoolWorker-4: Calling delphi to calculate conformer (351/621) ASP02A1028_005 in /tmp/pbe_data.data.home.granepura.5-Kinases.Kinases_MCCE.Trial02.run_apo.3WZD_ASP02A1028_005
ForkPoolWorker-1: Calling delphi to calculate conformer (352/621) ASP02A1028_006 in /tmp/pbe_data.data.home.granepura.5-Kinases.Kinases_MCCE.Trial02.run_apo.3WZD_ASP02A1028_006
ForkPoolWorker-2: Calling delphi to calculate conformer (353/621) ASP02A1028_007 in /tmp/pbe_data.data.home.granepura.5-Kinases.Kinases_MCCE.Trial02.run_apo.3WZD_ASP02A1028_007
ForkPoolWorker-5: Calling delphi to calculate conformer (354/621) ASP02A1028_008 in /tmp/pbe_data.data.home.granepura.5-Kinases.Kinases_MCCE.Trial02.run_apo.3WZD_ASP02A1028_008
ForkPoolWorker-3: Calling delphi to calculate conformer (355/621) ASP-1A1028_009 in /tmp/pbe_data.data.home.granepura.5-Kinases.Kinases_MCCE.Trial02.run_apo.3WZD_ASP-1A1028_009
ForkPoolWorker-4: Calling delphi to calculate conformer (356/621) ASP-1A1028_010 in /tmp/pbe_data.data.home.granepura.5-Kinases.Kinases_MCCE.Trial02.run_apo.3WZD_ASP-1A1028_010
Skipping PBE solver for non-charge conformer (357/621) LEU01A1029_001...
Skipping PBE solver for non-charge conformer (358/621) ALA01A1030_001...
Skipping PBE solver for non-charge conformer (359/621) ALA01A1031_001...
ForkPoolWorker-2: Calling delphi to calculate conformer (360/621) ARG01A1032_001 in /tmp/pbe_data.data.home.granepura.5-Kinases.Kinases_MCCE.Trial02.run_apo.3WZD_ARG01A1032_001
ForkPoolWorker-1: Calling delphi to calculate conformer (361/621) ARG02A1032_002 in /tmp/pbe_data.data.home.granepura.5-Kinases.Kinases_MCCE.Trial02.run_apo.3WZD_ARG02A1032_002
ForkPoolWorker-5: Calling delphi to calculate conformer (362/621) ARG03A1032_003 in /tmp/pbe_data.data.home.granepura.5-Kinases.Kinases_MCCE.Trial02.run_apo.3WZD_ARG03A1032_003
ForkPoolWorker-3: Calling delphi to calculate conformer (363/621) ARG03A1032_004 in /tmp/pbe_data.data.home.granepura.5-Kinases.Kinases_MCCE.Trial02.run_apo.3WZD_ARG03A1032_004
ForkPoolWorker-4: Calling delphi to calculate conformer (364/621) ARG+1A1032_005 in /tmp/pbe_data.data.home.granepura.5-Kinases.Kinases_MCCE.Trial02.run_apo.3WZD_ARG+1A1032_005
ForkPoolWorker-1: Calling delphi to calculate conformer (365/621) ASN01A1033_001 in /tmp/pbe_data.data.home.granepura.5-Kinases.Kinases_MCCE.Trial02.run_apo.3WZD_ASN01A1033_001
ForkPoolWorker-2: Calling delphi to calculate conformer (366/621) ASN01A1033_002 in /tmp/pbe_data.data.home.granepura.5-Kinases.Kinases_MCCE.Trial02.run_apo.3WZD_ASN01A1033_002
Skipping PBE solver for non-charge conformer (367/621) ILE01A1034_001...
Skipping PBE solver for non-charge conformer (368/621) LEU01A1035_001...
Skipping PBE solver for non-charge conformer (369/621) LEU01A1036_001...
ForkPoolWorker-5: Calling delphi to calculate conformer (370/621) SER01A1037_001 in /tmp/pbe_data.data.home.granepura.5-Kinases.Kinases_MCCE.Trial02.run_apo.3WZD_SER01A1037_001
ForkPoolWorker-3: Calling delphi to calculate conformer (371/621) GLU01A1038_001 in /tmp/pbe_data.data.home.granepura.5-Kinases.Kinases_MCCE.Trial02.run_apo.3WZD_GLU01A1038_001
ForkPoolWorker-4: Calling delphi to calculate conformer (372/621) GLU01A1038_002 in /tmp/pbe_data.data.home.granepura.5-Kinases.Kinases_MCCE.Trial02.run_apo.3WZD_GLU01A1038_002
ForkPoolWorker-2: Calling delphi to calculate conformer (373/621) GLU02A1038_003 in /tmp/pbe_data.data.home.granepura.5-Kinases.Kinases_MCCE.Trial02.run_apo.3WZD_GLU02A1038_003
ForkPoolWorker-1: Calling delphi to calculate conformer (374/621) GLU02A1038_004 in /tmp/pbe_data.data.home.granepura.5-Kinases.Kinases_MCCE.Trial02.run_apo.3WZD_GLU02A1038_004
ForkPoolWorker-5: Calling delphi to calculate conformer (375/621) GLU-1A1038_005 in /tmp/pbe_data.data.home.granepura.5-Kinases.Kinases_MCCE.Trial02.run_apo.3WZD_GLU-1A1038_005
ForkPoolWorker-3: Calling delphi to calculate conformer (376/621) LYS01A1039_001 in /tmp/pbe_data.data.home.granepura.5-Kinases.Kinases_MCCE.Trial02.run_apo.3WZD_LYS01A1039_001
ForkPoolWorker-4: Calling delphi to calculate conformer (377/621) LYS+1A1039_002 in /tmp/pbe_data.data.home.granepura.5-Kinases.Kinases_MCCE.Trial02.run_apo.3WZD_LYS+1A1039_002
ForkPoolWorker-2: Calling delphi to calculate conformer (378/621) ASN01A1040_001 in /tmp/pbe_data.data.home.granepura.5-Kinases.Kinases_MCCE.Trial02.run_apo.3WZD_ASN01A1040_001
ForkPoolWorker-1: Calling delphi to calculate conformer (379/621) ASN01A1040_002 in /tmp/pbe_data.data.home.granepura.5-Kinases.Kinases_MCCE.Trial02.run_apo.3WZD_ASN01A1040_002
Skipping PBE solver for non-charge conformer (380/621) VAL01A1041_001...
Skipping PBE solver for non-charge conformer (381/621) VAL01A1042_001...
ForkPoolWorker-5: Calling delphi to calculate conformer (382/621) LYS01A1043_001 in /tmp/pbe_data.data.home.granepura.5-Kinases.Kinases_MCCE.Trial02.run_apo.3WZD_LYS01A1043_001
ForkPoolWorker-3: Calling delphi to calculate conformer (383/621) LYS+1A1043_002 in /tmp/pbe_data.data.home.granepura.5-Kinases.Kinases_MCCE.Trial02.run_apo.3WZD_LYS+1A1043_002
Skipping PBE solver for non-charge conformer (384/621) ILE01A1044_001...
ForkPoolWorker-4: Calling delphi to calculate conformer (385/621) CYS01A1045_001 in /tmp/pbe_data.data.home.granepura.5-Kinases.Kinases_MCCE.Trial02.run_apo.3WZD_CYS01A1045_001
ForkPoolWorker-1: Calling delphi to calculate conformer (386/621) CYS01A1045_002 in /tmp/pbe_data.data.home.granepura.5-Kinases.Kinases_MCCE.Trial02.run_apo.3WZD_CYS01A1045_002
ForkPoolWorker-2: Calling delphi to calculate conformer (387/621) CYS01A1045_003 in /tmp/pbe_data.data.home.granepura.5-Kinases.Kinases_MCCE.Trial02.run_apo.3WZD_CYS01A1045_003
ForkPoolWorker-5: Calling delphi to calculate conformer (388/621) CYS-1A1045_004 in /tmp/pbe_data.data.home.granepura.5-Kinases.Kinases_MCCE.Trial02.run_apo.3WZD_CYS-1A1045_004
ForkPoolWorker-3: Calling delphi to calculate conformer (389/621) ASP01A1046_001 in /tmp/pbe_data.data.home.granepura.5-Kinases.Kinases_MCCE.Trial02.run_apo.3WZD_ASP01A1046_001
ForkPoolWorker-4: Calling delphi to calculate conformer (390/621) ASP01A1046_002 in /tmp/pbe_data.data.home.granepura.5-Kinases.Kinases_MCCE.Trial02.run_apo.3WZD_ASP01A1046_002
ForkPoolWorker-1: Calling delphi to calculate conformer (391/621) ASP02A1046_003 in /tmp/pbe_data.data.home.granepura.5-Kinases.Kinases_MCCE.Trial02.run_apo.3WZD_ASP02A1046_003
ForkPoolWorker-2: Calling delphi to calculate conformer (392/621) ASP02A1046_004 in /tmp/pbe_data.data.home.granepura.5-Kinases.Kinases_MCCE.Trial02.run_apo.3WZD_ASP02A1046_004
ForkPoolWorker-5: Calling delphi to calculate conformer (393/621) ASP-1A1046_005 in /tmp/pbe_data.data.home.granepura.5-Kinases.Kinases_MCCE.Trial02.run_apo.3WZD_ASP-1A1046_005
Skipping PBE solver for non-charge conformer (394/621) PHE01A1047_001...
Skipping PBE solver for non-charge conformer (395/621) LEU01A1049_001...
Skipping PBE solver for non-charge conformer (396/621) ALA01A1050_001...
Skipping PBE solver for non-charge conformer (397/621) LEU01A1067_001...
Skipping PBE solver for non-charge conformer (398/621) PRO01A1068_001...
Skipping PBE solver for non-charge conformer (399/621) LEU01A1069_001...
ForkPoolWorker-3: Calling delphi to calculate conformer (400/621) LYS01A1070_001 in /tmp/pbe_data.data.home.granepura.5-Kinases.Kinases_MCCE.Trial02.run_apo.3WZD_LYS01A1070_001
ForkPoolWorker-4: Calling delphi to calculate conformer (401/621) LYS+1A1070_002 in /tmp/pbe_data.data.home.granepura.5-Kinases.Kinases_MCCE.Trial02.run_apo.3WZD_LYS+1A1070_002
Skipping PBE solver for non-charge conformer (402/621) TRP01A1071_001...
ForkPoolWorker-1: Calling delphi to calculate conformer (403/621) MET01A1072_001 in /tmp/pbe_data.data.home.granepura.5-Kinases.Kinases_MCCE.Trial02.run_apo.3WZD_MET01A1072_001
Skipping PBE solver for non-charge conformer (404/621) ALA01A1073_001...
Skipping PBE solver for non-charge conformer (405/621) PRO01A1074_001...
ForkPoolWorker-2: Calling delphi to calculate conformer (406/621) GLU01A1075_001 in /tmp/pbe_data.data.home.granepura.5-Kinases.Kinases_MCCE.Trial02.run_apo.3WZD_GLU01A1075_001
ForkPoolWorker-5: Calling delphi to calculate conformer (407/621) GLU01A1075_002 in /tmp/pbe_data.data.home.granepura.5-Kinases.Kinases_MCCE.Trial02.run_apo.3WZD_GLU01A1075_002
ForkPoolWorker-3: Calling delphi to calculate conformer (408/621) GLU02A1075_003 in /tmp/pbe_data.data.home.granepura.5-Kinases.Kinases_MCCE.Trial02.run_apo.3WZD_GLU02A1075_003
ForkPoolWorker-4: Calling delphi to calculate conformer (409/621) GLU02A1075_004 in /tmp/pbe_data.data.home.granepura.5-Kinases.Kinases_MCCE.Trial02.run_apo.3WZD_GLU02A1075_004
ForkPoolWorker-1: Calling delphi to calculate conformer (410/621) GLU-1A1075_005 in /tmp/pbe_data.data.home.granepura.5-Kinases.Kinases_MCCE.Trial02.run_apo.3WZD_GLU-1A1075_005
ForkPoolWorker-2: Calling delphi to calculate conformer (411/621) THR01A1076_001 in /tmp/pbe_data.data.home.granepura.5-Kinases.Kinases_MCCE.Trial02.run_apo.3WZD_THR01A1076_001
ForkPoolWorker-5: Calling delphi to calculate conformer (412/621) THR01A1076_002 in /tmp/pbe_data.data.home.granepura.5-Kinases.Kinases_MCCE.Trial02.run_apo.3WZD_THR01A1076_002
ForkPoolWorker-3: Calling delphi to calculate conformer (413/621) THR01A1076_003 in /tmp/pbe_data.data.home.granepura.5-Kinases.Kinases_MCCE.Trial02.run_apo.3WZD_THR01A1076_003
Skipping PBE solver for non-charge conformer (414/621) ILE01A1077_001...
Skipping PBE solver for non-charge conformer (415/621) PHE01A1078_001...
ForkPoolWorker-4: Calling delphi to calculate conformer (416/621) ASP01A1079_001 in /tmp/pbe_data.data.home.granepura.5-Kinases.Kinases_MCCE.Trial02.run_apo.3WZD_ASP01A1079_001
ForkPoolWorker-1: Calling delphi to calculate conformer (417/621) ASP01A1079_002 in /tmp/pbe_data.data.home.granepura.5-Kinases.Kinases_MCCE.Trial02.run_apo.3WZD_ASP01A1079_002
ForkPoolWorker-2: Calling delphi to calculate conformer (418/621) ASP02A1079_003 in /tmp/pbe_data.data.home.granepura.5-Kinases.Kinases_MCCE.Trial02.run_apo.3WZD_ASP02A1079_003
ForkPoolWorker-5: Calling delphi to calculate conformer (419/621) ASP02A1079_004 in /tmp/pbe_data.data.home.granepura.5-Kinases.Kinases_MCCE.Trial02.run_apo.3WZD_ASP02A1079_004
ForkPoolWorker-3: Calling delphi to calculate conformer (420/621) ASP-1A1079_005 in /tmp/pbe_data.data.home.granepura.5-Kinases.Kinases_MCCE.Trial02.run_apo.3WZD_ASP-1A1079_005
ForkPoolWorker-4: Calling delphi to calculate conformer (421/621) ARG01A1080_001 in /tmp/pbe_data.data.home.granepura.5-Kinases.Kinases_MCCE.Trial02.run_apo.3WZD_ARG01A1080_001
ForkPoolWorker-1: Calling delphi to calculate conformer (422/621) ARG02A1080_002 in /tmp/pbe_data.data.home.granepura.5-Kinases.Kinases_MCCE.Trial02.run_apo.3WZD_ARG02A1080_002
ForkPoolWorker-2: Calling delphi to calculate conformer (423/621) ARG03A1080_003 in /tmp/pbe_data.data.home.granepura.5-Kinases.Kinases_MCCE.Trial02.run_apo.3WZD_ARG03A1080_003
ForkPoolWorker-5: Calling delphi to calculate conformer (424/621) ARG+1A1080_004 in /tmp/pbe_data.data.home.granepura.5-Kinases.Kinases_MCCE.Trial02.run_apo.3WZD_ARG+1A1080_004
Skipping PBE solver for non-charge conformer (425/621) VAL01A1081_001...
ForkPoolWorker-3: Calling delphi to calculate conformer (426/621) TYR01A1082_001 in /tmp/pbe_data.data.home.granepura.5-Kinases.Kinases_MCCE.Trial02.run_apo.3WZD_TYR01A1082_001
ForkPoolWorker-4: Calling delphi to calculate conformer (427/621) TYR01A1082_002 in /tmp/pbe_data.data.home.granepura.5-Kinases.Kinases_MCCE.Trial02.run_apo.3WZD_TYR01A1082_002
ForkPoolWorker-1: Calling delphi to calculate conformer (428/621) TYR-1A1082_003 in /tmp/pbe_data.data.home.granepura.5-Kinases.Kinases_MCCE.Trial02.run_apo.3WZD_TYR-1A1082_003
ForkPoolWorker-2: Calling delphi to calculate conformer (429/621) THR01A1083_001 in /tmp/pbe_data.data.home.granepura.5-Kinases.Kinases_MCCE.Trial02.run_apo.3WZD_THR01A1083_001
Skipping PBE solver for non-charge conformer (430/621) ILE01A1084_001...
ForkPoolWorker-5: Calling delphi to calculate conformer (431/621) GLN01A1085_001 in /tmp/pbe_data.data.home.granepura.5-Kinases.Kinases_MCCE.Trial02.run_apo.3WZD_GLN01A1085_001
ForkPoolWorker-3: Calling delphi to calculate conformer (432/621) GLN01A1085_002 in /tmp/pbe_data.data.home.granepura.5-Kinases.Kinases_MCCE.Trial02.run_apo.3WZD_GLN01A1085_002
ForkPoolWorker-4: Calling delphi to calculate conformer (433/621) SER01A1086_001 in /tmp/pbe_data.data.home.granepura.5-Kinases.Kinases_MCCE.Trial02.run_apo.3WZD_SER01A1086_001
ForkPoolWorker-1: Calling delphi to calculate conformer (434/621) SER01A1086_002 in /tmp/pbe_data.data.home.granepura.5-Kinases.Kinases_MCCE.Trial02.run_apo.3WZD_SER01A1086_002
ForkPoolWorker-2: Calling delphi to calculate conformer (435/621) ASP01A1087_001 in /tmp/pbe_data.data.home.granepura.5-Kinases.Kinases_MCCE.Trial02.run_apo.3WZD_ASP01A1087_001
ForkPoolWorker-5: Calling delphi to calculate conformer (436/621) ASP01A1087_002 in /tmp/pbe_data.data.home.granepura.5-Kinases.Kinases_MCCE.Trial02.run_apo.3WZD_ASP01A1087_002
ForkPoolWorker-3: Calling delphi to calculate conformer (437/621) ASP02A1087_003 in /tmp/pbe_data.data.home.granepura.5-Kinases.Kinases_MCCE.Trial02.run_apo.3WZD_ASP02A1087_003
ForkPoolWorker-4: Calling delphi to calculate conformer (438/621) ASP02A1087_004 in /tmp/pbe_data.data.home.granepura.5-Kinases.Kinases_MCCE.Trial02.run_apo.3WZD_ASP02A1087_004
ForkPoolWorker-1: Calling delphi to calculate conformer (439/621) ASP-1A1087_005 in /tmp/pbe_data.data.home.granepura.5-Kinases.Kinases_MCCE.Trial02.run_apo.3WZD_ASP-1A1087_005
Skipping PBE solver for non-charge conformer (440/621) VAL01A1088_001...
Skipping PBE solver for non-charge conformer (441/621) TRP01A1089_001...
ForkPoolWorker-2: Calling delphi to calculate conformer (442/621) SER01A1090_001 in /tmp/pbe_data.data.home.granepura.5-Kinases.Kinases_MCCE.Trial02.run_apo.3WZD_SER01A1090_001
ForkPoolWorker-5: Calling delphi to calculate conformer (443/621) SER01A1090_002 in /tmp/pbe_data.data.home.granepura.5-Kinases.Kinases_MCCE.Trial02.run_apo.3WZD_SER01A1090_002
Skipping PBE solver for non-charge conformer (444/621) PHE01A1091_001...
Skipping PBE solver for non-charge conformer (445/621) VAL01A1093_001...
Skipping PBE solver for non-charge conformer (446/621) LEU01A1094_001...
Skipping PBE solver for non-charge conformer (447/621) LEU01A1095_001...
Skipping PBE solver for non-charge conformer (448/621) TRP01A1096_001...
ForkPoolWorker-3: Calling delphi to calculate conformer (449/621) GLU01A1097_001 in /tmp/pbe_data.data.home.granepura.5-Kinases.Kinases_MCCE.Trial02.run_apo.3WZD_GLU01A1097_001
ForkPoolWorker-4: Calling delphi to calculate conformer (450/621) GLU01A1097_002 in /tmp/pbe_data.data.home.granepura.5-Kinases.Kinases_MCCE.Trial02.run_apo.3WZD_GLU01A1097_002
ForkPoolWorker-2: Calling delphi to calculate conformer (451/621) GLU02A1097_003 in /tmp/pbe_data.data.home.granepura.5-Kinases.Kinases_MCCE.Trial02.run_apo.3WZD_GLU02A1097_003
ForkPoolWorker-1: Calling delphi to calculate conformer (452/621) GLU02A1097_004 in /tmp/pbe_data.data.home.granepura.5-Kinases.Kinases_MCCE.Trial02.run_apo.3WZD_GLU02A1097_004
ForkPoolWorker-5: Calling delphi to calculate conformer (453/621) GLU-1A1097_005 in /tmp/pbe_data.data.home.granepura.5-Kinases.Kinases_MCCE.Trial02.run_apo.3WZD_GLU-1A1097_005
Skipping PBE solver for non-charge conformer (454/621) ILE01A1098_001...
Skipping PBE solver for non-charge conformer (455/621) PHE01A1099_001...
ForkPoolWorker-3: Calling delphi to calculate conformer (456/621) SER01A1100_001 in /tmp/pbe_data.data.home.granepura.5-Kinases.Kinases_MCCE.Trial02.run_apo.3WZD_SER01A1100_001
ForkPoolWorker-1: Calling delphi to calculate conformer (457/621) SER01A1100_002 in /tmp/pbe_data.data.home.granepura.5-Kinases.Kinases_MCCE.Trial02.run_apo.3WZD_SER01A1100_002
Skipping PBE solver for non-charge conformer (458/621) LEU01A1101_001...
ForkPoolWorker-2: Calling delphi to calculate conformer (460/621) SER01A1104_001 in /tmp/pbe_data.data.home.granepura.5-Kinases.Kinases_MCCE.Trial02.run_apo.3WZD_SER01A1104_001
Skipping PBE solver for non-charge conformer (459/621) ALA01A1103_001...
ForkPoolWorker-4: Calling delphi to calculate conformer (461/621) SER01A1104_002 in /tmp/pbe_data.data.home.granepura.5-Kinases.Kinases_MCCE.Trial02.run_apo.3WZD_SER01A1104_002
Skipping PBE solver for non-charge conformer (462/621) PRO01A1105_001...
ForkPoolWorker-5: Calling delphi to calculate conformer (463/621) TYR01A1106_001 in /tmp/pbe_data.data.home.granepura.5-Kinases.Kinases_MCCE.Trial02.run_apo.3WZD_TYR01A1106_001
ForkPoolWorker-3: Calling delphi to calculate conformer (464/621) TYR-1A1106_002 in /tmp/pbe_data.data.home.granepura.5-Kinases.Kinases_MCCE.Trial02.run_apo.3WZD_TYR-1A1106_002
Skipping PBE solver for non-charge conformer (465/621) PRO01A1107_001...
ForkPoolWorker-4: Calling delphi to calculate conformer (468/621) LYS+1A1110_002 in /tmp/pbe_data.data.home.granepura.5-Kinases.Kinases_MCCE.Trial02.run_apo.3WZD_LYS+1A1110_002
Skipping PBE solver for non-charge conformer (466/621) VAL01A1109_001...
ForkPoolWorker-2: Calling delphi to calculate conformer (467/621) LYS01A1110_001 in /tmp/pbe_data.data.home.granepura.5-Kinases.Kinases_MCCE.Trial02.run_apo.3WZD_LYS01A1110_001
Skipping PBE solver for non-charge conformer (469/621) ILE01A1111_001...
ForkPoolWorker-1: Calling delphi to calculate conformer (470/621) ASP01A1112_001 in /tmp/pbe_data.data.home.granepura.5-Kinases.Kinases_MCCE.Trial02.run_apo.3WZD_ASP01A1112_001
ForkPoolWorker-5: Calling delphi to calculate conformer (471/621) ASP01A1112_002 in /tmp/pbe_data.data.home.granepura.5-Kinases.Kinases_MCCE.Trial02.run_apo.3WZD_ASP01A1112_002
ForkPoolWorker-3: Calling delphi to calculate conformer (472/621) ASP02A1112_003 in /tmp/pbe_data.data.home.granepura.5-Kinases.Kinases_MCCE.Trial02.run_apo.3WZD_ASP02A1112_003
ForkPoolWorker-4: Calling delphi to calculate conformer (473/621) ASP02A1112_004 in /tmp/pbe_data.data.home.granepura.5-Kinases.Kinases_MCCE.Trial02.run_apo.3WZD_ASP02A1112_004
ForkPoolWorker-1: Calling delphi to calculate conformer (474/621) ASP-1A1112_005 in /tmp/pbe_data.data.home.granepura.5-Kinases.Kinases_MCCE.Trial02.run_apo.3WZD_ASP-1A1112_005
ForkPoolWorker-2: Calling delphi to calculate conformer (475/621) GLU01A1113_001 in /tmp/pbe_data.data.home.granepura.5-Kinases.Kinases_MCCE.Trial02.run_apo.3WZD_GLU01A1113_001
ForkPoolWorker-5: Calling delphi to calculate conformer (476/621) GLU01A1113_002 in /tmp/pbe_data.data.home.granepura.5-Kinases.Kinases_MCCE.Trial02.run_apo.3WZD_GLU01A1113_002
ForkPoolWorker-3: Calling delphi to calculate conformer (477/621) GLU02A1113_003 in /tmp/pbe_data.data.home.granepura.5-Kinases.Kinases_MCCE.Trial02.run_apo.3WZD_GLU02A1113_003
ForkPoolWorker-4: Calling delphi to calculate conformer (478/621) GLU02A1113_004 in /tmp/pbe_data.data.home.granepura.5-Kinases.Kinases_MCCE.Trial02.run_apo.3WZD_GLU02A1113_004
ForkPoolWorker-1: Calling delphi to calculate conformer (479/621) GLU-1A1113_005 in /tmp/pbe_data.data.home.granepura.5-Kinases.Kinases_MCCE.Trial02.run_apo.3WZD_GLU-1A1113_005
ForkPoolWorker-2: Calling delphi to calculate conformer (480/621) GLU01A1114_001 in /tmp/pbe_data.data.home.granepura.5-Kinases.Kinases_MCCE.Trial02.run_apo.3WZD_GLU01A1114_001
ForkPoolWorker-5: Calling delphi to calculate conformer (481/621) GLU01A1114_002 in /tmp/pbe_data.data.home.granepura.5-Kinases.Kinases_MCCE.Trial02.run_apo.3WZD_GLU01A1114_002
ForkPoolWorker-3: Calling delphi to calculate conformer (482/621) GLU02A1114_003 in /tmp/pbe_data.data.home.granepura.5-Kinases.Kinases_MCCE.Trial02.run_apo.3WZD_GLU02A1114_003
ForkPoolWorker-4: Calling delphi to calculate conformer (483/621) GLU02A1114_004 in /tmp/pbe_data.data.home.granepura.5-Kinases.Kinases_MCCE.Trial02.run_apo.3WZD_GLU02A1114_004
ForkPoolWorker-1: Calling delphi to calculate conformer (484/621) GLU-1A1114_005 in /tmp/pbe_data.data.home.granepura.5-Kinases.Kinases_MCCE.Trial02.run_apo.3WZD_GLU-1A1114_005
Skipping PBE solver for non-charge conformer (485/621) PHE01A1115_001...
ForkPoolWorker-2: Calling delphi to calculate conformer (486/621) CYS01A1116_001 in /tmp/pbe_data.data.home.granepura.5-Kinases.Kinases_MCCE.Trial02.run_apo.3WZD_CYS01A1116_001
ForkPoolWorker-5: Calling delphi to calculate conformer (487/621) CYS01A1116_002 in /tmp/pbe_data.data.home.granepura.5-Kinases.Kinases_MCCE.Trial02.run_apo.3WZD_CYS01A1116_002
ForkPoolWorker-3: Calling delphi to calculate conformer (488/621) CYS01A1116_003 in /tmp/pbe_data.data.home.granepura.5-Kinases.Kinases_MCCE.Trial02.run_apo.3WZD_CYS01A1116_003
ForkPoolWorker-4: Calling delphi to calculate conformer (489/621) CYS-1A1116_004 in /tmp/pbe_data.data.home.granepura.5-Kinases.Kinases_MCCE.Trial02.run_apo.3WZD_CYS-1A1116_004
ForkPoolWorker-1: Calling delphi to calculate conformer (490/621) ARG01A1117_001 in /tmp/pbe_data.data.home.granepura.5-Kinases.Kinases_MCCE.Trial02.run_apo.3WZD_ARG01A1117_001
ForkPoolWorker-2: Calling delphi to calculate conformer (491/621) ARG01A1117_002 in /tmp/pbe_data.data.home.granepura.5-Kinases.Kinases_MCCE.Trial02.run_apo.3WZD_ARG01A1117_002
ForkPoolWorker-5: Calling delphi to calculate conformer (492/621) ARG02A1117_003 in /tmp/pbe_data.data.home.granepura.5-Kinases.Kinases_MCCE.Trial02.run_apo.3WZD_ARG02A1117_003
ForkPoolWorker-3: Calling delphi to calculate conformer (493/621) ARG02A1117_004 in /tmp/pbe_data.data.home.granepura.5-Kinases.Kinases_MCCE.Trial02.run_apo.3WZD_ARG02A1117_004
ForkPoolWorker-4: Calling delphi to calculate conformer (494/621) ARG02A1117_005 in /tmp/pbe_data.data.home.granepura.5-Kinases.Kinases_MCCE.Trial02.run_apo.3WZD_ARG02A1117_005
ForkPoolWorker-1: Calling delphi to calculate conformer (495/621) ARG03A1117_006 in /tmp/pbe_data.data.home.granepura.5-Kinases.Kinases_MCCE.Trial02.run_apo.3WZD_ARG03A1117_006
ForkPoolWorker-2: Calling delphi to calculate conformer (496/621) ARG03A1117_007 in /tmp/pbe_data.data.home.granepura.5-Kinases.Kinases_MCCE.Trial02.run_apo.3WZD_ARG03A1117_007
ForkPoolWorker-5: Calling delphi to calculate conformer (497/621) ARG03A1117_008 in /tmp/pbe_data.data.home.granepura.5-Kinases.Kinases_MCCE.Trial02.run_apo.3WZD_ARG03A1117_008
ForkPoolWorker-3: Calling delphi to calculate conformer (498/621) ARG+1A1117_009 in /tmp/pbe_data.data.home.granepura.5-Kinases.Kinases_MCCE.Trial02.run_apo.3WZD_ARG+1A1117_009
ForkPoolWorker-4: Calling delphi to calculate conformer (499/621) ARG+1A1117_010 in /tmp/pbe_data.data.home.granepura.5-Kinases.Kinases_MCCE.Trial02.run_apo.3WZD_ARG+1A1117_010
ForkPoolWorker-1: Calling delphi to calculate conformer (500/621) ARG01A1118_001 in /tmp/pbe_data.data.home.granepura.5-Kinases.Kinases_MCCE.Trial02.run_apo.3WZD_ARG01A1118_001
ForkPoolWorker-2: Calling delphi to calculate conformer (501/621) ARG02A1118_002 in /tmp/pbe_data.data.home.granepura.5-Kinases.Kinases_MCCE.Trial02.run_apo.3WZD_ARG02A1118_002
ForkPoolWorker-5: Calling delphi to calculate conformer (502/621) ARG03A1118_003 in /tmp/pbe_data.data.home.granepura.5-Kinases.Kinases_MCCE.Trial02.run_apo.3WZD_ARG03A1118_003
ForkPoolWorker-3: Calling delphi to calculate conformer (503/621) ARG+1A1118_004 in /tmp/pbe_data.data.home.granepura.5-Kinases.Kinases_MCCE.Trial02.run_apo.3WZD_ARG+1A1118_004
ForkPoolWorker-4: Calling delphi to calculate conformer (505/621) LYS01A1120_001 in /tmp/pbe_data.data.home.granepura.5-Kinases.Kinases_MCCE.Trial02.run_apo.3WZD_LYS01A1120_001
Skipping PBE solver for non-charge conformer (504/621) LEU01A1119_001...
ForkPoolWorker-1: Calling delphi to calculate conformer (506/621) LYS+1A1120_002 in /tmp/pbe_data.data.home.granepura.5-Kinases.Kinases_MCCE.Trial02.run_apo.3WZD_LYS+1A1120_002
ForkPoolWorker-2: Calling delphi to calculate conformer (507/621) GLU01A1121_001 in /tmp/pbe_data.data.home.granepura.5-Kinases.Kinases_MCCE.Trial02.run_apo.3WZD_GLU01A1121_001
ForkPoolWorker-5: Calling delphi to calculate conformer (508/621) GLU01A1121_002 in /tmp/pbe_data.data.home.granepura.5-Kinases.Kinases_MCCE.Trial02.run_apo.3WZD_GLU01A1121_002
ForkPoolWorker-3: Calling delphi to calculate conformer (509/621) GLU02A1121_003 in /tmp/pbe_data.data.home.granepura.5-Kinases.Kinases_MCCE.Trial02.run_apo.3WZD_GLU02A1121_003
ForkPoolWorker-4: Calling delphi to calculate conformer (510/621) GLU02A1121_004 in /tmp/pbe_data.data.home.granepura.5-Kinases.Kinases_MCCE.Trial02.run_apo.3WZD_GLU02A1121_004
ForkPoolWorker-1: Calling delphi to calculate conformer (511/621) GLU-1A1121_005 in /tmp/pbe_data.data.home.granepura.5-Kinases.Kinases_MCCE.Trial02.run_apo.3WZD_GLU-1A1121_005
ForkPoolWorker-2: Calling delphi to calculate conformer (512/621) THR01A1123_001 in /tmp/pbe_data.data.home.granepura.5-Kinases.Kinases_MCCE.Trial02.run_apo.3WZD_THR01A1123_001
ForkPoolWorker-5: Calling delphi to calculate conformer (513/621) THR01A1123_002 in /tmp/pbe_data.data.home.granepura.5-Kinases.Kinases_MCCE.Trial02.run_apo.3WZD_THR01A1123_002
ForkPoolWorker-3: Calling delphi to calculate conformer (514/621) ARG01A1124_001 in /tmp/pbe_data.data.home.granepura.5-Kinases.Kinases_MCCE.Trial02.run_apo.3WZD_ARG01A1124_001
ForkPoolWorker-4: Calling delphi to calculate conformer (515/621) ARG02A1124_002 in /tmp/pbe_data.data.home.granepura.5-Kinases.Kinases_MCCE.Trial02.run_apo.3WZD_ARG02A1124_002
ForkPoolWorker-1: Calling delphi to calculate conformer (516/621) ARG02A1124_003 in /tmp/pbe_data.data.home.granepura.5-Kinases.Kinases_MCCE.Trial02.run_apo.3WZD_ARG02A1124_003
ForkPoolWorker-2: Calling delphi to calculate conformer (517/621) ARG03A1124_004 in /tmp/pbe_data.data.home.granepura.5-Kinases.Kinases_MCCE.Trial02.run_apo.3WZD_ARG03A1124_004
ForkPoolWorker-5: Calling delphi to calculate conformer (518/621) ARG+1A1124_005 in /tmp/pbe_data.data.home.granepura.5-Kinases.Kinases_MCCE.Trial02.run_apo.3WZD_ARG+1A1124_005
ForkPoolWorker-3: Calling delphi to calculate conformer (519/621) MET01A1125_001 in /tmp/pbe_data.data.home.granepura.5-Kinases.Kinases_MCCE.Trial02.run_apo.3WZD_MET01A1125_001
ForkPoolWorker-4: Calling delphi to calculate conformer (520/621) ARG01A1126_001 in /tmp/pbe_data.data.home.granepura.5-Kinases.Kinases_MCCE.Trial02.run_apo.3WZD_ARG01A1126_001
ForkPoolWorker-1: Calling delphi to calculate conformer (521/621) ARG02A1126_002 in /tmp/pbe_data.data.home.granepura.5-Kinases.Kinases_MCCE.Trial02.run_apo.3WZD_ARG02A1126_002
ForkPoolWorker-2: Calling delphi to calculate conformer (522/621) ARG03A1126_003 in /tmp/pbe_data.data.home.granepura.5-Kinases.Kinases_MCCE.Trial02.run_apo.3WZD_ARG03A1126_003
ForkPoolWorker-5: Calling delphi to calculate conformer (523/621) ARG+1A1126_004 in /tmp/pbe_data.data.home.granepura.5-Kinases.Kinases_MCCE.Trial02.run_apo.3WZD_ARG+1A1126_004
Skipping PBE solver for non-charge conformer (524/621) ALA01A1127_001...
Skipping PBE solver for non-charge conformer (525/621) PRO01A1128_001...
ForkPoolWorker-3: Calling delphi to calculate conformer (526/621) ASP01A1129_001 in /tmp/pbe_data.data.home.granepura.5-Kinases.Kinases_MCCE.Trial02.run_apo.3WZD_ASP01A1129_001
ForkPoolWorker-4: Calling delphi to calculate conformer (527/621) ASP01A1129_002 in /tmp/pbe_data.data.home.granepura.5-Kinases.Kinases_MCCE.Trial02.run_apo.3WZD_ASP01A1129_002
ForkPoolWorker-1: Calling delphi to calculate conformer (528/621) ASP02A1129_003 in /tmp/pbe_data.data.home.granepura.5-Kinases.Kinases_MCCE.Trial02.run_apo.3WZD_ASP02A1129_003
ForkPoolWorker-2: Calling delphi to calculate conformer (529/621) ASP02A1129_004 in /tmp/pbe_data.data.home.granepura.5-Kinases.Kinases_MCCE.Trial02.run_apo.3WZD_ASP02A1129_004
ForkPoolWorker-5: Calling delphi to calculate conformer (530/621) ASP-1A1129_005 in /tmp/pbe_data.data.home.granepura.5-Kinases.Kinases_MCCE.Trial02.run_apo.3WZD_ASP-1A1129_005
ForkPoolWorker-3: Calling delphi to calculate conformer (531/621) TYR01A1130_001 in /tmp/pbe_data.data.home.granepura.5-Kinases.Kinases_MCCE.Trial02.run_apo.3WZD_TYR01A1130_001
ForkPoolWorker-2: Calling delphi to calculate conformer (532/621) TYR-1A1130_002 in /tmp/pbe_data.data.home.granepura.5-Kinases.Kinases_MCCE.Trial02.run_apo.3WZD_TYR-1A1130_002
ForkPoolWorker-1: Calling delphi to calculate conformer (533/621) THR01A1131_001 in /tmp/pbe_data.data.home.granepura.5-Kinases.Kinases_MCCE.Trial02.run_apo.3WZD_THR01A1131_001
ForkPoolWorker-4: Calling delphi to calculate conformer (534/621) THR01A1131_002 in /tmp/pbe_data.data.home.granepura.5-Kinases.Kinases_MCCE.Trial02.run_apo.3WZD_THR01A1131_002
ForkPoolWorker-5: Calling delphi to calculate conformer (535/621) THR01A1132_001 in /tmp/pbe_data.data.home.granepura.5-Kinases.Kinases_MCCE.Trial02.run_apo.3WZD_THR01A1132_001
ForkPoolWorker-3: Calling delphi to calculate conformer (536/621) THR01A1132_002 in /tmp/pbe_data.data.home.granepura.5-Kinases.Kinases_MCCE.Trial02.run_apo.3WZD_THR01A1132_002
Skipping PBE solver for non-charge conformer (537/621) PRO01A1133_001...
ForkPoolWorker-2: Calling delphi to calculate conformer (538/621) GLU01A1134_001 in /tmp/pbe_data.data.home.granepura.5-Kinases.Kinases_MCCE.Trial02.run_apo.3WZD_GLU01A1134_001
ForkPoolWorker-1: Calling delphi to calculate conformer (539/621) GLU01A1134_002 in /tmp/pbe_data.data.home.granepura.5-Kinases.Kinases_MCCE.Trial02.run_apo.3WZD_GLU01A1134_002
ForkPoolWorker-4: Calling delphi to calculate conformer (540/621) GLU02A1134_003 in /tmp/pbe_data.data.home.granepura.5-Kinases.Kinases_MCCE.Trial02.run_apo.3WZD_GLU02A1134_003
ForkPoolWorker-5: Calling delphi to calculate conformer (541/621) GLU02A1134_004 in /tmp/pbe_data.data.home.granepura.5-Kinases.Kinases_MCCE.Trial02.run_apo.3WZD_GLU02A1134_004
ForkPoolWorker-3: Calling delphi to calculate conformer (542/621) GLU-1A1134_005 in /tmp/pbe_data.data.home.granepura.5-Kinases.Kinases_MCCE.Trial02.run_apo.3WZD_GLU-1A1134_005
ForkPoolWorker-2: Calling delphi to calculate conformer (543/621) MET01A1135_001 in /tmp/pbe_data.data.home.granepura.5-Kinases.Kinases_MCCE.Trial02.run_apo.3WZD_MET01A1135_001
ForkPoolWorker-1: Calling delphi to calculate conformer (544/621) TYR01A1136_001 in /tmp/pbe_data.data.home.granepura.5-Kinases.Kinases_MCCE.Trial02.run_apo.3WZD_TYR01A1136_001
ForkPoolWorker-4: Calling delphi to calculate conformer (545/621) TYR01A1136_002 in /tmp/pbe_data.data.home.granepura.5-Kinases.Kinases_MCCE.Trial02.run_apo.3WZD_TYR01A1136_002
ForkPoolWorker-5: Calling delphi to calculate conformer (546/621) TYR-1A1136_003 in /tmp/pbe_data.data.home.granepura.5-Kinases.Kinases_MCCE.Trial02.run_apo.3WZD_TYR-1A1136_003
ForkPoolWorker-3: Calling delphi to calculate conformer (547/621) GLN01A1137_001 in /tmp/pbe_data.data.home.granepura.5-Kinases.Kinases_MCCE.Trial02.run_apo.3WZD_GLN01A1137_001
ForkPoolWorker-2: Calling delphi to calculate conformer (548/621) GLN01A1137_002 in /tmp/pbe_data.data.home.granepura.5-Kinases.Kinases_MCCE.Trial02.run_apo.3WZD_GLN01A1137_002
ForkPoolWorker-1: Calling delphi to calculate conformer (549/621) THR01A1138_001 in /tmp/pbe_data.data.home.granepura.5-Kinases.Kinases_MCCE.Trial02.run_apo.3WZD_THR01A1138_001
ForkPoolWorker-4: Calling delphi to calculate conformer (550/621) THR01A1138_002 in /tmp/pbe_data.data.home.granepura.5-Kinases.Kinases_MCCE.Trial02.run_apo.3WZD_THR01A1138_002
ForkPoolWorker-5: Calling delphi to calculate conformer (551/621) THR01A1138_003 in /tmp/pbe_data.data.home.granepura.5-Kinases.Kinases_MCCE.Trial02.run_apo.3WZD_THR01A1138_003
ForkPoolWorker-3: Calling delphi to calculate conformer (552/621) MET01A1139_001 in /tmp/pbe_data.data.home.granepura.5-Kinases.Kinases_MCCE.Trial02.run_apo.3WZD_MET01A1139_001
Skipping PBE solver for non-charge conformer (553/621) LEU01A1140_001...
ForkPoolWorker-2: Calling delphi to calculate conformer (554/621) ASP01A1141_001 in /tmp/pbe_data.data.home.granepura.5-Kinases.Kinases_MCCE.Trial02.run_apo.3WZD_ASP01A1141_001
ForkPoolWorker-1: Calling delphi to calculate conformer (555/621) ASP01A1141_002 in /tmp/pbe_data.data.home.granepura.5-Kinases.Kinases_MCCE.Trial02.run_apo.3WZD_ASP01A1141_002
ForkPoolWorker-4: Calling delphi to calculate conformer (556/621) ASP01A1141_003 in /tmp/pbe_data.data.home.granepura.5-Kinases.Kinases_MCCE.Trial02.run_apo.3WZD_ASP01A1141_003
ForkPoolWorker-5: Calling delphi to calculate conformer (557/621) ASP01A1141_004 in /tmp/pbe_data.data.home.granepura.5-Kinases.Kinases_MCCE.Trial02.run_apo.3WZD_ASP01A1141_004
ForkPoolWorker-3: Calling delphi to calculate conformer (558/621) ASP02A1141_005 in /tmp/pbe_data.data.home.granepura.5-Kinases.Kinases_MCCE.Trial02.run_apo.3WZD_ASP02A1141_005
ForkPoolWorker-2: Calling delphi to calculate conformer (559/621) ASP02A1141_006 in /tmp/pbe_data.data.home.granepura.5-Kinases.Kinases_MCCE.Trial02.run_apo.3WZD_ASP02A1141_006
ForkPoolWorker-1: Calling delphi to calculate conformer (560/621) ASP02A1141_007 in /tmp/pbe_data.data.home.granepura.5-Kinases.Kinases_MCCE.Trial02.run_apo.3WZD_ASP02A1141_007
ForkPoolWorker-4: Calling delphi to calculate conformer (561/621) ASP02A1141_008 in /tmp/pbe_data.data.home.granepura.5-Kinases.Kinases_MCCE.Trial02.run_apo.3WZD_ASP02A1141_008
ForkPoolWorker-5: Calling delphi to calculate conformer (562/621) ASP-1A1141_009 in /tmp/pbe_data.data.home.granepura.5-Kinases.Kinases_MCCE.Trial02.run_apo.3WZD_ASP-1A1141_009
ForkPoolWorker-3: Calling delphi to calculate conformer (563/621) ASP-1A1141_010 in /tmp/pbe_data.data.home.granepura.5-Kinases.Kinases_MCCE.Trial02.run_apo.3WZD_ASP-1A1141_010
ForkPoolWorker-2: Calling delphi to calculate conformer (564/621) CYS01A1142_001 in /tmp/pbe_data.data.home.granepura.5-Kinases.Kinases_MCCE.Trial02.run_apo.3WZD_CYS01A1142_001
ForkPoolWorker-1: Calling delphi to calculate conformer (565/621) CYS01A1142_002 in /tmp/pbe_data.data.home.granepura.5-Kinases.Kinases_MCCE.Trial02.run_apo.3WZD_CYS01A1142_002
ForkPoolWorker-4: Calling delphi to calculate conformer (566/621) CYS01A1142_003 in /tmp/pbe_data.data.home.granepura.5-Kinases.Kinases_MCCE.Trial02.run_apo.3WZD_CYS01A1142_003
ForkPoolWorker-5: Calling delphi to calculate conformer (567/621) CYS-1A1142_004 in /tmp/pbe_data.data.home.granepura.5-Kinases.Kinases_MCCE.Trial02.run_apo.3WZD_CYS-1A1142_004
Skipping PBE solver for non-charge conformer (568/621) TRP01A1143_001...
ForkPoolWorker-3: Calling delphi to calculate conformer (569/621) HIS01A1144_001 in /tmp/pbe_data.data.home.granepura.5-Kinases.Kinases_MCCE.Trial02.run_apo.3WZD_HIS01A1144_001
ForkPoolWorker-2: Calling delphi to calculate conformer (570/621) HIS02A1144_002 in /tmp/pbe_data.data.home.granepura.5-Kinases.Kinases_MCCE.Trial02.run_apo.3WZD_HIS02A1144_002
ForkPoolWorker-1: Calling delphi to calculate conformer (571/621) HIS+1A1144_003 in /tmp/pbe_data.data.home.granepura.5-Kinases.Kinases_MCCE.Trial02.run_apo.3WZD_HIS+1A1144_003
ForkPoolWorker-4: Calling delphi to calculate conformer (572/621) GLU01A1146_001 in /tmp/pbe_data.data.home.granepura.5-Kinases.Kinases_MCCE.Trial02.run_apo.3WZD_GLU01A1146_001
ForkPoolWorker-5: Calling delphi to calculate conformer (573/621) GLU01A1146_002 in /tmp/pbe_data.data.home.granepura.5-Kinases.Kinases_MCCE.Trial02.run_apo.3WZD_GLU01A1146_002
ForkPoolWorker-3: Calling delphi to calculate conformer (574/621) GLU02A1146_003 in /tmp/pbe_data.data.home.granepura.5-Kinases.Kinases_MCCE.Trial02.run_apo.3WZD_GLU02A1146_003
ForkPoolWorker-2: Calling delphi to calculate conformer (575/621) GLU02A1146_004 in /tmp/pbe_data.data.home.granepura.5-Kinases.Kinases_MCCE.Trial02.run_apo.3WZD_GLU02A1146_004
ForkPoolWorker-1: Calling delphi to calculate conformer (576/621) GLU-1A1146_005 in /tmp/pbe_data.data.home.granepura.5-Kinases.Kinases_MCCE.Trial02.run_apo.3WZD_GLU-1A1146_005
Skipping PBE solver for non-charge conformer (577/621) PRO01A1147_001...
ForkPoolWorker-4: Calling delphi to calculate conformer (578/621) SER01A1148_001 in /tmp/pbe_data.data.home.granepura.5-Kinases.Kinases_MCCE.Trial02.run_apo.3WZD_SER01A1148_001
ForkPoolWorker-5: Calling delphi to calculate conformer (579/621) GLN01A1149_001 in /tmp/pbe_data.data.home.granepura.5-Kinases.Kinases_MCCE.Trial02.run_apo.3WZD_GLN01A1149_001
ForkPoolWorker-3: Calling delphi to calculate conformer (580/621) GLN01A1149_002 in /tmp/pbe_data.data.home.granepura.5-Kinases.Kinases_MCCE.Trial02.run_apo.3WZD_GLN01A1149_002
ForkPoolWorker-2: Calling delphi to calculate conformer (581/621) ARG01A1150_001 in /tmp/pbe_data.data.home.granepura.5-Kinases.Kinases_MCCE.Trial02.run_apo.3WZD_ARG01A1150_001
ForkPoolWorker-1: Calling delphi to calculate conformer (582/621) ARG02A1150_002 in /tmp/pbe_data.data.home.granepura.5-Kinases.Kinases_MCCE.Trial02.run_apo.3WZD_ARG02A1150_002
ForkPoolWorker-4: Calling delphi to calculate conformer (583/621) ARG02A1150_003 in /tmp/pbe_data.data.home.granepura.5-Kinases.Kinases_MCCE.Trial02.run_apo.3WZD_ARG02A1150_003
ForkPoolWorker-5: Calling delphi to calculate conformer (584/621) ARG03A1150_004 in /tmp/pbe_data.data.home.granepura.5-Kinases.Kinases_MCCE.Trial02.run_apo.3WZD_ARG03A1150_004
ForkPoolWorker-3: Calling delphi to calculate conformer (585/621) ARG03A1150_005 in /tmp/pbe_data.data.home.granepura.5-Kinases.Kinases_MCCE.Trial02.run_apo.3WZD_ARG03A1150_005
ForkPoolWorker-2: Calling delphi to calculate conformer (586/621) ARG+1A1150_006 in /tmp/pbe_data.data.home.granepura.5-Kinases.Kinases_MCCE.Trial02.run_apo.3WZD_ARG+1A1150_006
Skipping PBE solver for non-charge conformer (587/621) PRO01A1151_001...
ForkPoolWorker-1: Calling delphi to calculate conformer (588/621) THR01A1152_001 in /tmp/pbe_data.data.home.granepura.5-Kinases.Kinases_MCCE.Trial02.run_apo.3WZD_THR01A1152_001
ForkPoolWorker-4: Calling delphi to calculate conformer (589/621) THR01A1152_002 in /tmp/pbe_data.data.home.granepura.5-Kinases.Kinases_MCCE.Trial02.run_apo.3WZD_THR01A1152_002
ForkPoolWorker-5: Calling delphi to calculate conformer (590/621) THR01A1152_003 in /tmp/pbe_data.data.home.granepura.5-Kinases.Kinases_MCCE.Trial02.run_apo.3WZD_THR01A1152_003
Skipping PBE solver for non-charge conformer (591/621) PHE01A1153_001...
ForkPoolWorker-3: Calling delphi to calculate conformer (592/621) SER01A1154_001 in /tmp/pbe_data.data.home.granepura.5-Kinases.Kinases_MCCE.Trial02.run_apo.3WZD_SER01A1154_001
ForkPoolWorker-2: Calling delphi to calculate conformer (593/621) SER01A1154_002 in /tmp/pbe_data.data.home.granepura.5-Kinases.Kinases_MCCE.Trial02.run_apo.3WZD_SER01A1154_002
ForkPoolWorker-1: Calling delphi to calculate conformer (594/621) GLU01A1155_001 in /tmp/pbe_data.data.home.granepura.5-Kinases.Kinases_MCCE.Trial02.run_apo.3WZD_GLU01A1155_001
ForkPoolWorker-4: Calling delphi to calculate conformer (595/621) GLU01A1155_002 in /tmp/pbe_data.data.home.granepura.5-Kinases.Kinases_MCCE.Trial02.run_apo.3WZD_GLU01A1155_002
ForkPoolWorker-5: Calling delphi to calculate conformer (596/621) GLU02A1155_003 in /tmp/pbe_data.data.home.granepura.5-Kinases.Kinases_MCCE.Trial02.run_apo.3WZD_GLU02A1155_003
ForkPoolWorker-3: Calling delphi to calculate conformer (597/621) GLU02A1155_004 in /tmp/pbe_data.data.home.granepura.5-Kinases.Kinases_MCCE.Trial02.run_apo.3WZD_GLU02A1155_004
ForkPoolWorker-2: Calling delphi to calculate conformer (598/621) GLU-1A1155_005 in /tmp/pbe_data.data.home.granepura.5-Kinases.Kinases_MCCE.Trial02.run_apo.3WZD_GLU-1A1155_005
Skipping PBE solver for non-charge conformer (599/621) LEU01A1156_001...
Skipping PBE solver for non-charge conformer (600/621) VAL01A1157_001...
ForkPoolWorker-1: Calling delphi to calculate conformer (601/621) GLU01A1158_001 in /tmp/pbe_data.data.home.granepura.5-Kinases.Kinases_MCCE.Trial02.run_apo.3WZD_GLU01A1158_001
ForkPoolWorker-4: Calling delphi to calculate conformer (602/621) GLU01A1158_002 in /tmp/pbe_data.data.home.granepura.5-Kinases.Kinases_MCCE.Trial02.run_apo.3WZD_GLU01A1158_002
ForkPoolWorker-5: Calling delphi to calculate conformer (603/621) GLU02A1158_003 in /tmp/pbe_data.data.home.granepura.5-Kinases.Kinases_MCCE.Trial02.run_apo.3WZD_GLU02A1158_003
ForkPoolWorker-3: Calling delphi to calculate conformer (604/621) GLU02A1158_004 in /tmp/pbe_data.data.home.granepura.5-Kinases.Kinases_MCCE.Trial02.run_apo.3WZD_GLU02A1158_004
ForkPoolWorker-2: Calling delphi to calculate conformer (605/621) GLU-1A1158_005 in /tmp/pbe_data.data.home.granepura.5-Kinases.Kinases_MCCE.Trial02.run_apo.3WZD_GLU-1A1158_005
ForkPoolWorker-1: Calling delphi to calculate conformer (606/621) HIS01A1159_001 in /tmp/pbe_data.data.home.granepura.5-Kinases.Kinases_MCCE.Trial02.run_apo.3WZD_HIS01A1159_001
ForkPoolWorker-4: Calling delphi to calculate conformer (607/621) HIS01A1159_002 in /tmp/pbe_data.data.home.granepura.5-Kinases.Kinases_MCCE.Trial02.run_apo.3WZD_HIS01A1159_002
ForkPoolWorker-5: Calling delphi to calculate conformer (608/621) HIS02A1159_003 in /tmp/pbe_data.data.home.granepura.5-Kinases.Kinases_MCCE.Trial02.run_apo.3WZD_HIS02A1159_003
ForkPoolWorker-3: Calling delphi to calculate conformer (609/621) HIS02A1159_004 in /tmp/pbe_data.data.home.granepura.5-Kinases.Kinases_MCCE.Trial02.run_apo.3WZD_HIS02A1159_004
ForkPoolWorker-2: Calling delphi to calculate conformer (610/621) HIS+1A1159_005 in /tmp/pbe_data.data.home.granepura.5-Kinases.Kinases_MCCE.Trial02.run_apo.3WZD_HIS+1A1159_005
Skipping PBE solver for non-charge conformer (612/621) LEU01A1160_001...
ForkPoolWorker-1: Calling delphi to calculate conformer (613/621) ASN01A1162_001 in /tmp/pbe_data.data.home.granepura.5-Kinases.Kinases_MCCE.Trial02.run_apo.3WZD_ASN01A1162_001
ForkPoolWorker-4: Calling delphi to calculate conformer (611/621) HIS+1A1159_006 in /tmp/pbe_data.data.home.granepura.5-Kinases.Kinases_MCCE.Trial02.run_apo.3WZD_HIS+1A1159_006
ForkPoolWorker-5: Calling delphi to calculate conformer (614/621) ASN01A1162_002 in /tmp/pbe_data.data.home.granepura.5-Kinases.Kinases_MCCE.Trial02.run_apo.3WZD_ASN01A1162_002
Skipping PBE solver for non-charge conformer (615/621) LEU01A1163_001...
Skipping PBE solver for non-charge conformer (616/621) LEU01A1164_001...
ForkPoolWorker-3: Calling delphi to calculate conformer (617/621) GLN01A1165_001 in /tmp/pbe_data.data.home.granepura.5-Kinases.Kinases_MCCE.Trial02.run_apo.3WZD_GLN01A1165_001
ForkPoolWorker-2: Calling delphi to calculate conformer (618/621) GLN01A1165_002 in /tmp/pbe_data.data.home.granepura.5-Kinases.Kinases_MCCE.Trial02.run_apo.3WZD_GLN01A1165_002
Skipping PBE solver for non-charge conformer (619/621) ALA01A1166_001...
ForkPoolWorker-4: Calling delphi to calculate conformer (621/621) ASN01A1167_002 in /tmp/pbe_data.data.home.granepura.5-Kinases.Kinases_MCCE.Trial02.run_apo.3WZD_ASN01A1167_002
ForkPoolWorker-1: Calling delphi to calculate conformer (620/621) ASN01A1167_001 in /tmp/pbe_data.data.home.granepura.5-Kinases.Kinases_MCCE.Trial02.run_apo.3WZD_ASN01A1167_001
