Preprocessing input pdb file, identifying ligands ...
Done, writing to step0_out.pdb ...
===========================================================
<<< MCCE Multi-Conformation Continuum Electrostatics >>>   
 Marilyn Gunner's Lab at City College of New York, 2023    
-----------------------------------------------------------
Version:        2.7.1                                      
MCCE Home Page: https://gunnerlab.github.io/Stable-MCCE/quick/
Support:        mgunner@ccny.cuny.edu                   
Developed by:   Junjun Mao, Yifan Song, Marilyn Gunner     
Reference MCCE: If you publish data calculated with MCCE,  
                you need to cite papers suggested in MCCE  
                Home Page.                                 
===========================================================

Last Updates:                                              
   02/26/2023: vdw calculated by vdw_pw.py after step3.
   06/04/2018: Removed dependency on gdbm
   06/04/2018: Clear text energy table in step 3 and 4 
===========================================================

Step 0. Initialize enviroment
   Load run control file "run.prm"...
   Done

   Tentatively load local param file "new.tpl"...   No such file, ignore.
   Done

   Load parameters from directory "./param" ... 
   Done

   Load linear free energy correction parameters from "/home/granepura/MCCE4/extra.tpl"...
   File loaded.
   Done

Step 0 Done.

Step 1. Test and format structral file
   Read pdb file "step0_out.pdb"...
   Done

   Read name rule file "/home/granepura/MCCE4/name.txt"...
   Done

   Rename residue and atom names...
   Done

   Label backbone, sidechain and altLoc conformers...
   Error! premcce_confname(): Can't get conformer list of this residue DB8
   Creating temporary parameter file for unrecognized residue...
   Trying labeling again...
   Done

   Load pdb lines into data structure...
   Warning: load_pdb(): "Duplicate backbone atom ignored, " CAA DB8 A 601".
   Warning: load_pdb(): "Duplicate backbone atom ignored, " O02 DB8 A 601".
   Warning: load_pdb(): "Duplicate backbone atom ignored, " CAC DB8 A 601".
   Warning: load_pdb(): "Duplicate backbone atom ignored, " NAD DB8 A 601".
   Warning: load_pdb(): "Duplicate backbone atom ignored, "CL1  DB8 A 601".
   Warning: load_pdb(): "Duplicate backbone atom ignored, "CL2  DB8 A 601".
   Warning: load_pdb(): "Duplicate backbone atom ignored, " CAG DB8 A 601".
   Warning: load_pdb(): "Duplicate backbone atom ignored, " CAH DB8 A 601".
   Warning: load_pdb(): "Duplicate backbone atom ignored, " CAI DB8 A 601".
   Warning: load_pdb(): "Duplicate backbone atom ignored, " CAJ DB8 A 601".
   Warning: load_pdb(): "Duplicate backbone atom ignored, " CAK DB8 A 601".
   Warning: load_pdb(): "Duplicate backbone atom ignored, " CAL DB8 A 601".
   Warning: load_pdb(): "Duplicate backbone atom ignored, " CAM DB8 A 601".
   Warning: load_pdb(): "Duplicate backbone atom ignored, " CAN DB8 A 601".
   Warning: load_pdb(): "Duplicate backbone atom ignored, " CAO DB8 A 601".
   Warning: load_pdb(): "Duplicate backbone atom ignored, " CAP DB8 A 601".
   Warning: load_pdb(): "Duplicate backbone atom ignored, " CAQ DB8 A 601".
   Warning: load_pdb(): "Duplicate backbone atom ignored, " CAR DB8 A 601".
   Warning: load_pdb(): "Duplicate backbone atom ignored, " CAS DB8 A 601".
   Warning: load_pdb(): "Duplicate backbone atom ignored, " NAT DB8 A 601".
   Warning: load_pdb(): "Duplicate backbone atom ignored, " NAU DB8 A 601".
   Warning: load_pdb(): "Duplicate backbone atom ignored, " OAV DB8 A 601".
   Warning: load_pdb(): "Duplicate backbone atom ignored, " OAW DB8 A 601".
   Warning: load_pdb(): "Duplicate backbone atom ignored, " CAX DB8 A 601".
   Warning: load_pdb(): "Duplicate backbone atom ignored, " CAY DB8 A 601".
   Warning: load_pdb(): "Duplicate backbone atom ignored, " CAZ DB8 A 601".
   Warning: load_pdb(): "Duplicate backbone atom ignored, " CBA DB8 A 601".
   Warning: load_pdb(): "Duplicate backbone atom ignored, " CBB DB8 A 601".
   Warning: load_pdb(): "Duplicate backbone atom ignored, " CBC DB8 A 601".
   Warning: load_pdb(): "Duplicate backbone atom ignored, " CBD DB8 A 601".
   Warning: load_pdb(): "Duplicate backbone atom ignored, " CBE DB8 A 601".
   Warning: load_pdb(): "Duplicate backbone atom ignored, " CBF DB8 A 601".
   Warning: load_pdb(): "Duplicate backbone atom ignored, " CBG DB8 A 601".
   Warning: load_pdb(): "Duplicate backbone atom ignored, " NBH DB8 A 601".
   Warning: load_pdb(): "Duplicate backbone atom ignored, " NBI DB8 A 601".
   Warning: load_pdb(): "Duplicate backbone atom ignored, " C01 DB8 A 601".
   Warning: load_pdb(): "Duplicate backbone atom ignored, "HAAA DB8 A 601".
   Warning: load_pdb(): "Duplicate backbone atom ignored, "HAAB DB8 A 601".
   Warning: load_pdb(): "Duplicate backbone atom ignored, "HACA DB8 A 601".
   Warning: load_pdb(): "Duplicate backbone atom ignored, "HAMA DB8 A 601".
   Warning: load_pdb(): "Duplicate backbone atom ignored, "HANA DB8 A 601".
   Warning: load_pdb(): "Duplicate backbone atom ignored, "HAOA DB8 A 601".
   Warning: load_pdb(): "Duplicate backbone atom ignored, "HAOB DB8 A 601".
   Warning: load_pdb(): "Duplicate backbone atom ignored, "HAPA DB8 A 601".
   Warning: load_pdb(): "Duplicate backbone atom ignored, "HAQA DB8 A 601".
   Warning: load_pdb(): "Duplicate backbone atom ignored, "HARA DB8 A 601".
   Warning: load_pdb(): "Duplicate backbone atom ignored, "HASA DB8 A 601".
   Warning: load_pdb(): "Duplicate backbone atom ignored, "HNAU DB8 A 601".
   Warning: load_pdb(): "Duplicate backbone atom ignored, "H01A DB8 A 601".
   Warning: load_pdb(): "Duplicate backbone atom ignored, "H01B DB8 A 601".
   Warning: load_pdb(): "Duplicate backbone atom ignored, " CAA DB8 A 601".
   Warning: load_pdb(): "Duplicate backbone atom ignored, " O02 DB8 A 601".
   Warning: load_pdb(): "Duplicate backbone atom ignored, " CAC DB8 A 601".
   Warning: load_pdb(): "Duplicate backbone atom ignored, " NAD DB8 A 601".
   Warning: load_pdb(): "Duplicate backbone atom ignored, "CL1  DB8 A 601".
   Warning: load_pdb(): "Duplicate backbone atom ignored, "CL2  DB8 A 601".
   Warning: load_pdb(): "Duplicate backbone atom ignored, " CAG DB8 A 601".
   Warning: load_pdb(): "Duplicate backbone atom ignored, " CAH DB8 A 601".
   Warning: load_pdb(): "Duplicate backbone atom ignored, " CAI DB8 A 601".
   Warning: load_pdb(): "Duplicate backbone atom ignored, " CAJ DB8 A 601".
   Warning: load_pdb(): "Duplicate backbone atom ignored, " CAK DB8 A 601".
   Warning: load_pdb(): "Duplicate backbone atom ignored, " CAL DB8 A 601".
   Warning: load_pdb(): "Duplicate backbone atom ignored, " CAM DB8 A 601".
   Warning: load_pdb(): "Duplicate backbone atom ignored, " CAN DB8 A 601".
   Warning: load_pdb(): "Duplicate backbone atom ignored, " CAO DB8 A 601".
   Warning: load_pdb(): "Duplicate backbone atom ignored, " CAP DB8 A 601".
   Warning: load_pdb(): "Duplicate backbone atom ignored, " CAQ DB8 A 601".
   Warning: load_pdb(): "Duplicate backbone atom ignored, " CAR DB8 A 601".
   Warning: load_pdb(): "Duplicate backbone atom ignored, " CAS DB8 A 601".
   Warning: load_pdb(): "Duplicate backbone atom ignored, " NAT DB8 A 601".
   Warning: load_pdb(): "Duplicate backbone atom ignored, " NAU DB8 A 601".
   Warning: load_pdb(): "Duplicate backbone atom ignored, " OAV DB8 A 601".
   Warning: load_pdb(): "Duplicate backbone atom ignored, " OAW DB8 A 601".
   Warning: load_pdb(): "Duplicate backbone atom ignored, " CAX DB8 A 601".
   Warning: load_pdb(): "Duplicate backbone atom ignored, " CAY DB8 A 601".
   Warning: load_pdb(): "Duplicate backbone atom ignored, " CAZ DB8 A 601".
   Warning: load_pdb(): "Duplicate backbone atom ignored, " CBA DB8 A 601".
   Warning: load_pdb(): "Duplicate backbone atom ignored, " CBB DB8 A 601".
   Warning: load_pdb(): "Duplicate backbone atom ignored, " CBC DB8 A 601".
   Warning: load_pdb(): "Duplicate backbone atom ignored, " CBD DB8 A 601".
   Warning: load_pdb(): "Duplicate backbone atom ignored, " CBE DB8 A 601".
   Warning: load_pdb(): "Duplicate backbone atom ignored, " CBF DB8 A 601".
   Warning: load_pdb(): "Duplicate backbone atom ignored, " CBG DB8 A 601".
   Warning: load_pdb(): "Duplicate backbone atom ignored, " NBH DB8 A 601".
   Warning: load_pdb(): "Duplicate backbone atom ignored, " NBI DB8 A 601".
   Warning: load_pdb(): "Duplicate backbone atom ignored, " C01 DB8 A 601".
   Warning: load_pdb(): "Duplicate backbone atom ignored, "HAAA DB8 A 601".
   Warning: load_pdb(): "Duplicate backbone atom ignored, "HAAB DB8 A 601".
   Warning: load_pdb(): "Duplicate backbone atom ignored, "HACA DB8 A 601".
   Warning: load_pdb(): "Duplicate backbone atom ignored, "HAMA DB8 A 601".
   Warning: load_pdb(): "Duplicate backbone atom ignored, "HANA DB8 A 601".
   Warning: load_pdb(): "Duplicate backbone atom ignored, "HAOA DB8 A 601".
   Warning: load_pdb(): "Duplicate backbone atom ignored, "HAOB DB8 A 601".
   Warning: load_pdb(): "Duplicate backbone atom ignored, "HAPA DB8 A 601".
   Warning: load_pdb(): "Duplicate backbone atom ignored, "HAQA DB8 A 601".
   Warning: load_pdb(): "Duplicate backbone atom ignored, "HARA DB8 A 601".
   Warning: load_pdb(): "Duplicate backbone atom ignored, "HASA DB8 A 601".
   Warning: load_pdb(): "Duplicate backbone atom ignored, "HNAU DB8 A 601".
   Warning: load_pdb(): "Duplicate backbone atom ignored, "H01A DB8 A 601".
   Warning: load_pdb(): "Duplicate backbone atom ignored, "H01B DB8 A 601".
   Warning: load_pdb(): "Duplicate backbone atom ignored, " CAA DB8 A 601".
   Warning: load_pdb(): "Duplicate backbone atom ignored, " O02 DB8 A 601".
   Warning: load_pdb(): "Duplicate backbone atom ignored, " CAC DB8 A 601".
   Warning: load_pdb(): "Duplicate backbone atom ignored, " NAD DB8 A 601".
   Warning: load_pdb(): "Duplicate backbone atom ignored, "CL1  DB8 A 601".
   Warning: load_pdb(): "Duplicate backbone atom ignored, "CL2  DB8 A 601".
   Warning: load_pdb(): "Duplicate backbone atom ignored, " CAG DB8 A 601".
   Warning: load_pdb(): "Duplicate backbone atom ignored, " CAH DB8 A 601".
   Warning: load_pdb(): "Duplicate backbone atom ignored, " CAI DB8 A 601".
   Warning: load_pdb(): "Duplicate backbone atom ignored, " CAJ DB8 A 601".
   Warning: load_pdb(): "Duplicate backbone atom ignored, " CAK DB8 A 601".
   Warning: load_pdb(): "Duplicate backbone atom ignored, " CAL DB8 A 601".
   Warning: load_pdb(): "Duplicate backbone atom ignored, " CAM DB8 A 601".
   Warning: load_pdb(): "Duplicate backbone atom ignored, " CAN DB8 A 601".
   Warning: load_pdb(): "Duplicate backbone atom ignored, " CAO DB8 A 601".
   Warning: load_pdb(): "Duplicate backbone atom ignored, " CAP DB8 A 601".
   Warning: load_pdb(): "Duplicate backbone atom ignored, " CAQ DB8 A 601".
   Warning: load_pdb(): "Duplicate backbone atom ignored, " CAR DB8 A 601".
   Warning: load_pdb(): "Duplicate backbone atom ignored, " CAS DB8 A 601".
   Warning: load_pdb(): "Duplicate backbone atom ignored, " NAT DB8 A 601".
   Warning: load_pdb(): "Duplicate backbone atom ignored, " NAU DB8 A 601".
   Warning: load_pdb(): "Duplicate backbone atom ignored, " OAV DB8 A 601".
   Warning: load_pdb(): "Duplicate backbone atom ignored, " OAW DB8 A 601".
   Warning: load_pdb(): "Duplicate backbone atom ignored, " CAX DB8 A 601".
   Warning: load_pdb(): "Duplicate backbone atom ignored, " CAY DB8 A 601".
   Warning: load_pdb(): "Duplicate backbone atom ignored, " CAZ DB8 A 601".
   Warning: load_pdb(): "Duplicate backbone atom ignored, " CBA DB8 A 601".
   Warning: load_pdb(): "Duplicate backbone atom ignored, " CBB DB8 A 601".
   Warning: load_pdb(): "Duplicate backbone atom ignored, " CBC DB8 A 601".
   Warning: load_pdb(): "Duplicate backbone atom ignored, " CBD DB8 A 601".
   Warning: load_pdb(): "Duplicate backbone atom ignored, " CBE DB8 A 601".
   Warning: load_pdb(): "Duplicate backbone atom ignored, " CBF DB8 A 601".
   Warning: load_pdb(): "Duplicate backbone atom ignored, " CBG DB8 A 601".
   Warning: load_pdb(): "Duplicate backbone atom ignored, " NBH DB8 A 601".
   Warning: load_pdb(): "Duplicate backbone atom ignored, " NBI DB8 A 601".
   Warning: load_pdb(): "Duplicate backbone atom ignored, " C01 DB8 A 601".
   Warning: load_pdb(): "Duplicate backbone atom ignored, "HAAA DB8 A 601".
   Warning: load_pdb(): "Duplicate backbone atom ignored, "HAAB DB8 A 601".
   Warning: load_pdb(): "Duplicate backbone atom ignored, "HACA DB8 A 601".
   Warning: load_pdb(): "Duplicate backbone atom ignored, "HAMA DB8 A 601".
   Warning: load_pdb(): "Duplicate backbone atom ignored, "HANA DB8 A 601".
   Warning: load_pdb(): "Duplicate backbone atom ignored, "HAOA DB8 A 601".
   Warning: load_pdb(): "Duplicate backbone atom ignored, "HAOB DB8 A 601".
   Warning: load_pdb(): "Duplicate backbone atom ignored, "HAPA DB8 A 601".
   Warning: load_pdb(): "Duplicate backbone atom ignored, "HAQA DB8 A 601".
   Warning: load_pdb(): "Duplicate backbone atom ignored, "HARA DB8 A 601".
   Warning: load_pdb(): "Duplicate backbone atom ignored, "HASA DB8 A 601".
   Warning: load_pdb(): "Duplicate backbone atom ignored, "HNAU DB8 A 601".
   Warning: load_pdb(): "Duplicate backbone atom ignored, "H01A DB8 A 601".
   Warning: load_pdb(): "Duplicate backbone atom ignored, "H01B DB8 A 601".
   Done

   Strip free cofactors with SAS >  -1%...
   Warning! assign_vdw_param(): missing parameter(s), default value is used and saved in debug.log.
        0 free cofactors were stripped off in this round
   Total deleted cofactors = 0.
   Done

   Check missing heavy atoms and complete altLoc conformers...
   Missing heavy atoms for DB8BK in "DB8 A 601":   CAA,  O02,  CAC,  NAD, CL1 , CL2 ,  CAG,  CAH,  CAI,  CAJ,  CAK,  CAL,  CAM,  CAN,  CAO,  CAP,  CAQ,  CAR,  CAS,  NAT,  NAU,  OAV,  OAW,  CAX,  CAY,  CAZ,  CBA,  CBB,  CBC,  CBD,  CBE,  CBF,  CBG,  NBH,  NBI,  C01,  CAA,  O02,  CAC,  NAD, CL1 , CL2 ,  CAG199


   Missing heavy atoms detected.
   Ignore warning messages if they are in the terminal residues
   Done

   Find distance clash (<2.000)...
   No clash found.
   Done

   Make connectivity network ...
   Error! get_connect12(): Error in CONNECT parameter, refer to debug log file: debug.log for detail
   Errors were detected when making connectivity.
   Done.

   Error! get_connect12(): Error in CONNECT parameter, refer to debug log file: debug.log for detail
   Total time for step1 (premcce) is 0 seconds.

   Output files:
      step1_out.pdb         will be the input of step 2.
      head1.lst             rotamer making control file for step 2
      acc.atm               atom solvent accessible surface
      acc.res               residue solvent accessible surface
      head1.lst             rotamer making instruction, used in step2

Step 1 Done.

Not doing "Step 2. Make multi side chain conformers"

Not doing "Step 3. Compute energy lookup table"

Not doing "Step 4. Monte Carlo Sampling"

Not doing "Step 6. Hydrogen Bond Network Analysis"

