2026-09-22 07:09:35 - INFO: step3.py, <module>: Step 3. Energies calculation with PBE solver.
2026-09-22 07:09:35 - INFO: step3.py, <module>: Calling new VDW....No Scaling Applied
2026-09-22 07:09:35 - INFO: step3.py, <module>:    Process run time options & convert step2_out.pdb.
2026-09-22 07:09:35 - INFO: step3.py, <module>:    Prepare input for PB solver.
2026-09-22 07:09:35 - INFO: step3.py, <module>:    Time needed: 0 seconds.
2026-09-22 07:09:35 - INFO: step3.py, <module>:    Set up parallel envrionment and run PB solver.
2026-09-22 07:09:35 - INFO: step3.py, <module>:    Running PBE solver in 1 threads
2026-09-22 07:09:35 - INFO: step3.py, pbe: ForkPoolWorker-1: Calling delphi to calculate conformer (1/6) 0LI01A1000_001 in /tmp/pbe_data.data.home.granepura.5-Kinases.Kinases_MCCE.Trial01.run_inhib.3ZOS_0LI01A1000_001
2026-09-22 07:09:38 - INFO: step3.py, pbe: ForkPoolWorker-1: Calling delphi to calculate conformer (2/6) 0LI+1A1000_002 in /tmp/pbe_data.data.home.granepura.5-Kinases.Kinases_MCCE.Trial01.run_inhib.3ZOS_0LI+1A1000_002
2026-09-22 07:09:41 - INFO: step3.py, pbe: ForkPoolWorker-1: Calling delphi to calculate conformer (3/6) 0LI+2A1000_003 in /tmp/pbe_data.data.home.granepura.5-Kinases.Kinases_MCCE.Trial01.run_inhib.3ZOS_0LI+2A1000_003
2026-09-22 07:09:44 - INFO: step3.py, pbe: ForkPoolWorker-1: Calling delphi to calculate conformer (4/6) 0LI01A1004_001 in /tmp/pbe_data.data.home.granepura.5-Kinases.Kinases_MCCE.Trial01.run_inhib.3ZOS_0LI01A1004_001
2026-09-22 07:09:47 - INFO: step3.py, pbe: ForkPoolWorker-1: Calling delphi to calculate conformer (5/6) 0LI+1A1004_002 in /tmp/pbe_data.data.home.granepura.5-Kinases.Kinases_MCCE.Trial01.run_inhib.3ZOS_0LI+1A1004_002
2026-09-22 07:09:51 - INFO: step3.py, pbe: ForkPoolWorker-1: Calling delphi to calculate conformer (6/6) 0LI+2A1004_003 in /tmp/pbe_data.data.home.granepura.5-Kinases.Kinases_MCCE.Trial01.run_inhib.3ZOS_0LI+2A1004_003
2026-09-22 07:09:54 - INFO: step3.py, <module>:    Time needed: 18 seconds.
2026-09-22 07:09:54 - INFO: step3.py, <module>:    Post-processing of electrostatic potential.
2026-09-22 07:09:54 - INFO: step3.py, <module>:    Processing ele pairwise interaction...
2026-09-22 07:09:54 - INFO: step3.py, <module>:    Time needed: 0 seconds.
2026-09-22 07:09:54 - INFO: step3.py, <module>:    Making atom connectivity ...
2026-09-22 07:09:54 - INFO: step3.py, <module>:    Time needed: 0 seconds.
2026-09-22 07:09:54 - INFO: step3.py, <module>:    Calculating vdw ...
2026-09-22 07:09:54 - INFO: step3.py, <module>:    Time needed: 0 seconds.
2026-09-22 07:09:54 - INFO: step3.py, <module>:    Calculating torsion energy ...
2026-09-22 07:09:54 - INFO: step3.py, <module>:    Time needed: 0 seconds.
2026-09-22 07:09:54 - INFO: step3.py, <module>:    Composing head3.lst ...
2026-09-22 07:09:54 - INFO: step3.py, <module>:    Time needed: 0 seconds.
2026-09-22 07:09:54 - INFO: step3.py, <module>:    Composing opp files ...
2026-09-22 07:09:54 - INFO: step3.py, <module>:    Time needed: 0 seconds.
2026-09-22 07:09:54 - INFO: step3.py, <module>:    Total time for step3 is 18 seconds.
2026-09-22 07:10:06 - INFO: step3.py, <module>: Step 3. Energies calculation with PBE solver.
2026-09-22 07:10:06 - INFO: step3.py, <module>: Calling new VDW....No Scaling Applied
2026-09-22 07:10:06 - INFO: step3.py, <module>:    Process run time options & convert step2_out.pdb.
2026-09-22 07:10:06 - INFO: step3.py, <module>:    Prepare input for PB solver.
2026-09-22 07:10:06 - INFO: step3.py, <module>:    Time needed: 0 seconds.
2026-09-22 07:10:06 - INFO: step3.py, <module>:    Set up parallel envrionment and run PB solver.
2026-09-22 07:10:06 - INFO: step3.py, <module>:    Running PBE solver in 1 threads
2026-09-22 07:10:06 - INFO: step3.py, pbe: ForkPoolWorker-1: Calling delphi to calculate conformer (1/6) 0LI01A1000_001 in /tmp/pbe_data.data.home.granepura.5-Kinases.Kinases_MCCE.Trial01.run_inhib.3ZOS_0LI01A1000_001
2026-09-22 07:10:09 - INFO: step3.py, pbe: ForkPoolWorker-1: Calling delphi to calculate conformer (2/6) 0LI+1A1000_002 in /tmp/pbe_data.data.home.granepura.5-Kinases.Kinases_MCCE.Trial01.run_inhib.3ZOS_0LI+1A1000_002
2026-09-22 07:10:12 - INFO: step3.py, pbe: ForkPoolWorker-1: Calling delphi to calculate conformer (3/6) 0LI+2A1000_003 in /tmp/pbe_data.data.home.granepura.5-Kinases.Kinases_MCCE.Trial01.run_inhib.3ZOS_0LI+2A1000_003
2026-09-22 07:10:15 - INFO: step3.py, pbe: ForkPoolWorker-1: Calling delphi to calculate conformer (4/6) 0LI01A1004_001 in /tmp/pbe_data.data.home.granepura.5-Kinases.Kinases_MCCE.Trial01.run_inhib.3ZOS_0LI01A1004_001
2026-09-22 07:10:18 - INFO: step3.py, pbe: ForkPoolWorker-1: Calling delphi to calculate conformer (5/6) 0LI+1A1004_002 in /tmp/pbe_data.data.home.granepura.5-Kinases.Kinases_MCCE.Trial01.run_inhib.3ZOS_0LI+1A1004_002
2026-09-22 07:10:21 - INFO: step3.py, pbe: ForkPoolWorker-1: Calling delphi to calculate conformer (6/6) 0LI+2A1004_003 in /tmp/pbe_data.data.home.granepura.5-Kinases.Kinases_MCCE.Trial01.run_inhib.3ZOS_0LI+2A1004_003
2026-09-22 07:10:24 - INFO: step3.py, <module>:    Time needed: 18 seconds.
2026-09-22 07:10:24 - INFO: step3.py, <module>:    Post-processing of electrostatic potential.
2026-09-22 07:10:24 - INFO: step3.py, <module>:    Processing ele pairwise interaction...
2026-09-22 07:10:24 - INFO: step3.py, <module>:    Time needed: 0 seconds.
2026-09-22 07:10:24 - INFO: step3.py, <module>:    Making atom connectivity ...
2026-09-22 07:10:24 - INFO: step3.py, <module>:    Time needed: 0 seconds.
2026-09-22 07:10:24 - INFO: step3.py, <module>:    Calculating vdw ...
2026-09-22 07:10:24 - INFO: step3.py, <module>:    Time needed: 0 seconds.
2026-09-22 07:10:24 - INFO: step3.py, <module>:    Calculating torsion energy ...
2026-09-22 07:10:24 - INFO: step3.py, <module>:    Time needed: 0 seconds.
2026-09-22 07:10:24 - INFO: step3.py, <module>:    Composing head3.lst ...
2026-09-22 07:10:24 - INFO: step3.py, <module>:    Time needed: 0 seconds.
2026-09-22 07:10:24 - INFO: step3.py, <module>:    Composing opp files ...
2026-09-22 07:10:24 - INFO: step3.py, <module>:    Time needed: 0 seconds.
2026-09-22 07:10:24 - INFO: step3.py, <module>:    Total time for step3 is 18 seconds.
