Skipping PBE solver for non-charge conformer (1/591) TRP01A0235_001...
ForkPoolWorker-1: Calling delphi to calculate conformer (2/591) GLU01A0236_001 in /tmp/pbe_data.data.home.granepura.5-Kinases.Kinases_MCCE.Trial01.run_apo.2HYY_GLU01A0236_001
ForkPoolWorker-1: Calling delphi to calculate conformer (3/591) GLU01A0236_002 in /tmp/pbe_data.data.home.granepura.5-Kinases.Kinases_MCCE.Trial01.run_apo.2HYY_GLU01A0236_002
ForkPoolWorker-1: Calling delphi to calculate conformer (4/591) GLU02A0236_003 in /tmp/pbe_data.data.home.granepura.5-Kinases.Kinases_MCCE.Trial01.run_apo.2HYY_GLU02A0236_003
ForkPoolWorker-1: Calling delphi to calculate conformer (5/591) GLU02A0236_004 in /tmp/pbe_data.data.home.granepura.5-Kinases.Kinases_MCCE.Trial01.run_apo.2HYY_GLU02A0236_004
ForkPoolWorker-1: Calling delphi to calculate conformer (6/591) GLU-1A0236_005 in /tmp/pbe_data.data.home.granepura.5-Kinases.Kinases_MCCE.Trial01.run_apo.2HYY_GLU-1A0236_005
ForkPoolWorker-1: Calling delphi to calculate conformer (7/591) MET01A0237_001 in /tmp/pbe_data.data.home.granepura.5-Kinases.Kinases_MCCE.Trial01.run_apo.2HYY_MET01A0237_001
ForkPoolWorker-1: Calling delphi to calculate conformer (8/591) GLU01A0238_001 in /tmp/pbe_data.data.home.granepura.5-Kinases.Kinases_MCCE.Trial01.run_apo.2HYY_GLU01A0238_001
ForkPoolWorker-1: Calling delphi to calculate conformer (9/591) GLU01A0238_002 in /tmp/pbe_data.data.home.granepura.5-Kinases.Kinases_MCCE.Trial01.run_apo.2HYY_GLU01A0238_002
ForkPoolWorker-1: Calling delphi to calculate conformer (10/591) GLU02A0238_003 in /tmp/pbe_data.data.home.granepura.5-Kinases.Kinases_MCCE.Trial01.run_apo.2HYY_GLU02A0238_003
ForkPoolWorker-1: Calling delphi to calculate conformer (11/591) GLU02A0238_004 in /tmp/pbe_data.data.home.granepura.5-Kinases.Kinases_MCCE.Trial01.run_apo.2HYY_GLU02A0238_004
ForkPoolWorker-1: Calling delphi to calculate conformer (12/591) GLU-1A0238_005 in /tmp/pbe_data.data.home.granepura.5-Kinases.Kinases_MCCE.Trial01.run_apo.2HYY_GLU-1A0238_005
ForkPoolWorker-1: Calling delphi to calculate conformer (13/591) ARG01A0239_001 in /tmp/pbe_data.data.home.granepura.5-Kinases.Kinases_MCCE.Trial01.run_apo.2HYY_ARG01A0239_001
ForkPoolWorker-1: Calling delphi to calculate conformer (14/591) ARG02A0239_002 in /tmp/pbe_data.data.home.granepura.5-Kinases.Kinases_MCCE.Trial01.run_apo.2HYY_ARG02A0239_002
ForkPoolWorker-1: Calling delphi to calculate conformer (15/591) ARG03A0239_003 in /tmp/pbe_data.data.home.granepura.5-Kinases.Kinases_MCCE.Trial01.run_apo.2HYY_ARG03A0239_003
ForkPoolWorker-1: Calling delphi to calculate conformer (16/591) ARG03A0239_004 in /tmp/pbe_data.data.home.granepura.5-Kinases.Kinases_MCCE.Trial01.run_apo.2HYY_ARG03A0239_004
ForkPoolWorker-1: Calling delphi to calculate conformer (17/591) ARG+1A0239_005 in /tmp/pbe_data.data.home.granepura.5-Kinases.Kinases_MCCE.Trial01.run_apo.2HYY_ARG+1A0239_005
ForkPoolWorker-1: Calling delphi to calculate conformer (18/591) THR01A0240_001 in /tmp/pbe_data.data.home.granepura.5-Kinases.Kinases_MCCE.Trial01.run_apo.2HYY_THR01A0240_001
ForkPoolWorker-1: Calling delphi to calculate conformer (19/591) THR01A0240_002 in /tmp/pbe_data.data.home.granepura.5-Kinases.Kinases_MCCE.Trial01.run_apo.2HYY_THR01A0240_002
ForkPoolWorker-1: Calling delphi to calculate conformer (20/591) THR01A0240_003 in /tmp/pbe_data.data.home.granepura.5-Kinases.Kinases_MCCE.Trial01.run_apo.2HYY_THR01A0240_003
ForkPoolWorker-1: Calling delphi to calculate conformer (21/591) ASP01A0241_001 in /tmp/pbe_data.data.home.granepura.5-Kinases.Kinases_MCCE.Trial01.run_apo.2HYY_ASP01A0241_001
ForkPoolWorker-1: Calling delphi to calculate conformer (22/591) ASP01A0241_002 in /tmp/pbe_data.data.home.granepura.5-Kinases.Kinases_MCCE.Trial01.run_apo.2HYY_ASP01A0241_002
ForkPoolWorker-1: Calling delphi to calculate conformer (23/591) ASP02A0241_003 in /tmp/pbe_data.data.home.granepura.5-Kinases.Kinases_MCCE.Trial01.run_apo.2HYY_ASP02A0241_003
ForkPoolWorker-1: Calling delphi to calculate conformer (24/591) ASP02A0241_004 in /tmp/pbe_data.data.home.granepura.5-Kinases.Kinases_MCCE.Trial01.run_apo.2HYY_ASP02A0241_004
ForkPoolWorker-1: Calling delphi to calculate conformer (25/591) ASP-1A0241_005 in /tmp/pbe_data.data.home.granepura.5-Kinases.Kinases_MCCE.Trial01.run_apo.2HYY_ASP-1A0241_005
Skipping PBE solver for non-charge conformer (26/591) ILE01A0242_001...
ForkPoolWorker-1: Calling delphi to calculate conformer (27/591) THR01A0243_001 in /tmp/pbe_data.data.home.granepura.5-Kinases.Kinases_MCCE.Trial01.run_apo.2HYY_THR01A0243_001
ForkPoolWorker-1: Calling delphi to calculate conformer (28/591) THR01A0243_002 in /tmp/pbe_data.data.home.granepura.5-Kinases.Kinases_MCCE.Trial01.run_apo.2HYY_THR01A0243_002
ForkPoolWorker-1: Calling delphi to calculate conformer (29/591) MET01A0244_001 in /tmp/pbe_data.data.home.granepura.5-Kinases.Kinases_MCCE.Trial01.run_apo.2HYY_MET01A0244_001
ForkPoolWorker-1: Calling delphi to calculate conformer (30/591) LYS01A0245_001 in /tmp/pbe_data.data.home.granepura.5-Kinases.Kinases_MCCE.Trial01.run_apo.2HYY_LYS01A0245_001
ForkPoolWorker-1: Calling delphi to calculate conformer (31/591) LYS+1A0245_002 in /tmp/pbe_data.data.home.granepura.5-Kinases.Kinases_MCCE.Trial01.run_apo.2HYY_LYS+1A0245_002
ForkPoolWorker-1: Calling delphi to calculate conformer (32/591) HIS01A0246_001 in /tmp/pbe_data.data.home.granepura.5-Kinases.Kinases_MCCE.Trial01.run_apo.2HYY_HIS01A0246_001
ForkPoolWorker-1: Calling delphi to calculate conformer (33/591) HIS02A0246_002 in /tmp/pbe_data.data.home.granepura.5-Kinases.Kinases_MCCE.Trial01.run_apo.2HYY_HIS02A0246_002
ForkPoolWorker-1: Calling delphi to calculate conformer (34/591) HIS+1A0246_003 in /tmp/pbe_data.data.home.granepura.5-Kinases.Kinases_MCCE.Trial01.run_apo.2HYY_HIS+1A0246_003
ForkPoolWorker-1: Calling delphi to calculate conformer (35/591) LYS01A0247_001 in /tmp/pbe_data.data.home.granepura.5-Kinases.Kinases_MCCE.Trial01.run_apo.2HYY_LYS01A0247_001
ForkPoolWorker-1: Calling delphi to calculate conformer (36/591) LYS+1A0247_002 in /tmp/pbe_data.data.home.granepura.5-Kinases.Kinases_MCCE.Trial01.run_apo.2HYY_LYS+1A0247_002
Skipping PBE solver for non-charge conformer (37/591) LEU01A0248_001...
ForkPoolWorker-1: Calling delphi to calculate conformer (38/591) GLN01A0252_001 in /tmp/pbe_data.data.home.granepura.5-Kinases.Kinases_MCCE.Trial01.run_apo.2HYY_GLN01A0252_001
ForkPoolWorker-1: Calling delphi to calculate conformer (39/591) GLN01A0252_002 in /tmp/pbe_data.data.home.granepura.5-Kinases.Kinases_MCCE.Trial01.run_apo.2HYY_GLN01A0252_002
ForkPoolWorker-1: Calling delphi to calculate conformer (40/591) TYR01A0253_001 in /tmp/pbe_data.data.home.granepura.5-Kinases.Kinases_MCCE.Trial01.run_apo.2HYY_TYR01A0253_001
ForkPoolWorker-1: Calling delphi to calculate conformer (41/591) TYR01A0253_002 in /tmp/pbe_data.data.home.granepura.5-Kinases.Kinases_MCCE.Trial01.run_apo.2HYY_TYR01A0253_002
ForkPoolWorker-1: Calling delphi to calculate conformer (42/591) TYR01A0253_003 in /tmp/pbe_data.data.home.granepura.5-Kinases.Kinases_MCCE.Trial01.run_apo.2HYY_TYR01A0253_003
ForkPoolWorker-1: Calling delphi to calculate conformer (43/591) TYR-1A0253_004 in /tmp/pbe_data.data.home.granepura.5-Kinases.Kinases_MCCE.Trial01.run_apo.2HYY_TYR-1A0253_004
ForkPoolWorker-1: Calling delphi to calculate conformer (44/591) TYR-1A0253_005 in /tmp/pbe_data.data.home.granepura.5-Kinases.Kinases_MCCE.Trial01.run_apo.2HYY_TYR-1A0253_005
ForkPoolWorker-1: Calling delphi to calculate conformer (45/591) GLU01A0255_001 in /tmp/pbe_data.data.home.granepura.5-Kinases.Kinases_MCCE.Trial01.run_apo.2HYY_GLU01A0255_001
ForkPoolWorker-1: Calling delphi to calculate conformer (46/591) GLU01A0255_002 in /tmp/pbe_data.data.home.granepura.5-Kinases.Kinases_MCCE.Trial01.run_apo.2HYY_GLU01A0255_002
ForkPoolWorker-1: Calling delphi to calculate conformer (47/591) GLU02A0255_003 in /tmp/pbe_data.data.home.granepura.5-Kinases.Kinases_MCCE.Trial01.run_apo.2HYY_GLU02A0255_003
ForkPoolWorker-1: Calling delphi to calculate conformer (48/591) GLU02A0255_004 in /tmp/pbe_data.data.home.granepura.5-Kinases.Kinases_MCCE.Trial01.run_apo.2HYY_GLU02A0255_004
ForkPoolWorker-1: Calling delphi to calculate conformer (49/591) GLU-1A0255_005 in /tmp/pbe_data.data.home.granepura.5-Kinases.Kinases_MCCE.Trial01.run_apo.2HYY_GLU-1A0255_005
Skipping PBE solver for non-charge conformer (50/591) VAL01A0256_001...
ForkPoolWorker-1: Calling delphi to calculate conformer (51/591) TYR01A0257_001 in /tmp/pbe_data.data.home.granepura.5-Kinases.Kinases_MCCE.Trial01.run_apo.2HYY_TYR01A0257_001
ForkPoolWorker-1: Calling delphi to calculate conformer (52/591) TYR01A0257_002 in /tmp/pbe_data.data.home.granepura.5-Kinases.Kinases_MCCE.Trial01.run_apo.2HYY_TYR01A0257_002
ForkPoolWorker-1: Calling delphi to calculate conformer (53/591) TYR-1A0257_003 in /tmp/pbe_data.data.home.granepura.5-Kinases.Kinases_MCCE.Trial01.run_apo.2HYY_TYR-1A0257_003
ForkPoolWorker-1: Calling delphi to calculate conformer (54/591) GLU01A0258_001 in /tmp/pbe_data.data.home.granepura.5-Kinases.Kinases_MCCE.Trial01.run_apo.2HYY_GLU01A0258_001
ForkPoolWorker-1: Calling delphi to calculate conformer (55/591) GLU01A0258_002 in /tmp/pbe_data.data.home.granepura.5-Kinases.Kinases_MCCE.Trial01.run_apo.2HYY_GLU01A0258_002
ForkPoolWorker-1: Calling delphi to calculate conformer (56/591) GLU02A0258_003 in /tmp/pbe_data.data.home.granepura.5-Kinases.Kinases_MCCE.Trial01.run_apo.2HYY_GLU02A0258_003
ForkPoolWorker-1: Calling delphi to calculate conformer (57/591) GLU02A0258_004 in /tmp/pbe_data.data.home.granepura.5-Kinases.Kinases_MCCE.Trial01.run_apo.2HYY_GLU02A0258_004
ForkPoolWorker-1: Calling delphi to calculate conformer (58/591) GLU-1A0258_005 in /tmp/pbe_data.data.home.granepura.5-Kinases.Kinases_MCCE.Trial01.run_apo.2HYY_GLU-1A0258_005
Skipping PBE solver for non-charge conformer (59/591) VAL01A0260_001...
Skipping PBE solver for non-charge conformer (60/591) TRP01A0261_001...
ForkPoolWorker-1: Calling delphi to calculate conformer (61/591) LYS01A0262_001 in /tmp/pbe_data.data.home.granepura.5-Kinases.Kinases_MCCE.Trial01.run_apo.2HYY_LYS01A0262_001
ForkPoolWorker-1: Calling delphi to calculate conformer (62/591) LYS+1A0262_002 in /tmp/pbe_data.data.home.granepura.5-Kinases.Kinases_MCCE.Trial01.run_apo.2HYY_LYS+1A0262_002
ForkPoolWorker-1: Calling delphi to calculate conformer (63/591) LYS01A0263_001 in /tmp/pbe_data.data.home.granepura.5-Kinases.Kinases_MCCE.Trial01.run_apo.2HYY_LYS01A0263_001
ForkPoolWorker-1: Calling delphi to calculate conformer (64/591) LYS+1A0263_002 in /tmp/pbe_data.data.home.granepura.5-Kinases.Kinases_MCCE.Trial01.run_apo.2HYY_LYS+1A0263_002
ForkPoolWorker-1: Calling delphi to calculate conformer (65/591) TYR01A0264_001 in /tmp/pbe_data.data.home.granepura.5-Kinases.Kinases_MCCE.Trial01.run_apo.2HYY_TYR01A0264_001
ForkPoolWorker-1: Calling delphi to calculate conformer (66/591) TYR01A0264_002 in /tmp/pbe_data.data.home.granepura.5-Kinases.Kinases_MCCE.Trial01.run_apo.2HYY_TYR01A0264_002
ForkPoolWorker-1: Calling delphi to calculate conformer (67/591) TYR-1A0264_003 in /tmp/pbe_data.data.home.granepura.5-Kinases.Kinases_MCCE.Trial01.run_apo.2HYY_TYR-1A0264_003
ForkPoolWorker-1: Calling delphi to calculate conformer (68/591) SER01A0265_001 in /tmp/pbe_data.data.home.granepura.5-Kinases.Kinases_MCCE.Trial01.run_apo.2HYY_SER01A0265_001
Skipping PBE solver for non-charge conformer (69/591) LEU01A0266_001...
ForkPoolWorker-1: Calling delphi to calculate conformer (70/591) THR01A0267_001 in /tmp/pbe_data.data.home.granepura.5-Kinases.Kinases_MCCE.Trial01.run_apo.2HYY_THR01A0267_001
ForkPoolWorker-1: Calling delphi to calculate conformer (71/591) THR01A0267_002 in /tmp/pbe_data.data.home.granepura.5-Kinases.Kinases_MCCE.Trial01.run_apo.2HYY_THR01A0267_002
Skipping PBE solver for non-charge conformer (72/591) VAL01A0268_001...
Skipping PBE solver for non-charge conformer (73/591) ALA01A0269_001...
Skipping PBE solver for non-charge conformer (74/591) VAL01A0270_001...
ForkPoolWorker-1: Calling delphi to calculate conformer (75/591) LYS01A0271_001 in /tmp/pbe_data.data.home.granepura.5-Kinases.Kinases_MCCE.Trial01.run_apo.2HYY_LYS01A0271_001
ForkPoolWorker-1: Calling delphi to calculate conformer (76/591) LYS+1A0271_002 in /tmp/pbe_data.data.home.granepura.5-Kinases.Kinases_MCCE.Trial01.run_apo.2HYY_LYS+1A0271_002
ForkPoolWorker-1: Calling delphi to calculate conformer (77/591) THR01A0272_001 in /tmp/pbe_data.data.home.granepura.5-Kinases.Kinases_MCCE.Trial01.run_apo.2HYY_THR01A0272_001
ForkPoolWorker-1: Calling delphi to calculate conformer (78/591) THR01A0272_002 in /tmp/pbe_data.data.home.granepura.5-Kinases.Kinases_MCCE.Trial01.run_apo.2HYY_THR01A0272_002
Skipping PBE solver for non-charge conformer (79/591) LEU01A0273_001...
ForkPoolWorker-1: Calling delphi to calculate conformer (80/591) LYS01A0274_001 in /tmp/pbe_data.data.home.granepura.5-Kinases.Kinases_MCCE.Trial01.run_apo.2HYY_LYS01A0274_001
ForkPoolWorker-1: Calling delphi to calculate conformer (81/591) LYS+1A0274_002 in /tmp/pbe_data.data.home.granepura.5-Kinases.Kinases_MCCE.Trial01.run_apo.2HYY_LYS+1A0274_002
ForkPoolWorker-1: Calling delphi to calculate conformer (82/591) ASP01A0276_001 in /tmp/pbe_data.data.home.granepura.5-Kinases.Kinases_MCCE.Trial01.run_apo.2HYY_ASP01A0276_001
ForkPoolWorker-1: Calling delphi to calculate conformer (83/591) ASP01A0276_002 in /tmp/pbe_data.data.home.granepura.5-Kinases.Kinases_MCCE.Trial01.run_apo.2HYY_ASP01A0276_002
ForkPoolWorker-1: Calling delphi to calculate conformer (84/591) ASP02A0276_003 in /tmp/pbe_data.data.home.granepura.5-Kinases.Kinases_MCCE.Trial01.run_apo.2HYY_ASP02A0276_003
ForkPoolWorker-1: Calling delphi to calculate conformer (85/591) ASP02A0276_004 in /tmp/pbe_data.data.home.granepura.5-Kinases.Kinases_MCCE.Trial01.run_apo.2HYY_ASP02A0276_004
ForkPoolWorker-1: Calling delphi to calculate conformer (86/591) ASP-1A0276_005 in /tmp/pbe_data.data.home.granepura.5-Kinases.Kinases_MCCE.Trial01.run_apo.2HYY_ASP-1A0276_005
ForkPoolWorker-1: Calling delphi to calculate conformer (87/591) THR01A0277_001 in /tmp/pbe_data.data.home.granepura.5-Kinases.Kinases_MCCE.Trial01.run_apo.2HYY_THR01A0277_001
ForkPoolWorker-1: Calling delphi to calculate conformer (88/591) THR01A0277_002 in /tmp/pbe_data.data.home.granepura.5-Kinases.Kinases_MCCE.Trial01.run_apo.2HYY_THR01A0277_002
ForkPoolWorker-1: Calling delphi to calculate conformer (89/591) MET01A0278_001 in /tmp/pbe_data.data.home.granepura.5-Kinases.Kinases_MCCE.Trial01.run_apo.2HYY_MET01A0278_001
ForkPoolWorker-1: Calling delphi to calculate conformer (90/591) GLU01A0279_001 in /tmp/pbe_data.data.home.granepura.5-Kinases.Kinases_MCCE.Trial01.run_apo.2HYY_GLU01A0279_001
ForkPoolWorker-1: Calling delphi to calculate conformer (91/591) GLU01A0279_002 in /tmp/pbe_data.data.home.granepura.5-Kinases.Kinases_MCCE.Trial01.run_apo.2HYY_GLU01A0279_002
ForkPoolWorker-1: Calling delphi to calculate conformer (92/591) GLU02A0279_003 in /tmp/pbe_data.data.home.granepura.5-Kinases.Kinases_MCCE.Trial01.run_apo.2HYY_GLU02A0279_003
ForkPoolWorker-1: Calling delphi to calculate conformer (93/591) GLU02A0279_004 in /tmp/pbe_data.data.home.granepura.5-Kinases.Kinases_MCCE.Trial01.run_apo.2HYY_GLU02A0279_004
ForkPoolWorker-1: Calling delphi to calculate conformer (94/591) GLU-1A0279_005 in /tmp/pbe_data.data.home.granepura.5-Kinases.Kinases_MCCE.Trial01.run_apo.2HYY_GLU-1A0279_005
Skipping PBE solver for non-charge conformer (95/591) VAL01A0280_001...
ForkPoolWorker-1: Calling delphi to calculate conformer (96/591) GLU01A0281_001 in /tmp/pbe_data.data.home.granepura.5-Kinases.Kinases_MCCE.Trial01.run_apo.2HYY_GLU01A0281_001
ForkPoolWorker-1: Calling delphi to calculate conformer (97/591) GLU01A0281_002 in /tmp/pbe_data.data.home.granepura.5-Kinases.Kinases_MCCE.Trial01.run_apo.2HYY_GLU01A0281_002
ForkPoolWorker-1: Calling delphi to calculate conformer (98/591) GLU02A0281_003 in /tmp/pbe_data.data.home.granepura.5-Kinases.Kinases_MCCE.Trial01.run_apo.2HYY_GLU02A0281_003
ForkPoolWorker-1: Calling delphi to calculate conformer (99/591) GLU02A0281_004 in /tmp/pbe_data.data.home.granepura.5-Kinases.Kinases_MCCE.Trial01.run_apo.2HYY_GLU02A0281_004
ForkPoolWorker-1: Calling delphi to calculate conformer (100/591) GLU-1A0281_005 in /tmp/pbe_data.data.home.granepura.5-Kinases.Kinases_MCCE.Trial01.run_apo.2HYY_GLU-1A0281_005
ForkPoolWorker-1: Calling delphi to calculate conformer (101/591) GLU01A0282_001 in /tmp/pbe_data.data.home.granepura.5-Kinases.Kinases_MCCE.Trial01.run_apo.2HYY_GLU01A0282_001
ForkPoolWorker-1: Calling delphi to calculate conformer (102/591) GLU01A0282_002 in /tmp/pbe_data.data.home.granepura.5-Kinases.Kinases_MCCE.Trial01.run_apo.2HYY_GLU01A0282_002
ForkPoolWorker-1: Calling delphi to calculate conformer (103/591) GLU02A0282_003 in /tmp/pbe_data.data.home.granepura.5-Kinases.Kinases_MCCE.Trial01.run_apo.2HYY_GLU02A0282_003
ForkPoolWorker-1: Calling delphi to calculate conformer (104/591) GLU02A0282_004 in /tmp/pbe_data.data.home.granepura.5-Kinases.Kinases_MCCE.Trial01.run_apo.2HYY_GLU02A0282_004
ForkPoolWorker-1: Calling delphi to calculate conformer (105/591) GLU-1A0282_005 in /tmp/pbe_data.data.home.granepura.5-Kinases.Kinases_MCCE.Trial01.run_apo.2HYY_GLU-1A0282_005
Skipping PBE solver for non-charge conformer (106/591) PHE01A0283_001...
Skipping PBE solver for non-charge conformer (107/591) LEU01A0284_001...
ForkPoolWorker-1: Calling delphi to calculate conformer (108/591) LYS01A0285_001 in /tmp/pbe_data.data.home.granepura.5-Kinases.Kinases_MCCE.Trial01.run_apo.2HYY_LYS01A0285_001
ForkPoolWorker-1: Calling delphi to calculate conformer (109/591) LYS+1A0285_002 in /tmp/pbe_data.data.home.granepura.5-Kinases.Kinases_MCCE.Trial01.run_apo.2HYY_LYS+1A0285_002
ForkPoolWorker-1: Calling delphi to calculate conformer (110/591) GLU01A0286_001 in /tmp/pbe_data.data.home.granepura.5-Kinases.Kinases_MCCE.Trial01.run_apo.2HYY_GLU01A0286_001
ForkPoolWorker-1: Calling delphi to calculate conformer (111/591) GLU01A0286_002 in /tmp/pbe_data.data.home.granepura.5-Kinases.Kinases_MCCE.Trial01.run_apo.2HYY_GLU01A0286_002
ForkPoolWorker-1: Calling delphi to calculate conformer (112/591) GLU02A0286_003 in /tmp/pbe_data.data.home.granepura.5-Kinases.Kinases_MCCE.Trial01.run_apo.2HYY_GLU02A0286_003
ForkPoolWorker-1: Calling delphi to calculate conformer (113/591) GLU02A0286_004 in /tmp/pbe_data.data.home.granepura.5-Kinases.Kinases_MCCE.Trial01.run_apo.2HYY_GLU02A0286_004
ForkPoolWorker-1: Calling delphi to calculate conformer (114/591) GLU-1A0286_005 in /tmp/pbe_data.data.home.granepura.5-Kinases.Kinases_MCCE.Trial01.run_apo.2HYY_GLU-1A0286_005
Skipping PBE solver for non-charge conformer (115/591) ALA01A0287_001...
Skipping PBE solver for non-charge conformer (116/591) ALA01A0288_001...
Skipping PBE solver for non-charge conformer (117/591) VAL01A0289_001...
ForkPoolWorker-1: Calling delphi to calculate conformer (118/591) MET01A0290_001 in /tmp/pbe_data.data.home.granepura.5-Kinases.Kinases_MCCE.Trial01.run_apo.2HYY_MET01A0290_001
ForkPoolWorker-1: Calling delphi to calculate conformer (119/591) LYS01A0291_001 in /tmp/pbe_data.data.home.granepura.5-Kinases.Kinases_MCCE.Trial01.run_apo.2HYY_LYS01A0291_001
ForkPoolWorker-1: Calling delphi to calculate conformer (120/591) LYS+1A0291_002 in /tmp/pbe_data.data.home.granepura.5-Kinases.Kinases_MCCE.Trial01.run_apo.2HYY_LYS+1A0291_002
ForkPoolWorker-1: Calling delphi to calculate conformer (121/591) GLU01A0292_001 in /tmp/pbe_data.data.home.granepura.5-Kinases.Kinases_MCCE.Trial01.run_apo.2HYY_GLU01A0292_001
ForkPoolWorker-1: Calling delphi to calculate conformer (122/591) GLU01A0292_002 in /tmp/pbe_data.data.home.granepura.5-Kinases.Kinases_MCCE.Trial01.run_apo.2HYY_GLU01A0292_002
ForkPoolWorker-1: Calling delphi to calculate conformer (123/591) GLU02A0292_003 in /tmp/pbe_data.data.home.granepura.5-Kinases.Kinases_MCCE.Trial01.run_apo.2HYY_GLU02A0292_003
ForkPoolWorker-1: Calling delphi to calculate conformer (124/591) GLU02A0292_004 in /tmp/pbe_data.data.home.granepura.5-Kinases.Kinases_MCCE.Trial01.run_apo.2HYY_GLU02A0292_004
ForkPoolWorker-1: Calling delphi to calculate conformer (125/591) GLU-1A0292_005 in /tmp/pbe_data.data.home.granepura.5-Kinases.Kinases_MCCE.Trial01.run_apo.2HYY_GLU-1A0292_005
Skipping PBE solver for non-charge conformer (126/591) ILE01A0293_001...
ForkPoolWorker-1: Calling delphi to calculate conformer (127/591) LYS01A0294_001 in /tmp/pbe_data.data.home.granepura.5-Kinases.Kinases_MCCE.Trial01.run_apo.2HYY_LYS01A0294_001
ForkPoolWorker-1: Calling delphi to calculate conformer (128/591) LYS+1A0294_002 in /tmp/pbe_data.data.home.granepura.5-Kinases.Kinases_MCCE.Trial01.run_apo.2HYY_LYS+1A0294_002
ForkPoolWorker-1: Calling delphi to calculate conformer (129/591) HIS01A0295_001 in /tmp/pbe_data.data.home.granepura.5-Kinases.Kinases_MCCE.Trial01.run_apo.2HYY_HIS01A0295_001
ForkPoolWorker-1: Calling delphi to calculate conformer (130/591) HIS01A0295_002 in /tmp/pbe_data.data.home.granepura.5-Kinases.Kinases_MCCE.Trial01.run_apo.2HYY_HIS01A0295_002
ForkPoolWorker-1: Calling delphi to calculate conformer (131/591) HIS02A0295_003 in /tmp/pbe_data.data.home.granepura.5-Kinases.Kinases_MCCE.Trial01.run_apo.2HYY_HIS02A0295_003
ForkPoolWorker-1: Calling delphi to calculate conformer (132/591) HIS02A0295_004 in /tmp/pbe_data.data.home.granepura.5-Kinases.Kinases_MCCE.Trial01.run_apo.2HYY_HIS02A0295_004
ForkPoolWorker-1: Calling delphi to calculate conformer (133/591) HIS+1A0295_005 in /tmp/pbe_data.data.home.granepura.5-Kinases.Kinases_MCCE.Trial01.run_apo.2HYY_HIS+1A0295_005
ForkPoolWorker-1: Calling delphi to calculate conformer (134/591) HIS+1A0295_006 in /tmp/pbe_data.data.home.granepura.5-Kinases.Kinases_MCCE.Trial01.run_apo.2HYY_HIS+1A0295_006
Skipping PBE solver for non-charge conformer (135/591) PRO01A0296_001...
ForkPoolWorker-1: Calling delphi to calculate conformer (136/591) ASN01A0297_001 in /tmp/pbe_data.data.home.granepura.5-Kinases.Kinases_MCCE.Trial01.run_apo.2HYY_ASN01A0297_001
ForkPoolWorker-1: Calling delphi to calculate conformer (137/591) ASN01A0297_002 in /tmp/pbe_data.data.home.granepura.5-Kinases.Kinases_MCCE.Trial01.run_apo.2HYY_ASN01A0297_002
Skipping PBE solver for non-charge conformer (138/591) LEU01A0298_001...
Skipping PBE solver for non-charge conformer (139/591) VAL01A0299_001...
ForkPoolWorker-1: Calling delphi to calculate conformer (140/591) GLN01A0300_001 in /tmp/pbe_data.data.home.granepura.5-Kinases.Kinases_MCCE.Trial01.run_apo.2HYY_GLN01A0300_001
ForkPoolWorker-1: Calling delphi to calculate conformer (141/591) GLN01A0300_002 in /tmp/pbe_data.data.home.granepura.5-Kinases.Kinases_MCCE.Trial01.run_apo.2HYY_GLN01A0300_002
Skipping PBE solver for non-charge conformer (142/591) LEU01A0301_001...
Skipping PBE solver for non-charge conformer (143/591) LEU01A0302_001...
Skipping PBE solver for non-charge conformer (144/591) VAL01A0304_001...
ForkPoolWorker-1: Calling delphi to calculate conformer (145/591) CYS01A0305_001 in /tmp/pbe_data.data.home.granepura.5-Kinases.Kinases_MCCE.Trial01.run_apo.2HYY_CYS01A0305_001
ForkPoolWorker-1: Calling delphi to calculate conformer (146/591) CYS01A0305_002 in /tmp/pbe_data.data.home.granepura.5-Kinases.Kinases_MCCE.Trial01.run_apo.2HYY_CYS01A0305_002
ForkPoolWorker-1: Calling delphi to calculate conformer (147/591) CYS01A0305_003 in /tmp/pbe_data.data.home.granepura.5-Kinases.Kinases_MCCE.Trial01.run_apo.2HYY_CYS01A0305_003
ForkPoolWorker-1: Calling delphi to calculate conformer (148/591) CYS-1A0305_004 in /tmp/pbe_data.data.home.granepura.5-Kinases.Kinases_MCCE.Trial01.run_apo.2HYY_CYS-1A0305_004
ForkPoolWorker-1: Calling delphi to calculate conformer (149/591) THR01A0306_001 in /tmp/pbe_data.data.home.granepura.5-Kinases.Kinases_MCCE.Trial01.run_apo.2HYY_THR01A0306_001
ForkPoolWorker-1: Calling delphi to calculate conformer (150/591) THR01A0306_002 in /tmp/pbe_data.data.home.granepura.5-Kinases.Kinases_MCCE.Trial01.run_apo.2HYY_THR01A0306_002
ForkPoolWorker-1: Calling delphi to calculate conformer (151/591) THR01A0306_003 in /tmp/pbe_data.data.home.granepura.5-Kinases.Kinases_MCCE.Trial01.run_apo.2HYY_THR01A0306_003
ForkPoolWorker-1: Calling delphi to calculate conformer (152/591) ARG01A0307_001 in /tmp/pbe_data.data.home.granepura.5-Kinases.Kinases_MCCE.Trial01.run_apo.2HYY_ARG01A0307_001
ForkPoolWorker-1: Calling delphi to calculate conformer (153/591) ARG02A0307_002 in /tmp/pbe_data.data.home.granepura.5-Kinases.Kinases_MCCE.Trial01.run_apo.2HYY_ARG02A0307_002
ForkPoolWorker-1: Calling delphi to calculate conformer (154/591) ARG03A0307_003 in /tmp/pbe_data.data.home.granepura.5-Kinases.Kinases_MCCE.Trial01.run_apo.2HYY_ARG03A0307_003
ForkPoolWorker-1: Calling delphi to calculate conformer (155/591) ARG03A0307_004 in /tmp/pbe_data.data.home.granepura.5-Kinases.Kinases_MCCE.Trial01.run_apo.2HYY_ARG03A0307_004
ForkPoolWorker-1: Calling delphi to calculate conformer (156/591) ARG+1A0307_005 in /tmp/pbe_data.data.home.granepura.5-Kinases.Kinases_MCCE.Trial01.run_apo.2HYY_ARG+1A0307_005
ForkPoolWorker-1: Calling delphi to calculate conformer (157/591) GLU01A0308_001 in /tmp/pbe_data.data.home.granepura.5-Kinases.Kinases_MCCE.Trial01.run_apo.2HYY_GLU01A0308_001
ForkPoolWorker-1: Calling delphi to calculate conformer (158/591) GLU01A0308_002 in /tmp/pbe_data.data.home.granepura.5-Kinases.Kinases_MCCE.Trial01.run_apo.2HYY_GLU01A0308_002
ForkPoolWorker-1: Calling delphi to calculate conformer (159/591) GLU02A0308_003 in /tmp/pbe_data.data.home.granepura.5-Kinases.Kinases_MCCE.Trial01.run_apo.2HYY_GLU02A0308_003
ForkPoolWorker-1: Calling delphi to calculate conformer (160/591) GLU02A0308_004 in /tmp/pbe_data.data.home.granepura.5-Kinases.Kinases_MCCE.Trial01.run_apo.2HYY_GLU02A0308_004
ForkPoolWorker-1: Calling delphi to calculate conformer (161/591) GLU-1A0308_005 in /tmp/pbe_data.data.home.granepura.5-Kinases.Kinases_MCCE.Trial01.run_apo.2HYY_GLU-1A0308_005
Skipping PBE solver for non-charge conformer (162/591) PRO01A0309_001...
Skipping PBE solver for non-charge conformer (163/591) PRO01A0310_001...
Skipping PBE solver for non-charge conformer (164/591) PHE01A0311_001...
ForkPoolWorker-1: Calling delphi to calculate conformer (165/591) TYR01A0312_001 in /tmp/pbe_data.data.home.granepura.5-Kinases.Kinases_MCCE.Trial01.run_apo.2HYY_TYR01A0312_001
ForkPoolWorker-1: Calling delphi to calculate conformer (166/591) TYR-1A0312_002 in /tmp/pbe_data.data.home.granepura.5-Kinases.Kinases_MCCE.Trial01.run_apo.2HYY_TYR-1A0312_002
Skipping PBE solver for non-charge conformer (167/591) ILE01A0313_001...
Skipping PBE solver for non-charge conformer (168/591) ILE01A0314_001...
ForkPoolWorker-1: Calling delphi to calculate conformer (169/591) THR01A0315_001 in /tmp/pbe_data.data.home.granepura.5-Kinases.Kinases_MCCE.Trial01.run_apo.2HYY_THR01A0315_001
ForkPoolWorker-1: Calling delphi to calculate conformer (170/591) THR01A0315_002 in /tmp/pbe_data.data.home.granepura.5-Kinases.Kinases_MCCE.Trial01.run_apo.2HYY_THR01A0315_002
ForkPoolWorker-1: Calling delphi to calculate conformer (171/591) THR01A0315_003 in /tmp/pbe_data.data.home.granepura.5-Kinases.Kinases_MCCE.Trial01.run_apo.2HYY_THR01A0315_003
ForkPoolWorker-1: Calling delphi to calculate conformer (172/591) GLU01A0316_001 in /tmp/pbe_data.data.home.granepura.5-Kinases.Kinases_MCCE.Trial01.run_apo.2HYY_GLU01A0316_001
ForkPoolWorker-1: Calling delphi to calculate conformer (173/591) GLU01A0316_002 in /tmp/pbe_data.data.home.granepura.5-Kinases.Kinases_MCCE.Trial01.run_apo.2HYY_GLU01A0316_002
ForkPoolWorker-1: Calling delphi to calculate conformer (174/591) GLU02A0316_003 in /tmp/pbe_data.data.home.granepura.5-Kinases.Kinases_MCCE.Trial01.run_apo.2HYY_GLU02A0316_003
ForkPoolWorker-1: Calling delphi to calculate conformer (175/591) GLU02A0316_004 in /tmp/pbe_data.data.home.granepura.5-Kinases.Kinases_MCCE.Trial01.run_apo.2HYY_GLU02A0316_004
ForkPoolWorker-1: Calling delphi to calculate conformer (176/591) GLU-1A0316_005 in /tmp/pbe_data.data.home.granepura.5-Kinases.Kinases_MCCE.Trial01.run_apo.2HYY_GLU-1A0316_005
Skipping PBE solver for non-charge conformer (177/591) PHE01A0317_001...
ForkPoolWorker-1: Calling delphi to calculate conformer (178/591) MET01A0318_001 in /tmp/pbe_data.data.home.granepura.5-Kinases.Kinases_MCCE.Trial01.run_apo.2HYY_MET01A0318_001
ForkPoolWorker-1: Calling delphi to calculate conformer (179/591) THR01A0319_001 in /tmp/pbe_data.data.home.granepura.5-Kinases.Kinases_MCCE.Trial01.run_apo.2HYY_THR01A0319_001
ForkPoolWorker-1: Calling delphi to calculate conformer (180/591) THR01A0319_002 in /tmp/pbe_data.data.home.granepura.5-Kinases.Kinases_MCCE.Trial01.run_apo.2HYY_THR01A0319_002
ForkPoolWorker-1: Calling delphi to calculate conformer (181/591) THR01A0319_003 in /tmp/pbe_data.data.home.granepura.5-Kinases.Kinases_MCCE.Trial01.run_apo.2HYY_THR01A0319_003
ForkPoolWorker-1: Calling delphi to calculate conformer (182/591) TYR01A0320_001 in /tmp/pbe_data.data.home.granepura.5-Kinases.Kinases_MCCE.Trial01.run_apo.2HYY_TYR01A0320_001
ForkPoolWorker-1: Calling delphi to calculate conformer (183/591) TYR01A0320_002 in /tmp/pbe_data.data.home.granepura.5-Kinases.Kinases_MCCE.Trial01.run_apo.2HYY_TYR01A0320_002
ForkPoolWorker-1: Calling delphi to calculate conformer (184/591) TYR-1A0320_003 in /tmp/pbe_data.data.home.granepura.5-Kinases.Kinases_MCCE.Trial01.run_apo.2HYY_TYR-1A0320_003
ForkPoolWorker-1: Calling delphi to calculate conformer (185/591) ASN01A0322_001 in /tmp/pbe_data.data.home.granepura.5-Kinases.Kinases_MCCE.Trial01.run_apo.2HYY_ASN01A0322_001
ForkPoolWorker-1: Calling delphi to calculate conformer (186/591) ASN01A0322_002 in /tmp/pbe_data.data.home.granepura.5-Kinases.Kinases_MCCE.Trial01.run_apo.2HYY_ASN01A0322_002
ForkPoolWorker-1: Calling delphi to calculate conformer (187/591) ASN01A0322_003 in /tmp/pbe_data.data.home.granepura.5-Kinases.Kinases_MCCE.Trial01.run_apo.2HYY_ASN01A0322_003
Skipping PBE solver for non-charge conformer (188/591) LEU01A0323_001...
Skipping PBE solver for non-charge conformer (189/591) LEU01A0324_001...
ForkPoolWorker-1: Calling delphi to calculate conformer (190/591) ASP01A0325_001 in /tmp/pbe_data.data.home.granepura.5-Kinases.Kinases_MCCE.Trial01.run_apo.2HYY_ASP01A0325_001
ForkPoolWorker-1: Calling delphi to calculate conformer (191/591) ASP01A0325_002 in /tmp/pbe_data.data.home.granepura.5-Kinases.Kinases_MCCE.Trial01.run_apo.2HYY_ASP01A0325_002
ForkPoolWorker-1: Calling delphi to calculate conformer (192/591) ASP02A0325_003 in /tmp/pbe_data.data.home.granepura.5-Kinases.Kinases_MCCE.Trial01.run_apo.2HYY_ASP02A0325_003
ForkPoolWorker-1: Calling delphi to calculate conformer (193/591) ASP02A0325_004 in /tmp/pbe_data.data.home.granepura.5-Kinases.Kinases_MCCE.Trial01.run_apo.2HYY_ASP02A0325_004
ForkPoolWorker-1: Calling delphi to calculate conformer (194/591) ASP-1A0325_005 in /tmp/pbe_data.data.home.granepura.5-Kinases.Kinases_MCCE.Trial01.run_apo.2HYY_ASP-1A0325_005
ForkPoolWorker-1: Calling delphi to calculate conformer (195/591) TYR01A0326_001 in /tmp/pbe_data.data.home.granepura.5-Kinases.Kinases_MCCE.Trial01.run_apo.2HYY_TYR01A0326_001
ForkPoolWorker-1: Calling delphi to calculate conformer (196/591) TYR01A0326_002 in /tmp/pbe_data.data.home.granepura.5-Kinases.Kinases_MCCE.Trial01.run_apo.2HYY_TYR01A0326_002
ForkPoolWorker-1: Calling delphi to calculate conformer (197/591) TYR01A0326_003 in /tmp/pbe_data.data.home.granepura.5-Kinases.Kinases_MCCE.Trial01.run_apo.2HYY_TYR01A0326_003
ForkPoolWorker-1: Calling delphi to calculate conformer (198/591) TYR01A0326_004 in /tmp/pbe_data.data.home.granepura.5-Kinases.Kinases_MCCE.Trial01.run_apo.2HYY_TYR01A0326_004
ForkPoolWorker-1: Calling delphi to calculate conformer (199/591) TYR-1A0326_005 in /tmp/pbe_data.data.home.granepura.5-Kinases.Kinases_MCCE.Trial01.run_apo.2HYY_TYR-1A0326_005
ForkPoolWorker-1: Calling delphi to calculate conformer (200/591) TYR-1A0326_006 in /tmp/pbe_data.data.home.granepura.5-Kinases.Kinases_MCCE.Trial01.run_apo.2HYY_TYR-1A0326_006
Skipping PBE solver for non-charge conformer (201/591) LEU01A0327_001...
ForkPoolWorker-1: Calling delphi to calculate conformer (202/591) ARG01A0328_001 in /tmp/pbe_data.data.home.granepura.5-Kinases.Kinases_MCCE.Trial01.run_apo.2HYY_ARG01A0328_001
ForkPoolWorker-1: Calling delphi to calculate conformer (203/591) ARG02A0328_002 in /tmp/pbe_data.data.home.granepura.5-Kinases.Kinases_MCCE.Trial01.run_apo.2HYY_ARG02A0328_002
ForkPoolWorker-1: Calling delphi to calculate conformer (204/591) ARG03A0328_003 in /tmp/pbe_data.data.home.granepura.5-Kinases.Kinases_MCCE.Trial01.run_apo.2HYY_ARG03A0328_003
ForkPoolWorker-1: Calling delphi to calculate conformer (205/591) ARG+1A0328_004 in /tmp/pbe_data.data.home.granepura.5-Kinases.Kinases_MCCE.Trial01.run_apo.2HYY_ARG+1A0328_004
ForkPoolWorker-1: Calling delphi to calculate conformer (206/591) GLU01A0329_001 in /tmp/pbe_data.data.home.granepura.5-Kinases.Kinases_MCCE.Trial01.run_apo.2HYY_GLU01A0329_001
ForkPoolWorker-1: Calling delphi to calculate conformer (207/591) GLU01A0329_002 in /tmp/pbe_data.data.home.granepura.5-Kinases.Kinases_MCCE.Trial01.run_apo.2HYY_GLU01A0329_002
ForkPoolWorker-1: Calling delphi to calculate conformer (208/591) GLU02A0329_003 in /tmp/pbe_data.data.home.granepura.5-Kinases.Kinases_MCCE.Trial01.run_apo.2HYY_GLU02A0329_003
ForkPoolWorker-1: Calling delphi to calculate conformer (209/591) GLU02A0329_004 in /tmp/pbe_data.data.home.granepura.5-Kinases.Kinases_MCCE.Trial01.run_apo.2HYY_GLU02A0329_004
ForkPoolWorker-1: Calling delphi to calculate conformer (210/591) GLU-1A0329_005 in /tmp/pbe_data.data.home.granepura.5-Kinases.Kinases_MCCE.Trial01.run_apo.2HYY_GLU-1A0329_005
ForkPoolWorker-1: Calling delphi to calculate conformer (211/591) CYS01A0330_001 in /tmp/pbe_data.data.home.granepura.5-Kinases.Kinases_MCCE.Trial01.run_apo.2HYY_CYS01A0330_001
ForkPoolWorker-1: Calling delphi to calculate conformer (212/591) CYS01A0330_002 in /tmp/pbe_data.data.home.granepura.5-Kinases.Kinases_MCCE.Trial01.run_apo.2HYY_CYS01A0330_002
ForkPoolWorker-1: Calling delphi to calculate conformer (213/591) CYS01A0330_003 in /tmp/pbe_data.data.home.granepura.5-Kinases.Kinases_MCCE.Trial01.run_apo.2HYY_CYS01A0330_003
ForkPoolWorker-1: Calling delphi to calculate conformer (214/591) CYS-1A0330_004 in /tmp/pbe_data.data.home.granepura.5-Kinases.Kinases_MCCE.Trial01.run_apo.2HYY_CYS-1A0330_004
ForkPoolWorker-1: Calling delphi to calculate conformer (215/591) ASN01A0331_001 in /tmp/pbe_data.data.home.granepura.5-Kinases.Kinases_MCCE.Trial01.run_apo.2HYY_ASN01A0331_001
ForkPoolWorker-1: Calling delphi to calculate conformer (216/591) ARG01A0332_001 in /tmp/pbe_data.data.home.granepura.5-Kinases.Kinases_MCCE.Trial01.run_apo.2HYY_ARG01A0332_001
ForkPoolWorker-1: Calling delphi to calculate conformer (217/591) ARG02A0332_002 in /tmp/pbe_data.data.home.granepura.5-Kinases.Kinases_MCCE.Trial01.run_apo.2HYY_ARG02A0332_002
ForkPoolWorker-1: Calling delphi to calculate conformer (218/591) ARG03A0332_003 in /tmp/pbe_data.data.home.granepura.5-Kinases.Kinases_MCCE.Trial01.run_apo.2HYY_ARG03A0332_003
ForkPoolWorker-1: Calling delphi to calculate conformer (219/591) ARG+1A0332_004 in /tmp/pbe_data.data.home.granepura.5-Kinases.Kinases_MCCE.Trial01.run_apo.2HYY_ARG+1A0332_004
ForkPoolWorker-1: Calling delphi to calculate conformer (220/591) GLN01A0333_001 in /tmp/pbe_data.data.home.granepura.5-Kinases.Kinases_MCCE.Trial01.run_apo.2HYY_GLN01A0333_001
ForkPoolWorker-1: Calling delphi to calculate conformer (221/591) GLN01A0333_002 in /tmp/pbe_data.data.home.granepura.5-Kinases.Kinases_MCCE.Trial01.run_apo.2HYY_GLN01A0333_002
ForkPoolWorker-1: Calling delphi to calculate conformer (222/591) GLU01A0334_001 in /tmp/pbe_data.data.home.granepura.5-Kinases.Kinases_MCCE.Trial01.run_apo.2HYY_GLU01A0334_001
ForkPoolWorker-1: Calling delphi to calculate conformer (223/591) GLU01A0334_002 in /tmp/pbe_data.data.home.granepura.5-Kinases.Kinases_MCCE.Trial01.run_apo.2HYY_GLU01A0334_002
ForkPoolWorker-1: Calling delphi to calculate conformer (224/591) GLU02A0334_003 in /tmp/pbe_data.data.home.granepura.5-Kinases.Kinases_MCCE.Trial01.run_apo.2HYY_GLU02A0334_003
ForkPoolWorker-1: Calling delphi to calculate conformer (225/591) GLU02A0334_004 in /tmp/pbe_data.data.home.granepura.5-Kinases.Kinases_MCCE.Trial01.run_apo.2HYY_GLU02A0334_004
ForkPoolWorker-1: Calling delphi to calculate conformer (226/591) GLU-1A0334_005 in /tmp/pbe_data.data.home.granepura.5-Kinases.Kinases_MCCE.Trial01.run_apo.2HYY_GLU-1A0334_005
Skipping PBE solver for non-charge conformer (227/591) VAL01A0335_001...
ForkPoolWorker-1: Calling delphi to calculate conformer (228/591) ASN01A0336_001 in /tmp/pbe_data.data.home.granepura.5-Kinases.Kinases_MCCE.Trial01.run_apo.2HYY_ASN01A0336_001
ForkPoolWorker-1: Calling delphi to calculate conformer (229/591) ASN01A0336_002 in /tmp/pbe_data.data.home.granepura.5-Kinases.Kinases_MCCE.Trial01.run_apo.2HYY_ASN01A0336_002
Skipping PBE solver for non-charge conformer (230/591) ALA01A0337_001...
Skipping PBE solver for non-charge conformer (231/591) VAL01A0338_001...
Skipping PBE solver for non-charge conformer (232/591) VAL01A0339_001...
Skipping PBE solver for non-charge conformer (233/591) LEU01A0340_001...
Skipping PBE solver for non-charge conformer (234/591) LEU01A0341_001...
ForkPoolWorker-1: Calling delphi to calculate conformer (235/591) TYR01A0342_001 in /tmp/pbe_data.data.home.granepura.5-Kinases.Kinases_MCCE.Trial01.run_apo.2HYY_TYR01A0342_001
ForkPoolWorker-1: Calling delphi to calculate conformer (236/591) TYR-1A0342_002 in /tmp/pbe_data.data.home.granepura.5-Kinases.Kinases_MCCE.Trial01.run_apo.2HYY_TYR-1A0342_002
ForkPoolWorker-1: Calling delphi to calculate conformer (237/591) MET01A0343_001 in /tmp/pbe_data.data.home.granepura.5-Kinases.Kinases_MCCE.Trial01.run_apo.2HYY_MET01A0343_001
Skipping PBE solver for non-charge conformer (238/591) ALA01A0344_001...
ForkPoolWorker-1: Calling delphi to calculate conformer (239/591) THR01A0345_001 in /tmp/pbe_data.data.home.granepura.5-Kinases.Kinases_MCCE.Trial01.run_apo.2HYY_THR01A0345_001
ForkPoolWorker-1: Calling delphi to calculate conformer (240/591) THR01A0345_002 in /tmp/pbe_data.data.home.granepura.5-Kinases.Kinases_MCCE.Trial01.run_apo.2HYY_THR01A0345_002
ForkPoolWorker-1: Calling delphi to calculate conformer (241/591) THR01A0345_003 in /tmp/pbe_data.data.home.granepura.5-Kinases.Kinases_MCCE.Trial01.run_apo.2HYY_THR01A0345_003
ForkPoolWorker-1: Calling delphi to calculate conformer (242/591) GLN01A0346_001 in /tmp/pbe_data.data.home.granepura.5-Kinases.Kinases_MCCE.Trial01.run_apo.2HYY_GLN01A0346_001
ForkPoolWorker-1: Calling delphi to calculate conformer (243/591) GLN01A0346_002 in /tmp/pbe_data.data.home.granepura.5-Kinases.Kinases_MCCE.Trial01.run_apo.2HYY_GLN01A0346_002
Skipping PBE solver for non-charge conformer (244/591) ILE01A0347_001...
ForkPoolWorker-1: Calling delphi to calculate conformer (245/591) SER01A0348_001 in /tmp/pbe_data.data.home.granepura.5-Kinases.Kinases_MCCE.Trial01.run_apo.2HYY_SER01A0348_001
ForkPoolWorker-1: Calling delphi to calculate conformer (246/591) SER01A0348_002 in /tmp/pbe_data.data.home.granepura.5-Kinases.Kinases_MCCE.Trial01.run_apo.2HYY_SER01A0348_002
ForkPoolWorker-1: Calling delphi to calculate conformer (247/591) SER01A0348_003 in /tmp/pbe_data.data.home.granepura.5-Kinases.Kinases_MCCE.Trial01.run_apo.2HYY_SER01A0348_003
ForkPoolWorker-1: Calling delphi to calculate conformer (248/591) SER01A0349_001 in /tmp/pbe_data.data.home.granepura.5-Kinases.Kinases_MCCE.Trial01.run_apo.2HYY_SER01A0349_001
ForkPoolWorker-1: Calling delphi to calculate conformer (249/591) SER01A0349_002 in /tmp/pbe_data.data.home.granepura.5-Kinases.Kinases_MCCE.Trial01.run_apo.2HYY_SER01A0349_002
ForkPoolWorker-1: Calling delphi to calculate conformer (250/591) SER01A0349_003 in /tmp/pbe_data.data.home.granepura.5-Kinases.Kinases_MCCE.Trial01.run_apo.2HYY_SER01A0349_003
ForkPoolWorker-1: Calling delphi to calculate conformer (251/591) SER01A0349_004 in /tmp/pbe_data.data.home.granepura.5-Kinases.Kinases_MCCE.Trial01.run_apo.2HYY_SER01A0349_004
ForkPoolWorker-1: Calling delphi to calculate conformer (252/591) SER01A0349_005 in /tmp/pbe_data.data.home.granepura.5-Kinases.Kinases_MCCE.Trial01.run_apo.2HYY_SER01A0349_005
Skipping PBE solver for non-charge conformer (253/591) ALA01A0350_001...
ForkPoolWorker-1: Calling delphi to calculate conformer (254/591) MET01A0351_001 in /tmp/pbe_data.data.home.granepura.5-Kinases.Kinases_MCCE.Trial01.run_apo.2HYY_MET01A0351_001
ForkPoolWorker-1: Calling delphi to calculate conformer (255/591) GLU01A0352_001 in /tmp/pbe_data.data.home.granepura.5-Kinases.Kinases_MCCE.Trial01.run_apo.2HYY_GLU01A0352_001
ForkPoolWorker-1: Calling delphi to calculate conformer (256/591) GLU01A0352_002 in /tmp/pbe_data.data.home.granepura.5-Kinases.Kinases_MCCE.Trial01.run_apo.2HYY_GLU01A0352_002
ForkPoolWorker-1: Calling delphi to calculate conformer (257/591) GLU01A0352_003 in /tmp/pbe_data.data.home.granepura.5-Kinases.Kinases_MCCE.Trial01.run_apo.2HYY_GLU01A0352_003
ForkPoolWorker-1: Calling delphi to calculate conformer (258/591) GLU01A0352_004 in /tmp/pbe_data.data.home.granepura.5-Kinases.Kinases_MCCE.Trial01.run_apo.2HYY_GLU01A0352_004
ForkPoolWorker-1: Calling delphi to calculate conformer (259/591) GLU02A0352_005 in /tmp/pbe_data.data.home.granepura.5-Kinases.Kinases_MCCE.Trial01.run_apo.2HYY_GLU02A0352_005
ForkPoolWorker-1: Calling delphi to calculate conformer (260/591) GLU02A0352_006 in /tmp/pbe_data.data.home.granepura.5-Kinases.Kinases_MCCE.Trial01.run_apo.2HYY_GLU02A0352_006
ForkPoolWorker-1: Calling delphi to calculate conformer (261/591) GLU02A0352_007 in /tmp/pbe_data.data.home.granepura.5-Kinases.Kinases_MCCE.Trial01.run_apo.2HYY_GLU02A0352_007
ForkPoolWorker-1: Calling delphi to calculate conformer (262/591) GLU02A0352_008 in /tmp/pbe_data.data.home.granepura.5-Kinases.Kinases_MCCE.Trial01.run_apo.2HYY_GLU02A0352_008
ForkPoolWorker-1: Calling delphi to calculate conformer (263/591) GLU-1A0352_009 in /tmp/pbe_data.data.home.granepura.5-Kinases.Kinases_MCCE.Trial01.run_apo.2HYY_GLU-1A0352_009
ForkPoolWorker-1: Calling delphi to calculate conformer (264/591) GLU-1A0352_010 in /tmp/pbe_data.data.home.granepura.5-Kinases.Kinases_MCCE.Trial01.run_apo.2HYY_GLU-1A0352_010
ForkPoolWorker-1: Calling delphi to calculate conformer (265/591) TYR01A0353_001 in /tmp/pbe_data.data.home.granepura.5-Kinases.Kinases_MCCE.Trial01.run_apo.2HYY_TYR01A0353_001
ForkPoolWorker-1: Calling delphi to calculate conformer (266/591) TYR-1A0353_002 in /tmp/pbe_data.data.home.granepura.5-Kinases.Kinases_MCCE.Trial01.run_apo.2HYY_TYR-1A0353_002
Skipping PBE solver for non-charge conformer (267/591) LEU01A0354_001...
ForkPoolWorker-1: Calling delphi to calculate conformer (268/591) GLU01A0355_001 in /tmp/pbe_data.data.home.granepura.5-Kinases.Kinases_MCCE.Trial01.run_apo.2HYY_GLU01A0355_001
ForkPoolWorker-1: Calling delphi to calculate conformer (269/591) GLU01A0355_002 in /tmp/pbe_data.data.home.granepura.5-Kinases.Kinases_MCCE.Trial01.run_apo.2HYY_GLU01A0355_002
ForkPoolWorker-1: Calling delphi to calculate conformer (270/591) GLU02A0355_003 in /tmp/pbe_data.data.home.granepura.5-Kinases.Kinases_MCCE.Trial01.run_apo.2HYY_GLU02A0355_003
ForkPoolWorker-1: Calling delphi to calculate conformer (271/591) GLU02A0355_004 in /tmp/pbe_data.data.home.granepura.5-Kinases.Kinases_MCCE.Trial01.run_apo.2HYY_GLU02A0355_004
ForkPoolWorker-1: Calling delphi to calculate conformer (272/591) GLU-1A0355_005 in /tmp/pbe_data.data.home.granepura.5-Kinases.Kinases_MCCE.Trial01.run_apo.2HYY_GLU-1A0355_005
ForkPoolWorker-1: Calling delphi to calculate conformer (273/591) LYS01A0356_001 in /tmp/pbe_data.data.home.granepura.5-Kinases.Kinases_MCCE.Trial01.run_apo.2HYY_LYS01A0356_001
ForkPoolWorker-1: Calling delphi to calculate conformer (274/591) LYS01A0356_002 in /tmp/pbe_data.data.home.granepura.5-Kinases.Kinases_MCCE.Trial01.run_apo.2HYY_LYS01A0356_002
ForkPoolWorker-1: Calling delphi to calculate conformer (275/591) LYS+1A0356_003 in /tmp/pbe_data.data.home.granepura.5-Kinases.Kinases_MCCE.Trial01.run_apo.2HYY_LYS+1A0356_003
