ForkPoolWorker-1: Calling delphi to calculate conformer VGH+aA9000_001 in /tmp/pbe_data.data.home.granepura.5-kinases.cof_tpl_mg.run_cof2.4anq_VGH+aA9000_001
ForkPoolWorker-1: Calling delphi to calculate conformer VGH+aA9000_002 in /tmp/pbe_data.data.home.granepura.5-kinases.cof_tpl_mg.run_cof2.4anq_VGH+aA9000_002
ForkPoolWorker-1: Calling delphi to calculate conformer VGH+1A9000_003 in /tmp/pbe_data.data.home.granepura.5-kinases.cof_tpl_mg.run_cof2.4anq_VGH+1A9000_003
ForkPoolWorker-1: Calling delphi to calculate conformer VGH01A9000_004 in /tmp/pbe_data.data.home.granepura.5-kinases.cof_tpl_mg.run_cof2.4anq_VGH01A9000_004
ForkPoolWorker-1: Calling delphi to calculate conformer VGH+2A9000_005 in /tmp/pbe_data.data.home.granepura.5-kinases.cof_tpl_mg.run_cof2.4anq_VGH+2A9000_005
ForkPoolWorker-1: Calling delphi to calculate conformer VGH+aA9000_001 in /tmp/pbe_data.data.home.granepura.5-kinases.cof_tpl_mg.run_cof2.4ANQ_VGH+aA9000_001
ForkPoolWorker-1: Calling delphi to calculate conformer VGH+aA9000_002 in /tmp/pbe_data.data.home.granepura.5-kinases.cof_tpl_mg.run_cof2.4ANQ_VGH+aA9000_002
ForkPoolWorker-1: Calling delphi to calculate conformer VGH+1A9000_003 in /tmp/pbe_data.data.home.granepura.5-kinases.cof_tpl_mg.run_cof2.4ANQ_VGH+1A9000_003
ForkPoolWorker-1: Calling delphi to calculate conformer VGH01A9000_004 in /tmp/pbe_data.data.home.granepura.5-kinases.cof_tpl_mg.run_cof2.4ANQ_VGH01A9000_004
ForkPoolWorker-1: Calling delphi to calculate conformer VGH+2A9000_005 in /tmp/pbe_data.data.home.granepura.5-kinases.cof_tpl_mg.run_cof2.4ANQ_VGH+2A9000_005
ForkPoolWorker-1: Calling delphi to calculate conformer VGH+aA9000_001 in /tmp/pbe_data.data.home.granepura.5-kinases.cof_tpl_mg.run_cof2.4ANQ_VGH+aA9000_001
ForkPoolWorker-1: Calling delphi to calculate conformer VGH+aA9000_002 in /tmp/pbe_data.data.home.granepura.5-kinases.cof_tpl_mg.run_cof2.4ANQ_VGH+aA9000_002
ForkPoolWorker-1: Calling delphi to calculate conformer VGH+1A9000_003 in /tmp/pbe_data.data.home.granepura.5-kinases.cof_tpl_mg.run_cof2.4ANQ_VGH+1A9000_003
ForkPoolWorker-1: Calling delphi to calculate conformer VGH01A9000_004 in /tmp/pbe_data.data.home.granepura.5-kinases.cof_tpl_mg.run_cof2.4ANQ_VGH01A9000_004
ForkPoolWorker-1: Calling delphi to calculate conformer VGH+2A9000_005 in /tmp/pbe_data.data.home.granepura.5-kinases.cof_tpl_mg.run_cof2.4ANQ_VGH+2A9000_005
ForkPoolWorker-1: Calling delphi to calculate conformer VGH+aA9000_001 in /tmp/pbe_data.data.home.granepura.5-kinases.cof_tpl_mg.run_cof2.4ANQ_VGH+aA9000_001
ForkPoolWorker-1: Calling delphi to calculate conformer VGH+aA9000_002 in /tmp/pbe_data.data.home.granepura.5-kinases.cof_tpl_mg.run_cof2.4ANQ_VGH+aA9000_002
ForkPoolWorker-1: Calling delphi to calculate conformer VGH+1A9000_003 in /tmp/pbe_data.data.home.granepura.5-kinases.cof_tpl_mg.run_cof2.4ANQ_VGH+1A9000_003
ForkPoolWorker-1: Calling delphi to calculate conformer VGH01A9000_004 in /tmp/pbe_data.data.home.granepura.5-kinases.cof_tpl_mg.run_cof2.4ANQ_VGH01A9000_004
ForkPoolWorker-1: Calling delphi to calculate conformer VGH+2A9000_005 in /tmp/pbe_data.data.home.granepura.5-kinases.cof_tpl_mg.run_cof2.4ANQ_VGH+2A9000_005
ForkPoolWorker-1: Calling delphi to calculate conformer VGH+aA9000_001 in /tmp/pbe_data.data.home.granepura.5-kinases.cof_tpl_mg.run_cof2.4ANQ_VGH+aA9000_001
ForkPoolWorker-1: Calling delphi to calculate conformer VGH+aA9000_002 in /tmp/pbe_data.data.home.granepura.5-kinases.cof_tpl_mg.run_cof2.4ANQ_VGH+aA9000_002
ForkPoolWorker-1: Calling delphi to calculate conformer VGH+1A9000_003 in /tmp/pbe_data.data.home.granepura.5-kinases.cof_tpl_mg.run_cof2.4ANQ_VGH+1A9000_003
ForkPoolWorker-1: Calling delphi to calculate conformer VGH01A9000_004 in /tmp/pbe_data.data.home.granepura.5-kinases.cof_tpl_mg.run_cof2.4ANQ_VGH01A9000_004
ForkPoolWorker-1: Calling delphi to calculate conformer VGH+2A9000_005 in /tmp/pbe_data.data.home.granepura.5-kinases.cof_tpl_mg.run_cof2.4ANQ_VGH+2A9000_005
ForkPoolWorker-1: Calling delphi to calculate conformer VGH+aA9000_001 in /tmp/pbe_data.data.home.granepura.5-kinases.cof_tpl_mg.run_cof2.4ANQ_VGH+aA9000_001
ForkPoolWorker-1: Calling delphi to calculate conformer VGH+aA9000_002 in /tmp/pbe_data.data.home.granepura.5-kinases.cof_tpl_mg.run_cof2.4ANQ_VGH+aA9000_002
ForkPoolWorker-1: Calling delphi to calculate conformer VGH+1A9000_003 in /tmp/pbe_data.data.home.granepura.5-kinases.cof_tpl_mg.run_cof2.4ANQ_VGH+1A9000_003
ForkPoolWorker-1: Calling delphi to calculate conformer VGH01A9000_004 in /tmp/pbe_data.data.home.granepura.5-kinases.cof_tpl_mg.run_cof2.4ANQ_VGH01A9000_004
ForkPoolWorker-1: Calling delphi to calculate conformer VGH+2A9000_005 in /tmp/pbe_data.data.home.granepura.5-kinases.cof_tpl_mg.run_cof2.4ANQ_VGH+2A9000_005
ForkPoolWorker-1: Calling delphi to calculate conformer (1/5) VGH+aA9000_001 in /tmp/pbe_data.data.home.schowdhury.Project_kinases.cof_tpl_mg.run_cof2.4ANQ_VGH+aA9000_001
ForkPoolWorker-1: Calling delphi to calculate conformer (2/5) VGH+aA9000_002 in /tmp/pbe_data.data.home.schowdhury.Project_kinases.cof_tpl_mg.run_cof2.4ANQ_VGH+aA9000_002
ForkPoolWorker-1: Calling delphi to calculate conformer (3/5) VGH+1A9000_003 in /tmp/pbe_data.data.home.schowdhury.Project_kinases.cof_tpl_mg.run_cof2.4ANQ_VGH+1A9000_003
ForkPoolWorker-1: Calling delphi to calculate conformer (4/5) VGH01A9000_004 in /tmp/pbe_data.data.home.schowdhury.Project_kinases.cof_tpl_mg.run_cof2.4ANQ_VGH01A9000_004
ForkPoolWorker-1: Calling delphi to calculate conformer (5/5) VGH+2A9000_005 in /tmp/pbe_data.data.home.schowdhury.Project_kinases.cof_tpl_mg.run_cof2.4ANQ_VGH+2A9000_005
