2025-07-16 18:25:22 - INFO: pdbio_gr, <module>: Step 3. Energies calculation with PBE solver.
2025-07-16 18:25:22 - INFO: pdbio_gr, <module>: Calling new VDW....No Scaling Applied
2025-07-16 18:25:22 - INFO: pdbio_gr, <module>:    Process run time options & convert step2_out.pdb.
2025-07-16 18:25:22 - INFO: pdbio_gr, load_ftpl: Reading parameters from /home/granepura/MCCE4/param
2025-07-16 18:25:22 - INFO: pdbio_gr, load_ftpl: Updating vdw parameters from /data/home/granepura/MCCE4/param/00always_needed.tpl
2025-07-16 18:25:22 - INFO: pdbio_gr, load_ftpl: Loading TORSION parameters from /data/home/granepura/MCCE4/param/00always_needed.tpl
2025-07-16 18:25:22 - INFO: pdbio_gr, <module>:    Prepare input for PB solver.
2025-07-16 18:25:22 - INFO: pdbio_gr, <module>:    Time needed: 0 seconds.
2025-07-16 18:25:22 - INFO: pdbio_gr, <module>:    Time needed: 0 seconds.
2025-07-16 18:25:22 - INFO: pdbio_gr, <module>:    Set up parallel envrionment and run PB solver.
2025-07-16 18:25:22 - INFO: pdbio_gr, <module>:    Running PBE solver in 1 threads
2025-07-16 18:25:22 - INFO: pdbio_gr, pbe: ForkPoolWorker-1: Calling delphi to calculate conformer MI101A1125_001
2025-07-16 18:25:23 - INFO: pdbio_gr, pbe: ForkPoolWorker-1: Calling delphi to calculate conformer MI101A1125_002
2025-07-16 18:25:24 - INFO: pdbio_gr, pbe: ForkPoolWorker-1: Calling delphi to calculate conformer MI101A1125_003
2025-07-16 18:25:24 - INFO: pdbio_gr, pbe: ForkPoolWorker-1: Calling delphi to calculate conformer MI101A1125_004
2025-07-16 18:25:25 - INFO: pdbio_gr, pbe: ForkPoolWorker-1: Calling delphi to calculate conformer MI101A1125_005
2025-07-16 18:25:26 - INFO: pdbio_gr, pbe: ForkPoolWorker-1: Calling delphi to calculate conformer MI101A1125_006
2025-07-16 18:25:26 - INFO: pdbio_gr, pbe: ForkPoolWorker-1: Calling delphi to calculate conformer MI101A1125_007
2025-07-16 18:25:27 - INFO: pdbio_gr, pbe: ForkPoolWorker-1: Calling delphi to calculate conformer MI101A1125_008
2025-07-16 18:25:28 - INFO: pdbio_gr, pbe: ForkPoolWorker-1: Calling delphi to calculate conformer MI1+1A1125_009
2025-07-16 18:25:28 - INFO: pdbio_gr, pbe: ForkPoolWorker-1: Calling delphi to calculate conformer MI1+1A1125_010
2025-07-16 18:25:29 - INFO: pdbio_gr, pbe: ForkPoolWorker-1: Calling delphi to calculate conformer MI1+1A1125_011
2025-07-16 18:25:29 - INFO: pdbio_gr, pbe: ForkPoolWorker-1: Calling delphi to calculate conformer MI1+1A1125_012
2025-07-16 18:25:30 - INFO: pdbio_gr, pbe: ForkPoolWorker-1: Calling delphi to calculate conformer MI1+1A1125_013
2025-07-16 18:25:31 - INFO: pdbio_gr, pbe: ForkPoolWorker-1: Calling delphi to calculate conformer MI1+1A1125_014
2025-07-16 18:25:31 - INFO: pdbio_gr, pbe: ForkPoolWorker-1: Calling delphi to calculate conformer MI1+1A1125_015
2025-07-16 18:25:32 - INFO: pdbio_gr, pbe: ForkPoolWorker-1: Calling delphi to calculate conformer MI1+1A1125_016
2025-07-16 18:25:33 - INFO: pdbio_gr, <module>:    Time needed: 10 seconds.
2025-07-16 18:25:33 - INFO: pdbio_gr, <module>:    Post-processing of electrostatic potential.
2025-07-16 18:25:33 - INFO: pdbio_gr, <module>:    Processing ele pairwise interaction...
2025-07-16 18:25:33 - INFO: pdbio_gr, <module>:    Time needed: 0 seconds.
2025-07-16 18:25:33 - INFO: pdbio_gr, <module>:    Making atom connectivity ...
2025-07-16 18:25:33 - INFO: pdbio_gr, <module>:    Time needed: 0 seconds.
2025-07-16 18:25:33 - INFO: pdbio_gr, <module>:    Calculating vdw ...
2025-07-16 18:25:33 - INFO: pdbio_gr, <module>:    Time needed: 0 seconds.
2025-07-16 18:25:33 - INFO: pdbio_gr, <module>:    Calculating torsion energy ...
2025-07-16 18:25:33 - INFO: pdbio_gr, <module>:    Time needed: 0 seconds.
2025-07-16 18:25:33 - INFO: pdbio_gr, <module>:    Composing head3.lst ...
2025-07-16 18:25:33 - INFO: pdbio_gr, <module>:    Time needed: 0 seconds.
2025-07-16 18:25:33 - INFO: pdbio_gr, <module>:    Composing opp files ...
2025-07-16 18:25:33 - INFO: pdbio_gr, <module>:    Time needed: 0 seconds.
2025-07-16 18:25:33 - INFO: pdbio_gr, <module>:    Total time for step3 is 10 seconds.
2025-07-17 16:04:11 - INFO: pdbio_gr, <module>: Step 3. Energies calculation with PBE solver.
2025-07-17 16:04:11 - INFO: pdbio_gr, <module>: Calling new VDW....No Scaling Applied
2025-07-17 16:04:11 - INFO: pdbio_gr, <module>:    Process run time options & convert step2_out.pdb.
2025-07-17 16:04:11 - INFO: pdbio_gr, load_ftpl: Reading parameters from /home/granepura/MCCE4/param
2025-07-17 16:04:11 - INFO: pdbio_gr, load_ftpl: Updating vdw parameters from /data/home/granepura/MCCE4/param/00always_needed.tpl
2025-07-17 16:04:11 - INFO: pdbio_gr, load_ftpl: Loading TORSION parameters from /data/home/granepura/MCCE4/param/00always_needed.tpl
2025-07-17 16:04:11 - INFO: pdbio_gr, <module>:    Prepare input for PB solver.
2025-07-17 16:04:11 - INFO: pdbio_gr, <module>:    Time needed: 0 seconds.
2025-07-17 16:04:11 - INFO: pdbio_gr, <module>:    Time needed: 0 seconds.
2025-07-17 16:04:11 - INFO: pdbio_gr, <module>:    Set up parallel envrionment and run PB solver.
2025-07-17 16:04:11 - INFO: pdbio_gr, <module>:    Running PBE solver in 1 threads
2025-07-17 16:04:11 - INFO: pdbio_gr, pbe: ForkPoolWorker-1: Calling delphi to calculate conformer MI101A1125_001
2025-07-17 16:04:11 - INFO: pdbio_gr, pbe: ForkPoolWorker-1: Calling delphi to calculate conformer MI101A1125_002
2025-07-17 16:04:12 - INFO: pdbio_gr, pbe: ForkPoolWorker-1: Calling delphi to calculate conformer MI101A1125_003
2025-07-17 16:04:13 - INFO: pdbio_gr, pbe: ForkPoolWorker-1: Calling delphi to calculate conformer MI101A1125_004
2025-07-17 16:04:14 - INFO: pdbio_gr, pbe: ForkPoolWorker-1: Calling delphi to calculate conformer MI101A1125_005
2025-07-17 16:04:14 - INFO: pdbio_gr, pbe: ForkPoolWorker-1: Calling delphi to calculate conformer MI101A1125_006
2025-07-17 16:04:15 - INFO: pdbio_gr, pbe: ForkPoolWorker-1: Calling delphi to calculate conformer MI101A1125_007
2025-07-17 16:04:16 - INFO: pdbio_gr, pbe: ForkPoolWorker-1: Calling delphi to calculate conformer MI101A1125_008
2025-07-17 16:04:16 - INFO: pdbio_gr, pbe: ForkPoolWorker-1: Calling delphi to calculate conformer MI1+1A1125_009
2025-07-17 16:04:17 - INFO: pdbio_gr, pbe: ForkPoolWorker-1: Calling delphi to calculate conformer MI1+1A1125_010
2025-07-17 16:04:17 - INFO: pdbio_gr, pbe: ForkPoolWorker-1: Calling delphi to calculate conformer MI1+1A1125_011
2025-07-17 16:04:18 - INFO: pdbio_gr, pbe: ForkPoolWorker-1: Calling delphi to calculate conformer MI1+1A1125_012
2025-07-17 16:04:19 - INFO: pdbio_gr, pbe: ForkPoolWorker-1: Calling delphi to calculate conformer MI1+1A1125_013
2025-07-17 16:04:19 - INFO: pdbio_gr, pbe: ForkPoolWorker-1: Calling delphi to calculate conformer MI1+1A1125_014
2025-07-17 16:04:20 - INFO: pdbio_gr, pbe: ForkPoolWorker-1: Calling delphi to calculate conformer MI1+1A1125_015
2025-07-17 16:04:21 - INFO: pdbio_gr, pbe: ForkPoolWorker-1: Calling delphi to calculate conformer MI1+1A1125_016
2025-07-17 16:04:21 - INFO: pdbio_gr, <module>:    Time needed: 10 seconds.
2025-07-17 16:04:21 - INFO: pdbio_gr, <module>:    Post-processing of electrostatic potential.
2025-07-17 16:04:21 - INFO: pdbio_gr, <module>:    Processing ele pairwise interaction...
2025-07-17 16:04:21 - INFO: pdbio_gr, <module>:    Time needed: 0 seconds.
2025-07-17 16:04:21 - INFO: pdbio_gr, <module>:    Making atom connectivity ...
2025-07-17 16:04:21 - INFO: pdbio_gr, <module>:    Time needed: 0 seconds.
2025-07-17 16:04:21 - INFO: pdbio_gr, <module>:    Calculating vdw ...
2025-07-17 16:04:21 - INFO: pdbio_gr, <module>:    Time needed: 0 seconds.
2025-07-17 16:04:21 - INFO: pdbio_gr, <module>:    Calculating torsion energy ...
2025-07-17 16:04:21 - INFO: pdbio_gr, <module>:    Time needed: 0 seconds.
2025-07-17 16:04:21 - INFO: pdbio_gr, <module>:    Composing head3.lst ...
2025-07-17 16:04:21 - INFO: pdbio_gr, <module>:    Time needed: 0 seconds.
2025-07-17 16:04:21 - INFO: pdbio_gr, <module>:    Composing opp files ...
2025-07-17 16:04:21 - INFO: pdbio_gr, <module>:    Time needed: 0 seconds.
2025-07-17 16:04:21 - INFO: pdbio_gr, <module>:    Total time for step3 is 10 seconds.
2025-07-18 19:13:27 - INFO: pdbio_gr, <module>: Step 3. Energies calculation with PBE solver.
2025-07-18 19:13:27 - INFO: pdbio_gr, <module>: Calling new VDW....No Scaling Applied
2025-07-18 19:13:27 - INFO: pdbio_gr, <module>:    Process run time options & convert step2_out.pdb.
2025-07-18 19:13:27 - INFO: pdbio_gr, load_ftpl: Reading parameters from /home/granepura/MCCE4/param
2025-07-18 19:13:27 - INFO: pdbio_gr, load_ftpl: Updating vdw parameters from /data/home/granepura/MCCE4/param/00always_needed.tpl
2025-07-18 19:13:27 - INFO: pdbio_gr, load_ftpl: Loading TORSION parameters from /data/home/granepura/MCCE4/param/00always_needed.tpl
2025-07-18 19:13:27 - INFO: pdbio_gr, <module>:    Prepare input for PB solver.
2025-07-18 19:13:27 - INFO: pdbio_gr, <module>:    Time needed: 0 seconds.
2025-07-18 19:13:28 - INFO: pdbio_gr, <module>:    Time needed: 1 seconds.
2025-07-18 19:13:28 - INFO: pdbio_gr, <module>:    Set up parallel envrionment and run PB solver.
2025-07-18 19:13:28 - INFO: pdbio_gr, <module>:    Running PBE solver in 1 threads
2025-07-18 19:13:28 - INFO: pdbio_gr, pbe: ForkPoolWorker-1: Calling ngpb to calculate conformer MI101A1125_001
2025-07-18 19:13:28 - INFO: pdbio_gr, pbe: ForkPoolWorker-2: Calling ngpb to calculate conformer MI101A1125_002
2025-07-18 19:13:28 - INFO: pdbio_gr, pbe: ForkPoolWorker-3: Calling ngpb to calculate conformer MI101A1125_003
2025-07-18 19:13:28 - INFO: pdbio_gr, pbe: ForkPoolWorker-4: Calling ngpb to calculate conformer MI101A1125_004
2025-07-18 19:13:28 - INFO: pdbio_gr, pbe: ForkPoolWorker-5: Calling ngpb to calculate conformer MI101A1125_005
2025-07-18 19:13:28 - INFO: pdbio_gr, pbe: ForkPoolWorker-6: Calling ngpb to calculate conformer MI101A1125_006
2025-07-18 19:13:28 - INFO: pdbio_gr, pbe: ForkPoolWorker-7: Calling ngpb to calculate conformer MI101A1125_007
2025-07-18 19:13:28 - INFO: pdbio_gr, pbe: ForkPoolWorker-8: Calling ngpb to calculate conformer MI101A1125_008
2025-07-18 19:13:28 - INFO: pdbio_gr, pbe: ForkPoolWorker-9: Calling ngpb to calculate conformer MI1+1A1125_009
2025-07-18 19:13:28 - INFO: pdbio_gr, pbe: ForkPoolWorker-10: Calling ngpb to calculate conformer MI1+1A1125_010
2025-07-18 19:13:29 - INFO: pdbio_gr, pbe: ForkPoolWorker-11: Calling ngpb to calculate conformer MI1+1A1125_011
2025-07-18 19:13:29 - INFO: pdbio_gr, pbe: ForkPoolWorker-12: Calling ngpb to calculate conformer MI1+1A1125_012
2025-07-18 19:13:29 - INFO: pdbio_gr, pbe: ForkPoolWorker-13: Calling ngpb to calculate conformer MI1+1A1125_013
2025-07-18 19:13:29 - INFO: pdbio_gr, pbe: ForkPoolWorker-14: Calling ngpb to calculate conformer MI1+1A1125_014
2025-07-18 19:13:29 - INFO: pdbio_gr, pbe: ForkPoolWorker-15: Calling ngpb to calculate conformer MI1+1A1125_015
2025-07-18 19:13:29 - INFO: pdbio_gr, pbe: ForkPoolWorker-16: Calling ngpb to calculate conformer MI1+1A1125_016
2025-07-18 19:13:58 - ERROR: pdbio_gr, <module>: Task 0 timed out
2025-07-18 19:14:28 - ERROR: pdbio_gr, <module>: Task 1 timed out
2025-07-18 19:14:58 - ERROR: pdbio_gr, <module>: Task 2 timed out
2025-07-18 19:15:28 - ERROR: pdbio_gr, <module>: Task 3 timed out
2025-07-18 19:15:58 - ERROR: pdbio_gr, <module>: Task 4 timed out
2025-07-18 19:16:28 - ERROR: pdbio_gr, <module>: Task 5 timed out
2025-07-18 19:16:58 - ERROR: pdbio_gr, <module>: Task 6 timed out
2025-07-18 19:17:28 - ERROR: pdbio_gr, <module>: Task 7 timed out
2025-07-18 19:17:58 - ERROR: pdbio_gr, <module>: Task 8 timed out
2025-07-18 19:18:28 - ERROR: pdbio_gr, <module>: Task 9 timed out
2025-07-18 19:18:58 - ERROR: pdbio_gr, <module>: Task 10 timed out
2025-07-18 19:19:28 - ERROR: pdbio_gr, <module>: Task 11 timed out
2025-07-18 19:19:58 - ERROR: pdbio_gr, <module>: Task 12 timed out
2025-07-18 19:20:28 - ERROR: pdbio_gr, <module>: Task 13 timed out
2025-07-18 19:20:58 - ERROR: pdbio_gr, <module>: Task 14 timed out
2025-07-18 19:21:28 - ERROR: pdbio_gr, <module>: Task 15 timed out
2025-07-18 19:21:28 - WARNING: pdbio_gr, <module>:     Error PBE solving on ['[ERROR] Task timed out', '[ERROR] Task timed out', '[ERROR] Task timed out', '[ERROR] Task timed out', '[ERROR] Task timed out', '[ERROR] Task timed out', '[ERROR] Task timed out', '[ERROR] Task timed out', '[ERROR] Task timed out', '[ERROR] Task timed out', '[ERROR] Task timed out', '[ERROR] Task timed out', '[ERROR] Task timed out', '[ERROR] Task timed out', '[ERROR] Task timed out', '[ERROR] Task timed out']
2025-07-18 19:21:28 - INFO: pdbio_gr, <module>:    Time needed: 480 seconds.
2025-07-18 19:21:28 - INFO: pdbio_gr, <module>:    Post-processing of electrostatic potential.
2025-07-18 19:21:28 - INFO: pdbio_gr, <module>:    Processing ele pairwise interaction...
2025-07-18 19:21:28 - INFO: pdbio_gr, <module>:    Time needed: 0 seconds.
2025-07-18 19:21:28 - INFO: pdbio_gr, <module>:    Making atom connectivity ...
2025-07-18 19:21:28 - INFO: pdbio_gr, <module>:    Time needed: 0 seconds.
2025-07-18 19:21:28 - INFO: pdbio_gr, <module>:    Calculating vdw ...
2025-07-18 19:21:28 - INFO: pdbio_gr, <module>:    Time needed: 0 seconds.
2025-07-18 19:21:28 - INFO: pdbio_gr, <module>:    Calculating torsion energy ...
2025-07-18 19:21:28 - INFO: pdbio_gr, <module>:    Time needed: 0 seconds.
2025-07-18 19:21:28 - INFO: pdbio_gr, <module>:    Composing head3.lst ...
2025-07-18 19:21:28 - INFO: pdbio_gr, <module>:    Time needed: 0 seconds.
2025-07-18 19:21:28 - INFO: pdbio_gr, <module>:    Composing opp files ...
2025-07-18 19:21:28 - INFO: pdbio_gr, <module>:    Time needed: 0 seconds.
2025-07-18 19:21:28 - INFO: pdbio_gr, <module>:    Total time for step3 is 481 seconds.
2025-07-18 19:26:19 - INFO: pdbio_gr, <module>: Step 3. Energies calculation with PBE solver.
2025-07-18 19:26:19 - INFO: pdbio_gr, <module>: Calling new VDW....No Scaling Applied
2025-07-18 19:26:19 - INFO: pdbio_gr, <module>:    Process run time options & convert step2_out.pdb.
2025-07-18 19:26:19 - INFO: pdbio_gr, load_ftpl: Reading parameters from /home/granepura/MCCE4/param
2025-07-18 19:26:19 - INFO: pdbio_gr, load_ftpl: Updating vdw parameters from /data/home/granepura/MCCE4/param/00always_needed.tpl
2025-07-18 19:26:19 - INFO: pdbio_gr, load_ftpl: Loading TORSION parameters from /data/home/granepura/MCCE4/param/00always_needed.tpl
2025-07-18 19:26:19 - INFO: pdbio_gr, <module>:    Prepare input for PB solver.
2025-07-18 19:26:19 - INFO: pdbio_gr, <module>:    Time needed: 0 seconds.
2025-07-18 19:26:20 - INFO: pdbio_gr, <module>:    Time needed: 1 seconds.
2025-07-18 19:26:20 - INFO: pdbio_gr, <module>:    Set up parallel envrionment and run PB solver.
2025-07-18 19:26:20 - INFO: pdbio_gr, <module>:    Running PBE solver in 1 threads
2025-07-18 19:26:20 - INFO: pdbio_gr, pbe: ForkPoolWorker-1: Calling ngpb to calculate conformer MI101A1125_001
2025-07-18 19:26:20 - INFO: pdbio_gr, pbe: ForkPoolWorker-2: Calling ngpb to calculate conformer MI101A1125_002
2025-07-18 19:26:20 - INFO: pdbio_gr, pbe: ForkPoolWorker-3: Calling ngpb to calculate conformer MI101A1125_003
2025-07-18 19:26:21 - INFO: pdbio_gr, pbe: ForkPoolWorker-4: Calling ngpb to calculate conformer MI101A1125_004
2025-07-18 19:26:21 - INFO: pdbio_gr, pbe: ForkPoolWorker-5: Calling ngpb to calculate conformer MI101A1125_005
2025-07-18 19:26:21 - INFO: pdbio_gr, pbe: ForkPoolWorker-6: Calling ngpb to calculate conformer MI101A1125_006
2025-07-18 19:26:21 - INFO: pdbio_gr, pbe: ForkPoolWorker-7: Calling ngpb to calculate conformer MI101A1125_007
2025-07-18 19:26:21 - INFO: pdbio_gr, pbe: ForkPoolWorker-8: Calling ngpb to calculate conformer MI101A1125_008
2025-07-18 19:26:21 - INFO: pdbio_gr, pbe: ForkPoolWorker-9: Calling ngpb to calculate conformer MI1+1A1125_009
2025-07-18 19:26:21 - INFO: pdbio_gr, pbe: ForkPoolWorker-10: Calling ngpb to calculate conformer MI1+1A1125_010
2025-07-18 19:26:21 - INFO: pdbio_gr, pbe: ForkPoolWorker-11: Calling ngpb to calculate conformer MI1+1A1125_011
2025-07-18 19:26:21 - INFO: pdbio_gr, pbe: ForkPoolWorker-12: Calling ngpb to calculate conformer MI1+1A1125_012
2025-07-18 19:26:21 - INFO: pdbio_gr, pbe: ForkPoolWorker-13: Calling ngpb to calculate conformer MI1+1A1125_013
2025-07-18 19:26:21 - INFO: pdbio_gr, pbe: ForkPoolWorker-14: Calling ngpb to calculate conformer MI1+1A1125_014
2025-07-18 19:26:21 - INFO: pdbio_gr, pbe: ForkPoolWorker-15: Calling ngpb to calculate conformer MI1+1A1125_015
2025-07-18 19:26:21 - INFO: pdbio_gr, pbe: ForkPoolWorker-16: Calling ngpb to calculate conformer MI1+1A1125_016
2025-07-18 19:26:50 - ERROR: pdbio_gr, <module>: Task 0 timed out
2025-07-18 19:27:20 - ERROR: pdbio_gr, <module>: Task 1 timed out
2025-07-18 19:27:50 - ERROR: pdbio_gr, <module>: Task 2 timed out
2025-07-18 19:28:20 - ERROR: pdbio_gr, <module>: Task 3 timed out
2025-07-18 19:28:50 - ERROR: pdbio_gr, <module>: Task 4 timed out
2025-07-18 19:29:20 - ERROR: pdbio_gr, <module>: Task 5 timed out
2025-07-18 19:29:50 - ERROR: pdbio_gr, <module>: Task 6 timed out
2025-07-18 19:30:20 - ERROR: pdbio_gr, <module>: Task 7 timed out
2025-07-18 19:30:50 - ERROR: pdbio_gr, <module>: Task 8 timed out
2025-07-18 19:31:20 - ERROR: pdbio_gr, <module>: Task 9 timed out
2025-07-18 19:31:50 - ERROR: pdbio_gr, <module>: Task 10 timed out
2025-07-18 19:32:20 - ERROR: pdbio_gr, <module>: Task 11 timed out
2025-07-18 19:32:50 - ERROR: pdbio_gr, <module>: Task 12 timed out
2025-07-18 19:35:31 - INFO: pdbio_gr, <module>: Step 3. Energies calculation with PBE solver.
2025-07-18 19:35:31 - INFO: pdbio_gr, <module>: Calling new VDW....No Scaling Applied
2025-07-18 19:35:31 - INFO: pdbio_gr, <module>:    Process run time options & convert step2_out.pdb.
2025-07-18 19:35:31 - INFO: pdbio_gr, load_ftpl: Reading parameters from /home/granepura/MCCE4/param
2025-07-18 19:35:31 - INFO: pdbio_gr, load_ftpl: Updating vdw parameters from /data/home/granepura/MCCE4/param/00always_needed.tpl
2025-07-18 19:35:31 - INFO: pdbio_gr, load_ftpl: Loading TORSION parameters from /data/home/granepura/MCCE4/param/00always_needed.tpl
2025-07-18 19:35:31 - INFO: pdbio_gr, <module>:    Prepare input for PB solver.
2025-07-18 19:35:31 - INFO: pdbio_gr, <module>:    Time needed: 0 seconds.
2025-07-18 19:35:32 - INFO: pdbio_gr, <module>:    Time needed: 1 seconds.
2025-07-18 19:35:32 - INFO: pdbio_gr, <module>:    Set up parallel envrionment and run PB solver.
2025-07-18 19:35:32 - INFO: pdbio_gr, <module>:    Running PBE solver in 1 threads
2025-07-18 19:35:32 - INFO: pdbio_gr, pbe: ForkPoolWorker-1: Calling ngpb to calculate conformer MI101A1125_001
2025-07-18 19:35:32 - INFO: pdbio_gr, pbe: ForkPoolWorker-2: Calling ngpb to calculate conformer MI101A1125_002
2025-07-18 19:35:32 - INFO: pdbio_gr, pbe: ForkPoolWorker-3: Calling ngpb to calculate conformer MI101A1125_003
2025-07-18 19:35:32 - INFO: pdbio_gr, pbe: ForkPoolWorker-4: Calling ngpb to calculate conformer MI101A1125_004
2025-07-18 19:35:32 - INFO: pdbio_gr, pbe: ForkPoolWorker-5: Calling ngpb to calculate conformer MI101A1125_005
2025-07-18 19:35:32 - INFO: pdbio_gr, pbe: ForkPoolWorker-6: Calling ngpb to calculate conformer MI101A1125_006
2025-07-18 19:35:32 - INFO: pdbio_gr, pbe: ForkPoolWorker-7: Calling ngpb to calculate conformer MI101A1125_007
2025-07-18 19:35:32 - INFO: pdbio_gr, pbe: ForkPoolWorker-8: Calling ngpb to calculate conformer MI101A1125_008
2025-07-18 19:35:32 - INFO: pdbio_gr, pbe: ForkPoolWorker-9: Calling ngpb to calculate conformer MI1+1A1125_009
2025-07-18 19:35:32 - INFO: pdbio_gr, pbe: ForkPoolWorker-10: Calling ngpb to calculate conformer MI1+1A1125_010
2025-07-18 19:35:32 - INFO: pdbio_gr, pbe: ForkPoolWorker-11: Calling ngpb to calculate conformer MI1+1A1125_011
2025-07-18 19:35:32 - INFO: pdbio_gr, pbe: ForkPoolWorker-12: Calling ngpb to calculate conformer MI1+1A1125_012
2025-07-18 19:35:32 - INFO: pdbio_gr, pbe: ForkPoolWorker-13: Calling ngpb to calculate conformer MI1+1A1125_013
2025-07-18 19:35:32 - INFO: pdbio_gr, pbe: ForkPoolWorker-14: Calling ngpb to calculate conformer MI1+1A1125_014
2025-07-18 19:35:32 - INFO: pdbio_gr, pbe: ForkPoolWorker-15: Calling ngpb to calculate conformer MI1+1A1125_015
2025-07-18 19:35:32 - INFO: pdbio_gr, pbe: ForkPoolWorker-16: Calling ngpb to calculate conformer MI1+1A1125_016
2025-07-18 19:36:02 - ERROR: pdbio_gr, <module>: Task 0 timed out
2025-07-18 19:36:32 - ERROR: pdbio_gr, <module>: Task 1 timed out
2025-07-18 19:37:02 - ERROR: pdbio_gr, <module>: Task 2 timed out
2025-07-18 19:37:32 - ERROR: pdbio_gr, <module>: Task 3 timed out
2025-07-18 19:38:02 - ERROR: pdbio_gr, <module>: Task 4 timed out
2025-07-18 19:38:32 - ERROR: pdbio_gr, <module>: Task 5 timed out
2025-07-18 20:10:39 - INFO: pdbio_gr, <module>: Step 3. Energies calculation with PBE solver.
2025-07-18 20:10:39 - INFO: pdbio_gr, <module>: Calling new VDW....No Scaling Applied
2025-07-18 20:10:39 - INFO: pdbio_gr, <module>:    Process run time options & convert step2_out.pdb.
2025-07-18 20:10:39 - INFO: pdbio_gr, load_ftpl: Reading parameters from /home/granepura/MCCE4/param
2025-07-18 20:10:39 - INFO: pdbio_gr, load_ftpl: Updating vdw parameters from /data/home/granepura/MCCE4/param/00always_needed.tpl
2025-07-18 20:10:39 - INFO: pdbio_gr, load_ftpl: Loading TORSION parameters from /data/home/granepura/MCCE4/param/00always_needed.tpl
2025-07-18 20:10:39 - INFO: pdbio_gr, <module>:    Prepare input for PB solver.
2025-07-18 20:10:39 - INFO: pdbio_gr, <module>:    Time needed: 0 seconds.
2025-07-18 20:10:39 - INFO: pdbio_gr, <module>:    Time needed: 0 seconds.
2025-07-18 20:10:39 - INFO: pdbio_gr, <module>:    Set up parallel envrionment and run PB solver.
2025-07-18 20:10:39 - INFO: pdbio_gr, <module>:    Running PBE solver in 1 threads
2025-07-18 20:10:39 - INFO: pdbio_gr, pbe: ForkPoolWorker-1: Calling delphi to calculate conformer MI101A1125_001
2025-07-18 20:10:39 - INFO: pdbio_gr, pbe: ForkPoolWorker-1: Calling delphi to calculate conformer MI101A1125_002
2025-07-18 20:10:40 - INFO: pdbio_gr, pbe: ForkPoolWorker-1: Calling delphi to calculate conformer MI101A1125_003
2025-07-18 20:10:41 - INFO: pdbio_gr, pbe: ForkPoolWorker-1: Calling delphi to calculate conformer MI101A1125_004
2025-07-18 20:10:41 - INFO: pdbio_gr, pbe: ForkPoolWorker-1: Calling delphi to calculate conformer MI101A1125_005
2025-07-18 20:10:42 - INFO: pdbio_gr, pbe: ForkPoolWorker-1: Calling delphi to calculate conformer MI101A1125_006
2025-07-18 20:10:43 - INFO: pdbio_gr, pbe: ForkPoolWorker-1: Calling delphi to calculate conformer MI101A1125_007
2025-07-18 20:10:44 - INFO: pdbio_gr, pbe: ForkPoolWorker-1: Calling delphi to calculate conformer MI101A1125_008
2025-07-18 20:10:44 - INFO: pdbio_gr, pbe: ForkPoolWorker-1: Calling delphi to calculate conformer MI1+1A1125_009
2025-07-18 20:10:45 - INFO: pdbio_gr, pbe: ForkPoolWorker-1: Calling delphi to calculate conformer MI1+1A1125_010
2025-07-18 20:10:46 - INFO: pdbio_gr, pbe: ForkPoolWorker-1: Calling delphi to calculate conformer MI1+1A1125_011
2025-07-18 20:10:46 - INFO: pdbio_gr, pbe: ForkPoolWorker-1: Calling delphi to calculate conformer MI1+1A1125_012
2025-07-18 20:10:47 - INFO: pdbio_gr, pbe: ForkPoolWorker-1: Calling delphi to calculate conformer MI1+1A1125_013
2025-07-18 20:10:47 - INFO: pdbio_gr, pbe: ForkPoolWorker-1: Calling delphi to calculate conformer MI1+1A1125_014
2025-07-18 20:10:48 - INFO: pdbio_gr, pbe: ForkPoolWorker-1: Calling delphi to calculate conformer MI1+1A1125_015
2025-07-18 20:10:49 - INFO: pdbio_gr, pbe: ForkPoolWorker-1: Calling delphi to calculate conformer MI1+1A1125_016
2025-07-18 20:10:49 - INFO: pdbio_gr, <module>:    Time needed: 10 seconds.
2025-07-18 20:10:49 - INFO: pdbio_gr, <module>:    Post-processing of electrostatic potential.
2025-07-18 20:10:49 - INFO: pdbio_gr, <module>:    Processing ele pairwise interaction...
2025-07-18 20:10:49 - INFO: pdbio_gr, <module>:    Time needed: 0 seconds.
2025-07-18 20:10:49 - INFO: pdbio_gr, <module>:    Making atom connectivity ...
2025-07-18 20:10:49 - INFO: pdbio_gr, <module>:    Time needed: 0 seconds.
2025-07-18 20:10:49 - INFO: pdbio_gr, <module>:    Calculating vdw ...
2025-07-18 20:10:50 - INFO: pdbio_gr, <module>:    Time needed: 0 seconds.
2025-07-18 20:10:50 - INFO: pdbio_gr, <module>:    Calculating torsion energy ...
2025-07-18 20:10:50 - INFO: pdbio_gr, <module>:    Time needed: 0 seconds.
2025-07-18 20:10:50 - INFO: pdbio_gr, <module>:    Composing head3.lst ...
2025-07-18 20:10:50 - INFO: pdbio_gr, <module>:    Time needed: 0 seconds.
2025-07-18 20:10:50 - INFO: pdbio_gr, <module>:    Composing opp files ...
2025-07-18 20:10:50 - INFO: pdbio_gr, <module>:    Time needed: 0 seconds.
2025-07-18 20:10:50 - INFO: pdbio_gr, <module>:    Total time for step3 is 10 seconds.
2025-07-18 20:25:51 - INFO: pdbio_gr, <module>: Step 3. Energies calculation with PBE solver.
2025-07-18 20:25:51 - INFO: pdbio_gr, <module>: Calling new VDW....No Scaling Applied
2025-07-18 20:25:51 - INFO: pdbio_gr, <module>:    Process run time options & convert step2_out.pdb.
2025-07-18 20:25:51 - INFO: pdbio_gr, load_ftpl: Reading parameters from /home/granepura/MCCE4/param
2025-07-18 20:25:51 - INFO: pdbio_gr, load_ftpl: Updating vdw parameters from /data/home/granepura/MCCE4/param/00always_needed.tpl
2025-07-18 20:25:51 - INFO: pdbio_gr, load_ftpl: Loading TORSION parameters from /data/home/granepura/MCCE4/param/00always_needed.tpl
2025-07-18 20:25:51 - INFO: pdbio_gr, <module>:    Prepare input for PB solver.
2025-07-18 20:25:51 - INFO: pdbio_gr, <module>:    Time needed: 0 seconds.
2025-07-18 20:25:51 - INFO: pdbio_gr, <module>:    Time needed: 0 seconds.
2025-07-18 20:25:51 - INFO: pdbio_gr, <module>:    Set up parallel envrionment and run PB solver.
2025-07-18 20:25:51 - INFO: pdbio_gr, <module>:    Running PBE solver in 1 threads
2025-07-18 20:25:51 - INFO: pdbio_gr, pbe: ForkPoolWorker-1: Calling delphi to calculate conformer MI101A1125_001
2025-07-18 20:25:51 - INFO: pdbio_gr, pbe: ForkPoolWorker-1: Calling delphi to calculate conformer MI101A1125_002
2025-07-18 20:25:52 - INFO: pdbio_gr, pbe: ForkPoolWorker-1: Calling delphi to calculate conformer MI101A1125_003
2025-07-18 20:25:53 - INFO: pdbio_gr, pbe: ForkPoolWorker-1: Calling delphi to calculate conformer MI101A1125_004
2025-07-18 20:25:53 - INFO: pdbio_gr, pbe: ForkPoolWorker-1: Calling delphi to calculate conformer MI101A1125_005
2025-07-18 20:25:54 - INFO: pdbio_gr, pbe: ForkPoolWorker-1: Calling delphi to calculate conformer MI101A1125_006
2025-07-18 20:25:55 - INFO: pdbio_gr, pbe: ForkPoolWorker-1: Calling delphi to calculate conformer MI101A1125_007
2025-07-18 20:25:56 - INFO: pdbio_gr, pbe: ForkPoolWorker-1: Calling delphi to calculate conformer MI101A1125_008
2025-07-18 20:25:56 - INFO: pdbio_gr, pbe: ForkPoolWorker-1: Calling delphi to calculate conformer MI1+1A1125_009
2025-07-18 20:25:57 - INFO: pdbio_gr, pbe: ForkPoolWorker-1: Calling delphi to calculate conformer MI1+1A1125_010
2025-07-18 20:25:57 - INFO: pdbio_gr, pbe: ForkPoolWorker-1: Calling delphi to calculate conformer MI1+1A1125_011
2025-07-18 20:25:58 - INFO: pdbio_gr, pbe: ForkPoolWorker-1: Calling delphi to calculate conformer MI1+1A1125_012
2025-07-18 20:25:59 - INFO: pdbio_gr, pbe: ForkPoolWorker-1: Calling delphi to calculate conformer MI1+1A1125_013
2025-07-18 20:25:59 - INFO: pdbio_gr, pbe: ForkPoolWorker-1: Calling delphi to calculate conformer MI1+1A1125_014
2025-07-18 20:26:00 - INFO: pdbio_gr, pbe: ForkPoolWorker-1: Calling delphi to calculate conformer MI1+1A1125_015
2025-07-18 20:26:01 - INFO: pdbio_gr, pbe: ForkPoolWorker-1: Calling delphi to calculate conformer MI1+1A1125_016
2025-07-18 20:26:01 - INFO: pdbio_gr, <module>:    Time needed: 10 seconds.
2025-07-18 20:26:01 - INFO: pdbio_gr, <module>:    Post-processing of electrostatic potential.
2025-07-18 20:26:01 - INFO: pdbio_gr, <module>:    Processing ele pairwise interaction...
2025-07-18 20:26:01 - INFO: pdbio_gr, <module>:    Time needed: 0 seconds.
2025-07-18 20:26:01 - INFO: pdbio_gr, <module>:    Making atom connectivity ...
2025-07-18 20:26:01 - INFO: pdbio_gr, <module>:    Time needed: 0 seconds.
2025-07-18 20:26:01 - INFO: pdbio_gr, <module>:    Calculating vdw ...
2025-07-18 20:26:01 - INFO: pdbio_gr, <module>:    Time needed: 0 seconds.
2025-07-18 20:26:01 - INFO: pdbio_gr, <module>:    Calculating torsion energy ...
2025-07-18 20:26:01 - INFO: pdbio_gr, <module>:    Time needed: 0 seconds.
2025-07-18 20:26:01 - INFO: pdbio_gr, <module>:    Composing head3.lst ...
2025-07-18 20:26:01 - INFO: pdbio_gr, <module>:    Time needed: 0 seconds.
2025-07-18 20:26:01 - INFO: pdbio_gr, <module>:    Composing opp files ...
2025-07-18 20:26:01 - INFO: pdbio_gr, <module>:    Time needed: 0 seconds.
2025-07-18 20:26:01 - INFO: pdbio_gr, <module>:    Total time for step3 is 10 seconds.
2025-07-19 11:08:45 - INFO: pdbio_gr, <module>: Step 3. Energies calculation with PBE solver.
2025-07-19 11:08:45 - INFO: pdbio_gr, <module>: Calling new VDW....No Scaling Applied
2025-07-19 11:08:45 - INFO: pdbio_gr, <module>:    Process run time options & convert step2_out.pdb.
2025-07-19 11:08:45 - INFO: pdbio_gr, load_ftpl: Reading parameters from /home/granepura/MCCE4/param
2025-07-19 11:08:45 - INFO: pdbio_gr, load_ftpl: Updating vdw parameters from /data/home/granepura/MCCE4/param/00always_needed.tpl
2025-07-19 11:08:45 - INFO: pdbio_gr, load_ftpl: Loading TORSION parameters from /data/home/granepura/MCCE4/param/00always_needed.tpl
2025-07-19 11:08:45 - INFO: pdbio_gr, <module>:    Prepare input for PB solver.
2025-07-19 11:08:45 - INFO: pdbio_gr, <module>:    Time needed: 0 seconds.
2025-07-19 11:08:45 - INFO: pdbio_gr, <module>:    Time needed: 0 seconds.
2025-07-19 11:08:45 - INFO: pdbio_gr, <module>:    Set up parallel envrionment and run PB solver.
2025-07-19 11:08:45 - INFO: pdbio_gr, <module>:    Running PBE solver in 1 threads
2025-07-19 11:08:45 - INFO: pdbio_gr, pbe: ForkPoolWorker-1: Calling delphi to calculate conformer MI101A1125_001
2025-07-19 11:08:45 - INFO: pdbio_gr, pbe: ForkPoolWorker-1: Calling delphi to calculate conformer MI101A1125_002
2025-07-19 11:08:46 - INFO: pdbio_gr, pbe: ForkPoolWorker-1: Calling delphi to calculate conformer MI101A1125_003
2025-07-19 11:08:47 - INFO: pdbio_gr, pbe: ForkPoolWorker-1: Calling delphi to calculate conformer MI101A1125_004
2025-07-19 11:08:48 - INFO: pdbio_gr, pbe: ForkPoolWorker-1: Calling delphi to calculate conformer MI101A1125_005
2025-07-19 11:08:48 - INFO: pdbio_gr, pbe: ForkPoolWorker-1: Calling delphi to calculate conformer MI101A1125_006
2025-07-19 11:08:49 - INFO: pdbio_gr, pbe: ForkPoolWorker-1: Calling delphi to calculate conformer MI101A1125_007
2025-07-19 11:08:49 - INFO: pdbio_gr, pbe: ForkPoolWorker-1: Calling delphi to calculate conformer MI101A1125_008
2025-07-19 11:08:50 - INFO: pdbio_gr, pbe: ForkPoolWorker-1: Calling delphi to calculate conformer MI1+1A1125_009
2025-07-19 11:08:51 - INFO: pdbio_gr, pbe: ForkPoolWorker-1: Calling delphi to calculate conformer MI1+1A1125_010
2025-07-19 11:08:51 - INFO: pdbio_gr, pbe: ForkPoolWorker-1: Calling delphi to calculate conformer MI1+1A1125_011
2025-07-19 11:08:52 - INFO: pdbio_gr, pbe: ForkPoolWorker-1: Calling delphi to calculate conformer MI1+1A1125_012
2025-07-19 11:08:53 - INFO: pdbio_gr, pbe: ForkPoolWorker-1: Calling delphi to calculate conformer MI1+1A1125_013
2025-07-19 11:08:53 - INFO: pdbio_gr, pbe: ForkPoolWorker-1: Calling delphi to calculate conformer MI1+1A1125_014
2025-07-19 11:08:54 - INFO: pdbio_gr, pbe: ForkPoolWorker-1: Calling delphi to calculate conformer MI1+1A1125_015
2025-07-19 11:08:54 - INFO: pdbio_gr, pbe: ForkPoolWorker-1: Calling delphi to calculate conformer MI1+1A1125_016
2025-07-19 11:08:55 - INFO: pdbio_gr, <module>:    Time needed: 10 seconds.
2025-07-19 11:08:55 - INFO: pdbio_gr, <module>:    Post-processing of electrostatic potential.
2025-07-19 11:08:55 - INFO: pdbio_gr, <module>:    Processing ele pairwise interaction...
2025-07-19 11:08:55 - INFO: pdbio_gr, <module>:    Time needed: 0 seconds.
2025-07-19 11:08:55 - INFO: pdbio_gr, <module>:    Making atom connectivity ...
2025-07-19 11:08:55 - INFO: pdbio_gr, <module>:    Time needed: 0 seconds.
2025-07-19 11:08:55 - INFO: pdbio_gr, <module>:    Calculating vdw ...
2025-07-19 11:08:55 - INFO: pdbio_gr, <module>:    Time needed: 0 seconds.
2025-07-19 11:08:55 - INFO: pdbio_gr, <module>:    Calculating torsion energy ...
2025-07-19 11:08:55 - INFO: pdbio_gr, <module>:    Time needed: 0 seconds.
2025-07-19 11:08:55 - INFO: pdbio_gr, <module>:    Composing head3.lst ...
2025-07-19 11:08:55 - INFO: pdbio_gr, <module>:    Time needed: 0 seconds.
2025-07-19 11:08:55 - INFO: pdbio_gr, <module>:    Composing opp files ...
2025-07-19 11:08:55 - INFO: pdbio_gr, <module>:    Time needed: 0 seconds.
2025-07-19 11:08:55 - INFO: pdbio_gr, <module>:    Total time for step3 is 10 seconds.
2025-08-27 23:37:25 - INFO: pdbio_gr, <module>: Step 3. Energies calculation with PBE solver.
2025-08-27 23:37:25 - INFO: pdbio_gr, <module>: Calling new VDW....No Scaling Applied
2025-08-27 23:37:25 - INFO: pdbio_gr, <module>:    Process run time options & convert step2_out.pdb.
2025-08-27 23:37:25 - INFO: pdbio_gr, load_ftpl: Reading parameters from /home/granepura/MCCE4/param
2025-08-27 23:37:25 - INFO: pdbio_gr, load_ftpl: Updating vdw parameters from /data/home/granepura/MCCE4/param/00always_needed.tpl
2025-08-27 23:37:25 - INFO: pdbio_gr, load_ftpl: Loading TORSION parameters from /data/home/granepura/MCCE4/param/00always_needed.tpl
2025-08-27 23:37:25 - INFO: pdbio_gr, <module>:    Prepare input for PB solver.
2025-08-27 23:37:25 - INFO: pdbio_gr, <module>:    Time needed: 0 seconds.
2025-08-27 23:37:25 - INFO: pdbio_gr, <module>:    Time needed: 0 seconds.
2025-08-27 23:37:25 - INFO: pdbio_gr, <module>:    Set up parallel envrionment and run PB solver.
2025-08-27 23:37:25 - INFO: pdbio_gr, <module>:    Running PBE solver in 1 threads
2025-08-27 23:37:25 - INFO: pdbio_gr, pbe: ForkPoolWorker-1: Calling delphi to calculate conformer MI101A1125_001 in /tmp/pbe_data.data.home.granepura.5-kinases.cof_tpl_mg.run_cof2.3lxk_MI101A1125_001
2025-08-27 23:37:26 - INFO: pdbio_gr, pbe: ForkPoolWorker-1: Calling delphi to calculate conformer MI101A1125_002 in /tmp/pbe_data.data.home.granepura.5-kinases.cof_tpl_mg.run_cof2.3lxk_MI101A1125_002
2025-08-27 23:37:26 - INFO: pdbio_gr, pbe: ForkPoolWorker-1: Calling delphi to calculate conformer MI101A1125_003 in /tmp/pbe_data.data.home.granepura.5-kinases.cof_tpl_mg.run_cof2.3lxk_MI101A1125_003
2025-08-27 23:37:27 - INFO: pdbio_gr, pbe: ForkPoolWorker-1: Calling delphi to calculate conformer MI101A1125_004 in /tmp/pbe_data.data.home.granepura.5-kinases.cof_tpl_mg.run_cof2.3lxk_MI101A1125_004
2025-08-27 23:37:27 - INFO: pdbio_gr, pbe: ForkPoolWorker-1: Calling delphi to calculate conformer MI101A1125_005 in /tmp/pbe_data.data.home.granepura.5-kinases.cof_tpl_mg.run_cof2.3lxk_MI101A1125_005
2025-08-27 23:37:28 - INFO: pdbio_gr, pbe: ForkPoolWorker-1: Calling delphi to calculate conformer MI101A1125_006 in /tmp/pbe_data.data.home.granepura.5-kinases.cof_tpl_mg.run_cof2.3lxk_MI101A1125_006
2025-08-27 23:37:28 - INFO: pdbio_gr, pbe: ForkPoolWorker-1: Calling delphi to calculate conformer MI101A1125_007 in /tmp/pbe_data.data.home.granepura.5-kinases.cof_tpl_mg.run_cof2.3lxk_MI101A1125_007
2025-08-27 23:37:28 - INFO: pdbio_gr, pbe: ForkPoolWorker-1: Calling delphi to calculate conformer MI101A1125_008 in /tmp/pbe_data.data.home.granepura.5-kinases.cof_tpl_mg.run_cof2.3lxk_MI101A1125_008
2025-08-27 23:37:29 - INFO: pdbio_gr, pbe: ForkPoolWorker-1: Calling delphi to calculate conformer MI1+1A1125_009 in /tmp/pbe_data.data.home.granepura.5-kinases.cof_tpl_mg.run_cof2.3lxk_MI1+1A1125_009
2025-08-27 23:37:29 - INFO: pdbio_gr, pbe: ForkPoolWorker-1: Calling delphi to calculate conformer MI1+1A1125_010 in /tmp/pbe_data.data.home.granepura.5-kinases.cof_tpl_mg.run_cof2.3lxk_MI1+1A1125_010
2025-08-27 23:37:30 - INFO: pdbio_gr, pbe: ForkPoolWorker-1: Calling delphi to calculate conformer MI1+1A1125_011 in /tmp/pbe_data.data.home.granepura.5-kinases.cof_tpl_mg.run_cof2.3lxk_MI1+1A1125_011
2025-08-27 23:37:30 - INFO: pdbio_gr, pbe: ForkPoolWorker-1: Calling delphi to calculate conformer MI1+1A1125_012 in /tmp/pbe_data.data.home.granepura.5-kinases.cof_tpl_mg.run_cof2.3lxk_MI1+1A1125_012
2025-08-27 23:37:30 - INFO: pdbio_gr, pbe: ForkPoolWorker-1: Calling delphi to calculate conformer MI1+1A1125_013 in /tmp/pbe_data.data.home.granepura.5-kinases.cof_tpl_mg.run_cof2.3lxk_MI1+1A1125_013
2025-08-27 23:37:31 - INFO: pdbio_gr, pbe: ForkPoolWorker-1: Calling delphi to calculate conformer MI1+1A1125_014 in /tmp/pbe_data.data.home.granepura.5-kinases.cof_tpl_mg.run_cof2.3lxk_MI1+1A1125_014
2025-08-27 23:37:31 - INFO: pdbio_gr, pbe: ForkPoolWorker-1: Calling delphi to calculate conformer MI1+1A1125_015 in /tmp/pbe_data.data.home.granepura.5-kinases.cof_tpl_mg.run_cof2.3lxk_MI1+1A1125_015
2025-08-27 23:37:31 - INFO: pdbio_gr, pbe: ForkPoolWorker-1: Calling delphi to calculate conformer MI1+1A1125_016 in /tmp/pbe_data.data.home.granepura.5-kinases.cof_tpl_mg.run_cof2.3lxk_MI1+1A1125_016
2025-08-27 23:37:32 - INFO: pdbio_gr, <module>:    Time needed: 6 seconds.
2025-08-27 23:37:32 - INFO: pdbio_gr, <module>:    Post-processing of electrostatic potential.
2025-08-27 23:37:32 - INFO: pdbio_gr, <module>:    Processing ele pairwise interaction...
2025-08-27 23:37:32 - INFO: pdbio_gr, <module>:    Time needed: 0 seconds.
2025-08-27 23:37:32 - INFO: pdbio_gr, <module>:    Making atom connectivity ...
2025-08-27 23:37:32 - INFO: pdbio_gr, <module>:    Time needed: 0 seconds.
2025-08-27 23:37:32 - INFO: pdbio_gr, <module>:    Calculating vdw ...
2025-08-27 23:37:32 - INFO: pdbio_gr, <module>:    Time needed: 0 seconds.
2025-08-27 23:37:32 - INFO: pdbio_gr, <module>:    Calculating torsion energy ...
2025-08-27 23:37:32 - INFO: pdbio_gr, <module>:    Time needed: 0 seconds.
2025-08-27 23:37:32 - INFO: pdbio_gr, <module>:    Composing head3.lst ...
2025-08-27 23:37:32 - INFO: pdbio_gr, <module>:    Time needed: 0 seconds.
2025-08-27 23:37:32 - INFO: pdbio_gr, <module>:    Composing opp files ...
2025-08-27 23:37:32 - INFO: pdbio_gr, <module>:    Time needed: 0 seconds.
2025-08-27 23:37:32 - INFO: pdbio_gr, <module>:    Total time for step3 is 6 seconds.
2025-08-29 00:55:00 - INFO: pdbio_gr, <module>: Step 3. Energies calculation with PBE solver.
2025-08-29 00:55:00 - INFO: pdbio_gr, <module>: Calling new VDW....No Scaling Applied
2025-08-29 00:55:00 - INFO: pdbio_gr, <module>:    Process run time options & convert step2_out.pdb.
2025-08-29 00:55:00 - INFO: pdbio_gr, load_ftpl: Reading parameters from /home/granepura/MCCE4/param
2025-08-29 00:55:00 - INFO: pdbio_gr, load_ftpl: Updating vdw parameters from /data/home/granepura/MCCE4/param/00always_needed.tpl
2025-08-29 00:55:00 - INFO: pdbio_gr, load_ftpl: Loading TORSION parameters from /data/home/granepura/MCCE4/param/00always_needed.tpl
2025-08-29 00:55:00 - INFO: pdbio_gr, <module>:    Prepare input for PB solver.
2025-08-29 00:55:00 - INFO: pdbio_gr, <module>:    Time needed: 0 seconds.
2025-08-29 00:55:00 - INFO: pdbio_gr, <module>:    Time needed: 0 seconds.
2025-08-29 00:55:00 - INFO: pdbio_gr, <module>:    Set up parallel envrionment and run PB solver.
2025-08-29 00:55:00 - INFO: pdbio_gr, <module>:    Running PBE solver in 1 threads
2025-08-29 00:55:00 - INFO: pdbio_gr, pbe: ForkPoolWorker-1: Calling delphi to calculate conformer MI101A1125_001 in /tmp/pbe_data.data.home.granepura.5-kinases.cof_tpl_mg.run_cof2.3lxk_MI101A1125_001
2025-08-29 00:55:01 - INFO: pdbio_gr, pbe: ForkPoolWorker-1: Calling delphi to calculate conformer MI101A1125_002 in /tmp/pbe_data.data.home.granepura.5-kinases.cof_tpl_mg.run_cof2.3lxk_MI101A1125_002
2025-08-29 00:55:02 - INFO: pdbio_gr, pbe: ForkPoolWorker-1: Calling delphi to calculate conformer MI101A1125_003 in /tmp/pbe_data.data.home.granepura.5-kinases.cof_tpl_mg.run_cof2.3lxk_MI101A1125_003
2025-08-29 00:55:03 - INFO: pdbio_gr, pbe: ForkPoolWorker-1: Calling delphi to calculate conformer MI101A1125_004 in /tmp/pbe_data.data.home.granepura.5-kinases.cof_tpl_mg.run_cof2.3lxk_MI101A1125_004
2025-08-29 00:55:04 - INFO: pdbio_gr, pbe: ForkPoolWorker-1: Calling delphi to calculate conformer MI101A1125_005 in /tmp/pbe_data.data.home.granepura.5-kinases.cof_tpl_mg.run_cof2.3lxk_MI101A1125_005
2025-08-29 00:55:05 - INFO: pdbio_gr, pbe: ForkPoolWorker-1: Calling delphi to calculate conformer MI101A1125_006 in /tmp/pbe_data.data.home.granepura.5-kinases.cof_tpl_mg.run_cof2.3lxk_MI101A1125_006
2025-08-29 00:55:06 - INFO: pdbio_gr, pbe: ForkPoolWorker-1: Calling delphi to calculate conformer MI101A1125_007 in /tmp/pbe_data.data.home.granepura.5-kinases.cof_tpl_mg.run_cof2.3lxk_MI101A1125_007
2025-08-29 00:55:07 - INFO: pdbio_gr, pbe: ForkPoolWorker-1: Calling delphi to calculate conformer MI101A1125_008 in /tmp/pbe_data.data.home.granepura.5-kinases.cof_tpl_mg.run_cof2.3lxk_MI101A1125_008
2025-08-29 00:55:08 - INFO: pdbio_gr, pbe: ForkPoolWorker-1: Calling delphi to calculate conformer MI1+1A1125_009 in /tmp/pbe_data.data.home.granepura.5-kinases.cof_tpl_mg.run_cof2.3lxk_MI1+1A1125_009
2025-08-29 00:55:08 - INFO: pdbio_gr, pbe: ForkPoolWorker-1: Calling delphi to calculate conformer MI1+1A1125_010 in /tmp/pbe_data.data.home.granepura.5-kinases.cof_tpl_mg.run_cof2.3lxk_MI1+1A1125_010
2025-08-29 00:55:09 - INFO: pdbio_gr, pbe: ForkPoolWorker-1: Calling delphi to calculate conformer MI1+1A1125_011 in /tmp/pbe_data.data.home.granepura.5-kinases.cof_tpl_mg.run_cof2.3lxk_MI1+1A1125_011
2025-08-29 00:55:10 - INFO: pdbio_gr, pbe: ForkPoolWorker-1: Calling delphi to calculate conformer MI1+1A1125_012 in /tmp/pbe_data.data.home.granepura.5-kinases.cof_tpl_mg.run_cof2.3lxk_MI1+1A1125_012
2025-08-29 00:55:11 - INFO: pdbio_gr, pbe: ForkPoolWorker-1: Calling delphi to calculate conformer MI1+1A1125_013 in /tmp/pbe_data.data.home.granepura.5-kinases.cof_tpl_mg.run_cof2.3lxk_MI1+1A1125_013
2025-08-29 00:55:12 - INFO: pdbio_gr, pbe: ForkPoolWorker-1: Calling delphi to calculate conformer MI1+1A1125_014 in /tmp/pbe_data.data.home.granepura.5-kinases.cof_tpl_mg.run_cof2.3lxk_MI1+1A1125_014
2025-08-29 00:55:13 - INFO: pdbio_gr, pbe: ForkPoolWorker-1: Calling delphi to calculate conformer MI1+1A1125_015 in /tmp/pbe_data.data.home.granepura.5-kinases.cof_tpl_mg.run_cof2.3lxk_MI1+1A1125_015
2025-08-29 00:55:13 - INFO: pdbio_gr, pbe: ForkPoolWorker-1: Calling delphi to calculate conformer MI1+1A1125_016 in /tmp/pbe_data.data.home.granepura.5-kinases.cof_tpl_mg.run_cof2.3lxk_MI1+1A1125_016
2025-08-29 00:55:14 - INFO: pdbio_gr, <module>:    Time needed: 14 seconds.
2025-08-29 00:55:14 - INFO: pdbio_gr, <module>:    Post-processing of electrostatic potential.
2025-08-29 00:55:14 - INFO: pdbio_gr, <module>:    Processing ele pairwise interaction...
2025-08-29 00:55:14 - INFO: pdbio_gr, <module>:    Time needed: 0 seconds.
2025-08-29 00:55:14 - INFO: pdbio_gr, <module>:    Making atom connectivity ...
2025-08-29 00:55:14 - INFO: pdbio_gr, <module>:    Time needed: 0 seconds.
2025-08-29 00:55:14 - INFO: pdbio_gr, <module>:    Calculating vdw ...
2025-08-29 00:55:14 - INFO: pdbio_gr, <module>:    Time needed: 0 seconds.
2025-08-29 00:55:14 - INFO: pdbio_gr, <module>:    Calculating torsion energy ...
2025-08-29 00:55:14 - INFO: pdbio_gr, <module>:    Time needed: 0 seconds.
2025-08-29 00:55:14 - INFO: pdbio_gr, <module>:    Composing head3.lst ...
2025-08-29 00:55:14 - INFO: pdbio_gr, <module>:    Time needed: 0 seconds.
2025-08-29 00:55:14 - INFO: pdbio_gr, <module>:    Composing opp files ...
2025-08-29 00:55:14 - INFO: pdbio_gr, <module>:    Time needed: 0 seconds.
2025-08-29 00:55:14 - INFO: pdbio_gr, <module>:    Total time for step3 is 14 seconds.
2025-10-15 23:22:22 - INFO: step3.py, <module>: Step 3. Energies calculation with PBE solver.
2025-10-15 23:22:22 - INFO: step3.py, <module>: Calling new VDW....No Scaling Applied
2025-10-15 23:22:22 - INFO: step3.py, <module>:    Process run time options & convert step2_out.pdb.
2025-10-15 23:22:23 - INFO: step3.py, <module>:    Prepare input for PB solver.
2025-10-15 23:22:23 - INFO: step3.py, <module>:    Time needed: 0 seconds.
2025-10-15 23:22:23 - INFO: step3.py, <module>:    Set up parallel envrionment and run PB solver.
2025-10-15 23:22:23 - INFO: step3.py, <module>:    Running PBE solver in 1 threads
2025-10-15 23:22:23 - INFO: step3.py, pbe: ForkPoolWorker-1: Calling delphi to calculate conformer MI101A1125_001 in /tmp/pbe_data.data.home.granepura.5-kinases.cof_tpl_mg.run_cof2.3LXK_MI101A1125_001
2025-10-15 23:22:24 - INFO: step3.py, pbe: ForkPoolWorker-1: Calling delphi to calculate conformer MI101A1125_002 in /tmp/pbe_data.data.home.granepura.5-kinases.cof_tpl_mg.run_cof2.3LXK_MI101A1125_002
2025-10-15 23:22:25 - INFO: step3.py, pbe: ForkPoolWorker-1: Calling delphi to calculate conformer MI101A1125_003 in /tmp/pbe_data.data.home.granepura.5-kinases.cof_tpl_mg.run_cof2.3LXK_MI101A1125_003
2025-10-15 23:22:26 - INFO: step3.py, pbe: ForkPoolWorker-1: Calling delphi to calculate conformer MI101A1125_004 in /tmp/pbe_data.data.home.granepura.5-kinases.cof_tpl_mg.run_cof2.3LXK_MI101A1125_004
2025-10-15 23:22:26 - INFO: step3.py, pbe: ForkPoolWorker-1: Calling delphi to calculate conformer MI101A1125_005 in /tmp/pbe_data.data.home.granepura.5-kinases.cof_tpl_mg.run_cof2.3LXK_MI101A1125_005
2025-10-15 23:22:27 - INFO: step3.py, pbe: ForkPoolWorker-1: Calling delphi to calculate conformer MI101A1125_006 in /tmp/pbe_data.data.home.granepura.5-kinases.cof_tpl_mg.run_cof2.3LXK_MI101A1125_006
2025-10-15 23:22:28 - INFO: step3.py, pbe: ForkPoolWorker-1: Calling delphi to calculate conformer MI101A1125_007 in /tmp/pbe_data.data.home.granepura.5-kinases.cof_tpl_mg.run_cof2.3LXK_MI101A1125_007
2025-10-15 23:22:29 - INFO: step3.py, pbe: ForkPoolWorker-1: Calling delphi to calculate conformer MI101A1125_008 in /tmp/pbe_data.data.home.granepura.5-kinases.cof_tpl_mg.run_cof2.3LXK_MI101A1125_008
2025-10-15 23:22:30 - INFO: step3.py, pbe: ForkPoolWorker-1: Calling delphi to calculate conformer MI1+1A1125_009 in /tmp/pbe_data.data.home.granepura.5-kinases.cof_tpl_mg.run_cof2.3LXK_MI1+1A1125_009
2025-10-15 23:22:31 - INFO: step3.py, pbe: ForkPoolWorker-1: Calling delphi to calculate conformer MI1+1A1125_010 in /tmp/pbe_data.data.home.granepura.5-kinases.cof_tpl_mg.run_cof2.3LXK_MI1+1A1125_010
2025-10-15 23:22:32 - INFO: step3.py, pbe: ForkPoolWorker-1: Calling delphi to calculate conformer MI1+1A1125_011 in /tmp/pbe_data.data.home.granepura.5-kinases.cof_tpl_mg.run_cof2.3LXK_MI1+1A1125_011
2025-10-15 23:22:32 - INFO: step3.py, pbe: ForkPoolWorker-1: Calling delphi to calculate conformer MI1+1A1125_012 in /tmp/pbe_data.data.home.granepura.5-kinases.cof_tpl_mg.run_cof2.3LXK_MI1+1A1125_012
2025-10-15 23:22:33 - INFO: step3.py, pbe: ForkPoolWorker-1: Calling delphi to calculate conformer MI1+1A1125_013 in /tmp/pbe_data.data.home.granepura.5-kinases.cof_tpl_mg.run_cof2.3LXK_MI1+1A1125_013
2025-10-15 23:22:34 - INFO: step3.py, pbe: ForkPoolWorker-1: Calling delphi to calculate conformer MI1+1A1125_014 in /tmp/pbe_data.data.home.granepura.5-kinases.cof_tpl_mg.run_cof2.3LXK_MI1+1A1125_014
2025-10-15 23:22:35 - INFO: step3.py, pbe: ForkPoolWorker-1: Calling delphi to calculate conformer MI1+1A1125_015 in /tmp/pbe_data.data.home.granepura.5-kinases.cof_tpl_mg.run_cof2.3LXK_MI1+1A1125_015
2025-10-15 23:22:36 - INFO: step3.py, pbe: ForkPoolWorker-1: Calling delphi to calculate conformer MI1+1A1125_016 in /tmp/pbe_data.data.home.granepura.5-kinases.cof_tpl_mg.run_cof2.3LXK_MI1+1A1125_016
2025-10-15 23:22:37 - INFO: step3.py, <module>:    Time needed: 14 seconds.
2025-10-15 23:22:37 - INFO: step3.py, <module>:    Post-processing of electrostatic potential.
2025-10-15 23:22:37 - INFO: step3.py, <module>:    Processing ele pairwise interaction...
2025-10-15 23:22:37 - INFO: step3.py, <module>:    Time needed: 0 seconds.
2025-10-15 23:22:37 - INFO: step3.py, <module>:    Making atom connectivity ...
2025-10-15 23:22:37 - INFO: step3.py, <module>:    Time needed: 0 seconds.
2025-10-15 23:22:37 - INFO: step3.py, <module>:    Calculating vdw ...
2025-10-15 23:22:37 - INFO: step3.py, <module>:    Time needed: 0 seconds.
2025-10-15 23:22:37 - INFO: step3.py, <module>:    Calculating torsion energy ...
2025-10-15 23:22:37 - INFO: step3.py, <module>:    Time needed: 0 seconds.
2025-10-15 23:22:37 - INFO: step3.py, <module>:    Composing head3.lst ...
2025-10-15 23:22:37 - INFO: step3.py, <module>:    Time needed: 0 seconds.
2025-10-15 23:22:37 - INFO: step3.py, <module>:    Composing opp files ...
2025-10-15 23:22:37 - INFO: step3.py, <module>:    Time needed: 0 seconds.
2025-10-15 23:22:37 - INFO: step3.py, <module>:    Total time for step3 is 14 seconds.
2025-10-15 23:27:05 - INFO: step3.py, <module>: Step 3. Energies calculation with PBE solver.
2025-10-15 23:27:05 - INFO: step3.py, <module>: Calling new VDW....No Scaling Applied
2025-10-15 23:27:05 - INFO: step3.py, <module>:    Process run time options & convert step2_out.pdb.
2025-10-15 23:27:05 - INFO: step3.py, <module>:    Prepare input for PB solver.
2025-10-15 23:27:05 - INFO: step3.py, <module>:    Time needed: 0 seconds.
2025-10-15 23:27:05 - INFO: step3.py, <module>:    Set up parallel envrionment and run PB solver.
2025-10-15 23:27:05 - INFO: step3.py, <module>:    Running PBE solver in 1 threads
2025-10-15 23:27:05 - INFO: step3.py, pbe: ForkPoolWorker-1: Calling delphi to calculate conformer MI101A1125_001 in /tmp/pbe_data.data.home.granepura.5-kinases.cof_tpl_mg.run_cof2.3LXK_MI101A1125_001
2025-10-15 23:27:06 - INFO: step3.py, pbe: ForkPoolWorker-1: Calling delphi to calculate conformer MI101A1125_002 in /tmp/pbe_data.data.home.granepura.5-kinases.cof_tpl_mg.run_cof2.3LXK_MI101A1125_002
2025-10-15 23:27:07 - INFO: step3.py, pbe: ForkPoolWorker-1: Calling delphi to calculate conformer MI101A1125_003 in /tmp/pbe_data.data.home.granepura.5-kinases.cof_tpl_mg.run_cof2.3LXK_MI101A1125_003
2025-10-15 23:27:08 - INFO: step3.py, pbe: ForkPoolWorker-1: Calling delphi to calculate conformer MI101A1125_004 in /tmp/pbe_data.data.home.granepura.5-kinases.cof_tpl_mg.run_cof2.3LXK_MI101A1125_004
2025-10-15 23:27:09 - INFO: step3.py, pbe: ForkPoolWorker-1: Calling delphi to calculate conformer MI101A1125_005 in /tmp/pbe_data.data.home.granepura.5-kinases.cof_tpl_mg.run_cof2.3LXK_MI101A1125_005
2025-10-15 23:27:10 - INFO: step3.py, pbe: ForkPoolWorker-1: Calling delphi to calculate conformer MI101A1125_006 in /tmp/pbe_data.data.home.granepura.5-kinases.cof_tpl_mg.run_cof2.3LXK_MI101A1125_006
2025-10-15 23:27:11 - INFO: step3.py, pbe: ForkPoolWorker-1: Calling delphi to calculate conformer MI101A1125_007 in /tmp/pbe_data.data.home.granepura.5-kinases.cof_tpl_mg.run_cof2.3LXK_MI101A1125_007
2025-10-15 23:27:11 - INFO: step3.py, pbe: ForkPoolWorker-1: Calling delphi to calculate conformer MI101A1125_008 in /tmp/pbe_data.data.home.granepura.5-kinases.cof_tpl_mg.run_cof2.3LXK_MI101A1125_008
2025-10-15 23:27:12 - INFO: step3.py, pbe: ForkPoolWorker-1: Calling delphi to calculate conformer MI1+1A1125_009 in /tmp/pbe_data.data.home.granepura.5-kinases.cof_tpl_mg.run_cof2.3LXK_MI1+1A1125_009
2025-10-15 23:27:13 - INFO: step3.py, pbe: ForkPoolWorker-1: Calling delphi to calculate conformer MI1+1A1125_010 in /tmp/pbe_data.data.home.granepura.5-kinases.cof_tpl_mg.run_cof2.3LXK_MI1+1A1125_010
2025-10-15 23:27:14 - INFO: step3.py, pbe: ForkPoolWorker-1: Calling delphi to calculate conformer MI1+1A1125_011 in /tmp/pbe_data.data.home.granepura.5-kinases.cof_tpl_mg.run_cof2.3LXK_MI1+1A1125_011
2025-10-15 23:27:15 - INFO: step3.py, pbe: ForkPoolWorker-1: Calling delphi to calculate conformer MI1+1A1125_012 in /tmp/pbe_data.data.home.granepura.5-kinases.cof_tpl_mg.run_cof2.3LXK_MI1+1A1125_012
2025-10-15 23:27:16 - INFO: step3.py, pbe: ForkPoolWorker-1: Calling delphi to calculate conformer MI1+1A1125_013 in /tmp/pbe_data.data.home.granepura.5-kinases.cof_tpl_mg.run_cof2.3LXK_MI1+1A1125_013
2025-10-15 23:27:16 - INFO: step3.py, pbe: ForkPoolWorker-1: Calling delphi to calculate conformer MI1+1A1125_014 in /tmp/pbe_data.data.home.granepura.5-kinases.cof_tpl_mg.run_cof2.3LXK_MI1+1A1125_014
2025-10-15 23:27:17 - INFO: step3.py, pbe: ForkPoolWorker-1: Calling delphi to calculate conformer MI1+1A1125_015 in /tmp/pbe_data.data.home.granepura.5-kinases.cof_tpl_mg.run_cof2.3LXK_MI1+1A1125_015
2025-10-15 23:27:18 - INFO: step3.py, pbe: ForkPoolWorker-1: Calling delphi to calculate conformer MI1+1A1125_016 in /tmp/pbe_data.data.home.granepura.5-kinases.cof_tpl_mg.run_cof2.3LXK_MI1+1A1125_016
2025-10-15 23:27:19 - INFO: step3.py, <module>:    Time needed: 14 seconds.
2025-10-15 23:27:19 - INFO: step3.py, <module>:    Post-processing of electrostatic potential.
2025-10-15 23:27:19 - INFO: step3.py, <module>:    Processing ele pairwise interaction...
2025-10-15 23:27:19 - INFO: step3.py, <module>:    Time needed: 0 seconds.
2025-10-15 23:27:19 - INFO: step3.py, <module>:    Making atom connectivity ...
2025-10-15 23:27:19 - INFO: step3.py, <module>:    Time needed: 0 seconds.
2025-10-15 23:27:19 - INFO: step3.py, <module>:    Calculating vdw ...
2025-10-15 23:27:19 - INFO: step3.py, <module>:    Time needed: 0 seconds.
2025-10-15 23:27:19 - INFO: step3.py, <module>:    Calculating torsion energy ...
2025-10-15 23:27:19 - INFO: step3.py, <module>:    Time needed: 0 seconds.
2025-10-15 23:27:19 - INFO: step3.py, <module>:    Composing head3.lst ...
2025-10-15 23:27:19 - INFO: step3.py, <module>:    Time needed: 0 seconds.
2025-10-15 23:27:19 - INFO: step3.py, <module>:    Composing opp files ...
2025-10-15 23:27:19 - INFO: step3.py, <module>:    Time needed: 0 seconds.
2025-10-15 23:27:19 - INFO: step3.py, <module>:    Total time for step3 is 14 seconds.
2025-10-15 23:29:26 - INFO: step3.py, <module>: Step 3. Energies calculation with PBE solver.
2025-10-15 23:29:26 - INFO: step3.py, <module>: Calling new VDW....No Scaling Applied
2025-10-15 23:29:26 - INFO: step3.py, <module>:    Process run time options & convert step2_out.pdb.
2025-10-15 23:29:26 - INFO: step3.py, <module>:    Prepare input for PB solver.
2025-10-15 23:29:26 - INFO: step3.py, <module>:    Time needed: 0 seconds.
2025-10-15 23:29:26 - INFO: step3.py, <module>:    Set up parallel envrionment and run PB solver.
2025-10-15 23:29:26 - INFO: step3.py, <module>:    Running PBE solver in 1 threads
2025-10-15 23:29:26 - INFO: step3.py, pbe: ForkPoolWorker-1: Calling delphi to calculate conformer MI101A1125_001 in /tmp/pbe_data.data.home.granepura.5-kinases.cof_tpl_mg.run_cof2.3LXK_MI101A1125_001
2025-10-15 23:29:27 - INFO: step3.py, pbe: ForkPoolWorker-1: Calling delphi to calculate conformer MI101A1125_002 in /tmp/pbe_data.data.home.granepura.5-kinases.cof_tpl_mg.run_cof2.3LXK_MI101A1125_002
2025-10-15 23:29:28 - INFO: step3.py, pbe: ForkPoolWorker-1: Calling delphi to calculate conformer MI101A1125_003 in /tmp/pbe_data.data.home.granepura.5-kinases.cof_tpl_mg.run_cof2.3LXK_MI101A1125_003
2025-10-15 23:29:29 - INFO: step3.py, pbe: ForkPoolWorker-1: Calling delphi to calculate conformer MI101A1125_004 in /tmp/pbe_data.data.home.granepura.5-kinases.cof_tpl_mg.run_cof2.3LXK_MI101A1125_004
2025-10-15 23:29:30 - INFO: step3.py, pbe: ForkPoolWorker-1: Calling delphi to calculate conformer MI101A1125_005 in /tmp/pbe_data.data.home.granepura.5-kinases.cof_tpl_mg.run_cof2.3LXK_MI101A1125_005
2025-10-15 23:29:31 - INFO: step3.py, pbe: ForkPoolWorker-1: Calling delphi to calculate conformer MI101A1125_006 in /tmp/pbe_data.data.home.granepura.5-kinases.cof_tpl_mg.run_cof2.3LXK_MI101A1125_006
2025-10-15 23:29:32 - INFO: step3.py, pbe: ForkPoolWorker-1: Calling delphi to calculate conformer MI101A1125_007 in /tmp/pbe_data.data.home.granepura.5-kinases.cof_tpl_mg.run_cof2.3LXK_MI101A1125_007
2025-10-15 23:29:33 - INFO: step3.py, pbe: ForkPoolWorker-1: Calling delphi to calculate conformer MI101A1125_008 in /tmp/pbe_data.data.home.granepura.5-kinases.cof_tpl_mg.run_cof2.3LXK_MI101A1125_008
2025-10-15 23:29:33 - INFO: step3.py, pbe: ForkPoolWorker-1: Calling delphi to calculate conformer MI1+1A1125_009 in /tmp/pbe_data.data.home.granepura.5-kinases.cof_tpl_mg.run_cof2.3LXK_MI1+1A1125_009
2025-10-15 23:29:34 - INFO: step3.py, pbe: ForkPoolWorker-1: Calling delphi to calculate conformer MI1+1A1125_010 in /tmp/pbe_data.data.home.granepura.5-kinases.cof_tpl_mg.run_cof2.3LXK_MI1+1A1125_010
2025-10-15 23:29:35 - INFO: step3.py, pbe: ForkPoolWorker-1: Calling delphi to calculate conformer MI1+1A1125_011 in /tmp/pbe_data.data.home.granepura.5-kinases.cof_tpl_mg.run_cof2.3LXK_MI1+1A1125_011
2025-10-15 23:29:36 - INFO: step3.py, pbe: ForkPoolWorker-1: Calling delphi to calculate conformer MI1+1A1125_012 in /tmp/pbe_data.data.home.granepura.5-kinases.cof_tpl_mg.run_cof2.3LXK_MI1+1A1125_012
2025-10-15 23:29:37 - INFO: step3.py, pbe: ForkPoolWorker-1: Calling delphi to calculate conformer MI1+1A1125_013 in /tmp/pbe_data.data.home.granepura.5-kinases.cof_tpl_mg.run_cof2.3LXK_MI1+1A1125_013
2025-10-15 23:29:37 - INFO: step3.py, pbe: ForkPoolWorker-1: Calling delphi to calculate conformer MI1+1A1125_014 in /tmp/pbe_data.data.home.granepura.5-kinases.cof_tpl_mg.run_cof2.3LXK_MI1+1A1125_014
2025-10-15 23:29:38 - INFO: step3.py, pbe: ForkPoolWorker-1: Calling delphi to calculate conformer MI1+1A1125_015 in /tmp/pbe_data.data.home.granepura.5-kinases.cof_tpl_mg.run_cof2.3LXK_MI1+1A1125_015
2025-10-15 23:29:39 - INFO: step3.py, pbe: ForkPoolWorker-1: Calling delphi to calculate conformer MI1+1A1125_016 in /tmp/pbe_data.data.home.granepura.5-kinases.cof_tpl_mg.run_cof2.3LXK_MI1+1A1125_016
2025-10-15 23:29:40 - INFO: step3.py, <module>:    Time needed: 14 seconds.
2025-10-15 23:29:40 - INFO: step3.py, <module>:    Post-processing of electrostatic potential.
2025-10-15 23:29:40 - INFO: step3.py, <module>:    Processing ele pairwise interaction...
2025-10-15 23:29:40 - INFO: step3.py, <module>:    Time needed: 0 seconds.
2025-10-15 23:29:40 - INFO: step3.py, <module>:    Making atom connectivity ...
2025-10-15 23:29:40 - INFO: step3.py, <module>:    Time needed: 0 seconds.
2025-10-15 23:29:40 - INFO: step3.py, <module>:    Calculating vdw ...
2025-10-15 23:29:40 - INFO: step3.py, <module>:    Time needed: 0 seconds.
2025-10-15 23:29:40 - INFO: step3.py, <module>:    Calculating torsion energy ...
2025-10-15 23:29:40 - INFO: step3.py, <module>:    Time needed: 0 seconds.
2025-10-15 23:29:40 - INFO: step3.py, <module>:    Composing head3.lst ...
2025-10-15 23:29:40 - INFO: step3.py, <module>:    Time needed: 0 seconds.
2025-10-15 23:29:40 - INFO: step3.py, <module>:    Composing opp files ...
2025-10-15 23:29:40 - INFO: step3.py, <module>:    Time needed: 0 seconds.
2025-10-15 23:29:40 - INFO: step3.py, <module>:    Total time for step3 is 14 seconds.
2025-10-16 16:28:08 - INFO: step3.py, <module>: Step 3. Energies calculation with PBE solver.
2025-10-16 16:28:08 - INFO: step3.py, <module>: Calling new VDW....No Scaling Applied
2025-10-16 16:28:08 - INFO: step3.py, <module>:    Process run time options & convert step2_out.pdb.
2025-10-16 16:28:08 - INFO: step3.py, <module>:    Prepare input for PB solver.
2025-10-16 16:28:08 - INFO: step3.py, <module>:    Time needed: 0 seconds.
2025-10-16 16:28:08 - INFO: step3.py, <module>:    Set up parallel envrionment and run PB solver.
2025-10-16 16:28:08 - INFO: step3.py, <module>:    Running PBE solver in 1 threads
2025-10-16 16:28:08 - INFO: step3.py, pbe: ForkPoolWorker-1: Calling delphi to calculate conformer MI101A1125_001 in /tmp/pbe_data.data.home.granepura.5-kinases.cof_tpl_mg.run_cof2.3LXK_MI101A1125_001
2025-10-16 16:28:09 - INFO: step3.py, pbe: ForkPoolWorker-1: Calling delphi to calculate conformer MI101A1125_002 in /tmp/pbe_data.data.home.granepura.5-kinases.cof_tpl_mg.run_cof2.3LXK_MI101A1125_002
2025-10-16 16:28:10 - INFO: step3.py, pbe: ForkPoolWorker-1: Calling delphi to calculate conformer MI101A1125_003 in /tmp/pbe_data.data.home.granepura.5-kinases.cof_tpl_mg.run_cof2.3LXK_MI101A1125_003
2025-10-16 16:28:11 - INFO: step3.py, pbe: ForkPoolWorker-1: Calling delphi to calculate conformer MI101A1125_004 in /tmp/pbe_data.data.home.granepura.5-kinases.cof_tpl_mg.run_cof2.3LXK_MI101A1125_004
2025-10-16 16:28:12 - INFO: step3.py, pbe: ForkPoolWorker-1: Calling delphi to calculate conformer MI101A1125_005 in /tmp/pbe_data.data.home.granepura.5-kinases.cof_tpl_mg.run_cof2.3LXK_MI101A1125_005
2025-10-16 16:28:13 - INFO: step3.py, pbe: ForkPoolWorker-1: Calling delphi to calculate conformer MI101A1125_006 in /tmp/pbe_data.data.home.granepura.5-kinases.cof_tpl_mg.run_cof2.3LXK_MI101A1125_006
2025-10-16 16:28:14 - INFO: step3.py, pbe: ForkPoolWorker-1: Calling delphi to calculate conformer MI101A1125_007 in /tmp/pbe_data.data.home.granepura.5-kinases.cof_tpl_mg.run_cof2.3LXK_MI101A1125_007
2025-10-16 16:28:15 - INFO: step3.py, pbe: ForkPoolWorker-1: Calling delphi to calculate conformer MI101A1125_008 in /tmp/pbe_data.data.home.granepura.5-kinases.cof_tpl_mg.run_cof2.3LXK_MI101A1125_008
2025-10-16 16:28:15 - INFO: step3.py, pbe: ForkPoolWorker-1: Calling delphi to calculate conformer MI1+1A1125_009 in /tmp/pbe_data.data.home.granepura.5-kinases.cof_tpl_mg.run_cof2.3LXK_MI1+1A1125_009
2025-10-16 16:28:16 - INFO: step3.py, pbe: ForkPoolWorker-1: Calling delphi to calculate conformer MI1+1A1125_010 in /tmp/pbe_data.data.home.granepura.5-kinases.cof_tpl_mg.run_cof2.3LXK_MI1+1A1125_010
2025-10-16 16:28:17 - INFO: step3.py, pbe: ForkPoolWorker-1: Calling delphi to calculate conformer MI1+1A1125_011 in /tmp/pbe_data.data.home.granepura.5-kinases.cof_tpl_mg.run_cof2.3LXK_MI1+1A1125_011
2025-10-16 16:28:18 - INFO: step3.py, pbe: ForkPoolWorker-1: Calling delphi to calculate conformer MI1+1A1125_012 in /tmp/pbe_data.data.home.granepura.5-kinases.cof_tpl_mg.run_cof2.3LXK_MI1+1A1125_012
2025-10-16 16:28:19 - INFO: step3.py, pbe: ForkPoolWorker-1: Calling delphi to calculate conformer MI1+1A1125_013 in /tmp/pbe_data.data.home.granepura.5-kinases.cof_tpl_mg.run_cof2.3LXK_MI1+1A1125_013
2025-10-16 16:28:20 - INFO: step3.py, pbe: ForkPoolWorker-1: Calling delphi to calculate conformer MI1+1A1125_014 in /tmp/pbe_data.data.home.granepura.5-kinases.cof_tpl_mg.run_cof2.3LXK_MI1+1A1125_014
2025-10-16 16:28:20 - INFO: step3.py, pbe: ForkPoolWorker-1: Calling delphi to calculate conformer MI1+1A1125_015 in /tmp/pbe_data.data.home.granepura.5-kinases.cof_tpl_mg.run_cof2.3LXK_MI1+1A1125_015
2025-10-16 16:28:21 - INFO: step3.py, pbe: ForkPoolWorker-1: Calling delphi to calculate conformer MI1+1A1125_016 in /tmp/pbe_data.data.home.granepura.5-kinases.cof_tpl_mg.run_cof2.3LXK_MI1+1A1125_016
2025-10-16 16:28:22 - INFO: step3.py, <module>:    Time needed: 14 seconds.
2025-10-16 16:28:22 - INFO: step3.py, <module>:    Post-processing of electrostatic potential.
2025-10-16 16:28:22 - INFO: step3.py, <module>:    Processing ele pairwise interaction...
2025-10-16 16:28:22 - INFO: step3.py, <module>:    Time needed: 0 seconds.
2025-10-16 16:28:22 - INFO: step3.py, <module>:    Making atom connectivity ...
2025-10-16 16:28:22 - INFO: step3.py, <module>:    Time needed: 0 seconds.
2025-10-16 16:28:22 - INFO: step3.py, <module>:    Calculating vdw ...
2025-10-16 16:28:22 - INFO: step3.py, <module>:    Time needed: 0 seconds.
2025-10-16 16:28:22 - INFO: step3.py, <module>:    Calculating torsion energy ...
2025-10-16 16:28:22 - INFO: step3.py, <module>:    Time needed: 0 seconds.
2025-10-16 16:28:22 - INFO: step3.py, <module>:    Composing head3.lst ...
2025-10-16 16:28:22 - INFO: step3.py, <module>:    Time needed: 0 seconds.
2025-10-16 16:28:22 - INFO: step3.py, <module>:    Composing opp files ...
2025-10-16 16:28:22 - INFO: step3.py, <module>:    Time needed: 0 seconds.
2025-10-16 16:28:22 - INFO: step3.py, <module>:    Total time for step3 is 14 seconds.
2025-10-16 17:12:21 - INFO: step3.py, <module>: Step 3. Energies calculation with PBE solver.
2025-10-16 17:12:21 - INFO: step3.py, <module>: Calling new VDW....No Scaling Applied
2025-10-16 17:12:21 - INFO: step3.py, <module>:    Process run time options & convert step2_out.pdb.
2025-10-16 17:12:22 - INFO: step3.py, <module>:    Prepare input for PB solver.
2025-10-16 17:12:22 - INFO: step3.py, <module>:    Time needed: 0 seconds.
2025-10-16 17:12:22 - INFO: step3.py, <module>:    Set up parallel envrionment and run PB solver.
2025-10-16 17:12:22 - INFO: step3.py, <module>:    Running PBE solver in 1 threads
2025-10-16 17:12:22 - INFO: step3.py, pbe: ForkPoolWorker-1: Calling delphi to calculate conformer MI101A1125_001 in /tmp/pbe_data.data.home.granepura.5-kinases.cof_tpl_mg.run_cof2.3LXK_MI101A1125_001
2025-10-16 17:12:23 - INFO: step3.py, pbe: ForkPoolWorker-1: Calling delphi to calculate conformer MI101A1125_002 in /tmp/pbe_data.data.home.granepura.5-kinases.cof_tpl_mg.run_cof2.3LXK_MI101A1125_002
2025-10-16 17:12:24 - INFO: step3.py, pbe: ForkPoolWorker-1: Calling delphi to calculate conformer MI101A1125_003 in /tmp/pbe_data.data.home.granepura.5-kinases.cof_tpl_mg.run_cof2.3LXK_MI101A1125_003
2025-10-16 17:12:25 - INFO: step3.py, pbe: ForkPoolWorker-1: Calling delphi to calculate conformer MI101A1125_004 in /tmp/pbe_data.data.home.granepura.5-kinases.cof_tpl_mg.run_cof2.3LXK_MI101A1125_004
2025-10-16 17:12:26 - INFO: step3.py, pbe: ForkPoolWorker-1: Calling delphi to calculate conformer MI101A1125_005 in /tmp/pbe_data.data.home.granepura.5-kinases.cof_tpl_mg.run_cof2.3LXK_MI101A1125_005
2025-10-16 17:12:28 - INFO: step3.py, pbe: ForkPoolWorker-1: Calling delphi to calculate conformer MI101A1125_006 in /tmp/pbe_data.data.home.granepura.5-kinases.cof_tpl_mg.run_cof2.3LXK_MI101A1125_006
2025-10-16 17:12:29 - INFO: step3.py, pbe: ForkPoolWorker-1: Calling delphi to calculate conformer MI101A1125_007 in /tmp/pbe_data.data.home.granepura.5-kinases.cof_tpl_mg.run_cof2.3LXK_MI101A1125_007
2025-10-16 17:12:31 - INFO: step3.py, pbe: ForkPoolWorker-1: Calling delphi to calculate conformer MI101A1125_008 in /tmp/pbe_data.data.home.granepura.5-kinases.cof_tpl_mg.run_cof2.3LXK_MI101A1125_008
2025-10-16 17:12:32 - INFO: step3.py, pbe: ForkPoolWorker-1: Calling delphi to calculate conformer MI1+1A1125_009 in /tmp/pbe_data.data.home.granepura.5-kinases.cof_tpl_mg.run_cof2.3LXK_MI1+1A1125_009
2025-10-16 17:12:33 - INFO: step3.py, pbe: ForkPoolWorker-1: Calling delphi to calculate conformer MI1+1A1125_010 in /tmp/pbe_data.data.home.granepura.5-kinases.cof_tpl_mg.run_cof2.3LXK_MI1+1A1125_010
2025-10-16 17:12:34 - INFO: step3.py, pbe: ForkPoolWorker-1: Calling delphi to calculate conformer MI1+1A1125_011 in /tmp/pbe_data.data.home.granepura.5-kinases.cof_tpl_mg.run_cof2.3LXK_MI1+1A1125_011
2025-10-16 17:12:35 - INFO: step3.py, pbe: ForkPoolWorker-1: Calling delphi to calculate conformer MI1+1A1125_012 in /tmp/pbe_data.data.home.granepura.5-kinases.cof_tpl_mg.run_cof2.3LXK_MI1+1A1125_012
2025-10-16 17:12:36 - INFO: step3.py, pbe: ForkPoolWorker-1: Calling delphi to calculate conformer MI1+1A1125_013 in /tmp/pbe_data.data.home.granepura.5-kinases.cof_tpl_mg.run_cof2.3LXK_MI1+1A1125_013
2025-10-16 17:12:37 - INFO: step3.py, pbe: ForkPoolWorker-1: Calling delphi to calculate conformer MI1+1A1125_014 in /tmp/pbe_data.data.home.granepura.5-kinases.cof_tpl_mg.run_cof2.3LXK_MI1+1A1125_014
2025-10-16 17:12:39 - INFO: step3.py, pbe: ForkPoolWorker-1: Calling delphi to calculate conformer MI1+1A1125_015 in /tmp/pbe_data.data.home.granepura.5-kinases.cof_tpl_mg.run_cof2.3LXK_MI1+1A1125_015
2025-10-16 17:12:40 - INFO: step3.py, pbe: ForkPoolWorker-1: Calling delphi to calculate conformer MI1+1A1125_016 in /tmp/pbe_data.data.home.granepura.5-kinases.cof_tpl_mg.run_cof2.3LXK_MI1+1A1125_016
2025-10-16 17:12:41 - INFO: step3.py, <module>:    Time needed: 19 seconds.
2025-10-16 17:12:41 - INFO: step3.py, <module>:    Post-processing of electrostatic potential.
2025-10-16 17:12:41 - INFO: step3.py, <module>:    Processing ele pairwise interaction...
2025-10-16 17:12:41 - INFO: step3.py, <module>:    Time needed: 0 seconds.
2025-10-16 17:12:41 - INFO: step3.py, <module>:    Making atom connectivity ...
2025-10-16 17:12:41 - INFO: step3.py, <module>:    Time needed: 0 seconds.
2025-10-16 17:12:41 - INFO: step3.py, <module>:    Calculating vdw ...
2025-10-16 17:12:41 - INFO: step3.py, <module>:    Time needed: 0 seconds.
2025-10-16 17:12:41 - INFO: step3.py, <module>:    Calculating torsion energy ...
2025-10-16 17:12:41 - INFO: step3.py, <module>:    Time needed: 0 seconds.
2025-10-16 17:12:41 - INFO: step3.py, <module>:    Composing head3.lst ...
2025-10-16 17:12:41 - INFO: step3.py, <module>:    Time needed: 0 seconds.
2025-10-16 17:12:41 - INFO: step3.py, <module>:    Composing opp files ...
2025-10-16 17:12:41 - INFO: step3.py, <module>:    Time needed: 0 seconds.
2025-10-16 17:12:41 - INFO: step3.py, <module>:    Total time for step3 is 19 seconds.
2026-03-30 03:40:31 - INFO: step3.py, <module>: Step 3. Energies calculation with PBE solver.
2026-03-30 03:40:31 - INFO: step3.py, <module>: Calling new VDW....No Scaling Applied
2026-03-30 03:40:31 - INFO: step3.py, <module>:    Process run time options & convert step2_out.pdb.
2026-03-30 03:40:31 - INFO: step3.py, <module>:    Prepare input for PB solver.
2026-03-30 03:40:31 - INFO: step3.py, <module>:    Time needed: 0 seconds.
2026-03-30 03:40:31 - INFO: step3.py, <module>:    Set up parallel envrionment and run PB solver.
2026-03-30 03:40:31 - INFO: step3.py, <module>:    Running PBE solver in 1 threads
2026-03-30 03:40:31 - INFO: step3.py, pbe: ForkPoolWorker-1: Calling delphi to calculate conformer (1/16) MI101A1125_001 in /tmp/pbe_data.data.home.schowdhury.Project_kinases.cof_tpl_mg.run_cof2.3LXK_MI101A1125_001
2026-03-30 03:40:34 - INFO: step3.py, pbe: ForkPoolWorker-1: Calling delphi to calculate conformer (2/16) MI101A1125_002 in /tmp/pbe_data.data.home.schowdhury.Project_kinases.cof_tpl_mg.run_cof2.3LXK_MI101A1125_002
2026-03-30 03:40:37 - INFO: step3.py, pbe: ForkPoolWorker-1: Calling delphi to calculate conformer (3/16) MI101A1125_003 in /tmp/pbe_data.data.home.schowdhury.Project_kinases.cof_tpl_mg.run_cof2.3LXK_MI101A1125_003
2026-03-30 03:40:40 - INFO: step3.py, pbe: ForkPoolWorker-1: Calling delphi to calculate conformer (4/16) MI101A1125_004 in /tmp/pbe_data.data.home.schowdhury.Project_kinases.cof_tpl_mg.run_cof2.3LXK_MI101A1125_004
2026-03-30 03:40:43 - INFO: step3.py, pbe: ForkPoolWorker-1: Calling delphi to calculate conformer (5/16) MI101A1125_005 in /tmp/pbe_data.data.home.schowdhury.Project_kinases.cof_tpl_mg.run_cof2.3LXK_MI101A1125_005
2026-03-30 03:40:46 - INFO: step3.py, pbe: ForkPoolWorker-1: Calling delphi to calculate conformer (6/16) MI101A1125_006 in /tmp/pbe_data.data.home.schowdhury.Project_kinases.cof_tpl_mg.run_cof2.3LXK_MI101A1125_006
2026-03-30 03:40:49 - INFO: step3.py, pbe: ForkPoolWorker-1: Calling delphi to calculate conformer (7/16) MI101A1125_007 in /tmp/pbe_data.data.home.schowdhury.Project_kinases.cof_tpl_mg.run_cof2.3LXK_MI101A1125_007
2026-03-30 03:40:52 - INFO: step3.py, pbe: ForkPoolWorker-1: Calling delphi to calculate conformer (8/16) MI101A1125_008 in /tmp/pbe_data.data.home.schowdhury.Project_kinases.cof_tpl_mg.run_cof2.3LXK_MI101A1125_008
2026-03-30 03:40:55 - INFO: step3.py, pbe: ForkPoolWorker-1: Calling delphi to calculate conformer (9/16) MI1+1A1125_009 in /tmp/pbe_data.data.home.schowdhury.Project_kinases.cof_tpl_mg.run_cof2.3LXK_MI1+1A1125_009
2026-03-30 03:40:58 - INFO: step3.py, pbe: ForkPoolWorker-1: Calling delphi to calculate conformer (10/16) MI1+1A1125_010 in /tmp/pbe_data.data.home.schowdhury.Project_kinases.cof_tpl_mg.run_cof2.3LXK_MI1+1A1125_010
2026-03-30 03:41:00 - INFO: step3.py, pbe: ForkPoolWorker-1: Calling delphi to calculate conformer (11/16) MI1+1A1125_011 in /tmp/pbe_data.data.home.schowdhury.Project_kinases.cof_tpl_mg.run_cof2.3LXK_MI1+1A1125_011
2026-03-30 03:41:03 - INFO: step3.py, pbe: ForkPoolWorker-1: Calling delphi to calculate conformer (12/16) MI1+1A1125_012 in /tmp/pbe_data.data.home.schowdhury.Project_kinases.cof_tpl_mg.run_cof2.3LXK_MI1+1A1125_012
2026-03-30 03:41:06 - INFO: step3.py, pbe: ForkPoolWorker-1: Calling delphi to calculate conformer (13/16) MI1+1A1125_013 in /tmp/pbe_data.data.home.schowdhury.Project_kinases.cof_tpl_mg.run_cof2.3LXK_MI1+1A1125_013
2026-03-30 03:41:09 - INFO: step3.py, pbe: ForkPoolWorker-1: Calling delphi to calculate conformer (14/16) MI1+1A1125_014 in /tmp/pbe_data.data.home.schowdhury.Project_kinases.cof_tpl_mg.run_cof2.3LXK_MI1+1A1125_014
2026-03-30 03:41:12 - INFO: step3.py, pbe: ForkPoolWorker-1: Calling delphi to calculate conformer (15/16) MI1+1A1125_015 in /tmp/pbe_data.data.home.schowdhury.Project_kinases.cof_tpl_mg.run_cof2.3LXK_MI1+1A1125_015
2026-03-30 03:41:15 - INFO: step3.py, pbe: ForkPoolWorker-1: Calling delphi to calculate conformer (16/16) MI1+1A1125_016 in /tmp/pbe_data.data.home.schowdhury.Project_kinases.cof_tpl_mg.run_cof2.3LXK_MI1+1A1125_016
2026-03-30 03:41:17 - INFO: step3.py, <module>:    Time needed: 46 seconds.
2026-03-30 03:41:17 - INFO: step3.py, <module>:    Post-processing of electrostatic potential.
2026-03-30 03:41:17 - INFO: step3.py, <module>:    Processing ele pairwise interaction...
2026-03-30 03:41:17 - INFO: step3.py, <module>:    Time needed: 0 seconds.
2026-03-30 03:41:17 - INFO: step3.py, <module>:    Making atom connectivity ...
2026-03-30 03:41:17 - INFO: step3.py, <module>:    Time needed: 0 seconds.
2026-03-30 03:41:17 - INFO: step3.py, <module>:    Calculating vdw ...
2026-03-30 03:41:17 - INFO: step3.py, <module>:    Time needed: 0 seconds.
2026-03-30 03:41:17 - INFO: step3.py, <module>:    Calculating torsion energy ...
2026-03-30 03:41:17 - INFO: step3.py, <module>:    Time needed: 0 seconds.
2026-03-30 03:41:17 - INFO: step3.py, <module>:    Composing head3.lst ...
2026-03-30 03:41:17 - INFO: step3.py, <module>:    Time needed: 0 seconds.
2026-03-30 03:41:17 - INFO: step3.py, <module>:    Composing opp files ...
2026-03-30 03:41:17 - INFO: step3.py, <module>:    Time needed: 0 seconds.
2026-03-30 03:41:17 - INFO: step3.py, <module>:    Total time for step3 is 46 seconds.
