2026-09-22 10:24:43 - INFO: step3.py, <module>: Step 3. Energies calculation with PBE solver.
2026-09-22 10:24:43 - INFO: step3.py, <module>: Calling new VDW....No Scaling Applied
2026-09-22 10:24:43 - INFO: step3.py, <module>:    Process run time options & convert step2_out.pdb.
2026-09-22 10:24:43 - INFO: step3.py, <module>:    Prepare input for PB solver.
2026-09-22 10:24:43 - INFO: step3.py, <module>:    Time needed: 0 seconds.
2026-09-22 10:24:43 - INFO: step3.py, <module>:    Set up parallel envrionment and run PB solver.
2026-09-22 10:24:43 - INFO: step3.py, <module>:    Running PBE solver in 1 threads
2026-09-22 10:24:43 - INFO: step3.py, pbe: ForkPoolWorker-1: Calling delphi to calculate conformer (1/5) IRE+aA2021_001 in /tmp/pbe_data.data.home.granepura.5-Kinases.Kinases_MCCE.Trial02.run_inhib.2ITZ_IRE+aA2021_001
2026-09-22 10:24:46 - INFO: step3.py, pbe: ForkPoolWorker-1: Calling delphi to calculate conformer (2/5) IRE01A2021_002 in /tmp/pbe_data.data.home.granepura.5-Kinases.Kinases_MCCE.Trial02.run_inhib.2ITZ_IRE01A2021_002
2026-09-22 10:24:49 - INFO: step3.py, pbe: ForkPoolWorker-1: Calling delphi to calculate conformer (3/5) IRE+1A2021_003 in /tmp/pbe_data.data.home.granepura.5-Kinases.Kinases_MCCE.Trial02.run_inhib.2ITZ_IRE+1A2021_003
2026-09-22 10:24:51 - INFO: step3.py, pbe: ForkPoolWorker-1: Calling delphi to calculate conformer (4/5) IRE+2A2021_004 in /tmp/pbe_data.data.home.granepura.5-Kinases.Kinases_MCCE.Trial02.run_inhib.2ITZ_IRE+2A2021_004
2026-09-22 10:24:54 - INFO: step3.py, pbe: ForkPoolWorker-1: Calling delphi to calculate conformer (5/5) IRE+3A2021_005 in /tmp/pbe_data.data.home.granepura.5-Kinases.Kinases_MCCE.Trial02.run_inhib.2ITZ_IRE+3A2021_005
2026-09-22 10:24:57 - INFO: step3.py, <module>:    Time needed: 13 seconds.
2026-09-22 10:24:57 - INFO: step3.py, <module>:    Post-processing of electrostatic potential.
2026-09-22 10:24:57 - INFO: step3.py, <module>:    Processing ele pairwise interaction...
2026-09-22 10:24:57 - INFO: step3.py, <module>:    Time needed: 0 seconds.
2026-09-22 10:24:57 - INFO: step3.py, <module>:    Making atom connectivity ...
2026-09-22 10:24:57 - INFO: step3.py, <module>:    Time needed: 0 seconds.
2026-09-22 10:24:57 - INFO: step3.py, <module>:    Calculating vdw ...
2026-09-22 10:24:57 - INFO: step3.py, <module>:    Time needed: 0 seconds.
2026-09-22 10:24:57 - INFO: step3.py, <module>:    Calculating torsion energy ...
2026-09-22 10:24:57 - INFO: step3.py, <module>:    Time needed: 0 seconds.
2026-09-22 10:24:57 - INFO: step3.py, <module>:    Composing head3.lst ...
2026-09-22 10:24:57 - INFO: step3.py, <module>:    Time needed: 0 seconds.
2026-09-22 10:24:57 - INFO: step3.py, <module>:    Composing opp files ...
2026-09-22 10:24:57 - INFO: step3.py, <module>:    Time needed: 0 seconds.
2026-09-22 10:24:57 - INFO: step3.py, <module>:    Total time for step3 is 13 seconds.
