 ph              7.4
HIS01A0816_001 0.814
HIS01A0816_002 0.814
HIS02A0816_003 0.814
HIS02A0816_004 0.814
HIS+1A0816_005 0.410
HIS+1A0816_006 0.410
CYS01A0817_001 0.628
CYS01A0817_002 0.628
CYS01A0817_003 0.628
CYS-1A0817_004 0.000
GLU01A0818_001 0.000
GLU01A0818_002 0.000
GLU02A0818_003 0.000
GLU02A0818_004 0.000
GLU-1A0818_005 0.000
ARG01A0819_001 0.000
ARG02A0819_002 0.000
ARG03A0819_003 0.000
ARG+1A0819_004 0.000
LEU01A0820_001 0.000
PRO01A0821_001 0.000
TYR01A0822_001 0.000
TYR01A0822_002 0.000
TYR-1A0822_003 0.000
ASP01A0823_001 0.000
ASP01A0823_002 0.000
ASP01A0823_003 0.000
ASP01A0823_004 0.000
ASP02A0823_005 0.000
ASP02A0823_006 0.000
ASP02A0823_007 0.000
ASP02A0823_008 0.000
ASP-1A0823_009 0.410
ASP-1A0823_010 0.410
ALA01A0824_001 0.000
SER01A0825_001 0.836
SER01A0825_002 0.836
SER01A0825_003 0.836
SER01A0825_004 0.836
SER01A0825_005 0.836
LYS01A0826_001 0.000
LYS+1A0826_002 0.000
TRP01A0827_001 0.000
GLU01A0828_001 0.000
GLU01A0828_002 0.000
GLU02A0828_003 0.000
GLU02A0828_004 0.000
GLU-1A0828_005 0.000
PHE01A0829_001 0.000
PRO01A0830_001 0.000
ARG01A0831_001 0.000
ARG02A0831_002 0.000
ARG03A0831_003 0.000
ARG03A0831_004 0.000
ARG+1A0831_005 0.000
ASP01A0832_001 0.000
ASP01A0832_002 0.000
ASP02A0832_003 0.000
ASP02A0832_004 0.000
ASP-1A0832_005 0.000
ARG01A0833_001 0.000
ARG02A0833_002 0.000
ARG03A0833_003 0.000
ARG+1A0833_004 0.000
LEU01A0834_001 0.000
LYS01A0835_001 0.000
LYS+1A0835_002 0.000
LEU01A0836_001 0.000
LYS01A0838_001 0.000
LYS+1A0838_002 0.000
PRO01A0839_001 0.000
LEU01A0840_001 0.000
ARG01A0842_001 0.000
ARG02A0842_002 0.000
ARG03A0842_003 0.000
ARG+1A0842_004 0.000
ALA01A0844_001 0.000
PHE01A0845_001 0.000
GLN01A0847_001 0.000
GLN01A0847_002 0.000
VAL01A0848_001 0.000
ILE01A0849_001 0.000
GLU01A0850_001 0.562
GLU01A0850_002 0.562
GLU02A0850_003 0.562
GLU02A0850_004 0.562
GLU-1A0850_005 0.000
ALA01A0851_001 0.000
ASP01A0852_001 0.000
ASP01A0852_002 0.000
ASP02A0852_003 0.000
ASP02A0852_004 0.000
ASP-1A0852_005 0.000
ALA01A0853_001 0.000
PHE01A0854_001 0.000
ILE01A0856_001 0.000
ASP01A0857_001 0.000
ASP01A0857_002 0.000
ASP01A0857_003 0.000
ASP01A0857_004 0.000
ASP02A0857_005 0.000
ASP02A0857_006 0.000
ASP02A0857_007 0.000
ASP02A0857_008 0.000
ASP-1A0857_009 0.000
ASP-1A0857_010 0.000
LYS01A0858_001 0.000
LYS+1A0858_002 0.000
THR01A0859_001 0.399
THR01A0859_002 0.399
ALA01A0860_001 0.000
THR01A0861_001 0.000
CYS01A0862_001 0.595
CYS01A0862_002 0.595
CYS01A0862_003 0.595
CYS-1A0862_004 0.000
ARG01A0863_001 0.000
ARG02A0863_002 0.000
ARG03A0863_003 0.000
ARG03A0863_004 0.000
ARG+1A0863_005 0.000
THR01A0864_001 0.254
THR01A0864_002 0.254
VAL01A0865_001 0.000
ALA01A0866_001 0.000
VAL01A0867_001 0.000
LYS01A0868_001 0.000
LYS+1A0868_002 0.000
MET01A0869_001 0.000
LEU01A0870_001 0.000
LYS01A0871_001 0.000
LYS+1A0871_002 0.000
GLU01A0872_001 0.000
GLU01A0872_002 0.000
GLU02A0872_003 0.000
GLU02A0872_004 0.000
GLU-1A0872_005 0.000
ALA01A0874_001 0.000
THR01A0875_001 0.082
THR01A0875_002 0.082
HIS01A0876_001 0.805
HIS01A0876_002 0.805
HIS02A0876_003 0.805
HIS02A0876_004 0.805
HIS+1A0876_005 0.408
HIS+1A0876_006 0.408
SER01A0877_001 0.000
GLU01A0878_001 0.000
GLU01A0878_002 0.000
GLU02A0878_003 0.000
GLU02A0878_004 0.000
GLU-1A0878_005 0.000
HIS01A0879_001 0.740
HIS01A0879_002 0.740
HIS02A0879_003 0.740
HIS02A0879_004 0.740
HIS+1A0879_005 0.380
HIS+1A0879_006 0.380
ARG01A0880_001 0.000
ARG02A0880_002 0.000
ARG03A0880_003 0.000
ARG+1A0880_004 0.000
ALA01A0881_001 0.000
LEU01A0882_001 0.000
MET01A0883_001 0.000
SER01A0884_001 0.134
SER01A0884_002 0.134
GLU01A0885_001 0.000
GLU01A0885_002 0.000
GLU02A0885_003 0.000
GLU02A0885_004 0.000
GLU-1A0885_005 0.000
LEU01A0886_001 0.000
LYS01A0887_001 0.000
LYS+1A0887_002 0.000
ILE01A0888_001 0.000
LEU01A0889_001 0.000
ILE01A0890_001 0.000
HIS01A0891_001 0.132
HIS02A0891_002 0.132
HIS+1A0891_003 0.000
ILE01A0892_001 0.000
HIS01A0894_001 0.806
HIS01A0894_002 0.806
HIS02A0894_003 0.806
HIS02A0894_004 0.806
HIS+1A0894_005 0.410
HIS+1A0894_006 0.410
HIS01A0895_001 0.000
HIS02A0895_002 0.000
HIS+1A0895_003 0.000
LEU01A0896_001 0.000
ASN01A0897_001 0.000
ASN01A0897_002 0.000
VAL01A0898_001 0.000
VAL01A0899_001 0.000
ASN01A0900_001 0.012
ASN01A0900_002 0.012
LEU01A0901_001 0.000
LEU01A0902_001 0.000
ALA01A0904_001 0.000
CYS01A0905_001 0.259
CYS01A0905_002 0.259
CYS01A0905_003 0.259
CYS-1A0905_004 0.000
THR01A0906_001 0.000
THR01A0906_002 0.000
THR01A0906_003 0.000
LYS01A0907_001 0.000
LYS+1A0907_002 0.000
PRO01A0908_001 0.000
PRO01A0911_001 0.000
LEU01A0912_001 0.000
MET01A0913_001 0.000
VAL01A0914_001 0.000
ILE01A0915_001 0.000
VAL01A0916_001 0.000
GLU01A0917_001 0.000
GLU01A0917_002 0.000
GLU02A0917_003 0.000
GLU02A0917_004 0.000
GLU-1A0917_005 0.000
PHE01A0918_001 0.000
CYS01A0919_001 0.633
CYS01A0919_002 0.633
CYS01A0919_003 0.633
CYS-1A0919_004 0.000
LYS01A0920_001 0.000
LYS+1A0920_002 0.000
PHE01A0921_001 0.000
ASN01A0923_001 0.000
ASN01A0923_002 0.000
LEU01A0924_001 0.000
SER01A0925_001 0.023
SER01A0925_002 0.023
THR01A0926_001 0.441
THR01A0926_002 0.441
THR01A0926_003 0.441
TYR01A0927_001 0.000
TYR-1A0927_002 0.000
LEU01A0928_001 0.000
ARG01A0929_001 0.000
ARG02A0929_002 0.000
ARG03A0929_003 0.000
ARG+1A0929_004 0.000
SER01A0930_001 0.192
SER01A0930_002 0.192
LYS01A0931_001 0.000
LYS+1A0931_002 0.000
ARG01A0932_001 0.000
ARG02A0932_002 0.000
ARG03A0932_003 0.000
ARG+1A0932_004 0.000
ASN01A0933_001 0.407
ASN01A0933_002 0.407
GLU01A0934_001 0.000
GLU01A0934_002 0.000
GLU02A0934_003 0.000
GLU02A0934_004 0.000
GLU-1A0934_005 0.000
PHE01A0935_001 0.000
VAL01A0936_001 0.000
PRO01A0937_001 0.000
TYR01A0938_001 0.000
TYR-1A0938_002 0.000
TYR01A0996_001 0.000
TYR-1A0996_002 0.000
LYS01A0997_001 0.000
LYS+1A0997_002 0.000
ASP01A0998_001 0.000
ASP01A0998_002 0.000
ASP02A0998_003 0.000
ASP02A0998_004 0.000
ASP-1A0998_005 0.000
PHE01A0999_001 0.000
LEU01A1000_001 0.000
THR01A1001_001 0.358
THR01A1001_002 0.358
LEU01A1002_001 0.000
GLU01A1003_001 0.000
GLU01A1003_002 0.000
GLU02A1003_003 0.000
GLU02A1003_004 0.000
GLU-1A1003_005 0.000
HIS01A1004_001 0.300
HIS02A1004_002 0.300
HIS+1A1004_003 0.000
LEU01A1005_001 0.000
ILE01A1006_001 0.000
CYS01A1007_001 0.429
CYS01A1007_002 0.429
CYS01A1007_003 0.429
CYS-1A1007_004 0.000
TYR01A1008_001 0.259
TYR01A1008_002 0.259
TYR-1A1008_003 0.000
SER01A1009_001 0.074
SER01A1009_002 0.074
PHE01A1010_001 0.000
GLN01A1011_001 0.000
GLN01A1011_002 0.000
VAL01A1012_001 0.000
ALA01A1013_001 0.000
LYS01A1014_001 0.000
LYS+1A1014_002 0.000
MET01A1016_001 0.000
GLU01A1017_001 0.000
GLU01A1017_002 0.000
GLU01A1017_003 0.000
GLU01A1017_004 0.000
GLU02A1017_005 0.000
GLU02A1017_006 0.000
GLU02A1017_007 0.000
GLU02A1017_008 0.000
GLU-1A1017_009 0.323
GLU-1A1017_010 0.323
PHE01A1018_001 0.000
LEU01A1019_001 0.000
ALA01A1020_001 0.000
SER01A1021_001 0.344
SER01A1021_002 0.344
SER01A1021_003 0.344
ARG01A1022_001 0.000
ARG02A1022_002 0.000
ARG03A1022_003 0.000
ARG+1A1022_004 0.000
LYS01A1023_001 0.000
LYS+1A1023_002 0.000
CYS01A1024_001 0.586
CYS01A1024_002 0.586
CYS01A1024_003 0.586
CYS-1A1024_004 0.000
ILE01A1025_001 0.000
HIS01A1026_001 0.000
HIS02A1026_002 0.000
HIS+1A1026_003 0.000
ARG01A1027_001 0.000
ARG02A1027_002 0.000
ARG03A1027_003 0.000
ARG+1A1027_004 0.000
ASP01A1028_001 0.000
ASP01A1028_002 0.000
ASP01A1028_003 0.000
ASP01A1028_004 0.000
ASP02A1028_005 0.000
ASP02A1028_006 0.000
ASP02A1028_007 0.000
ASP02A1028_008 0.000
ASP-1A1028_009 0.000
ASP-1A1028_010 0.000
LEU01A1029_001 0.000
ALA01A1030_001 0.000
ALA01A1031_001 0.000
ARG01A1032_001 0.000
ARG02A1032_002 0.000
ARG02A1032_003 0.000
ARG03A1032_004 0.000
ARG03A1032_005 0.000
ARG+1A1032_006 0.000
ASN01A1033_001 0.000
ASN01A1033_002 0.000
ILE01A1034_001 0.000
LEU01A1035_001 0.000
LEU01A1036_001 0.000
SER01A1037_001 0.098
SER01A1037_002 0.098
GLU01A1038_001 0.000
GLU01A1038_002 0.000
GLU02A1038_003 0.000
GLU02A1038_004 0.000
GLU-1A1038_005 0.000
LYS01A1039_001 0.000
LYS+1A1039_002 0.000
ASN01A1040_001 0.466
ASN01A1040_002 0.466
ASN01A1040_003 0.466
VAL01A1041_001 0.000
VAL01A1042_001 0.000
LYS01A1043_001 0.000
LYS+1A1043_002 0.000
ILE01A1044_001 0.000
CYS01A1045_001 0.644
CYS01A1045_002 0.644
CYS01A1045_003 0.644
CYS-1A1045_004 0.000
ASP01A1046_001 0.000
ASP01A1046_002 0.000
ASP02A1046_003 0.000
ASP02A1046_004 0.000
ASP-1A1046_005 0.000
PHE01A1047_001 0.000
LEU01A1049_001 0.000
ALA01A1050_001 0.000
ARG01A1051_001 0.000
ARG02A1051_002 0.000
ARG02A1051_003 0.000
ARG03A1051_004 0.000
ARG+1A1051_005 0.000
ASP01A1052_001 0.000
ASP01A1052_002 0.000
ASP02A1052_003 0.000
ASP02A1052_004 0.000
ASP-1A1052_005 0.000
ILE01A1053_001 0.000
TYR01A1054_001 0.000
TYR-1A1054_002 0.000
LYS01A1055_001 0.000
LYS+1A1055_002 0.000
ASP01A1056_001 0.000
ASP01A1056_002 0.000
ASP02A1056_003 0.000
ASP02A1056_004 0.000
ASP-1A1056_005 0.000
PRO01A1057_001 0.000
ASP01A1058_001 0.000
ASP01A1058_002 0.000
ASP02A1058_003 0.000
ASP02A1058_004 0.000
ASP-1A1058_005 0.000
TYR01A1059_001 0.000
TYR01A1059_002 0.000
TYR-1A1059_003 0.000
VAL01A1060_001 0.000
ARG01A1061_001 0.000
ARG02A1061_002 0.000
ARG03A1061_003 0.000
ARG+1A1061_004 0.000
LYS01A1062_001 0.000
LYS+1A1062_002 0.000
ASP01A1064_001 0.000
ASP01A1064_002 0.000
ASP02A1064_003 0.000
ASP02A1064_004 0.000
ASP-1A1064_005 0.000
ALA01A1065_001 0.000
ARG01A1066_001 0.000
ARG02A1066_002 0.000
ARG03A1066_003 0.000
ARG+1A1066_004 0.000
LEU01A1067_001 0.000
PRO01A1068_001 0.000
LEU01A1069_001 0.000
LYS01A1070_001 0.000
LYS+1A1070_002 0.000
TRP01A1071_001 0.000
MET01A1072_001 0.000
ALA01A1073_001 0.000
PRO01A1074_001 0.000
GLU01A1075_001 0.000
GLU01A1075_002 0.000
GLU02A1075_003 0.000
GLU02A1075_004 0.000
GLU-1A1075_005 0.000
THR01A1076_001 0.253
THR01A1076_002 0.253
THR01A1076_003 0.253
ILE01A1077_001 0.000
PHE01A1078_001 0.000
ASP01A1079_001 0.000
ASP01A1079_002 0.000
ASP02A1079_003 0.000
ASP02A1079_004 0.000
ASP-1A1079_005 0.000
ARG01A1080_001 0.000
ARG02A1080_002 0.000
ARG02A1080_003 0.000
ARG03A1080_004 0.000
ARG+1A1080_005 0.000
VAL01A1081_001 0.000
TYR01A1082_001 0.374
TYR01A1082_002 0.374
TYR-1A1082_003 0.000
THR01A1083_001 0.145
THR01A1083_002 0.145
ILE01A1084_001 0.000
GLN01A1085_001 0.404
GLN01A1085_002 0.404
SER01A1086_001 0.271
SER01A1086_002 0.271
ASP01A1087_001 0.000
ASP01A1087_002 0.000
ASP02A1087_003 0.000
ASP02A1087_004 0.000
ASP-1A1087_005 0.000
VAL01A1088_001 0.000
TRP01A1089_001 0.000
SER01A1090_001 0.182
SER01A1090_002 0.182
PHE01A1091_001 0.000
VAL01A1093_001 0.000
LEU01A1094_001 0.000
LEU01A1095_001 0.000
TRP01A1096_001 0.000
GLU01A1097_001 0.297
GLU01A1097_002 0.297
GLU02A1097_003 0.297
GLU02A1097_004 0.297
GLU-1A1097_005 0.000
ILE01A1098_001 0.000
PHE01A1099_001 0.000
SER01A1100_001 0.002
SER01A1100_002 0.002
LEU01A1101_001 0.000
ALA01A1103_001 0.000
SER01A1104_001 0.404
SER01A1104_002 0.404
SER01A1104_003 0.404
SER01A1104_004 0.404
PRO01A1105_001 0.000
TYR01A1106_001 0.000
TYR-1A1106_002 0.000
PRO01A1107_001 0.000
VAL01A1109_001 0.000
LYS01A1110_001 0.000
LYS+1A1110_002 0.000
ILE01A1111_001 0.000
ASP01A1112_001 0.000
ASP01A1112_002 0.000
ASP02A1112_003 0.000
ASP02A1112_004 0.000
ASP-1A1112_005 0.000
GLU01A1113_001 0.000
GLU01A1113_002 0.000
GLU02A1113_003 0.000
GLU02A1113_004 0.000
GLU-1A1113_005 0.000
GLU01A1114_001 0.000
GLU01A1114_002 0.000
GLU01A1114_003 0.000
GLU01A1114_004 0.000
GLU02A1114_005 0.000
GLU02A1114_006 0.000
GLU02A1114_007 0.000
GLU02A1114_008 0.000
GLU-1A1114_009 0.060
GLU-1A1114_010 0.060
PHE01A1115_001 0.000
CYS01A1116_001 0.585
CYS01A1116_002 0.585
CYS01A1116_003 0.585
CYS-1A1116_004 0.000
ARG01A1117_001 0.000
ARG02A1117_002 0.000
ARG02A1117_003 0.000
ARG03A1117_004 0.000
ARG03A1117_005 0.000
ARG+1A1117_006 0.000
ARG01A1118_001 0.000
ARG02A1118_002 0.000
ARG03A1118_003 0.000
ARG+1A1118_004 0.000
LEU01A1119_001 0.000
LYS01A1120_001 0.000
LYS+1A1120_002 0.000
GLU01A1121_001 0.000
GLU01A1121_002 0.000
GLU02A1121_003 0.000
GLU02A1121_004 0.000
GLU-1A1121_005 0.000
THR01A1123_001 0.247
THR01A1123_002 0.247
ARG01A1124_001 0.000
ARG02A1124_002 0.000
ARG02A1124_003 0.000
ARG03A1124_004 0.000
ARG+1A1124_005 0.000
MET01A1125_001 0.000
ARG01A1126_001 0.000
ARG02A1126_002 0.000
ARG02A1126_003 0.000
ARG03A1126_004 0.000
ARG+1A1126_005 0.000
ALA01A1127_001 0.000
PRO01A1128_001 0.000
ASP01A1129_001 0.000
ASP01A1129_002 0.000
ASP02A1129_003 0.000
ASP02A1129_004 0.000
ASP-1A1129_005 0.000
TYR01A1130_001 0.307
TYR01A1130_002 0.307
TYR-1A1130_003 0.000
THR01A1131_001 0.092
THR01A1131_002 0.092
THR01A1132_001 0.004
THR01A1132_002 0.004
THR01A1132_003 0.004
PRO01A1133_001 0.000
GLU01A1134_001 0.000
GLU01A1134_002 0.000
GLU02A1134_003 0.000
GLU02A1134_004 0.000
GLU-1A1134_005 0.000
MET01A1135_001 0.000
TYR01A1136_001 0.023
TYR01A1136_002 0.023
TYR-1A1136_003 0.000
GLN01A1137_001 0.040
GLN01A1137_002 0.040
THR01A1138_001 0.326
THR01A1138_002 0.326
THR01A1138_003 0.326
MET01A1139_001 0.000
LEU01A1140_001 0.000
ASP01A1141_001 0.568
ASP01A1141_002 0.568
ASP02A1141_003 0.568
ASP02A1141_004 0.568
ASP-1A1141_005 0.000
CYS01A1142_001 0.538
CYS01A1142_002 0.538
CYS01A1142_003 0.538
CYS-1A1142_004 0.000
TRP01A1143_001 0.000
HIS01A1144_001 0.000
HIS02A1144_002 0.000
HIS+1A1144_003 0.000
GLU01A1146_001 0.000
GLU01A1146_002 0.000
GLU02A1146_003 0.000
GLU02A1146_004 0.000
GLU-1A1146_005 0.000
PRO01A1147_001 0.000
SER01A1148_001 0.380
SER01A1148_002 0.380
GLN01A1149_001 0.408
GLN01A1149_002 0.408
ARG01A1150_001 0.000
ARG02A1150_002 0.000
ARG02A1150_003 0.000
ARG03A1150_004 0.000
ARG03A1150_005 0.000
ARG+1A1150_006 0.000
PRO01A1151_001 0.000
THR01A1152_001 0.368
THR01A1152_002 0.368
THR01A1152_003 0.368
PHE01A1153_001 0.000
SER01A1154_001 0.669
SER01A1154_002 0.669
SER01A1154_003 0.669
SER01A1154_004 0.669
SER01A1154_005 0.669
GLU01A1155_001 0.635
GLU01A1155_002 0.635
GLU02A1155_003 0.635
GLU02A1155_004 0.635
GLU-1A1155_005 0.000
LEU01A1156_001 0.000
VAL01A1157_001 0.000
GLU01A1158_001 0.000
GLU01A1158_002 0.000
GLU02A1158_003 0.000
GLU02A1158_004 0.000
GLU-1A1158_005 0.000
HIS01A1159_001 0.715
HIS01A1159_002 0.715
HIS02A1159_003 0.715
HIS02A1159_004 0.715
HIS+1A1159_005 0.410
HIS+1A1159_006 0.410
LEU01A1160_001 0.000
ASN01A1162_001 0.343
ASN01A1162_002 0.343
LEU01A1163_001 0.000
LEU01A1164_001 0.000
GLN01A1165_001 0.410
GLN01A1165_002 0.410
ALA01A1166_001 0.000
ASN01A1167_001 0.407
ASN01A1167_002 0.407
ALA01A1168_001 0.000
