 ph              7.4
ARG+A0705_      1.00
LYS+A0708_      0.99
GLU-A0709_     -0.99
GLU-A0711_     -0.99
LYS+A0713_      0.44
LYS+A0714_      0.95
LYS+A0716_      0.97
TYR-A0727_      0.00
LYS+A0728_      0.82
GLU-A0734_     -1.00
GLU-A0736_     -1.00
LYS+A0737_      1.00
LYS+A0739_      1.00
LYS+A0745_      1.00
GLU-A0746_     -0.99
LYS+A0757_      1.00
GLU-A0758_     -1.00
ASP-A0761_     -1.00
GLU-A0762_     -1.00
TYR-A0764_     -0.00
ASP-A0770_     -1.00
HIS+A0773_      0.02
CYS-A0775_     -0.98
ARG+A0776_      1.00
CYS-A0781_      0.00
CYS-A0797_     -0.00
ASP-A0800_     -1.00
TYR-A0801_      0.00
ARG+A0803_      1.00
GLU-A0804_     -1.00
HIS+A0805_      0.82
LYS+A0806_      1.00
ASP-A0807_     -1.00
TYR-A0813_     -0.01
CYS-A0818_      0.00
LYS+A0823_      0.99
TYR-A0827_     -0.00
GLU-A0829_     -1.00
ASP-A0830_     -1.00
ARG+A0831_      1.00
ARG+A0832_      1.00
HIS+A0835_      0.00
ARG+A0836_      1.00
ASP-A0837_     -1.00
ARG+A0841_      1.00
LYS+A0846_      1.00
HIS+A0850_      0.00
LYS+A0852_      1.00
ASP-A0855_     -0.98
LYS+A0860_      1.00
GLU-A0866_     -0.97
LYS+A0867_      1.00
GLU-A0868_     -0.99
TYR-A0869_      0.00
HIS+A0870_      0.72
GLU-A0872_     -1.00
LYS+A0875_      0.93
LYS+A0879_      0.97
GLU-A0884_     -1.00
HIS+A0888_      0.64
ARG+A0889_      1.00
TYR-A0891_      0.00
HIS+A0893_      0.46
ASP-A0896_     -1.00
TYR-A0900_      0.00
GLU-A0906_     -0.99
LYS+A0913_      1.00
TYR-A0915_      0.00
ASP-A0916_     -1.00
GLU-A0922_     -1.00
GLU-A0928_     -0.99
LYS+A0929_      0.99
GLU-A0931_     -1.00
ARG+A0932_      1.00
CYS-A0939_      0.00
ASP-A0942_     -1.00
TYR-A0944_      0.00
LYS+A0949_      1.00
CYS-A0950_      0.00
ASP-A0954_     -1.00
ASP-A0956_     -1.00
ARG+A0958_      1.00
LYS+A0960_      1.00
ARG+A0962_      1.00
GLU-A0963_     -1.00
GLU-A0967_     -1.00
LYS+A0970_      1.00
ARG+A0973_      1.00
ASP-A0974_     -1.00
ARG+A0977_      1.00
TYR-A0978_      0.00
ASP-A0984_     -0.99
ASP-A1008_     -1.00
ASP-A1009_     -1.00
ASP-A1012_     -1.00
ASP-A1014_     -1.00
GLU-A1015_     -0.99
TYR-A1016_      0.00
---------------------
Net_Charge     -2.16
Protons        -2.16
Electrons       0.00
