ForkPoolWorker-1: Calling delphi to calculate conformer _CL-1A2020_001 in /tmp/pbe_data.data.home.granepura.5-kinases.cof_tpl_mg.run_cof2.2itz__CL-1A2020_001
ForkPoolWorker-1: Calling delphi to calculate conformer IRE+aA2021_001 in /tmp/pbe_data.data.home.granepura.5-kinases.cof_tpl_mg.run_cof2.2itz_IRE+aA2021_001
ForkPoolWorker-1: Calling delphi to calculate conformer IRE01A2021_002 in /tmp/pbe_data.data.home.granepura.5-kinases.cof_tpl_mg.run_cof2.2itz_IRE01A2021_002
ForkPoolWorker-1: Calling delphi to calculate conformer IRE+1A2021_003 in /tmp/pbe_data.data.home.granepura.5-kinases.cof_tpl_mg.run_cof2.2itz_IRE+1A2021_003
ForkPoolWorker-1: Calling delphi to calculate conformer IRE+2A2021_004 in /tmp/pbe_data.data.home.granepura.5-kinases.cof_tpl_mg.run_cof2.2itz_IRE+2A2021_004
ForkPoolWorker-1: Calling delphi to calculate conformer IRE+3A2021_005 in /tmp/pbe_data.data.home.granepura.5-kinases.cof_tpl_mg.run_cof2.2itz_IRE+3A2021_005
ForkPoolWorker-1: Calling delphi to calculate conformer _CL-1A2020_001 in /tmp/pbe_data.data.home.granepura.5-kinases.cof_tpl_mg.run_cof2.2ITZ__CL-1A2020_001
ForkPoolWorker-1: Calling delphi to calculate conformer IRE+aA2021_001 in /tmp/pbe_data.data.home.granepura.5-kinases.cof_tpl_mg.run_cof2.2ITZ_IRE+aA2021_001
ForkPoolWorker-1: Calling delphi to calculate conformer IRE01A2021_002 in /tmp/pbe_data.data.home.granepura.5-kinases.cof_tpl_mg.run_cof2.2ITZ_IRE01A2021_002
ForkPoolWorker-1: Calling delphi to calculate conformer IRE+1A2021_003 in /tmp/pbe_data.data.home.granepura.5-kinases.cof_tpl_mg.run_cof2.2ITZ_IRE+1A2021_003
ForkPoolWorker-1: Calling delphi to calculate conformer IRE+2A2021_004 in /tmp/pbe_data.data.home.granepura.5-kinases.cof_tpl_mg.run_cof2.2ITZ_IRE+2A2021_004
ForkPoolWorker-1: Calling delphi to calculate conformer IRE+3A2021_005 in /tmp/pbe_data.data.home.granepura.5-kinases.cof_tpl_mg.run_cof2.2ITZ_IRE+3A2021_005
ForkPoolWorker-1: Calling delphi to calculate conformer _CL-1A2020_001 in /tmp/pbe_data.data.home.granepura.5-kinases.cof_tpl_mg.run_cof2.2ITZ__CL-1A2020_001
ForkPoolWorker-1: Calling delphi to calculate conformer IRE+aA2021_001 in /tmp/pbe_data.data.home.granepura.5-kinases.cof_tpl_mg.run_cof2.2ITZ_IRE+aA2021_001
ForkPoolWorker-1: Calling delphi to calculate conformer IRE01A2021_002 in /tmp/pbe_data.data.home.granepura.5-kinases.cof_tpl_mg.run_cof2.2ITZ_IRE01A2021_002
ForkPoolWorker-1: Calling delphi to calculate conformer IRE+1A2021_003 in /tmp/pbe_data.data.home.granepura.5-kinases.cof_tpl_mg.run_cof2.2ITZ_IRE+1A2021_003
ForkPoolWorker-1: Calling delphi to calculate conformer IRE+2A2021_004 in /tmp/pbe_data.data.home.granepura.5-kinases.cof_tpl_mg.run_cof2.2ITZ_IRE+2A2021_004
ForkPoolWorker-1: Calling delphi to calculate conformer IRE+3A2021_005 in /tmp/pbe_data.data.home.granepura.5-kinases.cof_tpl_mg.run_cof2.2ITZ_IRE+3A2021_005
ForkPoolWorker-1: Calling delphi to calculate conformer _CL-1A2020_001 in /tmp/pbe_data.data.home.granepura.5-kinases.cof_tpl_mg.run_cof2.2ITZ__CL-1A2020_001
ForkPoolWorker-1: Calling delphi to calculate conformer IRE+aA2021_001 in /tmp/pbe_data.data.home.granepura.5-kinases.cof_tpl_mg.run_cof2.2ITZ_IRE+aA2021_001
ForkPoolWorker-1: Calling delphi to calculate conformer IRE01A2021_002 in /tmp/pbe_data.data.home.granepura.5-kinases.cof_tpl_mg.run_cof2.2ITZ_IRE01A2021_002
ForkPoolWorker-1: Calling delphi to calculate conformer IRE+1A2021_003 in /tmp/pbe_data.data.home.granepura.5-kinases.cof_tpl_mg.run_cof2.2ITZ_IRE+1A2021_003
ForkPoolWorker-1: Calling delphi to calculate conformer IRE+2A2021_004 in /tmp/pbe_data.data.home.granepura.5-kinases.cof_tpl_mg.run_cof2.2ITZ_IRE+2A2021_004
ForkPoolWorker-1: Calling delphi to calculate conformer IRE+3A2021_005 in /tmp/pbe_data.data.home.granepura.5-kinases.cof_tpl_mg.run_cof2.2ITZ_IRE+3A2021_005
ForkPoolWorker-1: Calling delphi to calculate conformer _CL-1A2020_001 in /tmp/pbe_data.data.home.granepura.5-kinases.cof_tpl_mg.run_cof2.2ITZ__CL-1A2020_001
ForkPoolWorker-1: Calling delphi to calculate conformer IRE+aA2021_001 in /tmp/pbe_data.data.home.granepura.5-kinases.cof_tpl_mg.run_cof2.2ITZ_IRE+aA2021_001
ForkPoolWorker-1: Calling delphi to calculate conformer IRE01A2021_002 in /tmp/pbe_data.data.home.granepura.5-kinases.cof_tpl_mg.run_cof2.2ITZ_IRE01A2021_002
ForkPoolWorker-1: Calling delphi to calculate conformer IRE+1A2021_003 in /tmp/pbe_data.data.home.granepura.5-kinases.cof_tpl_mg.run_cof2.2ITZ_IRE+1A2021_003
ForkPoolWorker-1: Calling delphi to calculate conformer IRE+2A2021_004 in /tmp/pbe_data.data.home.granepura.5-kinases.cof_tpl_mg.run_cof2.2ITZ_IRE+2A2021_004
ForkPoolWorker-1: Calling delphi to calculate conformer IRE+3A2021_005 in /tmp/pbe_data.data.home.granepura.5-kinases.cof_tpl_mg.run_cof2.2ITZ_IRE+3A2021_005
ForkPoolWorker-1: Calling delphi to calculate conformer _CL-1A2020_001 in /tmp/pbe_data.data.home.granepura.5-kinases.cof_tpl_mg.run_cof2.2ITZ__CL-1A2020_001
ForkPoolWorker-1: Calling delphi to calculate conformer IRE+aA2021_001 in /tmp/pbe_data.data.home.granepura.5-kinases.cof_tpl_mg.run_cof2.2ITZ_IRE+aA2021_001
ForkPoolWorker-1: Calling delphi to calculate conformer IRE01A2021_002 in /tmp/pbe_data.data.home.granepura.5-kinases.cof_tpl_mg.run_cof2.2ITZ_IRE01A2021_002
ForkPoolWorker-1: Calling delphi to calculate conformer IRE+1A2021_003 in /tmp/pbe_data.data.home.granepura.5-kinases.cof_tpl_mg.run_cof2.2ITZ_IRE+1A2021_003
ForkPoolWorker-1: Calling delphi to calculate conformer IRE+2A2021_004 in /tmp/pbe_data.data.home.granepura.5-kinases.cof_tpl_mg.run_cof2.2ITZ_IRE+2A2021_004
ForkPoolWorker-1: Calling delphi to calculate conformer IRE+3A2021_005 in /tmp/pbe_data.data.home.granepura.5-kinases.cof_tpl_mg.run_cof2.2ITZ_IRE+3A2021_005
ForkPoolWorker-1: Calling delphi to calculate conformer (1/6) _CL-1A2020_001 in /tmp/pbe_data.data.home.schowdhury.Project_kinases.cof_tpl_mg.run_cof2.2ITZ__CL-1A2020_001
ForkPoolWorker-1: Calling delphi to calculate conformer (2/6) IRE+aA2021_001 in /tmp/pbe_data.data.home.schowdhury.Project_kinases.cof_tpl_mg.run_cof2.2ITZ_IRE+aA2021_001
ForkPoolWorker-1: Calling delphi to calculate conformer (3/6) IRE01A2021_002 in /tmp/pbe_data.data.home.schowdhury.Project_kinases.cof_tpl_mg.run_cof2.2ITZ_IRE01A2021_002
ForkPoolWorker-1: Calling delphi to calculate conformer (4/6) IRE+1A2021_003 in /tmp/pbe_data.data.home.schowdhury.Project_kinases.cof_tpl_mg.run_cof2.2ITZ_IRE+1A2021_003
ForkPoolWorker-1: Calling delphi to calculate conformer (5/6) IRE+2A2021_004 in /tmp/pbe_data.data.home.schowdhury.Project_kinases.cof_tpl_mg.run_cof2.2ITZ_IRE+2A2021_004
ForkPoolWorker-1: Calling delphi to calculate conformer (6/6) IRE+3A2021_005 in /tmp/pbe_data.data.home.schowdhury.Project_kinases.cof_tpl_mg.run_cof2.2ITZ_IRE+3A2021_005
