INFO - step3.py: Step 3. Energies calculation with PBE solver.
INFO - step3.py: Calling new VDW....No Scaling Applied
INFO - step3.py:    Process run time options & convert step2_out.pdb.
INFO - step3.py:    Prepare input for PB solver.
INFO - step3.py:    Time needed: 0 seconds.
INFO - step3.py:    Set up parallel envrionment and run PB solver.
INFO - step3.py:    Running PBE solver in 1 threads
Warning: VDW_RAD HOH-1 " O  " not defined in RADIUS parameter
Warning: VDW_RAD HOH-1 " H1 " not defined in RADIUS parameter
Warning: VDW_RAD HOH+1 " O  " not defined in RADIUS parameter
Warning: VDW_RAD HOH+1 " H1 " not defined in RADIUS parameter
Warning: VDW_RAD HOH+1 " H2 " not defined in RADIUS parameter
Warning: VDW_RAD HOH+1 " H3 " not defined in RADIUS parameter
Warning: VDW_RAD SO401 " HO1" not defined in RADIUS parameter
Warning: VDW_RAD SO401 " HO2" not defined in RADIUS parameter
Warning: VDW_RAD SO4-1 " HO1" not defined in RADIUS parameter
INFO - step3.py:    Time needed: 0 seconds.
INFO - step3.py:    Post-processing of electrostatic potential.
INFO - step3.py:    Processing ele pairwise interaction...
INFO - step3.py:    Time needed: 0 seconds.
INFO - step3.py:    Making atom connectivity ...
INFO - step3.py:    Time needed: 0 seconds.
INFO - step3.py:    Calculating vdw ...
INFO - step3.py:    Time needed: 0 seconds.
INFO - step3.py:    Calculating torsion energy ...
INFO - step3.py:    Time needed: 0 seconds.
INFO - step3.py:    Composing head3.lst ...
INFO - step3.py:    Time needed: 0 seconds.
INFO - step3.py:    Composing opp files ...
INFO - step3.py:    Time needed: 0 seconds.
Traceback (most recent call last):
  File "/home/schowdhury/MCCE4-Alpha/bin/step3.py", line 1801, in <module>
    reset_ligated_pw()
  File "/home/schowdhury/MCCE4-Alpha/bin/step3.py", line 559, in reset_ligated_pw
    for fname in os.listdir(opp_dir):
FileNotFoundError: [Errno 2] No such file or directory: 'energies'
