================================================================================
LOADED 37 PDB ENTRIES from /home/granepura/5-kinases/cof_tpl_mg/pdb_inhibitor.lst
================================================================================

================================================================================
PROCESSING PDB DIRECTORIES
================================================================================

[ 1/37] 1XKK                      │ Lapatinib       │ Code: FMM
      ├─ ✅ Found 98 shared residues
      │    • Top residues: LYS:21, GLU:20, ASP:17
      └─ ✅ Plot saved: plots_kin_vs_prot/1XKK_Lapatinib.png

[ 2/37] 2EUF                      │ Palbociclib     │ Code: LQQ
      ├─ ❌ Missing: run_prot/sum_crg.out
      ├─ ❌ Missing: run_kin/sum_crg.out
      └─ ⚠️  SKIPPED (files missing)

[ 3/37] 2HYY                      │ Imatinib        │ Code: STI
      ├─ ✅ Found 91 shared residues
      │    • Top residues: GLU:26, LYS:18, TYR:15
      └─ ✅ Plot saved: plots_kin_vs_prot/2HYY_Imatinib.png

[ 4/37] 2ITO                      │ Gefitinib       │ Code: IRE
      ├─ ✅ Found 104 shared residues
      │    • Top residues: GLU:24, LYS:21, ASP:20
      └─ ✅ Plot saved: plots_kin_vs_prot/2ITO_Gefitinib.png

[ 5/37] 2ITY                      │ Gefitinib       │ Code: IRE
      ├─ ✅ Found 103 shared residues
      │    • Top residues: GLU:23, LYS:21, ASP:20
      └─ ✅ Plot saved: plots_kin_vs_prot/2ITY_Gefitinib.png

[ 6/37] 2ITZ                      │ Gefitinib       │ Code: IRE
      ├─ ✅ Found 105 shared residues
      │    • Top residues: GLU:23, LYS:21, ASP:20
      └─ ✅ Plot saved: plots_kin_vs_prot/2ITZ_Gefitinib.png

[ 7/37] 2WGJ                      │ Crizotinib      │ Code: VGH
      ├─ ✅ Found 89 shared residues
      │    • Top residues: LYS:20, ASP:14, GLU:14
      └─ ✅ Plot saved: plots_kin_vs_prot/2WGJ_Crizotinib.png

[ 8/37] 2XP2                      │ Crizotinib      │ Code: VGH
      ├─ ✅ Found 86 shared residues
      │    • Top residues: GLU:20, ARG:17, ASP:14
      └─ ✅ Plot saved: plots_kin_vs_prot/2XP2_Crizotinib.png

[ 9/37] 2YFX                      │ Crizotinib      │ Code: VGH
      ├─ ✅ Found 87 shared residues
      │    • Top residues: GLU:20, ARG:17, ASP:14
      └─ ✅ Plot saved: plots_kin_vs_prot/2YFX_Crizotinib.png

[10/37] 3AOX                      │ Alectinib       │ Code: EMH
      ├─ ✅ Found 89 shared residues
      │    • Top residues: GLU:20, ARG:17, ASP:15
      └─ ✅ Plot saved: plots_kin_vs_prot/3AOX_Alectinib.png

[11/37] 3CS9                      │ Nilotinib       │ Code: NIL
      ├─ ✅ Found 93 shared residues
      │    • Top residues: GLU:27, LYS:19, TYR:15
      └─ ✅ Plot saved: plots_kin_vs_prot/3CS9_Nilotinib.png

[12/37] 3LXK                      │ Tofacitinib     │ Code: MI1
      ├─ ✅ Found 93 shared residues
      │    • Top residues: ARG:22, GLU:17, ASP:16
      └─ ✅ Plot saved: plots_kin_vs_prot/3LXK_Tofacitinib.png

[13/37] 3PYY                      │ Imatinib        │ Code: STI
      ├─ ✅ Found 94 shared residues
      │    • Top residues: GLU:27, LYS:19, TYR:16
      └─ ✅ Plot saved: plots_kin_vs_prot/3PYY_Imatinib.png

[14/37] 3UE4                      │ Bosutinib       │ Code: DB8
      ├─ ✅ Found 95 shared residues
      │    • Top residues: GLU:28, LYS:19, TYR:15
      └─ ✅ Plot saved: plots_kin_vs_prot/3UE4_Bosutinib.png

[15/37] 3UG2                      │ Gefitinib       │ Code: IRE
      ├─ ✅ Found 106 shared residues
      │    • Top residues: GLU:24, LYS:23, ASP:19
      └─ ✅ Plot saved: plots_kin_vs_prot/3UG2_Gefitinib.png

[16/37] 3WZD                      │ Lenvatinib      │ Code: LEV
      ├─ ✅ Found 93 shared residues
      │    • Top residues: GLU:20, LYS:19, ARG:15
      └─ ✅ Plot saved: plots_kin_vs_prot/3WZD_Lenvatinib.png

[17/37] 3WZE                      │ Sorafenib       │ Code: BAX
      ├─ ✅ Found 108 shared residues
      │    • Top residues: GLU:21, LYS:21, ARG:20
      └─ ✅ Plot saved: plots_kin_vs_prot/3WZE_Sorafenib.png

[18/37] 3ZOS                      │ Ponatinib       │ Code: 0LI
      ├─ ✅ Found 92 shared residues
      │    • Top residues: ARG:24, ASP:19, GLU:17
      └─ ✅ Plot saved: plots_kin_vs_prot/3ZOS_Ponatinib.png

[19/37] 4AG8                      │ Axitinib        │ Code: AXI
      ├─ ✅ Found 106 shared residues
      │    • Top residues: ARG:20, GLU:20, LYS:20
      └─ ✅ Plot saved: plots_kin_vs_prot/4AG8_Axitinib.png

[20/37] 4AGC                      │ Axitinib        │ Code: AXI
      ├─ ✅ Found 106 shared residues
      │    • Top residues: GLU:20, LYS:20, ARG:19
      └─ ✅ Plot saved: plots_kin_vs_prot/4AGC_Axitinib.png

[21/37] 4AGD                      │ Sunitinib       │ Code: B49
      ├─ ✅ Found 105 shared residues
      │    • Top residues: GLU:20, LYS:20, ARG:19
      └─ ✅ Plot saved: plots_kin_vs_prot/4AGD_Sunitinib.png

[22/37] 4AN2                      │ Cobimetinib     │ Code: EUI
      ├─ ✅ Found 90 shared residues
      │    • Top residues: GLU:21, LYS:19, ASP:15
      └─ ✅ Plot saved: plots_kin_vs_prot/4AN2_Cobimetinib.png

[23/37] 4ANQ                      │ Crizotinib      │ Code: VGH
      ├─ ✅ Found 87 shared residues
      │    • Top residues: GLU:20, ARG:17, ASP:14
      └─ ✅ Plot saved: plots_kin_vs_prot/4ANQ_Crizotinib.png

[24/37] 4ANS                      │ Crizotinib      │ Code: VGH
      ├─ ✅ Found 87 shared residues
      │    • Top residues: GLU:20, ARG:17, ASP:14
      └─ ✅ Plot saved: plots_kin_vs_prot/4ANS_Crizotinib.png

[25/37] 4ASD                      │ Sorafenib       │ Code: BAX
      ├─ ✅ Found 111 shared residues
      │    • Top residues: GLU:22, ARG:20, LYS:20
      └─ ✅ Plot saved: plots_kin_vs_prot/4ASD_Sorafenib.png

[26/37] 4G5J                      │ Afatinib        │ Code: 0WN
      ├─ ✅ Found 110 shared residues
      │    • Top residues: GLU:25, LYS:22, ASP:21
      └─ ✅ Plot saved: plots_kin_vs_prot/4G5J_Afatinib.png

[27/37] 4G5P                      │ Afatinib        │ Code: 0WN
      ├─ ✅ Found 104 shared residues
      │    • Top residues: GLU:24, LYS:23, ASP:17
      └─ ✅ Plot saved: plots_kin_vs_prot/4G5P_Afatinib.png

[28/37] 4I22                      │ Gefitinib       │ Code: IRE
      ├─ ✅ Found 103 shared residues
      │    • Top residues: ASP:21, LYS:21, GLU:19
      └─ ✅ Plot saved: plots_kin_vs_prot/4I22_Gefitinib.png

[29/37] 4LMN                      │ Cobimetinib     │ Code: EUI
      ├─ ✅ Found 91 shared residues
      │    • Top residues: GLU:21, LYS:20, ASP:16
      └─ ✅ Plot saved: plots_kin_vs_prot/4LMN_Cobimetinib.png

[30/37] 4MKC                      │ Ceritinib       │ Code: 4MK
      ├─ ✅ Found 92 shared residues
      │    • Top residues: GLU:20, ARG:18, ASP:14
      └─ ✅ Plot saved: plots_kin_vs_prot/4MKC_Ceritinib.png

[31/37] 4WKQ                      │ Gefitinib       │ Code: IRE
      ├─ ✅ Found 101 shared residues
      │    • Top residues: LYS:23, GLU:22, ASP:18
      └─ ✅ Plot saved: plots_kin_vs_prot/4WKQ_Gefitinib.png

[32/37] 4ZAU                      │ Osimertinib     │ Code: YY3
      ├─ ✅ Found 98 shared residues
      │    • Top residues: LYS:22, GLU:20, ASP:18
      └─ ✅ Plot saved: plots_kin_vs_prot/4ZAU_Osimertinib.png

[33/37] 5AAA                      │ Crizotinib      │ Code: VGH
      ├─ ✅ Found 88 shared residues
      │    • Top residues: GLU:20, ARG:17, ASP:14
      └─ ✅ Plot saved: plots_kin_vs_prot/5AAA_Crizotinib.png

[34/37] 5AAB                      │ Crizotinib      │ Code: VGH
      ├─ ✅ Found 88 shared residues
      │    • Top residues: GLU:20, ARG:17, ASP:14
      └─ ✅ Plot saved: plots_kin_vs_prot/5AAB_Crizotinib.png

[35/37] 5AAC                      │ Crizotinib      │ Code: VGH
      ├─ ✅ Found 88 shared residues
      │    • Top residues: GLU:20, ARG:17, ASP:14
      └─ ✅ Plot saved: plots_kin_vs_prot/5AAC_Crizotinib.png

[36/37] 5L2I                      │ Palbociclib     │ Code: LQQ
      ├─ ✅ Found 85 shared residues
      │    • Top residues: ASP:19, ARG:17, LYS:16
      └─ ✅ Plot saved: plots_kin_vs_prot/5L2I_Palbociclib.png

[37/37] 5MO4                      │ Nilotinib       │ Code: NIL
      ├─ ✅ Found 146 shared residues
      │    • Top residues: GLU:41, LYS:27, TYR:26
      └─ ✅ Plot saved: plots_kin_vs_prot/5MO4_Nilotinib.png

================================================================================
CREATING COMBINED PLOT
================================================================================

✅ Combined plot saved: plots_kin_vs_prot/ALL_run_kin_vs_run_prot.png

================================================================================
SUMMARY
================================================================================
  Total PDB entries:           37
  Files found (both dirs):     36
  Files missing:               1
  No shared residues:          0
  Plots created:               36
  Total residues processed:    3512
================================================================================
✅ All done! Check 'plots_kin_vs_prot' for plots and 'plot_sumcrg_comparison.log' for log.
