 ph              7.4
ASP01A0010_001 0.000
ASP01A0010_002 0.000
ASP02A0010_003 0.000
ASP02A0010_004 0.000
ASP-1A0010_005 0.000
GLN01A0011_001 0.410
GLN01A0011_002 0.410
GLN01A0012_001 0.379
GLN01A0012_002 0.379
TYR01A0013_001 0.354
TYR01A0013_002 0.354
TYR-1A0013_003 0.000
GLU01A0014_001 0.375
GLU01A0014_002 0.375
GLU02A0014_003 0.375
GLU02A0014_004 0.375
GLU-1A0014_005 0.000
CYS01A0015_001 0.574
CYS01A0015_002 0.574
CYS01A0015_003 0.574
CYS-1A0015_004 0.000
VAL01A0016_001 0.000
ALA01A0017_001 0.000
GLU01A0018_001 0.573
GLU01A0018_002 0.573
GLU02A0018_003 0.573
GLU02A0018_004 0.573
GLU-1A0018_005 0.000
ILE01A0019_001 0.000
GLU01A0021_001 0.000
GLU01A0021_002 0.000
GLU02A0021_003 0.000
GLU02A0021_004 0.000
GLU-1A0021_005 0.000
ALA01A0023_001 0.000
TYR01A0024_001 0.368
TYR01A0024_002 0.368
TYR-1A0024_003 0.000
LYS01A0026_001 0.000
LYS+1A0026_002 0.000
VAL01A0027_001 0.000
PHE01A0028_001 0.000
LYS01A0029_001 0.000
LYS+1A0029_002 0.000
ALA01A0030_001 0.000
ARG01A0031_001 0.000
ARG02A0031_002 0.000
ARG03A0031_003 0.000
ARG+1A0031_004 0.000
ASP01A0032_001 0.000
ASP01A0032_002 0.000
ASP02A0032_003 0.000
ASP02A0032_004 0.000
ASP-1A0032_005 0.000
LEU01A0033_001 0.000
LYS01A0034_001 0.000
LYS+1A0034_002 0.000
ASN01A0035_001 0.409
ASN01A0035_002 0.409
ARG01A0038_001 0.000
ARG02A0038_002 0.000
ARG03A0038_003 0.000
ARG03A0038_004 0.000
ARG+1A0038_005 0.000
PHE01A0039_001 0.000
VAL01A0040_001 0.000
ALA01A0041_001 0.000
LEU01A0042_001 0.000
LYS01A0043_001 0.000
LYS+1A0043_002 0.000
ARG01A0044_001 0.000
ARG02A0044_002 0.000
ARG03A0044_003 0.000
ARG+1A0044_004 0.000
VAL01A0045_001 0.000
ARG01A0046_001 0.000
ARG02A0046_002 0.000
ARG03A0046_003 0.000
ARG+1A0046_004 0.000
PRO01A0055_001 0.000
LEU01A0056_001 0.000
SER01A0057_001 0.411
SER01A0057_002 0.411
THR01A0058_001 0.000
ILE01A0059_001 0.000
ARG01A0060_001 0.000
ARG02A0060_002 0.000
ARG03A0060_003 0.000
ARG+1A0060_004 0.000
GLU01A0061_001 0.000
GLU01A0061_002 0.000
GLU02A0061_003 0.000
GLU02A0061_004 0.000
GLU-1A0061_005 0.000
VAL01A0062_001 0.000
ALA01A0063_001 0.000
VAL01A0064_001 0.000
LEU01A0065_001 0.000
ARG01A0066_001 0.000
ARG02A0066_002 0.000
ARG03A0066_003 0.000
ARG+1A0066_004 0.000
HIS01A0067_001 0.811
HIS01A0067_002 0.811
HIS02A0067_003 0.811
HIS02A0067_004 0.811
HIS+1A0067_005 0.345
HIS+1A0067_006 0.345
LEU01A0068_001 0.000
GLU01A0069_001 0.000
GLU01A0069_002 0.000
GLU02A0069_003 0.000
GLU02A0069_004 0.000
GLU-1A0069_005 0.000
THR01A0070_001 0.224
THR01A0070_002 0.224
PHE01A0071_001 0.000
GLU01A0072_001 0.000
GLU01A0072_002 0.000
GLU02A0072_003 0.000
GLU02A0072_004 0.000
GLU-1A0072_005 0.000
HIS01A0073_001 0.000
HIS02A0073_002 0.000
HIS+1A0073_003 0.000
PRO01A0074_001 0.000
ASN01A0075_001 0.000
ASN01A0075_002 0.000
VAL01A0076_001 0.000
VAL01A0077_001 0.000
ARG01A0078_001 0.000
ARG02A0078_002 0.000
ARG02A0078_003 0.000
ARG03A0078_004 0.000
ARG03A0078_005 0.000
ARG+1A0078_006 0.000
LEU01A0079_001 0.000
PHE01A0080_001 0.000
ASP01A0081_001 0.000
ASP01A0081_002 0.000
ASP02A0081_003 0.000
ASP02A0081_004 0.000
ASP-1A0081_005 0.000
VAL01A0082_001 0.000
CYS01A0083_001 0.626
CYS01A0083_002 0.626
CYS01A0083_003 0.626
CYS-1A0083_004 0.000
THR01A0084_001 0.331
THR01A0084_002 0.331
LYS01A0093_001 0.000
LYS+1A0093_002 0.000
LEU01A0094_001 0.000
THR01A0095_001 0.179
THR01A0095_002 0.179
LEU01A0096_001 0.000
VAL01A0097_001 0.000
PHE01A0098_001 0.000
GLU01A0099_001 0.000
GLU01A0099_002 0.000
GLU02A0099_003 0.000
GLU02A0099_004 0.000
GLU-1A0099_005 0.000
HIS01A0100_001 0.581
HIS01A0100_002 0.581
HIS02A0100_003 0.581
HIS02A0100_004 0.581
HIS+1A0100_005 0.000
HIS+1A0100_006 0.000
VAL01A0101_001 0.000
ASP01A0102_001 0.000
ASP01A0102_002 0.000
ASP02A0102_003 0.000
ASP02A0102_004 0.000
ASP-1A0102_005 0.000
GLN01A0103_001 0.280
GLN01A0103_002 0.280
ASP01A0104_001 0.293
ASP01A0104_002 0.293
ASP02A0104_003 0.293
ASP02A0104_004 0.293
ASP-1A0104_005 0.000
LEU01A0105_001 0.000
THR01A0106_001 0.000
THR01A0107_001 0.372
THR01A0107_002 0.372
TYR01A0108_001 0.262
TYR01A0108_002 0.262
TYR-1A0108_003 0.000
LEU01A0109_001 0.000
ASP01A0110_001 0.629
ASP01A0110_002 0.629
ASP02A0110_003 0.629
ASP02A0110_004 0.629
ASP-1A0110_005 0.000
LYS01A0111_001 0.000
LYS+1A0111_002 0.000
VAL01A0112_001 0.000
PRO01A0113_001 0.000
GLU01A0114_001 0.000
GLU01A0114_002 0.000
GLU02A0114_003 0.000
GLU02A0114_004 0.000
GLU-1A0114_005 0.000
PRO01A0115_001 0.000
VAL01A0117_001 0.000
PRO01A0118_001 0.000
THR01A0119_001 0.402
THR01A0119_002 0.402
GLU01A0120_001 0.000
GLU01A0120_002 0.000
GLU02A0120_003 0.000
GLU02A0120_004 0.000
GLU-1A0120_005 0.000
THR01A0121_001 0.000
ILE01A0122_001 0.000
LYS01A0123_001 0.000
LYS+1A0123_002 0.000
ASP01A0124_001 0.000
ASP01A0124_002 0.000
ASP02A0124_003 0.000
ASP02A0124_004 0.000
ASP-1A0124_005 0.000
MET01A0125_001 0.000
MET01A0126_001 0.000
PHE01A0127_001 0.000
GLN01A0128_001 0.000
GLN01A0128_002 0.000
LEU01A0129_001 0.000
LEU01A0130_001 0.000
ARG01A0131_001 0.000
ARG02A0131_002 0.000
ARG03A0131_003 0.000
ARG+1A0131_004 0.000
LEU01A0133_001 0.000
ASP01A0134_001 0.000
ASP01A0134_002 0.000
ASP02A0134_003 0.000
ASP02A0134_004 0.000
ASP-1A0134_005 0.000
PHE01A0135_001 0.000
LEU01A0136_001 0.000
HIS01A0137_001 0.000
HIS02A0137_002 0.000
HIS+1A0137_003 0.000
SER01A0138_001 0.274
SER01A0138_002 0.274
SER01A0138_003 0.274
HIS01A0139_001 0.581
HIS01A0139_002 0.581
HIS02A0139_003 0.581
HIS02A0139_004 0.581
HIS+1A0139_005 0.410
HIS+1A0139_006 0.410
ARG01A0140_001 0.000
ARG02A0140_002 0.000
ARG03A0140_003 0.000
ARG+1A0140_004 0.000
VAL01A0141_001 0.000
VAL01A0142_001 0.000
HIS01A0143_001 0.000
HIS02A0143_002 0.000
HIS+1A0143_003 0.000
ARG01A0144_001 0.000
ARG02A0144_002 0.000
ARG03A0144_003 0.000
ARG+1A0144_004 0.000
ASP01A0145_001 0.000
ASP01A0145_002 0.000
ASP02A0145_003 0.000
ASP02A0145_004 0.000
ASP-1A0145_005 0.000
LEU01A0146_001 0.000
LYS01A0147_001 0.000
LYS+1A0147_002 0.000
PRO01A0148_001 0.000
GLN01A0149_001 0.290
GLN01A0149_002 0.290
ASN01A0150_001 0.000
ASN01A0150_002 0.000
ILE01A0151_001 0.000
LEU01A0152_001 0.000
VAL01A0153_001 0.000
THR01A0154_001 0.017
THR01A0154_002 0.017
SER01A0155_001 0.396
SER01A0155_002 0.396
SER01A0156_001 0.000
GLN01A0158_001 0.260
GLN01A0158_002 0.260
ILE01A0159_001 0.000
LYS01A0160_001 0.000
LYS+1A0160_002 0.000
LEU01A0161_001 0.000
ALA01A0162_001 0.000
ASP01A0163_001 0.640
ASP01A0163_002 0.640
ASP02A0163_003 0.640
ASP02A0163_004 0.640
ASP-1A0163_005 0.000
PHE01A0164_001 0.000
LEU01A0166_001 0.000
VAL01A0181_001 0.000
THR01A0182_001 0.377
THR01A0182_002 0.377
LEU01A0183_001 0.000
TRP01A0184_001 0.000
TYR01A0185_001 0.056
TYR01A0185_002 0.056
TYR-1A0185_003 0.000
ARG01A0186_001 0.000
ARG02A0186_002 0.000
ARG02A0186_003 0.000
ARG03A0186_004 0.000
ARG03A0186_005 0.000
ARG+1A0186_006 0.000
ALA01A0187_001 0.000
PRO01A0188_001 0.000
GLU01A0189_001 0.000
GLU01A0189_002 0.000
GLU02A0189_003 0.000
GLU02A0189_004 0.000
GLU-1A0189_005 0.000
VAL01A0190_001 0.000
LEU01A0191_001 0.000
LEU01A0192_001 0.000
GLN01A0193_001 0.381
GLN01A0193_002 0.381
SER01A0194_001 0.106
SER01A0194_002 0.106
SER01A0195_001 0.398
SER01A0195_002 0.398
TYR01A0196_001 0.000
TYR-1A0196_002 0.000
ALA01A0197_001 0.000
THR01A0198_001 0.000
PRO01A0199_001 0.000
VAL01A0200_001 0.000
ASP01A0201_001 0.000
ASP01A0201_002 0.000
ASP02A0201_003 0.000
ASP02A0201_004 0.000
ASP-1A0201_005 0.000
LEU01A0202_001 0.000
TRP01A0203_001 0.000
SER01A0204_001 0.186
SER01A0204_002 0.186
VAL01A0205_001 0.000
CYS01A0207_001 0.572
CYS01A0207_002 0.572
CYS01A0207_003 0.572
CYS-1A0207_004 0.000
ILE01A0208_001 0.000
PHE01A0209_001 0.000
ALA01A0210_001 0.000
GLU01A0211_001 0.344
GLU01A0211_002 0.344
GLU01A0211_003 0.344
GLU01A0211_004 0.344
GLU02A0211_005 0.344
GLU02A0211_006 0.344
GLU02A0211_007 0.344
GLU02A0211_008 0.344
GLU-1A0211_009 0.000
GLU-1A0211_010 0.000
MET01A0212_001 0.000
PHE01A0213_001 0.000
ARG01A0214_001 0.000
ARG02A0214_002 0.000
ARG03A0214_003 0.000
ARG+1A0214_004 0.000
ARG01A0215_001 0.000
ARG02A0215_002 0.000
ARG02A0215_003 0.000
ARG03A0215_004 0.000
ARG03A0215_005 0.000
ARG+1A0215_006 0.000
LYS01A0216_001 0.000
LYS+1A0216_002 0.000
PRO01A0217_001 0.000
LEU01A0218_001 0.000
PHE01A0219_001 0.000
ARG01A0220_001 0.000
ARG02A0220_002 0.000
ARG03A0220_003 0.000
ARG+1A0220_004 0.000
SER01A0222_001 0.349
SER01A0222_002 0.349
SER01A0222_003 0.349
SER01A0223_001 0.100
SER01A0223_002 0.100
ASP01A0224_001 0.000
ASP01A0224_002 0.000
ASP02A0224_003 0.000
ASP02A0224_004 0.000
ASP-1A0224_005 0.000
VAL01A0225_001 0.000
ASP01A0226_001 0.000
ASP01A0226_002 0.000
ASP01A0226_003 0.000
ASP01A0226_004 0.000
ASP02A0226_005 0.000
ASP02A0226_006 0.000
ASP02A0226_007 0.000
ASP02A0226_008 0.000
ASP-1A0226_009 0.000
ASP-1A0226_010 0.000
GLN01A0227_001 0.044
GLN01A0227_002 0.044
LEU01A0228_001 0.000
LYS01A0230_001 0.000
LYS+1A0230_002 0.000
ILE01A0231_001 0.000
LEU01A0232_001 0.000
ASP01A0233_001 0.000
ASP01A0233_002 0.000
ASP02A0233_003 0.000
ASP02A0233_004 0.000
ASP-1A0233_005 0.000
VAL01A0234_001 0.000
ILE01A0235_001 0.000
LEU01A0237_001 0.000
PRO01A0238_001 0.000
GLU01A0240_001 0.688
GLU01A0240_002 0.688
GLU02A0240_003 0.688
GLU02A0240_004 0.688
GLU-1A0240_005 0.000
GLU01A0241_001 0.000
GLU01A0241_002 0.000
GLU02A0241_003 0.000
GLU02A0241_004 0.000
GLU-1A0241_005 0.000
ASP01A0242_001 0.000
ASP01A0242_002 0.000
ASP02A0242_003 0.000
ASP02A0242_004 0.000
ASP-1A0242_005 0.000
TRP01A0243_001 0.000
PRO01A0244_001 0.000
ARG01A0245_001 0.000
ARG02A0245_002 0.000
ARG03A0245_003 0.000
ARG+1A0245_004 0.000
ASP01A0246_001 0.601
ASP01A0246_002 0.601
ASP02A0246_003 0.601
ASP02A0246_004 0.601
ASP-1A0246_005 0.000
VAL01A0247_001 0.000
ALA01A0248_001 0.000
LEU01A0249_001 0.000
PRO01A0250_001 0.000
ARG01A0251_001 0.000
ARG02A0251_002 0.000
ARG02A0251_003 0.000
ARG03A0251_004 0.000
ARG+1A0251_005 0.000
GLN01A0252_001 0.068
GLN01A0252_002 0.068
GLN01A0252_003 0.068
ALA01A0253_001 0.000
PHE01A0254_001 0.000
LYS01A0257_001 0.000
LYS+1A0257_002 0.000
SER01A0258_001 0.409
SER01A0258_002 0.409
ALA01A0259_001 0.000
GLN01A0260_001 0.036
GLN01A0260_002 0.036
PRO01A0261_001 0.000
ILE01A0262_001 0.000
GLU01A0263_001 0.000
GLU01A0263_002 0.000
GLU02A0263_003 0.000
GLU02A0263_004 0.000
GLU-1A0263_005 0.000
LYS01A0264_001 0.000
LYS+1A0264_002 0.000
PHE01A0265_001 0.000
VAL01A0266_001 0.000
THR01A0267_001 0.330
THR01A0267_002 0.330
ASP01A0268_001 0.000
ASP01A0268_002 0.000
ASP02A0268_003 0.000
ASP02A0268_004 0.000
ASP-1A0268_005 0.000
ILE01A0269_001 0.000
ASP01A0270_001 0.000
ASP01A0270_002 0.000
ASP02A0270_003 0.000
ASP02A0270_004 0.000
ASP-1A0270_005 0.000
GLU01A0271_001 0.719
GLU01A0271_002 0.719
GLU02A0271_003 0.719
GLU02A0271_004 0.719
GLU-1A0271_005 0.000
LEU01A0272_001 0.000
LYS01A0274_001 0.000
LYS+1A0274_002 0.000
ASP01A0275_001 0.000
ASP01A0275_002 0.000
ASP02A0275_003 0.000
ASP02A0275_004 0.000
ASP-1A0275_005 0.000
LEU01A0276_001 0.000
LEU01A0277_001 0.000
LEU01A0278_001 0.000
LYS01A0279_001 0.000
LYS+1A0279_002 0.000
CYS01A0280_001 0.630
CYS01A0280_002 0.630
CYS01A0280_003 0.630
CYS-1A0280_004 0.000
LEU01A0281_001 0.000
THR01A0282_001 0.382
THR01A0282_002 0.382
PHE01A0283_001 0.000
ASN01A0284_001 0.099
ASN01A0284_002 0.099
PRO01A0285_001 0.000
ALA01A0286_001 0.000
LYS01A0287_001 0.000
LYS+1A0287_002 0.000
ARG01A0288_001 0.000
ARG02A0288_002 0.000
ARG02A0288_003 0.000
ARG03A0288_004 0.000
ARG03A0288_005 0.000
ARG+1A0288_006 0.000
ILE01A0289_001 0.000
SER01A0290_001 0.274
SER01A0290_002 0.274
ALA01A0291_001 0.000
TYR01A0292_001 0.000
TYR-1A0292_002 0.000
SER01A0293_001 0.439
SER01A0293_002 0.439
SER01A0293_003 0.439
ALA01A0294_001 0.000
LEU01A0295_001 0.000
SER01A0296_001 0.410
SER01A0296_002 0.410
HIS01A0297_001 0.286
HIS02A0297_002 0.286
HIS+1A0297_003 0.000
PRO01A0298_001 0.000
TYR01A0299_001 0.000
TYR-1A0299_002 0.000
PHE01A0300_001 0.000
GLN01A0301_001 0.355
GLN01A0301_002 0.355
