 ph              7.4
ALA01A0694_001 0.000
MET01A0695_001 0.000
GLU01A0697_001 0.625
GLU01A0697_002 0.625
GLU02A0697_003 0.625
GLU02A0697_004 0.625
GLU-1A0697_005 0.000
ALA01A0698_001 0.000
PRO01A0699_001 0.000
ASN01A0700_001 0.024
ASN01A0700_002 0.024
ASN01A0700_003 0.024
ASN01A0700_004 0.024
GLN01A0701_001 0.403
GLN01A0701_002 0.403
ALA01A0702_001 0.000
LEU01A0703_001 0.000
LEU01A0704_001 0.000
ARG01A0705_001 0.000
ARG02A0705_002 0.000
ARG02A0705_003 0.000
ARG03A0705_004 0.000
ARG03A0705_005 0.000
ARG+1A0705_006 0.000
ILE01A0706_001 0.000
LEU01A0707_001 0.000
LYS01A0708_001 0.000
LYS+1A0708_002 0.000
GLU01A0709_001 0.642
GLU01A0709_002 0.642
GLU02A0709_003 0.642
GLU02A0709_004 0.642
GLU-1A0709_005 0.000
THR01A0710_001 0.000
GLU01A0711_001 0.488
GLU01A0711_002 0.488
GLU02A0711_003 0.488
GLU02A0711_004 0.488
GLU-1A0711_005 0.000
PHE01A0712_001 0.000
LYS01A0713_001 0.000
LYS+1A0713_002 0.000
LYS01A0714_001 0.000
LYS+1A0714_002 0.000
ILE01A0715_001 0.000
LYS01A0716_001 0.000
LYS+1A0716_002 0.000
VAL01A0717_001 0.000
LEU01A0718_001 0.000
SER01A0720_001 0.334
SER01A0720_002 0.334
THR01A0725_001 0.405
THR01A0725_002 0.405
VAL01A0726_001 0.000
TYR01A0727_001 0.381
TYR01A0727_002 0.381
TYR-1A0727_003 0.000
LYS01A0728_001 0.000
LYS+1A0728_002 0.000
LEU01A0730_001 0.000
TRP01A0731_001 0.000
ILE01A0732_001 0.000
PRO01A0733_001 0.000
GLU01A0734_001 0.000
GLU01A0734_002 0.000
GLU02A0734_003 0.000
GLU02A0734_004 0.000
GLU-1A0734_005 0.000
GLU01A0736_001 0.000
GLU01A0736_002 0.000
GLU02A0736_003 0.000
GLU02A0736_004 0.000
GLU-1A0736_005 0.000
LYS01A0737_001 0.000
LYS+1A0737_002 0.000
VAL01A0738_001 0.000
LYS01A0739_001 0.000
LYS+1A0739_002 0.000
ILE01A0740_001 0.000
PRO01A0741_001 0.000
VAL01A0742_001 0.000
ALA01A0743_001 0.000
ILE01A0744_001 0.000
LYS01A0745_001 0.000
LYS+1A0745_002 0.000
GLU01A0746_001 0.945
GLU01A0746_002 0.945
GLU01A0746_003 0.945
GLU01A0746_004 0.945
GLU02A0746_005 0.945
GLU02A0746_006 0.945
GLU02A0746_007 0.945
GLU02A0746_008 0.945
GLU-1A0746_009 0.000
SER01A0752_001 0.000
PRO01A0753_001 0.000
LYS01A0754_001 0.000
LYS+1A0754_002 0.000
ALA01A0755_001 0.000
ASN01A0756_001 0.000
LYS01A0757_001 0.000
LYS+1A0757_002 0.000
GLU01A0758_001 0.000
GLU01A0758_002 0.000
GLU02A0758_003 0.000
GLU02A0758_004 0.000
GLU-1A0758_005 0.000
ILE01A0759_001 0.000
LEU01A0760_001 0.000
ASP01A0761_001 0.363
ASP01A0761_002 0.363
ASP02A0761_003 0.363
ASP02A0761_004 0.363
ASP-1A0761_005 0.000
GLU01A0762_001 0.406
GLU01A0762_002 0.406
GLU01A0762_003 0.406
GLU01A0762_004 0.406
GLU02A0762_005 0.406
GLU02A0762_006 0.406
GLU02A0762_007 0.406
GLU02A0762_008 0.406
GLU-1A0762_009 0.392
GLU-1A0762_010 0.392
ALA01A0763_001 0.000
TYR01A0764_001 0.487
TYR01A0764_002 0.487
TYR01A0764_003 0.487
TYR-1A0764_004 0.000
TYR-1A0764_005 0.000
VAL01A0765_001 0.000
MET01A0766_001 0.000
ALA01A0767_001 0.000
SER01A0768_001 0.083
SER01A0768_002 0.083
SER01A0768_003 0.083
SER01A0768_004 0.083
SER01A0768_005 0.083
SER01A0768_006 0.083
VAL01A0769_001 0.000
ASP01A0770_001 0.000
ASP01A0770_002 0.000
ASP02A0770_003 0.000
ASP02A0770_004 0.000
ASP-1A0770_005 0.000
ASN01A0771_001 0.008
ASN01A0771_002 0.008
PRO01A0772_001 0.000
HIS01A0773_001 0.163
HIS01A0773_002 0.163
HIS02A0773_003 0.163
HIS02A0773_004 0.163
HIS+1A0773_005 0.407
HIS+1A0773_006 0.407
VAL01A0774_001 0.000
CYS01A0775_001 0.624
CYS01A0775_002 0.624
CYS01A0775_003 0.624
CYS-1A0775_004 0.000
ARG01A0776_001 0.000
ARG01A0776_002 0.000
ARG02A0776_003 0.000
ARG02A0776_004 0.000
ARG03A0776_005 0.000
ARG03A0776_006 0.000
ARG+1A0776_007 0.070
ARG+1A0776_008 0.070
LEU01A0777_001 0.000
LEU01A0778_001 0.000
ILE01A0780_001 0.000
CYS01A0781_001 0.579
CYS01A0781_002 0.579
CYS01A0781_003 0.579
CYS-1A0781_004 0.000
LEU01A0782_001 0.000
THR01A0783_001 0.023
THR01A0783_002 0.023
THR01A0783_003 0.023
THR01A0783_004 0.023
THR01A0783_005 0.023
SER01A0784_001 0.091
SER01A0784_002 0.091
THR01A0785_001 0.195
THR01A0785_002 0.195
VAL01A0786_001 0.000
GLN01A0787_001 0.000
GLN01A0787_002 0.000
LEU01A0788_001 0.000
ILE01A0789_001 0.000
THR01A0790_001 0.016
THR01A0790_002 0.016
GLN01A0791_001 0.000
GLN01A0791_002 0.000
GLN01A0791_003 0.000
LEU01A0792_001 0.000
MET01A0793_001 0.000
PRO01A0794_001 0.000
PHE01A0795_001 0.000
LEU01A0798_001 0.000
LEU01A0799_001 0.000
ASP01A0800_001 0.000
ASP01A0800_002 0.000
ASP02A0800_003 0.000
ASP02A0800_004 0.000
ASP-1A0800_005 0.000
TYR01A0801_001 0.000
TYR-1A0801_002 0.000
VAL01A0802_001 0.000
ARG01A0803_001 0.000
ARG02A0803_002 0.000
ARG03A0803_003 0.000
ARG+1A0803_004 0.000
GLU01A0804_001 0.000
GLU01A0804_002 0.000
GLU02A0804_003 0.000
GLU02A0804_004 0.000
GLU-1A0804_005 0.000
HIS01A0805_001 0.536
HIS01A0805_002 0.536
HIS02A0805_003 0.536
HIS02A0805_004 0.536
HIS+1A0805_005 0.376
HIS+1A0805_006 0.376
LYS01A0806_001 0.000
LYS+1A0806_002 0.000
ASP01A0807_001 0.000
ASP01A0807_002 0.000
ASP02A0807_003 0.000
ASP02A0807_004 0.000
ASP-1A0807_005 0.000
ASN01A0808_001 0.404
ASN01A0808_002 0.404
ILE01A0809_001 0.000
SER01A0811_001 0.000
SER01A0811_002 0.000
GLN01A0812_001 0.407
GLN01A0812_002 0.407
TYR01A0813_001 0.735
TYR01A0813_002 0.735
TYR01A0813_003 0.735
TYR01A0813_004 0.735
TYR-1A0813_005 0.411
TYR-1A0813_006 0.411
LEU01A0814_001 0.000
LEU01A0815_001 0.000
ASN01A0816_001 0.378
ASN01A0816_002 0.378
TRP01A0817_001 0.000
CYS01A0818_001 0.602
CYS01A0818_002 0.602
CYS01A0818_003 0.602
CYS-1A0818_004 0.000
VAL01A0819_001 0.000
GLN01A0820_001 0.000
GLN01A0820_002 0.000
ILE01A0821_001 0.000
ALA01A0822_001 0.000
LYS01A0823_001 0.000
LYS+1A0823_002 0.000
MET01A0825_001 0.000
ASN01A0826_001 0.401
ASN01A0826_002 0.401
TYR01A0827_001 0.015
TYR01A0827_002 0.015
TYR-1A0827_003 0.000
LEU01A0828_001 0.000
GLU01A0829_001 0.101
GLU01A0829_002 0.101
GLU02A0829_003 0.101
GLU02A0829_004 0.101
GLU-1A0829_005 0.000
ASP01A0830_001 0.701
ASP01A0830_002 0.701
ASP02A0830_003 0.701
ASP02A0830_004 0.701
ASP-1A0830_005 0.000
ARG01A0831_001 0.000
ARG02A0831_002 0.000
ARG03A0831_003 0.000
ARG+1A0831_004 0.000
ARG01A0832_001 0.000
ARG02A0832_002 0.000
ARG03A0832_003 0.000
ARG+1A0832_004 0.000
LEU01A0833_001 0.000
VAL01A0834_001 0.000
HIS01A0835_001 0.000
HIS02A0835_002 0.000
HIS+1A0835_003 0.000
ARG01A0836_001 0.000
ARG02A0836_002 0.000
ARG02A0836_003 0.000
ARG03A0836_004 0.000
ARG03A0836_005 0.000
ARG+1A0836_006 0.000
ASP01A0837_001 0.000
ASP01A0837_002 0.000
ASP02A0837_003 0.000
ASP02A0837_004 0.000
ASP-1A0837_005 0.000
LEU01A0838_001 0.000
ALA01A0839_001 0.000
ALA01A0840_001 0.000
ARG01A0841_001 0.000
ARG02A0841_002 0.000
ARG02A0841_003 0.000
ARG03A0841_004 0.000
ARG+1A0841_005 0.000
ASN01A0842_001 0.000
ASN01A0842_002 0.000
VAL01A0843_001 0.000
LEU01A0844_001 0.000
VAL01A0845_001 0.000
LYS01A0846_001 0.000
LYS01A0846_002 0.000
LYS+1A0846_003 0.359
LYS+1A0846_004 0.359
THR01A0847_001 0.024
THR01A0847_002 0.024
THR01A0847_003 0.024
PRO01A0848_001 0.000
GLN01A0849_001 0.340
GLN01A0849_002 0.340
HIS01A0850_001 0.316
HIS02A0850_002 0.316
HIS+1A0850_003 0.000
VAL01A0851_001 0.000
LYS01A0852_001 0.000
LYS+1A0852_002 0.000
ILE01A0853_001 0.000
THR01A0854_001 0.149
THR01A0854_002 0.149
ASP01A0855_001 0.622
ASP01A0855_002 0.622
ASP02A0855_003 0.622
ASP02A0855_004 0.622
ASP-1A0855_005 0.000
PHE01A0856_001 0.000
LEU01A0858_001 0.000
ALA01A0859_001 0.000
LYS01A0860_001 0.000
LYS+1A0860_002 0.000
LEU01A0861_001 0.000
LEU01A0862_001 0.000
ALA01A0864_001 0.000
GLU01A0865_001 0.650
GLU01A0865_002 0.650
GLU02A0865_003 0.650
GLU02A0865_004 0.650
GLU-1A0865_005 0.000
GLU01A0866_001 0.000
GLU01A0866_002 0.000
GLU02A0866_003 0.000
GLU02A0866_004 0.000
GLU-1A0866_005 0.000
LYS01A0867_001 0.000
LYS+1A0867_002 0.000
GLU01A0868_001 0.000
GLU01A0868_002 0.000
GLU02A0868_003 0.000
GLU02A0868_004 0.000
GLU-1A0868_005 0.000
TYR01A0869_001 0.304
TYR01A0869_002 0.304
TYR-1A0869_003 0.000
HIS01A0870_001 0.710
HIS01A0870_002 0.710
HIS02A0870_003 0.710
HIS02A0870_004 0.710
HIS+1A0870_005 0.122
HIS+1A0870_006 0.122
ALA01A0871_001 0.000
GLU01A0872_001 0.000
GLU01A0872_002 0.000
GLU02A0872_003 0.000
GLU02A0872_004 0.000
GLU-1A0872_005 0.000
LYS01A0875_001 0.000
LYS+1A0875_002 0.000
VAL01A0876_001 0.000
PRO01A0877_001 0.000
ILE01A0878_001 0.000
LYS01A0879_001 0.000
LYS+1A0879_002 0.000
TRP01A0880_001 0.000
MET01A0881_001 0.000
ALA01A0882_001 0.000
LEU01A0883_001 0.000
GLU01A0884_001 0.000
GLU01A0884_002 0.000
GLU02A0884_003 0.000
GLU02A0884_004 0.000
GLU-1A0884_005 0.000
SER01A0885_001 0.030
SER01A0885_002 0.030
SER01A0885_003 0.030
ILE01A0886_001 0.000
LEU01A0887_001 0.000
HIS01A0888_001 0.808
HIS01A0888_002 0.808
HIS02A0888_003 0.808
HIS02A0888_004 0.808
HIS+1A0888_005 0.378
HIS+1A0888_006 0.378
ARG01A0889_001 0.000
ARG02A0889_002 0.000
ARG03A0889_003 0.000
ARG03A0889_004 0.000
ARG+1A0889_005 0.000
ILE01A0890_001 0.000
TYR01A0891_001 0.000
TYR-1A0891_002 0.000
THR01A0892_001 0.000
HIS01A0893_001 0.441
HIS01A0893_002 0.441
HIS02A0893_003 0.441
HIS02A0893_004 0.441
HIS+1A0893_005 0.249
HIS+1A0893_006 0.249
GLN01A0894_001 0.000
GLN01A0894_002 0.000
SER01A0895_001 0.000
SER01A0895_002 0.000
ASP01A0896_001 0.000
ASP01A0896_002 0.000
ASP02A0896_003 0.000
ASP02A0896_004 0.000
ASP-1A0896_005 0.000
VAL01A0897_001 0.000
TRP01A0898_001 0.000
SER01A0899_001 0.082
SER01A0899_002 0.082
TYR01A0900_001 0.039
TYR01A0900_002 0.039
TYR-1A0900_003 0.000
VAL01A0902_001 0.000
THR01A0903_001 0.145
THR01A0903_002 0.145
THR01A0903_003 0.145
VAL01A0904_001 0.000
TRP01A0905_001 0.000
GLU01A0906_001 0.486
GLU01A0906_002 0.486
GLU02A0906_003 0.486
GLU02A0906_004 0.486
GLU-1A0906_005 0.000
LEU01A0907_001 0.000
MET01A0908_001 0.000
THR01A0909_001 0.310
THR01A0909_002 0.310
PHE01A0910_001 0.000
SER01A0912_001 0.391
SER01A0912_002 0.391
LYS01A0913_001 0.000
LYS+1A0913_002 0.000
PRO01A0914_001 0.000
TYR01A0915_001 0.000
TYR-1A0915_002 0.000
ASP01A0916_001 0.000
ASP01A0916_002 0.000
ASP02A0916_003 0.000
ASP02A0916_004 0.000
ASP-1A0916_005 0.000
ILE01A0918_001 0.000
PRO01A0919_001 0.000
ALA01A0920_001 0.000
SER01A0921_001 0.000
GLU01A0922_001 0.000
GLU01A0922_002 0.000
GLU02A0922_003 0.000
GLU02A0922_004 0.000
GLU-1A0922_005 0.000
ILE01A0923_001 0.000
SER01A0924_001 0.646
SER01A0924_002 0.646
SER01A0924_003 0.646
SER01A0924_004 0.646
SER01A0925_001 0.216
SER01A0925_002 0.216
ILE01A0926_001 0.000
LEU01A0927_001 0.000
GLU01A0928_001 0.723
GLU01A0928_002 0.723
GLU02A0928_003 0.723
GLU02A0928_004 0.723
GLU-1A0928_005 0.000
LYS01A0929_001 0.000
LYS+1A0929_002 0.000
GLU01A0931_001 0.593
GLU01A0931_002 0.593
GLU02A0931_003 0.593
GLU02A0931_004 0.593
GLU-1A0931_005 0.000
ARG01A0932_001 0.000
ARG02A0932_002 0.000
ARG03A0932_003 0.000
ARG03A0932_004 0.000
ARG+1A0932_005 0.000
LEU01A0933_001 0.000
PRO01A0934_001 0.000
GLN01A0935_001 0.254
GLN01A0935_002 0.254
PRO01A0936_001 0.000
PRO01A0937_001 0.000
ILE01A0938_001 0.000
CYS01A0939_001 0.648
CYS01A0939_002 0.648
CYS01A0939_003 0.648
CYS-1A0939_004 0.000
THR01A0940_001 0.329
THR01A0940_002 0.329
ILE01A0941_001 0.000
ASP01A0942_001 0.000
ASP01A0942_002 0.000
ASP02A0942_003 0.000
ASP02A0942_004 0.000
ASP-1A0942_005 0.000
VAL01A0943_001 0.000
TYR01A0944_001 0.069
TYR01A0944_002 0.069
TYR-1A0944_003 0.000
MET01A0945_001 0.000
ILE01A0946_001 0.000
MET01A0947_001 0.000
VAL01A0948_001 0.000
LYS01A0949_001 0.000
LYS+1A0949_002 0.000
CYS01A0950_001 0.520
CYS01A0950_002 0.520
CYS01A0950_003 0.520
CYS-1A0950_004 0.000
TRP01A0951_001 0.000
MET01A0952_001 0.000
ILE01A0953_001 0.000
ASP01A0954_001 0.000
ASP01A0954_002 0.000
ASP02A0954_003 0.000
ASP02A0954_004 0.000
ASP-1A0954_005 0.000
ALA01A0955_001 0.000
ASP01A0956_001 0.000
ASP01A0956_002 0.000
ASP02A0956_003 0.000
ASP02A0956_004 0.000
ASP-1A0956_005 0.000
SER01A0957_001 0.248
SER01A0957_002 0.248
ARG01A0958_001 0.000
ARG02A0958_002 0.000
ARG02A0958_003 0.000
ARG03A0958_004 0.000
ARG03A0958_005 0.000
ARG+1A0958_006 0.000
PRO01A0959_001 0.000
LYS01A0960_001 0.000
LYS01A0960_002 0.000
LYS+1A0960_003 0.007
LYS+1A0960_004 0.007
PHE01A0961_001 0.000
ARG01A0962_001 0.000
ARG02A0962_002 0.000
ARG03A0962_003 0.000
ARG+1A0962_004 0.000
GLU01A0963_001 0.000
GLU01A0963_002 0.000
GLU02A0963_003 0.000
GLU02A0963_004 0.000
GLU-1A0963_005 0.000
LEU01A0964_001 0.000
ILE01A0965_001 0.000
ILE01A0966_001 0.000
GLU01A0967_001 0.000
GLU01A0967_002 0.000
GLU02A0967_003 0.000
GLU02A0967_004 0.000
GLU-1A0967_005 0.000
PHE01A0968_001 0.000
SER01A0969_001 0.406
SER01A0969_002 0.406
SER01A0969_003 0.406
LYS01A0970_001 0.000
LYS+1A0970_002 0.000
MET01A0971_001 0.000
ALA01A0972_001 0.000
ARG01A0973_001 0.000
ARG02A0973_002 0.000
ARG03A0973_003 0.000
ARG+1A0973_004 0.000
ASP01A0974_001 0.000
ASP01A0974_002 0.000
ASP02A0974_003 0.000
ASP02A0974_004 0.000
ASP-1A0974_005 0.000
PRO01A0975_001 0.000
GLN01A0976_001 0.000
GLN01A0976_002 0.000
ARG01A0977_001 0.000
ARG02A0977_002 0.000
ARG03A0977_003 0.000
ARG+1A0977_004 0.000
TYR01A0978_001 0.394
TYR01A0978_002 0.394
TYR-1A0978_003 0.000
LEU01A0979_001 0.000
VAL01A0980_001 0.000
ILE01A0981_001 0.000
GLN01A0982_001 0.377
GLN01A0982_002 0.377
ASP01A0984_001 0.000
ASP01A0984_002 0.000
ASP01A0984_003 0.000
ASP01A0984_004 0.000
ASP02A0984_005 0.000
ASP02A0984_006 0.000
ASP02A0984_007 0.000
ASP02A0984_008 0.000
ASP-1A0984_009 0.411
ASP-1A0984_010 0.411
MET01A1007_001 0.000
ASP01A1008_001 0.000
ASP01A1008_002 0.000
ASP02A1008_003 0.000
ASP02A1008_004 0.000
ASP-1A1008_005 0.000
ASP01A1009_001 0.000
ASP01A1009_002 0.000
ASP02A1009_003 0.000
ASP02A1009_004 0.000
ASP-1A1009_005 0.000
VAL01A1010_001 0.000
VAL01A1011_001 0.000
ASP01A1012_001 0.000
ASP01A1012_002 0.000
ASP01A1012_003 0.000
ASP01A1012_004 0.000
ASP02A1012_005 0.000
ASP02A1012_006 0.000
ASP02A1012_007 0.000
ASP02A1012_008 0.000
ASP-1A1012_009 0.000
ASP-1A1012_010 0.000
ALA01A1013_001 0.000
ASP01A1014_001 0.000
ASP01A1014_002 0.000
ASP01A1014_003 0.000
ASP01A1014_004 0.000
ASP01A1014_005 0.000
ASP01A1014_006 0.000
ASP02A1014_007 0.000
ASP02A1014_008 0.000
ASP02A1014_009 0.000
ASP02A1014_010 0.000
ASP02A1014_011 0.000
ASP02A1014_012 0.000
ASP-1A1014_013 0.400
ASP-1A1014_014 0.400
ASP-1A1014_015 0.400
GLU01A1015_001 0.790
GLU01A1015_002 0.790
GLU02A1015_003 0.790
GLU02A1015_004 0.790
GLU-1A1015_005 0.000
TYR01A1016_001 0.000
TYR01A1016_002 0.000
TYR-1A1016_003 0.000
LEU01A1017_001 0.000
ILE01A1018_001 0.000
PRO01A1019_001 0.000
GLN01A1020_001 0.388
GLN01A1020_002 0.388
_NA+1A1102_001 0.000
_NADMA1102_002 0.000
