ForkPoolWorker-3: Calling delphi to calculate conformer (3/550) ASP01A0010_003 in /tmp/pbe_data.data.home.granepura.5-Kinases.Kinases_MCCE.Trial01.run_holo.5L2I_ASP01A0010_003
ForkPoolWorker-5: Calling delphi to calculate conformer (5/550) ASP02A0010_005 in /tmp/pbe_data.data.home.granepura.5-Kinases.Kinases_MCCE.Trial01.run_holo.5L2I_ASP02A0010_005
ForkPoolWorker-4: Calling delphi to calculate conformer (4/550) ASP02A0010_004 in /tmp/pbe_data.data.home.granepura.5-Kinases.Kinases_MCCE.Trial01.run_holo.5L2I_ASP02A0010_004
ForkPoolWorker-1: Calling delphi to calculate conformer (1/550) ASP01A0010_001 in /tmp/pbe_data.data.home.granepura.5-Kinases.Kinases_MCCE.Trial01.run_holo.5L2I_ASP01A0010_001
ForkPoolWorker-2: Calling delphi to calculate conformer (2/550) ASP01A0010_002 in /tmp/pbe_data.data.home.granepura.5-Kinases.Kinases_MCCE.Trial01.run_holo.5L2I_ASP01A0010_002
ForkPoolWorker-5: Calling delphi to calculate conformer (6/550) ASP-1A0010_006 in /tmp/pbe_data.data.home.granepura.5-Kinases.Kinases_MCCE.Trial01.run_holo.5L2I_ASP-1A0010_006
ForkPoolWorker-1: Calling delphi to calculate conformer (7/550) GLN01A0011_001 in /tmp/pbe_data.data.home.granepura.5-Kinases.Kinases_MCCE.Trial01.run_holo.5L2I_GLN01A0011_001
ForkPoolWorker-2: Calling delphi to calculate conformer (8/550) GLN01A0011_002 in /tmp/pbe_data.data.home.granepura.5-Kinases.Kinases_MCCE.Trial01.run_holo.5L2I_GLN01A0011_002
ForkPoolWorker-4: Calling delphi to calculate conformer (9/550) GLN01A0012_001 in /tmp/pbe_data.data.home.granepura.5-Kinases.Kinases_MCCE.Trial01.run_holo.5L2I_GLN01A0012_001
ForkPoolWorker-3: Calling delphi to calculate conformer (10/550) GLN01A0012_002 in /tmp/pbe_data.data.home.granepura.5-Kinases.Kinases_MCCE.Trial01.run_holo.5L2I_GLN01A0012_002
ForkPoolWorker-4: Calling delphi to calculate conformer (11/550) TYR01A0013_001 in /tmp/pbe_data.data.home.granepura.5-Kinases.Kinases_MCCE.Trial01.run_holo.5L2I_TYR01A0013_001
ForkPoolWorker-2: Calling delphi to calculate conformer (12/550) TYR01A0013_002 in /tmp/pbe_data.data.home.granepura.5-Kinases.Kinases_MCCE.Trial01.run_holo.5L2I_TYR01A0013_002
ForkPoolWorker-1: Calling delphi to calculate conformer (13/550) TYR-1A0013_003 in /tmp/pbe_data.data.home.granepura.5-Kinases.Kinases_MCCE.Trial01.run_holo.5L2I_TYR-1A0013_003
ForkPoolWorker-3: Calling delphi to calculate conformer (14/550) GLU01A0014_001 in /tmp/pbe_data.data.home.granepura.5-Kinases.Kinases_MCCE.Trial01.run_holo.5L2I_GLU01A0014_001
ForkPoolWorker-5: Calling delphi to calculate conformer (15/550) GLU01A0014_002 in /tmp/pbe_data.data.home.granepura.5-Kinases.Kinases_MCCE.Trial01.run_holo.5L2I_GLU01A0014_002
ForkPoolWorker-2: Calling delphi to calculate conformer (16/550) GLU02A0014_003 in /tmp/pbe_data.data.home.granepura.5-Kinases.Kinases_MCCE.Trial01.run_holo.5L2I_GLU02A0014_003
ForkPoolWorker-4: Calling delphi to calculate conformer (17/550) GLU02A0014_004 in /tmp/pbe_data.data.home.granepura.5-Kinases.Kinases_MCCE.Trial01.run_holo.5L2I_GLU02A0014_004
ForkPoolWorker-1: Calling delphi to calculate conformer (18/550) GLU-1A0014_005 in /tmp/pbe_data.data.home.granepura.5-Kinases.Kinases_MCCE.Trial01.run_holo.5L2I_GLU-1A0014_005
ForkPoolWorker-3: Calling delphi to calculate conformer (19/550) CYS01A0015_001 in /tmp/pbe_data.data.home.granepura.5-Kinases.Kinases_MCCE.Trial01.run_holo.5L2I_CYS01A0015_001
ForkPoolWorker-5: Calling delphi to calculate conformer (20/550) CYS01A0015_002 in /tmp/pbe_data.data.home.granepura.5-Kinases.Kinases_MCCE.Trial01.run_holo.5L2I_CYS01A0015_002
ForkPoolWorker-4: Calling delphi to calculate conformer (21/550) CYS01A0015_003 in /tmp/pbe_data.data.home.granepura.5-Kinases.Kinases_MCCE.Trial01.run_holo.5L2I_CYS01A0015_003
ForkPoolWorker-2: Calling delphi to calculate conformer (22/550) CYS-1A0015_004 in /tmp/pbe_data.data.home.granepura.5-Kinases.Kinases_MCCE.Trial01.run_holo.5L2I_CYS-1A0015_004
Skipping PBE solver for non-charge conformer (23/550) VAL01A0016_001...
Skipping PBE solver for non-charge conformer (24/550) ALA01A0017_001...
ForkPoolWorker-1: Calling delphi to calculate conformer (25/550) GLU01A0018_001 in /tmp/pbe_data.data.home.granepura.5-Kinases.Kinases_MCCE.Trial01.run_holo.5L2I_GLU01A0018_001
ForkPoolWorker-3: Calling delphi to calculate conformer (26/550) GLU01A0018_002 in /tmp/pbe_data.data.home.granepura.5-Kinases.Kinases_MCCE.Trial01.run_holo.5L2I_GLU01A0018_002
ForkPoolWorker-5: Calling delphi to calculate conformer (27/550) GLU02A0018_003 in /tmp/pbe_data.data.home.granepura.5-Kinases.Kinases_MCCE.Trial01.run_holo.5L2I_GLU02A0018_003
ForkPoolWorker-4: Calling delphi to calculate conformer (28/550) GLU02A0018_004 in /tmp/pbe_data.data.home.granepura.5-Kinases.Kinases_MCCE.Trial01.run_holo.5L2I_GLU02A0018_004
ForkPoolWorker-2: Calling delphi to calculate conformer (29/550) GLU-1A0018_005 in /tmp/pbe_data.data.home.granepura.5-Kinases.Kinases_MCCE.Trial01.run_holo.5L2I_GLU-1A0018_005
Skipping PBE solver for non-charge conformer (30/550) ILE01A0019_001...
ForkPoolWorker-1: Calling delphi to calculate conformer (31/550) GLU01A0021_001 in /tmp/pbe_data.data.home.granepura.5-Kinases.Kinases_MCCE.Trial01.run_holo.5L2I_GLU01A0021_001
ForkPoolWorker-3: Calling delphi to calculate conformer (32/550) GLU01A0021_002 in /tmp/pbe_data.data.home.granepura.5-Kinases.Kinases_MCCE.Trial01.run_holo.5L2I_GLU01A0021_002
ForkPoolWorker-5: Calling delphi to calculate conformer (33/550) GLU02A0021_003 in /tmp/pbe_data.data.home.granepura.5-Kinases.Kinases_MCCE.Trial01.run_holo.5L2I_GLU02A0021_003
ForkPoolWorker-4: Calling delphi to calculate conformer (34/550) GLU02A0021_004 in /tmp/pbe_data.data.home.granepura.5-Kinases.Kinases_MCCE.Trial01.run_holo.5L2I_GLU02A0021_004
ForkPoolWorker-2: Calling delphi to calculate conformer (35/550) GLU-1A0021_005 in /tmp/pbe_data.data.home.granepura.5-Kinases.Kinases_MCCE.Trial01.run_holo.5L2I_GLU-1A0021_005
Skipping PBE solver for non-charge conformer (36/550) ALA01A0023_001...
ForkPoolWorker-1: Calling delphi to calculate conformer (37/550) TYR01A0024_001 in /tmp/pbe_data.data.home.granepura.5-Kinases.Kinases_MCCE.Trial01.run_holo.5L2I_TYR01A0024_001
ForkPoolWorker-3: Calling delphi to calculate conformer (38/550) TYR01A0024_002 in /tmp/pbe_data.data.home.granepura.5-Kinases.Kinases_MCCE.Trial01.run_holo.5L2I_TYR01A0024_002
ForkPoolWorker-5: Calling delphi to calculate conformer (39/550) TYR-1A0024_003 in /tmp/pbe_data.data.home.granepura.5-Kinases.Kinases_MCCE.Trial01.run_holo.5L2I_TYR-1A0024_003
ForkPoolWorker-4: Calling delphi to calculate conformer (40/550) LYS01A0026_001 in /tmp/pbe_data.data.home.granepura.5-Kinases.Kinases_MCCE.Trial01.run_holo.5L2I_LYS01A0026_001
ForkPoolWorker-2: Calling delphi to calculate conformer (41/550) LYS+1A0026_002 in /tmp/pbe_data.data.home.granepura.5-Kinases.Kinases_MCCE.Trial01.run_holo.5L2I_LYS+1A0026_002
Skipping PBE solver for non-charge conformer (42/550) VAL01A0027_001...
Skipping PBE solver for non-charge conformer (43/550) PHE01A0028_001...
ForkPoolWorker-1: Calling delphi to calculate conformer (44/550) LYS01A0029_001 in /tmp/pbe_data.data.home.granepura.5-Kinases.Kinases_MCCE.Trial01.run_holo.5L2I_LYS01A0029_001
ForkPoolWorker-3: Calling delphi to calculate conformer (45/550) LYS+1A0029_002 in /tmp/pbe_data.data.home.granepura.5-Kinases.Kinases_MCCE.Trial01.run_holo.5L2I_LYS+1A0029_002
Skipping PBE solver for non-charge conformer (46/550) ALA01A0030_001...
ForkPoolWorker-5: Calling delphi to calculate conformer (47/550) ARG01A0031_001 in /tmp/pbe_data.data.home.granepura.5-Kinases.Kinases_MCCE.Trial01.run_holo.5L2I_ARG01A0031_001
ForkPoolWorker-4: Calling delphi to calculate conformer (48/550) ARG02A0031_002 in /tmp/pbe_data.data.home.granepura.5-Kinases.Kinases_MCCE.Trial01.run_holo.5L2I_ARG02A0031_002
ForkPoolWorker-2: Calling delphi to calculate conformer (49/550) ARG03A0031_003 in /tmp/pbe_data.data.home.granepura.5-Kinases.Kinases_MCCE.Trial01.run_holo.5L2I_ARG03A0031_003
ForkPoolWorker-1: Calling delphi to calculate conformer (50/550) ARG+1A0031_004 in /tmp/pbe_data.data.home.granepura.5-Kinases.Kinases_MCCE.Trial01.run_holo.5L2I_ARG+1A0031_004
ForkPoolWorker-3: Calling delphi to calculate conformer (51/550) ASP01A0032_001 in /tmp/pbe_data.data.home.granepura.5-Kinases.Kinases_MCCE.Trial01.run_holo.5L2I_ASP01A0032_001
ForkPoolWorker-5: Calling delphi to calculate conformer (52/550) ASP01A0032_002 in /tmp/pbe_data.data.home.granepura.5-Kinases.Kinases_MCCE.Trial01.run_holo.5L2I_ASP01A0032_002
ForkPoolWorker-4: Calling delphi to calculate conformer (53/550) ASP02A0032_003 in /tmp/pbe_data.data.home.granepura.5-Kinases.Kinases_MCCE.Trial01.run_holo.5L2I_ASP02A0032_003
ForkPoolWorker-2: Calling delphi to calculate conformer (54/550) ASP02A0032_004 in /tmp/pbe_data.data.home.granepura.5-Kinases.Kinases_MCCE.Trial01.run_holo.5L2I_ASP02A0032_004
ForkPoolWorker-1: Calling delphi to calculate conformer (55/550) ASP-1A0032_005 in /tmp/pbe_data.data.home.granepura.5-Kinases.Kinases_MCCE.Trial01.run_holo.5L2I_ASP-1A0032_005
Skipping PBE solver for non-charge conformer (56/550) LEU01A0033_001...
ForkPoolWorker-3: Calling delphi to calculate conformer (57/550) LYS01A0034_001 in /tmp/pbe_data.data.home.granepura.5-Kinases.Kinases_MCCE.Trial01.run_holo.5L2I_LYS01A0034_001
ForkPoolWorker-5: Calling delphi to calculate conformer (58/550) LYS+1A0034_002 in /tmp/pbe_data.data.home.granepura.5-Kinases.Kinases_MCCE.Trial01.run_holo.5L2I_LYS+1A0034_002
ForkPoolWorker-4: Calling delphi to calculate conformer (59/550) ASN01A0035_001 in /tmp/pbe_data.data.home.granepura.5-Kinases.Kinases_MCCE.Trial01.run_holo.5L2I_ASN01A0035_001
ForkPoolWorker-2: Calling delphi to calculate conformer (60/550) ASN01A0035_002 in /tmp/pbe_data.data.home.granepura.5-Kinases.Kinases_MCCE.Trial01.run_holo.5L2I_ASN01A0035_002
ForkPoolWorker-1: Calling delphi to calculate conformer (61/550) ARG01A0038_001 in /tmp/pbe_data.data.home.granepura.5-Kinases.Kinases_MCCE.Trial01.run_holo.5L2I_ARG01A0038_001
ForkPoolWorker-3: Calling delphi to calculate conformer (62/550) ARG02A0038_002 in /tmp/pbe_data.data.home.granepura.5-Kinases.Kinases_MCCE.Trial01.run_holo.5L2I_ARG02A0038_002
ForkPoolWorker-5: Calling delphi to calculate conformer (63/550) ARG03A0038_003 in /tmp/pbe_data.data.home.granepura.5-Kinases.Kinases_MCCE.Trial01.run_holo.5L2I_ARG03A0038_003
ForkPoolWorker-4: Calling delphi to calculate conformer (64/550) ARG03A0038_004 in /tmp/pbe_data.data.home.granepura.5-Kinases.Kinases_MCCE.Trial01.run_holo.5L2I_ARG03A0038_004
ForkPoolWorker-2: Calling delphi to calculate conformer (65/550) ARG+1A0038_005 in /tmp/pbe_data.data.home.granepura.5-Kinases.Kinases_MCCE.Trial01.run_holo.5L2I_ARG+1A0038_005
Skipping PBE solver for non-charge conformer (66/550) PHE01A0039_001...
Skipping PBE solver for non-charge conformer (67/550) VAL01A0040_001...
Skipping PBE solver for non-charge conformer (68/550) ALA01A0041_001...
Skipping PBE solver for non-charge conformer (69/550) LEU01A0042_001...
ForkPoolWorker-1: Calling delphi to calculate conformer (71/550) LYS+1A0043_002 in /tmp/pbe_data.data.home.granepura.5-Kinases.Kinases_MCCE.Trial01.run_holo.5L2I_LYS+1A0043_002
ForkPoolWorker-3: Calling delphi to calculate conformer (70/550) LYS01A0043_001 in /tmp/pbe_data.data.home.granepura.5-Kinases.Kinases_MCCE.Trial01.run_holo.5L2I_LYS01A0043_001
ForkPoolWorker-5: Calling delphi to calculate conformer (72/550) ARG01A0044_001 in /tmp/pbe_data.data.home.granepura.5-Kinases.Kinases_MCCE.Trial01.run_holo.5L2I_ARG01A0044_001
ForkPoolWorker-4: Calling delphi to calculate conformer (73/550) ARG02A0044_002 in /tmp/pbe_data.data.home.granepura.5-Kinases.Kinases_MCCE.Trial01.run_holo.5L2I_ARG02A0044_002
ForkPoolWorker-2: Calling delphi to calculate conformer (74/550) ARG03A0044_003 in /tmp/pbe_data.data.home.granepura.5-Kinases.Kinases_MCCE.Trial01.run_holo.5L2I_ARG03A0044_003
ForkPoolWorker-3: Calling delphi to calculate conformer (75/550) ARG+1A0044_004 in /tmp/pbe_data.data.home.granepura.5-Kinases.Kinases_MCCE.Trial01.run_holo.5L2I_ARG+1A0044_004
Skipping PBE solver for non-charge conformer (76/550) VAL01A0045_001...
ForkPoolWorker-5: Calling delphi to calculate conformer (77/550) ARG01A0046_001 in /tmp/pbe_data.data.home.granepura.5-Kinases.Kinases_MCCE.Trial01.run_holo.5L2I_ARG01A0046_001
ForkPoolWorker-1: Calling delphi to calculate conformer (78/550) ARG02A0046_002 in /tmp/pbe_data.data.home.granepura.5-Kinases.Kinases_MCCE.Trial01.run_holo.5L2I_ARG02A0046_002
ForkPoolWorker-2: Calling delphi to calculate conformer (79/550) ARG03A0046_003 in /tmp/pbe_data.data.home.granepura.5-Kinases.Kinases_MCCE.Trial01.run_holo.5L2I_ARG03A0046_003
ForkPoolWorker-4: Calling delphi to calculate conformer (80/550) ARG+1A0046_004 in /tmp/pbe_data.data.home.granepura.5-Kinases.Kinases_MCCE.Trial01.run_holo.5L2I_ARG+1A0046_004
Skipping PBE solver for non-charge conformer (81/550) PRO01A0055_001...
Skipping PBE solver for non-charge conformer (82/550) LEU01A0056_001...
ForkPoolWorker-3: Calling delphi to calculate conformer (84/550) THR01A0058_001 in /tmp/pbe_data.data.home.granepura.5-Kinases.Kinases_MCCE.Trial01.run_holo.5L2I_THR01A0058_001
ForkPoolWorker-5: Calling delphi to calculate conformer (83/550) SER01A0057_001 in /tmp/pbe_data.data.home.granepura.5-Kinases.Kinases_MCCE.Trial01.run_holo.5L2I_SER01A0057_001
Skipping PBE solver for non-charge conformer (85/550) ILE01A0059_001...
ForkPoolWorker-1: Calling delphi to calculate conformer (86/550) ARG01A0060_001 in /tmp/pbe_data.data.home.granepura.5-Kinases.Kinases_MCCE.Trial01.run_holo.5L2I_ARG01A0060_001
ForkPoolWorker-2: Calling delphi to calculate conformer (87/550) ARG02A0060_002 in /tmp/pbe_data.data.home.granepura.5-Kinases.Kinases_MCCE.Trial01.run_holo.5L2I_ARG02A0060_002
ForkPoolWorker-4: Calling delphi to calculate conformer (88/550) ARG03A0060_003 in /tmp/pbe_data.data.home.granepura.5-Kinases.Kinases_MCCE.Trial01.run_holo.5L2I_ARG03A0060_003
ForkPoolWorker-5: Calling delphi to calculate conformer (90/550) GLU01A0061_001 in /tmp/pbe_data.data.home.granepura.5-Kinases.Kinases_MCCE.Trial01.run_holo.5L2I_GLU01A0061_001
ForkPoolWorker-3: Calling delphi to calculate conformer (89/550) ARG+1A0060_004 in /tmp/pbe_data.data.home.granepura.5-Kinases.Kinases_MCCE.Trial01.run_holo.5L2I_ARG+1A0060_004
ForkPoolWorker-1: Calling delphi to calculate conformer (91/550) GLU01A0061_002 in /tmp/pbe_data.data.home.granepura.5-Kinases.Kinases_MCCE.Trial01.run_holo.5L2I_GLU01A0061_002
ForkPoolWorker-2: Calling delphi to calculate conformer (92/550) GLU02A0061_003 in /tmp/pbe_data.data.home.granepura.5-Kinases.Kinases_MCCE.Trial01.run_holo.5L2I_GLU02A0061_003
ForkPoolWorker-4: Calling delphi to calculate conformer (93/550) GLU02A0061_004 in /tmp/pbe_data.data.home.granepura.5-Kinases.Kinases_MCCE.Trial01.run_holo.5L2I_GLU02A0061_004
ForkPoolWorker-3: Calling delphi to calculate conformer (94/550) GLU-1A0061_005 in /tmp/pbe_data.data.home.granepura.5-Kinases.Kinases_MCCE.Trial01.run_holo.5L2I_GLU-1A0061_005
Skipping PBE solver for non-charge conformer (95/550) VAL01A0062_001...
Skipping PBE solver for non-charge conformer (96/550) ALA01A0063_001...
Skipping PBE solver for non-charge conformer (97/550) VAL01A0064_001...
Skipping PBE solver for non-charge conformer (98/550) LEU01A0065_001...
ForkPoolWorker-5: Calling delphi to calculate conformer (99/550) ARG01A0066_001 in /tmp/pbe_data.data.home.granepura.5-Kinases.Kinases_MCCE.Trial01.run_holo.5L2I_ARG01A0066_001
ForkPoolWorker-1: Calling delphi to calculate conformer (100/550) ARG02A0066_002 in /tmp/pbe_data.data.home.granepura.5-Kinases.Kinases_MCCE.Trial01.run_holo.5L2I_ARG02A0066_002
ForkPoolWorker-4: Calling delphi to calculate conformer (101/550) ARG03A0066_003 in /tmp/pbe_data.data.home.granepura.5-Kinases.Kinases_MCCE.Trial01.run_holo.5L2I_ARG03A0066_003
ForkPoolWorker-2: Calling delphi to calculate conformer (102/550) ARG+1A0066_004 in /tmp/pbe_data.data.home.granepura.5-Kinases.Kinases_MCCE.Trial01.run_holo.5L2I_ARG+1A0066_004
ForkPoolWorker-1: Calling delphi to calculate conformer (103/550) HIS01A0067_001 in /tmp/pbe_data.data.home.granepura.5-Kinases.Kinases_MCCE.Trial01.run_holo.5L2I_HIS01A0067_001
ForkPoolWorker-5: Calling delphi to calculate conformer (104/550) HIS01A0067_002 in /tmp/pbe_data.data.home.granepura.5-Kinases.Kinases_MCCE.Trial01.run_holo.5L2I_HIS01A0067_002
ForkPoolWorker-3: Calling delphi to calculate conformer (105/550) HIS02A0067_003 in /tmp/pbe_data.data.home.granepura.5-Kinases.Kinases_MCCE.Trial01.run_holo.5L2I_HIS02A0067_003
ForkPoolWorker-4: Calling delphi to calculate conformer (106/550) HIS02A0067_004 in /tmp/pbe_data.data.home.granepura.5-Kinases.Kinases_MCCE.Trial01.run_holo.5L2I_HIS02A0067_004
ForkPoolWorker-2: Calling delphi to calculate conformer (107/550) HIS+1A0067_005 in /tmp/pbe_data.data.home.granepura.5-Kinases.Kinases_MCCE.Trial01.run_holo.5L2I_HIS+1A0067_005
ForkPoolWorker-1: Calling delphi to calculate conformer (108/550) HIS+1A0067_006 in /tmp/pbe_data.data.home.granepura.5-Kinases.Kinases_MCCE.Trial01.run_holo.5L2I_HIS+1A0067_006
Skipping PBE solver for non-charge conformer (109/550) LEU01A0068_001...
ForkPoolWorker-5: Calling delphi to calculate conformer (110/550) GLU01A0069_001 in /tmp/pbe_data.data.home.granepura.5-Kinases.Kinases_MCCE.Trial01.run_holo.5L2I_GLU01A0069_001
ForkPoolWorker-3: Calling delphi to calculate conformer (111/550) GLU01A0069_002 in /tmp/pbe_data.data.home.granepura.5-Kinases.Kinases_MCCE.Trial01.run_holo.5L2I_GLU01A0069_002
ForkPoolWorker-4: Calling delphi to calculate conformer (112/550) GLU02A0069_003 in /tmp/pbe_data.data.home.granepura.5-Kinases.Kinases_MCCE.Trial01.run_holo.5L2I_GLU02A0069_003
ForkPoolWorker-2: Calling delphi to calculate conformer (113/550) GLU02A0069_004 in /tmp/pbe_data.data.home.granepura.5-Kinases.Kinases_MCCE.Trial01.run_holo.5L2I_GLU02A0069_004
ForkPoolWorker-1: Calling delphi to calculate conformer (114/550) GLU-1A0069_005 in /tmp/pbe_data.data.home.granepura.5-Kinases.Kinases_MCCE.Trial01.run_holo.5L2I_GLU-1A0069_005
ForkPoolWorker-5: Calling delphi to calculate conformer (115/550) THR01A0070_001 in /tmp/pbe_data.data.home.granepura.5-Kinases.Kinases_MCCE.Trial01.run_holo.5L2I_THR01A0070_001
ForkPoolWorker-3: Calling delphi to calculate conformer (116/550) THR01A0070_002 in /tmp/pbe_data.data.home.granepura.5-Kinases.Kinases_MCCE.Trial01.run_holo.5L2I_THR01A0070_002
Skipping PBE solver for non-charge conformer (117/550) PHE01A0071_001...
ForkPoolWorker-4: Calling delphi to calculate conformer (118/550) GLU01A0072_001 in /tmp/pbe_data.data.home.granepura.5-Kinases.Kinases_MCCE.Trial01.run_holo.5L2I_GLU01A0072_001
ForkPoolWorker-2: Calling delphi to calculate conformer (119/550) GLU01A0072_002 in /tmp/pbe_data.data.home.granepura.5-Kinases.Kinases_MCCE.Trial01.run_holo.5L2I_GLU01A0072_002
ForkPoolWorker-1: Calling delphi to calculate conformer (120/550) GLU02A0072_003 in /tmp/pbe_data.data.home.granepura.5-Kinases.Kinases_MCCE.Trial01.run_holo.5L2I_GLU02A0072_003
ForkPoolWorker-5: Calling delphi to calculate conformer (121/550) GLU02A0072_004 in /tmp/pbe_data.data.home.granepura.5-Kinases.Kinases_MCCE.Trial01.run_holo.5L2I_GLU02A0072_004
ForkPoolWorker-3: Calling delphi to calculate conformer (122/550) GLU-1A0072_005 in /tmp/pbe_data.data.home.granepura.5-Kinases.Kinases_MCCE.Trial01.run_holo.5L2I_GLU-1A0072_005
ForkPoolWorker-4: Calling delphi to calculate conformer (123/550) HIS01A0073_001 in /tmp/pbe_data.data.home.granepura.5-Kinases.Kinases_MCCE.Trial01.run_holo.5L2I_HIS01A0073_001
ForkPoolWorker-2: Calling delphi to calculate conformer (124/550) HIS02A0073_002 in /tmp/pbe_data.data.home.granepura.5-Kinases.Kinases_MCCE.Trial01.run_holo.5L2I_HIS02A0073_002
ForkPoolWorker-1: Calling delphi to calculate conformer (125/550) HIS+1A0073_003 in /tmp/pbe_data.data.home.granepura.5-Kinases.Kinases_MCCE.Trial01.run_holo.5L2I_HIS+1A0073_003
Skipping PBE solver for non-charge conformer (126/550) PRO01A0074_001...
ForkPoolWorker-5: Calling delphi to calculate conformer (127/550) ASN01A0075_001 in /tmp/pbe_data.data.home.granepura.5-Kinases.Kinases_MCCE.Trial01.run_holo.5L2I_ASN01A0075_001
ForkPoolWorker-3: Calling delphi to calculate conformer (128/550) ASN01A0075_002 in /tmp/pbe_data.data.home.granepura.5-Kinases.Kinases_MCCE.Trial01.run_holo.5L2I_ASN01A0075_002
Skipping PBE solver for non-charge conformer (129/550) VAL01A0076_001...
Skipping PBE solver for non-charge conformer (130/550) VAL01A0077_001...
ForkPoolWorker-4: Calling delphi to calculate conformer (131/550) ARG01A0078_001 in /tmp/pbe_data.data.home.granepura.5-Kinases.Kinases_MCCE.Trial01.run_holo.5L2I_ARG01A0078_001
ForkPoolWorker-2: Calling delphi to calculate conformer (132/550) ARG02A0078_002 in /tmp/pbe_data.data.home.granepura.5-Kinases.Kinases_MCCE.Trial01.run_holo.5L2I_ARG02A0078_002
ForkPoolWorker-1: Calling delphi to calculate conformer (133/550) ARG02A0078_003 in /tmp/pbe_data.data.home.granepura.5-Kinases.Kinases_MCCE.Trial01.run_holo.5L2I_ARG02A0078_003
ForkPoolWorker-5: Calling delphi to calculate conformer (134/550) ARG03A0078_004 in /tmp/pbe_data.data.home.granepura.5-Kinases.Kinases_MCCE.Trial01.run_holo.5L2I_ARG03A0078_004
ForkPoolWorker-3: Calling delphi to calculate conformer (135/550) ARG03A0078_005 in /tmp/pbe_data.data.home.granepura.5-Kinases.Kinases_MCCE.Trial01.run_holo.5L2I_ARG03A0078_005
ForkPoolWorker-4: Calling delphi to calculate conformer (136/550) ARG+1A0078_006 in /tmp/pbe_data.data.home.granepura.5-Kinases.Kinases_MCCE.Trial01.run_holo.5L2I_ARG+1A0078_006
Skipping PBE solver for non-charge conformer (137/550) LEU01A0079_001...
Skipping PBE solver for non-charge conformer (138/550) PHE01A0080_001...
ForkPoolWorker-2: Calling delphi to calculate conformer (139/550) ASP01A0081_001 in /tmp/pbe_data.data.home.granepura.5-Kinases.Kinases_MCCE.Trial01.run_holo.5L2I_ASP01A0081_001
ForkPoolWorker-1: Calling delphi to calculate conformer (140/550) ASP01A0081_002 in /tmp/pbe_data.data.home.granepura.5-Kinases.Kinases_MCCE.Trial01.run_holo.5L2I_ASP01A0081_002
ForkPoolWorker-5: Calling delphi to calculate conformer (141/550) ASP02A0081_003 in /tmp/pbe_data.data.home.granepura.5-Kinases.Kinases_MCCE.Trial01.run_holo.5L2I_ASP02A0081_003
ForkPoolWorker-3: Calling delphi to calculate conformer (142/550) ASP02A0081_004 in /tmp/pbe_data.data.home.granepura.5-Kinases.Kinases_MCCE.Trial01.run_holo.5L2I_ASP02A0081_004
ForkPoolWorker-4: Calling delphi to calculate conformer (143/550) ASP-1A0081_005 in /tmp/pbe_data.data.home.granepura.5-Kinases.Kinases_MCCE.Trial01.run_holo.5L2I_ASP-1A0081_005
Skipping PBE solver for non-charge conformer (144/550) VAL01A0082_001...
ForkPoolWorker-2: Calling delphi to calculate conformer (145/550) CYS01A0083_001 in /tmp/pbe_data.data.home.granepura.5-Kinases.Kinases_MCCE.Trial01.run_holo.5L2I_CYS01A0083_001
ForkPoolWorker-1: Calling delphi to calculate conformer (146/550) CYS01A0083_002 in /tmp/pbe_data.data.home.granepura.5-Kinases.Kinases_MCCE.Trial01.run_holo.5L2I_CYS01A0083_002
ForkPoolWorker-5: Calling delphi to calculate conformer (147/550) CYS01A0083_003 in /tmp/pbe_data.data.home.granepura.5-Kinases.Kinases_MCCE.Trial01.run_holo.5L2I_CYS01A0083_003
ForkPoolWorker-3: Calling delphi to calculate conformer (148/550) CYS-1A0083_004 in /tmp/pbe_data.data.home.granepura.5-Kinases.Kinases_MCCE.Trial01.run_holo.5L2I_CYS-1A0083_004
ForkPoolWorker-4: Calling delphi to calculate conformer (149/550) THR01A0084_001 in /tmp/pbe_data.data.home.granepura.5-Kinases.Kinases_MCCE.Trial01.run_holo.5L2I_THR01A0084_001
ForkPoolWorker-2: Calling delphi to calculate conformer (150/550) THR01A0084_002 in /tmp/pbe_data.data.home.granepura.5-Kinases.Kinases_MCCE.Trial01.run_holo.5L2I_THR01A0084_002
ForkPoolWorker-1: Calling delphi to calculate conformer (151/550) LYS01A0093_001 in /tmp/pbe_data.data.home.granepura.5-Kinases.Kinases_MCCE.Trial01.run_holo.5L2I_LYS01A0093_001
ForkPoolWorker-5: Calling delphi to calculate conformer (152/550) LYS+1A0093_002 in /tmp/pbe_data.data.home.granepura.5-Kinases.Kinases_MCCE.Trial01.run_holo.5L2I_LYS+1A0093_002
Skipping PBE solver for non-charge conformer (153/550) LEU01A0094_001...
ForkPoolWorker-3: Calling delphi to calculate conformer (154/550) THR01A0095_001 in /tmp/pbe_data.data.home.granepura.5-Kinases.Kinases_MCCE.Trial01.run_holo.5L2I_THR01A0095_001
ForkPoolWorker-4: Calling delphi to calculate conformer (155/550) THR01A0095_002 in /tmp/pbe_data.data.home.granepura.5-Kinases.Kinases_MCCE.Trial01.run_holo.5L2I_THR01A0095_002
Skipping PBE solver for non-charge conformer (156/550) LEU01A0096_001...
Skipping PBE solver for non-charge conformer (157/550) VAL01A0097_001...
Skipping PBE solver for non-charge conformer (158/550) PHE01A0098_001...
ForkPoolWorker-2: Calling delphi to calculate conformer (159/550) GLU01A0099_001 in /tmp/pbe_data.data.home.granepura.5-Kinases.Kinases_MCCE.Trial01.run_holo.5L2I_GLU01A0099_001
ForkPoolWorker-1: Calling delphi to calculate conformer (160/550) GLU01A0099_002 in /tmp/pbe_data.data.home.granepura.5-Kinases.Kinases_MCCE.Trial01.run_holo.5L2I_GLU01A0099_002
ForkPoolWorker-5: Calling delphi to calculate conformer (161/550) GLU02A0099_003 in /tmp/pbe_data.data.home.granepura.5-Kinases.Kinases_MCCE.Trial01.run_holo.5L2I_GLU02A0099_003
ForkPoolWorker-3: Calling delphi to calculate conformer (162/550) GLU02A0099_004 in /tmp/pbe_data.data.home.granepura.5-Kinases.Kinases_MCCE.Trial01.run_holo.5L2I_GLU02A0099_004
ForkPoolWorker-4: Calling delphi to calculate conformer (163/550) GLU-1A0099_005 in /tmp/pbe_data.data.home.granepura.5-Kinases.Kinases_MCCE.Trial01.run_holo.5L2I_GLU-1A0099_005
ForkPoolWorker-2: Calling delphi to calculate conformer (164/550) HIS01A0100_001 in /tmp/pbe_data.data.home.granepura.5-Kinases.Kinases_MCCE.Trial01.run_holo.5L2I_HIS01A0100_001
ForkPoolWorker-1: Calling delphi to calculate conformer (165/550) HIS01A0100_002 in /tmp/pbe_data.data.home.granepura.5-Kinases.Kinases_MCCE.Trial01.run_holo.5L2I_HIS01A0100_002
ForkPoolWorker-5: Calling delphi to calculate conformer (166/550) HIS02A0100_003 in /tmp/pbe_data.data.home.granepura.5-Kinases.Kinases_MCCE.Trial01.run_holo.5L2I_HIS02A0100_003
ForkPoolWorker-3: Calling delphi to calculate conformer (167/550) HIS02A0100_004 in /tmp/pbe_data.data.home.granepura.5-Kinases.Kinases_MCCE.Trial01.run_holo.5L2I_HIS02A0100_004
ForkPoolWorker-4: Calling delphi to calculate conformer (168/550) HIS+1A0100_005 in /tmp/pbe_data.data.home.granepura.5-Kinases.Kinases_MCCE.Trial01.run_holo.5L2I_HIS+1A0100_005
ForkPoolWorker-2: Calling delphi to calculate conformer (169/550) HIS+1A0100_006 in /tmp/pbe_data.data.home.granepura.5-Kinases.Kinases_MCCE.Trial01.run_holo.5L2I_HIS+1A0100_006
Skipping PBE solver for non-charge conformer (170/550) VAL01A0101_001...
ForkPoolWorker-1: Calling delphi to calculate conformer (171/550) ASP01A0102_001 in /tmp/pbe_data.data.home.granepura.5-Kinases.Kinases_MCCE.Trial01.run_holo.5L2I_ASP01A0102_001
ForkPoolWorker-5: Calling delphi to calculate conformer (172/550) ASP01A0102_002 in /tmp/pbe_data.data.home.granepura.5-Kinases.Kinases_MCCE.Trial01.run_holo.5L2I_ASP01A0102_002
ForkPoolWorker-3: Calling delphi to calculate conformer (173/550) ASP02A0102_003 in /tmp/pbe_data.data.home.granepura.5-Kinases.Kinases_MCCE.Trial01.run_holo.5L2I_ASP02A0102_003
ForkPoolWorker-4: Calling delphi to calculate conformer (174/550) ASP02A0102_004 in /tmp/pbe_data.data.home.granepura.5-Kinases.Kinases_MCCE.Trial01.run_holo.5L2I_ASP02A0102_004
ForkPoolWorker-2: Calling delphi to calculate conformer (175/550) ASP-1A0102_005 in /tmp/pbe_data.data.home.granepura.5-Kinases.Kinases_MCCE.Trial01.run_holo.5L2I_ASP-1A0102_005
ForkPoolWorker-1: Calling delphi to calculate conformer (176/550) GLN01A0103_001 in /tmp/pbe_data.data.home.granepura.5-Kinases.Kinases_MCCE.Trial01.run_holo.5L2I_GLN01A0103_001
ForkPoolWorker-5: Calling delphi to calculate conformer (177/550) GLN01A0103_002 in /tmp/pbe_data.data.home.granepura.5-Kinases.Kinases_MCCE.Trial01.run_holo.5L2I_GLN01A0103_002
ForkPoolWorker-3: Calling delphi to calculate conformer (178/550) ASP01A0104_001 in /tmp/pbe_data.data.home.granepura.5-Kinases.Kinases_MCCE.Trial01.run_holo.5L2I_ASP01A0104_001
ForkPoolWorker-4: Calling delphi to calculate conformer (179/550) ASP01A0104_002 in /tmp/pbe_data.data.home.granepura.5-Kinases.Kinases_MCCE.Trial01.run_holo.5L2I_ASP01A0104_002
ForkPoolWorker-2: Calling delphi to calculate conformer (180/550) ASP02A0104_003 in /tmp/pbe_data.data.home.granepura.5-Kinases.Kinases_MCCE.Trial01.run_holo.5L2I_ASP02A0104_003
ForkPoolWorker-1: Calling delphi to calculate conformer (181/550) ASP02A0104_004 in /tmp/pbe_data.data.home.granepura.5-Kinases.Kinases_MCCE.Trial01.run_holo.5L2I_ASP02A0104_004
ForkPoolWorker-5: Calling delphi to calculate conformer (182/550) ASP-1A0104_005 in /tmp/pbe_data.data.home.granepura.5-Kinases.Kinases_MCCE.Trial01.run_holo.5L2I_ASP-1A0104_005
Skipping PBE solver for non-charge conformer (183/550) LEU01A0105_001...
ForkPoolWorker-3: Calling delphi to calculate conformer (184/550) THR01A0106_001 in /tmp/pbe_data.data.home.granepura.5-Kinases.Kinases_MCCE.Trial01.run_holo.5L2I_THR01A0106_001
ForkPoolWorker-1: Calling delphi to calculate conformer (185/550) THR01A0107_001 in /tmp/pbe_data.data.home.granepura.5-Kinases.Kinases_MCCE.Trial01.run_holo.5L2I_THR01A0107_001
ForkPoolWorker-2: Calling delphi to calculate conformer (186/550) TYR01A0108_001 in /tmp/pbe_data.data.home.granepura.5-Kinases.Kinases_MCCE.Trial01.run_holo.5L2I_TYR01A0108_001
ForkPoolWorker-5: Calling delphi to calculate conformer (187/550) TYR01A0108_002 in /tmp/pbe_data.data.home.granepura.5-Kinases.Kinases_MCCE.Trial01.run_holo.5L2I_TYR01A0108_002
ForkPoolWorker-4: Calling delphi to calculate conformer (188/550) TYR-1A0108_003 in /tmp/pbe_data.data.home.granepura.5-Kinases.Kinases_MCCE.Trial01.run_holo.5L2I_TYR-1A0108_003
Skipping PBE solver for non-charge conformer (189/550) LEU01A0109_001...
ForkPoolWorker-3: Calling delphi to calculate conformer (190/550) ASP01A0110_001 in /tmp/pbe_data.data.home.granepura.5-Kinases.Kinases_MCCE.Trial01.run_holo.5L2I_ASP01A0110_001
ForkPoolWorker-1: Calling delphi to calculate conformer (191/550) ASP01A0110_002 in /tmp/pbe_data.data.home.granepura.5-Kinases.Kinases_MCCE.Trial01.run_holo.5L2I_ASP01A0110_002
ForkPoolWorker-4: Calling delphi to calculate conformer (192/550) ASP02A0110_003 in /tmp/pbe_data.data.home.granepura.5-Kinases.Kinases_MCCE.Trial01.run_holo.5L2I_ASP02A0110_003
ForkPoolWorker-2: Calling delphi to calculate conformer (194/550) ASP-1A0110_005 in /tmp/pbe_data.data.home.granepura.5-Kinases.Kinases_MCCE.Trial01.run_holo.5L2I_ASP-1A0110_005
ForkPoolWorker-5: Calling delphi to calculate conformer (193/550) ASP02A0110_004 in /tmp/pbe_data.data.home.granepura.5-Kinases.Kinases_MCCE.Trial01.run_holo.5L2I_ASP02A0110_004
ForkPoolWorker-3: Calling delphi to calculate conformer (195/550) LYS01A0111_001 in /tmp/pbe_data.data.home.granepura.5-Kinases.Kinases_MCCE.Trial01.run_holo.5L2I_LYS01A0111_001
ForkPoolWorker-1: Calling delphi to calculate conformer (196/550) LYS+1A0111_002 in /tmp/pbe_data.data.home.granepura.5-Kinases.Kinases_MCCE.Trial01.run_holo.5L2I_LYS+1A0111_002
Skipping PBE solver for non-charge conformer (197/550) VAL01A0112_001...
Skipping PBE solver for non-charge conformer (198/550) PRO01A0113_001...
ForkPoolWorker-4: Calling delphi to calculate conformer (199/550) GLU01A0114_001 in /tmp/pbe_data.data.home.granepura.5-Kinases.Kinases_MCCE.Trial01.run_holo.5L2I_GLU01A0114_001
ForkPoolWorker-2: Calling delphi to calculate conformer (200/550) GLU01A0114_002 in /tmp/pbe_data.data.home.granepura.5-Kinases.Kinases_MCCE.Trial01.run_holo.5L2I_GLU01A0114_002
ForkPoolWorker-3: Calling delphi to calculate conformer (201/550) GLU02A0114_003 in /tmp/pbe_data.data.home.granepura.5-Kinases.Kinases_MCCE.Trial01.run_holo.5L2I_GLU02A0114_003
ForkPoolWorker-5: Calling delphi to calculate conformer (202/550) GLU02A0114_004 in /tmp/pbe_data.data.home.granepura.5-Kinases.Kinases_MCCE.Trial01.run_holo.5L2I_GLU02A0114_004
ForkPoolWorker-1: Calling delphi to calculate conformer (203/550) GLU-1A0114_005 in /tmp/pbe_data.data.home.granepura.5-Kinases.Kinases_MCCE.Trial01.run_holo.5L2I_GLU-1A0114_005
Skipping PBE solver for non-charge conformer (204/550) PRO01A0115_001...
Skipping PBE solver for non-charge conformer (205/550) VAL01A0117_001...
Skipping PBE solver for non-charge conformer (206/550) PRO01A0118_001...
ForkPoolWorker-2: Calling delphi to calculate conformer (207/550) THR01A0119_001 in /tmp/pbe_data.data.home.granepura.5-Kinases.Kinases_MCCE.Trial01.run_holo.5L2I_THR01A0119_001
ForkPoolWorker-4: Calling delphi to calculate conformer (208/550) THR01A0119_002 in /tmp/pbe_data.data.home.granepura.5-Kinases.Kinases_MCCE.Trial01.run_holo.5L2I_THR01A0119_002
ForkPoolWorker-5: Calling delphi to calculate conformer (209/550) GLU01A0120_001 in /tmp/pbe_data.data.home.granepura.5-Kinases.Kinases_MCCE.Trial01.run_holo.5L2I_GLU01A0120_001
ForkPoolWorker-3: Calling delphi to calculate conformer (210/550) GLU01A0120_002 in /tmp/pbe_data.data.home.granepura.5-Kinases.Kinases_MCCE.Trial01.run_holo.5L2I_GLU01A0120_002
ForkPoolWorker-1: Calling delphi to calculate conformer (211/550) GLU02A0120_003 in /tmp/pbe_data.data.home.granepura.5-Kinases.Kinases_MCCE.Trial01.run_holo.5L2I_GLU02A0120_003
ForkPoolWorker-2: Calling delphi to calculate conformer (212/550) GLU02A0120_004 in /tmp/pbe_data.data.home.granepura.5-Kinases.Kinases_MCCE.Trial01.run_holo.5L2I_GLU02A0120_004
ForkPoolWorker-4: Calling delphi to calculate conformer (213/550) GLU-1A0120_005 in /tmp/pbe_data.data.home.granepura.5-Kinases.Kinases_MCCE.Trial01.run_holo.5L2I_GLU-1A0120_005
ForkPoolWorker-5: Calling delphi to calculate conformer (214/550) THR01A0121_001 in /tmp/pbe_data.data.home.granepura.5-Kinases.Kinases_MCCE.Trial01.run_holo.5L2I_THR01A0121_001
ForkPoolWorker-3: Calling delphi to calculate conformer (215/550) THR01A0121_002 in /tmp/pbe_data.data.home.granepura.5-Kinases.Kinases_MCCE.Trial01.run_holo.5L2I_THR01A0121_002
Skipping PBE solver for non-charge conformer (216/550) ILE01A0122_001...
ForkPoolWorker-1: Calling delphi to calculate conformer (217/550) LYS01A0123_001 in /tmp/pbe_data.data.home.granepura.5-Kinases.Kinases_MCCE.Trial01.run_holo.5L2I_LYS01A0123_001
ForkPoolWorker-2: Calling delphi to calculate conformer (218/550) LYS+1A0123_002 in /tmp/pbe_data.data.home.granepura.5-Kinases.Kinases_MCCE.Trial01.run_holo.5L2I_LYS+1A0123_002
ForkPoolWorker-5: Calling delphi to calculate conformer (219/550) ASP01A0124_001 in /tmp/pbe_data.data.home.granepura.5-Kinases.Kinases_MCCE.Trial01.run_holo.5L2I_ASP01A0124_001
ForkPoolWorker-3: Calling delphi to calculate conformer (220/550) ASP01A0124_002 in /tmp/pbe_data.data.home.granepura.5-Kinases.Kinases_MCCE.Trial01.run_holo.5L2I_ASP01A0124_002
ForkPoolWorker-4: Calling delphi to calculate conformer (221/550) ASP02A0124_003 in /tmp/pbe_data.data.home.granepura.5-Kinases.Kinases_MCCE.Trial01.run_holo.5L2I_ASP02A0124_003
ForkPoolWorker-1: Calling delphi to calculate conformer (222/550) ASP02A0124_004 in /tmp/pbe_data.data.home.granepura.5-Kinases.Kinases_MCCE.Trial01.run_holo.5L2I_ASP02A0124_004
ForkPoolWorker-2: Calling delphi to calculate conformer (223/550) ASP-1A0124_005 in /tmp/pbe_data.data.home.granepura.5-Kinases.Kinases_MCCE.Trial01.run_holo.5L2I_ASP-1A0124_005
ForkPoolWorker-5: Calling delphi to calculate conformer (224/550) MET01A0125_001 in /tmp/pbe_data.data.home.granepura.5-Kinases.Kinases_MCCE.Trial01.run_holo.5L2I_MET01A0125_001
ForkPoolWorker-4: Calling delphi to calculate conformer (225/550) MET01A0126_001 in /tmp/pbe_data.data.home.granepura.5-Kinases.Kinases_MCCE.Trial01.run_holo.5L2I_MET01A0126_001
Skipping PBE solver for non-charge conformer (226/550) PHE01A0127_001...
ForkPoolWorker-3: Calling delphi to calculate conformer (227/550) GLN01A0128_001 in /tmp/pbe_data.data.home.granepura.5-Kinases.Kinases_MCCE.Trial01.run_holo.5L2I_GLN01A0128_001
ForkPoolWorker-1: Calling delphi to calculate conformer (228/550) GLN01A0128_002 in /tmp/pbe_data.data.home.granepura.5-Kinases.Kinases_MCCE.Trial01.run_holo.5L2I_GLN01A0128_002
Skipping PBE solver for non-charge conformer (229/550) LEU01A0129_001...
Skipping PBE solver for non-charge conformer (230/550) LEU01A0130_001...
ForkPoolWorker-2: Calling delphi to calculate conformer (231/550) ARG01A0131_001 in /tmp/pbe_data.data.home.granepura.5-Kinases.Kinases_MCCE.Trial01.run_holo.5L2I_ARG01A0131_001
ForkPoolWorker-5: Calling delphi to calculate conformer (232/550) ARG02A0131_002 in /tmp/pbe_data.data.home.granepura.5-Kinases.Kinases_MCCE.Trial01.run_holo.5L2I_ARG02A0131_002
ForkPoolWorker-4: Calling delphi to calculate conformer (233/550) ARG03A0131_003 in /tmp/pbe_data.data.home.granepura.5-Kinases.Kinases_MCCE.Trial01.run_holo.5L2I_ARG03A0131_003
ForkPoolWorker-3: Calling delphi to calculate conformer (234/550) ARG+1A0131_004 in /tmp/pbe_data.data.home.granepura.5-Kinases.Kinases_MCCE.Trial01.run_holo.5L2I_ARG+1A0131_004
Skipping PBE solver for non-charge conformer (235/550) LEU01A0133_001...
ForkPoolWorker-1: Calling delphi to calculate conformer (236/550) ASP01A0134_001 in /tmp/pbe_data.data.home.granepura.5-Kinases.Kinases_MCCE.Trial01.run_holo.5L2I_ASP01A0134_001
ForkPoolWorker-2: Calling delphi to calculate conformer (237/550) ASP01A0134_002 in /tmp/pbe_data.data.home.granepura.5-Kinases.Kinases_MCCE.Trial01.run_holo.5L2I_ASP01A0134_002
ForkPoolWorker-4: Calling delphi to calculate conformer (238/550) ASP02A0134_003 in /tmp/pbe_data.data.home.granepura.5-Kinases.Kinases_MCCE.Trial01.run_holo.5L2I_ASP02A0134_003
ForkPoolWorker-3: Calling delphi to calculate conformer (239/550) ASP02A0134_004 in /tmp/pbe_data.data.home.granepura.5-Kinases.Kinases_MCCE.Trial01.run_holo.5L2I_ASP02A0134_004
ForkPoolWorker-5: Calling delphi to calculate conformer (240/550) ASP-1A0134_005 in /tmp/pbe_data.data.home.granepura.5-Kinases.Kinases_MCCE.Trial01.run_holo.5L2I_ASP-1A0134_005
Skipping PBE solver for non-charge conformer (241/550) PHE01A0135_001...
Skipping PBE solver for non-charge conformer (242/550) LEU01A0136_001...
ForkPoolWorker-1: Calling delphi to calculate conformer (243/550) HIS01A0137_001 in /tmp/pbe_data.data.home.granepura.5-Kinases.Kinases_MCCE.Trial01.run_holo.5L2I_HIS01A0137_001
ForkPoolWorker-2: Calling delphi to calculate conformer (244/550) HIS02A0137_002 in /tmp/pbe_data.data.home.granepura.5-Kinases.Kinases_MCCE.Trial01.run_holo.5L2I_HIS02A0137_002
ForkPoolWorker-4: Calling delphi to calculate conformer (245/550) HIS+1A0137_003 in /tmp/pbe_data.data.home.granepura.5-Kinases.Kinases_MCCE.Trial01.run_holo.5L2I_HIS+1A0137_003
ForkPoolWorker-3: Calling delphi to calculate conformer (246/550) SER01A0138_001 in /tmp/pbe_data.data.home.granepura.5-Kinases.Kinases_MCCE.Trial01.run_holo.5L2I_SER01A0138_001
ForkPoolWorker-5: Calling delphi to calculate conformer (247/550) SER01A0138_002 in /tmp/pbe_data.data.home.granepura.5-Kinases.Kinases_MCCE.Trial01.run_holo.5L2I_SER01A0138_002
ForkPoolWorker-1: Calling delphi to calculate conformer (248/550) SER01A0138_003 in /tmp/pbe_data.data.home.granepura.5-Kinases.Kinases_MCCE.Trial01.run_holo.5L2I_SER01A0138_003
ForkPoolWorker-2: Calling delphi to calculate conformer (249/550) HIS01A0139_001 in /tmp/pbe_data.data.home.granepura.5-Kinases.Kinases_MCCE.Trial01.run_holo.5L2I_HIS01A0139_001
ForkPoolWorker-3: Calling delphi to calculate conformer (250/550) HIS01A0139_002 in /tmp/pbe_data.data.home.granepura.5-Kinases.Kinases_MCCE.Trial01.run_holo.5L2I_HIS01A0139_002
ForkPoolWorker-5: Calling delphi to calculate conformer (251/550) HIS02A0139_003 in /tmp/pbe_data.data.home.granepura.5-Kinases.Kinases_MCCE.Trial01.run_holo.5L2I_HIS02A0139_003
ForkPoolWorker-4: Calling delphi to calculate conformer (252/550) HIS02A0139_004 in /tmp/pbe_data.data.home.granepura.5-Kinases.Kinases_MCCE.Trial01.run_holo.5L2I_HIS02A0139_004
ForkPoolWorker-1: Calling delphi to calculate conformer (253/550) HIS+1A0139_005 in /tmp/pbe_data.data.home.granepura.5-Kinases.Kinases_MCCE.Trial01.run_holo.5L2I_HIS+1A0139_005
ForkPoolWorker-2: Calling delphi to calculate conformer (254/550) HIS+1A0139_006 in /tmp/pbe_data.data.home.granepura.5-Kinases.Kinases_MCCE.Trial01.run_holo.5L2I_HIS+1A0139_006
ForkPoolWorker-3: Calling delphi to calculate conformer (255/550) ARG01A0140_001 in /tmp/pbe_data.data.home.granepura.5-Kinases.Kinases_MCCE.Trial01.run_holo.5L2I_ARG01A0140_001
ForkPoolWorker-5: Calling delphi to calculate conformer (256/550) ARG02A0140_002 in /tmp/pbe_data.data.home.granepura.5-Kinases.Kinases_MCCE.Trial01.run_holo.5L2I_ARG02A0140_002
ForkPoolWorker-4: Calling delphi to calculate conformer (257/550) ARG03A0140_003 in /tmp/pbe_data.data.home.granepura.5-Kinases.Kinases_MCCE.Trial01.run_holo.5L2I_ARG03A0140_003
ForkPoolWorker-1: Calling delphi to calculate conformer (258/550) ARG+1A0140_004 in /tmp/pbe_data.data.home.granepura.5-Kinases.Kinases_MCCE.Trial01.run_holo.5L2I_ARG+1A0140_004
Skipping PBE solver for non-charge conformer (259/550) VAL01A0141_001...
Skipping PBE solver for non-charge conformer (260/550) VAL01A0142_001...
ForkPoolWorker-2: Calling delphi to calculate conformer (261/550) HIS01A0143_001 in /tmp/pbe_data.data.home.granepura.5-Kinases.Kinases_MCCE.Trial01.run_holo.5L2I_HIS01A0143_001
ForkPoolWorker-3: Calling delphi to calculate conformer (262/550) HIS02A0143_002 in /tmp/pbe_data.data.home.granepura.5-Kinases.Kinases_MCCE.Trial01.run_holo.5L2I_HIS02A0143_002
ForkPoolWorker-5: Calling delphi to calculate conformer (264/550) ARG01A0144_001 in /tmp/pbe_data.data.home.granepura.5-Kinases.Kinases_MCCE.Trial01.run_holo.5L2I_ARG01A0144_001
ForkPoolWorker-4: Calling delphi to calculate conformer (263/550) HIS+1A0143_003 in /tmp/pbe_data.data.home.granepura.5-Kinases.Kinases_MCCE.Trial01.run_holo.5L2I_HIS+1A0143_003
ForkPoolWorker-1: Calling delphi to calculate conformer (265/550) ARG02A0144_002 in /tmp/pbe_data.data.home.granepura.5-Kinases.Kinases_MCCE.Trial01.run_holo.5L2I_ARG02A0144_002
ForkPoolWorker-5: Calling delphi to calculate conformer (266/550) ARG03A0144_003 in /tmp/pbe_data.data.home.granepura.5-Kinases.Kinases_MCCE.Trial01.run_holo.5L2I_ARG03A0144_003
ForkPoolWorker-3: Calling delphi to calculate conformer (267/550) ARG+1A0144_004 in /tmp/pbe_data.data.home.granepura.5-Kinases.Kinases_MCCE.Trial01.run_holo.5L2I_ARG+1A0144_004
ForkPoolWorker-2: Calling delphi to calculate conformer (268/550) ASP01A0145_001 in /tmp/pbe_data.data.home.granepura.5-Kinases.Kinases_MCCE.Trial01.run_holo.5L2I_ASP01A0145_001
ForkPoolWorker-4: Calling delphi to calculate conformer (269/550) ASP01A0145_002 in /tmp/pbe_data.data.home.granepura.5-Kinases.Kinases_MCCE.Trial01.run_holo.5L2I_ASP01A0145_002
ForkPoolWorker-3: Calling delphi to calculate conformer (270/550) ASP02A0145_003 in /tmp/pbe_data.data.home.granepura.5-Kinases.Kinases_MCCE.Trial01.run_holo.5L2I_ASP02A0145_003
ForkPoolWorker-5: Calling delphi to calculate conformer (271/550) ASP02A0145_004 in /tmp/pbe_data.data.home.granepura.5-Kinases.Kinases_MCCE.Trial01.run_holo.5L2I_ASP02A0145_004
ForkPoolWorker-4: Calling delphi to calculate conformer (272/550) ASP-1A0145_005 in /tmp/pbe_data.data.home.granepura.5-Kinases.Kinases_MCCE.Trial01.run_holo.5L2I_ASP-1A0145_005
Skipping PBE solver for non-charge conformer (273/550) LEU01A0146_001...
ForkPoolWorker-1: Calling delphi to calculate conformer (274/550) LYS01A0147_001 in /tmp/pbe_data.data.home.granepura.5-Kinases.Kinases_MCCE.Trial01.run_holo.5L2I_LYS01A0147_001
ForkPoolWorker-2: Calling delphi to calculate conformer (275/550) LYS+1A0147_002 in /tmp/pbe_data.data.home.granepura.5-Kinases.Kinases_MCCE.Trial01.run_holo.5L2I_LYS+1A0147_002
Skipping PBE solver for non-charge conformer (276/550) PRO01A0148_001...
ForkPoolWorker-3: Calling delphi to calculate conformer (277/550) GLN01A0149_001 in /tmp/pbe_data.data.home.granepura.5-Kinases.Kinases_MCCE.Trial01.run_holo.5L2I_GLN01A0149_001
ForkPoolWorker-5: Calling delphi to calculate conformer (278/550) GLN01A0149_002 in /tmp/pbe_data.data.home.granepura.5-Kinases.Kinases_MCCE.Trial01.run_holo.5L2I_GLN01A0149_002
ForkPoolWorker-4: Calling delphi to calculate conformer (279/550) ASN01A0150_001 in /tmp/pbe_data.data.home.granepura.5-Kinases.Kinases_MCCE.Trial01.run_holo.5L2I_ASN01A0150_001
ForkPoolWorker-1: Calling delphi to calculate conformer (280/550) ASN01A0150_002 in /tmp/pbe_data.data.home.granepura.5-Kinases.Kinases_MCCE.Trial01.run_holo.5L2I_ASN01A0150_002
Skipping PBE solver for non-charge conformer (281/550) ILE01A0151_001...
Skipping PBE solver for non-charge conformer (282/550) LEU01A0152_001...
Skipping PBE solver for non-charge conformer (283/550) VAL01A0153_001...
ForkPoolWorker-2: Calling delphi to calculate conformer (284/550) THR01A0154_001 in /tmp/pbe_data.data.home.granepura.5-Kinases.Kinases_MCCE.Trial01.run_holo.5L2I_THR01A0154_001
ForkPoolWorker-3: Calling delphi to calculate conformer (285/550) SER01A0155_001 in /tmp/pbe_data.data.home.granepura.5-Kinases.Kinases_MCCE.Trial01.run_holo.5L2I_SER01A0155_001
ForkPoolWorker-5: Calling delphi to calculate conformer (286/550) SER01A0155_002 in /tmp/pbe_data.data.home.granepura.5-Kinases.Kinases_MCCE.Trial01.run_holo.5L2I_SER01A0155_002
ForkPoolWorker-4: Calling delphi to calculate conformer (287/550) SER01A0156_001 in /tmp/pbe_data.data.home.granepura.5-Kinases.Kinases_MCCE.Trial01.run_holo.5L2I_SER01A0156_001
ForkPoolWorker-1: Calling delphi to calculate conformer (288/550) SER01A0156_002 in /tmp/pbe_data.data.home.granepura.5-Kinases.Kinases_MCCE.Trial01.run_holo.5L2I_SER01A0156_002
ForkPoolWorker-2: Calling delphi to calculate conformer (289/550) GLN01A0158_001 in /tmp/pbe_data.data.home.granepura.5-Kinases.Kinases_MCCE.Trial01.run_holo.5L2I_GLN01A0158_001
ForkPoolWorker-3: Calling delphi to calculate conformer (290/550) GLN01A0158_002 in /tmp/pbe_data.data.home.granepura.5-Kinases.Kinases_MCCE.Trial01.run_holo.5L2I_GLN01A0158_002
Skipping PBE solver for non-charge conformer (291/550) ILE01A0159_001...
ForkPoolWorker-5: Calling delphi to calculate conformer (292/550) LYS01A0160_001 in /tmp/pbe_data.data.home.granepura.5-Kinases.Kinases_MCCE.Trial01.run_holo.5L2I_LYS01A0160_001
ForkPoolWorker-1: Calling delphi to calculate conformer (293/550) LYS+1A0160_002 in /tmp/pbe_data.data.home.granepura.5-Kinases.Kinases_MCCE.Trial01.run_holo.5L2I_LYS+1A0160_002
Skipping PBE solver for non-charge conformer (294/550) LEU01A0161_001...
Skipping PBE solver for non-charge conformer (295/550) ALA01A0162_001...
ForkPoolWorker-4: Calling delphi to calculate conformer (296/550) ASP01A0163_001 in /tmp/pbe_data.data.home.granepura.5-Kinases.Kinases_MCCE.Trial01.run_holo.5L2I_ASP01A0163_001
ForkPoolWorker-2: Calling delphi to calculate conformer (297/550) ASP01A0163_002 in /tmp/pbe_data.data.home.granepura.5-Kinases.Kinases_MCCE.Trial01.run_holo.5L2I_ASP01A0163_002
ForkPoolWorker-3: Calling delphi to calculate conformer (298/550) ASP02A0163_003 in /tmp/pbe_data.data.home.granepura.5-Kinases.Kinases_MCCE.Trial01.run_holo.5L2I_ASP02A0163_003
ForkPoolWorker-5: Calling delphi to calculate conformer (299/550) ASP02A0163_004 in /tmp/pbe_data.data.home.granepura.5-Kinases.Kinases_MCCE.Trial01.run_holo.5L2I_ASP02A0163_004
ForkPoolWorker-1: Calling delphi to calculate conformer (300/550) ASP-1A0163_005 in /tmp/pbe_data.data.home.granepura.5-Kinases.Kinases_MCCE.Trial01.run_holo.5L2I_ASP-1A0163_005
Skipping PBE solver for non-charge conformer (301/550) PHE01A0164_001...
Skipping PBE solver for non-charge conformer (302/550) LEU01A0166_001...
Skipping PBE solver for non-charge conformer (303/550) VAL01A0181_001...
ForkPoolWorker-4: Calling delphi to calculate conformer (305/550) THR01A0182_002 in /tmp/pbe_data.data.home.granepura.5-Kinases.Kinases_MCCE.Trial01.run_holo.5L2I_THR01A0182_002
ForkPoolWorker-2: Calling delphi to calculate conformer (304/550) THR01A0182_001 in /tmp/pbe_data.data.home.granepura.5-Kinases.Kinases_MCCE.Trial01.run_holo.5L2I_THR01A0182_001
Skipping PBE solver for non-charge conformer (306/550) LEU01A0183_001...
Skipping PBE solver for non-charge conformer (307/550) TRP01A0184_001...
ForkPoolWorker-3: Calling delphi to calculate conformer (308/550) TYR01A0185_001 in /tmp/pbe_data.data.home.granepura.5-Kinases.Kinases_MCCE.Trial01.run_holo.5L2I_TYR01A0185_001
ForkPoolWorker-5: Calling delphi to calculate conformer (309/550) TYR01A0185_002 in /tmp/pbe_data.data.home.granepura.5-Kinases.Kinases_MCCE.Trial01.run_holo.5L2I_TYR01A0185_002
ForkPoolWorker-1: Calling delphi to calculate conformer (310/550) TYR-1A0185_003 in /tmp/pbe_data.data.home.granepura.5-Kinases.Kinases_MCCE.Trial01.run_holo.5L2I_TYR-1A0185_003
ForkPoolWorker-4: Calling delphi to calculate conformer (311/550) ARG01A0186_001 in /tmp/pbe_data.data.home.granepura.5-Kinases.Kinases_MCCE.Trial01.run_holo.5L2I_ARG01A0186_001
ForkPoolWorker-2: Calling delphi to calculate conformer (312/550) ARG02A0186_002 in /tmp/pbe_data.data.home.granepura.5-Kinases.Kinases_MCCE.Trial01.run_holo.5L2I_ARG02A0186_002
ForkPoolWorker-3: Calling delphi to calculate conformer (313/550) ARG02A0186_003 in /tmp/pbe_data.data.home.granepura.5-Kinases.Kinases_MCCE.Trial01.run_holo.5L2I_ARG02A0186_003
ForkPoolWorker-5: Calling delphi to calculate conformer (314/550) ARG03A0186_004 in /tmp/pbe_data.data.home.granepura.5-Kinases.Kinases_MCCE.Trial01.run_holo.5L2I_ARG03A0186_004
ForkPoolWorker-1: Calling delphi to calculate conformer (315/550) ARG03A0186_005 in /tmp/pbe_data.data.home.granepura.5-Kinases.Kinases_MCCE.Trial01.run_holo.5L2I_ARG03A0186_005
ForkPoolWorker-4: Calling delphi to calculate conformer (316/550) ARG+1A0186_006 in /tmp/pbe_data.data.home.granepura.5-Kinases.Kinases_MCCE.Trial01.run_holo.5L2I_ARG+1A0186_006
Skipping PBE solver for non-charge conformer (317/550) ALA01A0187_001...
Skipping PBE solver for non-charge conformer (318/550) PRO01A0188_001...
ForkPoolWorker-2: Calling delphi to calculate conformer (319/550) GLU01A0189_001 in /tmp/pbe_data.data.home.granepura.5-Kinases.Kinases_MCCE.Trial01.run_holo.5L2I_GLU01A0189_001
ForkPoolWorker-3: Calling delphi to calculate conformer (320/550) GLU01A0189_002 in /tmp/pbe_data.data.home.granepura.5-Kinases.Kinases_MCCE.Trial01.run_holo.5L2I_GLU01A0189_002
ForkPoolWorker-5: Calling delphi to calculate conformer (321/550) GLU02A0189_003 in /tmp/pbe_data.data.home.granepura.5-Kinases.Kinases_MCCE.Trial01.run_holo.5L2I_GLU02A0189_003
ForkPoolWorker-4: Calling delphi to calculate conformer (322/550) GLU02A0189_004 in /tmp/pbe_data.data.home.granepura.5-Kinases.Kinases_MCCE.Trial01.run_holo.5L2I_GLU02A0189_004
ForkPoolWorker-1: Calling delphi to calculate conformer (323/550) GLU-1A0189_005 in /tmp/pbe_data.data.home.granepura.5-Kinases.Kinases_MCCE.Trial01.run_holo.5L2I_GLU-1A0189_005
Skipping PBE solver for non-charge conformer (324/550) VAL01A0190_001...
Skipping PBE solver for non-charge conformer (325/550) LEU01A0191_001...
Skipping PBE solver for non-charge conformer (326/550) LEU01A0192_001...
ForkPoolWorker-2: Calling delphi to calculate conformer (327/550) GLN01A0193_001 in /tmp/pbe_data.data.home.granepura.5-Kinases.Kinases_MCCE.Trial01.run_holo.5L2I_GLN01A0193_001
ForkPoolWorker-3: Calling delphi to calculate conformer (328/550) GLN01A0193_002 in /tmp/pbe_data.data.home.granepura.5-Kinases.Kinases_MCCE.Trial01.run_holo.5L2I_GLN01A0193_002
ForkPoolWorker-5: Calling delphi to calculate conformer (329/550) SER01A0194_001 in /tmp/pbe_data.data.home.granepura.5-Kinases.Kinases_MCCE.Trial01.run_holo.5L2I_SER01A0194_001
ForkPoolWorker-4: Calling delphi to calculate conformer (331/550) SER01A0195_001 in /tmp/pbe_data.data.home.granepura.5-Kinases.Kinases_MCCE.Trial01.run_holo.5L2I_SER01A0195_001
ForkPoolWorker-1: Calling delphi to calculate conformer (330/550) SER01A0194_002 in /tmp/pbe_data.data.home.granepura.5-Kinases.Kinases_MCCE.Trial01.run_holo.5L2I_SER01A0194_002
ForkPoolWorker-2: Calling delphi to calculate conformer (332/550) SER01A0195_002 in /tmp/pbe_data.data.home.granepura.5-Kinases.Kinases_MCCE.Trial01.run_holo.5L2I_SER01A0195_002
ForkPoolWorker-3: Calling delphi to calculate conformer (333/550) TYR01A0196_001 in /tmp/pbe_data.data.home.granepura.5-Kinases.Kinases_MCCE.Trial01.run_holo.5L2I_TYR01A0196_001
ForkPoolWorker-5: Calling delphi to calculate conformer (334/550) TYR-1A0196_002 in /tmp/pbe_data.data.home.granepura.5-Kinases.Kinases_MCCE.Trial01.run_holo.5L2I_TYR-1A0196_002
Skipping PBE solver for non-charge conformer (335/550) ALA01A0197_001...
ForkPoolWorker-4: Calling delphi to calculate conformer (336/550) THR01A0198_001 in /tmp/pbe_data.data.home.granepura.5-Kinases.Kinases_MCCE.Trial01.run_holo.5L2I_THR01A0198_001
Skipping PBE solver for non-charge conformer (337/550) PRO01A0199_001...
Skipping PBE solver for non-charge conformer (338/550) VAL01A0200_001...
ForkPoolWorker-1: Calling delphi to calculate conformer (339/550) ASP01A0201_001 in /tmp/pbe_data.data.home.granepura.5-Kinases.Kinases_MCCE.Trial01.run_holo.5L2I_ASP01A0201_001
ForkPoolWorker-2: Calling delphi to calculate conformer (340/550) ASP01A0201_002 in /tmp/pbe_data.data.home.granepura.5-Kinases.Kinases_MCCE.Trial01.run_holo.5L2I_ASP01A0201_002
ForkPoolWorker-3: Calling delphi to calculate conformer (341/550) ASP02A0201_003 in /tmp/pbe_data.data.home.granepura.5-Kinases.Kinases_MCCE.Trial01.run_holo.5L2I_ASP02A0201_003
ForkPoolWorker-5: Calling delphi to calculate conformer (342/550) ASP02A0201_004 in /tmp/pbe_data.data.home.granepura.5-Kinases.Kinases_MCCE.Trial01.run_holo.5L2I_ASP02A0201_004
ForkPoolWorker-4: Calling delphi to calculate conformer (343/550) ASP-1A0201_005 in /tmp/pbe_data.data.home.granepura.5-Kinases.Kinases_MCCE.Trial01.run_holo.5L2I_ASP-1A0201_005
Skipping PBE solver for non-charge conformer (344/550) LEU01A0202_001...
Skipping PBE solver for non-charge conformer (345/550) TRP01A0203_001...
ForkPoolWorker-1: Calling delphi to calculate conformer (346/550) SER01A0204_001 in /tmp/pbe_data.data.home.granepura.5-Kinases.Kinases_MCCE.Trial01.run_holo.5L2I_SER01A0204_001
Skipping PBE solver for non-charge conformer (347/550) VAL01A0205_001...
ForkPoolWorker-2: Calling delphi to calculate conformer (348/550) CYS01A0207_001 in /tmp/pbe_data.data.home.granepura.5-Kinases.Kinases_MCCE.Trial01.run_holo.5L2I_CYS01A0207_001
ForkPoolWorker-3: Calling delphi to calculate conformer (349/550) CYS01A0207_002 in /tmp/pbe_data.data.home.granepura.5-Kinases.Kinases_MCCE.Trial01.run_holo.5L2I_CYS01A0207_002
ForkPoolWorker-5: Calling delphi to calculate conformer (350/550) CYS01A0207_003 in /tmp/pbe_data.data.home.granepura.5-Kinases.Kinases_MCCE.Trial01.run_holo.5L2I_CYS01A0207_003
ForkPoolWorker-4: Calling delphi to calculate conformer (351/550) CYS-1A0207_004 in /tmp/pbe_data.data.home.granepura.5-Kinases.Kinases_MCCE.Trial01.run_holo.5L2I_CYS-1A0207_004
Skipping PBE solver for non-charge conformer (352/550) ILE01A0208_001...
Skipping PBE solver for non-charge conformer (353/550) PHE01A0209_001...
Skipping PBE solver for non-charge conformer (354/550) ALA01A0210_001...
ForkPoolWorker-1: Calling delphi to calculate conformer (355/550) GLU01A0211_001 in /tmp/pbe_data.data.home.granepura.5-Kinases.Kinases_MCCE.Trial01.run_holo.5L2I_GLU01A0211_001
ForkPoolWorker-2: Calling delphi to calculate conformer (356/550) GLU01A0211_002 in /tmp/pbe_data.data.home.granepura.5-Kinases.Kinases_MCCE.Trial01.run_holo.5L2I_GLU01A0211_002
ForkPoolWorker-3: Calling delphi to calculate conformer (357/550) GLU01A0211_003 in /tmp/pbe_data.data.home.granepura.5-Kinases.Kinases_MCCE.Trial01.run_holo.5L2I_GLU01A0211_003
ForkPoolWorker-5: Calling delphi to calculate conformer (358/550) GLU01A0211_004 in /tmp/pbe_data.data.home.granepura.5-Kinases.Kinases_MCCE.Trial01.run_holo.5L2I_GLU01A0211_004
ForkPoolWorker-4: Calling delphi to calculate conformer (359/550) GLU02A0211_005 in /tmp/pbe_data.data.home.granepura.5-Kinases.Kinases_MCCE.Trial01.run_holo.5L2I_GLU02A0211_005
ForkPoolWorker-1: Calling delphi to calculate conformer (360/550) GLU02A0211_006 in /tmp/pbe_data.data.home.granepura.5-Kinases.Kinases_MCCE.Trial01.run_holo.5L2I_GLU02A0211_006
ForkPoolWorker-2: Calling delphi to calculate conformer (361/550) GLU02A0211_007 in /tmp/pbe_data.data.home.granepura.5-Kinases.Kinases_MCCE.Trial01.run_holo.5L2I_GLU02A0211_007
ForkPoolWorker-3: Calling delphi to calculate conformer (362/550) GLU02A0211_008 in /tmp/pbe_data.data.home.granepura.5-Kinases.Kinases_MCCE.Trial01.run_holo.5L2I_GLU02A0211_008
ForkPoolWorker-5: Calling delphi to calculate conformer (363/550) GLU-1A0211_009 in /tmp/pbe_data.data.home.granepura.5-Kinases.Kinases_MCCE.Trial01.run_holo.5L2I_GLU-1A0211_009
ForkPoolWorker-2: Calling delphi to calculate conformer (365/550) MET01A0212_001 in /tmp/pbe_data.data.home.granepura.5-Kinases.Kinases_MCCE.Trial01.run_holo.5L2I_MET01A0212_001
Skipping PBE solver for non-charge conformer (366/550) PHE01A0213_001...
ForkPoolWorker-1: Calling delphi to calculate conformer (364/550) GLU-1A0211_010 in /tmp/pbe_data.data.home.granepura.5-Kinases.Kinases_MCCE.Trial01.run_holo.5L2I_GLU-1A0211_010
ForkPoolWorker-4: Calling delphi to calculate conformer (367/550) ARG01A0214_001 in /tmp/pbe_data.data.home.granepura.5-Kinases.Kinases_MCCE.Trial01.run_holo.5L2I_ARG01A0214_001
ForkPoolWorker-3: Calling delphi to calculate conformer (368/550) ARG02A0214_002 in /tmp/pbe_data.data.home.granepura.5-Kinases.Kinases_MCCE.Trial01.run_holo.5L2I_ARG02A0214_002
ForkPoolWorker-5: Calling delphi to calculate conformer (369/550) ARG03A0214_003 in /tmp/pbe_data.data.home.granepura.5-Kinases.Kinases_MCCE.Trial01.run_holo.5L2I_ARG03A0214_003
ForkPoolWorker-2: Calling delphi to calculate conformer (370/550) ARG+1A0214_004 in /tmp/pbe_data.data.home.granepura.5-Kinases.Kinases_MCCE.Trial01.run_holo.5L2I_ARG+1A0214_004
ForkPoolWorker-1: Calling delphi to calculate conformer (371/550) ARG01A0215_001 in /tmp/pbe_data.data.home.granepura.5-Kinases.Kinases_MCCE.Trial01.run_holo.5L2I_ARG01A0215_001
ForkPoolWorker-4: Calling delphi to calculate conformer (372/550) ARG02A0215_002 in /tmp/pbe_data.data.home.granepura.5-Kinases.Kinases_MCCE.Trial01.run_holo.5L2I_ARG02A0215_002
ForkPoolWorker-3: Calling delphi to calculate conformer (373/550) ARG02A0215_003 in /tmp/pbe_data.data.home.granepura.5-Kinases.Kinases_MCCE.Trial01.run_holo.5L2I_ARG02A0215_003
ForkPoolWorker-5: Calling delphi to calculate conformer (374/550) ARG03A0215_004 in /tmp/pbe_data.data.home.granepura.5-Kinases.Kinases_MCCE.Trial01.run_holo.5L2I_ARG03A0215_004
ForkPoolWorker-4: Calling delphi to calculate conformer (375/550) ARG03A0215_005 in /tmp/pbe_data.data.home.granepura.5-Kinases.Kinases_MCCE.Trial01.run_holo.5L2I_ARG03A0215_005
ForkPoolWorker-1: Calling delphi to calculate conformer (376/550) ARG+1A0215_006 in /tmp/pbe_data.data.home.granepura.5-Kinases.Kinases_MCCE.Trial01.run_holo.5L2I_ARG+1A0215_006
ForkPoolWorker-2: Calling delphi to calculate conformer (377/550) LYS01A0216_001 in /tmp/pbe_data.data.home.granepura.5-Kinases.Kinases_MCCE.Trial01.run_holo.5L2I_LYS01A0216_001
ForkPoolWorker-3: Calling delphi to calculate conformer (378/550) LYS+1A0216_002 in /tmp/pbe_data.data.home.granepura.5-Kinases.Kinases_MCCE.Trial01.run_holo.5L2I_LYS+1A0216_002
Skipping PBE solver for non-charge conformer (379/550) PRO01A0217_001...
Skipping PBE solver for non-charge conformer (380/550) LEU01A0218_001...
Skipping PBE solver for non-charge conformer (381/550) PHE01A0219_001...
ForkPoolWorker-5: Calling delphi to calculate conformer (382/550) ARG01A0220_001 in /tmp/pbe_data.data.home.granepura.5-Kinases.Kinases_MCCE.Trial01.run_holo.5L2I_ARG01A0220_001
ForkPoolWorker-1: Calling delphi to calculate conformer (384/550) ARG03A0220_003 in /tmp/pbe_data.data.home.granepura.5-Kinases.Kinases_MCCE.Trial01.run_holo.5L2I_ARG03A0220_003
ForkPoolWorker-4: Calling delphi to calculate conformer (383/550) ARG02A0220_002 in /tmp/pbe_data.data.home.granepura.5-Kinases.Kinases_MCCE.Trial01.run_holo.5L2I_ARG02A0220_002
ForkPoolWorker-2: Calling delphi to calculate conformer (385/550) ARG+1A0220_004 in /tmp/pbe_data.data.home.granepura.5-Kinases.Kinases_MCCE.Trial01.run_holo.5L2I_ARG+1A0220_004
ForkPoolWorker-3: Calling delphi to calculate conformer (386/550) SER01A0222_001 in /tmp/pbe_data.data.home.granepura.5-Kinases.Kinases_MCCE.Trial01.run_holo.5L2I_SER01A0222_001
ForkPoolWorker-5: Calling delphi to calculate conformer (387/550) SER01A0222_002 in /tmp/pbe_data.data.home.granepura.5-Kinases.Kinases_MCCE.Trial01.run_holo.5L2I_SER01A0222_002
ForkPoolWorker-1: Calling delphi to calculate conformer (388/550) SER01A0222_003 in /tmp/pbe_data.data.home.granepura.5-Kinases.Kinases_MCCE.Trial01.run_holo.5L2I_SER01A0222_003
ForkPoolWorker-4: Calling delphi to calculate conformer (389/550) SER01A0223_001 in /tmp/pbe_data.data.home.granepura.5-Kinases.Kinases_MCCE.Trial01.run_holo.5L2I_SER01A0223_001
ForkPoolWorker-2: Calling delphi to calculate conformer (390/550) SER01A0223_002 in /tmp/pbe_data.data.home.granepura.5-Kinases.Kinases_MCCE.Trial01.run_holo.5L2I_SER01A0223_002
ForkPoolWorker-3: Calling delphi to calculate conformer (391/550) ASP01A0224_001 in /tmp/pbe_data.data.home.granepura.5-Kinases.Kinases_MCCE.Trial01.run_holo.5L2I_ASP01A0224_001
ForkPoolWorker-5: Calling delphi to calculate conformer (392/550) ASP01A0224_002 in /tmp/pbe_data.data.home.granepura.5-Kinases.Kinases_MCCE.Trial01.run_holo.5L2I_ASP01A0224_002
ForkPoolWorker-1: Calling delphi to calculate conformer (393/550) ASP02A0224_003 in /tmp/pbe_data.data.home.granepura.5-Kinases.Kinases_MCCE.Trial01.run_holo.5L2I_ASP02A0224_003
ForkPoolWorker-4: Calling delphi to calculate conformer (394/550) ASP02A0224_004 in /tmp/pbe_data.data.home.granepura.5-Kinases.Kinases_MCCE.Trial01.run_holo.5L2I_ASP02A0224_004
ForkPoolWorker-2: Calling delphi to calculate conformer (395/550) ASP-1A0224_005 in /tmp/pbe_data.data.home.granepura.5-Kinases.Kinases_MCCE.Trial01.run_holo.5L2I_ASP-1A0224_005
Skipping PBE solver for non-charge conformer (396/550) VAL01A0225_001...
ForkPoolWorker-3: Calling delphi to calculate conformer (397/550) ASP01A0226_001 in /tmp/pbe_data.data.home.granepura.5-Kinases.Kinases_MCCE.Trial01.run_holo.5L2I_ASP01A0226_001
ForkPoolWorker-5: Calling delphi to calculate conformer (398/550) ASP01A0226_002 in /tmp/pbe_data.data.home.granepura.5-Kinases.Kinases_MCCE.Trial01.run_holo.5L2I_ASP01A0226_002
ForkPoolWorker-1: Calling delphi to calculate conformer (399/550) ASP01A0226_003 in /tmp/pbe_data.data.home.granepura.5-Kinases.Kinases_MCCE.Trial01.run_holo.5L2I_ASP01A0226_003
ForkPoolWorker-4: Calling delphi to calculate conformer (401/550) ASP02A0226_005 in /tmp/pbe_data.data.home.granepura.5-Kinases.Kinases_MCCE.Trial01.run_holo.5L2I_ASP02A0226_005
ForkPoolWorker-2: Calling delphi to calculate conformer (400/550) ASP01A0226_004 in /tmp/pbe_data.data.home.granepura.5-Kinases.Kinases_MCCE.Trial01.run_holo.5L2I_ASP01A0226_004
ForkPoolWorker-3: Calling delphi to calculate conformer (402/550) ASP02A0226_006 in /tmp/pbe_data.data.home.granepura.5-Kinases.Kinases_MCCE.Trial01.run_holo.5L2I_ASP02A0226_006
ForkPoolWorker-5: Calling delphi to calculate conformer (403/550) ASP02A0226_007 in /tmp/pbe_data.data.home.granepura.5-Kinases.Kinases_MCCE.Trial01.run_holo.5L2I_ASP02A0226_007
ForkPoolWorker-1: Calling delphi to calculate conformer (404/550) ASP02A0226_008 in /tmp/pbe_data.data.home.granepura.5-Kinases.Kinases_MCCE.Trial01.run_holo.5L2I_ASP02A0226_008
ForkPoolWorker-4: Calling delphi to calculate conformer (405/550) ASP-1A0226_009 in /tmp/pbe_data.data.home.granepura.5-Kinases.Kinases_MCCE.Trial01.run_holo.5L2I_ASP-1A0226_009
ForkPoolWorker-2: Calling delphi to calculate conformer (406/550) ASP-1A0226_010 in /tmp/pbe_data.data.home.granepura.5-Kinases.Kinases_MCCE.Trial01.run_holo.5L2I_ASP-1A0226_010
ForkPoolWorker-3: Calling delphi to calculate conformer (407/550) GLN01A0227_001 in /tmp/pbe_data.data.home.granepura.5-Kinases.Kinases_MCCE.Trial01.run_holo.5L2I_GLN01A0227_001
ForkPoolWorker-5: Calling delphi to calculate conformer (408/550) GLN01A0227_002 in /tmp/pbe_data.data.home.granepura.5-Kinases.Kinases_MCCE.Trial01.run_holo.5L2I_GLN01A0227_002
Skipping PBE solver for non-charge conformer (409/550) LEU01A0228_001...
ForkPoolWorker-1: Calling delphi to calculate conformer (410/550) LYS01A0230_001 in /tmp/pbe_data.data.home.granepura.5-Kinases.Kinases_MCCE.Trial01.run_holo.5L2I_LYS01A0230_001
ForkPoolWorker-4: Calling delphi to calculate conformer (411/550) LYS+1A0230_002 in /tmp/pbe_data.data.home.granepura.5-Kinases.Kinases_MCCE.Trial01.run_holo.5L2I_LYS+1A0230_002
Skipping PBE solver for non-charge conformer (412/550) ILE01A0231_001...
Skipping PBE solver for non-charge conformer (413/550) LEU01A0232_001...
ForkPoolWorker-2: Calling delphi to calculate conformer (414/550) ASP01A0233_001 in /tmp/pbe_data.data.home.granepura.5-Kinases.Kinases_MCCE.Trial01.run_holo.5L2I_ASP01A0233_001
ForkPoolWorker-3: Calling delphi to calculate conformer (415/550) ASP01A0233_002 in /tmp/pbe_data.data.home.granepura.5-Kinases.Kinases_MCCE.Trial01.run_holo.5L2I_ASP01A0233_002
ForkPoolWorker-5: Calling delphi to calculate conformer (416/550) ASP02A0233_003 in /tmp/pbe_data.data.home.granepura.5-Kinases.Kinases_MCCE.Trial01.run_holo.5L2I_ASP02A0233_003
ForkPoolWorker-1: Calling delphi to calculate conformer (417/550) ASP02A0233_004 in /tmp/pbe_data.data.home.granepura.5-Kinases.Kinases_MCCE.Trial01.run_holo.5L2I_ASP02A0233_004
ForkPoolWorker-4: Calling delphi to calculate conformer (418/550) ASP-1A0233_005 in /tmp/pbe_data.data.home.granepura.5-Kinases.Kinases_MCCE.Trial01.run_holo.5L2I_ASP-1A0233_005
Skipping PBE solver for non-charge conformer (419/550) VAL01A0234_001...
Skipping PBE solver for non-charge conformer (420/550) ILE01A0235_001...
Skipping PBE solver for non-charge conformer (421/550) LEU01A0237_001...
Skipping PBE solver for non-charge conformer (422/550) PRO01A0238_001...
ForkPoolWorker-2: Calling delphi to calculate conformer (423/550) GLU01A0240_001 in /tmp/pbe_data.data.home.granepura.5-Kinases.Kinases_MCCE.Trial01.run_holo.5L2I_GLU01A0240_001
ForkPoolWorker-3: Calling delphi to calculate conformer (424/550) GLU01A0240_002 in /tmp/pbe_data.data.home.granepura.5-Kinases.Kinases_MCCE.Trial01.run_holo.5L2I_GLU01A0240_002
ForkPoolWorker-5: Calling delphi to calculate conformer (425/550) GLU02A0240_003 in /tmp/pbe_data.data.home.granepura.5-Kinases.Kinases_MCCE.Trial01.run_holo.5L2I_GLU02A0240_003
ForkPoolWorker-1: Calling delphi to calculate conformer (426/550) GLU02A0240_004 in /tmp/pbe_data.data.home.granepura.5-Kinases.Kinases_MCCE.Trial01.run_holo.5L2I_GLU02A0240_004
ForkPoolWorker-4: Calling delphi to calculate conformer (427/550) GLU-1A0240_005 in /tmp/pbe_data.data.home.granepura.5-Kinases.Kinases_MCCE.Trial01.run_holo.5L2I_GLU-1A0240_005
ForkPoolWorker-2: Calling delphi to calculate conformer (428/550) GLU01A0241_001 in /tmp/pbe_data.data.home.granepura.5-Kinases.Kinases_MCCE.Trial01.run_holo.5L2I_GLU01A0241_001
ForkPoolWorker-3: Calling delphi to calculate conformer (429/550) GLU01A0241_002 in /tmp/pbe_data.data.home.granepura.5-Kinases.Kinases_MCCE.Trial01.run_holo.5L2I_GLU01A0241_002
ForkPoolWorker-5: Calling delphi to calculate conformer (430/550) GLU02A0241_003 in /tmp/pbe_data.data.home.granepura.5-Kinases.Kinases_MCCE.Trial01.run_holo.5L2I_GLU02A0241_003
ForkPoolWorker-1: Calling delphi to calculate conformer (431/550) GLU02A0241_004 in /tmp/pbe_data.data.home.granepura.5-Kinases.Kinases_MCCE.Trial01.run_holo.5L2I_GLU02A0241_004
ForkPoolWorker-4: Calling delphi to calculate conformer (432/550) GLU-1A0241_005 in /tmp/pbe_data.data.home.granepura.5-Kinases.Kinases_MCCE.Trial01.run_holo.5L2I_GLU-1A0241_005
ForkPoolWorker-2: Calling delphi to calculate conformer (433/550) ASP01A0242_001 in /tmp/pbe_data.data.home.granepura.5-Kinases.Kinases_MCCE.Trial01.run_holo.5L2I_ASP01A0242_001
ForkPoolWorker-3: Calling delphi to calculate conformer (434/550) ASP01A0242_002 in /tmp/pbe_data.data.home.granepura.5-Kinases.Kinases_MCCE.Trial01.run_holo.5L2I_ASP01A0242_002
ForkPoolWorker-5: Calling delphi to calculate conformer (435/550) ASP02A0242_003 in /tmp/pbe_data.data.home.granepura.5-Kinases.Kinases_MCCE.Trial01.run_holo.5L2I_ASP02A0242_003
ForkPoolWorker-4: Calling delphi to calculate conformer (436/550) ASP02A0242_004 in /tmp/pbe_data.data.home.granepura.5-Kinases.Kinases_MCCE.Trial01.run_holo.5L2I_ASP02A0242_004
ForkPoolWorker-1: Calling delphi to calculate conformer (437/550) ASP-1A0242_005 in /tmp/pbe_data.data.home.granepura.5-Kinases.Kinases_MCCE.Trial01.run_holo.5L2I_ASP-1A0242_005
Skipping PBE solver for non-charge conformer (438/550) TRP01A0243_001...
Skipping PBE solver for non-charge conformer (439/550) PRO01A0244_001...
ForkPoolWorker-2: Calling delphi to calculate conformer (440/550) ARG01A0245_001 in /tmp/pbe_data.data.home.granepura.5-Kinases.Kinases_MCCE.Trial01.run_holo.5L2I_ARG01A0245_001
ForkPoolWorker-3: Calling delphi to calculate conformer (441/550) ARG02A0245_002 in /tmp/pbe_data.data.home.granepura.5-Kinases.Kinases_MCCE.Trial01.run_holo.5L2I_ARG02A0245_002
ForkPoolWorker-5: Calling delphi to calculate conformer (442/550) ARG03A0245_003 in /tmp/pbe_data.data.home.granepura.5-Kinases.Kinases_MCCE.Trial01.run_holo.5L2I_ARG03A0245_003
ForkPoolWorker-4: Calling delphi to calculate conformer (443/550) ARG+1A0245_004 in /tmp/pbe_data.data.home.granepura.5-Kinases.Kinases_MCCE.Trial01.run_holo.5L2I_ARG+1A0245_004
ForkPoolWorker-1: Calling delphi to calculate conformer (444/550) ASP01A0246_001 in /tmp/pbe_data.data.home.granepura.5-Kinases.Kinases_MCCE.Trial01.run_holo.5L2I_ASP01A0246_001
ForkPoolWorker-2: Calling delphi to calculate conformer (445/550) ASP01A0246_002 in /tmp/pbe_data.data.home.granepura.5-Kinases.Kinases_MCCE.Trial01.run_holo.5L2I_ASP01A0246_002
ForkPoolWorker-3: Calling delphi to calculate conformer (446/550) ASP02A0246_003 in /tmp/pbe_data.data.home.granepura.5-Kinases.Kinases_MCCE.Trial01.run_holo.5L2I_ASP02A0246_003
ForkPoolWorker-5: Calling delphi to calculate conformer (447/550) ASP02A0246_004 in /tmp/pbe_data.data.home.granepura.5-Kinases.Kinases_MCCE.Trial01.run_holo.5L2I_ASP02A0246_004
ForkPoolWorker-4: Calling delphi to calculate conformer (448/550) ASP-1A0246_005 in /tmp/pbe_data.data.home.granepura.5-Kinases.Kinases_MCCE.Trial01.run_holo.5L2I_ASP-1A0246_005
Skipping PBE solver for non-charge conformer (449/550) VAL01A0247_001...
Skipping PBE solver for non-charge conformer (450/550) ALA01A0248_001...
Skipping PBE solver for non-charge conformer (451/550) LEU01A0249_001...
Skipping PBE solver for non-charge conformer (452/550) PRO01A0250_001...
ForkPoolWorker-1: Calling delphi to calculate conformer (453/550) ARG01A0251_001 in /tmp/pbe_data.data.home.granepura.5-Kinases.Kinases_MCCE.Trial01.run_holo.5L2I_ARG01A0251_001
ForkPoolWorker-2: Calling delphi to calculate conformer (454/550) ARG02A0251_002 in /tmp/pbe_data.data.home.granepura.5-Kinases.Kinases_MCCE.Trial01.run_holo.5L2I_ARG02A0251_002
ForkPoolWorker-3: Calling delphi to calculate conformer (455/550) ARG02A0251_003 in /tmp/pbe_data.data.home.granepura.5-Kinases.Kinases_MCCE.Trial01.run_holo.5L2I_ARG02A0251_003
ForkPoolWorker-5: Calling delphi to calculate conformer (456/550) ARG03A0251_004 in /tmp/pbe_data.data.home.granepura.5-Kinases.Kinases_MCCE.Trial01.run_holo.5L2I_ARG03A0251_004
ForkPoolWorker-4: Calling delphi to calculate conformer (457/550) ARG+1A0251_005 in /tmp/pbe_data.data.home.granepura.5-Kinases.Kinases_MCCE.Trial01.run_holo.5L2I_ARG+1A0251_005
ForkPoolWorker-1: Calling delphi to calculate conformer (458/550) GLN01A0252_001 in /tmp/pbe_data.data.home.granepura.5-Kinases.Kinases_MCCE.Trial01.run_holo.5L2I_GLN01A0252_001
ForkPoolWorker-2: Calling delphi to calculate conformer (459/550) GLN01A0252_002 in /tmp/pbe_data.data.home.granepura.5-Kinases.Kinases_MCCE.Trial01.run_holo.5L2I_GLN01A0252_002
ForkPoolWorker-5: Calling delphi to calculate conformer (460/550) GLN01A0252_003 in /tmp/pbe_data.data.home.granepura.5-Kinases.Kinases_MCCE.Trial01.run_holo.5L2I_GLN01A0252_003
Skipping PBE solver for non-charge conformer (461/550) ALA01A0253_001...
Skipping PBE solver for non-charge conformer (462/550) PHE01A0254_001...
ForkPoolWorker-3: Calling delphi to calculate conformer (463/550) LYS01A0257_001 in /tmp/pbe_data.data.home.granepura.5-Kinases.Kinases_MCCE.Trial01.run_holo.5L2I_LYS01A0257_001
ForkPoolWorker-4: Calling delphi to calculate conformer (464/550) LYS+1A0257_002 in /tmp/pbe_data.data.home.granepura.5-Kinases.Kinases_MCCE.Trial01.run_holo.5L2I_LYS+1A0257_002
ForkPoolWorker-1: Calling delphi to calculate conformer (465/550) SER01A0258_001 in /tmp/pbe_data.data.home.granepura.5-Kinases.Kinases_MCCE.Trial01.run_holo.5L2I_SER01A0258_001
ForkPoolWorker-2: Calling delphi to calculate conformer (466/550) SER01A0258_002 in /tmp/pbe_data.data.home.granepura.5-Kinases.Kinases_MCCE.Trial01.run_holo.5L2I_SER01A0258_002
Skipping PBE solver for non-charge conformer (467/550) ALA01A0259_001...
ForkPoolWorker-5: Calling delphi to calculate conformer (468/550) GLN01A0260_001 in /tmp/pbe_data.data.home.granepura.5-Kinases.Kinases_MCCE.Trial01.run_holo.5L2I_GLN01A0260_001
ForkPoolWorker-3: Calling delphi to calculate conformer (469/550) GLN01A0260_002 in /tmp/pbe_data.data.home.granepura.5-Kinases.Kinases_MCCE.Trial01.run_holo.5L2I_GLN01A0260_002
Skipping PBE solver for non-charge conformer (470/550) PRO01A0261_001...
Skipping PBE solver for non-charge conformer (471/550) ILE01A0262_001...
ForkPoolWorker-4: Calling delphi to calculate conformer (472/550) GLU01A0263_001 in /tmp/pbe_data.data.home.granepura.5-Kinases.Kinases_MCCE.Trial01.run_holo.5L2I_GLU01A0263_001
ForkPoolWorker-1: Calling delphi to calculate conformer (473/550) GLU01A0263_002 in /tmp/pbe_data.data.home.granepura.5-Kinases.Kinases_MCCE.Trial01.run_holo.5L2I_GLU01A0263_002
ForkPoolWorker-2: Calling delphi to calculate conformer (474/550) GLU02A0263_003 in /tmp/pbe_data.data.home.granepura.5-Kinases.Kinases_MCCE.Trial01.run_holo.5L2I_GLU02A0263_003
ForkPoolWorker-5: Calling delphi to calculate conformer (475/550) GLU02A0263_004 in /tmp/pbe_data.data.home.granepura.5-Kinases.Kinases_MCCE.Trial01.run_holo.5L2I_GLU02A0263_004
ForkPoolWorker-3: Calling delphi to calculate conformer (476/550) GLU-1A0263_005 in /tmp/pbe_data.data.home.granepura.5-Kinases.Kinases_MCCE.Trial01.run_holo.5L2I_GLU-1A0263_005
ForkPoolWorker-4: Calling delphi to calculate conformer (477/550) LYS01A0264_001 in /tmp/pbe_data.data.home.granepura.5-Kinases.Kinases_MCCE.Trial01.run_holo.5L2I_LYS01A0264_001
ForkPoolWorker-1: Calling delphi to calculate conformer (478/550) LYS+1A0264_002 in /tmp/pbe_data.data.home.granepura.5-Kinases.Kinases_MCCE.Trial01.run_holo.5L2I_LYS+1A0264_002
Skipping PBE solver for non-charge conformer (479/550) PHE01A0265_001...
Skipping PBE solver for non-charge conformer (480/550) VAL01A0266_001...
ForkPoolWorker-2: Calling delphi to calculate conformer (481/550) THR01A0267_001 in /tmp/pbe_data.data.home.granepura.5-Kinases.Kinases_MCCE.Trial01.run_holo.5L2I_THR01A0267_001
ForkPoolWorker-5: Calling delphi to calculate conformer (482/550) ASP01A0268_001 in /tmp/pbe_data.data.home.granepura.5-Kinases.Kinases_MCCE.Trial01.run_holo.5L2I_ASP01A0268_001
ForkPoolWorker-3: Calling delphi to calculate conformer (483/550) ASP01A0268_002 in /tmp/pbe_data.data.home.granepura.5-Kinases.Kinases_MCCE.Trial01.run_holo.5L2I_ASP01A0268_002
ForkPoolWorker-4: Calling delphi to calculate conformer (484/550) ASP02A0268_003 in /tmp/pbe_data.data.home.granepura.5-Kinases.Kinases_MCCE.Trial01.run_holo.5L2I_ASP02A0268_003
ForkPoolWorker-1: Calling delphi to calculate conformer (485/550) ASP02A0268_004 in /tmp/pbe_data.data.home.granepura.5-Kinases.Kinases_MCCE.Trial01.run_holo.5L2I_ASP02A0268_004
ForkPoolWorker-2: Calling delphi to calculate conformer (486/550) ASP-1A0268_005 in /tmp/pbe_data.data.home.granepura.5-Kinases.Kinases_MCCE.Trial01.run_holo.5L2I_ASP-1A0268_005
Skipping PBE solver for non-charge conformer (487/550) ILE01A0269_001...
ForkPoolWorker-3: Calling delphi to calculate conformer (488/550) ASP01A0270_001 in /tmp/pbe_data.data.home.granepura.5-Kinases.Kinases_MCCE.Trial01.run_holo.5L2I_ASP01A0270_001
ForkPoolWorker-5: Calling delphi to calculate conformer (489/550) ASP01A0270_002 in /tmp/pbe_data.data.home.granepura.5-Kinases.Kinases_MCCE.Trial01.run_holo.5L2I_ASP01A0270_002
ForkPoolWorker-4: Calling delphi to calculate conformer (490/550) ASP02A0270_003 in /tmp/pbe_data.data.home.granepura.5-Kinases.Kinases_MCCE.Trial01.run_holo.5L2I_ASP02A0270_003
ForkPoolWorker-1: Calling delphi to calculate conformer (491/550) ASP02A0270_004 in /tmp/pbe_data.data.home.granepura.5-Kinases.Kinases_MCCE.Trial01.run_holo.5L2I_ASP02A0270_004
ForkPoolWorker-2: Calling delphi to calculate conformer (492/550) ASP-1A0270_005 in /tmp/pbe_data.data.home.granepura.5-Kinases.Kinases_MCCE.Trial01.run_holo.5L2I_ASP-1A0270_005
ForkPoolWorker-3: Calling delphi to calculate conformer (493/550) GLU01A0271_001 in /tmp/pbe_data.data.home.granepura.5-Kinases.Kinases_MCCE.Trial01.run_holo.5L2I_GLU01A0271_001
ForkPoolWorker-5: Calling delphi to calculate conformer (494/550) GLU01A0271_002 in /tmp/pbe_data.data.home.granepura.5-Kinases.Kinases_MCCE.Trial01.run_holo.5L2I_GLU01A0271_002
ForkPoolWorker-4: Calling delphi to calculate conformer (495/550) GLU02A0271_003 in /tmp/pbe_data.data.home.granepura.5-Kinases.Kinases_MCCE.Trial01.run_holo.5L2I_GLU02A0271_003
ForkPoolWorker-1: Calling delphi to calculate conformer (496/550) GLU02A0271_004 in /tmp/pbe_data.data.home.granepura.5-Kinases.Kinases_MCCE.Trial01.run_holo.5L2I_GLU02A0271_004
ForkPoolWorker-2: Calling delphi to calculate conformer (497/550) GLU-1A0271_005 in /tmp/pbe_data.data.home.granepura.5-Kinases.Kinases_MCCE.Trial01.run_holo.5L2I_GLU-1A0271_005
Skipping PBE solver for non-charge conformer (498/550) LEU01A0272_001...
ForkPoolWorker-3: Calling delphi to calculate conformer (499/550) LYS01A0274_001 in /tmp/pbe_data.data.home.granepura.5-Kinases.Kinases_MCCE.Trial01.run_holo.5L2I_LYS01A0274_001
ForkPoolWorker-5: Calling delphi to calculate conformer (500/550) LYS+1A0274_002 in /tmp/pbe_data.data.home.granepura.5-Kinases.Kinases_MCCE.Trial01.run_holo.5L2I_LYS+1A0274_002
ForkPoolWorker-4: Calling delphi to calculate conformer (501/550) ASP01A0275_001 in /tmp/pbe_data.data.home.granepura.5-Kinases.Kinases_MCCE.Trial01.run_holo.5L2I_ASP01A0275_001
ForkPoolWorker-1: Calling delphi to calculate conformer (502/550) ASP01A0275_002 in /tmp/pbe_data.data.home.granepura.5-Kinases.Kinases_MCCE.Trial01.run_holo.5L2I_ASP01A0275_002
ForkPoolWorker-2: Calling delphi to calculate conformer (503/550) ASP02A0275_003 in /tmp/pbe_data.data.home.granepura.5-Kinases.Kinases_MCCE.Trial01.run_holo.5L2I_ASP02A0275_003
ForkPoolWorker-3: Calling delphi to calculate conformer (504/550) ASP02A0275_004 in /tmp/pbe_data.data.home.granepura.5-Kinases.Kinases_MCCE.Trial01.run_holo.5L2I_ASP02A0275_004
ForkPoolWorker-5: Calling delphi to calculate conformer (505/550) ASP-1A0275_005 in /tmp/pbe_data.data.home.granepura.5-Kinases.Kinases_MCCE.Trial01.run_holo.5L2I_ASP-1A0275_005
Skipping PBE solver for non-charge conformer (506/550) LEU01A0276_001...
Skipping PBE solver for non-charge conformer (507/550) LEU01A0277_001...
Skipping PBE solver for non-charge conformer (508/550) LEU01A0278_001...
ForkPoolWorker-4: Calling delphi to calculate conformer (509/550) LYS01A0279_001 in /tmp/pbe_data.data.home.granepura.5-Kinases.Kinases_MCCE.Trial01.run_holo.5L2I_LYS01A0279_001
ForkPoolWorker-1: Calling delphi to calculate conformer (510/550) LYS+1A0279_002 in /tmp/pbe_data.data.home.granepura.5-Kinases.Kinases_MCCE.Trial01.run_holo.5L2I_LYS+1A0279_002
ForkPoolWorker-2: Calling delphi to calculate conformer (511/550) CYS01A0280_001 in /tmp/pbe_data.data.home.granepura.5-Kinases.Kinases_MCCE.Trial01.run_holo.5L2I_CYS01A0280_001
ForkPoolWorker-3: Calling delphi to calculate conformer (512/550) CYS01A0280_002 in /tmp/pbe_data.data.home.granepura.5-Kinases.Kinases_MCCE.Trial01.run_holo.5L2I_CYS01A0280_002
ForkPoolWorker-5: Calling delphi to calculate conformer (513/550) CYS01A0280_003 in /tmp/pbe_data.data.home.granepura.5-Kinases.Kinases_MCCE.Trial01.run_holo.5L2I_CYS01A0280_003
ForkPoolWorker-4: Calling delphi to calculate conformer (514/550) CYS-1A0280_004 in /tmp/pbe_data.data.home.granepura.5-Kinases.Kinases_MCCE.Trial01.run_holo.5L2I_CYS-1A0280_004
Skipping PBE solver for non-charge conformer (515/550) LEU01A0281_001...
ForkPoolWorker-1: Calling delphi to calculate conformer (516/550) THR01A0282_001 in /tmp/pbe_data.data.home.granepura.5-Kinases.Kinases_MCCE.Trial01.run_holo.5L2I_THR01A0282_001
ForkPoolWorker-2: Calling delphi to calculate conformer (517/550) THR01A0282_002 in /tmp/pbe_data.data.home.granepura.5-Kinases.Kinases_MCCE.Trial01.run_holo.5L2I_THR01A0282_002
Skipping PBE solver for non-charge conformer (518/550) PHE01A0283_001...
ForkPoolWorker-3: Calling delphi to calculate conformer (519/550) ASN01A0284_001 in /tmp/pbe_data.data.home.granepura.5-Kinases.Kinases_MCCE.Trial01.run_holo.5L2I_ASN01A0284_001
ForkPoolWorker-5: Calling delphi to calculate conformer (520/550) ASN01A0284_002 in /tmp/pbe_data.data.home.granepura.5-Kinases.Kinases_MCCE.Trial01.run_holo.5L2I_ASN01A0284_002
Skipping PBE solver for non-charge conformer (521/550) PRO01A0285_001...
Skipping PBE solver for non-charge conformer (522/550) ALA01A0286_001...
ForkPoolWorker-4: Calling delphi to calculate conformer (523/550) LYS01A0287_001 in /tmp/pbe_data.data.home.granepura.5-Kinases.Kinases_MCCE.Trial01.run_holo.5L2I_LYS01A0287_001
ForkPoolWorker-1: Calling delphi to calculate conformer (524/550) LYS+1A0287_002 in /tmp/pbe_data.data.home.granepura.5-Kinases.Kinases_MCCE.Trial01.run_holo.5L2I_LYS+1A0287_002
ForkPoolWorker-2: Calling delphi to calculate conformer (525/550) ARG01A0288_001 in /tmp/pbe_data.data.home.granepura.5-Kinases.Kinases_MCCE.Trial01.run_holo.5L2I_ARG01A0288_001
ForkPoolWorker-3: Calling delphi to calculate conformer (526/550) ARG02A0288_002 in /tmp/pbe_data.data.home.granepura.5-Kinases.Kinases_MCCE.Trial01.run_holo.5L2I_ARG02A0288_002
ForkPoolWorker-5: Calling delphi to calculate conformer (527/550) ARG02A0288_003 in /tmp/pbe_data.data.home.granepura.5-Kinases.Kinases_MCCE.Trial01.run_holo.5L2I_ARG02A0288_003
ForkPoolWorker-4: Calling delphi to calculate conformer (528/550) ARG03A0288_004 in /tmp/pbe_data.data.home.granepura.5-Kinases.Kinases_MCCE.Trial01.run_holo.5L2I_ARG03A0288_004
ForkPoolWorker-1: Calling delphi to calculate conformer (529/550) ARG03A0288_005 in /tmp/pbe_data.data.home.granepura.5-Kinases.Kinases_MCCE.Trial01.run_holo.5L2I_ARG03A0288_005
ForkPoolWorker-2: Calling delphi to calculate conformer (530/550) ARG+1A0288_006 in /tmp/pbe_data.data.home.granepura.5-Kinases.Kinases_MCCE.Trial01.run_holo.5L2I_ARG+1A0288_006
Skipping PBE solver for non-charge conformer (531/550) ILE01A0289_001...
ForkPoolWorker-3: Calling delphi to calculate conformer (532/550) SER01A0290_001 in /tmp/pbe_data.data.home.granepura.5-Kinases.Kinases_MCCE.Trial01.run_holo.5L2I_SER01A0290_001
Skipping PBE solver for non-charge conformer (533/550) ALA01A0291_001...
ForkPoolWorker-5: Calling delphi to calculate conformer (534/550) TYR01A0292_001 in /tmp/pbe_data.data.home.granepura.5-Kinases.Kinases_MCCE.Trial01.run_holo.5L2I_TYR01A0292_001
ForkPoolWorker-4: Calling delphi to calculate conformer (535/550) TYR-1A0292_002 in /tmp/pbe_data.data.home.granepura.5-Kinases.Kinases_MCCE.Trial01.run_holo.5L2I_TYR-1A0292_002
ForkPoolWorker-1: Calling delphi to calculate conformer (536/550) SER01A0293_001 in /tmp/pbe_data.data.home.granepura.5-Kinases.Kinases_MCCE.Trial01.run_holo.5L2I_SER01A0293_001
Skipping PBE solver for non-charge conformer (537/550) ALA01A0294_001...
Skipping PBE solver for non-charge conformer (538/550) LEU01A0295_001...
ForkPoolWorker-2: Calling delphi to calculate conformer (539/550) SER01A0296_001 in /tmp/pbe_data.data.home.granepura.5-Kinases.Kinases_MCCE.Trial01.run_holo.5L2I_SER01A0296_001
ForkPoolWorker-3: Calling delphi to calculate conformer (540/550) HIS01A0297_001 in /tmp/pbe_data.data.home.granepura.5-Kinases.Kinases_MCCE.Trial01.run_holo.5L2I_HIS01A0297_001
ForkPoolWorker-5: Calling delphi to calculate conformer (541/550) HIS02A0297_002 in /tmp/pbe_data.data.home.granepura.5-Kinases.Kinases_MCCE.Trial01.run_holo.5L2I_HIS02A0297_002
ForkPoolWorker-4: Calling delphi to calculate conformer (542/550) HIS+1A0297_003 in /tmp/pbe_data.data.home.granepura.5-Kinases.Kinases_MCCE.Trial01.run_holo.5L2I_HIS+1A0297_003
Skipping PBE solver for non-charge conformer (543/550) PRO01A0298_001...
ForkPoolWorker-1: Calling delphi to calculate conformer (544/550) TYR01A0299_001 in /tmp/pbe_data.data.home.granepura.5-Kinases.Kinases_MCCE.Trial01.run_holo.5L2I_TYR01A0299_001
ForkPoolWorker-2: Calling delphi to calculate conformer (545/550) TYR-1A0299_002 in /tmp/pbe_data.data.home.granepura.5-Kinases.Kinases_MCCE.Trial01.run_holo.5L2I_TYR-1A0299_002
Skipping PBE solver for non-charge conformer (546/550) PHE01A0300_001...
ForkPoolWorker-5: Calling delphi to calculate conformer (547/550) GLN01A0301_001 in /tmp/pbe_data.data.home.granepura.5-Kinases.Kinases_MCCE.Trial01.run_holo.5L2I_GLN01A0301_001
ForkPoolWorker-3: Calling delphi to calculate conformer (548/550) GLN01A0301_002 in /tmp/pbe_data.data.home.granepura.5-Kinases.Kinases_MCCE.Trial01.run_holo.5L2I_GLN01A0301_002
ForkPoolWorker-4: Calling delphi to calculate conformer (549/550) LQQ01A0900_001 in /tmp/pbe_data.data.home.granepura.5-Kinases.Kinases_MCCE.Trial01.run_holo.5L2I_LQQ01A0900_001
ForkPoolWorker-1: Calling delphi to calculate conformer (550/550) LQQ+1A0900_002 in /tmp/pbe_data.data.home.granepura.5-Kinases.Kinases_MCCE.Trial01.run_holo.5L2I_LQQ+1A0900_002
